
> djadwal@28.11.25.Turso build
> vite build

node.exe : [33mThe 
CJS build of Vite's 
Node API is 
deprecated. See https
://vite.dev/guide/tro
ubleshooting.html#vit
e-cjs-node-api-deprec
ated for more 
details.[39m
Au caractère 
C:\Program Files\node
js\npm.ps1:29 : 3
+   & $NODE_EXE 
$NPM_CLI_JS $args
+   ~~~~~~~~~~~~~~~~~
~~~~~~~~~~~~
    + CategoryInfo   
           : NotSpe  
  cified: ([33mTh   
 e CJS bu...e det    
ails.[39m:Strin    
g) [], RemoteExc    
eption
    + FullyQualified 
   ErrorId : Native  
  CommandError
 
[36mvite v5.4.21 [32mbuilding for production...[36m[39m
transforming...
node_modules/@mui/ico
ns-material/esm/Delet
e.js (1:0): Module 
level directives 
cause errors when 
bundled, "use 
client" in "node_modu
les/@mui/icons-materi
al/esm/Delete.js" 
was ignored.
node_modules/@mui/ico
ns-material/esm/Calen
darToday.js (1:0): 
Module level 
directives cause 
errors when bundled, 
"use client" in "node
_modules/@mui/icons-m
aterial/esm/CalendarT
oday.js" was ignored.
node_modules/@mui/ico
ns-material/esm/Edit.
js (1:0): Module 
level directives 
cause errors when 
bundled, "use 
client" in "node_modu
les/@mui/icons-materi
al/esm/Edit.js" was 
ignored.
node_modules/@mui/ico
ns-material/esm/Add.j
s (1:0): Module 
level directives 
cause errors when 
bundled, "use 
client" in "node_modu
les/@mui/icons-materi
al/esm/Add.js" was 
ignored.
node_modules/@mui/ico
ns-material/esm/Print
.js (1:0): Module 
level directives 
cause errors when 
bundled, "use 
client" in "node_modu
les/@mui/icons-materi
al/esm/Print.js" was 
ignored.
node_modules/@mui/ico
ns-material/esm/AbcRo
unded.js (1:0): 
Module level 
directives cause 
errors when bundled, 
"use client" in "node
_modules/@mui/icons-m
aterial/esm/AbcRounde
d.js" was ignored.
node_modules/@mui/ico
ns-material/esm/AbcSh
arp.js (1:0): Module 
level directives 
cause errors when 
bundled, "use 
client" in "node_modu
les/@mui/icons-materi
al/esm/AbcSharp.js" 
was ignored.
node_modules/@mui/ico
ns-material/esm/AbcOu
tlined.js (1:0): 
Module level 
directives cause 
errors when bundled, 
"use client" in "node
_modules/@mui/icons-m
aterial/esm/AbcOutlin
ed.js" was ignored.
node_modules/@mui/ico
ns-material/esm/AbcTw
oTone.js (1:0): 
Module level 
directives cause 
errors when bundled, 
"use client" in "node
_modules/@mui/icons-m
aterial/esm/AbcTwoTon
e.js" was ignored.
node_modules/@mui/ico
ns-material/esm/AcUni
tRounded.js (1:0): 
Module level 
directives cause 
errors when bundled, 
"use client" in "node
_modules/@mui/icons-m
aterial/esm/AcUnitRou
nded.js" was ignored.
node_modules/@mui/ico
ns-material/esm/AcUni
tOutlined.js (1:0): 
Module level 
directives cause 
errors when bundled, 
"use client" in "node
_modules/@mui/icons-m
aterial/esm/AcUnitOut
lined.js" was 
ignored.
node_modules/@mui/ico
ns-material/esm/Abc.j
s (1:0): Module 
level directives 
cause errors when 
bundled, "use 
client" in "node_modu
les/@mui/icons-materi
al/esm/Abc.js" was 
ignored.
node_modules/@mui/ico
ns-material/esm/AcUni
t.js (1:0): Module 
level directives 
cause errors when 
bundled, "use 
client" in "node_modu
les/@mui/icons-materi
al/esm/AcUnit.js" 
was ignored.
node_modules/@mui/ico
ns-material/esm/AcUni
tSharp.js (1:0): 
Module level 
directives cause 
errors when bundled, 
"use client" in "node
_modules/@mui/icons-m
aterial/esm/AcUnitSha
rp.js" was ignored.
node_modules/@mui/ico
ns-material/esm/Acces
sAlarm.js (1:0): 
Module level 
directives cause 
errors when bundled, 
"use client" in "node
_modules/@mui/icons-m
aterial/esm/AccessAla
rm.js" was ignored.
node_modules/@mui/ico
ns-material/esm/Acces
sAlarmRounded.js 
(1:0): Module level 
directives cause 
errors when bundled, 
"use client" in "node
_modules/@mui/icons-m
aterial/esm/AccessAla
rmRounded.js" was 
ignored.
node_modules/@mui/ico
ns-material/esm/Acces
sAlarmOutlined.js 
(1:0): Module level 
directives cause 
errors when bundled, 
"use client" in "node
_modules/@mui/icons-m
aterial/esm/AccessAla
rmOutlined.js" was 
ignored.
node_modules/@mui/ico
ns-material/esm/AcUni
tTwoTone.js (1:0): 
Module level 
directives cause 
errors when bundled, 
"use client" in "node
_modules/@mui/icons-m
aterial/esm/AcUnitTwo
Tone.js" was ignored.
node_modules/@mui/ico
ns-material/esm/Acces
sAlarmsOutlined.js 
(1:0): Module level 
directives cause 
errors when bundled, 
"use client" in "node
_modules/@mui/icons-m
aterial/esm/AccessAla
rmsOutlined.js" was 
ignored.
node_modules/@mui/ico
ns-material/esm/Acces
sAlarms.js (1:0): 
Module level 
directives cause 
errors when bundled, 
"use client" in "node
_modules/@mui/icons-m
aterial/esm/AccessAla
rms.js" was ignored.
node_modules/@mui/ico
ns-material/esm/Acces
sAlarmSharp.js 
(1:0): Module level 
directives cause 
errors when bundled, 
"use client" in "node
_modules/@mui/icons-m
aterial/esm/AccessAla
rmSharp.js" was 
ignored.
node_modules/@mui/ico
ns-material/esm/Acces
sAlarmsSharp.js 
(1:0): Module level 
directives cause 
errors when bundled, 
"use client" in "node
_modules/@mui/icons-m
aterial/esm/AccessAla
rmsSharp.js" was 
ignored.
node_modules/@mui/ico
ns-material/esm/Acces
sAlarmsRounded.js 
(1:0): Module level 
directives cause 
errors when bundled, 
"use client" in "node
_modules/@mui/icons-m
aterial/esm/AccessAla
rmsRounded.js" was 
ignored.
node_modules/@mui/ico
ns-material/esm/Acces
sTimeFilled.js 
(1:0): Module level 
directives cause 
errors when bundled, 
"use client" in "node
_modules/@mui/icons-m
aterial/esm/AccessTim
eFilled.js" was 
ignored.
node_modules/@mui/ico
ns-material/esm/Acces
sAlarmsTwoTone.js 
(1:0): Module level 
directives cause 
errors when bundled, 
"use client" in "node
_modules/@mui/icons-m
aterial/esm/AccessAla
rmsTwoTone.js" was 
ignored.
node_modules/@mui/ico
ns-material/esm/Acces
sTime.js (1:0): 
Module level 
directives cause 
errors when bundled, 
"use client" in "node
_modules/@mui/icons-m
aterial/esm/AccessTim
e.js" was ignored.
node_modules/@mui/ico
ns-material/esm/Acces
sTimeFilledOutlined.j
s (1:0): Module 
level directives 
cause errors when 
bundled, "use 
client" in "node_modu
les/@mui/icons-materi
al/esm/AccessTimeFill
edOutlined.js" was 
ignored.
node_modules/@mui/ico
ns-material/esm/Acces
sTimeFilledRounded.js
 (1:0): Module level 
directives cause 
errors when bundled, 
"use client" in "node
_modules/@mui/icons-m
aterial/esm/AccessTim
eFilledRounded.js" 
was ignored.
node_modules/@mui/ico
ns-material/esm/Acces
sTimeFilledTwoTone.js
 (1:0): Module level 
directives cause 
errors when bundled, 
"use client" in "node
_modules/@mui/icons-m
aterial/esm/AccessTim
eFilledTwoTone.js" 
was ignored.
node_modules/@mui/ico
ns-material/esm/Acces
sTimeFilledSharp.js 
(1:0): Module level 
directives cause 
errors when bundled, 
"use client" in "node
_modules/@mui/icons-m
aterial/esm/AccessTim
eFilledSharp.js" was 
ignored.
node_modules/@mui/ico
ns-material/esm/Acces
sAlarmTwoTone.js 
(1:0): Module level 
directives cause 
errors when bundled, 
"use client" in "node
_modules/@mui/icons-m
aterial/esm/AccessAla
rmTwoTone.js" was 
ignored.
node_modules/@mui/ico
ns-material/esm/Acces
sTimeOutlined.js 
(1:0): Module level 
directives cause 
errors when bundled, 
"use client" in "node
_modules/@mui/icons-m
aterial/esm/AccessTim
eOutlined.js" was 
ignored.
node_modules/@mui/ico
ns-material/esm/Acces
sibility.js (1:0): 
Module level 
directives cause 
errors when bundled, 
"use client" in "node
_modules/@mui/icons-m
aterial/esm/Accessibi
lity.js" was ignored.
node_modules/@mui/ico
ns-material/esm/Acces
sibilityNewOutlined.j
s (1:0): Module 
level directives 
cause errors when 
bundled, "use 
client" in "node_modu
les/@mui/icons-materi
al/esm/AccessibilityN
ewOutlined.js" was 
ignored.
node_modules/@mui/ico
ns-material/esm/Acces
sTimeSharp.js (1:0): 
Module level 
directives cause 
errors when bundled, 
"use client" in "node
_modules/@mui/icons-m
aterial/esm/AccessTim
eSharp.js" was 
ignored.
node_modules/@mui/ico
ns-material/esm/Acces
sibilityNew.js 
(1:0): Module level 
directives cause 
errors when bundled, 
"use client" in "node
_modules/@mui/icons-m
aterial/esm/Accessibi
lityNew.js" was 
ignored.
node_modules/@mui/ico
ns-material/esm/Acces
sibilityNewSharp.js 
(1:0): Module level 
directives cause 
errors when bundled, 
"use client" in "node
_modules/@mui/icons-m
aterial/esm/Accessibi
lityNewSharp.js" was 
ignored.
node_modules/@mui/ico
ns-material/esm/Acces
sibilityNewRounded.js
 (1:0): Module level 
directives cause 
errors when bundled, 
"use client" in "node
_modules/@mui/icons-m
aterial/esm/Accessibi
lityNewRounded.js" 
was ignored.
node_modules/@mui/ico
ns-material/esm/Acces
sibilityRounded.js 
(1:0): Module level 
directives cause 
errors when bundled, 
"use client" in "node
_modules/@mui/icons-m
aterial/esm/Accessibi
lityRounded.js" was 
ignored.
node_modules/@mui/ico
ns-material/esm/Acces
sibilityNewTwoTone.js
 (1:0): Module level 
directives cause 
errors when bundled, 
"use client" in "node
_modules/@mui/icons-m
aterial/esm/Accessibi
lityNewTwoTone.js" 
was ignored.
node_modules/@mui/ico
ns-material/esm/Acces
sible.js (1:0): 
Module level 
directives cause 
errors when bundled, 
"use client" in "node
_modules/@mui/icons-m
aterial/esm/Accessibl
e.js" was ignored.
node_modules/@mui/ico
ns-material/esm/Acces
sibilitySharp.js 
(1:0): Module level 
directives cause 
errors when bundled, 
"use client" in "node
_modules/@mui/icons-m
aterial/esm/Accessibi
litySharp.js" was 
ignored.
node_modules/@mui/ico
ns-material/esm/Acces
sibilityOutlined.js 
(1:0): Module level 
directives cause 
errors when bundled, 
"use client" in "node
_modules/@mui/icons-m
aterial/esm/Accessibi
lityOutlined.js" was 
ignored.
node_modules/@mui/ico
ns-material/esm/Acces
sibleForwardOutlined.
js (1:0): Module 
level directives 
cause errors when 
bundled, "use 
client" in "node_modu
les/@mui/icons-materi
al/esm/AccessibleForw
ardOutlined.js" was 
ignored.
node_modules/@mui/ico
ns-material/esm/Acces
sTimeTwoTone.js 
(1:0): Module level 
directives cause 
errors when bundled, 
"use client" in "node
_modules/@mui/icons-m
aterial/esm/AccessTim
eTwoTone.js" was 
ignored.
node_modules/@mui/ico
ns-material/esm/Acces
sTimeRounded.js 
(1:0): Module level 
directives cause 
errors when bundled, 
"use client" in "node
_modules/@mui/icons-m
aterial/esm/AccessTim
eRounded.js" was 
ignored.
node_modules/@mui/ico
ns-material/esm/Acces
sibleForward.js 
(1:0): Module level 
directives cause 
errors when bundled, 
"use client" in "node
_modules/@mui/icons-m
aterial/esm/Accessibl
eForward.js" was 
ignored.
node_modules/@mui/ico
ns-material/esm/Acces
sibilityTwoTone.js 
(1:0): Module level 
directives cause 
errors when bundled, 
"use client" in "node
_modules/@mui/icons-m
aterial/esm/Accessibi
lityTwoTone.js" was 
ignored.
node_modules/@mui/ico
ns-material/esm/Acces
sibleOutlined.js 
(1:0): Module level 
directives cause 
errors when bundled, 
"use client" in "node
_modules/@mui/icons-m
aterial/esm/Accessibl
eOutlined.js" was 
ignored.
node_modules/@mui/ico
ns-material/esm/Acces
sibleForwardTwoTone.j
s (1:0): Module 
level directives 
cause errors when 
bundled, "use 
client" in "node_modu
les/@mui/icons-materi
al/esm/AccessibleForw
ardTwoTone.js" was 
ignored.
node_modules/@mui/ico
ns-material/esm/Acces
sibleRounded.js 
(1:0): Module level 
directives cause 
errors when bundled, 
"use client" in "node
_modules/@mui/icons-m
aterial/esm/Accessibl
eRounded.js" was 
ignored.
node_modules/@mui/ico
ns-material/esm/Acces
sibleSharp.js (1:0): 
Module level 
directives cause 
errors when bundled, 
"use client" in "node
_modules/@mui/icons-m
aterial/esm/Accessibl
eSharp.js" was 
ignored.
node_modules/@mui/ico
ns-material/esm/Acces
sibleForwardSharp.js 
(1:0): Module level 
directives cause 
errors when bundled, 
"use client" in "node
_modules/@mui/icons-m
aterial/esm/Accessibl
eForwardSharp.js" 
was ignored.
node_modules/@mui/ico
ns-material/esm/Acces
sibleForwardRounded.j
s (1:0): Module 
level directives 
cause errors when 
bundled, "use 
client" in "node_modu
les/@mui/icons-materi
al/esm/AccessibleForw
ardRounded.js" was 
ignored.
node_modules/@mui/ico
ns-material/esm/Accou
ntBalanceOutlined.js 
(1:0): Module level 
directives cause 
errors when bundled, 
"use client" in "node
_modules/@mui/icons-m
aterial/esm/AccountBa
lanceOutlined.js" 
was ignored.
node_modules/@mui/ico
ns-material/esm/Acces
sibleTwoTone.js 
(1:0): Module level 
directives cause 
errors when bundled, 
"use client" in "node
_modules/@mui/icons-m
aterial/esm/Accessibl
eTwoTone.js" was 
ignored.
node_modules/@mui/ico
ns-material/esm/Accou
ntBalanceSharp.js 
(1:0): Module level 
directives cause 
errors when bundled, 
"use client" in "node
_modules/@mui/icons-m
aterial/esm/AccountBa
lanceSharp.js" was 
ignored.
node_modules/@mui/ico
ns-material/esm/Accou
ntBalance.js (1:0): 
Module level 
directives cause 
errors when bundled, 
"use client" in "node
_modules/@mui/icons-m
aterial/esm/AccountBa
lance.js" was 
ignored.
node_modules/@mui/ico
ns-material/esm/Accou
ntBalanceRounded.js 
(1:0): Module level 
directives cause 
errors when bundled, 
"use client" in "node
_modules/@mui/icons-m
aterial/esm/AccountBa
lanceRounded.js" was 
ignored.
node_modules/@mui/ico
ns-material/esm/Accou
ntBalanceWalletOutlin
ed.js (1:0): Module 
level directives 
cause errors when 
bundled, "use 
client" in "node_modu
les/@mui/icons-materi
al/esm/AccountBalance
WalletOutlined.js" 
was ignored.
node_modules/@mui/ico
ns-material/esm/Accou
ntBalanceWalletRounde
d.js (1:0): Module 
level directives 
cause errors when 
bundled, "use 
client" in "node_modu
les/@mui/icons-materi
al/esm/AccountBalance
WalletRounded.js" 
was ignored.
node_modules/@mui/ico
ns-material/esm/Accou
ntBalanceTwoTone.js 
(1:0): Module level 
directives cause 
errors when bundled, 
"use client" in "node
_modules/@mui/icons-m
aterial/esm/AccountBa
lanceTwoTone.js" was 
ignored.
node_modules/@mui/ico
ns-material/esm/Accou
ntBalanceWalletSharp.
js (1:0): Module 
level directives 
cause errors when 
bundled, "use 
client" in "node_modu
les/@mui/icons-materi
al/esm/AccountBalance
WalletSharp.js" was 
ignored.
node_modules/@mui/ico
ns-material/esm/Accou
ntBox.js (1:0): 
Module level 
directives cause 
errors when bundled, 
"use client" in "node
_modules/@mui/icons-m
aterial/esm/AccountBo
x.js" was ignored.
node_modules/@mui/ico
ns-material/esm/Accou
ntBalanceWallet.js 
(1:0): Module level 
directives cause 
errors when bundled, 
"use client" in "node
_modules/@mui/icons-m
aterial/esm/AccountBa
lanceWallet.js" was 
ignored.
node_modules/@mui/ico
ns-material/esm/Accou
ntBoxRounded.js 
(1:0): Module level 
directives cause 
errors when bundled, 
"use client" in "node
_modules/@mui/icons-m
aterial/esm/AccountBo
xRounded.js" was 
ignored.
node_modules/@mui/ico
ns-material/esm/Accou
ntBalanceWalletTwoTon
e.js (1:0): Module 
level directives 
cause errors when 
bundled, "use 
client" in "node_modu
les/@mui/icons-materi
al/esm/AccountBalance
WalletTwoTone.js" 
was ignored.
node_modules/@mui/ico
ns-material/esm/Accou
ntBoxTwoTone.js 
(1:0): Module level 
directives cause 
errors when bundled, 
"use client" in "node
_modules/@mui/icons-m
aterial/esm/AccountBo
xTwoTone.js" was 
ignored.
node_modules/@mui/ico
ns-material/esm/Accou
ntBoxOutlined.js 
(1:0): Module level 
directives cause 
errors when bundled, 
"use client" in "node
_modules/@mui/icons-m
aterial/esm/AccountBo
xOutlined.js" was 
ignored.
node_modules/@mui/ico
ns-material/esm/Accou
ntBoxSharp.js (1:0): 
Module level 
directives cause 
errors when bundled, 
"use client" in "node
_modules/@mui/icons-m
aterial/esm/AccountBo
xSharp.js" was 
ignored.
node_modules/@mui/ico
ns-material/esm/Accou
ntCircleRounded.js 
(1:0): Module level 
directives cause 
errors when bundled, 
"use client" in "node
_modules/@mui/icons-m
aterial/esm/AccountCi
rcleRounded.js" was 
ignored.
node_modules/@mui/ico
ns-material/esm/Accou
ntCircleOutlined.js 
(1:0): Module level 
directives cause 
errors when bundled, 
"use client" in "node
_modules/@mui/icons-m
aterial/esm/AccountCi
rcleOutlined.js" was 
ignored.
node_modules/@mui/ico
ns-material/esm/Accou
ntCircleTwoTone.js 
(1:0): Module level 
directives cause 
errors when bundled, 
"use client" in "node
_modules/@mui/icons-m
aterial/esm/AccountCi
rcleTwoTone.js" was 
ignored.
node_modules/@mui/ico
ns-material/esm/Accou
ntCircleSharp.js 
(1:0): Module level 
directives cause 
errors when bundled, 
"use client" in "node
_modules/@mui/icons-m
aterial/esm/AccountCi
rcleSharp.js" was 
ignored.
node_modules/@mui/ico
ns-material/esm/Accou
ntTreeOutlined.js 
(1:0): Module level 
directives cause 
errors when bundled, 
"use client" in "node
_modules/@mui/icons-m
aterial/esm/AccountTr
eeOutlined.js" was 
ignored.
node_modules/@mui/ico
ns-material/esm/Accou
ntCircle.js (1:0): 
Module level 
directives cause 
errors when bundled, 
"use client" in "node
_modules/@mui/icons-m
aterial/esm/AccountCi
rcle.js" was ignored.
node_modules/@mui/ico
ns-material/esm/Accou
ntTree.js (1:0): 
Module level 
directives cause 
errors when bundled, 
"use client" in "node
_modules/@mui/icons-m
aterial/esm/AccountTr
ee.js" was ignored.
node_modules/@mui/ico
ns-material/esm/Accou
ntTreeSharp.js 
(1:0): Module level 
directives cause 
errors when bundled, 
"use client" in "node
_modules/@mui/icons-m
aterial/esm/AccountTr
eeSharp.js" was 
ignored.
node_modules/@mui/ico
ns-material/esm/Accou
ntTreeTwoTone.js 
(1:0): Module level 
directives cause 
errors when bundled, 
"use client" in "node
_modules/@mui/icons-m
aterial/esm/AccountTr
eeTwoTone.js" was 
ignored.
node_modules/@mui/ico
ns-material/esm/Accou
ntTreeRounded.js 
(1:0): Module level 
directives cause 
errors when bundled, 
"use client" in "node
_modules/@mui/icons-m
aterial/esm/AccountTr
eeRounded.js" was 
ignored.
node_modules/@mui/ico
ns-material/esm/AdUni
tsOutlined.js (1:0): 
Module level 
directives cause 
errors when bundled, 
"use client" in "node
_modules/@mui/icons-m
aterial/esm/AdUnitsOu
tlined.js" was 
ignored.
node_modules/@mui/ico
ns-material/esm/AdUni
tsRounded.js (1:0): 
Module level 
directives cause 
errors when bundled, 
"use client" in "node
_modules/@mui/icons-m
aterial/esm/AdUnitsRo
unded.js" was 
ignored.
node_modules/@mui/ico
ns-material/esm/AdUni
tsTwoTone.js (1:0): 
Module level 
directives cause 
errors when bundled, 
"use client" in "node
_modules/@mui/icons-m
aterial/esm/AdUnitsTw
oTone.js" was 
ignored.
node_modules/@mui/ico
ns-material/esm/AdbOu
tlined.js (1:0): 
Module level 
directives cause 
errors when bundled, 
"use client" in "node
_modules/@mui/icons-m
aterial/esm/AdbOutlin
ed.js" was ignored.
node_modules/@mui/ico
ns-material/esm/AdUni
ts.js (1:0): Module 
level directives 
cause errors when 
bundled, "use 
client" in "node_modu
les/@mui/icons-materi
al/esm/AdUnits.js" 
was ignored.
node_modules/@mui/ico
ns-material/esm/Adb.j
s (1:0): Module 
level directives 
cause errors when 
bundled, "use 
client" in "node_modu
les/@mui/icons-materi
al/esm/Adb.js" was 
ignored.
node_modules/@mui/ico
ns-material/esm/AdUni
tsSharp.js (1:0): 
Module level 
directives cause 
errors when bundled, 
"use client" in "node
_modules/@mui/icons-m
aterial/esm/AdUnitsSh
arp.js" was ignored.
node_modules/@mui/ico
ns-material/esm/AdbRo
unded.js (1:0): 
Module level 
directives cause 
errors when bundled, 
"use client" in "node
_modules/@mui/icons-m
aterial/esm/AdbRounde
d.js" was ignored.
node_modules/@mui/ico
ns-material/esm/AdbTw
oTone.js (1:0): 
Module level 
directives cause 
errors when bundled, 
"use client" in "node
_modules/@mui/icons-m
aterial/esm/AdbTwoTon
e.js" was ignored.
node_modules/@mui/ico
ns-material/esm/AdbSh
arp.js (1:0): Module 
level directives 
cause errors when 
bundled, "use 
client" in "node_modu
les/@mui/icons-materi
al/esm/AdbSharp.js" 
was ignored.
node_modules/@mui/ico
ns-material/esm/AddAP
hotoOutlined.js 
(1:0): Module level 
directives cause 
errors when bundled, 
"use client" in "node
_modules/@mui/icons-m
aterial/esm/AddAPhoto
Outlined.js" was 
ignored.
node_modules/@mui/ico
ns-material/esm/AddAP
hoto.js (1:0): 
Module level 
directives cause 
errors when bundled, 
"use client" in "node
_modules/@mui/icons-m
aterial/esm/AddAPhoto
.js" was ignored.
node_modules/@mui/ico
ns-material/esm/AddAP
hotoRounded.js 
(1:0): Module level 
directives cause 
errors when bundled, 
"use client" in "node
_modules/@mui/icons-m
aterial/esm/AddAPhoto
Rounded.js" was 
ignored.
node_modules/@mui/ico
ns-material/esm/AddAP
hotoSharp.js (1:0): 
Module level 
directives cause 
errors when bundled, 
"use client" in "node
_modules/@mui/icons-m
aterial/esm/AddAPhoto
Sharp.js" was 
ignored.
node_modules/@mui/ico
ns-material/esm/AddAP
hotoTwoTone.js 
(1:0): Module level 
directives cause 
errors when bundled, 
"use client" in "node
_modules/@mui/icons-m
aterial/esm/AddAPhoto
TwoTone.js" was 
ignored.
node_modules/@mui/ico
ns-material/esm/AddAl
arm.js (1:0): Module 
level directives 
cause errors when 
bundled, "use 
client" in "node_modu
les/@mui/icons-materi
al/esm/AddAlarm.js" 
was ignored.
node_modules/@mui/ico
ns-material/esm/AddAl
armRounded.js (1:0): 
Module level 
directives cause 
errors when bundled, 
"use client" in "node
_modules/@mui/icons-m
aterial/esm/AddAlarmR
ounded.js" was 
ignored.
node_modules/@mui/ico
ns-material/esm/AddAl
armTwoTone.js (1:0): 
Module level 
directives cause 
errors when bundled, 
"use client" in "node
_modules/@mui/icons-m
aterial/esm/AddAlarmT
woTone.js" was 
ignored.
node_modules/@mui/ico
ns-material/esm/AddAl
armOutlined.js 
(1:0): Module level 
directives cause 
errors when bundled, 
"use client" in "node
_modules/@mui/icons-m
aterial/esm/AddAlarmO
utlined.js" was 
ignored.
node_modules/@mui/ico
ns-material/esm/AddAl
armSharp.js (1:0): 
Module level 
directives cause 
errors when bundled, 
"use client" in "node
_modules/@mui/icons-m
aterial/esm/AddAlarmS
harp.js" was ignored.
node_modules/@mui/ico
ns-material/esm/AddAl
ertOutlined.js 
(1:0): Module level 
directives cause 
errors when bundled, 
"use client" in "node
_modules/@mui/icons-m
aterial/esm/AddAlertO
utlined.js" was 
ignored.
node_modules/@mui/ico
ns-material/esm/AddAl
ert.js (1:0): Module 
level directives 
cause errors when 
bundled, "use 
client" in "node_modu
les/@mui/icons-materi
al/esm/AddAlert.js" 
was ignored.
node_modules/@mui/ico
ns-material/esm/AddAl
ertSharp.js (1:0): 
Module level 
directives cause 
errors when bundled, 
"use client" in "node
_modules/@mui/icons-m
aterial/esm/AddAlertS
harp.js" was ignored.
node_modules/@mui/ico
ns-material/esm/AddBo
x.js (1:0): Module 
level directives 
cause errors when 
bundled, "use 
client" in "node_modu
les/@mui/icons-materi
al/esm/AddBox.js" 
was ignored.
node_modules/@mui/ico
ns-material/esm/AddAl
ertTwoTone.js (1:0): 
Module level 
directives cause 
errors when bundled, 
"use client" in "node
_modules/@mui/icons-m
aterial/esm/AddAlertT
woTone.js" was 
ignored.
node_modules/@mui/ico
ns-material/esm/AddBo
xOutlined.js (1:0): 
Module level 
directives cause 
errors when bundled, 
"use client" in "node
_modules/@mui/icons-m
aterial/esm/AddBoxOut
lined.js" was 
ignored.
node_modules/@mui/ico
ns-material/esm/AddBo
xSharp.js (1:0): 
Module level 
directives cause 
errors when bundled, 
"use client" in "node
_modules/@mui/icons-m
aterial/esm/AddBoxSha
rp.js" was ignored.
node_modules/@mui/ico
ns-material/esm/AddBo
xTwoTone.js (1:0): 
Module level 
directives cause 
errors when bundled, 
"use client" in "node
_modules/@mui/icons-m
aterial/esm/AddBoxTwo
Tone.js" was ignored.
node_modules/@mui/ico
ns-material/esm/AddBo
xRounded.js (1:0): 
Module level 
directives cause 
errors when bundled, 
"use client" in "node
_modules/@mui/icons-m
aterial/esm/AddBoxRou
nded.js" was ignored.
node_modules/@mui/ico
ns-material/esm/AddBu
siness.js (1:0): 
Module level 
directives cause 
errors when bundled, 
"use client" in "node
_modules/@mui/icons-m
aterial/esm/AddBusine
ss.js" was ignored.
node_modules/@mui/ico
ns-material/esm/AddAl
ertRounded.js (1:0): 
Module level 
directives cause 
errors when bundled, 
"use client" in "node
_modules/@mui/icons-m
aterial/esm/AddAlertR
ounded.js" was 
ignored.
node_modules/@mui/ico
ns-material/esm/AddBu
sinessRounded.js 
(1:0): Module level 
directives cause 
errors when bundled, 
"use client" in "node
_modules/@mui/icons-m
aterial/esm/AddBusine
ssRounded.js" was 
ignored.
node_modules/@mui/ico
ns-material/esm/AddBu
sinessOutlined.js 
(1:0): Module level 
directives cause 
errors when bundled, 
"use client" in "node
_modules/@mui/icons-m
aterial/esm/AddBusine
ssOutlined.js" was 
ignored.
node_modules/@mui/ico
ns-material/esm/AddBu
sinessTwoTone.js 
(1:0): Module level 
directives cause 
errors when bundled, 
"use client" in "node
_modules/@mui/icons-m
aterial/esm/AddBusine
ssTwoTone.js" was 
ignored.
node_modules/@mui/ico
ns-material/esm/AddBu
sinessSharp.js 
(1:0): Module level 
directives cause 
errors when bundled, 
"use client" in "node
_modules/@mui/icons-m
aterial/esm/AddBusine
ssSharp.js" was 
ignored.
node_modules/@mui/ico
ns-material/esm/AddCa
rd.js (1:0): Module 
level directives 
cause errors when 
bundled, "use 
client" in "node_modu
les/@mui/icons-materi
al/esm/AddCard.js" 
was ignored.
node_modules/@mui/ico
ns-material/esm/AddCa
rdSharp.js (1:0): 
Module level 
directives cause 
errors when bundled, 
"use client" in "node
_modules/@mui/icons-m
aterial/esm/AddCardSh
arp.js" was ignored.
node_modules/@mui/ico
ns-material/esm/AddCa
rdTwoTone.js (1:0): 
Module level 
directives cause 
errors when bundled, 
"use client" in "node
_modules/@mui/icons-m
aterial/esm/AddCardTw
oTone.js" was 
ignored.
node_modules/@mui/ico
ns-material/esm/AddCa
rdRounded.js (1:0): 
Module level 
directives cause 
errors when bundled, 
"use client" in "node
_modules/@mui/icons-m
aterial/esm/AddCardRo
unded.js" was 
ignored.
node_modules/@mui/ico
ns-material/esm/AddCa
rdOutlined.js (1:0): 
Module level 
directives cause 
errors when bundled, 
"use client" in "node
_modules/@mui/icons-m
aterial/esm/AddCardOu
tlined.js" was 
ignored.
node_modules/@mui/ico
ns-material/esm/AddCi
rcleOutlineOutlined.j
s (1:0): Module 
level directives 
cause errors when 
bundled, "use 
client" in "node_modu
les/@mui/icons-materi
al/esm/AddCircleOutli
neOutlined.js" was 
ignored.
node_modules/@mui/ico
ns-material/esm/AddCi
rcle.js (1:0): 
Module level 
directives cause 
errors when bundled, 
"use client" in "node
_modules/@mui/icons-m
aterial/esm/AddCircle
.js" was ignored.
node_modules/@mui/ico
ns-material/esm/AddCi
rcleOutlineRounded.js
 (1:0): Module level 
directives cause 
errors when bundled, 
"use client" in "node
_modules/@mui/icons-m
aterial/esm/AddCircle
OutlineRounded.js" 
was ignored.
node_modules/@mui/ico
ns-material/esm/AddCi
rcleOutline.js 
(1:0): Module level 
directives cause 
errors when bundled, 
"use client" in "node
_modules/@mui/icons-m
aterial/esm/AddCircle
Outline.js" was 
ignored.
node_modules/@mui/ico
ns-material/esm/AddCi
rcleOutlineSharp.js 
(1:0): Module level 
directives cause 
errors when bundled, 
"use client" in "node
_modules/@mui/icons-m
aterial/esm/AddCircle
OutlineSharp.js" was 
ignored.
node_modules/@mui/ico
ns-material/esm/AddCi
rcleRounded.js 
(1:0): Module level 
directives cause 
errors when bundled, 
"use client" in "node
_modules/@mui/icons-m
aterial/esm/AddCircle
Rounded.js" was 
ignored.
node_modules/@mui/ico
ns-material/esm/AddCi
rcleOutlined.js 
(1:0): Module level 
directives cause 
errors when bundled, 
"use client" in "node
_modules/@mui/icons-m
aterial/esm/AddCircle
Outlined.js" was 
ignored.
node_modules/@mui/ico
ns-material/esm/AddCi
rcleTwoTone.js 
(1:0): Module level 
directives cause 
errors when bundled, 
"use client" in "node
_modules/@mui/icons-m
aterial/esm/AddCircle
TwoTone.js" was 
ignored.
node_modules/@mui/ico
ns-material/esm/AddCi
rcleSharp.js (1:0): 
Module level 
directives cause 
errors when bundled, 
"use client" in "node
_modules/@mui/icons-m
aterial/esm/AddCircle
Sharp.js" was 
ignored.
node_modules/@mui/ico
ns-material/esm/AddCo
mment.js (1:0): 
Module level 
directives cause 
errors when bundled, 
"use client" in "node
_modules/@mui/icons-m
aterial/esm/AddCommen
t.js" was ignored.
node_modules/@mui/ico
ns-material/esm/AddCo
mmentSharp.js (1:0): 
Module level 
directives cause 
errors when bundled, 
"use client" in "node
_modules/@mui/icons-m
aterial/esm/AddCommen
tSharp.js" was 
ignored.
node_modules/@mui/ico
ns-material/esm/AddCi
rcleOutlineTwoTone.js
 (1:0): Module level 
directives cause 
errors when bundled, 
"use client" in "node
_modules/@mui/icons-m
aterial/esm/AddCircle
OutlineTwoTone.js" 
was ignored.
node_modules/@mui/ico
ns-material/esm/AddCo
mmentOutlined.js 
(1:0): Module level 
directives cause 
errors when bundled, 
"use client" in "node
_modules/@mui/icons-m
aterial/esm/AddCommen
tOutlined.js" was 
ignored.
node_modules/@mui/ico
ns-material/esm/AddCo
mmentRounded.js 
(1:0): Module level 
directives cause 
errors when bundled, 
"use client" in "node
_modules/@mui/icons-m
aterial/esm/AddCommen
tRounded.js" was 
ignored.
node_modules/@mui/ico
ns-material/esm/AddHo
me.js (1:0): Module 
level directives 
cause errors when 
bundled, "use 
client" in "node_modu
les/@mui/icons-materi
al/esm/AddHome.js" 
was ignored.
node_modules/@mui/ico
ns-material/esm/AddHo
meOutlined.js (1:0): 
Module level 
directives cause 
errors when bundled, 
"use client" in "node
_modules/@mui/icons-m
aterial/esm/AddHomeOu
tlined.js" was 
ignored.
node_modules/@mui/ico
ns-material/esm/AddCo
mmentTwoTone.js 
(1:0): Module level 
directives cause 
errors when bundled, 
"use client" in "node
_modules/@mui/icons-m
aterial/esm/AddCommen
tTwoTone.js" was 
ignored.
node_modules/@mui/ico
ns-material/esm/AddHo
meRounded.js (1:0): 
Module level 
directives cause 
errors when bundled, 
"use client" in "node
_modules/@mui/icons-m
aterial/esm/AddHomeRo
unded.js" was 
ignored.
node_modules/@mui/ico
ns-material/esm/AddHo
meWork.js (1:0): 
Module level 
directives cause 
errors when bundled, 
"use client" in "node
_modules/@mui/icons-m
aterial/esm/AddHomeWo
rk.js" was ignored.
node_modules/@mui/ico
ns-material/esm/AddHo
meSharp.js (1:0): 
Module level 
directives cause 
errors when bundled, 
"use client" in "node
_modules/@mui/icons-m
aterial/esm/AddHomeSh
arp.js" was ignored.
node_modules/@mui/ico
ns-material/esm/AddHo
meWorkRounded.js 
(1:0): Module level 
directives cause 
errors when bundled, 
"use client" in "node
_modules/@mui/icons-m
aterial/esm/AddHomeWo
rkRounded.js" was 
ignored.
node_modules/@mui/ico
ns-material/esm/AddHo
meWorkSharp.js 
(1:0): Module level 
directives cause 
errors when bundled, 
"use client" in "node
_modules/@mui/icons-m
aterial/esm/AddHomeWo
rkSharp.js" was 
ignored.
node_modules/@mui/ico
ns-material/esm/AddHo
meWorkOutlined.js 
(1:0): Module level 
directives cause 
errors when bundled, 
"use client" in "node
_modules/@mui/icons-m
aterial/esm/AddHomeWo
rkOutlined.js" was 
ignored.
node_modules/@mui/ico
ns-material/esm/AddHo
meWorkTwoTone.js 
(1:0): Module level 
directives cause 
errors when bundled, 
"use client" in "node
_modules/@mui/icons-m
aterial/esm/AddHomeWo
rkTwoTone.js" was 
ignored.
node_modules/@mui/ico
ns-material/esm/AddHo
meTwoTone.js (1:0): 
Module level 
directives cause 
errors when bundled, 
"use client" in "node
_modules/@mui/icons-m
aterial/esm/AddHomeTw
oTone.js" was 
ignored.
node_modules/@mui/ico
ns-material/esm/AddIc
Call.js (1:0): 
Module level 
directives cause 
errors when bundled, 
"use client" in "node
_modules/@mui/icons-m
aterial/esm/AddIcCall
.js" was ignored.
node_modules/@mui/ico
ns-material/esm/AddIc
CallRounded.js 
(1:0): Module level 
directives cause 
errors when bundled, 
"use client" in "node
_modules/@mui/icons-m
aterial/esm/AddIcCall
Rounded.js" was 
ignored.
node_modules/@mui/ico
ns-material/esm/AddIc
CallTwoTone.js 
(1:0): Module level 
directives cause 
errors when bundled, 
"use client" in "node
_modules/@mui/icons-m
aterial/esm/AddIcCall
TwoTone.js" was 
ignored.
node_modules/@mui/ico
ns-material/esm/AddIc
CallSharp.js (1:0): 
Module level 
directives cause 
errors when bundled, 
"use client" in "node
_modules/@mui/icons-m
aterial/esm/AddIcCall
Sharp.js" was 
ignored.
node_modules/@mui/ico
ns-material/esm/AddIc
CallOutlined.js 
(1:0): Module level 
directives cause 
errors when bundled, 
"use client" in "node
_modules/@mui/icons-m
aterial/esm/AddIcCall
Outlined.js" was 
ignored.
node_modules/@mui/ico
ns-material/esm/AddLi
nk.js (1:0): Module 
level directives 
cause errors when 
bundled, "use 
client" in "node_modu
les/@mui/icons-materi
al/esm/AddLink.js" 
was ignored.
node_modules/@mui/ico
ns-material/esm/AddLi
nkOutlined.js (1:0): 
Module level 
directives cause 
errors when bundled, 
"use client" in "node
_modules/@mui/icons-m
aterial/esm/AddLinkOu
tlined.js" was 
ignored.
node_modules/@mui/ico
ns-material/esm/AddLi
nkTwoTone.js (1:0): 
Module level 
directives cause 
errors when bundled, 
"use client" in "node
_modules/@mui/icons-m
aterial/esm/AddLinkTw
oTone.js" was 
ignored.
node_modules/@mui/ico
ns-material/esm/AddLi
nkRounded.js (1:0): 
Module level 
directives cause 
errors when bundled, 
"use client" in "node
_modules/@mui/icons-m
aterial/esm/AddLinkRo
unded.js" was 
ignored.
node_modules/@mui/ico
ns-material/esm/AddLo
cation.js (1:0): 
Module level 
directives cause 
errors when bundled, 
"use client" in "node
_modules/@mui/icons-m
aterial/esm/AddLocati
on.js" was ignored.
node_modules/@mui/ico
ns-material/esm/AddLi
nkSharp.js (1:0): 
Module level 
directives cause 
errors when bundled, 
"use client" in "node
_modules/@mui/icons-m
aterial/esm/AddLinkSh
arp.js" was ignored.
node_modules/@mui/ico
ns-material/esm/AddLo
cationAltOutlined.js 
(1:0): Module level 
directives cause 
errors when bundled, 
"use client" in "node
_modules/@mui/icons-m
aterial/esm/AddLocati
onAltOutlined.js" 
was ignored.
node_modules/@mui/ico
ns-material/esm/AddLo
cationAlt.js (1:0): 
Module level 
directives cause 
errors when bundled, 
"use client" in "node
_modules/@mui/icons-m
aterial/esm/AddLocati
onAlt.js" was 
ignored.
node_modules/@mui/ico
ns-material/esm/AddLo
cationAltSharp.js 
(1:0): Module level 
directives cause 
errors when bundled, 
"use client" in "node
_modules/@mui/icons-m
aterial/esm/AddLocati
onAltSharp.js" was 
ignored.
node_modules/@mui/ico
ns-material/esm/AddLo
cationOutlined.js 
(1:0): Module level 
directives cause 
errors when bundled, 
"use client" in "node
_modules/@mui/icons-m
aterial/esm/AddLocati
onOutlined.js" was 
ignored.
node_modules/@mui/ico
ns-material/esm/AddLo
cationAltTwoTone.js 
(1:0): Module level 
directives cause 
errors when bundled, 
"use client" in "node
_modules/@mui/icons-m
aterial/esm/AddLocati
onAltTwoTone.js" was 
ignored.
node_modules/@mui/ico
ns-material/esm/AddLo
cationAltRounded.js 
(1:0): Module level 
directives cause 
errors when bundled, 
"use client" in "node
_modules/@mui/icons-m
aterial/esm/AddLocati
onAltRounded.js" was 
ignored.
node_modules/@mui/ico
ns-material/esm/AddLo
cationRounded.js 
(1:0): Module level 
directives cause 
errors when bundled, 
"use client" in "node
_modules/@mui/icons-m
aterial/esm/AddLocati
onRounded.js" was 
ignored.
node_modules/@mui/ico
ns-material/esm/AddLo
cationSharp.js 
(1:0): Module level 
directives cause 
errors when bundled, 
"use client" in "node
_modules/@mui/icons-m
aterial/esm/AddLocati
onSharp.js" was 
ignored.
node_modules/@mui/ico
ns-material/esm/AddMo
deratorOutlined.js 
(1:0): Module level 
directives cause 
errors when bundled, 
"use client" in "node
_modules/@mui/icons-m
aterial/esm/AddModera
torOutlined.js" was 
ignored.
node_modules/@mui/ico
ns-material/esm/AddLo
cationTwoTone.js 
(1:0): Module level 
directives cause 
errors when bundled, 
"use client" in "node
_modules/@mui/icons-m
aterial/esm/AddLocati
onTwoTone.js" was 
ignored.
node_modules/@mui/ico
ns-material/esm/AddMo
deratorRounded.js 
(1:0): Module level 
directives cause 
errors when bundled, 
"use client" in "node
_modules/@mui/icons-m
aterial/esm/AddModera
torRounded.js" was 
ignored.
node_modules/@mui/ico
ns-material/esm/AddMo
derator.js (1:0): 
Module level 
directives cause 
errors when bundled, 
"use client" in "node
_modules/@mui/icons-m
aterial/esm/AddModera
tor.js" was ignored.
node_modules/@mui/ico
ns-material/esm/AddMo
deratorTwoTone.js 
(1:0): Module level 
directives cause 
errors when bundled, 
"use client" in "node
_modules/@mui/icons-m
aterial/esm/AddModera
torTwoTone.js" was 
ignored.
node_modules/@mui/ico
ns-material/esm/AddMo
deratorSharp.js 
(1:0): Module level 
directives cause 
errors when bundled, 
"use client" in "node
_modules/@mui/icons-m
aterial/esm/AddModera
torSharp.js" was 
ignored.
node_modules/@mui/ico
ns-material/esm/AddOu
tlined.js (1:0): 
Module level 
directives cause 
errors when bundled, 
"use client" in "node
_modules/@mui/icons-m
aterial/esm/AddOutlin
ed.js" was ignored.
node_modules/@mui/ico
ns-material/esm/AddPh
otoAlternateRounded.j
s (1:0): Module 
level directives 
cause errors when 
bundled, "use 
client" in "node_modu
les/@mui/icons-materi
al/esm/AddPhotoAltern
ateRounded.js" was 
ignored.
node_modules/@mui/ico
ns-material/esm/AddPh
otoAlternateOutlined.
js (1:0): Module 
level directives 
cause errors when 
bundled, "use 
client" in "node_modu
les/@mui/icons-materi
al/esm/AddPhotoAltern
ateOutlined.js" was 
ignored.
node_modules/@mui/ico
ns-material/esm/AddPh
otoAlternateTwoTone.j
s (1:0): Module 
level directives 
cause errors when 
bundled, "use 
client" in "node_modu
les/@mui/icons-materi
al/esm/AddPhotoAltern
ateTwoTone.js" was 
ignored.
node_modules/@mui/ico
ns-material/esm/AddPh
otoAlternate.js 
(1:0): Module level 
directives cause 
errors when bundled, 
"use client" in "node
_modules/@mui/icons-m
aterial/esm/AddPhotoA
lternate.js" was 
ignored.
node_modules/@mui/ico
ns-material/esm/AddPh
otoAlternateSharp.js 
(1:0): Module level 
directives cause 
errors when bundled, 
"use client" in "node
_modules/@mui/icons-m
aterial/esm/AddPhotoA
lternateSharp.js" 
was ignored.
node_modules/@mui/ico
ns-material/esm/AddRe
actionRounded.js 
(1:0): Module level 
directives cause 
errors when bundled, 
"use client" in "node
_modules/@mui/icons-m
aterial/esm/AddReacti
onRounded.js" was 
ignored.
node_modules/@mui/ico
ns-material/esm/AddRe
action.js (1:0): 
Module level 
directives cause 
errors when bundled, 
"use client" in "node
_modules/@mui/icons-m
aterial/esm/AddReacti
on.js" was ignored.
node_modules/@mui/ico
ns-material/esm/AddRe
actionOutlined.js 
(1:0): Module level 
directives cause 
errors when bundled, 
"use client" in "node
_modules/@mui/icons-m
aterial/esm/AddReacti
onOutlined.js" was 
ignored.
node_modules/@mui/ico
ns-material/esm/AddRo
adOutlined.js (1:0): 
Module level 
directives cause 
errors when bundled, 
"use client" in "node
_modules/@mui/icons-m
aterial/esm/AddRoadOu
tlined.js" was 
ignored.
node_modules/@mui/ico
ns-material/esm/AddRe
actionSharp.js 
(1:0): Module level 
directives cause 
errors when bundled, 
"use client" in "node
_modules/@mui/icons-m
aterial/esm/AddReacti
onSharp.js" was 
ignored.
node_modules/@mui/ico
ns-material/esm/AddRo
ad.js (1:0): Module 
level directives 
cause errors when 
bundled, "use 
client" in "node_modu
les/@mui/icons-materi
al/esm/AddRoad.js" 
was ignored.
node_modules/@mui/ico
ns-material/esm/AddRo
adRounded.js (1:0): 
Module level 
directives cause 
errors when bundled, 
"use client" in "node
_modules/@mui/icons-m
aterial/esm/AddRoadRo
unded.js" was 
ignored.
node_modules/@mui/ico
ns-material/esm/AddRo
adSharp.js (1:0): 
Module level 
directives cause 
errors when bundled, 
"use client" in "node
_modules/@mui/icons-m
aterial/esm/AddRoadSh
arp.js" was ignored.
node_modules/@mui/ico
ns-material/esm/AddRe
actionTwoTone.js 
(1:0): Module level 
directives cause 
errors when bundled, 
"use client" in "node
_modules/@mui/icons-m
aterial/esm/AddReacti
onTwoTone.js" was 
ignored.
node_modules/@mui/ico
ns-material/esm/AddRo
adTwoTone.js (1:0): 
Module level 
directives cause 
errors when bundled, 
"use client" in "node
_modules/@mui/icons-m
aterial/esm/AddRoadTw
oTone.js" was 
ignored.
node_modules/@mui/ico
ns-material/esm/AddSh
arp.js (1:0): Module 
level directives 
cause errors when 
bundled, "use 
client" in "node_modu
les/@mui/icons-materi
al/esm/AddSharp.js" 
was ignored.
node_modules/@mui/ico
ns-material/esm/AddRo
unded.js (1:0): 
Module level 
directives cause 
errors when bundled, 
"use client" in "node
_modules/@mui/icons-m
aterial/esm/AddRounde
d.js" was ignored.
node_modules/@mui/ico
ns-material/esm/AddSh
oppingCartOutlined.js
 (1:0): Module level 
directives cause 
errors when bundled, 
"use client" in "node
_modules/@mui/icons-m
aterial/esm/AddShoppi
ngCartOutlined.js" 
was ignored.
node_modules/@mui/ico
ns-material/esm/AddSh
oppingCartSharp.js 
(1:0): Module level 
directives cause 
errors when bundled, 
"use client" in "node
_modules/@mui/icons-m
aterial/esm/AddShoppi
ngCartSharp.js" was 
ignored.
node_modules/@mui/ico
ns-material/esm/AddTa
skOutlined.js (1:0): 
Module level 
directives cause 
errors when bundled, 
"use client" in "node
_modules/@mui/icons-m
aterial/esm/AddTaskOu
tlined.js" was 
ignored.
node_modules/@mui/ico
ns-material/esm/AddSh
oppingCartRounded.js 
(1:0): Module level 
directives cause 
errors when bundled, 
"use client" in "node
_modules/@mui/icons-m
aterial/esm/AddShoppi
ngCartRounded.js" 
was ignored.
node_modules/@mui/ico
ns-material/esm/AddTa
sk.js (1:0): Module 
level directives 
cause errors when 
bundled, "use 
client" in "node_modu
les/@mui/icons-materi
al/esm/AddTask.js" 
was ignored.
node_modules/@mui/ico
ns-material/esm/AddSh
oppingCart.js (1:0): 
Module level 
directives cause 
errors when bundled, 
"use client" in "node
_modules/@mui/icons-m
aterial/esm/AddShoppi
ngCart.js" was 
ignored.
node_modules/@mui/ico
ns-material/esm/AddSh
oppingCartTwoTone.js 
(1:0): Module level 
directives cause 
errors when bundled, 
"use client" in "node
_modules/@mui/icons-m
aterial/esm/AddShoppi
ngCartTwoTone.js" 
was ignored.
node_modules/@mui/ico
ns-material/esm/AddTa
skRounded.js (1:0): 
Module level 
directives cause 
errors when bundled, 
"use client" in "node
_modules/@mui/icons-m
aterial/esm/AddTaskRo
unded.js" was 
ignored.
node_modules/@mui/ico
ns-material/esm/AddTa
skSharp.js (1:0): 
Module level 
directives cause 
errors when bundled, 
"use client" in "node
_modules/@mui/icons-m
aterial/esm/AddTaskSh
arp.js" was ignored.
node_modules/@mui/ico
ns-material/esm/AddTo
Drive.js (1:0): 
Module level 
directives cause 
errors when bundled, 
"use client" in "node
_modules/@mui/icons-m
aterial/esm/AddToDriv
e.js" was ignored.
node_modules/@mui/ico
ns-material/esm/AddTa
skTwoTone.js (1:0): 
Module level 
directives cause 
errors when bundled, 
"use client" in "node
_modules/@mui/icons-m
aterial/esm/AddTaskTw
oTone.js" was 
ignored.
node_modules/@mui/ico
ns-material/esm/AddTo
DriveOutlined.js 
(1:0): Module level 
directives cause 
errors when bundled, 
"use client" in "node
_modules/@mui/icons-m
aterial/esm/AddToDriv
eOutlined.js" was 
ignored.
node_modules/@mui/ico
ns-material/esm/AddTo
DriveSharp.js (1:0): 
Module level 
directives cause 
errors when bundled, 
"use client" in "node
_modules/@mui/icons-m
aterial/esm/AddToDriv
eSharp.js" was 
ignored.
node_modules/@mui/ico
ns-material/esm/AddTo
DriveRounded.js 
(1:0): Module level 
directives cause 
errors when bundled, 
"use client" in "node
_modules/@mui/icons-m
aterial/esm/AddToDriv
eRounded.js" was 
ignored.
node_modules/@mui/ico
ns-material/esm/AddTo
DriveTwoTone.js 
(1:0): Module level 
directives cause 
errors when bundled, 
"use client" in "node
_modules/@mui/icons-m
aterial/esm/AddToDriv
eTwoTone.js" was 
ignored.
node_modules/@mui/ico
ns-material/esm/AddTo
HomeScreenRounded.js 
(1:0): Module level 
directives cause 
errors when bundled, 
"use client" in "node
_modules/@mui/icons-m
aterial/esm/AddToHome
ScreenRounded.js" 
was ignored.
node_modules/@mui/ico
ns-material/esm/AddTo
HomeScreenOutlined.js
 (1:0): Module level 
directives cause 
errors when bundled, 
"use client" in "node
_modules/@mui/icons-m
aterial/esm/AddToHome
ScreenOutlined.js" 
was ignored.
node_modules/@mui/ico
ns-material/esm/AddTo
HomeScreen.js (1:0): 
Module level 
directives cause 
errors when bundled, 
"use client" in "node
_modules/@mui/icons-m
aterial/esm/AddToHome
Screen.js" was 
ignored.
node_modules/@mui/ico
ns-material/esm/AddTo
HomeScreenTwoTone.js 
(1:0): Module level 
directives cause 
errors when bundled, 
"use client" in "node
_modules/@mui/icons-m
aterial/esm/AddToHome
ScreenTwoTone.js" 
was ignored.
node_modules/@mui/ico
ns-material/esm/AddTo
HomeScreenSharp.js 
(1:0): Module level 
directives cause 
errors when bundled, 
"use client" in "node
_modules/@mui/icons-m
aterial/esm/AddToHome
ScreenSharp.js" was 
ignored.
node_modules/@mui/ico
ns-material/esm/AddTo
PhotosOutlined.js 
(1:0): Module level 
directives cause 
errors when bundled, 
"use client" in "node
_modules/@mui/icons-m
aterial/esm/AddToPhot
osOutlined.js" was 
ignored.
node_modules/@mui/ico
ns-material/esm/AddTo
PhotosRounded.js 
(1:0): Module level 
directives cause 
errors when bundled, 
"use client" in "node
_modules/@mui/icons-m
aterial/esm/AddToPhot
osRounded.js" was 
ignored.
node_modules/@mui/ico
ns-material/esm/AddTo
PhotosSharp.js 
(1:0): Module level 
directives cause 
errors when bundled, 
"use client" in "node
_modules/@mui/icons-m
aterial/esm/AddToPhot
osSharp.js" was 
ignored.
node_modules/@mui/ico
ns-material/esm/AddTo
Queue.js (1:0): 
Module level 
directives cause 
errors when bundled, 
"use client" in "node
_modules/@mui/icons-m
aterial/esm/AddToQueu
e.js" was ignored.
node_modules/@mui/ico
ns-material/esm/AddTo
PhotosTwoTone.js 
(1:0): Module level 
directives cause 
errors when bundled, 
"use client" in "node
_modules/@mui/icons-m
aterial/esm/AddToPhot
osTwoTone.js" was 
ignored.
node_modules/@mui/ico
ns-material/esm/AddTo
Photos.js (1:0): 
Module level 
directives cause 
errors when bundled, 
"use client" in "node
_modules/@mui/icons-m
aterial/esm/AddToPhot
os.js" was ignored.
node_modules/@mui/ico
ns-material/esm/AddTo
QueueOutlined.js 
(1:0): Module level 
directives cause 
errors when bundled, 
"use client" in "node
_modules/@mui/icons-m
aterial/esm/AddToQueu
eOutlined.js" was 
ignored.
node_modules/@mui/ico
ns-material/esm/AddTo
QueueTwoTone.js 
(1:0): Module level 
directives cause 
errors when bundled, 
"use client" in "node
_modules/@mui/icons-m
aterial/esm/AddToQueu
eTwoTone.js" was 
ignored.
node_modules/@mui/ico
ns-material/esm/AddTo
QueueRounded.js 
(1:0): Module level 
directives cause 
errors when bundled, 
"use client" in "node
_modules/@mui/icons-m
aterial/esm/AddToQueu
eRounded.js" was 
ignored.
node_modules/@mui/ico
ns-material/esm/Addch
art.js (1:0): Module 
level directives 
cause errors when 
bundled, "use 
client" in "node_modu
les/@mui/icons-materi
al/esm/Addchart.js" 
was ignored.
node_modules/@mui/ico
ns-material/esm/AddTw
oTone.js (1:0): 
Module level 
directives cause 
errors when bundled, 
"use client" in "node
_modules/@mui/icons-m
aterial/esm/AddTwoTon
e.js" was ignored.
node_modules/@mui/ico
ns-material/esm/Addch
artRounded.js (1:0): 
Module level 
directives cause 
errors when bundled, 
"use client" in "node
_modules/@mui/icons-m
aterial/esm/AddchartR
ounded.js" was 
ignored.
node_modules/@mui/ico
ns-material/esm/Addch
artOutlined.js 
(1:0): Module level 
directives cause 
errors when bundled, 
"use client" in "node
_modules/@mui/icons-m
aterial/esm/AddchartO
utlined.js" was 
ignored.
node_modules/@mui/ico
ns-material/esm/Addch
artSharp.js (1:0): 
Module level 
directives cause 
errors when bundled, 
"use client" in "node
_modules/@mui/icons-m
aterial/esm/AddchartS
harp.js" was ignored.
node_modules/@mui/ico
ns-material/esm/AdfSc
anner.js (1:0): 
Module level 
directives cause 
errors when bundled, 
"use client" in "node
_modules/@mui/icons-m
aterial/esm/AdfScanne
r.js" was ignored.
node_modules/@mui/ico
ns-material/esm/Addch
artTwoTone.js (1:0): 
Module level 
directives cause 
errors when bundled, 
"use client" in "node
_modules/@mui/icons-m
aterial/esm/AddchartT
woTone.js" was 
ignored.
node_modules/@mui/ico
ns-material/esm/AdfSc
annerOutlined.js 
(1:0): Module level 
directives cause 
errors when bundled, 
"use client" in "node
_modules/@mui/icons-m
aterial/esm/AdfScanne
rOutlined.js" was 
ignored.
node_modules/@mui/ico
ns-material/esm/AdfSc
annerRounded.js 
(1:0): Module level 
directives cause 
errors when bundled, 
"use client" in "node
_modules/@mui/icons-m
aterial/esm/AdfScanne
rRounded.js" was 
ignored.
node_modules/@mui/ico
ns-material/esm/AdfSc
annerSharp.js (1:0): 
Module level 
directives cause 
errors when bundled, 
"use client" in "node
_modules/@mui/icons-m
aterial/esm/AdfScanne
rSharp.js" was 
ignored.
node_modules/@mui/ico
ns-material/esm/Adjus
t.js (1:0): Module 
level directives 
cause errors when 
bundled, "use 
client" in "node_modu
les/@mui/icons-materi
al/esm/Adjust.js" 
was ignored.
node_modules/@mui/ico
ns-material/esm/AdfSc
annerTwoTone.js 
(1:0): Module level 
directives cause 
errors when bundled, 
"use client" in "node
_modules/@mui/icons-m
aterial/esm/AdfScanne
rTwoTone.js" was 
ignored.
node_modules/@mui/ico
ns-material/esm/Adjus
tRounded.js (1:0): 
Module level 
directives cause 
errors when bundled, 
"use client" in "node
_modules/@mui/icons-m
aterial/esm/AdjustRou
nded.js" was ignored.
node_modules/@mui/ico
ns-material/esm/Adjus
tSharp.js (1:0): 
Module level 
directives cause 
errors when bundled, 
"use client" in "node
_modules/@mui/icons-m
aterial/esm/AdjustSha
rp.js" was ignored.
node_modules/@mui/ico
ns-material/esm/Adjus
tOutlined.js (1:0): 
Module level 
directives cause 
errors when bundled, 
"use client" in "node
_modules/@mui/icons-m
aterial/esm/AdjustOut
lined.js" was 
ignored.
node_modules/@mui/ico
ns-material/esm/Admin
PanelSettings.js 
(1:0): Module level 
directives cause 
errors when bundled, 
"use client" in "node
_modules/@mui/icons-m
aterial/esm/AdminPane
lSettings.js" was 
ignored.
node_modules/@mui/ico
ns-material/esm/AddTo
QueueSharp.js (1:0): 
Module level 
directives cause 
errors when bundled, 
"use client" in "node
_modules/@mui/icons-m
aterial/esm/AddToQueu
eSharp.js" was 
ignored.
node_modules/@mui/ico
ns-material/esm/Admin
PanelSettingsOutlined
.js (1:0): Module 
level directives 
cause errors when 
bundled, "use 
client" in "node_modu
les/@mui/icons-materi
al/esm/AdminPanelSett
ingsOutlined.js" was 
ignored.
node_modules/@mui/ico
ns-material/esm/Adjus
tTwoTone.js (1:0): 
Module level 
directives cause 
errors when bundled, 
"use client" in "node
_modules/@mui/icons-m
aterial/esm/AdjustTwo
Tone.js" was ignored.
node_modules/@mui/ico
ns-material/esm/Admin
PanelSettingsTwoTone.
js (1:0): Module 
level directives 
cause errors when 
bundled, "use 
client" in "node_modu
les/@mui/icons-materi
al/esm/AdminPanelSett
ingsTwoTone.js" was 
ignored.
node_modules/@mui/ico
ns-material/esm/Admin
PanelSettingsRounded.
js (1:0): Module 
level directives 
cause errors when 
bundled, "use 
client" in "node_modu
les/@mui/icons-materi
al/esm/AdminPanelSett
ingsRounded.js" was 
ignored.
node_modules/@mui/ico
ns-material/esm/Admin
PanelSettingsSharp.js
 (1:0): Module level 
directives cause 
errors when bundled, 
"use client" in "node
_modules/@mui/icons-m
aterial/esm/AdminPane
lSettingsSharp.js" 
was ignored.
node_modules/@mui/ico
ns-material/esm/AdsCl
ickRounded.js (1:0): 
Module level 
directives cause 
errors when bundled, 
"use client" in "node
_modules/@mui/icons-m
aterial/esm/AdsClickR
ounded.js" was 
ignored.
node_modules/@mui/ico
ns-material/esm/AdsCl
ickSharp.js (1:0): 
Module level 
directives cause 
errors when bundled, 
"use client" in "node
_modules/@mui/icons-m
aterial/esm/AdsClickS
harp.js" was ignored.
node_modules/@mui/ico
ns-material/esm/AdsCl
ickOutlined.js 
(1:0): Module level 
directives cause 
errors when bundled, 
"use client" in "node
_modules/@mui/icons-m
aterial/esm/AdsClickO
utlined.js" was 
ignored.
node_modules/@mui/ico
ns-material/esm/AdsCl
ick.js (1:0): Module 
level directives 
cause errors when 
bundled, "use 
client" in "node_modu
les/@mui/icons-materi
al/esm/AdsClick.js" 
was ignored.
node_modules/@mui/ico
ns-material/esm/Agric
ultureSharp.js 
(1:0): Module level 
directives cause 
errors when bundled, 
"use client" in "node
_modules/@mui/icons-m
aterial/esm/Agricultu
reSharp.js" was 
ignored.
node_modules/@mui/ico
ns-material/esm/Agric
ultureRounded.js 
(1:0): Module level 
directives cause 
errors when bundled, 
"use client" in "node
_modules/@mui/icons-m
aterial/esm/Agricultu
reRounded.js" was 
ignored.
node_modules/@mui/ico
ns-material/esm/Agric
ultureTwoTone.js 
(1:0): Module level 
directives cause 
errors when bundled, 
"use client" in "node
_modules/@mui/icons-m
aterial/esm/Agricultu
reTwoTone.js" was 
ignored.
node_modules/@mui/ico
ns-material/esm/Air.j
s (1:0): Module 
level directives 
cause errors when 
bundled, "use 
client" in "node_modu
les/@mui/icons-materi
al/esm/Air.js" was 
ignored.
node_modules/@mui/ico
ns-material/esm/Agric
ulture.js (1:0): 
Module level 
directives cause 
errors when bundled, 
"use client" in "node
_modules/@mui/icons-m
aterial/esm/Agricultu
re.js" was ignored.
node_modules/@mui/ico
ns-material/esm/Agric
ultureOutlined.js 
(1:0): Module level 
directives cause 
errors when bundled, 
"use client" in "node
_modules/@mui/icons-m
aterial/esm/Agricultu
reOutlined.js" was 
ignored.
node_modules/@mui/ico
ns-material/esm/AirRo
unded.js (1:0): 
Module level 
directives cause 
errors when bundled, 
"use client" in "node
_modules/@mui/icons-m
aterial/esm/AirRounde
d.js" was ignored.
node_modules/@mui/ico
ns-material/esm/AirTw
oTone.js (1:0): 
Module level 
directives cause 
errors when bundled, 
"use client" in "node
_modules/@mui/icons-m
aterial/esm/AirTwoTon
e.js" was ignored.
node_modules/@mui/ico
ns-material/esm/AirOu
tlined.js (1:0): 
Module level 
directives cause 
errors when bundled, 
"use client" in "node
_modules/@mui/icons-m
aterial/esm/AirOutlin
ed.js" was ignored.
node_modules/@mui/ico
ns-material/esm/AirSh
arp.js (1:0): Module 
level directives 
cause errors when 
bundled, "use 
client" in "node_modu
les/@mui/icons-materi
al/esm/AirSharp.js" 
was ignored.
node_modules/@mui/ico
ns-material/esm/AdsCl
ickTwoTone.js (1:0): 
Module level 
directives cause 
errors when bundled, 
"use client" in "node
_modules/@mui/icons-m
aterial/esm/AdsClickT
woTone.js" was 
ignored.
node_modules/@mui/ico
ns-material/esm/Airli
neSeatFlatAngled.js 
(1:0): Module level 
directives cause 
errors when bundled, 
"use client" in "node
_modules/@mui/icons-m
aterial/esm/AirlineSe
atFlatAngled.js" was 
ignored.
node_modules/@mui/ico
ns-material/esm/Airli
neSeatFlat.js (1:0): 
Module level 
directives cause 
errors when bundled, 
"use client" in "node
_modules/@mui/icons-m
aterial/esm/AirlineSe
atFlat.js" was 
ignored.
node_modules/@mui/ico
ns-material/esm/Airli
neSeatFlatAngledSharp
.js (1:0): Module 
level directives 
cause errors when 
bundled, "use 
client" in "node_modu
les/@mui/icons-materi
al/esm/AirlineSeatFla
tAngledSharp.js" was 
ignored.
node_modules/@mui/ico
ns-material/esm/Airli
neSeatFlatAngledOutli
ned.js (1:0): Module 
level directives 
cause errors when 
bundled, "use 
client" in "node_modu
les/@mui/icons-materi
al/esm/AirlineSeatFla
tAngledOutlined.js" 
was ignored.
node_modules/@mui/ico
ns-material/esm/Airli
neSeatFlatAngledTwoTo
ne.js (1:0): Module 
level directives 
cause errors when 
bundled, "use 
client" in "node_modu
les/@mui/icons-materi
al/esm/AirlineSeatFla
tAngledTwoTone.js" 
was ignored.
node_modules/@mui/ico
ns-material/esm/Airli
neSeatFlatAngledRound
ed.js (1:0): Module 
level directives 
cause errors when 
bundled, "use 
client" in "node_modu
les/@mui/icons-materi
al/esm/AirlineSeatFla
tAngledRounded.js" 
was ignored.
node_modules/@mui/ico
ns-material/esm/Airli
neSeatFlatOutlined.js
 (1:0): Module level 
directives cause 
errors when bundled, 
"use client" in "node
_modules/@mui/icons-m
aterial/esm/AirlineSe
atFlatOutlined.js" 
was ignored.
node_modules/@mui/ico
ns-material/esm/Airli
neSeatFlatTwoTone.js 
(1:0): Module level 
directives cause 
errors when bundled, 
"use client" in "node
_modules/@mui/icons-m
aterial/esm/AirlineSe
atFlatTwoTone.js" 
was ignored.
node_modules/@mui/ico
ns-material/esm/Airli
neSeatFlatRounded.js 
(1:0): Module level 
directives cause 
errors when bundled, 
"use client" in "node
_modules/@mui/icons-m
aterial/esm/AirlineSe
atFlatRounded.js" 
was ignored.
node_modules/@mui/ico
ns-material/esm/Airli
neSeatIndividualSuite
.js (1:0): Module 
level directives 
cause errors when 
bundled, "use 
client" in "node_modu
les/@mui/icons-materi
al/esm/AirlineSeatInd
ividualSuite.js" was 
ignored.
node_modules/@mui/ico
ns-material/esm/Airli
neSeatIndividualSuite
Sharp.js (1:0): 
Module level 
directives cause 
errors when bundled, 
"use client" in "node
_modules/@mui/icons-m
aterial/esm/AirlineSe
atIndividualSuiteShar
p.js" was ignored.
node_modules/@mui/ico
ns-material/esm/Airli
neSeatFlatSharp.js 
(1:0): Module level 
directives cause 
errors when bundled, 
"use client" in "node
_modules/@mui/icons-m
aterial/esm/AirlineSe
atFlatSharp.js" was 
ignored.
node_modules/@mui/ico
ns-material/esm/Airli
neSeatIndividualSuite
Rounded.js (1:0): 
Module level 
directives cause 
errors when bundled, 
"use client" in "node
_modules/@mui/icons-m
aterial/esm/AirlineSe
atIndividualSuiteRoun
ded.js" was ignored.
node_modules/@mui/ico
ns-material/esm/Airli
neSeatIndividualSuite
TwoTone.js (1:0): 
Module level 
directives cause 
errors when bundled, 
"use client" in "node
_modules/@mui/icons-m
aterial/esm/AirlineSe
atIndividualSuiteTwoT
one.js" was ignored.
node_modules/@mui/ico
ns-material/esm/Airli
neSeatLegroomExtra.js
 (1:0): Module level 
directives cause 
errors when bundled, 
"use client" in "node
_modules/@mui/icons-m
aterial/esm/AirlineSe
atLegroomExtra.js" 
was ignored.
node_modules/@mui/ico
ns-material/esm/Airli
neSeatIndividualSuite
Outlined.js (1:0): 
Module level 
directives cause 
errors when bundled, 
"use client" in "node
_modules/@mui/icons-m
aterial/esm/AirlineSe
atIndividualSuiteOutl
ined.js" was ignored.
node_modules/@mui/ico
ns-material/esm/Airli
neSeatLegroomExtraOut
lined.js (1:0): 
Module level 
directives cause 
errors when bundled, 
"use client" in "node
_modules/@mui/icons-m
aterial/esm/AirlineSe
atLegroomExtraOutline
d.js" was ignored.
node_modules/@mui/ico
ns-material/esm/Airli
neSeatLegroomExtraSha
rp.js (1:0): Module 
level directives 
cause errors when 
bundled, "use 
client" in "node_modu
les/@mui/icons-materi
al/esm/AirlineSeatLeg
roomExtraSharp.js" 
was ignored.
node_modules/@mui/ico
ns-material/esm/Airli
neSeatLegroomExtraRou
nded.js (1:0): 
Module level 
directives cause 
errors when bundled, 
"use client" in "node
_modules/@mui/icons-m
aterial/esm/AirlineSe
atLegroomExtraRounded
.js" was ignored.
node_modules/@mui/ico
ns-material/esm/Airli
neSeatLegroomNormal.j
s (1:0): Module 
level directives 
cause errors when 
bundled, "use 
client" in "node_modu
les/@mui/icons-materi
al/esm/AirlineSeatLeg
roomNormal.js" was 
ignored.
node_modules/@mui/ico
ns-material/esm/Airli
neSeatLegroomNormalRo
unded.js (1:0): 
Module level 
directives cause 
errors when bundled, 
"use client" in "node
_modules/@mui/icons-m
aterial/esm/AirlineSe
atLegroomNormalRounde
d.js" was ignored.
node_modules/@mui/ico
ns-material/esm/Airli
neSeatLegroomNormalTw
oTone.js (1:0): 
Module level 
directives cause 
errors when bundled, 
"use client" in "node
_modules/@mui/icons-m
aterial/esm/AirlineSe
atLegroomNormalTwoTon
e.js" was ignored.
node_modules/@mui/ico
ns-material/esm/Airli
neSeatLegroomNormalSh
arp.js (1:0): Module 
level directives 
cause errors when 
bundled, "use 
client" in "node_modu
les/@mui/icons-materi
al/esm/AirlineSeatLeg
roomNormalSharp.js" 
was ignored.
node_modules/@mui/ico
ns-material/esm/Airli
neSeatLegroomReducedO
utlined.js (1:0): 
Module level 
directives cause 
errors when bundled, 
"use client" in "node
_modules/@mui/icons-m
aterial/esm/AirlineSe
atLegroomReducedOutli
ned.js" was ignored.
node_modules/@mui/ico
ns-material/esm/Airli
neSeatLegroomNormalOu
tlined.js (1:0): 
Module level 
directives cause 
errors when bundled, 
"use client" in "node
_modules/@mui/icons-m
aterial/esm/AirlineSe
atLegroomNormalOutlin
ed.js" was ignored.
node_modules/@mui/ico
ns-material/esm/Airli
neSeatLegroomReducedR
ounded.js (1:0): 
Module level 
directives cause 
errors when bundled, 
"use client" in "node
_modules/@mui/icons-m
aterial/esm/AirlineSe
atLegroomReducedRound
ed.js" was ignored.
node_modules/@mui/ico
ns-material/esm/Airli
neSeatLegroomReduced.
js (1:0): Module 
level directives 
cause errors when 
bundled, "use 
client" in "node_modu
les/@mui/icons-materi
al/esm/AirlineSeatLeg
roomReduced.js" was 
ignored.
node_modules/@mui/ico
ns-material/esm/Airli
neSeatLegroomExtraTwo
Tone.js (1:0): 
Module level 
directives cause 
errors when bundled, 
"use client" in "node
_modules/@mui/icons-m
aterial/esm/AirlineSe
atLegroomExtraTwoTone
.js" was ignored.
node_modules/@mui/ico
ns-material/esm/Airli
neSeatLegroomReducedS
harp.js (1:0): 
Module level 
directives cause 
errors when bundled, 
"use client" in "node
_modules/@mui/icons-m
aterial/esm/AirlineSe
atLegroomReducedSharp
.js" was ignored.
node_modules/@mui/ico
ns-material/esm/Airli
neSeatReclineExtraOut
lined.js (1:0): 
Module level 
directives cause 
errors when bundled, 
"use client" in "node
_modules/@mui/icons-m
aterial/esm/AirlineSe
atReclineExtraOutline
d.js" was ignored.
node_modules/@mui/ico
ns-material/esm/Airli
neSeatLegroomReducedT
woTone.js (1:0): 
Module level 
directives cause 
errors when bundled, 
"use client" in "node
_modules/@mui/icons-m
aterial/esm/AirlineSe
atLegroomReducedTwoTo
ne.js" was ignored.
node_modules/@mui/ico
ns-material/esm/Airli
neSeatReclineExtraRou
nded.js (1:0): 
Module level 
directives cause 
errors when bundled, 
"use client" in "node
_modules/@mui/icons-m
aterial/esm/AirlineSe
atReclineExtraRounded
.js" was ignored.
node_modules/@mui/ico
ns-material/esm/Airli
neSeatReclineExtra.js
 (1:0): Module level 
directives cause 
errors when bundled, 
"use client" in "node
_modules/@mui/icons-m
aterial/esm/AirlineSe
atReclineExtra.js" 
was ignored.
node_modules/@mui/ico
ns-material/esm/Airli
neSeatReclineNormal.j
s (1:0): Module 
level directives 
cause errors when 
bundled, "use 
client" in "node_modu
les/@mui/icons-materi
al/esm/AirlineSeatRec
lineNormal.js" was 
ignored.
node_modules/@mui/ico
ns-material/esm/Airli
neSeatReclineExtraSha
rp.js (1:0): Module 
level directives 
cause errors when 
bundled, "use 
client" in "node_modu
les/@mui/icons-materi
al/esm/AirlineSeatRec
lineExtraSharp.js" 
was ignored.
node_modules/@mui/ico
ns-material/esm/Airli
neSeatReclineNormalSh
arp.js (1:0): Module 
level directives 
cause errors when 
bundled, "use 
client" in "node_modu
les/@mui/icons-materi
al/esm/AirlineSeatRec
lineNormalSharp.js" 
was ignored.
node_modules/@mui/ico
ns-material/esm/Airli
neSeatReclineExtraTwo
Tone.js (1:0): 
Module level 
directives cause 
errors when bundled, 
"use client" in "node
_modules/@mui/icons-m
aterial/esm/AirlineSe
atReclineExtraTwoTone
.js" was ignored.
node_modules/@mui/ico
ns-material/esm/Airli
neSeatReclineNormalOu
tlined.js (1:0): 
Module level 
directives cause 
errors when bundled, 
"use client" in "node
_modules/@mui/icons-m
aterial/esm/AirlineSe
atReclineNormalOutlin
ed.js" was ignored.
node_modules/@mui/ico
ns-material/esm/Airli
neSeatReclineNormalRo
unded.js (1:0): 
Module level 
directives cause 
errors when bundled, 
"use client" in "node
_modules/@mui/icons-m
aterial/esm/AirlineSe
atReclineNormalRounde
d.js" was ignored.
node_modules/@mui/ico
ns-material/esm/Airli
neSeatReclineNormalTw
oTone.js (1:0): 
Module level 
directives cause 
errors when bundled, 
"use client" in "node
_modules/@mui/icons-m
aterial/esm/AirlineSe
atReclineNormalTwoTon
e.js" was ignored.
node_modules/@mui/ico
ns-material/esm/Airli
neStopsRounded.js 
(1:0): Module level 
directives cause 
errors when bundled, 
"use client" in "node
_modules/@mui/icons-m
aterial/esm/AirlineSt
opsRounded.js" was 
ignored.
node_modules/@mui/ico
ns-material/esm/Airli
neStopsOutlined.js 
(1:0): Module level 
directives cause 
errors when bundled, 
"use client" in "node
_modules/@mui/icons-m
aterial/esm/AirlineSt
opsOutlined.js" was 
ignored.
node_modules/@mui/ico
ns-material/esm/Airli
neStopsSharp.js 
(1:0): Module level 
directives cause 
errors when bundled, 
"use client" in "node
_modules/@mui/icons-m
aterial/esm/AirlineSt
opsSharp.js" was 
ignored.
node_modules/@mui/ico
ns-material/esm/Airli
nesOutlined.js 
(1:0): Module level 
directives cause 
errors when bundled, 
"use client" in "node
_modules/@mui/icons-m
aterial/esm/AirlinesO
utlined.js" was 
ignored.
node_modules/@mui/ico
ns-material/esm/Airli
neStopsTwoTone.js 
(1:0): Module level 
directives cause 
errors when bundled, 
"use client" in "node
_modules/@mui/icons-m
aterial/esm/AirlineSt
opsTwoTone.js" was 
ignored.
node_modules/@mui/ico
ns-material/esm/Airli
nes.js (1:0): Module 
level directives 
cause errors when 
bundled, "use 
client" in "node_modu
les/@mui/icons-materi
al/esm/Airlines.js" 
was ignored.
node_modules/@mui/ico
ns-material/esm/Airli
nesTwoTone.js (1:0): 
Module level 
directives cause 
errors when bundled, 
"use client" in "node
_modules/@mui/icons-m
aterial/esm/AirlinesT
woTone.js" was 
ignored.
node_modules/@mui/ico
ns-material/esm/Airpl
aneTicket.js (1:0): 
Module level 
directives cause 
errors when bundled, 
"use client" in "node
_modules/@mui/icons-m
aterial/esm/AirplaneT
icket.js" was 
ignored.
node_modules/@mui/ico
ns-material/esm/Airli
nesSharp.js (1:0): 
Module level 
directives cause 
errors when bundled, 
"use client" in "node
_modules/@mui/icons-m
aterial/esm/AirlinesS
harp.js" was ignored.
node_modules/@mui/ico
ns-material/esm/Airli
neStops.js (1:0): 
Module level 
directives cause 
errors when bundled, 
"use client" in "node
_modules/@mui/icons-m
aterial/esm/AirlineSt
ops.js" was ignored.
node_modules/@mui/ico
ns-material/esm/Airpl
aneTicketOutlined.js 
(1:0): Module level 
directives cause 
errors when bundled, 
"use client" in "node
_modules/@mui/icons-m
aterial/esm/AirplaneT
icketOutlined.js" 
was ignored.
node_modules/@mui/ico
ns-material/esm/Airpl
aneTicketRounded.js 
(1:0): Module level 
directives cause 
errors when bundled, 
"use client" in "node
_modules/@mui/icons-m
aterial/esm/AirplaneT
icketRounded.js" was 
ignored.
node_modules/@mui/ico
ns-material/esm/Airpl
aneTicketSharp.js 
(1:0): Module level 
directives cause 
errors when bundled, 
"use client" in "node
_modules/@mui/icons-m
aterial/esm/AirplaneT
icketSharp.js" was 
ignored.
node_modules/@mui/ico
ns-material/esm/Airli
nesRounded.js (1:0): 
Module level 
directives cause 
errors when bundled, 
"use client" in "node
_modules/@mui/icons-m
aterial/esm/AirlinesR
ounded.js" was 
ignored.
node_modules/@mui/ico
ns-material/esm/Airpl
aneTicketTwoTone.js 
(1:0): Module level 
directives cause 
errors when bundled, 
"use client" in "node
_modules/@mui/icons-m
aterial/esm/AirplaneT
icketTwoTone.js" was 
ignored.
node_modules/@mui/ico
ns-material/esm/Airpl
anemodeActiveOutlined
.js (1:0): Module 
level directives 
cause errors when 
bundled, "use 
client" in "node_modu
les/@mui/icons-materi
al/esm/AirplanemodeAc
tiveOutlined.js" was 
ignored.
node_modules/@mui/ico
ns-material/esm/Airpl
anemodeActive.js 
(1:0): Module level 
directives cause 
errors when bundled, 
"use client" in "node
_modules/@mui/icons-m
aterial/esm/Airplanem
odeActive.js" was 
ignored.
node_modules/@mui/ico
ns-material/esm/Airpl
anemodeActiveRounded.
js (1:0): Module 
level directives 
cause errors when 
bundled, "use 
client" in "node_modu
les/@mui/icons-materi
al/esm/AirplanemodeAc
tiveRounded.js" was 
ignored.
node_modules/@mui/ico
ns-material/esm/Airpl
anemodeActiveSharp.js
 (1:0): Module level 
directives cause 
errors when bundled, 
"use client" in "node
_modules/@mui/icons-m
aterial/esm/Airplanem
odeActiveSharp.js" 
was ignored.
node_modules/@mui/ico
ns-material/esm/Airpl
anemodeInactiveOutlin
ed.js (1:0): Module 
level directives 
cause errors when 
bundled, "use 
client" in "node_modu
les/@mui/icons-materi
al/esm/AirplanemodeIn
activeOutlined.js" 
was ignored.
node_modules/@mui/ico
ns-material/esm/Airpl
anemodeInactive.js 
(1:0): Module level 
directives cause 
errors when bundled, 
"use client" in "node
_modules/@mui/icons-m
aterial/esm/Airplanem
odeInactive.js" was 
ignored.
node_modules/@mui/ico
ns-material/esm/Airpl
anemodeActiveTwoTone.
js (1:0): Module 
level directives 
cause errors when 
bundled, "use 
client" in "node_modu
les/@mui/icons-materi
al/esm/AirplanemodeAc
tiveTwoTone.js" was 
ignored.
node_modules/@mui/ico
ns-material/esm/Airpl
ayOutlined.js (1:0): 
Module level 
directives cause 
errors when bundled, 
"use client" in "node
_modules/@mui/icons-m
aterial/esm/AirplayOu
tlined.js" was 
ignored.
node_modules/@mui/ico
ns-material/esm/Airpl
anemodeInactiveRounde
d.js (1:0): Module 
level directives 
cause errors when 
bundled, "use 
client" in "node_modu
les/@mui/icons-materi
al/esm/AirplanemodeIn
activeRounded.js" 
was ignored.
node_modules/@mui/ico
ns-material/esm/Airpl
anemodeInactiveTwoTon
e.js (1:0): Module 
level directives 
cause errors when 
bundled, "use 
client" in "node_modu
les/@mui/icons-materi
al/esm/AirplanemodeIn
activeTwoTone.js" 
was ignored.
node_modules/@mui/ico
ns-material/esm/Airpl
anemodeInactiveSharp.
js (1:0): Module 
level directives 
cause errors when 
bundled, "use 
client" in "node_modu
les/@mui/icons-materi
al/esm/AirplanemodeIn
activeSharp.js" was 
ignored.
node_modules/@mui/ico
ns-material/esm/Airpl
ay.js (1:0): Module 
level directives 
cause errors when 
bundled, "use 
client" in "node_modu
les/@mui/icons-materi
al/esm/Airplay.js" 
was ignored.
node_modules/@mui/ico
ns-material/esm/Airpl
aySharp.js (1:0): 
Module level 
directives cause 
errors when bundled, 
"use client" in "node
_modules/@mui/icons-m
aterial/esm/AirplaySh
arp.js" was ignored.
node_modules/@mui/ico
ns-material/esm/Airpo
rtShuttleOutlined.js 
(1:0): Module level 
directives cause 
errors when bundled, 
"use client" in "node
_modules/@mui/icons-m
aterial/esm/AirportSh
uttleOutlined.js" 
was ignored.
node_modules/@mui/ico
ns-material/esm/Airpl
ayRounded.js (1:0): 
Module level 
directives cause 
errors when bundled, 
"use client" in "node
_modules/@mui/icons-m
aterial/esm/AirplayRo
unded.js" was 
ignored.
node_modules/@mui/ico
ns-material/esm/Airpo
rtShuttle.js (1:0): 
Module level 
directives cause 
errors when bundled, 
"use client" in "node
_modules/@mui/icons-m
aterial/esm/AirportSh
uttle.js" was 
ignored.
node_modules/@mui/ico
ns-material/esm/Airpl
ayTwoTone.js (1:0): 
Module level 
directives cause 
errors when bundled, 
"use client" in "node
_modules/@mui/icons-m
aterial/esm/AirplayTw
oTone.js" was 
ignored.
node_modules/@mui/ico
ns-material/esm/Airpo
rtShuttleRounded.js 
(1:0): Module level 
directives cause 
errors when bundled, 
"use client" in "node
_modules/@mui/icons-m
aterial/esm/AirportSh
uttleRounded.js" was 
ignored.
node_modules/@mui/ico
ns-material/esm/Airpo
rtShuttleSharp.js 
(1:0): Module level 
directives cause 
errors when bundled, 
"use client" in "node
_modules/@mui/icons-m
aterial/esm/AirportSh
uttleSharp.js" was 
ignored.
node_modules/@mui/ico
ns-material/esm/Alarm
Add.js (1:0): Module 
level directives 
cause errors when 
bundled, "use 
client" in "node_modu
les/@mui/icons-materi
al/esm/AlarmAdd.js" 
was ignored.
node_modules/@mui/ico
ns-material/esm/Airpo
rtShuttleTwoTone.js 
(1:0): Module level 
directives cause 
errors when bundled, 
"use client" in "node
_modules/@mui/icons-m
aterial/esm/AirportSh
uttleTwoTone.js" was 
ignored.
node_modules/@mui/ico
ns-material/esm/Alarm
.js (1:0): Module 
level directives 
cause errors when 
bundled, "use 
client" in "node_modu
les/@mui/icons-materi
al/esm/Alarm.js" was 
ignored.
node_modules/@mui/ico
ns-material/esm/Alarm
Off.js (1:0): Module 
level directives 
cause errors when 
bundled, "use 
client" in "node_modu
les/@mui/icons-materi
al/esm/AlarmOff.js" 
was ignored.
node_modules/@mui/ico
ns-material/esm/Alarm
AddOutlined.js 
(1:0): Module level 
directives cause 
errors when bundled, 
"use client" in "node
_modules/@mui/icons-m
aterial/esm/AlarmAddO
utlined.js" was 
ignored.
node_modules/@mui/ico
ns-material/esm/Alarm
OffOutlined.js 
(1:0): Module level 
directives cause 
errors when bundled, 
"use client" in "node
_modules/@mui/icons-m
aterial/esm/AlarmOffO
utlined.js" was 
ignored.
node_modules/@mui/ico
ns-material/esm/Alarm
AddRounded.js (1:0): 
Module level 
directives cause 
errors when bundled, 
"use client" in "node
_modules/@mui/icons-m
aterial/esm/AlarmAddR
ounded.js" was 
ignored.
node_modules/@mui/ico
ns-material/esm/Alarm
AddSharp.js (1:0): 
Module level 
directives cause 
errors when bundled, 
"use client" in "node
_modules/@mui/icons-m
aterial/esm/AlarmAddS
harp.js" was ignored.
node_modules/@mui/ico
ns-material/esm/Alarm
AddTwoTone.js (1:0): 
Module level 
directives cause 
errors when bundled, 
"use client" in "node
_modules/@mui/icons-m
aterial/esm/AlarmAddT
woTone.js" was 
ignored.
node_modules/@mui/ico
ns-material/esm/Alarm
OffSharp.js (1:0): 
Module level 
directives cause 
errors when bundled, 
"use client" in "node
_modules/@mui/icons-m
aterial/esm/AlarmOffS
harp.js" was ignored.
node_modules/@mui/ico
ns-material/esm/Alarm
OnOutlined.js (1:0): 
Module level 
directives cause 
errors when bundled, 
"use client" in "node
_modules/@mui/icons-m
aterial/esm/AlarmOnOu
tlined.js" was 
ignored.
node_modules/@mui/ico
ns-material/esm/Alarm
OffRounded.js (1:0): 
Module level 
directives cause 
errors when bundled, 
"use client" in "node
_modules/@mui/icons-m
aterial/esm/AlarmOffR
ounded.js" was 
ignored.
node_modules/@mui/ico
ns-material/esm/Alarm
On.js (1:0): Module 
level directives 
cause errors when 
bundled, "use 
client" in "node_modu
les/@mui/icons-materi
al/esm/AlarmOn.js" 
was ignored.
node_modules/@mui/ico
ns-material/esm/Alarm
OnSharp.js (1:0): 
Module level 
directives cause 
errors when bundled, 
"use client" in "node
_modules/@mui/icons-m
aterial/esm/AlarmOnSh
arp.js" was ignored.
node_modules/@mui/ico
ns-material/esm/Alarm
OnRounded.js (1:0): 
Module level 
directives cause 
errors when bundled, 
"use client" in "node
_modules/@mui/icons-m
aterial/esm/AlarmOnRo
unded.js" was 
ignored.
node_modules/@mui/ico
ns-material/esm/Alarm
OffTwoTone.js (1:0): 
Module level 
directives cause 
errors when bundled, 
"use client" in "node
_modules/@mui/icons-m
aterial/esm/AlarmOffT
woTone.js" was 
ignored.
node_modules/@mui/ico
ns-material/esm/Alarm
OnTwoTone.js (1:0): 
Module level 
directives cause 
errors when bundled, 
"use client" in "node
_modules/@mui/icons-m
aterial/esm/AlarmOnTw
oTone.js" was 
ignored.
node_modules/@mui/ico
ns-material/esm/Alarm
Rounded.js (1:0): 
Module level 
directives cause 
errors when bundled, 
"use client" in "node
_modules/@mui/icons-m
aterial/esm/AlarmRoun
ded.js" was ignored.
node_modules/@mui/ico
ns-material/esm/Alarm
Outlined.js (1:0): 
Module level 
directives cause 
errors when bundled, 
"use client" in "node
_modules/@mui/icons-m
aterial/esm/AlarmOutl
ined.js" was ignored.
node_modules/@mui/ico
ns-material/esm/Alarm
TwoTone.js (1:0): 
Module level 
directives cause 
errors when bundled, 
"use client" in "node
_modules/@mui/icons-m
aterial/esm/AlarmTwoT
one.js" was ignored.
node_modules/@mui/ico
ns-material/esm/Album
Sharp.js (1:0): 
Module level 
directives cause 
errors when bundled, 
"use client" in "node
_modules/@mui/icons-m
aterial/esm/AlbumShar
p.js" was ignored.
node_modules/@mui/ico
ns-material/esm/Album
.js (1:0): Module 
level directives 
cause errors when 
bundled, "use 
client" in "node_modu
les/@mui/icons-materi
al/esm/Album.js" was 
ignored.
node_modules/@mui/ico
ns-material/esm/Alarm
Sharp.js (1:0): 
Module level 
directives cause 
errors when bundled, 
"use client" in "node
_modules/@mui/icons-m
aterial/esm/AlarmShar
p.js" was ignored.
node_modules/@mui/ico
ns-material/esm/Album
Outlined.js (1:0): 
Module level 
directives cause 
errors when bundled, 
"use client" in "node
_modules/@mui/icons-m
aterial/esm/AlbumOutl
ined.js" was ignored.
node_modules/@mui/ico
ns-material/esm/Align
HorizontalCenterOutli
ned.js (1:0): Module 
level directives 
cause errors when 
bundled, "use 
client" in "node_modu
les/@mui/icons-materi
al/esm/AlignHorizonta
lCenterOutlined.js" 
was ignored.
node_modules/@mui/ico
ns-material/esm/Align
HorizontalCenter.js 
(1:0): Module level 
directives cause 
errors when bundled, 
"use client" in "node
_modules/@mui/icons-m
aterial/esm/AlignHori
zontalCenter.js" was 
ignored.
node_modules/@mui/ico
ns-material/esm/Album
Rounded.js (1:0): 
Module level 
directives cause 
errors when bundled, 
"use client" in "node
_modules/@mui/icons-m
aterial/esm/AlbumRoun
ded.js" was ignored.
node_modules/@mui/ico
ns-material/esm/Align
HorizontalCenterRound
ed.js (1:0): Module 
level directives 
cause errors when 
bundled, "use 
client" in "node_modu
les/@mui/icons-materi
al/esm/AlignHorizonta
lCenterRounded.js" 
was ignored.
node_modules/@mui/ico
ns-material/esm/Album
TwoTone.js (1:0): 
Module level 
directives cause 
errors when bundled, 
"use client" in "node
_modules/@mui/icons-m
aterial/esm/AlbumTwoT
one.js" was ignored.
node_modules/@mui/ico
ns-material/esm/Align
HorizontalCenterSharp
.js (1:0): Module 
level directives 
cause errors when 
bundled, "use 
client" in "node_modu
les/@mui/icons-materi
al/esm/AlignHorizonta
lCenterSharp.js" was 
ignored.
node_modules/@mui/ico
ns-material/esm/Align
HorizontalLeftRounded
.js (1:0): Module 
level directives 
cause errors when 
bundled, "use 
client" in "node_modu
les/@mui/icons-materi
al/esm/AlignHorizonta
lLeftRounded.js" was 
ignored.
node_modules/@mui/ico
ns-material/esm/Align
HorizontalLeft.js 
(1:0): Module level 
directives cause 
errors when bundled, 
"use client" in "node
_modules/@mui/icons-m
aterial/esm/AlignHori
zontalLeft.js" was 
ignored.
node_modules/@mui/ico
ns-material/esm/Align
HorizontalLeftSharp.j
s (1:0): Module 
level directives 
cause errors when 
bundled, "use 
client" in "node_modu
les/@mui/icons-materi
al/esm/AlignHorizonta
lLeftSharp.js" was 
ignored.
node_modules/@mui/ico
ns-material/esm/Align
HorizontalCenterTwoTo
ne.js (1:0): Module 
level directives 
cause errors when 
bundled, "use 
client" in "node_modu
les/@mui/icons-materi
al/esm/AlignHorizonta
lCenterTwoTone.js" 
was ignored.
node_modules/@mui/ico
ns-material/esm/Align
HorizontalLeftOutline
d.js (1:0): Module 
level directives 
cause errors when 
bundled, "use 
client" in "node_modu
les/@mui/icons-materi
al/esm/AlignHorizonta
lLeftOutlined.js" 
was ignored.
node_modules/@mui/ico
ns-material/esm/Align
HorizontalRightOutlin
ed.js (1:0): Module 
level directives 
cause errors when 
bundled, "use 
client" in "node_modu
les/@mui/icons-materi
al/esm/AlignHorizonta
lRightOutlined.js" 
was ignored.
node_modules/@mui/ico
ns-material/esm/Align
HorizontalRight.js 
(1:0): Module level 
directives cause 
errors when bundled, 
"use client" in "node
_modules/@mui/icons-m
aterial/esm/AlignHori
zontalRight.js" was 
ignored.
node_modules/@mui/ico
ns-material/esm/Align
HorizontalRightSharp.
js (1:0): Module 
level directives 
cause errors when 
bundled, "use 
client" in "node_modu
les/@mui/icons-materi
al/esm/AlignHorizonta
lRightSharp.js" was 
ignored.
node_modules/@mui/ico
ns-material/esm/Align
HorizontalLeftTwoTone
.js (1:0): Module 
level directives 
cause errors when 
bundled, "use 
client" in "node_modu
les/@mui/icons-materi
al/esm/AlignHorizonta
lLeftTwoTone.js" was 
ignored.
node_modules/@mui/ico
ns-material/esm/Align
VerticalBottomOutline
d.js (1:0): Module 
level directives 
cause errors when 
bundled, "use 
client" in "node_modu
les/@mui/icons-materi
al/esm/AlignVerticalB
ottomOutlined.js" 
was ignored.
node_modules/@mui/ico
ns-material/esm/Align
VerticalBottomSharp.j
s (1:0): Module 
level directives 
cause errors when 
bundled, "use 
client" in "node_modu
les/@mui/icons-materi
al/esm/AlignVerticalB
ottomSharp.js" was 
ignored.
node_modules/@mui/ico
ns-material/esm/Align
HorizontalRightTwoTon
e.js (1:0): Module 
level directives 
cause errors when 
bundled, "use 
client" in "node_modu
les/@mui/icons-materi
al/esm/AlignHorizonta
lRightTwoTone.js" 
was ignored.
node_modules/@mui/ico
ns-material/esm/Align
VerticalBottom.js 
(1:0): Module level 
directives cause 
errors when bundled, 
"use client" in "node
_modules/@mui/icons-m
aterial/esm/AlignVert
icalBottom.js" was 
ignored.
node_modules/@mui/ico
ns-material/esm/Align
VerticalBottomRounded
.js (1:0): Module 
level directives 
cause errors when 
bundled, "use 
client" in "node_modu
les/@mui/icons-materi
al/esm/AlignVerticalB
ottomRounded.js" was 
ignored.
node_modules/@mui/ico
ns-material/esm/Align
VerticalCenterSharp.j
s (1:0): Module 
level directives 
cause errors when 
bundled, "use 
client" in "node_modu
les/@mui/icons-materi
al/esm/AlignVerticalC
enterSharp.js" was 
ignored.
node_modules/@mui/ico
ns-material/esm/Align
VerticalCenter.js 
(1:0): Module level 
directives cause 
errors when bundled, 
"use client" in "node
_modules/@mui/icons-m
aterial/esm/AlignVert
icalCenter.js" was 
ignored.
node_modules/@mui/ico
ns-material/esm/Align
VerticalCenterOutline
d.js (1:0): Module 
level directives 
cause errors when 
bundled, "use 
client" in "node_modu
les/@mui/icons-materi
al/esm/AlignVerticalC
enterOutlined.js" 
was ignored.
node_modules/@mui/ico
ns-material/esm/Align
HorizontalRightRounde
d.js (1:0): Module 
level directives 
cause errors when 
bundled, "use 
client" in "node_modu
les/@mui/icons-materi
al/esm/AlignHorizonta
lRightRounded.js" 
was ignored.
node_modules/@mui/ico
ns-material/esm/Align
VerticalCenterRounded
.js (1:0): Module 
level directives 
cause errors when 
bundled, "use 
client" in "node_modu
les/@mui/icons-materi
al/esm/AlignVerticalC
enterRounded.js" was 
ignored.
node_modules/@mui/ico
ns-material/esm/Align
VerticalTopRounded.js
 (1:0): Module level 
directives cause 
errors when bundled, 
"use client" in "node
_modules/@mui/icons-m
aterial/esm/AlignVert
icalTopRounded.js" 
was ignored.
node_modules/@mui/ico
ns-material/esm/Align
VerticalTop.js 
(1:0): Module level 
directives cause 
errors when bundled, 
"use client" in "node
_modules/@mui/icons-m
aterial/esm/AlignVert
icalTop.js" was 
ignored.
node_modules/@mui/ico
ns-material/esm/Align
VerticalBottomTwoTone
.js (1:0): Module 
level directives 
cause errors when 
bundled, "use 
client" in "node_modu
les/@mui/icons-materi
al/esm/AlignVerticalB
ottomTwoTone.js" was 
ignored.
node_modules/@mui/ico
ns-material/esm/Align
VerticalCenterTwoTone
.js (1:0): Module 
level directives 
cause errors when 
bundled, "use 
client" in "node_modu
les/@mui/icons-materi
al/esm/AlignVerticalC
enterTwoTone.js" was 
ignored.
node_modules/@mui/ico
ns-material/esm/Align
VerticalTopSharp.js 
(1:0): Module level 
directives cause 
errors when bundled, 
"use client" in "node
_modules/@mui/icons-m
aterial/esm/AlignVert
icalTopSharp.js" was 
ignored.
node_modules/@mui/ico
ns-material/esm/Align
VerticalTopTwoTone.js
 (1:0): Module level 
directives cause 
errors when bundled, 
"use client" in "node
_modules/@mui/icons-m
aterial/esm/AlignVert
icalTopTwoTone.js" 
was ignored.
node_modules/@mui/ico
ns-material/esm/AllIn
boxOutlined.js 
(1:0): Module level 
directives cause 
errors when bundled, 
"use client" in "node
_modules/@mui/icons-m
aterial/esm/AllInboxO
utlined.js" was 
ignored.
node_modules/@mui/ico
ns-material/esm/AllIn
box.js (1:0): Module 
level directives 
cause errors when 
bundled, "use 
client" in "node_modu
les/@mui/icons-materi
al/esm/AllInbox.js" 
was ignored.
node_modules/@mui/ico
ns-material/esm/Align
VerticalTopOutlined.j
s (1:0): Module 
level directives 
cause errors when 
bundled, "use 
client" in "node_modu
les/@mui/icons-materi
al/esm/AlignVerticalT
opOutlined.js" was 
ignored.
node_modules/@mui/ico
ns-material/esm/AllIn
boxTwoTone.js (1:0): 
Module level 
directives cause 
errors when bundled, 
"use client" in "node
_modules/@mui/icons-m
aterial/esm/AllInboxT
woTone.js" was 
ignored.
node_modules/@mui/ico
ns-material/esm/AllIn
boxSharp.js (1:0): 
Module level 
directives cause 
errors when bundled, 
"use client" in "node
_modules/@mui/icons-m
aterial/esm/AllInboxS
harp.js" was ignored.
node_modules/@mui/ico
ns-material/esm/AllIn
boxRounded.js (1:0): 
Module level 
directives cause 
errors when bundled, 
"use client" in "node
_modules/@mui/icons-m
aterial/esm/AllInboxR
ounded.js" was 
ignored.
node_modules/@mui/ico
ns-material/esm/AllIn
clusiveOutlined.js 
(1:0): Module level 
directives cause 
errors when bundled, 
"use client" in "node
_modules/@mui/icons-m
aterial/esm/AllInclus
iveOutlined.js" was 
ignored.
node_modules/@mui/ico
ns-material/esm/AllOu
tOutlined.js (1:0): 
Module level 
directives cause 
errors when bundled, 
"use client" in "node
_modules/@mui/icons-m
aterial/esm/AllOutOut
lined.js" was 
ignored.
node_modules/@mui/ico
ns-material/esm/AllIn
clusiveTwoTone.js 
(1:0): Module level 
directives cause 
errors when bundled, 
"use client" in "node
_modules/@mui/icons-m
aterial/esm/AllInclus
iveTwoTone.js" was 
ignored.
node_modules/@mui/ico
ns-material/esm/AllOu
t.js (1:0): Module 
level directives 
cause errors when 
bundled, "use 
client" in "node_modu
les/@mui/icons-materi
al/esm/AllOut.js" 
was ignored.
node_modules/@mui/ico
ns-material/esm/AllIn
clusiveSharp.js 
(1:0): Module level 
directives cause 
errors when bundled, 
"use client" in "node
_modules/@mui/icons-m
aterial/esm/AllInclus
iveSharp.js" was 
ignored.
node_modules/@mui/ico
ns-material/esm/AllOu
tSharp.js (1:0): 
Module level 
directives cause 
errors when bundled, 
"use client" in "node
_modules/@mui/icons-m
aterial/esm/AllOutSha
rp.js" was ignored.
node_modules/@mui/ico
ns-material/esm/AllOu
tRounded.js (1:0): 
Module level 
directives cause 
errors when bundled, 
"use client" in "node
_modules/@mui/icons-m
aterial/esm/AllOutRou
nded.js" was ignored.
node_modules/@mui/ico
ns-material/esm/AltRo
uteOutlined.js 
(1:0): Module level 
directives cause 
errors when bundled, 
"use client" in "node
_modules/@mui/icons-m
aterial/esm/AltRouteO
utlined.js" was 
ignored.
node_modules/@mui/ico
ns-material/esm/AllOu
tTwoTone.js (1:0): 
Module level 
directives cause 
errors when bundled, 
"use client" in "node
_modules/@mui/icons-m
aterial/esm/AllOutTwo
Tone.js" was ignored.
node_modules/@mui/ico
ns-material/esm/AllIn
clusiveRounded.js 
(1:0): Module level 
directives cause 
errors when bundled, 
"use client" in "node
_modules/@mui/icons-m
aterial/esm/AllInclus
iveRounded.js" was 
ignored.
node_modules/@mui/ico
ns-material/esm/AllIn
clusive.js (1:0): 
Module level 
directives cause 
errors when bundled, 
"use client" in "node
_modules/@mui/icons-m
aterial/esm/AllInclus
ive.js" was ignored.
node_modules/@mui/ico
ns-material/esm/AltRo
uteSharp.js (1:0): 
Module level 
directives cause 
errors when bundled, 
"use client" in "node
_modules/@mui/icons-m
aterial/esm/AltRouteS
harp.js" was ignored.
node_modules/@mui/ico
ns-material/esm/Alter
nateEmailOutlined.js 
(1:0): Module level 
directives cause 
errors when bundled, 
"use client" in "node
_modules/@mui/icons-m
aterial/esm/Alternate
EmailOutlined.js" 
was ignored.
node_modules/@mui/ico
ns-material/esm/AltRo
uteTwoTone.js (1:0): 
Module level 
directives cause 
errors when bundled, 
"use client" in "node
_modules/@mui/icons-m
aterial/esm/AltRouteT
woTone.js" was 
ignored.
node_modules/@mui/ico
ns-material/esm/AltRo
ute.js (1:0): Module 
level directives 
cause errors when 
bundled, "use 
client" in "node_modu
les/@mui/icons-materi
al/esm/AltRoute.js" 
was ignored.
node_modules/@mui/ico
ns-material/esm/Alter
nateEmail.js (1:0): 
Module level 
directives cause 
errors when bundled, 
"use client" in "node
_modules/@mui/icons-m
aterial/esm/Alternate
Email.js" was 
ignored.
node_modules/@mui/ico
ns-material/esm/AltRo
uteRounded.js (1:0): 
Module level 
directives cause 
errors when bundled, 
"use client" in "node
_modules/@mui/icons-m
aterial/esm/AltRouteR
ounded.js" was 
ignored.
node_modules/@mui/ico
ns-material/esm/Alter
nateEmailRounded.js 
(1:0): Module level 
directives cause 
errors when bundled, 
"use client" in "node
_modules/@mui/icons-m
aterial/esm/Alternate
EmailRounded.js" was 
ignored.
node_modules/@mui/ico
ns-material/esm/Analy
ticsOutlined.js 
(1:0): Module level 
directives cause 
errors when bundled, 
"use client" in "node
_modules/@mui/icons-m
aterial/esm/Analytics
Outlined.js" was 
ignored.
node_modules/@mui/ico
ns-material/esm/Alter
nateEmailTwoTone.js 
(1:0): Module level 
directives cause 
errors when bundled, 
"use client" in "node
_modules/@mui/icons-m
aterial/esm/Alternate
EmailTwoTone.js" was 
ignored.
node_modules/@mui/ico
ns-material/esm/Analy
ticsRounded.js 
(1:0): Module level 
directives cause 
errors when bundled, 
"use client" in "node
_modules/@mui/icons-m
aterial/esm/Analytics
Rounded.js" was 
ignored.
node_modules/@mui/ico
ns-material/esm/Analy
ticsSharp.js (1:0): 
Module level 
directives cause 
errors when bundled, 
"use client" in "node
_modules/@mui/icons-m
aterial/esm/Analytics
Sharp.js" was 
ignored.
node_modules/@mui/ico
ns-material/esm/Analy
tics.js (1:0): 
Module level 
directives cause 
errors when bundled, 
"use client" in "node
_modules/@mui/icons-m
aterial/esm/Analytics
.js" was ignored.
node_modules/@mui/ico
ns-material/esm/Ancho
r.js (1:0): Module 
level directives 
cause errors when 
bundled, "use 
client" in "node_modu
les/@mui/icons-materi
al/esm/Anchor.js" 
was ignored.
node_modules/@mui/ico
ns-material/esm/Alter
nateEmailSharp.js 
(1:0): Module level 
directives cause 
errors when bundled, 
"use client" in "node
_modules/@mui/icons-m
aterial/esm/Alternate
EmailSharp.js" was 
ignored.
node_modules/@mui/ico
ns-material/esm/Ancho
rSharp.js (1:0): 
Module level 
directives cause 
errors when bundled, 
"use client" in "node
_modules/@mui/icons-m
aterial/esm/AnchorSha
rp.js" was ignored.
node_modules/@mui/ico
ns-material/esm/Ancho
rRounded.js (1:0): 
Module level 
directives cause 
errors when bundled, 
"use client" in "node
_modules/@mui/icons-m
aterial/esm/AnchorRou
nded.js" was ignored.
node_modules/@mui/ico
ns-material/esm/Ancho
rOutlined.js (1:0): 
Module level 
directives cause 
errors when bundled, 
"use client" in "node
_modules/@mui/icons-m
aterial/esm/AnchorOut
lined.js" was 
ignored.
node_modules/@mui/ico
ns-material/esm/Andro
id.js (1:0): Module 
level directives 
cause errors when 
bundled, "use 
client" in "node_modu
les/@mui/icons-materi
al/esm/Android.js" 
was ignored.
node_modules/@mui/ico
ns-material/esm/Ancho
rTwoTone.js (1:0): 
Module level 
directives cause 
errors when bundled, 
"use client" in "node
_modules/@mui/icons-m
aterial/esm/AnchorTwo
Tone.js" was ignored.
node_modules/@mui/ico
ns-material/esm/Andro
idSharp.js (1:0): 
Module level 
directives cause 
errors when bundled, 
"use client" in "node
_modules/@mui/icons-m
aterial/esm/AndroidSh
arp.js" was ignored.
node_modules/@mui/ico
ns-material/esm/Andro
idRounded.js (1:0): 
Module level 
directives cause 
errors when bundled, 
"use client" in "node
_modules/@mui/icons-m
aterial/esm/AndroidRo
unded.js" was 
ignored.
node_modules/@mui/ico
ns-material/esm/Andro
idOutlined.js (1:0): 
Module level 
directives cause 
errors when bundled, 
"use client" in "node
_modules/@mui/icons-m
aterial/esm/AndroidOu
tlined.js" was 
ignored.
node_modules/@mui/ico
ns-material/esm/Andro
idTwoTone.js (1:0): 
Module level 
directives cause 
errors when bundled, 
"use client" in "node
_modules/@mui/icons-m
aterial/esm/AndroidTw
oTone.js" was 
ignored.
node_modules/@mui/ico
ns-material/esm/Anima
tionOutlined.js 
(1:0): Module level 
directives cause 
errors when bundled, 
"use client" in "node
_modules/@mui/icons-m
aterial/esm/Animation
Outlined.js" was 
ignored.
node_modules/@mui/ico
ns-material/esm/Anima
tion.js (1:0): 
Module level 
directives cause 
errors when bundled, 
"use client" in "node
_modules/@mui/icons-m
aterial/esm/Animation
.js" was ignored.
node_modules/@mui/ico
ns-material/esm/Anima
tionRounded.js 
(1:0): Module level 
directives cause 
errors when bundled, 
"use client" in "node
_modules/@mui/icons-m
aterial/esm/Animation
Rounded.js" was 
ignored.
node_modules/@mui/ico
ns-material/esm/Annou
ncement.js (1:0): 
Module level 
directives cause 
errors when bundled, 
"use client" in "node
_modules/@mui/icons-m
aterial/esm/Announcem
ent.js" was ignored.
node_modules/@mui/ico
ns-material/esm/Anima
tionTwoTone.js 
(1:0): Module level 
directives cause 
errors when bundled, 
"use client" in "node
_modules/@mui/icons-m
aterial/esm/Animation
TwoTone.js" was 
ignored.
node_modules/@mui/ico
ns-material/esm/Anima
tionSharp.js (1:0): 
Module level 
directives cause 
errors when bundled, 
"use client" in "node
_modules/@mui/icons-m
aterial/esm/Animation
Sharp.js" was 
ignored.
node_modules/@mui/ico
ns-material/esm/Annou
ncementSharp.js 
(1:0): Module level 
directives cause 
errors when bundled, 
"use client" in "node
_modules/@mui/icons-m
aterial/esm/Announcem
entSharp.js" was 
ignored.
node_modules/@mui/ico
ns-material/esm/Annou
ncementOutlined.js 
(1:0): Module level 
directives cause 
errors when bundled, 
"use client" in "node
_modules/@mui/icons-m
aterial/esm/Announcem
entOutlined.js" was 
ignored.
node_modules/@mui/ico
ns-material/esm/Annou
ncementTwoTone.js 
(1:0): Module level 
directives cause 
errors when bundled, 
"use client" in "node
_modules/@mui/icons-m
aterial/esm/Announcem
entTwoTone.js" was 
ignored.
node_modules/@mui/ico
ns-material/esm/Analy
ticsTwoTone.js 
(1:0): Module level 
directives cause 
errors when bundled, 
"use client" in "node
_modules/@mui/icons-m
aterial/esm/Analytics
TwoTone.js" was 
ignored.
node_modules/@mui/ico
ns-material/esm/Annou
ncementRounded.js 
(1:0): Module level 
directives cause 
errors when bundled, 
"use client" in "node
_modules/@mui/icons-m
aterial/esm/Announcem
entRounded.js" was 
ignored.
node_modules/@mui/ico
ns-material/esm/Aod.j
s (1:0): Module 
level directives 
cause errors when 
bundled, "use 
client" in "node_modu
les/@mui/icons-materi
al/esm/Aod.js" was 
ignored.
node_modules/@mui/ico
ns-material/esm/AodSh
arp.js (1:0): Module 
level directives 
cause errors when 
bundled, "use 
client" in "node_modu
les/@mui/icons-materi
al/esm/AodSharp.js" 
was ignored.
node_modules/@mui/ico
ns-material/esm/AodRo
unded.js (1:0): 
Module level 
directives cause 
errors when bundled, 
"use client" in "node
_modules/@mui/icons-m
aterial/esm/AodRounde
d.js" was ignored.
node_modules/@mui/ico
ns-material/esm/Apart
mentRounded.js 
(1:0): Module level 
directives cause 
errors when bundled, 
"use client" in "node
_modules/@mui/icons-m
aterial/esm/Apartment
Rounded.js" was 
ignored.
node_modules/@mui/ico
ns-material/esm/AodOu
tlined.js (1:0): 
Module level 
directives cause 
errors when bundled, 
"use client" in "node
_modules/@mui/icons-m
aterial/esm/AodOutlin
ed.js" was ignored.
node_modules/@mui/ico
ns-material/esm/Apart
ment.js (1:0): 
Module level 
directives cause 
errors when bundled, 
"use client" in "node
_modules/@mui/icons-m
aterial/esm/Apartment
.js" was ignored.
node_modules/@mui/ico
ns-material/esm/Apart
mentOutlined.js 
(1:0): Module level 
directives cause 
errors when bundled, 
"use client" in "node
_modules/@mui/icons-m
aterial/esm/Apartment
Outlined.js" was 
ignored.
node_modules/@mui/ico
ns-material/esm/Apart
mentSharp.js (1:0): 
Module level 
directives cause 
errors when bundled, 
"use client" in "node
_modules/@mui/icons-m
aterial/esm/Apartment
Sharp.js" was 
ignored.
node_modules/@mui/ico
ns-material/esm/Api.j
s (1:0): Module 
level directives 
cause errors when 
bundled, "use 
client" in "node_modu
les/@mui/icons-materi
al/esm/Api.js" was 
ignored.
node_modules/@mui/ico
ns-material/esm/Apart
mentTwoTone.js 
(1:0): Module level 
directives cause 
errors when bundled, 
"use client" in "node
_modules/@mui/icons-m
aterial/esm/Apartment
TwoTone.js" was 
ignored.
node_modules/@mui/ico
ns-material/esm/AodTw
oTone.js (1:0): 
Module level 
directives cause 
errors when bundled, 
"use client" in "node
_modules/@mui/icons-m
aterial/esm/AodTwoTon
e.js" was ignored.
node_modules/@mui/ico
ns-material/esm/ApiOu
tlined.js (1:0): 
Module level 
directives cause 
errors when bundled, 
"use client" in "node
_modules/@mui/icons-m
aterial/esm/ApiOutlin
ed.js" was ignored.
node_modules/@mui/ico
ns-material/esm/ApiRo
unded.js (1:0): 
Module level 
directives cause 
errors when bundled, 
"use client" in "node
_modules/@mui/icons-m
aterial/esm/ApiRounde
d.js" was ignored.
node_modules/@mui/ico
ns-material/esm/AppBl
ocking.js (1:0): 
Module level 
directives cause 
errors when bundled, 
"use client" in "node
_modules/@mui/icons-m
aterial/esm/AppBlocki
ng.js" was ignored.
node_modules/@mui/ico
ns-material/esm/ApiSh
arp.js (1:0): Module 
level directives 
cause errors when 
bundled, "use 
client" in "node_modu
les/@mui/icons-materi
al/esm/ApiSharp.js" 
was ignored.
node_modules/@mui/ico
ns-material/esm/ApiTw
oTone.js (1:0): 
Module level 
directives cause 
errors when bundled, 
"use client" in "node
_modules/@mui/icons-m
aterial/esm/ApiTwoTon
e.js" was ignored.
node_modules/@mui/ico
ns-material/esm/AppBl
ockingRounded.js 
(1:0): Module level 
directives cause 
errors when bundled, 
"use client" in "node
_modules/@mui/icons-m
aterial/esm/AppBlocki
ngRounded.js" was 
ignored.
node_modules/@mui/ico
ns-material/esm/AppBl
ockingOutlined.js 
(1:0): Module level 
directives cause 
errors when bundled, 
"use client" in "node
_modules/@mui/icons-m
aterial/esm/AppBlocki
ngOutlined.js" was 
ignored.
node_modules/@mui/ico
ns-material/esm/AppRe
gistrationRounded.js 
(1:0): Module level 
directives cause 
errors when bundled, 
"use client" in "node
_modules/@mui/icons-m
aterial/esm/AppRegist
rationRounded.js" 
was ignored.
node_modules/@mui/ico
ns-material/esm/AppRe
gistration.js (1:0): 
Module level 
directives cause 
errors when bundled, 
"use client" in "node
_modules/@mui/icons-m
aterial/esm/AppRegist
ration.js" was 
ignored.
node_modules/@mui/ico
ns-material/esm/AppBl
ockingSharp.js 
(1:0): Module level 
directives cause 
errors when bundled, 
"use client" in "node
_modules/@mui/icons-m
aterial/esm/AppBlocki
ngSharp.js" was 
ignored.
node_modules/@mui/ico
ns-material/esm/AppBl
ockingTwoTone.js 
(1:0): Module level 
directives cause 
errors when bundled, 
"use client" in "node
_modules/@mui/icons-m
aterial/esm/AppBlocki
ngTwoTone.js" was 
ignored.
node_modules/@mui/ico
ns-material/esm/AppSe
ttingsAltOutlined.js 
(1:0): Module level 
directives cause 
errors when bundled, 
"use client" in "node
_modules/@mui/icons-m
aterial/esm/AppSettin
gsAltOutlined.js" 
was ignored.
node_modules/@mui/ico
ns-material/esm/AppRe
gistrationSharp.js 
(1:0): Module level 
directives cause 
errors when bundled, 
"use client" in "node
_modules/@mui/icons-m
aterial/esm/AppRegist
rationSharp.js" was 
ignored.
node_modules/@mui/ico
ns-material/esm/AppRe
gistrationOutlined.js
 (1:0): Module level 
directives cause 
errors when bundled, 
"use client" in "node
_modules/@mui/icons-m
aterial/esm/AppRegist
rationOutlined.js" 
was ignored.
node_modules/@mui/ico
ns-material/esm/AppSe
ttingsAltSharp.js 
(1:0): Module level 
directives cause 
errors when bundled, 
"use client" in "node
_modules/@mui/icons-m
aterial/esm/AppSettin
gsAltSharp.js" was 
ignored.
node_modules/@mui/ico
ns-material/esm/AppRe
gistrationTwoTone.js 
(1:0): Module level 
directives cause 
errors when bundled, 
"use client" in "node
_modules/@mui/icons-m
aterial/esm/AppRegist
rationTwoTone.js" 
was ignored.
node_modules/@mui/ico
ns-material/esm/AppSe
ttingsAlt.js (1:0): 
Module level 
directives cause 
errors when bundled, 
"use client" in "node
_modules/@mui/icons-m
aterial/esm/AppSettin
gsAlt.js" was 
ignored.
node_modules/@mui/ico
ns-material/esm/AppSh
ortcut.js (1:0): 
Module level 
directives cause 
errors when bundled, 
"use client" in "node
_modules/@mui/icons-m
aterial/esm/AppShortc
ut.js" was ignored.
node_modules/@mui/ico
ns-material/esm/AppSe
ttingsAltRounded.js 
(1:0): Module level 
directives cause 
errors when bundled, 
"use client" in "node
_modules/@mui/icons-m
aterial/esm/AppSettin
gsAltRounded.js" was 
ignored.
node_modules/@mui/ico
ns-material/esm/AppSh
ortcutOutlined.js 
(1:0): Module level 
directives cause 
errors when bundled, 
"use client" in "node
_modules/@mui/icons-m
aterial/esm/AppShortc
utOutlined.js" was 
ignored.
node_modules/@mui/ico
ns-material/esm/AppSe
ttingsAltTwoTone.js 
(1:0): Module level 
directives cause 
errors when bundled, 
"use client" in "node
_modules/@mui/icons-m
aterial/esm/AppSettin
gsAltTwoTone.js" was 
ignored.
node_modules/@mui/ico
ns-material/esm/AppSh
ortcutRounded.js 
(1:0): Module level 
directives cause 
errors when bundled, 
"use client" in "node
_modules/@mui/icons-m
aterial/esm/AppShortc
utRounded.js" was 
ignored.
node_modules/@mui/ico
ns-material/esm/AppSh
ortcutSharp.js 
(1:0): Module level 
directives cause 
errors when bundled, 
"use client" in "node
_modules/@mui/icons-m
aterial/esm/AppShortc
utSharp.js" was 
ignored.
node_modules/@mui/ico
ns-material/esm/Apple
.js (1:0): Module 
level directives 
cause errors when 
bundled, "use 
client" in "node_modu
les/@mui/icons-materi
al/esm/Apple.js" was 
ignored.
node_modules/@mui/ico
ns-material/esm/Appro
val.js (1:0): Module 
level directives 
cause errors when 
bundled, "use 
client" in "node_modu
les/@mui/icons-materi
al/esm/Approval.js" 
was ignored.
node_modules/@mui/ico
ns-material/esm/AppSh
ortcutTwoTone.js 
(1:0): Module level 
directives cause 
errors when bundled, 
"use client" in "node
_modules/@mui/icons-m
aterial/esm/AppShortc
utTwoTone.js" was 
ignored.
node_modules/@mui/ico
ns-material/esm/Appro
valSharp.js (1:0): 
Module level 
directives cause 
errors when bundled, 
"use client" in "node
_modules/@mui/icons-m
aterial/esm/ApprovalS
harp.js" was ignored.
node_modules/@mui/ico
ns-material/esm/Appro
valRounded.js (1:0): 
Module level 
directives cause 
errors when bundled, 
"use client" in "node
_modules/@mui/icons-m
aterial/esm/ApprovalR
ounded.js" was 
ignored.
node_modules/@mui/ico
ns-material/esm/Appro
valOutlined.js 
(1:0): Module level 
directives cause 
errors when bundled, 
"use client" in "node
_modules/@mui/icons-m
aterial/esm/ApprovalO
utlined.js" was 
ignored.
node_modules/@mui/ico
ns-material/esm/AppsO
utageOutlined.js 
(1:0): Module level 
directives cause 
errors when bundled, 
"use client" in "node
_modules/@mui/icons-m
aterial/esm/AppsOutag
eOutlined.js" was 
ignored.
node_modules/@mui/ico
ns-material/esm/Appro
valTwoTone.js (1:0): 
Module level 
directives cause 
errors when bundled, 
"use client" in "node
_modules/@mui/icons-m
aterial/esm/ApprovalT
woTone.js" was 
ignored.
node_modules/@mui/ico
ns-material/esm/Apps.
js (1:0): Module 
level directives 
cause errors when 
bundled, "use 
client" in "node_modu
les/@mui/icons-materi
al/esm/Apps.js" was 
ignored.
node_modules/@mui/ico
ns-material/esm/AppsO
utageTwoTone.js 
(1:0): Module level 
directives cause 
errors when bundled, 
"use client" in "node
_modules/@mui/icons-m
aterial/esm/AppsOutag
eTwoTone.js" was 
ignored.
node_modules/@mui/ico
ns-material/esm/AppsO
utage.js (1:0): 
Module level 
directives cause 
errors when bundled, 
"use client" in "node
_modules/@mui/icons-m
aterial/esm/AppsOutag
e.js" was ignored.
node_modules/@mui/ico
ns-material/esm/AppsO
utageRounded.js 
(1:0): Module level 
directives cause 
errors when bundled, 
"use client" in "node
_modules/@mui/icons-m
aterial/esm/AppsOutag
eRounded.js" was 
ignored.
node_modules/@mui/ico
ns-material/esm/AppsR
ounded.js (1:0): 
Module level 
directives cause 
errors when bundled, 
"use client" in "node
_modules/@mui/icons-m
aterial/esm/AppsRound
ed.js" was ignored.
node_modules/@mui/ico
ns-material/esm/AppsO
utageSharp.js (1:0): 
Module level 
directives cause 
errors when bundled, 
"use client" in "node
_modules/@mui/icons-m
aterial/esm/AppsOutag
eSharp.js" was 
ignored.
node_modules/@mui/ico
ns-material/esm/AppsT
woTone.js (1:0): 
Module level 
directives cause 
errors when bundled, 
"use client" in "node
_modules/@mui/icons-m
aterial/esm/AppsTwoTo
ne.js" was ignored.
node_modules/@mui/ico
ns-material/esm/Archi
tectureOutlined.js 
(1:0): Module level 
directives cause 
errors when bundled, 
"use client" in "node
_modules/@mui/icons-m
aterial/esm/Architect
ureOutlined.js" was 
ignored.
node_modules/@mui/ico
ns-material/esm/AppsS
harp.js (1:0): 
Module level 
directives cause 
errors when bundled, 
"use client" in "node
_modules/@mui/icons-m
aterial/esm/AppsSharp
.js" was ignored.
node_modules/@mui/ico
ns-material/esm/Archi
tectureSharp.js 
(1:0): Module level 
directives cause 
errors when bundled, 
"use client" in "node
_modules/@mui/icons-m
aterial/esm/Architect
ureSharp.js" was 
ignored.
node_modules/@mui/ico
ns-material/esm/Archi
tectureRounded.js 
(1:0): Module level 
directives cause 
errors when bundled, 
"use client" in "node
_modules/@mui/icons-m
aterial/esm/Architect
ureRounded.js" was 
ignored.
node_modules/@mui/ico
ns-material/esm/Archi
tectureTwoTone.js 
(1:0): Module level 
directives cause 
errors when bundled, 
"use client" in "node
_modules/@mui/icons-m
aterial/esm/Architect
ureTwoTone.js" was 
ignored.
node_modules/@mui/ico
ns-material/esm/Archi
tecture.js (1:0): 
Module level 
directives cause 
errors when bundled, 
"use client" in "node
_modules/@mui/icons-m
aterial/esm/Architect
ure.js" was ignored.
node_modules/@mui/ico
ns-material/esm/Archi
veOutlined.js (1:0): 
Module level 
directives cause 
errors when bundled, 
"use client" in "node
_modules/@mui/icons-m
aterial/esm/ArchiveOu
tlined.js" was 
ignored.
node_modules/@mui/ico
ns-material/esm/Archi
veSharp.js (1:0): 
Module level 
directives cause 
errors when bundled, 
"use client" in "node
_modules/@mui/icons-m
aterial/esm/ArchiveSh
arp.js" was ignored.
node_modules/@mui/ico
ns-material/esm/Archi
ve.js (1:0): Module 
level directives 
cause errors when 
bundled, "use 
client" in "node_modu
les/@mui/icons-materi
al/esm/Archive.js" 
was ignored.
node_modules/@mui/ico
ns-material/esm/Archi
veRounded.js (1:0): 
Module level 
directives cause 
errors when bundled, 
"use client" in "node
_modules/@mui/icons-m
aterial/esm/ArchiveRo
unded.js" was 
ignored.
node_modules/@mui/ico
ns-material/esm/Arrow
BackIos.js (1:0): 
Module level 
directives cause 
errors when bundled, 
"use client" in "node
_modules/@mui/icons-m
aterial/esm/ArrowBack
Ios.js" was ignored.
node_modules/@mui/ico
ns-material/esm/Archi
veTwoTone.js (1:0): 
Module level 
directives cause 
errors when bundled, 
"use client" in "node
_modules/@mui/icons-m
aterial/esm/ArchiveTw
oTone.js" was 
ignored.
node_modules/@mui/ico
ns-material/esm/AppsO
utlined.js (1:0): 
Module level 
directives cause 
errors when bundled, 
"use client" in "node
_modules/@mui/icons-m
aterial/esm/AppsOutli
ned.js" was ignored.
node_modules/@mui/ico
ns-material/esm/Arrow
BackIosNewOutlined.js
 (1:0): Module level 
directives cause 
errors when bundled, 
"use client" in "node
_modules/@mui/icons-m
aterial/esm/ArrowBack
IosNewOutlined.js" 
was ignored.
node_modules/@mui/ico
ns-material/esm/Arrow
Back.js (1:0): 
Module level 
directives cause 
errors when bundled, 
"use client" in "node
_modules/@mui/icons-m
aterial/esm/ArrowBack
.js" was ignored.
node_modules/@mui/ico
ns-material/esm/Arrow
BackIosNew.js (1:0): 
Module level 
directives cause 
errors when bundled, 
"use client" in "node
_modules/@mui/icons-m
aterial/esm/ArrowBack
IosNew.js" was 
ignored.
node_modules/@mui/ico
ns-material/esm/Arrow
BackIosNewTwoTone.js 
(1:0): Module level 
directives cause 
errors when bundled, 
"use client" in "node
_modules/@mui/icons-m
aterial/esm/ArrowBack
IosNewTwoTone.js" 
was ignored.
node_modules/@mui/ico
ns-material/esm/Arrow
BackIosNewRounded.js 
(1:0): Module level 
directives cause 
errors when bundled, 
"use client" in "node
_modules/@mui/icons-m
aterial/esm/ArrowBack
IosNewRounded.js" 
was ignored.
node_modules/@mui/ico
ns-material/esm/Arrow
BackIosNewSharp.js 
(1:0): Module level 
directives cause 
errors when bundled, 
"use client" in "node
_modules/@mui/icons-m
aterial/esm/ArrowBack
IosNewSharp.js" was 
ignored.
node_modules/@mui/ico
ns-material/esm/Arrow
BackIosOutlined.js 
(1:0): Module level 
directives cause 
errors when bundled, 
"use client" in "node
_modules/@mui/icons-m
aterial/esm/ArrowBack
IosOutlined.js" was 
ignored.
node_modules/@mui/ico
ns-material/esm/Arrow
BackOutlined.js 
(1:0): Module level 
directives cause 
errors when bundled, 
"use client" in "node
_modules/@mui/icons-m
aterial/esm/ArrowBack
Outlined.js" was 
ignored.
node_modules/@mui/ico
ns-material/esm/Arrow
BackIosRounded.js 
(1:0): Module level 
directives cause 
errors when bundled, 
"use client" in "node
_modules/@mui/icons-m
aterial/esm/ArrowBack
IosRounded.js" was 
ignored.
node_modules/@mui/ico
ns-material/esm/Arrow
BackIosSharp.js 
(1:0): Module level 
directives cause 
errors when bundled, 
"use client" in "node
_modules/@mui/icons-m
aterial/esm/ArrowBack
IosSharp.js" was 
ignored.
node_modules/@mui/ico
ns-material/esm/Arrow
BackSharp.js (1:0): 
Module level 
directives cause 
errors when bundled, 
"use client" in "node
_modules/@mui/icons-m
aterial/esm/ArrowBack
Sharp.js" was 
ignored.
node_modules/@mui/ico
ns-material/esm/Arrow
BackIosTwoTone.js 
(1:0): Module level 
directives cause 
errors when bundled, 
"use client" in "node
_modules/@mui/icons-m
aterial/esm/ArrowBack
IosTwoTone.js" was 
ignored.
node_modules/@mui/ico
ns-material/esm/Arrow
CircleDownOutlined.js
 (1:0): Module level 
directives cause 
errors when bundled, 
"use client" in "node
_modules/@mui/icons-m
aterial/esm/ArrowCirc
leDownOutlined.js" 
was ignored.
node_modules/@mui/ico
ns-material/esm/Arrow
CircleDown.js (1:0): 
Module level 
directives cause 
errors when bundled, 
"use client" in "node
_modules/@mui/icons-m
aterial/esm/ArrowCirc
leDown.js" was 
ignored.
node_modules/@mui/ico
ns-material/esm/Arrow
BackRounded.js 
(1:0): Module level 
directives cause 
errors when bundled, 
"use client" in "node
_modules/@mui/icons-m
aterial/esm/ArrowBack
Rounded.js" was 
ignored.
node_modules/@mui/ico
ns-material/esm/Arrow
BackTwoTone.js 
(1:0): Module level 
directives cause 
errors when bundled, 
"use client" in "node
_modules/@mui/icons-m
aterial/esm/ArrowBack
TwoTone.js" was 
ignored.
node_modules/@mui/ico
ns-material/esm/Arrow
CircleDownSharp.js 
(1:0): Module level 
directives cause 
errors when bundled, 
"use client" in "node
_modules/@mui/icons-m
aterial/esm/ArrowCirc
leDownSharp.js" was 
ignored.
node_modules/@mui/ico
ns-material/esm/Arrow
CircleDownRounded.js 
(1:0): Module level 
directives cause 
errors when bundled, 
"use client" in "node
_modules/@mui/icons-m
aterial/esm/ArrowCirc
leDownRounded.js" 
was ignored.
node_modules/@mui/ico
ns-material/esm/Arrow
CircleDownTwoTone.js 
(1:0): Module level 
directives cause 
errors when bundled, 
"use client" in "node
_modules/@mui/icons-m
aterial/esm/ArrowCirc
leDownTwoTone.js" 
was ignored.
node_modules/@mui/ico
ns-material/esm/Arrow
CircleLeftOutlined.js
 (1:0): Module level 
directives cause 
errors when bundled, 
"use client" in "node
_modules/@mui/icons-m
aterial/esm/ArrowCirc
leLeftOutlined.js" 
was ignored.
node_modules/@mui/ico
ns-material/esm/Arrow
CircleRightOutlined.j
s (1:0): Module 
level directives 
cause errors when 
bundled, "use 
client" in "node_modu
les/@mui/icons-materi
al/esm/ArrowCircleRig
htOutlined.js" was 
ignored.
node_modules/@mui/ico
ns-material/esm/Arrow
CircleLeft.js (1:0): 
Module level 
directives cause 
errors when bundled, 
"use client" in "node
_modules/@mui/icons-m
aterial/esm/ArrowCirc
leLeft.js" was 
ignored.
node_modules/@mui/ico
ns-material/esm/Arrow
CircleLeftSharp.js 
(1:0): Module level 
directives cause 
errors when bundled, 
"use client" in "node
_modules/@mui/icons-m
aterial/esm/ArrowCirc
leLeftSharp.js" was 
ignored.
node_modules/@mui/ico
ns-material/esm/Arrow
CircleRight.js 
(1:0): Module level 
directives cause 
errors when bundled, 
"use client" in "node
_modules/@mui/icons-m
aterial/esm/ArrowCirc
leRight.js" was 
ignored.
node_modules/@mui/ico
ns-material/esm/Arrow
CircleUpOutlined.js 
(1:0): Module level 
directives cause 
errors when bundled, 
"use client" in "node
_modules/@mui/icons-m
aterial/esm/ArrowCirc
leUpOutlined.js" was 
ignored.
node_modules/@mui/ico
ns-material/esm/Arrow
CircleLeftTwoTone.js 
(1:0): Module level 
directives cause 
errors when bundled, 
"use client" in "node
_modules/@mui/icons-m
aterial/esm/ArrowCirc
leLeftTwoTone.js" 
was ignored.
node_modules/@mui/ico
ns-material/esm/Arrow
CircleLeftRounded.js 
(1:0): Module level 
directives cause 
errors when bundled, 
"use client" in "node
_modules/@mui/icons-m
aterial/esm/ArrowCirc
leLeftRounded.js" 
was ignored.
node_modules/@mui/ico
ns-material/esm/Arrow
CircleRightTwoTone.js
 (1:0): Module level 
directives cause 
errors when bundled, 
"use client" in "node
_modules/@mui/icons-m
aterial/esm/ArrowCirc
leRightTwoTone.js" 
was ignored.
node_modules/@mui/ico
ns-material/esm/Arrow
CircleRightSharp.js 
(1:0): Module level 
directives cause 
errors when bundled, 
"use client" in "node
_modules/@mui/icons-m
aterial/esm/ArrowCirc
leRightSharp.js" was 
ignored.
node_modules/@mui/ico
ns-material/esm/Arrow
CircleUp.js (1:0): 
Module level 
directives cause 
errors when bundled, 
"use client" in "node
_modules/@mui/icons-m
aterial/esm/ArrowCirc
leUp.js" was ignored.
node_modules/@mui/ico
ns-material/esm/Arrow
CircleRightRounded.js
 (1:0): Module level 
directives cause 
errors when bundled, 
"use client" in "node
_modules/@mui/icons-m
aterial/esm/ArrowCirc
leRightRounded.js" 
was ignored.
node_modules/@mui/ico
ns-material/esm/Arrow
DownwardOutlined.js 
(1:0): Module level 
directives cause 
errors when bundled, 
"use client" in "node
_modules/@mui/icons-m
aterial/esm/ArrowDown
wardOutlined.js" was 
ignored.
node_modules/@mui/ico
ns-material/esm/Arrow
CircleUpRounded.js 
(1:0): Module level 
directives cause 
errors when bundled, 
"use client" in "node
_modules/@mui/icons-m
aterial/esm/ArrowCirc
leUpRounded.js" was 
ignored.
node_modules/@mui/ico
ns-material/esm/Arrow
CircleUpSharp.js 
(1:0): Module level 
directives cause 
errors when bundled, 
"use client" in "node
_modules/@mui/icons-m
aterial/esm/ArrowCirc
leUpSharp.js" was 
ignored.
node_modules/@mui/ico
ns-material/esm/Arrow
CircleUpTwoTone.js 
(1:0): Module level 
directives cause 
errors when bundled, 
"use client" in "node
_modules/@mui/icons-m
aterial/esm/ArrowCirc
leUpTwoTone.js" was 
ignored.
node_modules/@mui/ico
ns-material/esm/Arrow
Downward.js (1:0): 
Module level 
directives cause 
errors when bundled, 
"use client" in "node
_modules/@mui/icons-m
aterial/esm/ArrowDown
ward.js" was ignored.
node_modules/@mui/ico
ns-material/esm/Arrow
DropDown.js (1:0): 
Module level 
directives cause 
errors when bundled, 
"use client" in "node
_modules/@mui/icons-m
aterial/esm/ArrowDrop
Down.js" was ignored.
node_modules/@mui/ico
ns-material/esm/Arrow
DownwardSharp.js 
(1:0): Module level 
directives cause 
errors when bundled, 
"use client" in "node
_modules/@mui/icons-m
aterial/esm/ArrowDown
wardSharp.js" was 
ignored.
node_modules/@mui/ico
ns-material/esm/Arrow
DownwardTwoTone.js 
(1:0): Module level 
directives cause 
errors when bundled, 
"use client" in "node
_modules/@mui/icons-m
aterial/esm/ArrowDown
wardTwoTone.js" was 
ignored.
node_modules/@mui/ico
ns-material/esm/Arrow
DownwardRounded.js 
(1:0): Module level 
directives cause 
errors when bundled, 
"use client" in "node
_modules/@mui/icons-m
aterial/esm/ArrowDown
wardRounded.js" was 
ignored.
node_modules/@mui/ico
ns-material/esm/Arrow
DropDownCircleOutline
d.js (1:0): Module 
level directives 
cause errors when 
bundled, "use 
client" in "node_modu
les/@mui/icons-materi
al/esm/ArrowDropDownC
ircleOutlined.js" 
was ignored.
node_modules/@mui/ico
ns-material/esm/Arrow
DropDownCircle.js 
(1:0): Module level 
directives cause 
errors when bundled, 
"use client" in "node
_modules/@mui/icons-m
aterial/esm/ArrowDrop
DownCircle.js" was 
ignored.
node_modules/@mui/ico
ns-material/esm/Arrow
DropDownCircleSharp.j
s (1:0): Module 
level directives 
cause errors when 
bundled, "use 
client" in "node_modu
les/@mui/icons-materi
al/esm/ArrowDropDownC
ircleSharp.js" was 
ignored.
node_modules/@mui/ico
ns-material/esm/Arrow
DropDownRounded.js 
(1:0): Module level 
directives cause 
errors when bundled, 
"use client" in "node
_modules/@mui/icons-m
aterial/esm/ArrowDrop
DownRounded.js" was 
ignored.
node_modules/@mui/ico
ns-material/esm/Arrow
DropDownCircleTwoTone
.js (1:0): Module 
level directives 
cause errors when 
bundled, "use 
client" in "node_modu
les/@mui/icons-materi
al/esm/ArrowDropDownC
ircleTwoTone.js" was 
ignored.
node_modules/@mui/ico
ns-material/esm/Arrow
DropDownCircleRounded
.js (1:0): Module 
level directives 
cause errors when 
bundled, "use 
client" in "node_modu
les/@mui/icons-materi
al/esm/ArrowDropDownC
ircleRounded.js" was 
ignored.
node_modules/@mui/ico
ns-material/esm/Arrow
DropDownOutlined.js 
(1:0): Module level 
directives cause 
errors when bundled, 
"use client" in "node
_modules/@mui/icons-m
aterial/esm/ArrowDrop
DownOutlined.js" was 
ignored.
node_modules/@mui/ico
ns-material/esm/Arrow
DropDownTwoTone.js 
(1:0): Module level 
directives cause 
errors when bundled, 
"use client" in "node
_modules/@mui/icons-m
aterial/esm/ArrowDrop
DownTwoTone.js" was 
ignored.
node_modules/@mui/ico
ns-material/esm/Arrow
DropDownSharp.js 
(1:0): Module level 
directives cause 
errors when bundled, 
"use client" in "node
_modules/@mui/icons-m
aterial/esm/ArrowDrop
DownSharp.js" was 
ignored.
node_modules/@mui/mat
erial/utils/index.js 
(1:0): Module level 
directives cause 
errors when bundled, 
"use client" in "node
_modules/@mui/materia
l/utils/index.js" 
was ignored.
node_modules/@mui/ico
ns-material/esm/Arrow
DropUp.js (1:0): 
Module level 
directives cause 
errors when bundled, 
"use client" in "node
_modules/@mui/icons-m
aterial/esm/ArrowDrop
Up.js" was ignored.
node_modules/@mui/ico
ns-material/esm/Arrow
DropUpRounded.js 
(1:0): Module level 
directives cause 
errors when bundled, 
"use client" in "node
_modules/@mui/icons-m
aterial/esm/ArrowDrop
UpRounded.js" was 
ignored.
node_modules/@mui/ico
ns-material/esm/Arrow
DropUpOutlined.js 
(1:0): Module level 
directives cause 
errors when bundled, 
"use client" in "node
_modules/@mui/icons-m
aterial/esm/ArrowDrop
UpOutlined.js" was 
ignored.
node_modules/@mui/ico
ns-material/esm/Arrow
DropUpSharp.js 
(1:0): Module level 
directives cause 
errors when bundled, 
"use client" in "node
_modules/@mui/icons-m
aterial/esm/ArrowDrop
UpSharp.js" was 
ignored.
node_modules/@mui/ico
ns-material/esm/Arrow
DropUpTwoTone.js 
(1:0): Module level 
directives cause 
errors when bundled, 
"use client" in "node
_modules/@mui/icons-m
aterial/esm/ArrowDrop
UpTwoTone.js" was 
ignored.
node_modules/@mui/ico
ns-material/esm/Arrow
Forward.js (1:0): 
Module level 
directives cause 
errors when bundled, 
"use client" in "node
_modules/@mui/icons-m
aterial/esm/ArrowForw
ard.js" was ignored.
node_modules/@mui/ico
ns-material/esm/Arrow
ForwardIos.js (1:0): 
Module level 
directives cause 
errors when bundled, 
"use client" in "node
_modules/@mui/icons-m
aterial/esm/ArrowForw
ardIos.js" was 
ignored.
node_modules/@mui/ico
ns-material/esm/Arrow
ForwardIosRounded.js 
(1:0): Module level 
directives cause 
errors when bundled, 
"use client" in "node
_modules/@mui/icons-m
aterial/esm/ArrowForw
ardIosRounded.js" 
was ignored.
node_modules/@mui/ico
ns-material/esm/Arrow
ForwardIosOutlined.js
 (1:0): Module level 
directives cause 
errors when bundled, 
"use client" in "node
_modules/@mui/icons-m
aterial/esm/ArrowForw
ardIosOutlined.js" 
was ignored.
node_modules/@mui/ico
ns-material/esm/Arrow
ForwardIosSharp.js 
(1:0): Module level 
directives cause 
errors when bundled, 
"use client" in "node
_modules/@mui/icons-m
aterial/esm/ArrowForw
ardIosSharp.js" was 
ignored.
node_modules/@mui/ico
ns-material/esm/Arrow
ForwardIosTwoTone.js 
(1:0): Module level 
directives cause 
errors when bundled, 
"use client" in "node
_modules/@mui/icons-m
aterial/esm/ArrowForw
ardIosTwoTone.js" 
was ignored.
node_modules/@mui/ico
ns-material/esm/Arrow
ForwardOutlined.js 
(1:0): Module level 
directives cause 
errors when bundled, 
"use client" in "node
_modules/@mui/icons-m
aterial/esm/ArrowForw
ardOutlined.js" was 
ignored.
node_modules/@mui/ico
ns-material/esm/Arrow
ForwardRounded.js 
(1:0): Module level 
directives cause 
errors when bundled, 
"use client" in "node
_modules/@mui/icons-m
aterial/esm/ArrowForw
ardRounded.js" was 
ignored.
node_modules/@mui/ico
ns-material/esm/Arrow
ForwardTwoTone.js 
(1:0): Module level 
directives cause 
errors when bundled, 
"use client" in "node
_modules/@mui/icons-m
aterial/esm/ArrowForw
ardTwoTone.js" was 
ignored.
node_modules/@mui/ico
ns-material/esm/Arrow
Left.js (1:0): 
Module level 
directives cause 
errors when bundled, 
"use client" in "node
_modules/@mui/icons-m
aterial/esm/ArrowLeft
.js" was ignored.
node_modules/@mui/ico
ns-material/esm/Arrow
ForwardSharp.js 
(1:0): Module level 
directives cause 
errors when bundled, 
"use client" in "node
_modules/@mui/icons-m
aterial/esm/ArrowForw
ardSharp.js" was 
ignored.
node_modules/@mui/ico
ns-material/esm/Arrow
LeftOutlined.js 
(1:0): Module level 
directives cause 
errors when bundled, 
"use client" in "node
_modules/@mui/icons-m
aterial/esm/ArrowLeft
Outlined.js" was 
ignored.
node_modules/@mui/ico
ns-material/esm/Arrow
LeftRounded.js 
(1:0): Module level 
directives cause 
errors when bundled, 
"use client" in "node
_modules/@mui/icons-m
aterial/esm/ArrowLeft
Rounded.js" was 
ignored.
node_modules/@mui/ico
ns-material/esm/Arrow
LeftSharp.js (1:0): 
Module level 
directives cause 
errors when bundled, 
"use client" in "node
_modules/@mui/icons-m
aterial/esm/ArrowLeft
Sharp.js" was 
ignored.
node_modules/@mui/ico
ns-material/esm/Arrow
LeftTwoTone.js 
(1:0): Module level 
directives cause 
errors when bundled, 
"use client" in "node
_modules/@mui/icons-m
aterial/esm/ArrowLeft
TwoTone.js" was 
ignored.
node_modules/@mui/ico
ns-material/esm/Arrow
Outward.js (1:0): 
Module level 
directives cause 
errors when bundled, 
"use client" in "node
_modules/@mui/icons-m
aterial/esm/ArrowOutw
ard.js" was ignored.
node_modules/@mui/ico
ns-material/esm/Arrow
OutwardOutlined.js 
(1:0): Module level 
directives cause 
errors when bundled, 
"use client" in "node
_modules/@mui/icons-m
aterial/esm/ArrowOutw
ardOutlined.js" was 
ignored.
node_modules/@mui/ico
ns-material/esm/Arrow
OutwardRounded.js 
(1:0): Module level 
directives cause 
errors when bundled, 
"use client" in "node
_modules/@mui/icons-m
aterial/esm/ArrowOutw
ardRounded.js" was 
ignored.
node_modules/@mui/ico
ns-material/esm/Arrow
OutwardTwoTone.js 
(1:0): Module level 
directives cause 
errors when bundled, 
"use client" in "node
_modules/@mui/icons-m
aterial/esm/ArrowOutw
ardTwoTone.js" was 
ignored.
node_modules/@mui/ico
ns-material/esm/Arrow
Right.js (1:0): 
Module level 
directives cause 
errors when bundled, 
"use client" in "node
_modules/@mui/icons-m
aterial/esm/ArrowRigh
t.js" was ignored.
node_modules/@mui/ico
ns-material/esm/Arrow
RightAlt.js (1:0): 
Module level 
directives cause 
errors when bundled, 
"use client" in "node
_modules/@mui/icons-m
aterial/esm/ArrowRigh
tAlt.js" was ignored.
node_modules/@mui/ico
ns-material/esm/Arrow
RightAltRounded.js 
(1:0): Module level 
directives cause 
errors when bundled, 
"use client" in "node
_modules/@mui/icons-m
aterial/esm/ArrowRigh
tAltRounded.js" was 
ignored.
node_modules/@mui/ico
ns-material/esm/Arrow
RightAltSharp.js 
(1:0): Module level 
directives cause 
errors when bundled, 
"use client" in "node
_modules/@mui/icons-m
aterial/esm/ArrowRigh
tAltSharp.js" was 
ignored.
node_modules/@mui/ico
ns-material/esm/Arrow
RightAltTwoTone.js 
(1:0): Module level 
directives cause 
errors when bundled, 
"use client" in "node
_modules/@mui/icons-m
aterial/esm/ArrowRigh
tAltTwoTone.js" was 
ignored.
node_modules/@mui/ico
ns-material/esm/Arrow
RightAltOutlined.js 
(1:0): Module level 
directives cause 
errors when bundled, 
"use client" in "node
_modules/@mui/icons-m
aterial/esm/ArrowRigh
tAltOutlined.js" was 
ignored.
node_modules/@mui/ico
ns-material/esm/Arrow
OutwardSharp.js 
(1:0): Module level 
directives cause 
errors when bundled, 
"use client" in "node
_modules/@mui/icons-m
aterial/esm/ArrowOutw
ardSharp.js" was 
ignored.
node_modules/@mui/ico
ns-material/esm/Arrow
RightRounded.js 
(1:0): Module level 
directives cause 
errors when bundled, 
"use client" in "node
_modules/@mui/icons-m
aterial/esm/ArrowRigh
tRounded.js" was 
ignored.
node_modules/@mui/ico
ns-material/esm/Arrow
RightOutlined.js 
(1:0): Module level 
directives cause 
errors when bundled, 
"use client" in "node
_modules/@mui/icons-m
aterial/esm/ArrowRigh
tOutlined.js" was 
ignored.
node_modules/@mui/ico
ns-material/esm/Arrow
RightSharp.js (1:0): 
Module level 
directives cause 
errors when bundled, 
"use client" in "node
_modules/@mui/icons-m
aterial/esm/ArrowRigh
tSharp.js" was 
ignored.
node_modules/@mui/ico
ns-material/esm/Arrow
Upward.js (1:0): 
Module level 
directives cause 
errors when bundled, 
"use client" in "node
_modules/@mui/icons-m
aterial/esm/ArrowUpwa
rd.js" was ignored.
node_modules/@mui/ico
ns-material/esm/Arrow
UpwardOutlined.js 
(1:0): Module level 
directives cause 
errors when bundled, 
"use client" in "node
_modules/@mui/icons-m
aterial/esm/ArrowUpwa
rdOutlined.js" was 
ignored.
node_modules/@mui/ico
ns-material/esm/Arrow
UpwardRounded.js 
(1:0): Module level 
directives cause 
errors when bundled, 
"use client" in "node
_modules/@mui/icons-m
aterial/esm/ArrowUpwa
rdRounded.js" was 
ignored.
node_modules/@mui/ico
ns-material/esm/Arrow
RightTwoTone.js 
(1:0): Module level 
directives cause 
errors when bundled, 
"use client" in "node
_modules/@mui/icons-m
aterial/esm/ArrowRigh
tTwoTone.js" was 
ignored.
node_modules/@mui/ico
ns-material/esm/Arrow
UpwardSharp.js 
(1:0): Module level 
directives cause 
errors when bundled, 
"use client" in "node
_modules/@mui/icons-m
aterial/esm/ArrowUpwa
rdSharp.js" was 
ignored.
node_modules/@mui/ico
ns-material/esm/Arrow
UpwardTwoTone.js 
(1:0): Module level 
directives cause 
errors when bundled, 
"use client" in "node
_modules/@mui/icons-m
aterial/esm/ArrowUpwa
rdTwoTone.js" was 
ignored.
node_modules/@mui/ico
ns-material/esm/ArtTr
ackOutlined.js 
(1:0): Module level 
directives cause 
errors when bundled, 
"use client" in "node
_modules/@mui/icons-m
aterial/esm/ArtTrackO
utlined.js" was 
ignored.
node_modules/@mui/ico
ns-material/esm/ArtTr
ack.js (1:0): Module 
level directives 
cause errors when 
bundled, "use 
client" in "node_modu
les/@mui/icons-materi
al/esm/ArtTrack.js" 
was ignored.
node_modules/@mui/ico
ns-material/esm/ArtTr
ackRounded.js (1:0): 
Module level 
directives cause 
errors when bundled, 
"use client" in "node
_modules/@mui/icons-m
aterial/esm/ArtTrackR
ounded.js" was 
ignored.
node_modules/@mui/ico
ns-material/esm/ArtTr
ackSharp.js (1:0): 
Module level 
directives cause 
errors when bundled, 
"use client" in "node
_modules/@mui/icons-m
aterial/esm/ArtTrackS
harp.js" was ignored.
node_modules/@mui/ico
ns-material/esm/ArtTr
ackTwoTone.js (1:0): 
Module level 
directives cause 
errors when bundled, 
"use client" in "node
_modules/@mui/icons-m
aterial/esm/ArtTrackT
woTone.js" was 
ignored.
node_modules/@mui/ico
ns-material/esm/Artic
le.js (1:0): Module 
level directives 
cause errors when 
bundled, "use 
client" in "node_modu
les/@mui/icons-materi
al/esm/Article.js" 
was ignored.
node_modules/@mui/ico
ns-material/esm/Artic
leOutlined.js (1:0): 
Module level 
directives cause 
errors when bundled, 
"use client" in "node
_modules/@mui/icons-m
aterial/esm/ArticleOu
tlined.js" was 
ignored.
node_modules/@mui/ico
ns-material/esm/Artic
leRounded.js (1:0): 
Module level 
directives cause 
errors when bundled, 
"use client" in "node
_modules/@mui/icons-m
aterial/esm/ArticleRo
unded.js" was 
ignored.
node_modules/@mui/ico
ns-material/esm/Artic
leSharp.js (1:0): 
Module level 
directives cause 
errors when bundled, 
"use client" in "node
_modules/@mui/icons-m
aterial/esm/ArticleSh
arp.js" was ignored.
node_modules/@mui/ico
ns-material/esm/Artic
leTwoTone.js (1:0): 
Module level 
directives cause 
errors when bundled, 
"use client" in "node
_modules/@mui/icons-m
aterial/esm/ArticleTw
oTone.js" was 
ignored.
node_modules/@mui/ico
ns-material/esm/Aspec
tRatio.js (1:0): 
Module level 
directives cause 
errors when bundled, 
"use client" in "node
_modules/@mui/icons-m
aterial/esm/AspectRat
io.js" was ignored.
node_modules/@mui/ico
ns-material/esm/Aspec
tRatioOutlined.js 
(1:0): Module level 
directives cause 
errors when bundled, 
"use client" in "node
_modules/@mui/icons-m
aterial/esm/AspectRat
ioOutlined.js" was 
ignored.
node_modules/@mui/ico
ns-material/esm/Aspec
tRatioRounded.js 
(1:0): Module level 
directives cause 
errors when bundled, 
"use client" in "node
_modules/@mui/icons-m
aterial/esm/AspectRat
ioRounded.js" was 
ignored.
node_modules/@mui/ico
ns-material/esm/Aspec
tRatioSharp.js 
(1:0): Module level 
directives cause 
errors when bundled, 
"use client" in "node
_modules/@mui/icons-m
aterial/esm/AspectRat
ioSharp.js" was 
ignored.
node_modules/@mui/ico
ns-material/esm/Aspec
tRatioTwoTone.js 
(1:0): Module level 
directives cause 
errors when bundled, 
"use client" in "node
_modules/@mui/icons-m
aterial/esm/AspectRat
ioTwoTone.js" was 
ignored.
node_modules/@mui/ico
ns-material/esm/Asses
sment.js (1:0): 
Module level 
directives cause 
errors when bundled, 
"use client" in "node
_modules/@mui/icons-m
aterial/esm/Assessmen
t.js" was ignored.
node_modules/@mui/ico
ns-material/esm/Asses
smentOutlined.js 
(1:0): Module level 
directives cause 
errors when bundled, 
"use client" in "node
_modules/@mui/icons-m
aterial/esm/Assessmen
tOutlined.js" was 
ignored.
node_modules/@mui/ico
ns-material/esm/Asses
smentRounded.js 
(1:0): Module level 
directives cause 
errors when bundled, 
"use client" in "node
_modules/@mui/icons-m
aterial/esm/Assessmen
tRounded.js" was 
ignored.
node_modules/@mui/ico
ns-material/esm/Asses
smentSharp.js (1:0): 
Module level 
directives cause 
errors when bundled, 
"use client" in "node
_modules/@mui/icons-m
aterial/esm/Assessmen
tSharp.js" was 
ignored.
node_modules/@mui/ico
ns-material/esm/Asses
smentTwoTone.js 
(1:0): Module level 
directives cause 
errors when bundled, 
"use client" in "node
_modules/@mui/icons-m
aterial/esm/Assessmen
tTwoTone.js" was 
ignored.
node_modules/@mui/ico
ns-material/esm/Assig
nment.js (1:0): 
Module level 
directives cause 
errors when bundled, 
"use client" in "node
_modules/@mui/icons-m
aterial/esm/Assignmen
t.js" was ignored.
node_modules/@mui/ico
ns-material/esm/Assig
nmentInd.js (1:0): 
Module level 
directives cause 
errors when bundled, 
"use client" in "node
_modules/@mui/icons-m
aterial/esm/Assignmen
tInd.js" was ignored.
node_modules/@mui/ico
ns-material/esm/Assig
nmentIndOutlined.js 
(1:0): Module level 
directives cause 
errors when bundled, 
"use client" in "node
_modules/@mui/icons-m
aterial/esm/Assignmen
tIndOutlined.js" was 
ignored.
node_modules/@mui/ico
ns-material/esm/Assig
nmentIndRounded.js 
(1:0): Module level 
directives cause 
errors when bundled, 
"use client" in "node
_modules/@mui/icons-m
aterial/esm/Assignmen
tIndRounded.js" was 
ignored.
node_modules/@mui/ico
ns-material/esm/Assig
nmentIndSharp.js 
(1:0): Module level 
directives cause 
errors when bundled, 
"use client" in "node
_modules/@mui/icons-m
aterial/esm/Assignmen
tIndSharp.js" was 
ignored.
node_modules/@mui/ico
ns-material/esm/Assig
nmentIndTwoTone.js 
(1:0): Module level 
directives cause 
errors when bundled, 
"use client" in "node
_modules/@mui/icons-m
aterial/esm/Assignmen
tIndTwoTone.js" was 
ignored.
node_modules/@mui/ico
ns-material/esm/Assig
nmentLate.js (1:0): 
Module level 
directives cause 
errors when bundled, 
"use client" in "node
_modules/@mui/icons-m
aterial/esm/Assignmen
tLate.js" was 
ignored.
node_modules/@mui/ico
ns-material/esm/Assig
nmentLateOutlined.js 
(1:0): Module level 
directives cause 
errors when bundled, 
"use client" in "node
_modules/@mui/icons-m
aterial/esm/Assignmen
tLateOutlined.js" 
was ignored.
node_modules/@mui/ico
ns-material/esm/Assig
nmentLateRounded.js 
(1:0): Module level 
directives cause 
errors when bundled, 
"use client" in "node
_modules/@mui/icons-m
aterial/esm/Assignmen
tLateRounded.js" was 
ignored.
node_modules/@mui/ico
ns-material/esm/Assig
nmentLateSharp.js 
(1:0): Module level 
directives cause 
errors when bundled, 
"use client" in "node
_modules/@mui/icons-m
aterial/esm/Assignmen
tLateSharp.js" was 
ignored.
node_modules/@mui/ico
ns-material/esm/Assig
nmentLateTwoTone.js 
(1:0): Module level 
directives cause 
errors when bundled, 
"use client" in "node
_modules/@mui/icons-m
aterial/esm/Assignmen
tLateTwoTone.js" was 
ignored.
node_modules/@mui/ico
ns-material/esm/Assig
nmentOutlined.js 
(1:0): Module level 
directives cause 
errors when bundled, 
"use client" in "node
_modules/@mui/icons-m
aterial/esm/Assignmen
tOutlined.js" was 
ignored.
node_modules/@mui/ico
ns-material/esm/Assig
nmentReturn.js 
(1:0): Module level 
directives cause 
errors when bundled, 
"use client" in "node
_modules/@mui/icons-m
aterial/esm/Assignmen
tReturn.js" was 
ignored.
node_modules/@mui/ico
ns-material/esm/Assig
nmentReturnOutlined.j
s (1:0): Module 
level directives 
cause errors when 
bundled, "use 
client" in "node_modu
les/@mui/icons-materi
al/esm/AssignmentRetu
rnOutlined.js" was 
ignored.
node_modules/@mui/ico
ns-material/esm/Assig
nmentReturnRounded.js
 (1:0): Module level 
directives cause 
errors when bundled, 
"use client" in "node
_modules/@mui/icons-m
aterial/esm/Assignmen
tReturnRounded.js" 
was ignored.
node_modules/@mui/ico
ns-material/esm/Assig
nmentReturnSharp.js 
(1:0): Module level 
directives cause 
errors when bundled, 
"use client" in "node
_modules/@mui/icons-m
aterial/esm/Assignmen
tReturnSharp.js" was 
ignored.
node_modules/@mui/ico
ns-material/esm/Assig
nmentReturnTwoTone.js
 (1:0): Module level 
directives cause 
errors when bundled, 
"use client" in "node
_modules/@mui/icons-m
aterial/esm/Assignmen
tReturnTwoTone.js" 
was ignored.
node_modules/@mui/ico
ns-material/esm/Assig
nmentReturnedRounded.
js (1:0): Module 
level directives 
cause errors when 
bundled, "use 
client" in "node_modu
les/@mui/icons-materi
al/esm/AssignmentRetu
rnedRounded.js" was 
ignored.
node_modules/@mui/ico
ns-material/esm/Assig
nmentReturned.js 
(1:0): Module level 
directives cause 
errors when bundled, 
"use client" in "node
_modules/@mui/icons-m
aterial/esm/Assignmen
tReturned.js" was 
ignored.
node_modules/@mui/ico
ns-material/esm/Assig
nmentReturnedOutlined
.js (1:0): Module 
level directives 
cause errors when 
bundled, "use 
client" in "node_modu
les/@mui/icons-materi
al/esm/AssignmentRetu
rnedOutlined.js" was 
ignored.
node_modules/@mui/ico
ns-material/esm/Assig
nmentReturnedSharp.js
 (1:0): Module level 
directives cause 
errors when bundled, 
"use client" in "node
_modules/@mui/icons-m
aterial/esm/Assignmen
tReturnedSharp.js" 
was ignored.
node_modules/@mui/ico
ns-material/esm/Assig
nmentReturnedTwoTone.
js (1:0): Module 
level directives 
cause errors when 
bundled, "use 
client" in "node_modu
les/@mui/icons-materi
al/esm/AssignmentRetu
rnedTwoTone.js" was 
ignored.
node_modules/@mui/ico
ns-material/esm/Assig
nmentRounded.js 
(1:0): Module level 
directives cause 
errors when bundled, 
"use client" in "node
_modules/@mui/icons-m
aterial/esm/Assignmen
tRounded.js" was 
ignored.
node_modules/@mui/ico
ns-material/esm/Assig
nmentSharp.js (1:0): 
Module level 
directives cause 
errors when bundled, 
"use client" in "node
_modules/@mui/icons-m
aterial/esm/Assignmen
tSharp.js" was 
ignored.
node_modules/@mui/ico
ns-material/esm/Assig
nmentTurnedIn.js 
(1:0): Module level 
directives cause 
errors when bundled, 
"use client" in "node
_modules/@mui/icons-m
aterial/esm/Assignmen
tTurnedIn.js" was 
ignored.
node_modules/@mui/ico
ns-material/esm/Assig
nmentTurnedInRounded.
js (1:0): Module 
level directives 
cause errors when 
bundled, "use 
client" in "node_modu
les/@mui/icons-materi
al/esm/AssignmentTurn
edInRounded.js" was 
ignored.
node_modules/@mui/ico
ns-material/esm/Assig
nmentTurnedInSharp.js
 (1:0): Module level 
directives cause 
errors when bundled, 
"use client" in "node
_modules/@mui/icons-m
aterial/esm/Assignmen
tTurnedInSharp.js" 
was ignored.
node_modules/@mui/ico
ns-material/esm/Assig
nmentTurnedInTwoTone.
js (1:0): Module 
level directives 
cause errors when 
bundled, "use 
client" in "node_modu
les/@mui/icons-materi
al/esm/AssignmentTurn
edInTwoTone.js" was 
ignored.
node_modules/@mui/ico
ns-material/esm/Assig
nmentTurnedInOutlined
.js (1:0): Module 
level directives 
cause errors when 
bundled, "use 
client" in "node_modu
les/@mui/icons-materi
al/esm/AssignmentTurn
edInOutlined.js" was 
ignored.
node_modules/@mui/ico
ns-material/esm/Assig
nmentTwoTone.js 
(1:0): Module level 
directives cause 
errors when bundled, 
"use client" in "node
_modules/@mui/icons-m
aterial/esm/Assignmen
tTwoTone.js" was 
ignored.
node_modules/@mui/ico
ns-material/esm/Assis
tWalker.js (1:0): 
Module level 
directives cause 
errors when bundled, 
"use client" in "node
_modules/@mui/icons-m
aterial/esm/AssistWal
ker.js" was ignored.
node_modules/@mui/ico
ns-material/esm/Assis
tWalkerOutlined.js 
(1:0): Module level 
directives cause 
errors when bundled, 
"use client" in "node
_modules/@mui/icons-m
aterial/esm/AssistWal
kerOutlined.js" was 
ignored.
node_modules/@mui/ico
ns-material/esm/Assis
tWalkerRounded.js 
(1:0): Module level 
directives cause 
errors when bundled, 
"use client" in "node
_modules/@mui/icons-m
aterial/esm/AssistWal
kerRounded.js" was 
ignored.
node_modules/@mui/ico
ns-material/esm/Assis
tWalkerSharp.js 
(1:0): Module level 
directives cause 
errors when bundled, 
"use client" in "node
_modules/@mui/icons-m
aterial/esm/AssistWal
kerSharp.js" was 
ignored.
node_modules/@mui/ico
ns-material/esm/Assis
tWalkerTwoTone.js 
(1:0): Module level 
directives cause 
errors when bundled, 
"use client" in "node
_modules/@mui/icons-m
aterial/esm/AssistWal
kerTwoTone.js" was 
ignored.
node_modules/@mui/ico
ns-material/esm/Assis
tant.js (1:0): 
Module level 
directives cause 
errors when bundled, 
"use client" in "node
_modules/@mui/icons-m
aterial/esm/Assistant
.js" was ignored.
node_modules/@mui/ico
ns-material/esm/Assis
tantDirection.js 
(1:0): Module level 
directives cause 
errors when bundled, 
"use client" in "node
_modules/@mui/icons-m
aterial/esm/Assistant
Direction.js" was 
ignored.
node_modules/@mui/ico
ns-material/esm/Assis
tantDirectionOutlined
.js (1:0): Module 
level directives 
cause errors when 
bundled, "use 
client" in "node_modu
les/@mui/icons-materi
al/esm/AssistantDirec
tionOutlined.js" was 
ignored.
node_modules/@mui/ico
ns-material/esm/Assis
tantDirectionSharp.js
 (1:0): Module level 
directives cause 
errors when bundled, 
"use client" in "node
_modules/@mui/icons-m
aterial/esm/Assistant
DirectionSharp.js" 
was ignored.
node_modules/@mui/ico
ns-material/esm/Assis
tantDirectionRounded.
js (1:0): Module 
level directives 
cause errors when 
bundled, "use 
client" in "node_modu
les/@mui/icons-materi
al/esm/AssistantDirec
tionRounded.js" was 
ignored.
node_modules/@mui/ico
ns-material/esm/Assis
tantDirectionTwoTone.
js (1:0): Module 
level directives 
cause errors when 
bundled, "use 
client" in "node_modu
les/@mui/icons-materi
al/esm/AssistantDirec
tionTwoTone.js" was 
ignored.
node_modules/@mui/ico
ns-material/esm/Assis
tantOutlined.js 
(1:0): Module level 
directives cause 
errors when bundled, 
"use client" in "node
_modules/@mui/icons-m
aterial/esm/Assistant
Outlined.js" was 
ignored.
node_modules/@mui/ico
ns-material/esm/Assis
tantPhoto.js (1:0): 
Module level 
directives cause 
errors when bundled, 
"use client" in "node
_modules/@mui/icons-m
aterial/esm/Assistant
Photo.js" was 
ignored.
node_modules/@mui/ico
ns-material/esm/Assis
tantPhotoOutlined.js 
(1:0): Module level 
directives cause 
errors when bundled, 
"use client" in "node
_modules/@mui/icons-m
aterial/esm/Assistant
PhotoOutlined.js" 
was ignored.
node_modules/@mui/ico
ns-material/esm/Assis
tantPhotoRounded.js 
(1:0): Module level 
directives cause 
errors when bundled, 
"use client" in "node
_modules/@mui/icons-m
aterial/esm/Assistant
PhotoRounded.js" was 
ignored.
node_modules/@mui/ico
ns-material/esm/Assis
tantPhotoSharp.js 
(1:0): Module level 
directives cause 
errors when bundled, 
"use client" in "node
_modules/@mui/icons-m
aterial/esm/Assistant
PhotoSharp.js" was 
ignored.
node_modules/@mui/ico
ns-material/esm/Assis
tantRounded.js 
(1:0): Module level 
directives cause 
errors when bundled, 
"use client" in "node
_modules/@mui/icons-m
aterial/esm/Assistant
Rounded.js" was 
ignored.
node_modules/@mui/ico
ns-material/esm/Assis
tantPhotoTwoTone.js 
(1:0): Module level 
directives cause 
errors when bundled, 
"use client" in "node
_modules/@mui/icons-m
aterial/esm/Assistant
PhotoTwoTone.js" was 
ignored.
node_modules/@mui/ico
ns-material/esm/Assis
tantSharp.js (1:0): 
Module level 
directives cause 
errors when bundled, 
"use client" in "node
_modules/@mui/icons-m
aterial/esm/Assistant
Sharp.js" was 
ignored.
node_modules/@mui/ico
ns-material/esm/Assis
tantTwoTone.js 
(1:0): Module level 
directives cause 
errors when bundled, 
"use client" in "node
_modules/@mui/icons-m
aterial/esm/Assistant
TwoTone.js" was 
ignored.
node_modules/@mui/ico
ns-material/esm/Assur
edWorkload.js (1:0): 
Module level 
directives cause 
errors when bundled, 
"use client" in "node
_modules/@mui/icons-m
aterial/esm/AssuredWo
rkload.js" was 
ignored.
node_modules/@mui/ico
ns-material/esm/Assur
edWorkloadOutlined.js
 (1:0): Module level 
directives cause 
errors when bundled, 
"use client" in "node
_modules/@mui/icons-m
aterial/esm/AssuredWo
rkloadOutlined.js" 
was ignored.
node_modules/@mui/ico
ns-material/esm/Assur
edWorkloadRounded.js 
(1:0): Module level 
directives cause 
errors when bundled, 
"use client" in "node
_modules/@mui/icons-m
aterial/esm/AssuredWo
rkloadRounded.js" 
was ignored.
node_modules/@mui/ico
ns-material/esm/Assur
edWorkloadSharp.js 
(1:0): Module level 
directives cause 
errors when bundled, 
"use client" in "node
_modules/@mui/icons-m
aterial/esm/AssuredWo
rkloadSharp.js" was 
ignored.
node_modules/@mui/ico
ns-material/esm/AtmOu
tlined.js (1:0): 
Module level 
directives cause 
errors when bundled, 
"use client" in "node
_modules/@mui/icons-m
aterial/esm/AtmOutlin
ed.js" was ignored.
node_modules/@mui/ico
ns-material/esm/AtmRo
unded.js (1:0): 
Module level 
directives cause 
errors when bundled, 
"use client" in "node
_modules/@mui/icons-m
aterial/esm/AtmRounde
d.js" was ignored.
node_modules/@mui/ico
ns-material/esm/AtmSh
arp.js (1:0): Module 
level directives 
cause errors when 
bundled, "use 
client" in "node_modu
les/@mui/icons-materi
al/esm/AtmSharp.js" 
was ignored.
node_modules/@mui/ico
ns-material/esm/Attac
hEmail.js (1:0): 
Module level 
directives cause 
errors when bundled, 
"use client" in "node
_modules/@mui/icons-m
aterial/esm/AttachEma
il.js" was ignored.
node_modules/@mui/ico
ns-material/esm/AtmTw
oTone.js (1:0): 
Module level 
directives cause 
errors when bundled, 
"use client" in "node
_modules/@mui/icons-m
aterial/esm/AtmTwoTon
e.js" was ignored.
node_modules/@mui/ico
ns-material/esm/Assur
edWorkloadTwoTone.js 
(1:0): Module level 
directives cause 
errors when bundled, 
"use client" in "node
_modules/@mui/icons-m
aterial/esm/AssuredWo
rkloadTwoTone.js" 
was ignored.
node_modules/@mui/ico
ns-material/esm/Attac
hEmailOutlined.js 
(1:0): Module level 
directives cause 
errors when bundled, 
"use client" in "node
_modules/@mui/icons-m
aterial/esm/AttachEma
ilOutlined.js" was 
ignored.
node_modules/@mui/ico
ns-material/esm/Attac
hEmailRounded.js 
(1:0): Module level 
directives cause 
errors when bundled, 
"use client" in "node
_modules/@mui/icons-m
aterial/esm/AttachEma
ilRounded.js" was 
ignored.
node_modules/@mui/ico
ns-material/esm/Attac
hEmailTwoTone.js 
(1:0): Module level 
directives cause 
errors when bundled, 
"use client" in "node
_modules/@mui/icons-m
aterial/esm/AttachEma
ilTwoTone.js" was 
ignored.
node_modules/@mui/ico
ns-material/esm/Attac
hEmailSharp.js 
(1:0): Module level 
directives cause 
errors when bundled, 
"use client" in "node
_modules/@mui/icons-m
aterial/esm/AttachEma
ilSharp.js" was 
ignored.
node_modules/@mui/ico
ns-material/esm/Attac
hFileOutlined.js 
(1:0): Module level 
directives cause 
errors when bundled, 
"use client" in "node
_modules/@mui/icons-m
aterial/esm/AttachFil
eOutlined.js" was 
ignored.
node_modules/@mui/ico
ns-material/esm/Attac
hFile.js (1:0): 
Module level 
directives cause 
errors when bundled, 
"use client" in "node
_modules/@mui/icons-m
aterial/esm/AttachFil
e.js" was ignored.
node_modules/@mui/ico
ns-material/esm/Attac
hFileRounded.js 
(1:0): Module level 
directives cause 
errors when bundled, 
"use client" in "node
_modules/@mui/icons-m
aterial/esm/AttachFil
eRounded.js" was 
ignored.
node_modules/@mui/ico
ns-material/esm/Attac
hFileTwoTone.js 
(1:0): Module level 
directives cause 
errors when bundled, 
"use client" in "node
_modules/@mui/icons-m
aterial/esm/AttachFil
eTwoTone.js" was 
ignored.
node_modules/@mui/ico
ns-material/esm/Attac
hFileSharp.js (1:0): 
Module level 
directives cause 
errors when bundled, 
"use client" in "node
_modules/@mui/icons-m
aterial/esm/AttachFil
eSharp.js" was 
ignored.
node_modules/@mui/ico
ns-material/esm/Attac
hMoney.js (1:0): 
Module level 
directives cause 
errors when bundled, 
"use client" in "node
_modules/@mui/icons-m
aterial/esm/AttachMon
ey.js" was ignored.
node_modules/@mui/ico
ns-material/esm/Attac
hMoneyOutlined.js 
(1:0): Module level 
directives cause 
errors when bundled, 
"use client" in "node
_modules/@mui/icons-m
aterial/esm/AttachMon
eyOutlined.js" was 
ignored.
node_modules/@mui/ico
ns-material/esm/Atm.j
s (1:0): Module 
level directives 
cause errors when 
bundled, "use 
client" in "node_modu
les/@mui/icons-materi
al/esm/Atm.js" was 
ignored.
node_modules/@mui/ico
ns-material/esm/Attac
hMoneyRounded.js 
(1:0): Module level 
directives cause 
errors when bundled, 
"use client" in "node
_modules/@mui/icons-m
aterial/esm/AttachMon
eyRounded.js" was 
ignored.
node_modules/@mui/ico
ns-material/esm/Attac
hMoneySharp.js 
(1:0): Module level 
directives cause 
errors when bundled, 
"use client" in "node
_modules/@mui/icons-m
aterial/esm/AttachMon
eySharp.js" was 
ignored.
node_modules/@mui/ico
ns-material/esm/Attac
hment.js (1:0): 
Module level 
directives cause 
errors when bundled, 
"use client" in "node
_modules/@mui/icons-m
aterial/esm/Attachmen
t.js" was ignored.
node_modules/@mui/ico
ns-material/esm/Attac
hMoneyTwoTone.js 
(1:0): Module level 
directives cause 
errors when bundled, 
"use client" in "node
_modules/@mui/icons-m
aterial/esm/AttachMon
eyTwoTone.js" was 
ignored.
node_modules/@mui/ico
ns-material/esm/Attac
hmentOutlined.js 
(1:0): Module level 
directives cause 
errors when bundled, 
"use client" in "node
_modules/@mui/icons-m
aterial/esm/Attachmen
tOutlined.js" was 
ignored.
node_modules/@mui/ico
ns-material/esm/Attac
hmentSharp.js (1:0): 
Module level 
directives cause 
errors when bundled, 
"use client" in "node
_modules/@mui/icons-m
aterial/esm/Attachmen
tSharp.js" was 
ignored.
node_modules/@mui/ico
ns-material/esm/Attac
hmentRounded.js 
(1:0): Module level 
directives cause 
errors when bundled, 
"use client" in "node
_modules/@mui/icons-m
aterial/esm/Attachmen
tRounded.js" was 
ignored.
node_modules/@mui/ico
ns-material/esm/Attra
ctions.js (1:0): 
Module level 
directives cause 
errors when bundled, 
"use client" in "node
_modules/@mui/icons-m
aterial/esm/Attractio
ns.js" was ignored.
node_modules/@mui/ico
ns-material/esm/Attac
hmentTwoTone.js 
(1:0): Module level 
directives cause 
errors when bundled, 
"use client" in "node
_modules/@mui/icons-m
aterial/esm/Attachmen
tTwoTone.js" was 
ignored.
node_modules/@mui/ico
ns-material/esm/Attra
ctionsRounded.js 
(1:0): Module level 
directives cause 
errors when bundled, 
"use client" in "node
_modules/@mui/icons-m
aterial/esm/Attractio
nsRounded.js" was 
ignored.
node_modules/@mui/ico
ns-material/esm/Attra
ctionsOutlined.js 
(1:0): Module level 
directives cause 
errors when bundled, 
"use client" in "node
_modules/@mui/icons-m
aterial/esm/Attractio
nsOutlined.js" was 
ignored.
node_modules/@mui/ico
ns-material/esm/Attra
ctionsSharp.js 
(1:0): Module level 
directives cause 
errors when bundled, 
"use client" in "node
_modules/@mui/icons-m
aterial/esm/Attractio
nsSharp.js" was 
ignored.
node_modules/@mui/ico
ns-material/esm/Attri
bution.js (1:0): 
Module level 
directives cause 
errors when bundled, 
"use client" in "node
_modules/@mui/icons-m
aterial/esm/Attributi
on.js" was ignored.
node_modules/@mui/ico
ns-material/esm/Attra
ctionsTwoTone.js 
(1:0): Module level 
directives cause 
errors when bundled, 
"use client" in "node
_modules/@mui/icons-m
aterial/esm/Attractio
nsTwoTone.js" was 
ignored.
node_modules/@mui/ico
ns-material/esm/Attri
butionOutlined.js 
(1:0): Module level 
directives cause 
errors when bundled, 
"use client" in "node
_modules/@mui/icons-m
aterial/esm/Attributi
onOutlined.js" was 
ignored.
node_modules/@mui/ico
ns-material/esm/Attri
butionTwoTone.js 
(1:0): Module level 
directives cause 
errors when bundled, 
"use client" in "node
_modules/@mui/icons-m
aterial/esm/Attributi
onTwoTone.js" was 
ignored.
node_modules/@mui/ico
ns-material/esm/Audio
File.js (1:0): 
Module level 
directives cause 
errors when bundled, 
"use client" in "node
_modules/@mui/icons-m
aterial/esm/AudioFile
.js" was ignored.
node_modules/@mui/ico
ns-material/esm/Attri
butionSharp.js 
(1:0): Module level 
directives cause 
errors when bundled, 
"use client" in "node
_modules/@mui/icons-m
aterial/esm/Attributi
onSharp.js" was 
ignored.
node_modules/@mui/ico
ns-material/esm/Audio
FileOutlined.js 
(1:0): Module level 
directives cause 
errors when bundled, 
"use client" in "node
_modules/@mui/icons-m
aterial/esm/AudioFile
Outlined.js" was 
ignored.
node_modules/@mui/ico
ns-material/esm/Attri
butionRounded.js 
(1:0): Module level 
directives cause 
errors when bundled, 
"use client" in "node
_modules/@mui/icons-m
aterial/esm/Attributi
onRounded.js" was 
ignored.
node_modules/@mui/ico
ns-material/esm/Audio
FileRounded.js 
(1:0): Module level 
directives cause 
errors when bundled, 
"use client" in "node
_modules/@mui/icons-m
aterial/esm/AudioFile
Rounded.js" was 
ignored.
node_modules/@mui/ico
ns-material/esm/Audio
FileSharp.js (1:0): 
Module level 
directives cause 
errors when bundled, 
"use client" in "node
_modules/@mui/icons-m
aterial/esm/AudioFile
Sharp.js" was 
ignored.
node_modules/@mui/ico
ns-material/esm/Audio
FileTwoTone.js 
(1:0): Module level 
directives cause 
errors when bundled, 
"use client" in "node
_modules/@mui/icons-m
aterial/esm/AudioFile
TwoTone.js" was 
ignored.
node_modules/@mui/ico
ns-material/esm/Audio
track.js (1:0): 
Module level 
directives cause 
errors when bundled, 
"use client" in "node
_modules/@mui/icons-m
aterial/esm/Audiotrac
k.js" was ignored.
node_modules/@mui/ico
ns-material/esm/Audio
trackOutlined.js 
(1:0): Module level 
directives cause 
errors when bundled, 
"use client" in "node
_modules/@mui/icons-m
aterial/esm/Audiotrac
kOutlined.js" was 
ignored.
node_modules/@mui/ico
ns-material/esm/Audio
trackRounded.js 
(1:0): Module level 
directives cause 
errors when bundled, 
"use client" in "node
_modules/@mui/icons-m
aterial/esm/Audiotrac
kRounded.js" was 
ignored.
node_modules/@mui/ico
ns-material/esm/Audio
trackSharp.js (1:0): 
Module level 
directives cause 
errors when bundled, 
"use client" in "node
_modules/@mui/icons-m
aterial/esm/Audiotrac
kSharp.js" was 
ignored.
node_modules/@mui/ico
ns-material/esm/Audio
trackTwoTone.js 
(1:0): Module level 
directives cause 
errors when bundled, 
"use client" in "node
_modules/@mui/icons-m
aterial/esm/Audiotrac
kTwoTone.js" was 
ignored.
node_modules/@mui/ico
ns-material/esm/AutoA
wesome.js (1:0): 
Module level 
directives cause 
errors when bundled, 
"use client" in "node
_modules/@mui/icons-m
aterial/esm/AutoAweso
me.js" was ignored.
node_modules/@mui/ico
ns-material/esm/AutoA
wesomeMosaic.js 
(1:0): Module level 
directives cause 
errors when bundled, 
"use client" in "node
_modules/@mui/icons-m
aterial/esm/AutoAweso
meMosaic.js" was 
ignored.
node_modules/@mui/ico
ns-material/esm/AutoA
wesomeMosaicOutlined.
js (1:0): Module 
level directives 
cause errors when 
bundled, "use 
client" in "node_modu
les/@mui/icons-materi
al/esm/AutoAwesomeMos
aicOutlined.js" was 
ignored.
node_modules/@mui/ico
ns-material/esm/AutoA
wesomeMosaicRounded.j
s (1:0): Module 
level directives 
cause errors when 
bundled, "use 
client" in "node_modu
les/@mui/icons-materi
al/esm/AutoAwesomeMos
aicRounded.js" was 
ignored.
node_modules/@mui/ico
ns-material/esm/AutoA
wesomeMosaicTwoTone.j
s (1:0): Module 
level directives 
cause errors when 
bundled, "use 
client" in "node_modu
les/@mui/icons-materi
al/esm/AutoAwesomeMos
aicTwoTone.js" was 
ignored.
node_modules/@mui/ico
ns-material/esm/AutoA
wesomeMosaicSharp.js 
(1:0): Module level 
directives cause 
errors when bundled, 
"use client" in "node
_modules/@mui/icons-m
aterial/esm/AutoAweso
meMosaicSharp.js" 
was ignored.
node_modules/@mui/ico
ns-material/esm/AutoA
wesomeMotionOutlined.
js (1:0): Module 
level directives 
cause errors when 
bundled, "use 
client" in "node_modu
les/@mui/icons-materi
al/esm/AutoAwesomeMot
ionOutlined.js" was 
ignored.
node_modules/@mui/ico
ns-material/esm/AutoA
wesomeMotionRounded.j
s (1:0): Module 
level directives 
cause errors when 
bundled, "use 
client" in "node_modu
les/@mui/icons-materi
al/esm/AutoAwesomeMot
ionRounded.js" was 
ignored.
node_modules/@mui/ico
ns-material/esm/AutoA
wesomeMotion.js 
(1:0): Module level 
directives cause 
errors when bundled, 
"use client" in "node
_modules/@mui/icons-m
aterial/esm/AutoAweso
meMotion.js" was 
ignored.
node_modules/@mui/ico
ns-material/esm/AutoA
wesomeMotionTwoTone.j
s (1:0): Module 
level directives 
cause errors when 
bundled, "use 
client" in "node_modu
les/@mui/icons-materi
al/esm/AutoAwesomeMot
ionTwoTone.js" was 
ignored.
node_modules/@mui/ico
ns-material/esm/AutoA
wesomeMotionSharp.js 
(1:0): Module level 
directives cause 
errors when bundled, 
"use client" in "node
_modules/@mui/icons-m
aterial/esm/AutoAweso
meMotionSharp.js" 
was ignored.
node_modules/@mui/ico
ns-material/esm/AutoA
wesomeOutlined.js 
(1:0): Module level 
directives cause 
errors when bundled, 
"use client" in "node
_modules/@mui/icons-m
aterial/esm/AutoAweso
meOutlined.js" was 
ignored.
node_modules/@mui/ico
ns-material/esm/AutoA
wesomeRounded.js 
(1:0): Module level 
directives cause 
errors when bundled, 
"use client" in "node
_modules/@mui/icons-m
aterial/esm/AutoAweso
meRounded.js" was 
ignored.
node_modules/@mui/ico
ns-material/esm/AutoA
wesomeTwoTone.js 
(1:0): Module level 
directives cause 
errors when bundled, 
"use client" in "node
_modules/@mui/icons-m
aterial/esm/AutoAweso
meTwoTone.js" was 
ignored.
node_modules/@mui/ico
ns-material/esm/AutoA
wesomeSharp.js 
(1:0): Module level 
directives cause 
errors when bundled, 
"use client" in "node
_modules/@mui/icons-m
aterial/esm/AutoAweso
meSharp.js" was 
ignored.
node_modules/@mui/ico
ns-material/esm/AutoD
elete.js (1:0): 
Module level 
directives cause 
errors when bundled, 
"use client" in "node
_modules/@mui/icons-m
aterial/esm/AutoDelet
e.js" was ignored.
node_modules/@mui/ico
ns-material/esm/AutoD
eleteOutlined.js 
(1:0): Module level 
directives cause 
errors when bundled, 
"use client" in "node
_modules/@mui/icons-m
aterial/esm/AutoDelet
eOutlined.js" was 
ignored.
node_modules/@mui/ico
ns-material/esm/AutoD
eleteRounded.js 
(1:0): Module level 
directives cause 
errors when bundled, 
"use client" in "node
_modules/@mui/icons-m
aterial/esm/AutoDelet
eRounded.js" was 
ignored.
node_modules/@mui/ico
ns-material/esm/AutoD
eleteSharp.js (1:0): 
Module level 
directives cause 
errors when bundled, 
"use client" in "node
_modules/@mui/icons-m
aterial/esm/AutoDelet
eSharp.js" was 
ignored.
node_modules/@mui/ico
ns-material/esm/AutoD
eleteTwoTone.js 
(1:0): Module level 
directives cause 
errors when bundled, 
"use client" in "node
_modules/@mui/icons-m
aterial/esm/AutoDelet
eTwoTone.js" was 
ignored.
node_modules/@mui/ico
ns-material/esm/AutoF
ixHigh.js (1:0): 
Module level 
directives cause 
errors when bundled, 
"use client" in "node
_modules/@mui/icons-m
aterial/esm/AutoFixHi
gh.js" was ignored.
node_modules/@mui/ico
ns-material/esm/AutoF
ixHighRounded.js 
(1:0): Module level 
directives cause 
errors when bundled, 
"use client" in "node
_modules/@mui/icons-m
aterial/esm/AutoFixHi
ghRounded.js" was 
ignored.
node_modules/@mui/ico
ns-material/esm/AutoF
ixHighOutlined.js 
(1:0): Module level 
directives cause 
errors when bundled, 
"use client" in "node
_modules/@mui/icons-m
aterial/esm/AutoFixHi
ghOutlined.js" was 
ignored.
node_modules/@mui/ico
ns-material/esm/AutoF
ixHighSharp.js 
(1:0): Module level 
directives cause 
errors when bundled, 
"use client" in "node
_modules/@mui/icons-m
aterial/esm/AutoFixHi
ghSharp.js" was 
ignored.
node_modules/@mui/ico
ns-material/esm/AutoF
ixHighTwoTone.js 
(1:0): Module level 
directives cause 
errors when bundled, 
"use client" in "node
_modules/@mui/icons-m
aterial/esm/AutoFixHi
ghTwoTone.js" was 
ignored.
node_modules/@mui/ico
ns-material/esm/AutoF
ixNormalOutlined.js 
(1:0): Module level 
directives cause 
errors when bundled, 
"use client" in "node
_modules/@mui/icons-m
aterial/esm/AutoFixNo
rmalOutlined.js" was 
ignored.
node_modules/@mui/ico
ns-material/esm/AutoF
ixNormal.js (1:0): 
Module level 
directives cause 
errors when bundled, 
"use client" in "node
_modules/@mui/icons-m
aterial/esm/AutoFixNo
rmal.js" was ignored.
node_modules/@mui/ico
ns-material/esm/AutoF
ixNormalRounded.js 
(1:0): Module level 
directives cause 
errors when bundled, 
"use client" in "node
_modules/@mui/icons-m
aterial/esm/AutoFixNo
rmalRounded.js" was 
ignored.
node_modules/@mui/ico
ns-material/esm/AutoF
ixNormalSharp.js 
(1:0): Module level 
directives cause 
errors when bundled, 
"use client" in "node
_modules/@mui/icons-m
aterial/esm/AutoFixNo
rmalSharp.js" was 
ignored.
node_modules/@mui/ico
ns-material/esm/AutoF
ixNormalTwoTone.js 
(1:0): Module level 
directives cause 
errors when bundled, 
"use client" in "node
_modules/@mui/icons-m
aterial/esm/AutoFixNo
rmalTwoTone.js" was 
ignored.
node_modules/@mui/ico
ns-material/esm/AutoF
ixOff.js (1:0): 
Module level 
directives cause 
errors when bundled, 
"use client" in "node
_modules/@mui/icons-m
aterial/esm/AutoFixOf
f.js" was ignored.
node_modules/@mui/ico
ns-material/esm/AutoF
ixOffRounded.js 
(1:0): Module level 
directives cause 
errors when bundled, 
"use client" in "node
_modules/@mui/icons-m
aterial/esm/AutoFixOf
fRounded.js" was 
ignored.
node_modules/@mui/ico
ns-material/esm/AutoF
ixOffOutlined.js 
(1:0): Module level 
directives cause 
errors when bundled, 
"use client" in "node
_modules/@mui/icons-m
aterial/esm/AutoFixOf
fOutlined.js" was 
ignored.
node_modules/@mui/ico
ns-material/esm/AutoF
ixOffTwoTone.js 
(1:0): Module level 
directives cause 
errors when bundled, 
"use client" in "node
_modules/@mui/icons-m
aterial/esm/AutoFixOf
fTwoTone.js" was 
ignored.
node_modules/@mui/ico
ns-material/esm/AutoF
ixOffSharp.js (1:0): 
Module level 
directives cause 
errors when bundled, 
"use client" in "node
_modules/@mui/icons-m
aterial/esm/AutoFixOf
fSharp.js" was 
ignored.
node_modules/@mui/ico
ns-material/esm/AutoG
raph.js (1:0): 
Module level 
directives cause 
errors when bundled, 
"use client" in "node
_modules/@mui/icons-m
aterial/esm/AutoGraph
.js" was ignored.
node_modules/@mui/ico
ns-material/esm/AutoG
raphSharp.js (1:0): 
Module level 
directives cause 
errors when bundled, 
"use client" in "node
_modules/@mui/icons-m
aterial/esm/AutoGraph
Sharp.js" was 
ignored.
node_modules/@mui/ico
ns-material/esm/AutoG
raphOutlined.js 
(1:0): Module level 
directives cause 
errors when bundled, 
"use client" in "node
_modules/@mui/icons-m
aterial/esm/AutoGraph
Outlined.js" was 
ignored.
node_modules/@mui/ico
ns-material/esm/AutoG
raphTwoTone.js 
(1:0): Module level 
directives cause 
errors when bundled, 
"use client" in "node
_modules/@mui/icons-m
aterial/esm/AutoGraph
TwoTone.js" was 
ignored.
node_modules/@mui/ico
ns-material/esm/AutoG
raphRounded.js 
(1:0): Module level 
directives cause 
errors when bundled, 
"use client" in "node
_modules/@mui/icons-m
aterial/esm/AutoGraph
Rounded.js" was 
ignored.
node_modules/@mui/ico
ns-material/esm/AutoM
ode.js (1:0): Module 
level directives 
cause errors when 
bundled, "use 
client" in "node_modu
les/@mui/icons-materi
al/esm/AutoMode.js" 
was ignored.
node_modules/@mui/ico
ns-material/esm/AutoM
odeOutlined.js 
(1:0): Module level 
directives cause 
errors when bundled, 
"use client" in "node
_modules/@mui/icons-m
aterial/esm/AutoModeO
utlined.js" was 
ignored.
node_modules/@mui/ico
ns-material/esm/AutoM
odeRounded.js (1:0): 
Module level 
directives cause 
errors when bundled, 
"use client" in "node
_modules/@mui/icons-m
aterial/esm/AutoModeR
ounded.js" was 
ignored.
node_modules/@mui/ico
ns-material/esm/AutoM
odeSharp.js (1:0): 
Module level 
directives cause 
errors when bundled, 
"use client" in "node
_modules/@mui/icons-m
aterial/esm/AutoModeS
harp.js" was ignored.
node_modules/@mui/ico
ns-material/esm/AutoM
odeTwoTone.js (1:0): 
Module level 
directives cause 
errors when bundled, 
"use client" in "node
_modules/@mui/icons-m
aterial/esm/AutoModeT
woTone.js" was 
ignored.
node_modules/@mui/ico
ns-material/esm/AutoS
tories.js (1:0): 
Module level 
directives cause 
errors when bundled, 
"use client" in "node
_modules/@mui/icons-m
aterial/esm/AutoStori
es.js" was ignored.
node_modules/@mui/ico
ns-material/esm/AutoS
toriesOutlined.js 
(1:0): Module level 
directives cause 
errors when bundled, 
"use client" in "node
_modules/@mui/icons-m
aterial/esm/AutoStori
esOutlined.js" was 
ignored.
node_modules/@mui/ico
ns-material/esm/AutoS
toriesRounded.js 
(1:0): Module level 
directives cause 
errors when bundled, 
"use client" in "node
_modules/@mui/icons-m
aterial/esm/AutoStori
esRounded.js" was 
ignored.
node_modules/@mui/ico
ns-material/esm/AutoS
toriesSharp.js 
(1:0): Module level 
directives cause 
errors when bundled, 
"use client" in "node
_modules/@mui/icons-m
aterial/esm/AutoStori
esSharp.js" was 
ignored.
node_modules/@mui/ico
ns-material/esm/Autof
psSelect.js (1:0): 
Module level 
directives cause 
errors when bundled, 
"use client" in "node
_modules/@mui/icons-m
aterial/esm/AutofpsSe
lect.js" was ignored.
node_modules/@mui/ico
ns-material/esm/Autof
psSelectRounded.js 
(1:0): Module level 
directives cause 
errors when bundled, 
"use client" in "node
_modules/@mui/icons-m
aterial/esm/AutofpsSe
lectRounded.js" was 
ignored.
node_modules/@mui/ico
ns-material/esm/Autof
psSelectOutlined.js 
(1:0): Module level 
directives cause 
errors when bundled, 
"use client" in "node
_modules/@mui/icons-m
aterial/esm/AutofpsSe
lectOutlined.js" was 
ignored.
node_modules/@mui/ico
ns-material/esm/Autof
psSelectSharp.js 
(1:0): Module level 
directives cause 
errors when bundled, 
"use client" in "node
_modules/@mui/icons-m
aterial/esm/AutofpsSe
lectSharp.js" was 
ignored.
node_modules/@mui/ico
ns-material/esm/AutoS
toriesTwoTone.js 
(1:0): Module level 
directives cause 
errors when bundled, 
"use client" in "node
_modules/@mui/icons-m
aterial/esm/AutoStori
esTwoTone.js" was 
ignored.
node_modules/@mui/ico
ns-material/esm/Autof
psSelectTwoTone.js 
(1:0): Module level 
directives cause 
errors when bundled, 
"use client" in "node
_modules/@mui/icons-m
aterial/esm/AutofpsSe
lectTwoTone.js" was 
ignored.
node_modules/@mui/ico
ns-material/esm/Autor
enew.js (1:0): 
Module level 
directives cause 
errors when bundled, 
"use client" in "node
_modules/@mui/icons-m
aterial/esm/Autorenew
.js" was ignored.
node_modules/@mui/ico
ns-material/esm/Autor
enewOutlined.js 
(1:0): Module level 
directives cause 
errors when bundled, 
"use client" in "node
_modules/@mui/icons-m
aterial/esm/Autorenew
Outlined.js" was 
ignored.
node_modules/@mui/ico
ns-material/esm/Autor
enewRounded.js 
(1:0): Module level 
directives cause 
errors when bundled, 
"use client" in "node
_modules/@mui/icons-m
aterial/esm/Autorenew
Rounded.js" was 
ignored.
node_modules/@mui/ico
ns-material/esm/Autor
enewSharp.js (1:0): 
Module level 
directives cause 
errors when bundled, 
"use client" in "node
_modules/@mui/icons-m
aterial/esm/Autorenew
Sharp.js" was 
ignored.
node_modules/@mui/ico
ns-material/esm/Autor
enewTwoTone.js 
(1:0): Module level 
directives cause 
errors when bundled, 
"use client" in "node
_modules/@mui/icons-m
aterial/esm/Autorenew
TwoTone.js" was 
ignored.
node_modules/@mui/ico
ns-material/esm/AvTim
er.js (1:0): Module 
level directives 
cause errors when 
bundled, "use 
client" in "node_modu
les/@mui/icons-materi
al/esm/AvTimer.js" 
was ignored.
node_modules/@mui/ico
ns-material/esm/AvTim
erOutlined.js (1:0): 
Module level 
directives cause 
errors when bundled, 
"use client" in "node
_modules/@mui/icons-m
aterial/esm/AvTimerOu
tlined.js" was 
ignored.
node_modules/@mui/ico
ns-material/esm/AvTim
erRounded.js (1:0): 
Module level 
directives cause 
errors when bundled, 
"use client" in "node
_modules/@mui/icons-m
aterial/esm/AvTimerRo
unded.js" was 
ignored.
node_modules/@mui/ico
ns-material/esm/AvTim
erSharp.js (1:0): 
Module level 
directives cause 
errors when bundled, 
"use client" in "node
_modules/@mui/icons-m
aterial/esm/AvTimerSh
arp.js" was ignored.
node_modules/@mui/ico
ns-material/esm/AvTim
erTwoTone.js (1:0): 
Module level 
directives cause 
errors when bundled, 
"use client" in "node
_modules/@mui/icons-m
aterial/esm/AvTimerTw
oTone.js" was 
ignored.
node_modules/@mui/ico
ns-material/esm/BabyC
hangingStation.js 
(1:0): Module level 
directives cause 
errors when bundled, 
"use client" in "node
_modules/@mui/icons-m
aterial/esm/BabyChang
ingStation.js" was 
ignored.
node_modules/@mui/ico
ns-material/esm/BabyC
hangingStationOutline
d.js (1:0): Module 
level directives 
cause errors when 
bundled, "use 
client" in "node_modu
les/@mui/icons-materi
al/esm/BabyChangingSt
ationOutlined.js" 
was ignored.
node_modules/@mui/ico
ns-material/esm/BabyC
hangingStationSharp.j
s (1:0): Module 
level directives 
cause errors when 
bundled, "use 
client" in "node_modu
les/@mui/icons-materi
al/esm/BabyChangingSt
ationSharp.js" was 
ignored.
node_modules/@mui/ico
ns-material/esm/BabyC
hangingStationRounded
.js (1:0): Module 
level directives 
cause errors when 
bundled, "use 
client" in "node_modu
les/@mui/icons-materi
al/esm/BabyChangingSt
ationRounded.js" was 
ignored.
node_modules/@mui/ico
ns-material/esm/BabyC
hangingStationTwoTone
.js (1:0): Module 
level directives 
cause errors when 
bundled, "use 
client" in "node_modu
les/@mui/icons-materi
al/esm/BabyChangingSt
ationTwoTone.js" was 
ignored.
node_modules/@mui/ico
ns-material/esm/BackH
and.js (1:0): Module 
level directives 
cause errors when 
bundled, "use 
client" in "node_modu
les/@mui/icons-materi
al/esm/BackHand.js" 
was ignored.
node_modules/@mui/ico
ns-material/esm/BackH
andOutlined.js 
(1:0): Module level 
directives cause 
errors when bundled, 
"use client" in "node
_modules/@mui/icons-m
aterial/esm/BackHandO
utlined.js" was 
ignored.
node_modules/@mui/ico
ns-material/esm/BackH
andRounded.js (1:0): 
Module level 
directives cause 
errors when bundled, 
"use client" in "node
_modules/@mui/icons-m
aterial/esm/BackHandR
ounded.js" was 
ignored.
node_modules/@mui/ico
ns-material/esm/BackH
andSharp.js (1:0): 
Module level 
directives cause 
errors when bundled, 
"use client" in "node
_modules/@mui/icons-m
aterial/esm/BackHandS
harp.js" was ignored.
node_modules/@mui/ico
ns-material/esm/BackH
andTwoTone.js (1:0): 
Module level 
directives cause 
errors when bundled, 
"use client" in "node
_modules/@mui/icons-m
aterial/esm/BackHandT
woTone.js" was 
ignored.
node_modules/@mui/ico
ns-material/esm/Backp
ack.js (1:0): Module 
level directives 
cause errors when 
bundled, "use 
client" in "node_modu
les/@mui/icons-materi
al/esm/Backpack.js" 
was ignored.
node_modules/@mui/ico
ns-material/esm/Backp
ackOutlined.js 
(1:0): Module level 
directives cause 
errors when bundled, 
"use client" in "node
_modules/@mui/icons-m
aterial/esm/BackpackO
utlined.js" was 
ignored.
node_modules/@mui/ico
ns-material/esm/Backp
ackSharp.js (1:0): 
Module level 
directives cause 
errors when bundled, 
"use client" in "node
_modules/@mui/icons-m
aterial/esm/BackpackS
harp.js" was ignored.
node_modules/@mui/ico
ns-material/esm/Backp
ackRounded.js (1:0): 
Module level 
directives cause 
errors when bundled, 
"use client" in "node
_modules/@mui/icons-m
aterial/esm/BackpackR
ounded.js" was 
ignored.
node_modules/@mui/ico
ns-material/esm/Backp
ackTwoTone.js (1:0): 
Module level 
directives cause 
errors when bundled, 
"use client" in "node
_modules/@mui/icons-m
aterial/esm/BackpackT
woTone.js" was 
ignored.
node_modules/@mui/ico
ns-material/esm/Backs
pace.js (1:0): 
Module level 
directives cause 
errors when bundled, 
"use client" in "node
_modules/@mui/icons-m
aterial/esm/Backspace
.js" was ignored.
node_modules/@mui/ico
ns-material/esm/Backs
paceRounded.js 
(1:0): Module level 
directives cause 
errors when bundled, 
"use client" in "node
_modules/@mui/icons-m
aterial/esm/Backspace
Rounded.js" was 
ignored.
node_modules/@mui/ico
ns-material/esm/Backs
paceSharp.js (1:0): 
Module level 
directives cause 
errors when bundled, 
"use client" in "node
_modules/@mui/icons-m
aterial/esm/Backspace
Sharp.js" was 
ignored.
node_modules/@mui/ico
ns-material/esm/Backs
paceTwoTone.js 
(1:0): Module level 
directives cause 
errors when bundled, 
"use client" in "node
_modules/@mui/icons-m
aterial/esm/Backspace
TwoTone.js" was 
ignored.
node_modules/@mui/ico
ns-material/esm/Backu
p.js (1:0): Module 
level directives 
cause errors when 
bundled, "use 
client" in "node_modu
les/@mui/icons-materi
al/esm/Backup.js" 
was ignored.
node_modules/@mui/ico
ns-material/esm/Backs
paceOutlined.js 
(1:0): Module level 
directives cause 
errors when bundled, 
"use client" in "node
_modules/@mui/icons-m
aterial/esm/Backspace
Outlined.js" was 
ignored.
node_modules/@mui/ico
ns-material/esm/Backu
pOutlined.js (1:0): 
Module level 
directives cause 
errors when bundled, 
"use client" in "node
_modules/@mui/icons-m
aterial/esm/BackupOut
lined.js" was 
ignored.
node_modules/@mui/ico
ns-material/esm/Backu
pSharp.js (1:0): 
Module level 
directives cause 
errors when bundled, 
"use client" in "node
_modules/@mui/icons-m
aterial/esm/BackupSha
rp.js" was ignored.
node_modules/@mui/ico
ns-material/esm/Backu
pRounded.js (1:0): 
Module level 
directives cause 
errors when bundled, 
"use client" in "node
_modules/@mui/icons-m
aterial/esm/BackupRou
nded.js" was ignored.
node_modules/@mui/ico
ns-material/esm/Backu
pTableRounded.js 
(1:0): Module level 
directives cause 
errors when bundled, 
"use client" in "node
_modules/@mui/icons-m
aterial/esm/BackupTab
leRounded.js" was 
ignored.
node_modules/@mui/ico
ns-material/esm/Backu
pTable.js (1:0): 
Module level 
directives cause 
errors when bundled, 
"use client" in "node
_modules/@mui/icons-m
aterial/esm/BackupTab
le.js" was ignored.
node_modules/@mui/ico
ns-material/esm/Backu
pTableOutlined.js 
(1:0): Module level 
directives cause 
errors when bundled, 
"use client" in "node
_modules/@mui/icons-m
aterial/esm/BackupTab
leOutlined.js" was 
ignored.
node_modules/@mui/ico
ns-material/esm/Backu
pTwoTone.js (1:0): 
Module level 
directives cause 
errors when bundled, 
"use client" in "node
_modules/@mui/icons-m
aterial/esm/BackupTwo
Tone.js" was ignored.
node_modules/@mui/ico
ns-material/esm/Backu
pTableTwoTone.js 
(1:0): Module level 
directives cause 
errors when bundled, 
"use client" in "node
_modules/@mui/icons-m
aterial/esm/BackupTab
leTwoTone.js" was 
ignored.
node_modules/@mui/ico
ns-material/esm/Badge
.js (1:0): Module 
level directives 
cause errors when 
bundled, "use 
client" in "node_modu
les/@mui/icons-materi
al/esm/Badge.js" was 
ignored.
node_modules/@mui/ico
ns-material/esm/Badge
Rounded.js (1:0): 
Module level 
directives cause 
errors when bundled, 
"use client" in "node
_modules/@mui/icons-m
aterial/esm/BadgeRoun
ded.js" was ignored.
node_modules/@mui/ico
ns-material/esm/Badge
Outlined.js (1:0): 
Module level 
directives cause 
errors when bundled, 
"use client" in "node
_modules/@mui/icons-m
aterial/esm/BadgeOutl
ined.js" was ignored.
node_modules/@mui/ico
ns-material/esm/Badge
TwoTone.js (1:0): 
Module level 
directives cause 
errors when bundled, 
"use client" in "node
_modules/@mui/icons-m
aterial/esm/BadgeTwoT
one.js" was ignored.
node_modules/@mui/ico
ns-material/esm/Baker
yDining.js (1:0): 
Module level 
directives cause 
errors when bundled, 
"use client" in "node
_modules/@mui/icons-m
aterial/esm/BakeryDin
ing.js" was ignored.
node_modules/@mui/ico
ns-material/esm/Badge
Sharp.js (1:0): 
Module level 
directives cause 
errors when bundled, 
"use client" in "node
_modules/@mui/icons-m
aterial/esm/BadgeShar
p.js" was ignored.
node_modules/@mui/ico
ns-material/esm/Baker
yDiningOutlined.js 
(1:0): Module level 
directives cause 
errors when bundled, 
"use client" in "node
_modules/@mui/icons-m
aterial/esm/BakeryDin
ingOutlined.js" was 
ignored.
node_modules/@mui/ico
ns-material/esm/Baker
yDiningRounded.js 
(1:0): Module level 
directives cause 
errors when bundled, 
"use client" in "node
_modules/@mui/icons-m
aterial/esm/BakeryDin
ingRounded.js" was 
ignored.
node_modules/@mui/ico
ns-material/esm/Baker
yDiningSharp.js 
(1:0): Module level 
directives cause 
errors when bundled, 
"use client" in "node
_modules/@mui/icons-m
aterial/esm/BakeryDin
ingSharp.js" was 
ignored.
node_modules/@mui/ico
ns-material/esm/Balan
ce.js (1:0): Module 
level directives 
cause errors when 
bundled, "use 
client" in "node_modu
les/@mui/icons-materi
al/esm/Balance.js" 
was ignored.
node_modules/@mui/ico
ns-material/esm/Baker
yDiningTwoTone.js 
(1:0): Module level 
directives cause 
errors when bundled, 
"use client" in "node
_modules/@mui/icons-m
aterial/esm/BakeryDin
ingTwoTone.js" was 
ignored.
node_modules/@mui/ico
ns-material/esm/Balan
ceOutlined.js (1:0): 
Module level 
directives cause 
errors when bundled, 
"use client" in "node
_modules/@mui/icons-m
aterial/esm/BalanceOu
tlined.js" was 
ignored.
node_modules/@mui/ico
ns-material/esm/Balan
ceRounded.js (1:0): 
Module level 
directives cause 
errors when bundled, 
"use client" in "node
_modules/@mui/icons-m
aterial/esm/BalanceRo
unded.js" was 
ignored.
node_modules/@mui/ico
ns-material/esm/Balan
ceTwoTone.js (1:0): 
Module level 
directives cause 
errors when bundled, 
"use client" in "node
_modules/@mui/icons-m
aterial/esm/BalanceTw
oTone.js" was 
ignored.
node_modules/@mui/ico
ns-material/esm/Balan
ceSharp.js (1:0): 
Module level 
directives cause 
errors when bundled, 
"use client" in "node
_modules/@mui/icons-m
aterial/esm/BalanceSh
arp.js" was ignored.
node_modules/@mui/ico
ns-material/esm/Balco
nyOutlined.js (1:0): 
Module level 
directives cause 
errors when bundled, 
"use client" in "node
_modules/@mui/icons-m
aterial/esm/BalconyOu
tlined.js" was 
ignored.
node_modules/@mui/ico
ns-material/esm/Backu
pTableSharp.js 
(1:0): Module level 
directives cause 
errors when bundled, 
"use client" in "node
_modules/@mui/icons-m
aterial/esm/BackupTab
leSharp.js" was 
ignored.
node_modules/@mui/ico
ns-material/esm/Balco
ny.js (1:0): Module 
level directives 
cause errors when 
bundled, "use 
client" in "node_modu
les/@mui/icons-materi
al/esm/Balcony.js" 
was ignored.
node_modules/@mui/ico
ns-material/esm/Balco
nyRounded.js (1:0): 
Module level 
directives cause 
errors when bundled, 
"use client" in "node
_modules/@mui/icons-m
aterial/esm/BalconyRo
unded.js" was 
ignored.
node_modules/@mui/ico
ns-material/esm/Balco
nySharp.js (1:0): 
Module level 
directives cause 
errors when bundled, 
"use client" in "node
_modules/@mui/icons-m
aterial/esm/BalconySh
arp.js" was ignored.
node_modules/@mui/ico
ns-material/esm/Ballo
tOutlined.js (1:0): 
Module level 
directives cause 
errors when bundled, 
"use client" in "node
_modules/@mui/icons-m
aterial/esm/BallotOut
lined.js" was 
ignored.
node_modules/@mui/ico
ns-material/esm/Balco
nyTwoTone.js (1:0): 
Module level 
directives cause 
errors when bundled, 
"use client" in "node
_modules/@mui/icons-m
aterial/esm/BalconyTw
oTone.js" was 
ignored.
node_modules/@mui/ico
ns-material/esm/Ballo
t.js (1:0): Module 
level directives 
cause errors when 
bundled, "use 
client" in "node_modu
les/@mui/icons-materi
al/esm/Ballot.js" 
was ignored.
node_modules/@mui/ico
ns-material/esm/Ballo
tRounded.js (1:0): 
Module level 
directives cause 
errors when bundled, 
"use client" in "node
_modules/@mui/icons-m
aterial/esm/BallotRou
nded.js" was ignored.
node_modules/@mui/ico
ns-material/esm/Ballo
tSharp.js (1:0): 
Module level 
directives cause 
errors when bundled, 
"use client" in "node
_modules/@mui/icons-m
aterial/esm/BallotSha
rp.js" was ignored.
node_modules/@mui/ico
ns-material/esm/BarCh
art.js (1:0): Module 
level directives 
cause errors when 
bundled, "use 
client" in "node_modu
les/@mui/icons-materi
al/esm/BarChart.js" 
was ignored.
node_modules/@mui/ico
ns-material/esm/Ballo
tTwoTone.js (1:0): 
Module level 
directives cause 
errors when bundled, 
"use client" in "node
_modules/@mui/icons-m
aterial/esm/BallotTwo
Tone.js" was ignored.
node_modules/@mui/ico
ns-material/esm/BarCh
artRounded.js (1:0): 
Module level 
directives cause 
errors when bundled, 
"use client" in "node
_modules/@mui/icons-m
aterial/esm/BarChartR
ounded.js" was 
ignored.
node_modules/@mui/ico
ns-material/esm/BarCh
artOutlined.js 
(1:0): Module level 
directives cause 
errors when bundled, 
"use client" in "node
_modules/@mui/icons-m
aterial/esm/BarChartO
utlined.js" was 
ignored.
node_modules/@mui/ico
ns-material/esm/BarCh
artSharp.js (1:0): 
Module level 
directives cause 
errors when bundled, 
"use client" in "node
_modules/@mui/icons-m
aterial/esm/BarChartS
harp.js" was ignored.
node_modules/@mui/ico
ns-material/esm/BarCh
artTwoTone.js (1:0): 
Module level 
directives cause 
errors when bundled, 
"use client" in "node
_modules/@mui/icons-m
aterial/esm/BarChartT
woTone.js" was 
ignored.
node_modules/@mui/ico
ns-material/esm/Batch
Prediction.js (1:0): 
Module level 
directives cause 
errors when bundled, 
"use client" in "node
_modules/@mui/icons-m
aterial/esm/BatchPred
iction.js" was 
ignored.
node_modules/@mui/ico
ns-material/esm/Batch
PredictionOutlined.js
 (1:0): Module level 
directives cause 
errors when bundled, 
"use client" in "node
_modules/@mui/icons-m
aterial/esm/BatchPred
ictionOutlined.js" 
was ignored.
node_modules/@mui/ico
ns-material/esm/Batch
PredictionRounded.js 
(1:0): Module level 
directives cause 
errors when bundled, 
"use client" in "node
_modules/@mui/icons-m
aterial/esm/BatchPred
ictionRounded.js" 
was ignored.
node_modules/@mui/ico
ns-material/esm/Bathr
oom.js (1:0): Module 
level directives 
cause errors when 
bundled, "use 
client" in "node_modu
les/@mui/icons-materi
al/esm/Bathroom.js" 
was ignored.
node_modules/@mui/ico
ns-material/esm/Batch
PredictionSharp.js 
(1:0): Module level 
directives cause 
errors when bundled, 
"use client" in "node
_modules/@mui/icons-m
aterial/esm/BatchPred
ictionSharp.js" was 
ignored.
node_modules/@mui/ico
ns-material/esm/Bathr
oomOutlined.js 
(1:0): Module level 
directives cause 
errors when bundled, 
"use client" in "node
_modules/@mui/icons-m
aterial/esm/BathroomO
utlined.js" was 
ignored.
node_modules/@mui/ico
ns-material/esm/Bathr
oomRounded.js (1:0): 
Module level 
directives cause 
errors when bundled, 
"use client" in "node
_modules/@mui/icons-m
aterial/esm/BathroomR
ounded.js" was 
ignored.
node_modules/@mui/ico
ns-material/esm/Bathr
oomSharp.js (1:0): 
Module level 
directives cause 
errors when bundled, 
"use client" in "node
_modules/@mui/icons-m
aterial/esm/BathroomS
harp.js" was ignored.
node_modules/@mui/ico
ns-material/esm/Batch
PredictionTwoTone.js 
(1:0): Module level 
directives cause 
errors when bundled, 
"use client" in "node
_modules/@mui/icons-m
aterial/esm/BatchPred
ictionTwoTone.js" 
was ignored.
node_modules/@mui/ico
ns-material/esm/Batht
ubOutlined.js (1:0): 
Module level 
directives cause 
errors when bundled, 
"use client" in "node
_modules/@mui/icons-m
aterial/esm/BathtubOu
tlined.js" was 
ignored.
node_modules/@mui/ico
ns-material/esm/Batht
ubRounded.js (1:0): 
Module level 
directives cause 
errors when bundled, 
"use client" in "node
_modules/@mui/icons-m
aterial/esm/BathtubRo
unded.js" was 
ignored.
node_modules/@mui/ico
ns-material/esm/Batht
ubTwoTone.js (1:0): 
Module level 
directives cause 
errors when bundled, 
"use client" in "node
_modules/@mui/icons-m
aterial/esm/BathtubTw
oTone.js" was 
ignored.
node_modules/@mui/ico
ns-material/esm/Batht
ubSharp.js (1:0): 
Module level 
directives cause 
errors when bundled, 
"use client" in "node
_modules/@mui/icons-m
aterial/esm/BathtubSh
arp.js" was ignored.
node_modules/@mui/ico
ns-material/esm/Bathr
oomTwoTone.js (1:0): 
Module level 
directives cause 
errors when bundled, 
"use client" in "node
_modules/@mui/icons-m
aterial/esm/BathroomT
woTone.js" was 
ignored.
node_modules/@mui/ico
ns-material/esm/Batte
ry0Bar.js (1:0): 
Module level 
directives cause 
errors when bundled, 
"use client" in "node
_modules/@mui/icons-m
aterial/esm/Battery0B
ar.js" was ignored.
node_modules/@mui/ico
ns-material/esm/Batte
ry0BarOutlined.js 
(1:0): Module level 
directives cause 
errors when bundled, 
"use client" in "node
_modules/@mui/icons-m
aterial/esm/Battery0B
arOutlined.js" was 
ignored.
node_modules/@mui/ico
ns-material/esm/Batte
ry0BarSharp.js 
(1:0): Module level 
directives cause 
errors when bundled, 
"use client" in "node
_modules/@mui/icons-m
aterial/esm/Battery0B
arSharp.js" was 
ignored.
node_modules/@mui/ico
ns-material/esm/Batte
ry0BarRounded.js 
(1:0): Module level 
directives cause 
errors when bundled, 
"use client" in "node
_modules/@mui/icons-m
aterial/esm/Battery0B
arRounded.js" was 
ignored.
node_modules/@mui/ico
ns-material/esm/Batte
ry0BarTwoTone.js 
(1:0): Module level 
directives cause 
errors when bundled, 
"use client" in "node
_modules/@mui/icons-m
aterial/esm/Battery0B
arTwoTone.js" was 
ignored.
node_modules/@mui/ico
ns-material/esm/Batte
ry1BarOutlined.js 
(1:0): Module level 
directives cause 
errors when bundled, 
"use client" in "node
_modules/@mui/icons-m
aterial/esm/Battery1B
arOutlined.js" was 
ignored.
node_modules/@mui/ico
ns-material/esm/Batte
ry1Bar.js (1:0): 
Module level 
directives cause 
errors when bundled, 
"use client" in "node
_modules/@mui/icons-m
aterial/esm/Battery1B
ar.js" was ignored.
node_modules/@mui/ico
ns-material/esm/Batte
ry1BarSharp.js 
(1:0): Module level 
directives cause 
errors when bundled, 
"use client" in "node
_modules/@mui/icons-m
aterial/esm/Battery1B
arSharp.js" was 
ignored.
node_modules/@mui/ico
ns-material/esm/Batte
ry1BarRounded.js 
(1:0): Module level 
directives cause 
errors when bundled, 
"use client" in "node
_modules/@mui/icons-m
aterial/esm/Battery1B
arRounded.js" was 
ignored.
node_modules/@mui/ico
ns-material/esm/Batte
ry1BarTwoTone.js 
(1:0): Module level 
directives cause 
errors when bundled, 
"use client" in "node
_modules/@mui/icons-m
aterial/esm/Battery1B
arTwoTone.js" was 
ignored.
node_modules/@mui/ico
ns-material/esm/Batte
ry2BarOutlined.js 
(1:0): Module level 
directives cause 
errors when bundled, 
"use client" in "node
_modules/@mui/icons-m
aterial/esm/Battery2B
arOutlined.js" was 
ignored.
node_modules/@mui/ico
ns-material/esm/Batte
ry2Bar.js (1:0): 
Module level 
directives cause 
errors when bundled, 
"use client" in "node
_modules/@mui/icons-m
aterial/esm/Battery2B
ar.js" was ignored.
node_modules/@mui/ico
ns-material/esm/Batte
ry2BarSharp.js 
(1:0): Module level 
directives cause 
errors when bundled, 
"use client" in "node
_modules/@mui/icons-m
aterial/esm/Battery2B
arSharp.js" was 
ignored.
node_modules/@mui/ico
ns-material/esm/Batte
ry2BarRounded.js 
(1:0): Module level 
directives cause 
errors when bundled, 
"use client" in "node
_modules/@mui/icons-m
aterial/esm/Battery2B
arRounded.js" was 
ignored.
node_modules/@mui/ico
ns-material/esm/Batte
ry2BarTwoTone.js 
(1:0): Module level 
directives cause 
errors when bundled, 
"use client" in "node
_modules/@mui/icons-m
aterial/esm/Battery2B
arTwoTone.js" was 
ignored.
node_modules/@mui/ico
ns-material/esm/Batht
ub.js (1:0): Module 
level directives 
cause errors when 
bundled, "use 
client" in "node_modu
les/@mui/icons-materi
al/esm/Bathtub.js" 
was ignored.
node_modules/@mui/ico
ns-material/esm/Batte
ry3BarOutlined.js 
(1:0): Module level 
directives cause 
errors when bundled, 
"use client" in "node
_modules/@mui/icons-m
aterial/esm/Battery3B
arOutlined.js" was 
ignored.
node_modules/@mui/ico
ns-material/esm/Batte
ry3Bar.js (1:0): 
Module level 
directives cause 
errors when bundled, 
"use client" in "node
_modules/@mui/icons-m
aterial/esm/Battery3B
ar.js" was ignored.
node_modules/@mui/ico
ns-material/esm/Batte
ry4Bar.js (1:0): 
Module level 
directives cause 
errors when bundled, 
"use client" in "node
_modules/@mui/icons-m
aterial/esm/Battery4B
ar.js" was ignored.
node_modules/@mui/ico
ns-material/esm/Batte
ry3BarRounded.js 
(1:0): Module level 
directives cause 
errors when bundled, 
"use client" in "node
_modules/@mui/icons-m
aterial/esm/Battery3B
arRounded.js" was 
ignored.
node_modules/@mui/ico
ns-material/esm/Batte
ry3BarSharp.js 
(1:0): Module level 
directives cause 
errors when bundled, 
"use client" in "node
_modules/@mui/icons-m
aterial/esm/Battery3B
arSharp.js" was 
ignored.
node_modules/@mui/ico
ns-material/esm/Batte
ry4BarSharp.js 
(1:0): Module level 
directives cause 
errors when bundled, 
"use client" in "node
_modules/@mui/icons-m
aterial/esm/Battery4B
arSharp.js" was 
ignored.
node_modules/@mui/ico
ns-material/esm/Batte
ry3BarTwoTone.js 
(1:0): Module level 
directives cause 
errors when bundled, 
"use client" in "node
_modules/@mui/icons-m
aterial/esm/Battery3B
arTwoTone.js" was 
ignored.
node_modules/@mui/ico
ns-material/esm/Batte
ry4BarTwoTone.js 
(1:0): Module level 
directives cause 
errors when bundled, 
"use client" in "node
_modules/@mui/icons-m
aterial/esm/Battery4B
arTwoTone.js" was 
ignored.
node_modules/@mui/ico
ns-material/esm/Batte
ry4BarOutlined.js 
(1:0): Module level 
directives cause 
errors when bundled, 
"use client" in "node
_modules/@mui/icons-m
aterial/esm/Battery4B
arOutlined.js" was 
ignored.
node_modules/@mui/ico
ns-material/esm/Batte
ry4BarRounded.js 
(1:0): Module level 
directives cause 
errors when bundled, 
"use client" in "node
_modules/@mui/icons-m
aterial/esm/Battery4B
arRounded.js" was 
ignored.
node_modules/@mui/ico
ns-material/esm/Batte
ry5BarOutlined.js 
(1:0): Module level 
directives cause 
errors when bundled, 
"use client" in "node
_modules/@mui/icons-m
aterial/esm/Battery5B
arOutlined.js" was 
ignored.
node_modules/@mui/ico
ns-material/esm/Batte
ry5BarRounded.js 
(1:0): Module level 
directives cause 
errors when bundled, 
"use client" in "node
_modules/@mui/icons-m
aterial/esm/Battery5B
arRounded.js" was 
ignored.
node_modules/@mui/ico
ns-material/esm/Batte
ry5Bar.js (1:0): 
Module level 
directives cause 
errors when bundled, 
"use client" in "node
_modules/@mui/icons-m
aterial/esm/Battery5B
ar.js" was ignored.
node_modules/@mui/ico
ns-material/esm/Batte
ry5BarSharp.js 
(1:0): Module level 
directives cause 
errors when bundled, 
"use client" in "node
_modules/@mui/icons-m
aterial/esm/Battery5B
arSharp.js" was 
ignored.
node_modules/@mui/ico
ns-material/esm/Batte
ry5BarTwoTone.js 
(1:0): Module level 
directives cause 
errors when bundled, 
"use client" in "node
_modules/@mui/icons-m
aterial/esm/Battery5B
arTwoTone.js" was 
ignored.
node_modules/@mui/ico
ns-material/esm/Batte
ry6Bar.js (1:0): 
Module level 
directives cause 
errors when bundled, 
"use client" in "node
_modules/@mui/icons-m
aterial/esm/Battery6B
ar.js" was ignored.
node_modules/@mui/ico
ns-material/esm/Batte
ry6BarRounded.js 
(1:0): Module level 
directives cause 
errors when bundled, 
"use client" in "node
_modules/@mui/icons-m
aterial/esm/Battery6B
arRounded.js" was 
ignored.
node_modules/@mui/ico
ns-material/esm/Batte
ry6BarSharp.js 
(1:0): Module level 
directives cause 
errors when bundled, 
"use client" in "node
_modules/@mui/icons-m
aterial/esm/Battery6B
arSharp.js" was 
ignored.
node_modules/@mui/ico
ns-material/esm/Batte
ry6BarOutlined.js 
(1:0): Module level 
directives cause 
errors when bundled, 
"use client" in "node
_modules/@mui/icons-m
aterial/esm/Battery6B
arOutlined.js" was 
ignored.
node_modules/@mui/ico
ns-material/esm/Batte
ry6BarTwoTone.js 
(1:0): Module level 
directives cause 
errors when bundled, 
"use client" in "node
_modules/@mui/icons-m
aterial/esm/Battery6B
arTwoTone.js" was 
ignored.
node_modules/@mui/ico
ns-material/esm/Batte
ryAlertOutlined.js 
(1:0): Module level 
directives cause 
errors when bundled, 
"use client" in "node
_modules/@mui/icons-m
aterial/esm/BatteryAl
ertOutlined.js" was 
ignored.
node_modules/@mui/ico
ns-material/esm/Batte
ryAlert.js (1:0): 
Module level 
directives cause 
errors when bundled, 
"use client" in "node
_modules/@mui/icons-m
aterial/esm/BatteryAl
ert.js" was ignored.
node_modules/@mui/ico
ns-material/esm/Batte
ryAlertRounded.js 
(1:0): Module level 
directives cause 
errors when bundled, 
"use client" in "node
_modules/@mui/icons-m
aterial/esm/BatteryAl
ertRounded.js" was 
ignored.
node_modules/@mui/ico
ns-material/esm/Batte
ryAlertTwoTone.js 
(1:0): Module level 
directives cause 
errors when bundled, 
"use client" in "node
_modules/@mui/icons-m
aterial/esm/BatteryAl
ertTwoTone.js" was 
ignored.
node_modules/@mui/ico
ns-material/esm/Batte
ryAlertSharp.js 
(1:0): Module level 
directives cause 
errors when bundled, 
"use client" in "node
_modules/@mui/icons-m
aterial/esm/BatteryAl
ertSharp.js" was 
ignored.
node_modules/@mui/ico
ns-material/esm/Batte
ryChargingFullRounded
.js (1:0): Module 
level directives 
cause errors when 
bundled, "use 
client" in "node_modu
les/@mui/icons-materi
al/esm/BatteryChargin
gFullRounded.js" was 
ignored.
node_modules/@mui/ico
ns-material/esm/Batte
ryChargingFull.js 
(1:0): Module level 
directives cause 
errors when bundled, 
"use client" in "node
_modules/@mui/icons-m
aterial/esm/BatteryCh
argingFull.js" was 
ignored.
node_modules/@mui/ico
ns-material/esm/Batte
ryChargingFullOutline
d.js (1:0): Module 
level directives 
cause errors when 
bundled, "use 
client" in "node_modu
les/@mui/icons-materi
al/esm/BatteryChargin
gFullOutlined.js" 
was ignored.
node_modules/@mui/ico
ns-material/esm/Batte
ryChargingFullSharp.j
s (1:0): Module 
level directives 
cause errors when 
bundled, "use 
client" in "node_modu
les/@mui/icons-materi
al/esm/BatteryChargin
gFullSharp.js" was 
ignored.
node_modules/@mui/ico
ns-material/esm/Batte
ryFull.js (1:0): 
Module level 
directives cause 
errors when bundled, 
"use client" in "node
_modules/@mui/icons-m
aterial/esm/BatteryFu
ll.js" was ignored.
node_modules/@mui/ico
ns-material/esm/Batte
ryChargingFullTwoTone
.js (1:0): Module 
level directives 
cause errors when 
bundled, "use 
client" in "node_modu
les/@mui/icons-materi
al/esm/BatteryChargin
gFullTwoTone.js" was 
ignored.
node_modules/@mui/ico
ns-material/esm/Batte
ryFullOutlined.js 
(1:0): Module level 
directives cause 
errors when bundled, 
"use client" in "node
_modules/@mui/icons-m
aterial/esm/BatteryFu
llOutlined.js" was 
ignored.
node_modules/@mui/ico
ns-material/esm/Batte
ryFullRounded.js 
(1:0): Module level 
directives cause 
errors when bundled, 
"use client" in "node
_modules/@mui/icons-m
aterial/esm/BatteryFu
llRounded.js" was 
ignored.
node_modules/@mui/ico
ns-material/esm/Batte
ryFullSharp.js 
(1:0): Module level 
directives cause 
errors when bundled, 
"use client" in "node
_modules/@mui/icons-m
aterial/esm/BatteryFu
llSharp.js" was 
ignored.
node_modules/@mui/ico
ns-material/esm/Batte
rySaver.js (1:0): 
Module level 
directives cause 
errors when bundled, 
"use client" in "node
_modules/@mui/icons-m
aterial/esm/BatterySa
ver.js" was ignored.
node_modules/@mui/ico
ns-material/esm/Batte
ryFullTwoTone.js 
(1:0): Module level 
directives cause 
errors when bundled, 
"use client" in "node
_modules/@mui/icons-m
aterial/esm/BatteryFu
llTwoTone.js" was 
ignored.
node_modules/@mui/ico
ns-material/esm/Batte
rySaverSharp.js 
(1:0): Module level 
directives cause 
errors when bundled, 
"use client" in "node
_modules/@mui/icons-m
aterial/esm/BatterySa
verSharp.js" was 
ignored.
node_modules/@mui/ico
ns-material/esm/Batte
rySaverOutlined.js 
(1:0): Module level 
directives cause 
errors when bundled, 
"use client" in "node
_modules/@mui/icons-m
aterial/esm/BatterySa
verOutlined.js" was 
ignored.
node_modules/@mui/ico
ns-material/esm/Batte
ryStdOutlined.js 
(1:0): Module level 
directives cause 
errors when bundled, 
"use client" in "node
_modules/@mui/icons-m
aterial/esm/BatterySt
dOutlined.js" was 
ignored.
node_modules/@mui/ico
ns-material/esm/Batte
rySaverRounded.js 
(1:0): Module level 
directives cause 
errors when bundled, 
"use client" in "node
_modules/@mui/icons-m
aterial/esm/BatterySa
verRounded.js" was 
ignored.
node_modules/@mui/ico
ns-material/esm/Batte
ryStd.js (1:0): 
Module level 
directives cause 
errors when bundled, 
"use client" in "node
_modules/@mui/icons-m
aterial/esm/BatterySt
d.js" was ignored.
node_modules/@mui/ico
ns-material/esm/Batte
rySaverTwoTone.js 
(1:0): Module level 
directives cause 
errors when bundled, 
"use client" in "node
_modules/@mui/icons-m
aterial/esm/BatterySa
verTwoTone.js" was 
ignored.
node_modules/@mui/ico
ns-material/esm/Batte
ryStdSharp.js (1:0): 
Module level 
directives cause 
errors when bundled, 
"use client" in "node
_modules/@mui/icons-m
aterial/esm/BatterySt
dSharp.js" was 
ignored.
node_modules/@mui/ico
ns-material/esm/Batte
ryStdRounded.js 
(1:0): Module level 
directives cause 
errors when bundled, 
"use client" in "node
_modules/@mui/icons-m
aterial/esm/BatterySt
dRounded.js" was 
ignored.
node_modules/@mui/ico
ns-material/esm/Batte
ryUnknown.js (1:0): 
Module level 
directives cause 
errors when bundled, 
"use client" in "node
_modules/@mui/icons-m
aterial/esm/BatteryUn
known.js" was 
ignored.
node_modules/@mui/ico
ns-material/esm/Batte
ryStdTwoTone.js 
(1:0): Module level 
directives cause 
errors when bundled, 
"use client" in "node
_modules/@mui/icons-m
aterial/esm/BatterySt
dTwoTone.js" was 
ignored.
node_modules/@mui/ico
ns-material/esm/Batte
ryUnknownRounded.js 
(1:0): Module level 
directives cause 
errors when bundled, 
"use client" in "node
_modules/@mui/icons-m
aterial/esm/BatteryUn
knownRounded.js" was 
ignored.
node_modules/@mui/ico
ns-material/esm/Batte
ryUnknownOutlined.js 
(1:0): Module level 
directives cause 
errors when bundled, 
"use client" in "node
_modules/@mui/icons-m
aterial/esm/BatteryUn
knownOutlined.js" 
was ignored.
node_modules/@mui/ico
ns-material/esm/Beach
Access.js (1:0): 
Module level 
directives cause 
errors when bundled, 
"use client" in "node
_modules/@mui/icons-m
aterial/esm/BeachAcce
ss.js" was ignored.
node_modules/@mui/ico
ns-material/esm/Batte
ryUnknownTwoTone.js 
(1:0): Module level 
directives cause 
errors when bundled, 
"use client" in "node
_modules/@mui/icons-m
aterial/esm/BatteryUn
knownTwoTone.js" was 
ignored.
node_modules/@mui/ico
ns-material/esm/Beach
AccessRounded.js 
(1:0): Module level 
directives cause 
errors when bundled, 
"use client" in "node
_modules/@mui/icons-m
aterial/esm/BeachAcce
ssRounded.js" was 
ignored.
node_modules/@mui/ico
ns-material/esm/Batte
ryUnknownSharp.js 
(1:0): Module level 
directives cause 
errors when bundled, 
"use client" in "node
_modules/@mui/icons-m
aterial/esm/BatteryUn
knownSharp.js" was 
ignored.
node_modules/@mui/ico
ns-material/esm/Beach
AccessOutlined.js 
(1:0): Module level 
directives cause 
errors when bundled, 
"use client" in "node
_modules/@mui/icons-m
aterial/esm/BeachAcce
ssOutlined.js" was 
ignored.
node_modules/@mui/ico
ns-material/esm/BedOu
tlined.js (1:0): 
Module level 
directives cause 
errors when bundled, 
"use client" in "node
_modules/@mui/icons-m
aterial/esm/BedOutlin
ed.js" was ignored.
node_modules/@mui/ico
ns-material/esm/Beach
AccessTwoTone.js 
(1:0): Module level 
directives cause 
errors when bundled, 
"use client" in "node
_modules/@mui/icons-m
aterial/esm/BeachAcce
ssTwoTone.js" was 
ignored.
node_modules/@mui/ico
ns-material/esm/Beach
AccessSharp.js 
(1:0): Module level 
directives cause 
errors when bundled, 
"use client" in "node
_modules/@mui/icons-m
aterial/esm/BeachAcce
ssSharp.js" was 
ignored.
node_modules/@mui/ico
ns-material/esm/BedRo
unded.js (1:0): 
Module level 
directives cause 
errors when bundled, 
"use client" in "node
_modules/@mui/icons-m
aterial/esm/BedRounde
d.js" was ignored.
node_modules/@mui/ico
ns-material/esm/BedSh
arp.js (1:0): Module 
level directives 
cause errors when 
bundled, "use 
client" in "node_modu
les/@mui/icons-materi
al/esm/BedSharp.js" 
was ignored.
node_modules/@mui/ico
ns-material/esm/Bed.j
s (1:0): Module 
level directives 
cause errors when 
bundled, "use 
client" in "node_modu
les/@mui/icons-materi
al/esm/Bed.js" was 
ignored.
node_modules/@mui/ico
ns-material/esm/Bedro
omBaby.js (1:0): 
Module level 
directives cause 
errors when bundled, 
"use client" in "node
_modules/@mui/icons-m
aterial/esm/BedroomBa
by.js" was ignored.
node_modules/@mui/ico
ns-material/esm/Bedro
omBabyOutlined.js 
(1:0): Module level 
directives cause 
errors when bundled, 
"use client" in "node
_modules/@mui/icons-m
aterial/esm/BedroomBa
byOutlined.js" was 
ignored.
node_modules/@mui/ico
ns-material/esm/BedTw
oTone.js (1:0): 
Module level 
directives cause 
errors when bundled, 
"use client" in "node
_modules/@mui/icons-m
aterial/esm/BedTwoTon
e.js" was ignored.
node_modules/@mui/ico
ns-material/esm/Bedro
omBabyTwoTone.js 
(1:0): Module level 
directives cause 
errors when bundled, 
"use client" in "node
_modules/@mui/icons-m
aterial/esm/BedroomBa
byTwoTone.js" was 
ignored.
node_modules/@mui/ico
ns-material/esm/Bedro
omBabyRounded.js 
(1:0): Module level 
directives cause 
errors when bundled, 
"use client" in "node
_modules/@mui/icons-m
aterial/esm/BedroomBa
byRounded.js" was 
ignored.
node_modules/@mui/ico
ns-material/esm/Bedro
omBabySharp.js 
(1:0): Module level 
directives cause 
errors when bundled, 
"use client" in "node
_modules/@mui/icons-m
aterial/esm/BedroomBa
bySharp.js" was 
ignored.
node_modules/@mui/ico
ns-material/esm/Bedro
omChild.js (1:0): 
Module level 
directives cause 
errors when bundled, 
"use client" in "node
_modules/@mui/icons-m
aterial/esm/BedroomCh
ild.js" was ignored.
node_modules/@mui/ico
ns-material/esm/Bedro
omChildRounded.js 
(1:0): Module level 
directives cause 
errors when bundled, 
"use client" in "node
_modules/@mui/icons-m
aterial/esm/BedroomCh
ildRounded.js" was 
ignored.
node_modules/@mui/ico
ns-material/esm/Bedro
omChildOutlined.js 
(1:0): Module level 
directives cause 
errors when bundled, 
"use client" in "node
_modules/@mui/icons-m
aterial/esm/BedroomCh
ildOutlined.js" was 
ignored.
node_modules/@mui/ico
ns-material/esm/Bedro
omChildSharp.js 
(1:0): Module level 
directives cause 
errors when bundled, 
"use client" in "node
_modules/@mui/icons-m
aterial/esm/BedroomCh
ildSharp.js" was 
ignored.
node_modules/@mui/ico
ns-material/esm/Bedro
omParent.js (1:0): 
Module level 
directives cause 
errors when bundled, 
"use client" in "node
_modules/@mui/icons-m
aterial/esm/BedroomPa
rent.js" was ignored.
node_modules/@mui/ico
ns-material/esm/Bedro
omChildTwoTone.js 
(1:0): Module level 
directives cause 
errors when bundled, 
"use client" in "node
_modules/@mui/icons-m
aterial/esm/BedroomCh
ildTwoTone.js" was 
ignored.
node_modules/@mui/ico
ns-material/esm/Bedro
omParentOutlined.js 
(1:0): Module level 
directives cause 
errors when bundled, 
"use client" in "node
_modules/@mui/icons-m
aterial/esm/BedroomPa
rentOutlined.js" was 
ignored.
node_modules/@mui/ico
ns-material/esm/Bedro
omParentRounded.js 
(1:0): Module level 
directives cause 
errors when bundled, 
"use client" in "node
_modules/@mui/icons-m
aterial/esm/BedroomPa
rentRounded.js" was 
ignored.
node_modules/@mui/ico
ns-material/esm/Bedro
omParentSharp.js 
(1:0): Module level 
directives cause 
errors when bundled, 
"use client" in "node
_modules/@mui/icons-m
aterial/esm/BedroomPa
rentSharp.js" was 
ignored.
node_modules/@mui/ico
ns-material/esm/Bedro
omParentTwoTone.js 
(1:0): Module level 
directives cause 
errors when bundled, 
"use client" in "node
_modules/@mui/icons-m
aterial/esm/BedroomPa
rentTwoTone.js" was 
ignored.
node_modules/@mui/ico
ns-material/esm/Bedti
me.js (1:0): Module 
level directives 
cause errors when 
bundled, "use 
client" in "node_modu
les/@mui/icons-materi
al/esm/Bedtime.js" 
was ignored.
node_modules/@mui/ico
ns-material/esm/Bedti
meOff.js (1:0): 
Module level 
directives cause 
errors when bundled, 
"use client" in "node
_modules/@mui/icons-m
aterial/esm/BedtimeOf
f.js" was ignored.
node_modules/@mui/ico
ns-material/esm/Bedti
meOffSharp.js (1:0): 
Module level 
directives cause 
errors when bundled, 
"use client" in "node
_modules/@mui/icons-m
aterial/esm/BedtimeOf
fSharp.js" was 
ignored.
node_modules/@mui/ico
ns-material/esm/Bedti
meOffOutlined.js 
(1:0): Module level 
directives cause 
errors when bundled, 
"use client" in "node
_modules/@mui/icons-m
aterial/esm/BedtimeOf
fOutlined.js" was 
ignored.
node_modules/@mui/ico
ns-material/esm/Bedti
meOffRounded.js 
(1:0): Module level 
directives cause 
errors when bundled, 
"use client" in "node
_modules/@mui/icons-m
aterial/esm/BedtimeOf
fRounded.js" was 
ignored.
node_modules/@mui/ico
ns-material/esm/Bedti
meOutlined.js (1:0): 
Module level 
directives cause 
errors when bundled, 
"use client" in "node
_modules/@mui/icons-m
aterial/esm/BedtimeOu
tlined.js" was 
ignored.
node_modules/@mui/ico
ns-material/esm/Bedti
meOffTwoTone.js 
(1:0): Module level 
directives cause 
errors when bundled, 
"use client" in "node
_modules/@mui/icons-m
aterial/esm/BedtimeOf
fTwoTone.js" was 
ignored.
node_modules/@mui/ico
ns-material/esm/Bedti
meRounded.js (1:0): 
Module level 
directives cause 
errors when bundled, 
"use client" in "node
_modules/@mui/icons-m
aterial/esm/BedtimeRo
unded.js" was 
ignored.
node_modules/@mui/ico
ns-material/esm/Bedti
meSharp.js (1:0): 
Module level 
directives cause 
errors when bundled, 
"use client" in "node
_modules/@mui/icons-m
aterial/esm/BedtimeSh
arp.js" was ignored.
node_modules/@mui/ico
ns-material/esm/Bedti
meTwoTone.js (1:0): 
Module level 
directives cause 
errors when bundled, 
"use client" in "node
_modules/@mui/icons-m
aterial/esm/BedtimeTw
oTone.js" was 
ignored.
node_modules/@mui/ico
ns-material/esm/Beenh
ere.js (1:0): Module 
level directives 
cause errors when 
bundled, "use 
client" in "node_modu
les/@mui/icons-materi
al/esm/Beenhere.js" 
was ignored.
node_modules/@mui/ico
ns-material/esm/Beenh
ereOutlined.js 
(1:0): Module level 
directives cause 
errors when bundled, 
"use client" in "node
_modules/@mui/icons-m
aterial/esm/BeenhereO
utlined.js" was 
ignored.
node_modules/@mui/ico
ns-material/esm/Beenh
ereSharp.js (1:0): 
Module level 
directives cause 
errors when bundled, 
"use client" in "node
_modules/@mui/icons-m
aterial/esm/BeenhereS
harp.js" was ignored.
node_modules/@mui/ico
ns-material/esm/Beenh
ereTwoTone.js (1:0): 
Module level 
directives cause 
errors when bundled, 
"use client" in "node
_modules/@mui/icons-m
aterial/esm/BeenhereT
woTone.js" was 
ignored.
node_modules/@mui/ico
ns-material/esm/Bento
Rounded.js (1:0): 
Module level 
directives cause 
errors when bundled, 
"use client" in "node
_modules/@mui/icons-m
aterial/esm/BentoRoun
ded.js" was ignored.
node_modules/@mui/ico
ns-material/esm/Beenh
ereRounded.js (1:0): 
Module level 
directives cause 
errors when bundled, 
"use client" in "node
_modules/@mui/icons-m
aterial/esm/BeenhereR
ounded.js" was 
ignored.
node_modules/@mui/ico
ns-material/esm/Bento
Outlined.js (1:0): 
Module level 
directives cause 
errors when bundled, 
"use client" in "node
_modules/@mui/icons-m
aterial/esm/BentoOutl
ined.js" was ignored.
node_modules/@mui/ico
ns-material/esm/Bento
Sharp.js (1:0): 
Module level 
directives cause 
errors when bundled, 
"use client" in "node
_modules/@mui/icons-m
aterial/esm/BentoShar
p.js" was ignored.
node_modules/@mui/ico
ns-material/esm/Bento
TwoTone.js (1:0): 
Module level 
directives cause 
errors when bundled, 
"use client" in "node
_modules/@mui/icons-m
aterial/esm/BentoTwoT
one.js" was ignored.
node_modules/@mui/ico
ns-material/esm/Bento
.js (1:0): Module 
level directives 
cause errors when 
bundled, "use 
client" in "node_modu
les/@mui/icons-materi
al/esm/Bento.js" was 
ignored.
node_modules/@mui/ico
ns-material/esm/BikeS
cooterOutlined.js 
(1:0): Module level 
directives cause 
errors when bundled, 
"use client" in "node
_modules/@mui/icons-m
aterial/esm/BikeScoot
erOutlined.js" was 
ignored.
node_modules/@mui/ico
ns-material/esm/BikeS
cooter.js (1:0): 
Module level 
directives cause 
errors when bundled, 
"use client" in "node
_modules/@mui/icons-m
aterial/esm/BikeScoot
er.js" was ignored.
node_modules/@mui/ico
ns-material/esm/Biote
chOutlined.js (1:0): 
Module level 
directives cause 
errors when bundled, 
"use client" in "node
_modules/@mui/icons-m
aterial/esm/BiotechOu
tlined.js" was 
ignored.
node_modules/@mui/ico
ns-material/esm/Biote
ch.js (1:0): Module 
level directives 
cause errors when 
bundled, "use 
client" in "node_modu
les/@mui/icons-materi
al/esm/Biotech.js" 
was ignored.
node_modules/@mui/ico
ns-material/esm/Biote
chRounded.js (1:0): 
Module level 
directives cause 
errors when bundled, 
"use client" in "node
_modules/@mui/icons-m
aterial/esm/BiotechRo
unded.js" was 
ignored.
node_modules/@mui/ico
ns-material/esm/BikeS
cooterTwoTone.js 
(1:0): Module level 
directives cause 
errors when bundled, 
"use client" in "node
_modules/@mui/icons-m
aterial/esm/BikeScoot
erTwoTone.js" was 
ignored.
node_modules/@mui/ico
ns-material/esm/Biote
chSharp.js (1:0): 
Module level 
directives cause 
errors when bundled, 
"use client" in "node
_modules/@mui/icons-m
aterial/esm/BiotechSh
arp.js" was ignored.
node_modules/@mui/ico
ns-material/esm/Biote
chTwoTone.js (1:0): 
Module level 
directives cause 
errors when bundled, 
"use client" in "node
_modules/@mui/icons-m
aterial/esm/BiotechTw
oTone.js" was 
ignored.
node_modules/@mui/ico
ns-material/esm/Blend
er.js (1:0): Module 
level directives 
cause errors when 
bundled, "use 
client" in "node_modu
les/@mui/icons-materi
al/esm/Blender.js" 
was ignored.
node_modules/@mui/ico
ns-material/esm/Blend
erOutlined.js (1:0): 
Module level 
directives cause 
errors when bundled, 
"use client" in "node
_modules/@mui/icons-m
aterial/esm/BlenderOu
tlined.js" was 
ignored.
node_modules/@mui/ico
ns-material/esm/Blend
erSharp.js (1:0): 
Module level 
directives cause 
errors when bundled, 
"use client" in "node
_modules/@mui/icons-m
aterial/esm/BlenderSh
arp.js" was ignored.
node_modules/@mui/ico
ns-material/esm/Blend
erRounded.js (1:0): 
Module level 
directives cause 
errors when bundled, 
"use client" in "node
_modules/@mui/icons-m
aterial/esm/BlenderRo
unded.js" was 
ignored.
node_modules/@mui/ico
ns-material/esm/BikeS
cooterSharp.js 
(1:0): Module level 
directives cause 
errors when bundled, 
"use client" in "node
_modules/@mui/icons-m
aterial/esm/BikeScoot
erSharp.js" was 
ignored.
node_modules/@mui/ico
ns-material/esm/Blind
.js (1:0): Module 
level directives 
cause errors when 
bundled, "use 
client" in "node_modu
les/@mui/icons-materi
al/esm/Blind.js" was 
ignored.
node_modules/@mui/ico
ns-material/esm/Blend
erTwoTone.js (1:0): 
Module level 
directives cause 
errors when bundled, 
"use client" in "node
_modules/@mui/icons-m
aterial/esm/BlenderTw
oTone.js" was 
ignored.
node_modules/@mui/ico
ns-material/esm/Blind
Outlined.js (1:0): 
Module level 
directives cause 
errors when bundled, 
"use client" in "node
_modules/@mui/icons-m
aterial/esm/BlindOutl
ined.js" was ignored.
node_modules/@mui/ico
ns-material/esm/Blind
TwoTone.js (1:0): 
Module level 
directives cause 
errors when bundled, 
"use client" in "node
_modules/@mui/icons-m
aterial/esm/BlindTwoT
one.js" was ignored.
node_modules/@mui/ico
ns-material/esm/Blind
s.js (1:0): Module 
level directives 
cause errors when 
bundled, "use 
client" in "node_modu
les/@mui/icons-materi
al/esm/Blinds.js" 
was ignored.
node_modules/@mui/ico
ns-material/esm/BikeS
cooterRounded.js 
(1:0): Module level 
directives cause 
errors when bundled, 
"use client" in "node
_modules/@mui/icons-m
aterial/esm/BikeScoot
erRounded.js" was 
ignored.
node_modules/@mui/ico
ns-material/esm/Blind
Sharp.js (1:0): 
Module level 
directives cause 
errors when bundled, 
"use client" in "node
_modules/@mui/icons-m
aterial/esm/BlindShar
p.js" was ignored.
node_modules/@mui/ico
ns-material/esm/Blind
sClosed.js (1:0): 
Module level 
directives cause 
errors when bundled, 
"use client" in "node
_modules/@mui/icons-m
aterial/esm/BlindsClo
sed.js" was ignored.
node_modules/@mui/ico
ns-material/esm/Blind
sClosedRounded.js 
(1:0): Module level 
directives cause 
errors when bundled, 
"use client" in "node
_modules/@mui/icons-m
aterial/esm/BlindsClo
sedRounded.js" was 
ignored.
node_modules/@mui/ico
ns-material/esm/Blind
sClosedOutlined.js 
(1:0): Module level 
directives cause 
errors when bundled, 
"use client" in "node
_modules/@mui/icons-m
aterial/esm/BlindsClo
sedOutlined.js" was 
ignored.
node_modules/@mui/ico
ns-material/esm/Blind
Rounded.js (1:0): 
Module level 
directives cause 
errors when bundled, 
"use client" in "node
_modules/@mui/icons-m
aterial/esm/BlindRoun
ded.js" was ignored.
node_modules/@mui/ico
ns-material/esm/Blind
sClosedSharp.js 
(1:0): Module level 
directives cause 
errors when bundled, 
"use client" in "node
_modules/@mui/icons-m
aterial/esm/BlindsClo
sedSharp.js" was 
ignored.
node_modules/@mui/ico
ns-material/esm/Blind
sClosedTwoTone.js 
(1:0): Module level 
directives cause 
errors when bundled, 
"use client" in "node
_modules/@mui/icons-m
aterial/esm/BlindsClo
sedTwoTone.js" was 
ignored.
node_modules/@mui/ico
ns-material/esm/Blind
sRounded.js (1:0): 
Module level 
directives cause 
errors when bundled, 
"use client" in "node
_modules/@mui/icons-m
aterial/esm/BlindsRou
nded.js" was ignored.
node_modules/@mui/ico
ns-material/esm/Blind
sOutlined.js (1:0): 
Module level 
directives cause 
errors when bundled, 
"use client" in "node
_modules/@mui/icons-m
aterial/esm/BlindsOut
lined.js" was 
ignored.
node_modules/@mui/ico
ns-material/esm/Blind
sTwoTone.js (1:0): 
Module level 
directives cause 
errors when bundled, 
"use client" in "node
_modules/@mui/icons-m
aterial/esm/BlindsTwo
Tone.js" was ignored.
node_modules/@mui/ico
ns-material/esm/Blind
sSharp.js (1:0): 
Module level 
directives cause 
errors when bundled, 
"use client" in "node
_modules/@mui/icons-m
aterial/esm/BlindsSha
rp.js" was ignored.
node_modules/@mui/ico
ns-material/esm/Block
.js (1:0): Module 
level directives 
cause errors when 
bundled, "use 
client" in "node_modu
les/@mui/icons-materi
al/esm/Block.js" was 
ignored.
node_modules/@mui/ico
ns-material/esm/Block
Outlined.js (1:0): 
Module level 
directives cause 
errors when bundled, 
"use client" in "node
_modules/@mui/icons-m
aterial/esm/BlockOutl
ined.js" was ignored.
node_modules/@mui/ico
ns-material/esm/Block
Rounded.js (1:0): 
Module level 
directives cause 
errors when bundled, 
"use client" in "node
_modules/@mui/icons-m
aterial/esm/BlockRoun
ded.js" was ignored.
node_modules/@mui/ico
ns-material/esm/Block
TwoTone.js (1:0): 
Module level 
directives cause 
errors when bundled, 
"use client" in "node
_modules/@mui/icons-m
aterial/esm/BlockTwoT
one.js" was ignored.
node_modules/@mui/ico
ns-material/esm/Block
Sharp.js (1:0): 
Module level 
directives cause 
errors when bundled, 
"use client" in "node
_modules/@mui/icons-m
aterial/esm/BlockShar
p.js" was ignored.
node_modules/@mui/ico
ns-material/esm/Blood
type.js (1:0): 
Module level 
directives cause 
errors when bundled, 
"use client" in "node
_modules/@mui/icons-m
aterial/esm/Bloodtype
.js" was ignored.
node_modules/@mui/ico
ns-material/esm/Blood
typeRounded.js 
(1:0): Module level 
directives cause 
errors when bundled, 
"use client" in "node
_modules/@mui/icons-m
aterial/esm/Bloodtype
Rounded.js" was 
ignored.
node_modules/@mui/ico
ns-material/esm/Blood
typeSharp.js (1:0): 
Module level 
directives cause 
errors when bundled, 
"use client" in "node
_modules/@mui/icons-m
aterial/esm/Bloodtype
Sharp.js" was 
ignored.
node_modules/@mui/ico
ns-material/esm/Bluet
ooth.js (1:0): 
Module level 
directives cause 
errors when bundled, 
"use client" in "node
_modules/@mui/icons-m
aterial/esm/Bluetooth
.js" was ignored.
node_modules/@mui/ico
ns-material/esm/Blood
typeTwoTone.js 
(1:0): Module level 
directives cause 
errors when bundled, 
"use client" in "node
_modules/@mui/icons-m
aterial/esm/Bloodtype
TwoTone.js" was 
ignored.
node_modules/@mui/ico
ns-material/esm/Bluet
oothAudio.js (1:0): 
Module level 
directives cause 
errors when bundled, 
"use client" in "node
_modules/@mui/icons-m
aterial/esm/Bluetooth
Audio.js" was 
ignored.
node_modules/@mui/ico
ns-material/esm/Bluet
oothAudioOutlined.js 
(1:0): Module level 
directives cause 
errors when bundled, 
"use client" in "node
_modules/@mui/icons-m
aterial/esm/Bluetooth
AudioOutlined.js" 
was ignored.
node_modules/@mui/ico
ns-material/esm/Blood
typeOutlined.js 
(1:0): Module level 
directives cause 
errors when bundled, 
"use client" in "node
_modules/@mui/icons-m
aterial/esm/Bloodtype
Outlined.js" was 
ignored.
node_modules/@mui/ico
ns-material/esm/Bluet
oothAudioRounded.js 
(1:0): Module level 
directives cause 
errors when bundled, 
"use client" in "node
_modules/@mui/icons-m
aterial/esm/Bluetooth
AudioRounded.js" was 
ignored.
node_modules/@mui/ico
ns-material/esm/Bluet
oothAudioSharp.js 
(1:0): Module level 
directives cause 
errors when bundled, 
"use client" in "node
_modules/@mui/icons-m
aterial/esm/Bluetooth
AudioSharp.js" was 
ignored.
node_modules/@mui/ico
ns-material/esm/Bluet
oothAudioTwoTone.js 
(1:0): Module level 
directives cause 
errors when bundled, 
"use client" in "node
_modules/@mui/icons-m
aterial/esm/Bluetooth
AudioTwoTone.js" was 
ignored.
node_modules/@mui/ico
ns-material/esm/Bluet
oothConnected.js 
(1:0): Module level 
directives cause 
errors when bundled, 
"use client" in "node
_modules/@mui/icons-m
aterial/esm/Bluetooth
Connected.js" was 
ignored.
node_modules/@mui/ico
ns-material/esm/Bluet
oothConnectedOutlined
.js (1:0): Module 
level directives 
cause errors when 
bundled, "use 
client" in "node_modu
les/@mui/icons-materi
al/esm/BluetoothConne
ctedOutlined.js" was 
ignored.
node_modules/@mui/ico
ns-material/esm/Bluet
oothConnectedSharp.js
 (1:0): Module level 
directives cause 
errors when bundled, 
"use client" in "node
_modules/@mui/icons-m
aterial/esm/Bluetooth
ConnectedSharp.js" 
was ignored.
node_modules/@mui/ico
ns-material/esm/Bluet
oothConnectedRounded.
js (1:0): Module 
level directives 
cause errors when 
bundled, "use 
client" in "node_modu
les/@mui/icons-materi
al/esm/BluetoothConne
ctedRounded.js" was 
ignored.
node_modules/@mui/ico
ns-material/esm/Bluet
oothConnectedTwoTone.
js (1:0): Module 
level directives 
cause errors when 
bundled, "use 
client" in "node_modu
les/@mui/icons-materi
al/esm/BluetoothConne
ctedTwoTone.js" was 
ignored.
node_modules/@mui/ico
ns-material/esm/Bluet
oothDisabled.js 
(1:0): Module level 
directives cause 
errors when bundled, 
"use client" in "node
_modules/@mui/icons-m
aterial/esm/Bluetooth
Disabled.js" was 
ignored.
node_modules/@mui/ico
ns-material/esm/Bluet
oothDisabledOutlined.
js (1:0): Module 
level directives 
cause errors when 
bundled, "use 
client" in "node_modu
les/@mui/icons-materi
al/esm/BluetoothDisab
ledOutlined.js" was 
ignored.
node_modules/@mui/ico
ns-material/esm/Bluet
oothDisabledRounded.j
s (1:0): Module 
level directives 
cause errors when 
bundled, "use 
client" in "node_modu
les/@mui/icons-materi
al/esm/BluetoothDisab
ledRounded.js" was 
ignored.
node_modules/@mui/ico
ns-material/esm/Bluet
oothDisabledSharp.js 
(1:0): Module level 
directives cause 
errors when bundled, 
"use client" in "node
_modules/@mui/icons-m
aterial/esm/Bluetooth
DisabledSharp.js" 
was ignored.
node_modules/@mui/ico
ns-material/esm/Bluet
oothDisabledTwoTone.j
s (1:0): Module 
level directives 
cause errors when 
bundled, "use 
client" in "node_modu
les/@mui/icons-materi
al/esm/BluetoothDisab
ledTwoTone.js" was 
ignored.
node_modules/@mui/ico
ns-material/esm/Bluet
oothDrive.js (1:0): 
Module level 
directives cause 
errors when bundled, 
"use client" in "node
_modules/@mui/icons-m
aterial/esm/Bluetooth
Drive.js" was 
ignored.
node_modules/@mui/ico
ns-material/esm/Bluet
oothDriveOutlined.js 
(1:0): Module level 
directives cause 
errors when bundled, 
"use client" in "node
_modules/@mui/icons-m
aterial/esm/Bluetooth
DriveOutlined.js" 
was ignored.
node_modules/@mui/ico
ns-material/esm/Bluet
oothDriveSharp.js 
(1:0): Module level 
directives cause 
errors when bundled, 
"use client" in "node
_modules/@mui/icons-m
aterial/esm/Bluetooth
DriveSharp.js" was 
ignored.
node_modules/@mui/ico
ns-material/esm/Bluet
oothDriveRounded.js 
(1:0): Module level 
directives cause 
errors when bundled, 
"use client" in "node
_modules/@mui/icons-m
aterial/esm/Bluetooth
DriveRounded.js" was 
ignored.
node_modules/@mui/ico
ns-material/esm/Bluet
oothDriveTwoTone.js 
(1:0): Module level 
directives cause 
errors when bundled, 
"use client" in "node
_modules/@mui/icons-m
aterial/esm/Bluetooth
DriveTwoTone.js" was 
ignored.
node_modules/@mui/ico
ns-material/esm/Bluet
oothOutlined.js 
(1:0): Module level 
directives cause 
errors when bundled, 
"use client" in "node
_modules/@mui/icons-m
aterial/esm/Bluetooth
Outlined.js" was 
ignored.
node_modules/@mui/ico
ns-material/esm/Bluet
oothRounded.js 
(1:0): Module level 
directives cause 
errors when bundled, 
"use client" in "node
_modules/@mui/icons-m
aterial/esm/Bluetooth
Rounded.js" was 
ignored.
node_modules/@mui/ico
ns-material/esm/Bluet
oothSearching.js 
(1:0): Module level 
directives cause 
errors when bundled, 
"use client" in "node
_modules/@mui/icons-m
aterial/esm/Bluetooth
Searching.js" was 
ignored.
node_modules/@mui/ico
ns-material/esm/Bluet
oothSearchingRounded.
js (1:0): Module 
level directives 
cause errors when 
bundled, "use 
client" in "node_modu
les/@mui/icons-materi
al/esm/BluetoothSearc
hingRounded.js" was 
ignored.
node_modules/@mui/ico
ns-material/esm/Bluet
oothSearchingOutlined
.js (1:0): Module 
level directives 
cause errors when 
bundled, "use 
client" in "node_modu
les/@mui/icons-materi
al/esm/BluetoothSearc
hingOutlined.js" was 
ignored.
node_modules/@mui/ico
ns-material/esm/Bluet
oothSearchingTwoTone.
js (1:0): Module 
level directives 
cause errors when 
bundled, "use 
client" in "node_modu
les/@mui/icons-materi
al/esm/BluetoothSearc
hingTwoTone.js" was 
ignored.
node_modules/@mui/ico
ns-material/esm/Bluet
oothSearchingSharp.js
 (1:0): Module level 
directives cause 
errors when bundled, 
"use client" in "node
_modules/@mui/icons-m
aterial/esm/Bluetooth
SearchingSharp.js" 
was ignored.
node_modules/@mui/ico
ns-material/esm/Bluet
oothSharp.js (1:0): 
Module level 
directives cause 
errors when bundled, 
"use client" in "node
_modules/@mui/icons-m
aterial/esm/Bluetooth
Sharp.js" was 
ignored.
node_modules/@mui/ico
ns-material/esm/Bluet
oothTwoTone.js 
(1:0): Module level 
directives cause 
errors when bundled, 
"use client" in "node
_modules/@mui/icons-m
aterial/esm/Bluetooth
TwoTone.js" was 
ignored.
node_modules/@mui/ico
ns-material/esm/BlurC
ircular.js (1:0): 
Module level 
directives cause 
errors when bundled, 
"use client" in "node
_modules/@mui/icons-m
aterial/esm/BlurCircu
lar.js" was ignored.
node_modules/@mui/ico
ns-material/esm/BlurC
ircularOutlined.js 
(1:0): Module level 
directives cause 
errors when bundled, 
"use client" in "node
_modules/@mui/icons-m
aterial/esm/BlurCircu
larOutlined.js" was 
ignored.
node_modules/@mui/ico
ns-material/esm/BlurC
ircularSharp.js 
(1:0): Module level 
directives cause 
errors when bundled, 
"use client" in "node
_modules/@mui/icons-m
aterial/esm/BlurCircu
larSharp.js" was 
ignored.
node_modules/@mui/ico
ns-material/esm/BlurC
ircularRounded.js 
(1:0): Module level 
directives cause 
errors when bundled, 
"use client" in "node
_modules/@mui/icons-m
aterial/esm/BlurCircu
larRounded.js" was 
ignored.
node_modules/@mui/ico
ns-material/esm/BlurC
ircularTwoTone.js 
(1:0): Module level 
directives cause 
errors when bundled, 
"use client" in "node
_modules/@mui/icons-m
aterial/esm/BlurCircu
larTwoTone.js" was 
ignored.
node_modules/@mui/ico
ns-material/esm/BlurL
inear.js (1:0): 
Module level 
directives cause 
errors when bundled, 
"use client" in "node
_modules/@mui/icons-m
aterial/esm/BlurLinea
r.js" was ignored.
node_modules/@mui/ico
ns-material/esm/BlurL
inearOutlined.js 
(1:0): Module level 
directives cause 
errors when bundled, 
"use client" in "node
_modules/@mui/icons-m
aterial/esm/BlurLinea
rOutlined.js" was 
ignored.
node_modules/@mui/ico
ns-material/esm/BlurL
inearRounded.js 
(1:0): Module level 
directives cause 
errors when bundled, 
"use client" in "node
_modules/@mui/icons-m
aterial/esm/BlurLinea
rRounded.js" was 
ignored.
node_modules/@mui/ico
ns-material/esm/BlurL
inearSharp.js (1:0): 
Module level 
directives cause 
errors when bundled, 
"use client" in "node
_modules/@mui/icons-m
aterial/esm/BlurLinea
rSharp.js" was 
ignored.
node_modules/@mui/ico
ns-material/esm/BlurL
inearTwoTone.js 
(1:0): Module level 
directives cause 
errors when bundled, 
"use client" in "node
_modules/@mui/icons-m
aterial/esm/BlurLinea
rTwoTone.js" was 
ignored.
node_modules/@mui/ico
ns-material/esm/BlurO
ff.js (1:0): Module 
level directives 
cause errors when 
bundled, "use 
client" in "node_modu
les/@mui/icons-materi
al/esm/BlurOff.js" 
was ignored.
node_modules/@mui/ico
ns-material/esm/BlurO
ffOutlined.js (1:0): 
Module level 
directives cause 
errors when bundled, 
"use client" in "node
_modules/@mui/icons-m
aterial/esm/BlurOffOu
tlined.js" was 
ignored.
node_modules/@mui/ico
ns-material/esm/BlurO
ffRounded.js (1:0): 
Module level 
directives cause 
errors when bundled, 
"use client" in "node
_modules/@mui/icons-m
aterial/esm/BlurOffRo
unded.js" was 
ignored.
node_modules/@mui/ico
ns-material/esm/BlurO
ffSharp.js (1:0): 
Module level 
directives cause 
errors when bundled, 
"use client" in "node
_modules/@mui/icons-m
aterial/esm/BlurOffSh
arp.js" was ignored.
node_modules/@mui/ico
ns-material/esm/BlurO
ffTwoTone.js (1:0): 
Module level 
directives cause 
errors when bundled, 
"use client" in "node
_modules/@mui/icons-m
aterial/esm/BlurOffTw
oTone.js" was 
ignored.
node_modules/@mui/ico
ns-material/esm/BlurO
n.js (1:0): Module 
level directives 
cause errors when 
bundled, "use 
client" in "node_modu
les/@mui/icons-materi
al/esm/BlurOn.js" 
was ignored.
node_modules/@mui/ico
ns-material/esm/BlurO
nOutlined.js (1:0): 
Module level 
directives cause 
errors when bundled, 
"use client" in "node
_modules/@mui/icons-m
aterial/esm/BlurOnOut
lined.js" was 
ignored.
node_modules/@mui/ico
ns-material/esm/BlurO
nRounded.js (1:0): 
Module level 
directives cause 
errors when bundled, 
"use client" in "node
_modules/@mui/icons-m
aterial/esm/BlurOnRou
nded.js" was ignored.
node_modules/@mui/ico
ns-material/esm/BlurO
nTwoTone.js (1:0): 
Module level 
directives cause 
errors when bundled, 
"use client" in "node
_modules/@mui/icons-m
aterial/esm/BlurOnTwo
Tone.js" was ignored.
node_modules/@mui/ico
ns-material/esm/BlurO
nSharp.js (1:0): 
Module level 
directives cause 
errors when bundled, 
"use client" in "node
_modules/@mui/icons-m
aterial/esm/BlurOnSha
rp.js" was ignored.
node_modules/@mui/ico
ns-material/esm/BoltO
utlined.js (1:0): 
Module level 
directives cause 
errors when bundled, 
"use client" in "node
_modules/@mui/icons-m
aterial/esm/BoltOutli
ned.js" was ignored.
node_modules/@mui/ico
ns-material/esm/Bolt.
js (1:0): Module 
level directives 
cause errors when 
bundled, "use 
client" in "node_modu
les/@mui/icons-materi
al/esm/Bolt.js" was 
ignored.
node_modules/@mui/ico
ns-material/esm/BoltS
harp.js (1:0): 
Module level 
directives cause 
errors when bundled, 
"use client" in "node
_modules/@mui/icons-m
aterial/esm/BoltSharp
.js" was ignored.
node_modules/@mui/ico
ns-material/esm/BoltR
ounded.js (1:0): 
Module level 
directives cause 
errors when bundled, 
"use client" in "node
_modules/@mui/icons-m
aterial/esm/BoltRound
ed.js" was ignored.
node_modules/@mui/ico
ns-material/esm/BoltT
woTone.js (1:0): 
Module level 
directives cause 
errors when bundled, 
"use client" in "node
_modules/@mui/icons-m
aterial/esm/BoltTwoTo
ne.js" was ignored.
node_modules/@mui/ico
ns-material/esm/Book.
js (1:0): Module 
level directives 
cause errors when 
bundled, "use 
client" in "node_modu
les/@mui/icons-materi
al/esm/Book.js" was 
ignored.
node_modules/@mui/ico
ns-material/esm/BookO
nline.js (1:0): 
Module level 
directives cause 
errors when bundled, 
"use client" in "node
_modules/@mui/icons-m
aterial/esm/BookOnlin
e.js" was ignored.
node_modules/@mui/ico
ns-material/esm/BookO
nlineOutlined.js 
(1:0): Module level 
directives cause 
errors when bundled, 
"use client" in "node
_modules/@mui/icons-m
aterial/esm/BookOnlin
eOutlined.js" was 
ignored.
node_modules/@mui/ico
ns-material/esm/BookO
nlineRounded.js 
(1:0): Module level 
directives cause 
errors when bundled, 
"use client" in "node
_modules/@mui/icons-m
aterial/esm/BookOnlin
eRounded.js" was 
ignored.
node_modules/@mui/ico
ns-material/esm/BookO
nlineSharp.js (1:0): 
Module level 
directives cause 
errors when bundled, 
"use client" in "node
_modules/@mui/icons-m
aterial/esm/BookOnlin
eSharp.js" was 
ignored.
node_modules/@mui/ico
ns-material/esm/BookO
utlined.js (1:0): 
Module level 
directives cause 
errors when bundled, 
"use client" in "node
_modules/@mui/icons-m
aterial/esm/BookOutli
ned.js" was ignored.
node_modules/@mui/ico
ns-material/esm/BookO
nlineTwoTone.js 
(1:0): Module level 
directives cause 
errors when bundled, 
"use client" in "node
_modules/@mui/icons-m
aterial/esm/BookOnlin
eTwoTone.js" was 
ignored.
node_modules/@mui/ico
ns-material/esm/BookS
harp.js (1:0): 
Module level 
directives cause 
errors when bundled, 
"use client" in "node
_modules/@mui/icons-m
aterial/esm/BookSharp
.js" was ignored.
node_modules/@mui/ico
ns-material/esm/BookR
ounded.js (1:0): 
Module level 
directives cause 
errors when bundled, 
"use client" in "node
_modules/@mui/icons-m
aterial/esm/BookRound
ed.js" was ignored.
node_modules/@mui/ico
ns-material/esm/Bookm
ark.js (1:0): Module 
level directives 
cause errors when 
bundled, "use 
client" in "node_modu
les/@mui/icons-materi
al/esm/Bookmark.js" 
was ignored.
node_modules/@mui/ico
ns-material/esm/BookT
woTone.js (1:0): 
Module level 
directives cause 
errors when bundled, 
"use client" in "node
_modules/@mui/icons-m
aterial/esm/BookTwoTo
ne.js" was ignored.
node_modules/@mui/ico
ns-material/esm/Bookm
arkAdd.js (1:0): 
Module level 
directives cause 
errors when bundled, 
"use client" in "node
_modules/@mui/icons-m
aterial/esm/BookmarkA
dd.js" was ignored.
node_modules/@mui/ico
ns-material/esm/Bookm
arkAddRounded.js 
(1:0): Module level 
directives cause 
errors when bundled, 
"use client" in "node
_modules/@mui/icons-m
aterial/esm/BookmarkA
ddRounded.js" was 
ignored.
node_modules/@mui/ico
ns-material/esm/Bookm
arkAddSharp.js 
(1:0): Module level 
directives cause 
errors when bundled, 
"use client" in "node
_modules/@mui/icons-m
aterial/esm/BookmarkA
ddSharp.js" was 
ignored.
node_modules/@mui/ico
ns-material/esm/Bookm
arkAddOutlined.js 
(1:0): Module level 
directives cause 
errors when bundled, 
"use client" in "node
_modules/@mui/icons-m
aterial/esm/BookmarkA
ddOutlined.js" was 
ignored.
node_modules/@mui/ico
ns-material/esm/Bookm
arkAddTwoTone.js 
(1:0): Module level 
directives cause 
errors when bundled, 
"use client" in "node
_modules/@mui/icons-m
aterial/esm/BookmarkA
ddTwoTone.js" was 
ignored.
node_modules/@mui/ico
ns-material/esm/Bookm
arkAdded.js (1:0): 
Module level 
directives cause 
errors when bundled, 
"use client" in "node
_modules/@mui/icons-m
aterial/esm/BookmarkA
dded.js" was ignored.
node_modules/@mui/ico
ns-material/esm/Bookm
arkAddedRounded.js 
(1:0): Module level 
directives cause 
errors when bundled, 
"use client" in "node
_modules/@mui/icons-m
aterial/esm/BookmarkA
ddedRounded.js" was 
ignored.
node_modules/@mui/ico
ns-material/esm/Bookm
arkAddedOutlined.js 
(1:0): Module level 
directives cause 
errors when bundled, 
"use client" in "node
_modules/@mui/icons-m
aterial/esm/BookmarkA
ddedOutlined.js" was 
ignored.
node_modules/@mui/ico
ns-material/esm/Bookm
arkAddedSharp.js 
(1:0): Module level 
directives cause 
errors when bundled, 
"use client" in "node
_modules/@mui/icons-m
aterial/esm/BookmarkA
ddedSharp.js" was 
ignored.
node_modules/@mui/ico
ns-material/esm/Bookm
arkAddedTwoTone.js 
(1:0): Module level 
directives cause 
errors when bundled, 
"use client" in "node
_modules/@mui/icons-m
aterial/esm/BookmarkA
ddedTwoTone.js" was 
ignored.
node_modules/@mui/ico
ns-material/esm/Bookm
arkBorder.js (1:0): 
Module level 
directives cause 
errors when bundled, 
"use client" in "node
_modules/@mui/icons-m
aterial/esm/BookmarkB
order.js" was 
ignored.
node_modules/@mui/ico
ns-material/esm/Bookm
arkBorderRounded.js 
(1:0): Module level 
directives cause 
errors when bundled, 
"use client" in "node
_modules/@mui/icons-m
aterial/esm/BookmarkB
orderRounded.js" was 
ignored.
node_modules/@mui/ico
ns-material/esm/Bookm
arkBorderSharp.js 
(1:0): Module level 
directives cause 
errors when bundled, 
"use client" in "node
_modules/@mui/icons-m
aterial/esm/BookmarkB
orderSharp.js" was 
ignored.
node_modules/@mui/ico
ns-material/esm/Bookm
arkBorderOutlined.js 
(1:0): Module level 
directives cause 
errors when bundled, 
"use client" in "node
_modules/@mui/icons-m
aterial/esm/BookmarkB
orderOutlined.js" 
was ignored.
node_modules/@mui/ico
ns-material/esm/Bookm
arkBorderTwoTone.js 
(1:0): Module level 
directives cause 
errors when bundled, 
"use client" in "node
_modules/@mui/icons-m
aterial/esm/BookmarkB
orderTwoTone.js" was 
ignored.
node_modules/@mui/ico
ns-material/esm/Bookm
arkOutlined.js 
(1:0): Module level 
directives cause 
errors when bundled, 
"use client" in "node
_modules/@mui/icons-m
aterial/esm/BookmarkO
utlined.js" was 
ignored.
node_modules/@mui/ico
ns-material/esm/Bookm
arkRemoveOutlined.js 
(1:0): Module level 
directives cause 
errors when bundled, 
"use client" in "node
_modules/@mui/icons-m
aterial/esm/BookmarkR
emoveOutlined.js" 
was ignored.
node_modules/@mui/ico
ns-material/esm/Bookm
arkRemove.js (1:0): 
Module level 
directives cause 
errors when bundled, 
"use client" in "node
_modules/@mui/icons-m
aterial/esm/BookmarkR
emove.js" was 
ignored.
node_modules/@mui/ico
ns-material/esm/Bookm
arkRemoveRounded.js 
(1:0): Module level 
directives cause 
errors when bundled, 
"use client" in "node
_modules/@mui/icons-m
aterial/esm/BookmarkR
emoveRounded.js" was 
ignored.
node_modules/@mui/ico
ns-material/esm/Bookm
arkRemoveTwoTone.js 
(1:0): Module level 
directives cause 
errors when bundled, 
"use client" in "node
_modules/@mui/icons-m
aterial/esm/BookmarkR
emoveTwoTone.js" was 
ignored.
node_modules/@mui/ico
ns-material/esm/Bookm
arkRounded.js (1:0): 
Module level 
directives cause 
errors when bundled, 
"use client" in "node
_modules/@mui/icons-m
aterial/esm/BookmarkR
ounded.js" was 
ignored.
node_modules/@mui/ico
ns-material/esm/Bookm
arkSharp.js (1:0): 
Module level 
directives cause 
errors when bundled, 
"use client" in "node
_modules/@mui/icons-m
aterial/esm/BookmarkS
harp.js" was ignored.
node_modules/@mui/ico
ns-material/esm/Bookm
arkRemoveSharp.js 
(1:0): Module level 
directives cause 
errors when bundled, 
"use client" in "node
_modules/@mui/icons-m
aterial/esm/BookmarkR
emoveSharp.js" was 
ignored.
node_modules/@mui/ico
ns-material/esm/Bookm
arkTwoTone.js (1:0): 
Module level 
directives cause 
errors when bundled, 
"use client" in "node
_modules/@mui/icons-m
aterial/esm/BookmarkT
woTone.js" was 
ignored.
node_modules/@mui/ico
ns-material/esm/Bookm
arksRounded.js 
(1:0): Module level 
directives cause 
errors when bundled, 
"use client" in "node
_modules/@mui/icons-m
aterial/esm/Bookmarks
Rounded.js" was 
ignored.
node_modules/@mui/ico
ns-material/esm/Bookm
arks.js (1:0): 
Module level 
directives cause 
errors when bundled, 
"use client" in "node
_modules/@mui/icons-m
aterial/esm/Bookmarks
.js" was ignored.
node_modules/@mui/ico
ns-material/esm/Bookm
arksOutlined.js 
(1:0): Module level 
directives cause 
errors when bundled, 
"use client" in "node
_modules/@mui/icons-m
aterial/esm/Bookmarks
Outlined.js" was 
ignored.
node_modules/@mui/ico
ns-material/esm/Bookm
arksSharp.js (1:0): 
Module level 
directives cause 
errors when bundled, 
"use client" in "node
_modules/@mui/icons-m
aterial/esm/Bookmarks
Sharp.js" was 
ignored.
node_modules/@mui/ico
ns-material/esm/Bookm
arksTwoTone.js 
(1:0): Module level 
directives cause 
errors when bundled, 
"use client" in "node
_modules/@mui/icons-m
aterial/esm/Bookmarks
TwoTone.js" was 
ignored.
node_modules/@mui/ico
ns-material/esm/Borde
rAll.js (1:0): 
Module level 
directives cause 
errors when bundled, 
"use client" in "node
_modules/@mui/icons-m
aterial/esm/BorderAll
.js" was ignored.
node_modules/@mui/ico
ns-material/esm/Borde
rAllRounded.js 
(1:0): Module level 
directives cause 
errors when bundled, 
"use client" in "node
_modules/@mui/icons-m
aterial/esm/BorderAll
Rounded.js" was 
ignored.
node_modules/@mui/ico
ns-material/esm/Borde
rAllOutlined.js 
(1:0): Module level 
directives cause 
errors when bundled, 
"use client" in "node
_modules/@mui/icons-m
aterial/esm/BorderAll
Outlined.js" was 
ignored.
node_modules/@mui/ico
ns-material/esm/Borde
rAllTwoTone.js 
(1:0): Module level 
directives cause 
errors when bundled, 
"use client" in "node
_modules/@mui/icons-m
aterial/esm/BorderAll
TwoTone.js" was 
ignored.
node_modules/@mui/ico
ns-material/esm/Borde
rAllSharp.js (1:0): 
Module level 
directives cause 
errors when bundled, 
"use client" in "node
_modules/@mui/icons-m
aterial/esm/BorderAll
Sharp.js" was 
ignored.
node_modules/@mui/ico
ns-material/esm/Borde
rBottom.js (1:0): 
Module level 
directives cause 
errors when bundled, 
"use client" in "node
_modules/@mui/icons-m
aterial/esm/BorderBot
tom.js" was ignored.
node_modules/@mui/ico
ns-material/esm/Borde
rBottomOutlined.js 
(1:0): Module level 
directives cause 
errors when bundled, 
"use client" in "node
_modules/@mui/icons-m
aterial/esm/BorderBot
tomOutlined.js" was 
ignored.
node_modules/@mui/ico
ns-material/esm/Borde
rBottomRounded.js 
(1:0): Module level 
directives cause 
errors when bundled, 
"use client" in "node
_modules/@mui/icons-m
aterial/esm/BorderBot
tomRounded.js" was 
ignored.
node_modules/@mui/ico
ns-material/esm/Borde
rBottomTwoTone.js 
(1:0): Module level 
directives cause 
errors when bundled, 
"use client" in "node
_modules/@mui/icons-m
aterial/esm/BorderBot
tomTwoTone.js" was 
ignored.
node_modules/@mui/ico
ns-material/esm/Borde
rBottomSharp.js 
(1:0): Module level 
directives cause 
errors when bundled, 
"use client" in "node
_modules/@mui/icons-m
aterial/esm/BorderBot
tomSharp.js" was 
ignored.
node_modules/@mui/ico
ns-material/esm/Borde
rClear.js (1:0): 
Module level 
directives cause 
errors when bundled, 
"use client" in "node
_modules/@mui/icons-m
aterial/esm/BorderCle
ar.js" was ignored.
node_modules/@mui/ico
ns-material/esm/Borde
rClearOutlined.js 
(1:0): Module level 
directives cause 
errors when bundled, 
"use client" in "node
_modules/@mui/icons-m
aterial/esm/BorderCle
arOutlined.js" was 
ignored.
node_modules/@mui/ico
ns-material/esm/Borde
rClearRounded.js 
(1:0): Module level 
directives cause 
errors when bundled, 
"use client" in "node
_modules/@mui/icons-m
aterial/esm/BorderCle
arRounded.js" was 
ignored.
node_modules/@mui/ico
ns-material/esm/Borde
rClearTwoTone.js 
(1:0): Module level 
directives cause 
errors when bundled, 
"use client" in "node
_modules/@mui/icons-m
aterial/esm/BorderCle
arTwoTone.js" was 
ignored.
node_modules/@mui/ico
ns-material/esm/Borde
rClearSharp.js 
(1:0): Module level 
directives cause 
errors when bundled, 
"use client" in "node
_modules/@mui/icons-m
aterial/esm/BorderCle
arSharp.js" was 
ignored.
node_modules/@mui/ico
ns-material/esm/Borde
rColor.js (1:0): 
Module level 
directives cause 
errors when bundled, 
"use client" in "node
_modules/@mui/icons-m
aterial/esm/BorderCol
or.js" was ignored.
node_modules/@mui/ico
ns-material/esm/Borde
rColorOutlined.js 
(1:0): Module level 
directives cause 
errors when bundled, 
"use client" in "node
_modules/@mui/icons-m
aterial/esm/BorderCol
orOutlined.js" was 
ignored.
node_modules/@mui/ico
ns-material/esm/Borde
rColorSharp.js 
(1:0): Module level 
directives cause 
errors when bundled, 
"use client" in "node
_modules/@mui/icons-m
aterial/esm/BorderCol
orSharp.js" was 
ignored.
node_modules/@mui/ico
ns-material/esm/Borde
rColorRounded.js 
(1:0): Module level 
directives cause 
errors when bundled, 
"use client" in "node
_modules/@mui/icons-m
aterial/esm/BorderCol
orRounded.js" was 
ignored.
node_modules/@mui/ico
ns-material/esm/Borde
rColorTwoTone.js 
(1:0): Module level 
directives cause 
errors when bundled, 
"use client" in "node
_modules/@mui/icons-m
aterial/esm/BorderCol
orTwoTone.js" was 
ignored.
node_modules/@mui/ico
ns-material/esm/Borde
rHorizontal.js 
(1:0): Module level 
directives cause 
errors when bundled, 
"use client" in "node
_modules/@mui/icons-m
aterial/esm/BorderHor
izontal.js" was 
ignored.
node_modules/@mui/ico
ns-material/esm/Borde
rHorizontalOutlined.j
s (1:0): Module 
level directives 
cause errors when 
bundled, "use 
client" in "node_modu
les/@mui/icons-materi
al/esm/BorderHorizont
alOutlined.js" was 
ignored.
node_modules/@mui/ico
ns-material/esm/Borde
rHorizontalSharp.js 
(1:0): Module level 
directives cause 
errors when bundled, 
"use client" in "node
_modules/@mui/icons-m
aterial/esm/BorderHor
izontalSharp.js" was 
ignored.
node_modules/@mui/ico
ns-material/esm/Borde
rHorizontalRounded.js
 (1:0): Module level 
directives cause 
errors when bundled, 
"use client" in "node
_modules/@mui/icons-m
aterial/esm/BorderHor
izontalRounded.js" 
was ignored.
node_modules/@mui/ico
ns-material/esm/Borde
rHorizontalTwoTone.js
 (1:0): Module level 
directives cause 
errors when bundled, 
"use client" in "node
_modules/@mui/icons-m
aterial/esm/BorderHor
izontalTwoTone.js" 
was ignored.
node_modules/@mui/ico
ns-material/esm/Borde
rInner.js (1:0): 
Module level 
directives cause 
errors when bundled, 
"use client" in "node
_modules/@mui/icons-m
aterial/esm/BorderInn
er.js" was ignored.
node_modules/@mui/ico
ns-material/esm/Borde
rInnerOutlined.js 
(1:0): Module level 
directives cause 
errors when bundled, 
"use client" in "node
_modules/@mui/icons-m
aterial/esm/BorderInn
erOutlined.js" was 
ignored.
node_modules/@mui/ico
ns-material/esm/Borde
rInnerRounded.js 
(1:0): Module level 
directives cause 
errors when bundled, 
"use client" in "node
_modules/@mui/icons-m
aterial/esm/BorderInn
erRounded.js" was 
ignored.
node_modules/@mui/ico
ns-material/esm/Borde
rInnerTwoTone.js 
(1:0): Module level 
directives cause 
errors when bundled, 
"use client" in "node
_modules/@mui/icons-m
aterial/esm/BorderInn
erTwoTone.js" was 
ignored.
node_modules/@mui/ico
ns-material/esm/Borde
rLeft.js (1:0): 
Module level 
directives cause 
errors when bundled, 
"use client" in "node
_modules/@mui/icons-m
aterial/esm/BorderLef
t.js" was ignored.
node_modules/@mui/ico
ns-material/esm/Borde
rLeftRounded.js 
(1:0): Module level 
directives cause 
errors when bundled, 
"use client" in "node
_modules/@mui/icons-m
aterial/esm/BorderLef
tRounded.js" was 
ignored.
node_modules/@mui/ico
ns-material/esm/Borde
rInnerSharp.js 
(1:0): Module level 
directives cause 
errors when bundled, 
"use client" in "node
_modules/@mui/icons-m
aterial/esm/BorderInn
erSharp.js" was 
ignored.
node_modules/@mui/ico
ns-material/esm/Borde
rLeftSharp.js (1:0): 
Module level 
directives cause 
errors when bundled, 
"use client" in "node
_modules/@mui/icons-m
aterial/esm/BorderLef
tSharp.js" was 
ignored.
node_modules/@mui/ico
ns-material/esm/Borde
rLeftTwoTone.js 
(1:0): Module level 
directives cause 
errors when bundled, 
"use client" in "node
_modules/@mui/icons-m
aterial/esm/BorderLef
tTwoTone.js" was 
ignored.
node_modules/@mui/ico
ns-material/esm/Borde
rLeftOutlined.js 
(1:0): Module level 
directives cause 
errors when bundled, 
"use client" in "node
_modules/@mui/icons-m
aterial/esm/BorderLef
tOutlined.js" was 
ignored.
node_modules/@mui/ico
ns-material/esm/Borde
rOuter.js (1:0): 
Module level 
directives cause 
errors when bundled, 
"use client" in "node
_modules/@mui/icons-m
aterial/esm/BorderOut
er.js" was ignored.
node_modules/@mui/ico
ns-material/esm/Borde
rOuterOutlined.js 
(1:0): Module level 
directives cause 
errors when bundled, 
"use client" in "node
_modules/@mui/icons-m
aterial/esm/BorderOut
erOutlined.js" was 
ignored.
node_modules/@mui/ico
ns-material/esm/Borde
rOuterRounded.js 
(1:0): Module level 
directives cause 
errors when bundled, 
"use client" in "node
_modules/@mui/icons-m
aterial/esm/BorderOut
erRounded.js" was 
ignored.
node_modules/@mui/ico
ns-material/esm/Borde
rOuterTwoTone.js 
(1:0): Module level 
directives cause 
errors when bundled, 
"use client" in "node
_modules/@mui/icons-m
aterial/esm/BorderOut
erTwoTone.js" was 
ignored.
node_modules/@mui/ico
ns-material/esm/Borde
rOuterSharp.js 
(1:0): Module level 
directives cause 
errors when bundled, 
"use client" in "node
_modules/@mui/icons-m
aterial/esm/BorderOut
erSharp.js" was 
ignored.
node_modules/@mui/ico
ns-material/esm/Borde
rRight.js (1:0): 
Module level 
directives cause 
errors when bundled, 
"use client" in "node
_modules/@mui/icons-m
aterial/esm/BorderRig
ht.js" was ignored.
node_modules/@mui/ico
ns-material/esm/Borde
rRightOutlined.js 
(1:0): Module level 
directives cause 
errors when bundled, 
"use client" in "node
_modules/@mui/icons-m
aterial/esm/BorderRig
htOutlined.js" was 
ignored.
node_modules/@mui/ico
ns-material/esm/Borde
rRightRounded.js 
(1:0): Module level 
directives cause 
errors when bundled, 
"use client" in "node
_modules/@mui/icons-m
aterial/esm/BorderRig
htRounded.js" was 
ignored.
node_modules/@mui/ico
ns-material/esm/Borde
rRightTwoTone.js 
(1:0): Module level 
directives cause 
errors when bundled, 
"use client" in "node
_modules/@mui/icons-m
aterial/esm/BorderRig
htTwoTone.js" was 
ignored.
node_modules/@mui/ico
ns-material/esm/Borde
rRightSharp.js 
(1:0): Module level 
directives cause 
errors when bundled, 
"use client" in "node
_modules/@mui/icons-m
aterial/esm/BorderRig
htSharp.js" was 
ignored.
node_modules/@mui/ico
ns-material/esm/Borde
rStyle.js (1:0): 
Module level 
directives cause 
errors when bundled, 
"use client" in "node
_modules/@mui/icons-m
aterial/esm/BorderSty
le.js" was ignored.
node_modules/@mui/ico
ns-material/esm/Borde
rStyleRounded.js 
(1:0): Module level 
directives cause 
errors when bundled, 
"use client" in "node
_modules/@mui/icons-m
aterial/esm/BorderSty
leRounded.js" was 
ignored.
node_modules/@mui/ico
ns-material/esm/Borde
rStyleOutlined.js 
(1:0): Module level 
directives cause 
errors when bundled, 
"use client" in "node
_modules/@mui/icons-m
aterial/esm/BorderSty
leOutlined.js" was 
ignored.
node_modules/@mui/ico
ns-material/esm/Borde
rStyleSharp.js 
(1:0): Module level 
directives cause 
errors when bundled, 
"use client" in "node
_modules/@mui/icons-m
aterial/esm/BorderSty
leSharp.js" was 
ignored.
node_modules/@mui/ico
ns-material/esm/Borde
rStyleTwoTone.js 
(1:0): Module level 
directives cause 
errors when bundled, 
"use client" in "node
_modules/@mui/icons-m
aterial/esm/BorderSty
leTwoTone.js" was 
ignored.
node_modules/@mui/ico
ns-material/esm/Borde
rTop.js (1:0): 
Module level 
directives cause 
errors when bundled, 
"use client" in "node
_modules/@mui/icons-m
aterial/esm/BorderTop
.js" was ignored.
node_modules/@mui/ico
ns-material/esm/Borde
rTopOutlined.js 
(1:0): Module level 
directives cause 
errors when bundled, 
"use client" in "node
_modules/@mui/icons-m
aterial/esm/BorderTop
Outlined.js" was 
ignored.
node_modules/@mui/ico
ns-material/esm/Borde
rTopRounded.js 
(1:0): Module level 
directives cause 
errors when bundled, 
"use client" in "node
_modules/@mui/icons-m
aterial/esm/BorderTop
Rounded.js" was 
ignored.
node_modules/@mui/ico
ns-material/esm/Borde
rTopSharp.js (1:0): 
Module level 
directives cause 
errors when bundled, 
"use client" in "node
_modules/@mui/icons-m
aterial/esm/BorderTop
Sharp.js" was 
ignored.
node_modules/@mui/ico
ns-material/esm/Borde
rTopTwoTone.js 
(1:0): Module level 
directives cause 
errors when bundled, 
"use client" in "node
_modules/@mui/icons-m
aterial/esm/BorderTop
TwoTone.js" was 
ignored.
node_modules/@mui/ico
ns-material/esm/Borde
rVerticalOutlined.js 
(1:0): Module level 
directives cause 
errors when bundled, 
"use client" in "node
_modules/@mui/icons-m
aterial/esm/BorderVer
ticalOutlined.js" 
was ignored.
node_modules/@mui/ico
ns-material/esm/Borde
rVertical.js (1:0): 
Module level 
directives cause 
errors when bundled, 
"use client" in "node
_modules/@mui/icons-m
aterial/esm/BorderVer
tical.js" was 
ignored.
node_modules/@mui/ico
ns-material/esm/Borde
rVerticalRounded.js 
(1:0): Module level 
directives cause 
errors when bundled, 
"use client" in "node
_modules/@mui/icons-m
aterial/esm/BorderVer
ticalRounded.js" was 
ignored.
node_modules/@mui/ico
ns-material/esm/Borde
rVerticalSharp.js 
(1:0): Module level 
directives cause 
errors when bundled, 
"use client" in "node
_modules/@mui/icons-m
aterial/esm/BorderVer
ticalSharp.js" was 
ignored.
node_modules/@mui/ico
ns-material/esm/Borde
rVerticalTwoTone.js 
(1:0): Module level 
directives cause 
errors when bundled, 
"use client" in "node
_modules/@mui/icons-m
aterial/esm/BorderVer
ticalTwoTone.js" was 
ignored.
node_modules/@mui/ico
ns-material/esm/BoyOu
tlined.js (1:0): 
Module level 
directives cause 
errors when bundled, 
"use client" in "node
_modules/@mui/icons-m
aterial/esm/BoyOutlin
ed.js" was ignored.
node_modules/@mui/ico
ns-material/esm/Boy.j
s (1:0): Module 
level directives 
cause errors when 
bundled, "use 
client" in "node_modu
les/@mui/icons-materi
al/esm/Boy.js" was 
ignored.
node_modules/@mui/ico
ns-material/esm/BoyTw
oTone.js (1:0): 
Module level 
directives cause 
errors when bundled, 
"use client" in "node
_modules/@mui/icons-m
aterial/esm/BoyTwoTon
e.js" was ignored.
node_modules/@mui/ico
ns-material/esm/Brand
ingWatermark.js 
(1:0): Module level 
directives cause 
errors when bundled, 
"use client" in "node
_modules/@mui/icons-m
aterial/esm/BrandingW
atermark.js" was 
ignored.
node_modules/@mui/ico
ns-material/esm/Brand
ingWatermarkOutlined.
js (1:0): Module 
level directives 
cause errors when 
bundled, "use 
client" in "node_modu
les/@mui/icons-materi
al/esm/BrandingWaterm
arkOutlined.js" was 
ignored.
node_modules/@mui/ico
ns-material/esm/Brand
ingWatermarkRounded.j
s (1:0): Module 
level directives 
cause errors when 
bundled, "use 
client" in "node_modu
les/@mui/icons-materi
al/esm/BrandingWaterm
arkRounded.js" was 
ignored.
node_modules/@mui/ico
ns-material/esm/BoyRo
unded.js (1:0): 
Module level 
directives cause 
errors when bundled, 
"use client" in "node
_modules/@mui/icons-m
aterial/esm/BoyRounde
d.js" was ignored.
node_modules/@mui/ico
ns-material/esm/BoySh
arp.js (1:0): Module 
level directives 
cause errors when 
bundled, "use 
client" in "node_modu
les/@mui/icons-materi
al/esm/BoySharp.js" 
was ignored.
node_modules/@mui/ico
ns-material/esm/Brand
ingWatermarkSharp.js 
(1:0): Module level 
directives cause 
errors when bundled, 
"use client" in "node
_modules/@mui/icons-m
aterial/esm/BrandingW
atermarkSharp.js" 
was ignored.
node_modules/@mui/ico
ns-material/esm/Break
fastDining.js (1:0): 
Module level 
directives cause 
errors when bundled, 
"use client" in "node
_modules/@mui/icons-m
aterial/esm/Breakfast
Dining.js" was 
ignored.
node_modules/@mui/ico
ns-material/esm/Brand
ingWatermarkTwoTone.j
s (1:0): Module 
level directives 
cause errors when 
bundled, "use 
client" in "node_modu
les/@mui/icons-materi
al/esm/BrandingWaterm
arkTwoTone.js" was 
ignored.
node_modules/@mui/ico
ns-material/esm/Break
fastDiningSharp.js 
(1:0): Module level 
directives cause 
errors when bundled, 
"use client" in "node
_modules/@mui/icons-m
aterial/esm/Breakfast
DiningSharp.js" was 
ignored.
node_modules/@mui/ico
ns-material/esm/Break
fastDiningRounded.js 
(1:0): Module level 
directives cause 
errors when bundled, 
"use client" in "node
_modules/@mui/icons-m
aterial/esm/Breakfast
DiningRounded.js" 
was ignored.
node_modules/@mui/ico
ns-material/esm/Brigh
tness1.js (1:0): 
Module level 
directives cause 
errors when bundled, 
"use client" in "node
_modules/@mui/icons-m
aterial/esm/Brightnes
s1.js" was ignored.
node_modules/@mui/ico
ns-material/esm/Break
fastDiningOutlined.js
 (1:0): Module level 
directives cause 
errors when bundled, 
"use client" in "node
_modules/@mui/icons-m
aterial/esm/Breakfast
DiningOutlined.js" 
was ignored.
node_modules/@mui/ico
ns-material/esm/Break
fastDiningTwoTone.js 
(1:0): Module level 
directives cause 
errors when bundled, 
"use client" in "node
_modules/@mui/icons-m
aterial/esm/Breakfast
DiningTwoTone.js" 
was ignored.
node_modules/@mui/ico
ns-material/esm/Brigh
tness1Outlined.js 
(1:0): Module level 
directives cause 
errors when bundled, 
"use client" in "node
_modules/@mui/icons-m
aterial/esm/Brightnes
s1Outlined.js" was 
ignored.
node_modules/@mui/ico
ns-material/esm/Brigh
tness1Rounded.js 
(1:0): Module level 
directives cause 
errors when bundled, 
"use client" in "node
_modules/@mui/icons-m
aterial/esm/Brightnes
s1Rounded.js" was 
ignored.
node_modules/@mui/ico
ns-material/esm/Brigh
tness2.js (1:0): 
Module level 
directives cause 
errors when bundled, 
"use client" in "node
_modules/@mui/icons-m
aterial/esm/Brightnes
s2.js" was ignored.
node_modules/@mui/ico
ns-material/esm/Brigh
tness1Sharp.js 
(1:0): Module level 
directives cause 
errors when bundled, 
"use client" in "node
_modules/@mui/icons-m
aterial/esm/Brightnes
s1Sharp.js" was 
ignored.
node_modules/@mui/ico
ns-material/esm/Brigh
tness1TwoTone.js 
(1:0): Module level 
directives cause 
errors when bundled, 
"use client" in "node
_modules/@mui/icons-m
aterial/esm/Brightnes
s1TwoTone.js" was 
ignored.
node_modules/@mui/ico
ns-material/esm/Brigh
tness2Outlined.js 
(1:0): Module level 
directives cause 
errors when bundled, 
"use client" in "node
_modules/@mui/icons-m
aterial/esm/Brightnes
s2Outlined.js" was 
ignored.
node_modules/@mui/ico
ns-material/esm/Brigh
tness2Rounded.js 
(1:0): Module level 
directives cause 
errors when bundled, 
"use client" in "node
_modules/@mui/icons-m
aterial/esm/Brightnes
s2Rounded.js" was 
ignored.
node_modules/@mui/ico
ns-material/esm/Brigh
tness2Sharp.js 
(1:0): Module level 
directives cause 
errors when bundled, 
"use client" in "node
_modules/@mui/icons-m
aterial/esm/Brightnes
s2Sharp.js" was 
ignored.
node_modules/@mui/ico
ns-material/esm/Brigh
tness2TwoTone.js 
(1:0): Module level 
directives cause 
errors when bundled, 
"use client" in "node
_modules/@mui/icons-m
aterial/esm/Brightnes
s2TwoTone.js" was 
ignored.
node_modules/@mui/ico
ns-material/esm/Brigh
tness3Outlined.js 
(1:0): Module level 
directives cause 
errors when bundled, 
"use client" in "node
_modules/@mui/icons-m
aterial/esm/Brightnes
s3Outlined.js" was 
ignored.
node_modules/@mui/ico
ns-material/esm/Brigh
tness3.js (1:0): 
Module level 
directives cause 
errors when bundled, 
"use client" in "node
_modules/@mui/icons-m
aterial/esm/Brightnes
s3.js" was ignored.
node_modules/@mui/ico
ns-material/esm/Brigh
tness3Rounded.js 
(1:0): Module level 
directives cause 
errors when bundled, 
"use client" in "node
_modules/@mui/icons-m
aterial/esm/Brightnes
s3Rounded.js" was 
ignored.
node_modules/@mui/ico
ns-material/esm/Brigh
tness3TwoTone.js 
(1:0): Module level 
directives cause 
errors when bundled, 
"use client" in "node
_modules/@mui/icons-m
aterial/esm/Brightnes
s3TwoTone.js" was 
ignored.
node_modules/@mui/ico
ns-material/esm/Brigh
tness3Sharp.js 
(1:0): Module level 
directives cause 
errors when bundled, 
"use client" in "node
_modules/@mui/icons-m
aterial/esm/Brightnes
s3Sharp.js" was 
ignored.
node_modules/@mui/ico
ns-material/esm/Brigh
tness4Outlined.js 
(1:0): Module level 
directives cause 
errors when bundled, 
"use client" in "node
_modules/@mui/icons-m
aterial/esm/Brightnes
s4Outlined.js" was 
ignored.
node_modules/@mui/ico
ns-material/esm/Brigh
tness4.js (1:0): 
Module level 
directives cause 
errors when bundled, 
"use client" in "node
_modules/@mui/icons-m
aterial/esm/Brightnes
s4.js" was ignored.
node_modules/@mui/ico
ns-material/esm/Brigh
tness4Rounded.js 
(1:0): Module level 
directives cause 
errors when bundled, 
"use client" in "node
_modules/@mui/icons-m
aterial/esm/Brightnes
s4Rounded.js" was 
ignored.
node_modules/@mui/ico
ns-material/esm/Brigh
tness4Sharp.js 
(1:0): Module level 
directives cause 
errors when bundled, 
"use client" in "node
_modules/@mui/icons-m
aterial/esm/Brightnes
s4Sharp.js" was 
ignored.
node_modules/@mui/ico
ns-material/esm/Brigh
tness4TwoTone.js 
(1:0): Module level 
directives cause 
errors when bundled, 
"use client" in "node
_modules/@mui/icons-m
aterial/esm/Brightnes
s4TwoTone.js" was 
ignored.
node_modules/@mui/ico
ns-material/esm/Brigh
tness5.js (1:0): 
Module level 
directives cause 
errors when bundled, 
"use client" in "node
_modules/@mui/icons-m
aterial/esm/Brightnes
s5.js" was ignored.
node_modules/@mui/ico
ns-material/esm/Brigh
tness5Outlined.js 
(1:0): Module level 
directives cause 
errors when bundled, 
"use client" in "node
_modules/@mui/icons-m
aterial/esm/Brightnes
s5Outlined.js" was 
ignored.
node_modules/@mui/ico
ns-material/esm/Brigh
tness5Rounded.js 
(1:0): Module level 
directives cause 
errors when bundled, 
"use client" in "node
_modules/@mui/icons-m
aterial/esm/Brightnes
s5Rounded.js" was 
ignored.
node_modules/@mui/ico
ns-material/esm/Brigh
tness5TwoTone.js 
(1:0): Module level 
directives cause 
errors when bundled, 
"use client" in "node
_modules/@mui/icons-m
aterial/esm/Brightnes
s5TwoTone.js" was 
ignored.
node_modules/@mui/ico
ns-material/esm/Brigh
tness5Sharp.js 
(1:0): Module level 
directives cause 
errors when bundled, 
"use client" in "node
_modules/@mui/icons-m
aterial/esm/Brightnes
s5Sharp.js" was 
ignored.
node_modules/@mui/ico
ns-material/esm/Brigh
tness6.js (1:0): 
Module level 
directives cause 
errors when bundled, 
"use client" in "node
_modules/@mui/icons-m
aterial/esm/Brightnes
s6.js" was ignored.
node_modules/@mui/ico
ns-material/esm/Brigh
tness6Outlined.js 
(1:0): Module level 
directives cause 
errors when bundled, 
"use client" in "node
_modules/@mui/icons-m
aterial/esm/Brightnes
s6Outlined.js" was 
ignored.
node_modules/@mui/ico
ns-material/esm/Brigh
tness6Rounded.js 
(1:0): Module level 
directives cause 
errors when bundled, 
"use client" in "node
_modules/@mui/icons-m
aterial/esm/Brightnes
s6Rounded.js" was 
ignored.
node_modules/@mui/ico
ns-material/esm/Brigh
tness6Sharp.js 
(1:0): Module level 
directives cause 
errors when bundled, 
"use client" in "node
_modules/@mui/icons-m
aterial/esm/Brightnes
s6Sharp.js" was 
ignored.
node_modules/@mui/ico
ns-material/esm/Brigh
tness6TwoTone.js 
(1:0): Module level 
directives cause 
errors when bundled, 
"use client" in "node
_modules/@mui/icons-m
aterial/esm/Brightnes
s6TwoTone.js" was 
ignored.
node_modules/@mui/ico
ns-material/esm/Brigh
tness7Outlined.js 
(1:0): Module level 
directives cause 
errors when bundled, 
"use client" in "node
_modules/@mui/icons-m
aterial/esm/Brightnes
s7Outlined.js" was 
ignored.
node_modules/@mui/ico
ns-material/esm/Brigh
tness7.js (1:0): 
Module level 
directives cause 
errors when bundled, 
"use client" in "node
_modules/@mui/icons-m
aterial/esm/Brightnes
s7.js" was ignored.
node_modules/@mui/ico
ns-material/esm/Brigh
tnessAuto.js (1:0): 
Module level 
directives cause 
errors when bundled, 
"use client" in "node
_modules/@mui/icons-m
aterial/esm/Brightnes
sAuto.js" was 
ignored.
node_modules/@mui/ico
ns-material/esm/Brigh
tness7TwoTone.js 
(1:0): Module level 
directives cause 
errors when bundled, 
"use client" in "node
_modules/@mui/icons-m
aterial/esm/Brightnes
s7TwoTone.js" was 
ignored.
node_modules/@mui/ico
ns-material/esm/Brigh
tness7Sharp.js 
(1:0): Module level 
directives cause 
errors when bundled, 
"use client" in "node
_modules/@mui/icons-m
aterial/esm/Brightnes
s7Sharp.js" was 
ignored.
node_modules/@mui/ico
ns-material/esm/Brigh
tnessAutoOutlined.js 
(1:0): Module level 
directives cause 
errors when bundled, 
"use client" in "node
_modules/@mui/icons-m
aterial/esm/Brightnes
sAutoOutlined.js" 
was ignored.
node_modules/@mui/ico
ns-material/esm/Brigh
tnessAutoRounded.js 
(1:0): Module level 
directives cause 
errors when bundled, 
"use client" in "node
_modules/@mui/icons-m
aterial/esm/Brightnes
sAutoRounded.js" was 
ignored.
node_modules/@mui/ico
ns-material/esm/Brigh
tnessAutoSharp.js 
(1:0): Module level 
directives cause 
errors when bundled, 
"use client" in "node
_modules/@mui/icons-m
aterial/esm/Brightnes
sAutoSharp.js" was 
ignored.
node_modules/@mui/ico
ns-material/esm/Brigh
tnessAutoTwoTone.js 
(1:0): Module level 
directives cause 
errors when bundled, 
"use client" in "node
_modules/@mui/icons-m
aterial/esm/Brightnes
sAutoTwoTone.js" was 
ignored.
node_modules/@mui/ico
ns-material/esm/Brigh
tnessHigh.js (1:0): 
Module level 
directives cause 
errors when bundled, 
"use client" in "node
_modules/@mui/icons-m
aterial/esm/Brightnes
sHigh.js" was 
ignored.
node_modules/@mui/ico
ns-material/esm/Brigh
tnessHighRounded.js 
(1:0): Module level 
directives cause 
errors when bundled, 
"use client" in "node
_modules/@mui/icons-m
aterial/esm/Brightnes
sHighRounded.js" was 
ignored.
node_modules/@mui/ico
ns-material/esm/Brigh
tness7Rounded.js 
(1:0): Module level 
directives cause 
errors when bundled, 
"use client" in "node
_modules/@mui/icons-m
aterial/esm/Brightnes
s7Rounded.js" was 
ignored.
node_modules/@mui/ico
ns-material/esm/Brigh
tnessHighSharp.js 
(1:0): Module level 
directives cause 
errors when bundled, 
"use client" in "node
_modules/@mui/icons-m
aterial/esm/Brightnes
sHighSharp.js" was 
ignored.
node_modules/@mui/ico
ns-material/esm/Brigh
tnessHighOutlined.js 
(1:0): Module level 
directives cause 
errors when bundled, 
"use client" in "node
_modules/@mui/icons-m
aterial/esm/Brightnes
sHighOutlined.js" 
was ignored.
node_modules/@mui/ico
ns-material/esm/Brigh
tnessLow.js (1:0): 
Module level 
directives cause 
errors when bundled, 
"use client" in "node
_modules/@mui/icons-m
aterial/esm/Brightnes
sLow.js" was ignored.
node_modules/@mui/ico
ns-material/esm/Brigh
tnessHighTwoTone.js 
(1:0): Module level 
directives cause 
errors when bundled, 
"use client" in "node
_modules/@mui/icons-m
aterial/esm/Brightnes
sHighTwoTone.js" was 
ignored.
node_modules/@mui/ico
ns-material/esm/Brigh
tnessLowOutlined.js 
(1:0): Module level 
directives cause 
errors when bundled, 
"use client" in "node
_modules/@mui/icons-m
aterial/esm/Brightnes
sLowOutlined.js" was 
ignored.
node_modules/@mui/ico
ns-material/esm/Brigh
tnessLowRounded.js 
(1:0): Module level 
directives cause 
errors when bundled, 
"use client" in "node
_modules/@mui/icons-m
aterial/esm/Brightnes
sLowRounded.js" was 
ignored.
node_modules/@mui/ico
ns-material/esm/Brigh
tnessLowSharp.js 
(1:0): Module level 
directives cause 
errors when bundled, 
"use client" in "node
_modules/@mui/icons-m
aterial/esm/Brightnes
sLowSharp.js" was 
ignored.
node_modules/@mui/ico
ns-material/esm/Brigh
tnessLowTwoTone.js 
(1:0): Module level 
directives cause 
errors when bundled, 
"use client" in "node
_modules/@mui/icons-m
aterial/esm/Brightnes
sLowTwoTone.js" was 
ignored.
node_modules/@mui/ico
ns-material/esm/Brigh
tnessMedium.js 
(1:0): Module level 
directives cause 
errors when bundled, 
"use client" in "node
_modules/@mui/icons-m
aterial/esm/Brightnes
sMedium.js" was 
ignored.
node_modules/@mui/ico
ns-material/esm/Brigh
tnessMediumOutlined.j
s (1:0): Module 
level directives 
cause errors when 
bundled, "use 
client" in "node_modu
les/@mui/icons-materi
al/esm/BrightnessMedi
umOutlined.js" was 
ignored.
node_modules/@mui/ico
ns-material/esm/Brigh
tnessMediumRounded.js
 (1:0): Module level 
directives cause 
errors when bundled, 
"use client" in "node
_modules/@mui/icons-m
aterial/esm/Brightnes
sMediumRounded.js" 
was ignored.
node_modules/@mui/ico
ns-material/esm/Brigh
tnessMediumSharp.js 
(1:0): Module level 
directives cause 
errors when bundled, 
"use client" in "node
_modules/@mui/icons-m
aterial/esm/Brightnes
sMediumSharp.js" was 
ignored.
node_modules/@mui/ico
ns-material/esm/Brigh
tnessMediumTwoTone.js
 (1:0): Module level 
directives cause 
errors when bundled, 
"use client" in "node
_modules/@mui/icons-m
aterial/esm/Brightnes
sMediumTwoTone.js" 
was ignored.
node_modules/@mui/ico
ns-material/esm/Broad
castOnHome.js (1:0): 
Module level 
directives cause 
errors when bundled, 
"use client" in "node
_modules/@mui/icons-m
aterial/esm/Broadcast
OnHome.js" was 
ignored.
node_modules/@mui/ico
ns-material/esm/Broad
castOnHomeOutlined.js
 (1:0): Module level 
directives cause 
errors when bundled, 
"use client" in "node
_modules/@mui/icons-m
aterial/esm/Broadcast
OnHomeOutlined.js" 
was ignored.
node_modules/@mui/ico
ns-material/esm/Broad
castOnHomeRounded.js 
(1:0): Module level 
directives cause 
errors when bundled, 
"use client" in "node
_modules/@mui/icons-m
aterial/esm/Broadcast
OnHomeRounded.js" 
was ignored.
node_modules/@mui/ico
ns-material/esm/Broad
castOnHomeSharp.js 
(1:0): Module level 
directives cause 
errors when bundled, 
"use client" in "node
_modules/@mui/icons-m
aterial/esm/Broadcast
OnHomeSharp.js" was 
ignored.
node_modules/@mui/ico
ns-material/esm/Broad
castOnHomeTwoTone.js 
(1:0): Module level 
directives cause 
errors when bundled, 
"use client" in "node
_modules/@mui/icons-m
aterial/esm/Broadcast
OnHomeTwoTone.js" 
was ignored.
node_modules/@mui/ico
ns-material/esm/Broad
castOnPersonal.js 
(1:0): Module level 
directives cause 
errors when bundled, 
"use client" in "node
_modules/@mui/icons-m
aterial/esm/Broadcast
OnPersonal.js" was 
ignored.
node_modules/@mui/ico
ns-material/esm/Broad
castOnPersonalSharp.j
s (1:0): Module 
level directives 
cause errors when 
bundled, "use 
client" in "node_modu
les/@mui/icons-materi
al/esm/BroadcastOnPer
sonalSharp.js" was 
ignored.
node_modules/@mui/ico
ns-material/esm/Broad
castOnPersonalOutline
d.js (1:0): Module 
level directives 
cause errors when 
bundled, "use 
client" in "node_modu
les/@mui/icons-materi
al/esm/BroadcastOnPer
sonalOutlined.js" 
was ignored.
node_modules/@mui/ico
ns-material/esm/Broad
castOnPersonalTwoTone
.js (1:0): Module 
level directives 
cause errors when 
bundled, "use 
client" in "node_modu
les/@mui/icons-materi
al/esm/BroadcastOnPer
sonalTwoTone.js" was 
ignored.
node_modules/@mui/ico
ns-material/esm/Broke
nImage.js (1:0): 
Module level 
directives cause 
errors when bundled, 
"use client" in "node
_modules/@mui/icons-m
aterial/esm/BrokenIma
ge.js" was ignored.
node_modules/@mui/ico
ns-material/esm/Broad
castOnPersonalRounded
.js (1:0): Module 
level directives 
cause errors when 
bundled, "use 
client" in "node_modu
les/@mui/icons-materi
al/esm/BroadcastOnPer
sonalRounded.js" was 
ignored.
node_modules/@mui/ico
ns-material/esm/Broke
nImageRounded.js 
(1:0): Module level 
directives cause 
errors when bundled, 
"use client" in "node
_modules/@mui/icons-m
aterial/esm/BrokenIma
geRounded.js" was 
ignored.
node_modules/@mui/ico
ns-material/esm/Broke
nImageOutlined.js 
(1:0): Module level 
directives cause 
errors when bundled, 
"use client" in "node
_modules/@mui/icons-m
aterial/esm/BrokenIma
geOutlined.js" was 
ignored.
node_modules/@mui/ico
ns-material/esm/Broke
nImageSharp.js 
(1:0): Module level 
directives cause 
errors when bundled, 
"use client" in "node
_modules/@mui/icons-m
aterial/esm/BrokenIma
geSharp.js" was 
ignored.
node_modules/@mui/ico
ns-material/esm/Brows
eGallery.js (1:0): 
Module level 
directives cause 
errors when bundled, 
"use client" in "node
_modules/@mui/icons-m
aterial/esm/BrowseGal
lery.js" was ignored.
node_modules/@mui/ico
ns-material/esm/Broke
nImageTwoTone.js 
(1:0): Module level 
directives cause 
errors when bundled, 
"use client" in "node
_modules/@mui/icons-m
aterial/esm/BrokenIma
geTwoTone.js" was 
ignored.
node_modules/@mui/ico
ns-material/esm/Brows
eGalleryOutlined.js 
(1:0): Module level 
directives cause 
errors when bundled, 
"use client" in "node
_modules/@mui/icons-m
aterial/esm/BrowseGal
leryOutlined.js" was 
ignored.
node_modules/@mui/ico
ns-material/esm/Brows
eGalleryRounded.js 
(1:0): Module level 
directives cause 
errors when bundled, 
"use client" in "node
_modules/@mui/icons-m
aterial/esm/BrowseGal
leryRounded.js" was 
ignored.
node_modules/@mui/ico
ns-material/esm/Brows
eGallerySharp.js 
(1:0): Module level 
directives cause 
errors when bundled, 
"use client" in "node
_modules/@mui/icons-m
aterial/esm/BrowseGal
lerySharp.js" was 
ignored.
node_modules/@mui/ico
ns-material/esm/Brows
erNotSupported.js 
(1:0): Module level 
directives cause 
errors when bundled, 
"use client" in "node
_modules/@mui/icons-m
aterial/esm/BrowserNo
tSupported.js" was 
ignored.
node_modules/@mui/ico
ns-material/esm/Brows
eGalleryTwoTone.js 
(1:0): Module level 
directives cause 
errors when bundled, 
"use client" in "node
_modules/@mui/icons-m
aterial/esm/BrowseGal
leryTwoTone.js" was 
ignored.
node_modules/@mui/ico
ns-material/esm/Brows
erNotSupportedRounded
.js (1:0): Module 
level directives 
cause errors when 
bundled, "use 
client" in "node_modu
les/@mui/icons-materi
al/esm/BrowserNotSupp
ortedRounded.js" was 
ignored.
node_modules/@mui/ico
ns-material/esm/Brows
erNotSupportedOutline
d.js (1:0): Module 
level directives 
cause errors when 
bundled, "use 
client" in "node_modu
les/@mui/icons-materi
al/esm/BrowserNotSupp
ortedOutlined.js" 
was ignored.
node_modules/@mui/ico
ns-material/esm/Brows
erNotSupportedSharp.j
s (1:0): Module 
level directives 
cause errors when 
bundled, "use 
client" in "node_modu
les/@mui/icons-materi
al/esm/BrowserNotSupp
ortedSharp.js" was 
ignored.
node_modules/@mui/ico
ns-material/esm/Brows
erNotSupportedTwoTone
.js (1:0): Module 
level directives 
cause errors when 
bundled, "use 
client" in "node_modu
les/@mui/icons-materi
al/esm/BrowserNotSupp
ortedTwoTone.js" was 
ignored.
node_modules/@mui/ico
ns-material/esm/Brows
erUpdated.js (1:0): 
Module level 
directives cause 
errors when bundled, 
"use client" in "node
_modules/@mui/icons-m
aterial/esm/BrowserUp
dated.js" was 
ignored.
node_modules/@mui/ico
ns-material/esm/Brows
erUpdatedOutlined.js 
(1:0): Module level 
directives cause 
errors when bundled, 
"use client" in "node
_modules/@mui/icons-m
aterial/esm/BrowserUp
datedOutlined.js" 
was ignored.
node_modules/@mui/ico
ns-material/esm/Brows
erUpdatedRounded.js 
(1:0): Module level 
directives cause 
errors when bundled, 
"use client" in "node
_modules/@mui/icons-m
aterial/esm/BrowserUp
datedRounded.js" was 
ignored.
node_modules/@mui/ico
ns-material/esm/Brows
erUpdatedSharp.js 
(1:0): Module level 
directives cause 
errors when bundled, 
"use client" in "node
_modules/@mui/icons-m
aterial/esm/BrowserUp
datedSharp.js" was 
ignored.
node_modules/@mui/ico
ns-material/esm/Brows
erUpdatedTwoTone.js 
(1:0): Module level 
directives cause 
errors when bundled, 
"use client" in "node
_modules/@mui/icons-m
aterial/esm/BrowserUp
datedTwoTone.js" was 
ignored.
node_modules/@mui/ico
ns-material/esm/Brunc
hDining.js (1:0): 
Module level 
directives cause 
errors when bundled, 
"use client" in "node
_modules/@mui/icons-m
aterial/esm/BrunchDin
ing.js" was ignored.
node_modules/@mui/ico
ns-material/esm/Brunc
hDiningRounded.js 
(1:0): Module level 
directives cause 
errors when bundled, 
"use client" in "node
_modules/@mui/icons-m
aterial/esm/BrunchDin
ingRounded.js" was 
ignored.
node_modules/@mui/ico
ns-material/esm/Brunc
hDiningOutlined.js 
(1:0): Module level 
directives cause 
errors when bundled, 
"use client" in "node
_modules/@mui/icons-m
aterial/esm/BrunchDin
ingOutlined.js" was 
ignored.
node_modules/@mui/ico
ns-material/esm/Brunc
hDiningTwoTone.js 
(1:0): Module level 
directives cause 
errors when bundled, 
"use client" in "node
_modules/@mui/icons-m
aterial/esm/BrunchDin
ingTwoTone.js" was 
ignored.
node_modules/@mui/ico
ns-material/esm/Brunc
hDiningSharp.js 
(1:0): Module level 
directives cause 
errors when bundled, 
"use client" in "node
_modules/@mui/icons-m
aterial/esm/BrunchDin
ingSharp.js" was 
ignored.
node_modules/@mui/ico
ns-material/esm/Brush
.js (1:0): Module 
level directives 
cause errors when 
bundled, "use 
client" in "node_modu
les/@mui/icons-materi
al/esm/Brush.js" was 
ignored.
node_modules/@mui/ico
ns-material/esm/Brush
Outlined.js (1:0): 
Module level 
directives cause 
errors when bundled, 
"use client" in "node
_modules/@mui/icons-m
aterial/esm/BrushOutl
ined.js" was ignored.
node_modules/@mui/ico
ns-material/esm/Brush
Rounded.js (1:0): 
Module level 
directives cause 
errors when bundled, 
"use client" in "node
_modules/@mui/icons-m
aterial/esm/BrushRoun
ded.js" was ignored.
node_modules/@mui/ico
ns-material/esm/Brush
Sharp.js (1:0): 
Module level 
directives cause 
errors when bundled, 
"use client" in "node
_modules/@mui/icons-m
aterial/esm/BrushShar
p.js" was ignored.
node_modules/@mui/ico
ns-material/esm/Brush
TwoTone.js (1:0): 
Module level 
directives cause 
errors when bundled, 
"use client" in "node
_modules/@mui/icons-m
aterial/esm/BrushTwoT
one.js" was ignored.
node_modules/@mui/ico
ns-material/esm/Bubbl
eChart.js (1:0): 
Module level 
directives cause 
errors when bundled, 
"use client" in "node
_modules/@mui/icons-m
aterial/esm/BubbleCha
rt.js" was ignored.
node_modules/@mui/ico
ns-material/esm/Bubbl
eChartOutlined.js 
(1:0): Module level 
directives cause 
errors when bundled, 
"use client" in "node
_modules/@mui/icons-m
aterial/esm/BubbleCha
rtOutlined.js" was 
ignored.
node_modules/@mui/ico
ns-material/esm/Bubbl
eChartRounded.js 
(1:0): Module level 
directives cause 
errors when bundled, 
"use client" in "node
_modules/@mui/icons-m
aterial/esm/BubbleCha
rtRounded.js" was 
ignored.
node_modules/@mui/ico
ns-material/esm/Bubbl
eChartSharp.js 
(1:0): Module level 
directives cause 
errors when bundled, 
"use client" in "node
_modules/@mui/icons-m
aterial/esm/BubbleCha
rtSharp.js" was 
ignored.
node_modules/@mui/ico
ns-material/esm/BugRe
portOutlined.js 
(1:0): Module level 
directives cause 
errors when bundled, 
"use client" in "node
_modules/@mui/icons-m
aterial/esm/BugReport
Outlined.js" was 
ignored.
node_modules/@mui/ico
ns-material/esm/Bubbl
eChartTwoTone.js 
(1:0): Module level 
directives cause 
errors when bundled, 
"use client" in "node
_modules/@mui/icons-m
aterial/esm/BubbleCha
rtTwoTone.js" was 
ignored.
node_modules/@mui/ico
ns-material/esm/BugRe
port.js (1:0): 
Module level 
directives cause 
errors when bundled, 
"use client" in "node
_modules/@mui/icons-m
aterial/esm/BugReport
.js" was ignored.
node_modules/@mui/ico
ns-material/esm/BugRe
portRounded.js 
(1:0): Module level 
directives cause 
errors when bundled, 
"use client" in "node
_modules/@mui/icons-m
aterial/esm/BugReport
Rounded.js" was 
ignored.
node_modules/@mui/ico
ns-material/esm/BugRe
portSharp.js (1:0): 
Module level 
directives cause 
errors when bundled, 
"use client" in "node
_modules/@mui/icons-m
aterial/esm/BugReport
Sharp.js" was 
ignored.
node_modules/@mui/ico
ns-material/esm/BugRe
portTwoTone.js 
(1:0): Module level 
directives cause 
errors when bundled, 
"use client" in "node
_modules/@mui/icons-m
aterial/esm/BugReport
TwoTone.js" was 
ignored.
node_modules/@mui/ico
ns-material/esm/Build
Circle.js (1:0): 
Module level 
directives cause 
errors when bundled, 
"use client" in "node
_modules/@mui/icons-m
aterial/esm/BuildCirc
le.js" was ignored.
node_modules/@mui/ico
ns-material/esm/Build
.js (1:0): Module 
level directives 
cause errors when 
bundled, "use 
client" in "node_modu
les/@mui/icons-materi
al/esm/Build.js" was 
ignored.
node_modules/@mui/ico
ns-material/esm/Build
CircleOutlined.js 
(1:0): Module level 
directives cause 
errors when bundled, 
"use client" in "node
_modules/@mui/icons-m
aterial/esm/BuildCirc
leOutlined.js" was 
ignored.
node_modules/@mui/ico
ns-material/esm/Build
CircleRounded.js 
(1:0): Module level 
directives cause 
errors when bundled, 
"use client" in "node
_modules/@mui/icons-m
aterial/esm/BuildCirc
leRounded.js" was 
ignored.
node_modules/@mui/ico
ns-material/esm/Build
CircleTwoTone.js 
(1:0): Module level 
directives cause 
errors when bundled, 
"use client" in "node
_modules/@mui/icons-m
aterial/esm/BuildCirc
leTwoTone.js" was 
ignored.
node_modules/@mui/ico
ns-material/esm/Build
CircleSharp.js 
(1:0): Module level 
directives cause 
errors when bundled, 
"use client" in "node
_modules/@mui/icons-m
aterial/esm/BuildCirc
leSharp.js" was 
ignored.
node_modules/@mui/ico
ns-material/esm/Build
Outlined.js (1:0): 
Module level 
directives cause 
errors when bundled, 
"use client" in "node
_modules/@mui/icons-m
aterial/esm/BuildOutl
ined.js" was ignored.
node_modules/@mui/ico
ns-material/esm/Build
Rounded.js (1:0): 
Module level 
directives cause 
errors when bundled, 
"use client" in "node
_modules/@mui/icons-m
aterial/esm/BuildRoun
ded.js" was ignored.
node_modules/@mui/ico
ns-material/esm/Build
Sharp.js (1:0): 
Module level 
directives cause 
errors when bundled, 
"use client" in "node
_modules/@mui/icons-m
aterial/esm/BuildShar
p.js" was ignored.
node_modules/@mui/ico
ns-material/esm/Build
TwoTone.js (1:0): 
Module level 
directives cause 
errors when bundled, 
"use client" in "node
_modules/@mui/icons-m
aterial/esm/BuildTwoT
one.js" was ignored.
node_modules/@mui/ico
ns-material/esm/Bunga
low.js (1:0): Module 
level directives 
cause errors when 
bundled, "use 
client" in "node_modu
les/@mui/icons-materi
al/esm/Bungalow.js" 
was ignored.
node_modules/@mui/ico
ns-material/esm/Bunga
lowOutlined.js 
(1:0): Module level 
directives cause 
errors when bundled, 
"use client" in "node
_modules/@mui/icons-m
aterial/esm/BungalowO
utlined.js" was 
ignored.
node_modules/@mui/ico
ns-material/esm/Bunga
lowRounded.js (1:0): 
Module level 
directives cause 
errors when bundled, 
"use client" in "node
_modules/@mui/icons-m
aterial/esm/BungalowR
ounded.js" was 
ignored.
node_modules/@mui/ico
ns-material/esm/Bunga
lowSharp.js (1:0): 
Module level 
directives cause 
errors when bundled, 
"use client" in "node
_modules/@mui/icons-m
aterial/esm/BungalowS
harp.js" was ignored.
node_modules/@mui/ico
ns-material/esm/Bunga
lowTwoTone.js (1:0): 
Module level 
directives cause 
errors when bundled, 
"use client" in "node
_modules/@mui/icons-m
aterial/esm/BungalowT
woTone.js" was 
ignored.
node_modules/@mui/ico
ns-material/esm/Burst
Mode.js (1:0): 
Module level 
directives cause 
errors when bundled, 
"use client" in "node
_modules/@mui/icons-m
aterial/esm/BurstMode
.js" was ignored.
node_modules/@mui/ico
ns-material/esm/Burst
ModeRounded.js 
(1:0): Module level 
directives cause 
errors when bundled, 
"use client" in "node
_modules/@mui/icons-m
aterial/esm/BurstMode
Rounded.js" was 
ignored.
node_modules/@mui/ico
ns-material/esm/Burst
ModeOutlined.js 
(1:0): Module level 
directives cause 
errors when bundled, 
"use client" in "node
_modules/@mui/icons-m
aterial/esm/BurstMode
Outlined.js" was 
ignored.
node_modules/@mui/ico
ns-material/esm/Burst
ModeSharp.js (1:0): 
Module level 
directives cause 
errors when bundled, 
"use client" in "node
_modules/@mui/icons-m
aterial/esm/BurstMode
Sharp.js" was 
ignored.
node_modules/@mui/ico
ns-material/esm/BusAl
ert.js (1:0): Module 
level directives 
cause errors when 
bundled, "use 
client" in "node_modu
les/@mui/icons-materi
al/esm/BusAlert.js" 
was ignored.
node_modules/@mui/ico
ns-material/esm/Burst
ModeTwoTone.js 
(1:0): Module level 
directives cause 
errors when bundled, 
"use client" in "node
_modules/@mui/icons-m
aterial/esm/BurstMode
TwoTone.js" was 
ignored.
node_modules/@mui/ico
ns-material/esm/BusAl
ertOutlined.js 
(1:0): Module level 
directives cause 
errors when bundled, 
"use client" in "node
_modules/@mui/icons-m
aterial/esm/BusAlertO
utlined.js" was 
ignored.
node_modules/@mui/ico
ns-material/esm/BusAl
ertRounded.js (1:0): 
Module level 
directives cause 
errors when bundled, 
"use client" in "node
_modules/@mui/icons-m
aterial/esm/BusAlertR
ounded.js" was 
ignored.
node_modules/@mui/ico
ns-material/esm/BusAl
ertSharp.js (1:0): 
Module level 
directives cause 
errors when bundled, 
"use client" in "node
_modules/@mui/icons-m
aterial/esm/BusAlertS
harp.js" was ignored.
node_modules/@mui/ico
ns-material/esm/BusAl
ertTwoTone.js (1:0): 
Module level 
directives cause 
errors when bundled, 
"use client" in "node
_modules/@mui/icons-m
aterial/esm/BusAlertT
woTone.js" was 
ignored.
node_modules/@mui/ico
ns-material/esm/Busin
ess.js (1:0): Module 
level directives 
cause errors when 
bundled, "use 
client" in "node_modu
les/@mui/icons-materi
al/esm/Business.js" 
was ignored.
node_modules/@mui/ico
ns-material/esm/Busin
essCenterOutlined.js 
(1:0): Module level 
directives cause 
errors when bundled, 
"use client" in "node
_modules/@mui/icons-m
aterial/esm/BusinessC
enterOutlined.js" 
was ignored.
node_modules/@mui/ico
ns-material/esm/Busin
essCenter.js (1:0): 
Module level 
directives cause 
errors when bundled, 
"use client" in "node
_modules/@mui/icons-m
aterial/esm/BusinessC
enter.js" was 
ignored.
node_modules/@mui/ico
ns-material/esm/Busin
essCenterRounded.js 
(1:0): Module level 
directives cause 
errors when bundled, 
"use client" in "node
_modules/@mui/icons-m
aterial/esm/BusinessC
enterRounded.js" was 
ignored.
node_modules/@mui/ico
ns-material/esm/Busin
essCenterSharp.js 
(1:0): Module level 
directives cause 
errors when bundled, 
"use client" in "node
_modules/@mui/icons-m
aterial/esm/BusinessC
enterSharp.js" was 
ignored.
node_modules/@mui/ico
ns-material/esm/Busin
essRounded.js (1:0): 
Module level 
directives cause 
errors when bundled, 
"use client" in "node
_modules/@mui/icons-m
aterial/esm/BusinessR
ounded.js" was 
ignored.
node_modules/@mui/ico
ns-material/esm/Busin
essCenterTwoTone.js 
(1:0): Module level 
directives cause 
errors when bundled, 
"use client" in "node
_modules/@mui/icons-m
aterial/esm/BusinessC
enterTwoTone.js" was 
ignored.
node_modules/@mui/ico
ns-material/esm/Busin
essOutlined.js 
(1:0): Module level 
directives cause 
errors when bundled, 
"use client" in "node
_modules/@mui/icons-m
aterial/esm/BusinessO
utlined.js" was 
ignored.
node_modules/@mui/ico
ns-material/esm/Busin
essSharp.js (1:0): 
Module level 
directives cause 
errors when bundled, 
"use client" in "node
_modules/@mui/icons-m
aterial/esm/BusinessS
harp.js" was ignored.
node_modules/@mui/ico
ns-material/esm/Cabin
.js (1:0): Module 
level directives 
cause errors when 
bundled, "use 
client" in "node_modu
les/@mui/icons-materi
al/esm/Cabin.js" was 
ignored.
node_modules/@mui/ico
ns-material/esm/Busin
essTwoTone.js (1:0): 
Module level 
directives cause 
errors when bundled, 
"use client" in "node
_modules/@mui/icons-m
aterial/esm/BusinessT
woTone.js" was 
ignored.
node_modules/@mui/ico
ns-material/esm/Cabin
Sharp.js (1:0): 
Module level 
directives cause 
errors when bundled, 
"use client" in "node
_modules/@mui/icons-m
aterial/esm/CabinShar
p.js" was ignored.
node_modules/@mui/ico
ns-material/esm/Cabin
Outlined.js (1:0): 
Module level 
directives cause 
errors when bundled, 
"use client" in "node
_modules/@mui/icons-m
aterial/esm/CabinOutl
ined.js" was ignored.
node_modules/@mui/ico
ns-material/esm/Cabin
TwoTone.js (1:0): 
Module level 
directives cause 
errors when bundled, 
"use client" in "node
_modules/@mui/icons-m
aterial/esm/CabinTwoT
one.js" was ignored.
node_modules/@mui/ico
ns-material/esm/Cabin
Rounded.js (1:0): 
Module level 
directives cause 
errors when bundled, 
"use client" in "node
_modules/@mui/icons-m
aterial/esm/CabinRoun
ded.js" was ignored.
node_modules/@mui/ico
ns-material/esm/Cable
.js (1:0): Module 
level directives 
cause errors when 
bundled, "use 
client" in "node_modu
les/@mui/icons-materi
al/esm/Cable.js" was 
ignored.
node_modules/@mui/ico
ns-material/esm/Cable
Outlined.js (1:0): 
Module level 
directives cause 
errors when bundled, 
"use client" in "node
_modules/@mui/icons-m
aterial/esm/CableOutl
ined.js" was ignored.
node_modules/@mui/ico
ns-material/esm/Cable
Rounded.js (1:0): 
Module level 
directives cause 
errors when bundled, 
"use client" in "node
_modules/@mui/icons-m
aterial/esm/CableRoun
ded.js" was ignored.
node_modules/@mui/ico
ns-material/esm/Cable
Sharp.js (1:0): 
Module level 
directives cause 
errors when bundled, 
"use client" in "node
_modules/@mui/icons-m
aterial/esm/CableShar
p.js" was ignored.
node_modules/@mui/ico
ns-material/esm/Cable
TwoTone.js (1:0): 
Module level 
directives cause 
errors when bundled, 
"use client" in "node
_modules/@mui/icons-m
aterial/esm/CableTwoT
one.js" was ignored.
node_modules/@mui/ico
ns-material/esm/Cache
d.js (1:0): Module 
level directives 
cause errors when 
bundled, "use 
client" in "node_modu
les/@mui/icons-materi
al/esm/Cached.js" 
was ignored.
node_modules/@mui/ico
ns-material/esm/Cache
dOutlined.js (1:0): 
Module level 
directives cause 
errors when bundled, 
"use client" in "node
_modules/@mui/icons-m
aterial/esm/CachedOut
lined.js" was 
ignored.
node_modules/@mui/ico
ns-material/esm/Cache
dSharp.js (1:0): 
Module level 
directives cause 
errors when bundled, 
"use client" in "node
_modules/@mui/icons-m
aterial/esm/CachedSha
rp.js" was ignored.
node_modules/@mui/ico
ns-material/esm/Cache
dRounded.js (1:0): 
Module level 
directives cause 
errors when bundled, 
"use client" in "node
_modules/@mui/icons-m
aterial/esm/CachedRou
nded.js" was ignored.
node_modules/@mui/ico
ns-material/esm/Cache
dTwoTone.js (1:0): 
Module level 
directives cause 
errors when bundled, 
"use client" in "node
_modules/@mui/icons-m
aterial/esm/CachedTwo
Tone.js" was ignored.
node_modules/@mui/ico
ns-material/esm/CakeO
utlined.js (1:0): 
Module level 
directives cause 
errors when bundled, 
"use client" in "node
_modules/@mui/icons-m
aterial/esm/CakeOutli
ned.js" was ignored.
node_modules/@mui/ico
ns-material/esm/CakeR
ounded.js (1:0): 
Module level 
directives cause 
errors when bundled, 
"use client" in "node
_modules/@mui/icons-m
aterial/esm/CakeRound
ed.js" was ignored.
node_modules/@mui/ico
ns-material/esm/Cake.
js (1:0): Module 
level directives 
cause errors when 
bundled, "use 
client" in "node_modu
les/@mui/icons-materi
al/esm/Cake.js" was 
ignored.
node_modules/@mui/ico
ns-material/esm/CakeS
harp.js (1:0): 
Module level 
directives cause 
errors when bundled, 
"use client" in "node
_modules/@mui/icons-m
aterial/esm/CakeSharp
.js" was ignored.
node_modules/@mui/ico
ns-material/esm/CakeT
woTone.js (1:0): 
Module level 
directives cause 
errors when bundled, 
"use client" in "node
_modules/@mui/icons-m
aterial/esm/CakeTwoTo
ne.js" was ignored.
node_modules/@mui/ico
ns-material/esm/Calcu
lateRounded.js 
(1:0): Module level 
directives cause 
errors when bundled, 
"use client" in "node
_modules/@mui/icons-m
aterial/esm/Calculate
Rounded.js" was 
ignored.
node_modules/@mui/ico
ns-material/esm/Calcu
late.js (1:0): 
Module level 
directives cause 
errors when bundled, 
"use client" in "node
_modules/@mui/icons-m
aterial/esm/Calculate
.js" was ignored.
node_modules/@mui/ico
ns-material/esm/Calcu
lateTwoTone.js 
(1:0): Module level 
directives cause 
errors when bundled, 
"use client" in "node
_modules/@mui/icons-m
aterial/esm/Calculate
TwoTone.js" was 
ignored.
node_modules/@mui/ico
ns-material/esm/Calcu
lateSharp.js (1:0): 
Module level 
directives cause 
errors when bundled, 
"use client" in "node
_modules/@mui/icons-m
aterial/esm/Calculate
Sharp.js" was 
ignored.
node_modules/@mui/ico
ns-material/esm/Calcu
lateOutlined.js 
(1:0): Module level 
directives cause 
errors when bundled, 
"use client" in "node
_modules/@mui/icons-m
aterial/esm/Calculate
Outlined.js" was 
ignored.
node_modules/@mui/ico
ns-material/esm/Calen
darMonthOutlined.js 
(1:0): Module level 
directives cause 
errors when bundled, 
"use client" in "node
_modules/@mui/icons-m
aterial/esm/CalendarM
onthOutlined.js" was 
ignored.
node_modules/@mui/ico
ns-material/esm/Calen
darMonth.js (1:0): 
Module level 
directives cause 
errors when bundled, 
"use client" in "node
_modules/@mui/icons-m
aterial/esm/CalendarM
onth.js" was ignored.
node_modules/@mui/ico
ns-material/esm/Calen
darMonthSharp.js 
(1:0): Module level 
directives cause 
errors when bundled, 
"use client" in "node
_modules/@mui/icons-m
aterial/esm/CalendarM
onthSharp.js" was 
ignored.
node_modules/@mui/ico
ns-material/esm/Calen
darMonthRounded.js 
(1:0): Module level 
directives cause 
errors when bundled, 
"use client" in "node
_modules/@mui/icons-m
aterial/esm/CalendarM
onthRounded.js" was 
ignored.
node_modules/@mui/ico
ns-material/esm/Calen
darTodayRounded.js 
(1:0): Module level 
directives cause 
errors when bundled, 
"use client" in "node
_modules/@mui/icons-m
aterial/esm/CalendarT
odayRounded.js" was 
ignored.
node_modules/@mui/ico
ns-material/esm/Calen
darTodaySharp.js 
(1:0): Module level 
directives cause 
errors when bundled, 
"use client" in "node
_modules/@mui/icons-m
aterial/esm/CalendarT
odaySharp.js" was 
ignored.
node_modules/@mui/ico
ns-material/esm/Calen
darTodayOutlined.js 
(1:0): Module level 
directives cause 
errors when bundled, 
"use client" in "node
_modules/@mui/icons-m
aterial/esm/CalendarT
odayOutlined.js" was 
ignored.
node_modules/@mui/ico
ns-material/esm/Calen
darTodayTwoTone.js 
(1:0): Module level 
directives cause 
errors when bundled, 
"use client" in "node
_modules/@mui/icons-m
aterial/esm/CalendarT
odayTwoTone.js" was 
ignored.
node_modules/@mui/ico
ns-material/esm/Calen
darViewDayOutlined.js
 (1:0): Module level 
directives cause 
errors when bundled, 
"use client" in "node
_modules/@mui/icons-m
aterial/esm/CalendarV
iewDayOutlined.js" 
was ignored.
node_modules/@mui/ico
ns-material/esm/Calen
darViewDayRounded.js 
(1:0): Module level 
directives cause 
errors when bundled, 
"use client" in "node
_modules/@mui/icons-m
aterial/esm/CalendarV
iewDayRounded.js" 
was ignored.
node_modules/@mui/ico
ns-material/esm/Calen
darViewDay.js (1:0): 
Module level 
directives cause 
errors when bundled, 
"use client" in "node
_modules/@mui/icons-m
aterial/esm/CalendarV
iewDay.js" was 
ignored.
node_modules/@mui/ico
ns-material/esm/Calen
darViewDaySharp.js 
(1:0): Module level 
directives cause 
errors when bundled, 
"use client" in "node
_modules/@mui/icons-m
aterial/esm/CalendarV
iewDaySharp.js" was 
ignored.
node_modules/@mui/ico
ns-material/esm/Calen
darViewDayTwoTone.js 
(1:0): Module level 
directives cause 
errors when bundled, 
"use client" in "node
_modules/@mui/icons-m
aterial/esm/CalendarV
iewDayTwoTone.js" 
was ignored.
node_modules/@mui/ico
ns-material/esm/Calen
darViewMonth.js 
(1:0): Module level 
directives cause 
errors when bundled, 
"use client" in "node
_modules/@mui/icons-m
aterial/esm/CalendarV
iewMonth.js" was 
ignored.
node_modules/@mui/ico
ns-material/esm/Calen
darViewMonthOutlined.
js (1:0): Module 
level directives 
cause errors when 
bundled, "use 
client" in "node_modu
les/@mui/icons-materi
al/esm/CalendarViewMo
nthOutlined.js" was 
ignored.
node_modules/@mui/ico
ns-material/esm/Calen
darViewMonthRounded.j
s (1:0): Module 
level directives 
cause errors when 
bundled, "use 
client" in "node_modu
les/@mui/icons-materi
al/esm/CalendarViewMo
nthRounded.js" was 
ignored.
node_modules/@mui/ico
ns-material/esm/Calen
darMonthTwoTone.js 
(1:0): Module level 
directives cause 
errors when bundled, 
"use client" in "node
_modules/@mui/icons-m
aterial/esm/CalendarM
onthTwoTone.js" was 
ignored.
node_modules/@mui/ico
ns-material/esm/Calen
darViewMonthSharp.js 
(1:0): Module level 
directives cause 
errors when bundled, 
"use client" in "node
_modules/@mui/icons-m
aterial/esm/CalendarV
iewMonthSharp.js" 
was ignored.
node_modules/@mui/ico
ns-material/esm/Calen
darViewWeek.js 
(1:0): Module level 
directives cause 
errors when bundled, 
"use client" in "node
_modules/@mui/icons-m
aterial/esm/CalendarV
iewWeek.js" was 
ignored.
node_modules/@mui/ico
ns-material/esm/Calen
darViewWeekOutlined.j
s (1:0): Module 
level directives 
cause errors when 
bundled, "use 
client" in "node_modu
les/@mui/icons-materi
al/esm/CalendarViewWe
ekOutlined.js" was 
ignored.
node_modules/@mui/ico
ns-material/esm/Calen
darViewWeekRounded.js
 (1:0): Module level 
directives cause 
errors when bundled, 
"use client" in "node
_modules/@mui/icons-m
aterial/esm/CalendarV
iewWeekRounded.js" 
was ignored.
node_modules/@mui/ico
ns-material/esm/Calen
darViewWeekTwoTone.js
 (1:0): Module level 
directives cause 
errors when bundled, 
"use client" in "node
_modules/@mui/icons-m
aterial/esm/CalendarV
iewWeekTwoTone.js" 
was ignored.
node_modules/@mui/ico
ns-material/esm/Calen
darViewWeekSharp.js 
(1:0): Module level 
directives cause 
errors when bundled, 
"use client" in "node
_modules/@mui/icons-m
aterial/esm/CalendarV
iewWeekSharp.js" was 
ignored.
node_modules/@mui/ico
ns-material/esm/Call.
js (1:0): Module 
level directives 
cause errors when 
bundled, "use 
client" in "node_modu
les/@mui/icons-materi
al/esm/Call.js" was 
ignored.
node_modules/@mui/ico
ns-material/esm/CallE
nd.js (1:0): Module 
level directives 
cause errors when 
bundled, "use 
client" in "node_modu
les/@mui/icons-materi
al/esm/CallEnd.js" 
was ignored.
node_modules/@mui/ico
ns-material/esm/CallE
ndOutlined.js (1:0): 
Module level 
directives cause 
errors when bundled, 
"use client" in "node
_modules/@mui/icons-m
aterial/esm/CallEndOu
tlined.js" was 
ignored.
node_modules/@mui/ico
ns-material/esm/CallE
ndSharp.js (1:0): 
Module level 
directives cause 
errors when bundled, 
"use client" in "node
_modules/@mui/icons-m
aterial/esm/CallEndSh
arp.js" was ignored.
node_modules/@mui/ico
ns-material/esm/CallE
ndRounded.js (1:0): 
Module level 
directives cause 
errors when bundled, 
"use client" in "node
_modules/@mui/icons-m
aterial/esm/CallEndRo
unded.js" was 
ignored.
node_modules/@mui/ico
ns-material/esm/CallE
ndTwoTone.js (1:0): 
Module level 
directives cause 
errors when bundled, 
"use client" in "node
_modules/@mui/icons-m
aterial/esm/CallEndTw
oTone.js" was 
ignored.
node_modules/@mui/ico
ns-material/esm/Calen
darViewMonthTwoTone.j
s (1:0): Module 
level directives 
cause errors when 
bundled, "use 
client" in "node_modu
les/@mui/icons-materi
al/esm/CalendarViewMo
nthTwoTone.js" was 
ignored.
node_modules/@mui/ico
ns-material/esm/CallM
adeOutlined.js 
(1:0): Module level 
directives cause 
errors when bundled, 
"use client" in "node
_modules/@mui/icons-m
aterial/esm/CallMadeO
utlined.js" was 
ignored.
node_modules/@mui/ico
ns-material/esm/CallM
adeRounded.js (1:0): 
Module level 
directives cause 
errors when bundled, 
"use client" in "node
_modules/@mui/icons-m
aterial/esm/CallMadeR
ounded.js" was 
ignored.
node_modules/@mui/ico
ns-material/esm/CallM
adeTwoTone.js (1:0): 
Module level 
directives cause 
errors when bundled, 
"use client" in "node
_modules/@mui/icons-m
aterial/esm/CallMadeT
woTone.js" was 
ignored.
node_modules/@mui/ico
ns-material/esm/CallM
ade.js (1:0): Module 
level directives 
cause errors when 
bundled, "use 
client" in "node_modu
les/@mui/icons-materi
al/esm/CallMade.js" 
was ignored.
node_modules/@mui/ico
ns-material/esm/CallM
adeSharp.js (1:0): 
Module level 
directives cause 
errors when bundled, 
"use client" in "node
_modules/@mui/icons-m
aterial/esm/CallMadeS
harp.js" was ignored.
node_modules/@mui/ico
ns-material/esm/CallM
erge.js (1:0): 
Module level 
directives cause 
errors when bundled, 
"use client" in "node
_modules/@mui/icons-m
aterial/esm/CallMerge
.js" was ignored.
node_modules/@mui/ico
ns-material/esm/CallM
ergeSharp.js (1:0): 
Module level 
directives cause 
errors when bundled, 
"use client" in "node
_modules/@mui/icons-m
aterial/esm/CallMerge
Sharp.js" was 
ignored.
node_modules/@mui/ico
ns-material/esm/CallM
ergeOutlined.js 
(1:0): Module level 
directives cause 
errors when bundled, 
"use client" in "node
_modules/@mui/icons-m
aterial/esm/CallMerge
Outlined.js" was 
ignored.
node_modules/@mui/ico
ns-material/esm/CallM
ergeRounded.js 
(1:0): Module level 
directives cause 
errors when bundled, 
"use client" in "node
_modules/@mui/icons-m
aterial/esm/CallMerge
Rounded.js" was 
ignored.
node_modules/@mui/ico
ns-material/esm/CallM
ergeTwoTone.js 
(1:0): Module level 
directives cause 
errors when bundled, 
"use client" in "node
_modules/@mui/icons-m
aterial/esm/CallMerge
TwoTone.js" was 
ignored.
node_modules/@mui/ico
ns-material/esm/CallM
issedOutgoing.js 
(1:0): Module level 
directives cause 
errors when bundled, 
"use client" in "node
_modules/@mui/icons-m
aterial/esm/CallMisse
dOutgoing.js" was 
ignored.
node_modules/@mui/ico
ns-material/esm/CallM
issed.js (1:0): 
Module level 
directives cause 
errors when bundled, 
"use client" in "node
_modules/@mui/icons-m
aterial/esm/CallMisse
d.js" was ignored.
node_modules/@mui/ico
ns-material/esm/CallM
issedOutgoingOutlined
.js (1:0): Module 
level directives 
cause errors when 
bundled, "use 
client" in "node_modu
les/@mui/icons-materi
al/esm/CallMissedOutg
oingOutlined.js" was 
ignored.
node_modules/@mui/ico
ns-material/esm/CallM
issedOutgoingRounded.
js (1:0): Module 
level directives 
cause errors when 
bundled, "use 
client" in "node_modu
les/@mui/icons-materi
al/esm/CallMissedOutg
oingRounded.js" was 
ignored.
node_modules/@mui/ico
ns-material/esm/CallM
issedOutgoingSharp.js
 (1:0): Module level 
directives cause 
errors when bundled, 
"use client" in "node
_modules/@mui/icons-m
aterial/esm/CallMisse
dOutgoingSharp.js" 
was ignored.
node_modules/@mui/ico
ns-material/esm/CallM
issedOutgoingTwoTone.
js (1:0): Module 
level directives 
cause errors when 
bundled, "use 
client" in "node_modu
les/@mui/icons-materi
al/esm/CallMissedOutg
oingTwoTone.js" was 
ignored.
node_modules/@mui/ico
ns-material/esm/CallM
issedRounded.js 
(1:0): Module level 
directives cause 
errors when bundled, 
"use client" in "node
_modules/@mui/icons-m
aterial/esm/CallMisse
dRounded.js" was 
ignored.
node_modules/@mui/ico
ns-material/esm/CallO
utlined.js (1:0): 
Module level 
directives cause 
errors when bundled, 
"use client" in "node
_modules/@mui/icons-m
aterial/esm/CallOutli
ned.js" was ignored.
node_modules/@mui/ico
ns-material/esm/CallR
eceivedOutlined.js 
(1:0): Module level 
directives cause 
errors when bundled, 
"use client" in "node
_modules/@mui/icons-m
aterial/esm/CallRecei
vedOutlined.js" was 
ignored.
node_modules/@mui/ico
ns-material/esm/CallR
eceived.js (1:0): 
Module level 
directives cause 
errors when bundled, 
"use client" in "node
_modules/@mui/icons-m
aterial/esm/CallRecei
ved.js" was ignored.
node_modules/@mui/ico
ns-material/esm/CallR
eceivedRounded.js 
(1:0): Module level 
directives cause 
errors when bundled, 
"use client" in "node
_modules/@mui/icons-m
aterial/esm/CallRecei
vedRounded.js" was 
ignored.
node_modules/@mui/ico
ns-material/esm/CallR
eceivedSharp.js 
(1:0): Module level 
directives cause 
errors when bundled, 
"use client" in "node
_modules/@mui/icons-m
aterial/esm/CallRecei
vedSharp.js" was 
ignored.
node_modules/@mui/ico
ns-material/esm/CallM
issedTwoTone.js 
(1:0): Module level 
directives cause 
errors when bundled, 
"use client" in "node
_modules/@mui/icons-m
aterial/esm/CallMisse
dTwoTone.js" was 
ignored.
node_modules/@mui/ico
ns-material/esm/CallR
ounded.js (1:0): 
Module level 
directives cause 
errors when bundled, 
"use client" in "node
_modules/@mui/icons-m
aterial/esm/CallRound
ed.js" was ignored.
node_modules/@mui/ico
ns-material/esm/CallS
harp.js (1:0): 
Module level 
directives cause 
errors when bundled, 
"use client" in "node
_modules/@mui/icons-m
aterial/esm/CallSharp
.js" was ignored.
node_modules/@mui/ico
ns-material/esm/CallS
plit.js (1:0): 
Module level 
directives cause 
errors when bundled, 
"use client" in "node
_modules/@mui/icons-m
aterial/esm/CallSplit
.js" was ignored.
node_modules/@mui/ico
ns-material/esm/CallR
eceivedTwoTone.js 
(1:0): Module level 
directives cause 
errors when bundled, 
"use client" in "node
_modules/@mui/icons-m
aterial/esm/CallRecei
vedTwoTone.js" was 
ignored.
node_modules/@mui/ico
ns-material/esm/CallS
plitOutlined.js 
(1:0): Module level 
directives cause 
errors when bundled, 
"use client" in "node
_modules/@mui/icons-m
aterial/esm/CallSplit
Outlined.js" was 
ignored.
node_modules/@mui/ico
ns-material/esm/CallS
plitSharp.js (1:0): 
Module level 
directives cause 
errors when bundled, 
"use client" in "node
_modules/@mui/icons-m
aterial/esm/CallSplit
Sharp.js" was 
ignored.
node_modules/@mui/ico
ns-material/esm/CallS
plitRounded.js 
(1:0): Module level 
directives cause 
errors when bundled, 
"use client" in "node
_modules/@mui/icons-m
aterial/esm/CallSplit
Rounded.js" was 
ignored.
node_modules/@mui/ico
ns-material/esm/CallS
plitTwoTone.js 
(1:0): Module level 
directives cause 
errors when bundled, 
"use client" in "node
_modules/@mui/icons-m
aterial/esm/CallSplit
TwoTone.js" was 
ignored.
node_modules/@mui/ico
ns-material/esm/CallT
oAction.js (1:0): 
Module level 
directives cause 
errors when bundled, 
"use client" in "node
_modules/@mui/icons-m
aterial/esm/CallToAct
ion.js" was ignored.
node_modules/@mui/ico
ns-material/esm/CallT
oActionOutlined.js 
(1:0): Module level 
directives cause 
errors when bundled, 
"use client" in "node
_modules/@mui/icons-m
aterial/esm/CallToAct
ionOutlined.js" was 
ignored.
node_modules/@mui/ico
ns-material/esm/CallT
oActionSharp.js 
(1:0): Module level 
directives cause 
errors when bundled, 
"use client" in "node
_modules/@mui/icons-m
aterial/esm/CallToAct
ionSharp.js" was 
ignored.
node_modules/@mui/ico
ns-material/esm/CallT
oActionRounded.js 
(1:0): Module level 
directives cause 
errors when bundled, 
"use client" in "node
_modules/@mui/icons-m
aterial/esm/CallToAct
ionRounded.js" was 
ignored.
node_modules/@mui/ico
ns-material/esm/CallT
oActionTwoTone.js 
(1:0): Module level 
directives cause 
errors when bundled, 
"use client" in "node
_modules/@mui/icons-m
aterial/esm/CallToAct
ionTwoTone.js" was 
ignored.
node_modules/@mui/ico
ns-material/esm/Camer
a.js (1:0): Module 
level directives 
cause errors when 
bundled, "use 
client" in "node_modu
les/@mui/icons-materi
al/esm/Camera.js" 
was ignored.
node_modules/@mui/ico
ns-material/esm/CallT
woTone.js (1:0): 
Module level 
directives cause 
errors when bundled, 
"use client" in "node
_modules/@mui/icons-m
aterial/esm/CallTwoTo
ne.js" was ignored.
node_modules/@mui/ico
ns-material/esm/CallM
issedSharp.js (1:0): 
Module level 
directives cause 
errors when bundled, 
"use client" in "node
_modules/@mui/icons-m
aterial/esm/CallMisse
dSharp.js" was 
ignored.
node_modules/@mui/ico
ns-material/esm/Camer
aAlt.js (1:0): 
Module level 
directives cause 
errors when bundled, 
"use client" in "node
_modules/@mui/icons-m
aterial/esm/CameraAlt
.js" was ignored.
node_modules/@mui/ico
ns-material/esm/Camer
aAltSharp.js (1:0): 
Module level 
directives cause 
errors when bundled, 
"use client" in "node
_modules/@mui/icons-m
aterial/esm/CameraAlt
Sharp.js" was 
ignored.
node_modules/@mui/ico
ns-material/esm/Camer
aAltOutlined.js 
(1:0): Module level 
directives cause 
errors when bundled, 
"use client" in "node
_modules/@mui/icons-m
aterial/esm/CameraAlt
Outlined.js" was 
ignored.
node_modules/@mui/ico
ns-material/esm/Camer
aEnhance.js (1:0): 
Module level 
directives cause 
errors when bundled, 
"use client" in "node
_modules/@mui/icons-m
aterial/esm/CameraEnh
ance.js" was ignored.
node_modules/@mui/ico
ns-material/esm/Camer
aAltTwoTone.js 
(1:0): Module level 
directives cause 
errors when bundled, 
"use client" in "node
_modules/@mui/icons-m
aterial/esm/CameraAlt
TwoTone.js" was 
ignored.
node_modules/@mui/ico
ns-material/esm/Camer
aEnhanceOutlined.js 
(1:0): Module level 
directives cause 
errors when bundled, 
"use client" in "node
_modules/@mui/icons-m
aterial/esm/CameraEnh
anceOutlined.js" was 
ignored.
node_modules/@mui/ico
ns-material/esm/CallM
issedOutlined.js 
(1:0): Module level 
directives cause 
errors when bundled, 
"use client" in "node
_modules/@mui/icons-m
aterial/esm/CallMisse
dOutlined.js" was 
ignored.
node_modules/@mui/ico
ns-material/esm/Camer
aEnhanceRounded.js 
(1:0): Module level 
directives cause 
errors when bundled, 
"use client" in "node
_modules/@mui/icons-m
aterial/esm/CameraEnh
anceRounded.js" was 
ignored.
node_modules/@mui/ico
ns-material/esm/Camer
aAltRounded.js 
(1:0): Module level 
directives cause 
errors when bundled, 
"use client" in "node
_modules/@mui/icons-m
aterial/esm/CameraAlt
Rounded.js" was 
ignored.
node_modules/@mui/ico
ns-material/esm/Camer
aFront.js (1:0): 
Module level 
directives cause 
errors when bundled, 
"use client" in "node
_modules/@mui/icons-m
aterial/esm/CameraFro
nt.js" was ignored.
node_modules/@mui/ico
ns-material/esm/Camer
aEnhanceTwoTone.js 
(1:0): Module level 
directives cause 
errors when bundled, 
"use client" in "node
_modules/@mui/icons-m
aterial/esm/CameraEnh
anceTwoTone.js" was 
ignored.
node_modules/@mui/ico
ns-material/esm/Camer
aEnhanceSharp.js 
(1:0): Module level 
directives cause 
errors when bundled, 
"use client" in "node
_modules/@mui/icons-m
aterial/esm/CameraEnh
anceSharp.js" was 
ignored.
node_modules/@mui/ico
ns-material/esm/Camer
aFrontOutlined.js 
(1:0): Module level 
directives cause 
errors when bundled, 
"use client" in "node
_modules/@mui/icons-m
aterial/esm/CameraFro
ntOutlined.js" was 
ignored.
node_modules/@mui/ico
ns-material/esm/Camer
aFrontRounded.js 
(1:0): Module level 
directives cause 
errors when bundled, 
"use client" in "node
_modules/@mui/icons-m
aterial/esm/CameraFro
ntRounded.js" was 
ignored.
node_modules/@mui/ico
ns-material/esm/Camer
aFrontSharp.js 
(1:0): Module level 
directives cause 
errors when bundled, 
"use client" in "node
_modules/@mui/icons-m
aterial/esm/CameraFro
ntSharp.js" was 
ignored.
node_modules/@mui/ico
ns-material/esm/Camer
aIndoorOutlined.js 
(1:0): Module level 
directives cause 
errors when bundled, 
"use client" in "node
_modules/@mui/icons-m
aterial/esm/CameraInd
oorOutlined.js" was 
ignored.
node_modules/@mui/ico
ns-material/esm/Camer
aIndoor.js (1:0): 
Module level 
directives cause 
errors when bundled, 
"use client" in "node
_modules/@mui/icons-m
aterial/esm/CameraInd
oor.js" was ignored.
node_modules/@mui/ico
ns-material/esm/Camer
aIndoorRounded.js 
(1:0): Module level 
directives cause 
errors when bundled, 
"use client" in "node
_modules/@mui/icons-m
aterial/esm/CameraInd
oorRounded.js" was 
ignored.
node_modules/@mui/ico
ns-material/esm/Camer
aIndoorSharp.js 
(1:0): Module level 
directives cause 
errors when bundled, 
"use client" in "node
_modules/@mui/icons-m
aterial/esm/CameraInd
oorSharp.js" was 
ignored.
node_modules/@mui/ico
ns-material/esm/Camer
aIndoorTwoTone.js 
(1:0): Module level 
directives cause 
errors when bundled, 
"use client" in "node
_modules/@mui/icons-m
aterial/esm/CameraInd
oorTwoTone.js" was 
ignored.
node_modules/@mui/ico
ns-material/esm/Camer
aOutdoor.js (1:0): 
Module level 
directives cause 
errors when bundled, 
"use client" in "node
_modules/@mui/icons-m
aterial/esm/CameraOut
door.js" was ignored.
node_modules/@mui/ico
ns-material/esm/Camer
aOutdoorOutlined.js 
(1:0): Module level 
directives cause 
errors when bundled, 
"use client" in "node
_modules/@mui/icons-m
aterial/esm/CameraOut
doorOutlined.js" was 
ignored.
node_modules/@mui/ico
ns-material/esm/Camer
aFrontTwoTone.js 
(1:0): Module level 
directives cause 
errors when bundled, 
"use client" in "node
_modules/@mui/icons-m
aterial/esm/CameraFro
ntTwoTone.js" was 
ignored.
node_modules/@mui/ico
ns-material/esm/Camer
aOutdoorRounded.js 
(1:0): Module level 
directives cause 
errors when bundled, 
"use client" in "node
_modules/@mui/icons-m
aterial/esm/CameraOut
doorRounded.js" was 
ignored.
node_modules/@mui/ico
ns-material/esm/Camer
aOutdoorSharp.js 
(1:0): Module level 
directives cause 
errors when bundled, 
"use client" in "node
_modules/@mui/icons-m
aterial/esm/CameraOut
doorSharp.js" was 
ignored.
node_modules/@mui/ico
ns-material/esm/Camer
aOutlined.js (1:0): 
Module level 
directives cause 
errors when bundled, 
"use client" in "node
_modules/@mui/icons-m
aterial/esm/CameraOut
lined.js" was 
ignored.
node_modules/@mui/ico
ns-material/esm/Camer
aOutdoorTwoTone.js 
(1:0): Module level 
directives cause 
errors when bundled, 
"use client" in "node
_modules/@mui/icons-m
aterial/esm/CameraOut
doorTwoTone.js" was 
ignored.
node_modules/@mui/ico
ns-material/esm/Camer
aRearOutlined.js 
(1:0): Module level 
directives cause 
errors when bundled, 
"use client" in "node
_modules/@mui/icons-m
aterial/esm/CameraRea
rOutlined.js" was 
ignored.
node_modules/@mui/ico
ns-material/esm/Camer
aRear.js (1:0): 
Module level 
directives cause 
errors when bundled, 
"use client" in "node
_modules/@mui/icons-m
aterial/esm/CameraRea
r.js" was ignored.
node_modules/@mui/ico
ns-material/esm/Camer
aRearRounded.js 
(1:0): Module level 
directives cause 
errors when bundled, 
"use client" in "node
_modules/@mui/icons-m
aterial/esm/CameraRea
rRounded.js" was 
ignored.
node_modules/@mui/ico
ns-material/esm/Camer
aRearSharp.js (1:0): 
Module level 
directives cause 
errors when bundled, 
"use client" in "node
_modules/@mui/icons-m
aterial/esm/CameraRea
rSharp.js" was 
ignored.
node_modules/@mui/ico
ns-material/esm/Camer
aRearTwoTone.js 
(1:0): Module level 
directives cause 
errors when bundled, 
"use client" in "node
_modules/@mui/icons-m
aterial/esm/CameraRea
rTwoTone.js" was 
ignored.
node_modules/@mui/ico
ns-material/esm/Camer
aRoll.js (1:0): 
Module level 
directives cause 
errors when bundled, 
"use client" in "node
_modules/@mui/icons-m
aterial/esm/CameraRol
l.js" was ignored.
node_modules/@mui/ico
ns-material/esm/Camer
aRollSharp.js (1:0): 
Module level 
directives cause 
errors when bundled, 
"use client" in "node
_modules/@mui/icons-m
aterial/esm/CameraRol
lSharp.js" was 
ignored.
node_modules/@mui/ico
ns-material/esm/Camer
aRollRounded.js 
(1:0): Module level 
directives cause 
errors when bundled, 
"use client" in "node
_modules/@mui/icons-m
aterial/esm/CameraRol
lRounded.js" was 
ignored.
node_modules/@mui/ico
ns-material/esm/Camer
aRollOutlined.js 
(1:0): Module level 
directives cause 
errors when bundled, 
"use client" in "node
_modules/@mui/icons-m
aterial/esm/CameraRol
lOutlined.js" was 
ignored.
node_modules/@mui/ico
ns-material/esm/Camer
aRounded.js (1:0): 
Module level 
directives cause 
errors when bundled, 
"use client" in "node
_modules/@mui/icons-m
aterial/esm/CameraRou
nded.js" was ignored.
node_modules/@mui/ico
ns-material/esm/Camer
aRollTwoTone.js 
(1:0): Module level 
directives cause 
errors when bundled, 
"use client" in "node
_modules/@mui/icons-m
aterial/esm/CameraRol
lTwoTone.js" was 
ignored.
node_modules/@mui/ico
ns-material/esm/Camer
aSharp.js (1:0): 
Module level 
directives cause 
errors when bundled, 
"use client" in "node
_modules/@mui/icons-m
aterial/esm/CameraSha
rp.js" was ignored.
node_modules/@mui/ico
ns-material/esm/Camer
aswitch.js (1:0): 
Module level 
directives cause 
errors when bundled, 
"use client" in "node
_modules/@mui/icons-m
aterial/esm/Cameraswi
tch.js" was ignored.
node_modules/@mui/ico
ns-material/esm/Camer
aTwoTone.js (1:0): 
Module level 
directives cause 
errors when bundled, 
"use client" in "node
_modules/@mui/icons-m
aterial/esm/CameraTwo
Tone.js" was ignored.
node_modules/@mui/ico
ns-material/esm/Camer
aswitchOutlined.js 
(1:0): Module level 
directives cause 
errors when bundled, 
"use client" in "node
_modules/@mui/icons-m
aterial/esm/Cameraswi
tchOutlined.js" was 
ignored.
node_modules/@mui/ico
ns-material/esm/Camer
aswitchSharp.js 
(1:0): Module level 
directives cause 
errors when bundled, 
"use client" in "node
_modules/@mui/icons-m
aterial/esm/Cameraswi
tchSharp.js" was 
ignored.
node_modules/@mui/ico
ns-material/esm/Camer
aswitchRounded.js 
(1:0): Module level 
directives cause 
errors when bundled, 
"use client" in "node
_modules/@mui/icons-m
aterial/esm/Cameraswi
tchRounded.js" was 
ignored.
node_modules/@mui/ico
ns-material/esm/Camer
aswitchTwoTone.js 
(1:0): Module level 
directives cause 
errors when bundled, 
"use client" in "node
_modules/@mui/icons-m
aterial/esm/Cameraswi
tchTwoTone.js" was 
ignored.
node_modules/@mui/ico
ns-material/esm/Campa
ign.js (1:0): Module 
level directives 
cause errors when 
bundled, "use 
client" in "node_modu
les/@mui/icons-materi
al/esm/Campaign.js" 
was ignored.
node_modules/@mui/ico
ns-material/esm/Campa
ignRounded.js (1:0): 
Module level 
directives cause 
errors when bundled, 
"use client" in "node
_modules/@mui/icons-m
aterial/esm/CampaignR
ounded.js" was 
ignored.
node_modules/@mui/ico
ns-material/esm/Campa
ignOutlined.js 
(1:0): Module level 
directives cause 
errors when bundled, 
"use client" in "node
_modules/@mui/icons-m
aterial/esm/CampaignO
utlined.js" was 
ignored.
node_modules/@mui/ico
ns-material/esm/Campa
ignSharp.js (1:0): 
Module level 
directives cause 
errors when bundled, 
"use client" in "node
_modules/@mui/icons-m
aterial/esm/CampaignS
harp.js" was ignored.
node_modules/@mui/ico
ns-material/esm/Campa
ignTwoTone.js (1:0): 
Module level 
directives cause 
errors when bundled, 
"use client" in "node
_modules/@mui/icons-m
aterial/esm/CampaignT
woTone.js" was 
ignored.
node_modules/@mui/ico
ns-material/esm/Cance
lOutlined.js (1:0): 
Module level 
directives cause 
errors when bundled, 
"use client" in "node
_modules/@mui/icons-m
aterial/esm/CancelOut
lined.js" was 
ignored.
node_modules/@mui/ico
ns-material/esm/Cance
lPresentation.js 
(1:0): Module level 
directives cause 
errors when bundled, 
"use client" in "node
_modules/@mui/icons-m
aterial/esm/CancelPre
sentation.js" was 
ignored.
node_modules/@mui/ico
ns-material/esm/Cance
lPresentationOutlined
.js (1:0): Module 
level directives 
cause errors when 
bundled, "use 
client" in "node_modu
les/@mui/icons-materi
al/esm/CancelPresenta
tionOutlined.js" was 
ignored.
node_modules/@mui/ico
ns-material/esm/Cance
l.js (1:0): Module 
level directives 
cause errors when 
bundled, "use 
client" in "node_modu
les/@mui/icons-materi
al/esm/Cancel.js" 
was ignored.
node_modules/@mui/ico
ns-material/esm/Cance
lPresentationRounded.
js (1:0): Module 
level directives 
cause errors when 
bundled, "use 
client" in "node_modu
les/@mui/icons-materi
al/esm/CancelPresenta
tionRounded.js" was 
ignored.
node_modules/@mui/ico
ns-material/esm/Cance
lPresentationSharp.js
 (1:0): Module level 
directives cause 
errors when bundled, 
"use client" in "node
_modules/@mui/icons-m
aterial/esm/CancelPre
sentationSharp.js" 
was ignored.
node_modules/@mui/ico
ns-material/esm/Cance
lRounded.js (1:0): 
Module level 
directives cause 
errors when bundled, 
"use client" in "node
_modules/@mui/icons-m
aterial/esm/CancelRou
nded.js" was ignored.
node_modules/@mui/ico
ns-material/esm/Cance
lPresentationTwoTone.
js (1:0): Module 
level directives 
cause errors when 
bundled, "use 
client" in "node_modu
les/@mui/icons-materi
al/esm/CancelPresenta
tionTwoTone.js" was 
ignored.
node_modules/@mui/ico
ns-material/esm/Cance
lScheduleSend.js 
(1:0): Module level 
directives cause 
errors when bundled, 
"use client" in "node
_modules/@mui/icons-m
aterial/esm/CancelSch
eduleSend.js" was 
ignored.
node_modules/@mui/ico
ns-material/esm/Cance
lScheduleSendOutlined
.js (1:0): Module 
level directives 
cause errors when 
bundled, "use 
client" in "node_modu
les/@mui/icons-materi
al/esm/CancelSchedule
SendOutlined.js" was 
ignored.
node_modules/@mui/ico
ns-material/esm/Cance
lScheduleSendSharp.js
 (1:0): Module level 
directives cause 
errors when bundled, 
"use client" in "node
_modules/@mui/icons-m
aterial/esm/CancelSch
eduleSendSharp.js" 
was ignored.
node_modules/@mui/ico
ns-material/esm/Cance
lScheduleSendRounded.
js (1:0): Module 
level directives 
cause errors when 
bundled, "use 
client" in "node_modu
les/@mui/icons-materi
al/esm/CancelSchedule
SendRounded.js" was 
ignored.
node_modules/@mui/ico
ns-material/esm/Cance
lScheduleSendTwoTone.
js (1:0): Module 
level directives 
cause errors when 
bundled, "use 
client" in "node_modu
les/@mui/icons-materi
al/esm/CancelSchedule
SendTwoTone.js" was 
ignored.
node_modules/@mui/ico
ns-material/esm/Cance
lSharp.js (1:0): 
Module level 
directives cause 
errors when bundled, 
"use client" in "node
_modules/@mui/icons-m
aterial/esm/CancelSha
rp.js" was ignored.
node_modules/@mui/ico
ns-material/esm/Cance
lTwoTone.js (1:0): 
Module level 
directives cause 
errors when bundled, 
"use client" in "node
_modules/@mui/icons-m
aterial/esm/CancelTwo
Tone.js" was ignored.
node_modules/@mui/ico
ns-material/esm/Candl
estickChart.js 
(1:0): Module level 
directives cause 
errors when bundled, 
"use client" in "node
_modules/@mui/icons-m
aterial/esm/Candlesti
ckChart.js" was 
ignored.
node_modules/@mui/ico
ns-material/esm/Candl
estickChartRounded.js
 (1:0): Module level 
directives cause 
errors when bundled, 
"use client" in "node
_modules/@mui/icons-m
aterial/esm/Candlesti
ckChartRounded.js" 
was ignored.
node_modules/@mui/ico
ns-material/esm/Candl
estickChartOutlined.j
s (1:0): Module 
level directives 
cause errors when 
bundled, "use 
client" in "node_modu
les/@mui/icons-materi
al/esm/CandlestickCha
rtOutlined.js" was 
ignored.
node_modules/@mui/ico
ns-material/esm/Candl
estickChartTwoTone.js
 (1:0): Module level 
directives cause 
errors when bundled, 
"use client" in "node
_modules/@mui/icons-m
aterial/esm/Candlesti
ckChartTwoTone.js" 
was ignored.
node_modules/@mui/ico
ns-material/esm/Candl
estickChartSharp.js 
(1:0): Module level 
directives cause 
errors when bundled, 
"use client" in "node
_modules/@mui/icons-m
aterial/esm/Candlesti
ckChartSharp.js" was 
ignored.
node_modules/@mui/ico
ns-material/esm/CarCr
ashOutlined.js 
(1:0): Module level 
directives cause 
errors when bundled, 
"use client" in "node
_modules/@mui/icons-m
aterial/esm/CarCrashO
utlined.js" was 
ignored.
node_modules/@mui/ico
ns-material/esm/CarCr
ash.js (1:0): Module 
level directives 
cause errors when 
bundled, "use 
client" in "node_modu
les/@mui/icons-materi
al/esm/CarCrash.js" 
was ignored.
node_modules/@mui/ico
ns-material/esm/CarCr
ashRounded.js (1:0): 
Module level 
directives cause 
errors when bundled, 
"use client" in "node
_modules/@mui/icons-m
aterial/esm/CarCrashR
ounded.js" was 
ignored.
node_modules/@mui/ico
ns-material/esm/CarCr
ashSharp.js (1:0): 
Module level 
directives cause 
errors when bundled, 
"use client" in "node
_modules/@mui/icons-m
aterial/esm/CarCrashS
harp.js" was ignored.
node_modules/@mui/ico
ns-material/esm/CarRe
ntal.js (1:0): 
Module level 
directives cause 
errors when bundled, 
"use client" in "node
_modules/@mui/icons-m
aterial/esm/CarRental
.js" was ignored.
node_modules/@mui/ico
ns-material/esm/CarRe
ntalSharp.js (1:0): 
Module level 
directives cause 
errors when bundled, 
"use client" in "node
_modules/@mui/icons-m
aterial/esm/CarRental
Sharp.js" was 
ignored.
node_modules/@mui/ico
ns-material/esm/CarRe
ntalOutlined.js 
(1:0): Module level 
directives cause 
errors when bundled, 
"use client" in "node
_modules/@mui/icons-m
aterial/esm/CarRental
Outlined.js" was 
ignored.
node_modules/@mui/ico
ns-material/esm/CarRe
ntalTwoTone.js 
(1:0): Module level 
directives cause 
errors when bundled, 
"use client" in "node
_modules/@mui/icons-m
aterial/esm/CarRental
TwoTone.js" was 
ignored.
node_modules/@mui/ico
ns-material/esm/CarCr
ashTwoTone.js (1:0): 
Module level 
directives cause 
errors when bundled, 
"use client" in "node
_modules/@mui/icons-m
aterial/esm/CarCrashT
woTone.js" was 
ignored.
node_modules/@mui/ico
ns-material/esm/CarRe
ntalRounded.js 
(1:0): Module level 
directives cause 
errors when bundled, 
"use client" in "node
_modules/@mui/icons-m
aterial/esm/CarRental
Rounded.js" was 
ignored.
node_modules/@mui/ico
ns-material/esm/CarRe
pair.js (1:0): 
Module level 
directives cause 
errors when bundled, 
"use client" in "node
_modules/@mui/icons-m
aterial/esm/CarRepair
.js" was ignored.
node_modules/@mui/ico
ns-material/esm/CarRe
pairSharp.js (1:0): 
Module level 
directives cause 
errors when bundled, 
"use client" in "node
_modules/@mui/icons-m
aterial/esm/CarRepair
Sharp.js" was 
ignored.
node_modules/@mui/ico
ns-material/esm/CarRe
pairOutlined.js 
(1:0): Module level 
directives cause 
errors when bundled, 
"use client" in "node
_modules/@mui/icons-m
aterial/esm/CarRepair
Outlined.js" was 
ignored.
node_modules/@mui/ico
ns-material/esm/CarRe
pairRounded.js 
(1:0): Module level 
directives cause 
errors when bundled, 
"use client" in "node
_modules/@mui/icons-m
aterial/esm/CarRepair
Rounded.js" was 
ignored.
node_modules/@mui/ico
ns-material/esm/CardG
iftcard.js (1:0): 
Module level 
directives cause 
errors when bundled, 
"use client" in "node
_modules/@mui/icons-m
aterial/esm/CardGiftc
ard.js" was ignored.
node_modules/@mui/ico
ns-material/esm/CarRe
pairTwoTone.js 
(1:0): Module level 
directives cause 
errors when bundled, 
"use client" in "node
_modules/@mui/icons-m
aterial/esm/CarRepair
TwoTone.js" was 
ignored.
node_modules/@mui/ico
ns-material/esm/CardG
iftcardRounded.js 
(1:0): Module level 
directives cause 
errors when bundled, 
"use client" in "node
_modules/@mui/icons-m
aterial/esm/CardGiftc
ardRounded.js" was 
ignored.
node_modules/@mui/ico
ns-material/esm/CardG
iftcardTwoTone.js 
(1:0): Module level 
directives cause 
errors when bundled, 
"use client" in "node
_modules/@mui/icons-m
aterial/esm/CardGiftc
ardTwoTone.js" was 
ignored.
node_modules/@mui/ico
ns-material/esm/CardG
iftcardSharp.js 
(1:0): Module level 
directives cause 
errors when bundled, 
"use client" in "node
_modules/@mui/icons-m
aterial/esm/CardGiftc
ardSharp.js" was 
ignored.
node_modules/@mui/ico
ns-material/esm/CardG
iftcardOutlined.js 
(1:0): Module level 
directives cause 
errors when bundled, 
"use client" in "node
_modules/@mui/icons-m
aterial/esm/CardGiftc
ardOutlined.js" was 
ignored.
node_modules/@mui/ico
ns-material/esm/CardM
embership.js (1:0): 
Module level 
directives cause 
errors when bundled, 
"use client" in "node
_modules/@mui/icons-m
aterial/esm/CardMembe
rship.js" was 
ignored.
node_modules/@mui/ico
ns-material/esm/CardM
embershipSharp.js 
(1:0): Module level 
directives cause 
errors when bundled, 
"use client" in "node
_modules/@mui/icons-m
aterial/esm/CardMembe
rshipSharp.js" was 
ignored.
node_modules/@mui/ico
ns-material/esm/CardM
embershipRounded.js 
(1:0): Module level 
directives cause 
errors when bundled, 
"use client" in "node
_modules/@mui/icons-m
aterial/esm/CardMembe
rshipRounded.js" was 
ignored.
node_modules/@mui/ico
ns-material/esm/CardM
embershipTwoTone.js 
(1:0): Module level 
directives cause 
errors when bundled, 
"use client" in "node
_modules/@mui/icons-m
aterial/esm/CardMembe
rshipTwoTone.js" was 
ignored.
node_modules/@mui/ico
ns-material/esm/CardT
ravel.js (1:0): 
Module level 
directives cause 
errors when bundled, 
"use client" in "node
_modules/@mui/icons-m
aterial/esm/CardTrave
l.js" was ignored.
node_modules/@mui/ico
ns-material/esm/CardT
ravelOutlined.js 
(1:0): Module level 
directives cause 
errors when bundled, 
"use client" in "node
_modules/@mui/icons-m
aterial/esm/CardTrave
lOutlined.js" was 
ignored.
node_modules/@mui/ico
ns-material/esm/CardT
ravelRounded.js 
(1:0): Module level 
directives cause 
errors when bundled, 
"use client" in "node
_modules/@mui/icons-m
aterial/esm/CardTrave
lRounded.js" was 
ignored.
node_modules/@mui/ico
ns-material/esm/CardM
embershipOutlined.js 
(1:0): Module level 
directives cause 
errors when bundled, 
"use client" in "node
_modules/@mui/icons-m
aterial/esm/CardMembe
rshipOutlined.js" 
was ignored.
node_modules/@mui/ico
ns-material/esm/Carpe
nter.js (1:0): 
Module level 
directives cause 
errors when bundled, 
"use client" in "node
_modules/@mui/icons-m
aterial/esm/Carpenter
.js" was ignored.
node_modules/@mui/ico
ns-material/esm/CardT
ravelSharp.js (1:0): 
Module level 
directives cause 
errors when bundled, 
"use client" in "node
_modules/@mui/icons-m
aterial/esm/CardTrave
lSharp.js" was 
ignored.
node_modules/@mui/ico
ns-material/esm/Carpe
nterRounded.js 
(1:0): Module level 
directives cause 
errors when bundled, 
"use client" in "node
_modules/@mui/icons-m
aterial/esm/Carpenter
Rounded.js" was 
ignored.
node_modules/@mui/ico
ns-material/esm/Carpe
nterOutlined.js 
(1:0): Module level 
directives cause 
errors when bundled, 
"use client" in "node
_modules/@mui/icons-m
aterial/esm/Carpenter
Outlined.js" was 
ignored.
node_modules/@mui/ico
ns-material/esm/Carpe
nterSharp.js (1:0): 
Module level 
directives cause 
errors when bundled, 
"use client" in "node
_modules/@mui/icons-m
aterial/esm/Carpenter
Sharp.js" was 
ignored.
node_modules/@mui/ico
ns-material/esm/Cases
.js (1:0): Module 
level directives 
cause errors when 
bundled, "use 
client" in "node_modu
les/@mui/icons-materi
al/esm/Cases.js" was 
ignored.
node_modules/@mui/ico
ns-material/esm/Carpe
nterTwoTone.js 
(1:0): Module level 
directives cause 
errors when bundled, 
"use client" in "node
_modules/@mui/icons-m
aterial/esm/Carpenter
TwoTone.js" was 
ignored.
node_modules/@mui/ico
ns-material/esm/Cases
Outlined.js (1:0): 
Module level 
directives cause 
errors when bundled, 
"use client" in "node
_modules/@mui/icons-m
aterial/esm/CasesOutl
ined.js" was ignored.
node_modules/@mui/ico
ns-material/esm/Cases
Rounded.js (1:0): 
Module level 
directives cause 
errors when bundled, 
"use client" in "node
_modules/@mui/icons-m
aterial/esm/CasesRoun
ded.js" was ignored.
node_modules/@mui/ico
ns-material/esm/Cases
Sharp.js (1:0): 
Module level 
directives cause 
errors when bundled, 
"use client" in "node
_modules/@mui/icons-m
aterial/esm/CasesShar
p.js" was ignored.
node_modules/@mui/ico
ns-material/esm/Cases
TwoTone.js (1:0): 
Module level 
directives cause 
errors when bundled, 
"use client" in "node
_modules/@mui/icons-m
aterial/esm/CasesTwoT
one.js" was ignored.
node_modules/@mui/ico
ns-material/esm/CardT
ravelTwoTone.js 
(1:0): Module level 
directives cause 
errors when bundled, 
"use client" in "node
_modules/@mui/icons-m
aterial/esm/CardTrave
lTwoTone.js" was 
ignored.
node_modules/@mui/ico
ns-material/esm/Casin
o.js (1:0): Module 
level directives 
cause errors when 
bundled, "use 
client" in "node_modu
les/@mui/icons-materi
al/esm/Casino.js" 
was ignored.
node_modules/@mui/ico
ns-material/esm/Casin
oOutlined.js (1:0): 
Module level 
directives cause 
errors when bundled, 
"use client" in "node
_modules/@mui/icons-m
aterial/esm/CasinoOut
lined.js" was 
ignored.
node_modules/@mui/ico
ns-material/esm/Casin
oRounded.js (1:0): 
Module level 
directives cause 
errors when bundled, 
"use client" in "node
_modules/@mui/icons-m
aterial/esm/CasinoRou
nded.js" was ignored.
node_modules/@mui/ico
ns-material/esm/Casin
oSharp.js (1:0): 
Module level 
directives cause 
errors when bundled, 
"use client" in "node
_modules/@mui/icons-m
aterial/esm/CasinoSha
rp.js" was ignored.
node_modules/@mui/ico
ns-material/esm/Cast.
js (1:0): Module 
level directives 
cause errors when 
bundled, "use 
client" in "node_modu
les/@mui/icons-materi
al/esm/Cast.js" was 
ignored.
node_modules/@mui/ico
ns-material/esm/Casin
oTwoTone.js (1:0): 
Module level 
directives cause 
errors when bundled, 
"use client" in "node
_modules/@mui/icons-m
aterial/esm/CasinoTwo
Tone.js" was ignored.
node_modules/@mui/ico
ns-material/esm/CastC
onnected.js (1:0): 
Module level 
directives cause 
errors when bundled, 
"use client" in "node
_modules/@mui/icons-m
aterial/esm/CastConne
cted.js" was ignored.
node_modules/@mui/ico
ns-material/esm/CastC
onnectedSharp.js 
(1:0): Module level 
directives cause 
errors when bundled, 
"use client" in "node
_modules/@mui/icons-m
aterial/esm/CastConne
ctedSharp.js" was 
ignored.
node_modules/@mui/ico
ns-material/esm/CastC
onnectedOutlined.js 
(1:0): Module level 
directives cause 
errors when bundled, 
"use client" in "node
_modules/@mui/icons-m
aterial/esm/CastConne
ctedOutlined.js" was 
ignored.
node_modules/@mui/ico
ns-material/esm/CastC
onnectedTwoTone.js 
(1:0): Module level 
directives cause 
errors when bundled, 
"use client" in "node
_modules/@mui/icons-m
aterial/esm/CastConne
ctedTwoTone.js" was 
ignored.
node_modules/@mui/ico
ns-material/esm/CastF
orEducationOutlined.j
s (1:0): Module 
level directives 
cause errors when 
bundled, "use 
client" in "node_modu
les/@mui/icons-materi
al/esm/CastForEducati
onOutlined.js" was 
ignored.
node_modules/@mui/ico
ns-material/esm/CastF
orEducation.js 
(1:0): Module level 
directives cause 
errors when bundled, 
"use client" in "node
_modules/@mui/icons-m
aterial/esm/CastForEd
ucation.js" was 
ignored.
node_modules/@mui/ico
ns-material/esm/CastF
orEducationRounded.js
 (1:0): Module level 
directives cause 
errors when bundled, 
"use client" in "node
_modules/@mui/icons-m
aterial/esm/CastForEd
ucationRounded.js" 
was ignored.
node_modules/@mui/ico
ns-material/esm/CastF
orEducationTwoTone.js
 (1:0): Module level 
directives cause 
errors when bundled, 
"use client" in "node
_modules/@mui/icons-m
aterial/esm/CastForEd
ucationTwoTone.js" 
was ignored.
node_modules/@mui/ico
ns-material/esm/CastF
orEducationSharp.js 
(1:0): Module level 
directives cause 
errors when bundled, 
"use client" in "node
_modules/@mui/icons-m
aterial/esm/CastForEd
ucationSharp.js" was 
ignored.
node_modules/@mui/ico
ns-material/esm/CastR
ounded.js (1:0): 
Module level 
directives cause 
errors when bundled, 
"use client" in "node
_modules/@mui/icons-m
aterial/esm/CastRound
ed.js" was ignored.
node_modules/@mui/ico
ns-material/esm/CastC
onnectedRounded.js 
(1:0): Module level 
directives cause 
errors when bundled, 
"use client" in "node
_modules/@mui/icons-m
aterial/esm/CastConne
ctedRounded.js" was 
ignored.
node_modules/@mui/ico
ns-material/esm/CastS
harp.js (1:0): 
Module level 
directives cause 
errors when bundled, 
"use client" in "node
_modules/@mui/icons-m
aterial/esm/CastSharp
.js" was ignored.
node_modules/@mui/ico
ns-material/esm/CastT
woTone.js (1:0): 
Module level 
directives cause 
errors when bundled, 
"use client" in "node
_modules/@mui/icons-m
aterial/esm/CastTwoTo
ne.js" was ignored.
node_modules/@mui/ico
ns-material/esm/Castl
eRounded.js (1:0): 
Module level 
directives cause 
errors when bundled, 
"use client" in "node
_modules/@mui/icons-m
aterial/esm/CastleRou
nded.js" was ignored.
node_modules/@mui/ico
ns-material/esm/Castl
eOutlined.js (1:0): 
Module level 
directives cause 
errors when bundled, 
"use client" in "node
_modules/@mui/icons-m
aterial/esm/CastleOut
lined.js" was 
ignored.
node_modules/@mui/ico
ns-material/esm/Castl
eSharp.js (1:0): 
Module level 
directives cause 
errors when bundled, 
"use client" in "node
_modules/@mui/icons-m
aterial/esm/CastleSha
rp.js" was ignored.
node_modules/@mui/ico
ns-material/esm/Castl
e.js (1:0): Module 
level directives 
cause errors when 
bundled, "use 
client" in "node_modu
les/@mui/icons-materi
al/esm/Castle.js" 
was ignored.
node_modules/@mui/ico
ns-material/esm/CastO
utlined.js (1:0): 
Module level 
directives cause 
errors when bundled, 
"use client" in "node
_modules/@mui/icons-m
aterial/esm/CastOutli
ned.js" was ignored.
node_modules/@mui/ico
ns-material/esm/Catch
ingPokemonOutlined.js
 (1:0): Module level 
directives cause 
errors when bundled, 
"use client" in "node
_modules/@mui/icons-m
aterial/esm/CatchingP
okemonOutlined.js" 
was ignored.
node_modules/@mui/ico
ns-material/esm/Castl
eTwoTone.js (1:0): 
Module level 
directives cause 
errors when bundled, 
"use client" in "node
_modules/@mui/icons-m
aterial/esm/CastleTwo
Tone.js" was ignored.
node_modules/@mui/ico
ns-material/esm/Catch
ingPokemonSharp.js 
(1:0): Module level 
directives cause 
errors when bundled, 
"use client" in "node
_modules/@mui/icons-m
aterial/esm/CatchingP
okemonSharp.js" was 
ignored.
node_modules/@mui/ico
ns-material/esm/Catch
ingPokemon.js (1:0): 
Module level 
directives cause 
errors when bundled, 
"use client" in "node
_modules/@mui/icons-m
aterial/esm/CatchingP
okemon.js" was 
ignored.
node_modules/@mui/ico
ns-material/esm/Catch
ingPokemonRounded.js 
(1:0): Module level 
directives cause 
errors when bundled, 
"use client" in "node
_modules/@mui/icons-m
aterial/esm/CatchingP
okemonRounded.js" 
was ignored.
node_modules/@mui/ico
ns-material/esm/Categ
ory.js (1:0): Module 
level directives 
cause errors when 
bundled, "use 
client" in "node_modu
les/@mui/icons-materi
al/esm/Category.js" 
was ignored.
node_modules/@mui/ico
ns-material/esm/Catch
ingPokemonTwoTone.js 
(1:0): Module level 
directives cause 
errors when bundled, 
"use client" in "node
_modules/@mui/icons-m
aterial/esm/CatchingP
okemonTwoTone.js" 
was ignored.
node_modules/@mui/ico
ns-material/esm/Categ
oryRounded.js (1:0): 
Module level 
directives cause 
errors when bundled, 
"use client" in "node
_modules/@mui/icons-m
aterial/esm/CategoryR
ounded.js" was 
ignored.
node_modules/@mui/ico
ns-material/esm/Categ
orySharp.js (1:0): 
Module level 
directives cause 
errors when bundled, 
"use client" in "node
_modules/@mui/icons-m
aterial/esm/CategoryS
harp.js" was ignored.
node_modules/@mui/ico
ns-material/esm/Categ
oryOutlined.js 
(1:0): Module level 
directives cause 
errors when bundled, 
"use client" in "node
_modules/@mui/icons-m
aterial/esm/CategoryO
utlined.js" was 
ignored.
node_modules/@mui/ico
ns-material/esm/Categ
oryTwoTone.js (1:0): 
Module level 
directives cause 
errors when bundled, 
"use client" in "node
_modules/@mui/icons-m
aterial/esm/CategoryT
woTone.js" was 
ignored.
node_modules/@mui/ico
ns-material/esm/Celeb
rationOutlined.js 
(1:0): Module level 
directives cause 
errors when bundled, 
"use client" in "node
_modules/@mui/icons-m
aterial/esm/Celebrati
onOutlined.js" was 
ignored.
node_modules/@mui/ico
ns-material/esm/Celeb
ration.js (1:0): 
Module level 
directives cause 
errors when bundled, 
"use client" in "node
_modules/@mui/icons-m
aterial/esm/Celebrati
on.js" was ignored.
node_modules/@mui/ico
ns-material/esm/Celeb
rationRounded.js 
(1:0): Module level 
directives cause 
errors when bundled, 
"use client" in "node
_modules/@mui/icons-m
aterial/esm/Celebrati
onRounded.js" was 
ignored.
node_modules/@mui/ico
ns-material/esm/Celeb
rationSharp.js 
(1:0): Module level 
directives cause 
errors when bundled, 
"use client" in "node
_modules/@mui/icons-m
aterial/esm/Celebrati
onSharp.js" was 
ignored.
node_modules/@mui/ico
ns-material/esm/CellT
ower.js (1:0): 
Module level 
directives cause 
errors when bundled, 
"use client" in "node
_modules/@mui/icons-m
aterial/esm/CellTower
.js" was ignored.
node_modules/@mui/ico
ns-material/esm/Celeb
rationTwoTone.js 
(1:0): Module level 
directives cause 
errors when bundled, 
"use client" in "node
_modules/@mui/icons-m
aterial/esm/Celebrati
onTwoTone.js" was 
ignored.
node_modules/@mui/ico
ns-material/esm/CellT
owerOutlined.js 
(1:0): Module level 
directives cause 
errors when bundled, 
"use client" in "node
_modules/@mui/icons-m
aterial/esm/CellTower
Outlined.js" was 
ignored.
node_modules/@mui/ico
ns-material/esm/CellT
owerRounded.js 
(1:0): Module level 
directives cause 
errors when bundled, 
"use client" in "node
_modules/@mui/icons-m
aterial/esm/CellTower
Rounded.js" was 
ignored.
node_modules/@mui/ico
ns-material/esm/CellT
owerSharp.js (1:0): 
Module level 
directives cause 
errors when bundled, 
"use client" in "node
_modules/@mui/icons-m
aterial/esm/CellTower
Sharp.js" was 
ignored.
node_modules/@mui/ico
ns-material/esm/CellT
owerTwoTone.js 
(1:0): Module level 
directives cause 
errors when bundled, 
"use client" in "node
_modules/@mui/icons-m
aterial/esm/CellTower
TwoTone.js" was 
ignored.
node_modules/@mui/ico
ns-material/esm/CellW
ifi.js (1:0): Module 
level directives 
cause errors when 
bundled, "use 
client" in "node_modu
les/@mui/icons-materi
al/esm/CellWifi.js" 
was ignored.
node_modules/@mui/ico
ns-material/esm/CellW
ifiRounded.js (1:0): 
Module level 
directives cause 
errors when bundled, 
"use client" in "node
_modules/@mui/icons-m
aterial/esm/CellWifiR
ounded.js" was 
ignored.
node_modules/@mui/ico
ns-material/esm/CellW
ifiOutlined.js 
(1:0): Module level 
directives cause 
errors when bundled, 
"use client" in "node
_modules/@mui/icons-m
aterial/esm/CellWifiO
utlined.js" was 
ignored.
node_modules/@mui/ico
ns-material/esm/CellW
ifiTwoTone.js (1:0): 
Module level 
directives cause 
errors when bundled, 
"use client" in "node
_modules/@mui/icons-m
aterial/esm/CellWifiT
woTone.js" was 
ignored.
node_modules/@mui/ico
ns-material/esm/CellW
ifiSharp.js (1:0): 
Module level 
directives cause 
errors when bundled, 
"use client" in "node
_modules/@mui/icons-m
aterial/esm/CellWifiS
harp.js" was ignored.
node_modules/@mui/ico
ns-material/esm/Cente
rFocusStrong.js 
(1:0): Module level 
directives cause 
errors when bundled, 
"use client" in "node
_modules/@mui/icons-m
aterial/esm/CenterFoc
usStrong.js" was 
ignored.
node_modules/@mui/ico
ns-material/esm/Cente
rFocusStrongOutlined.
js (1:0): Module 
level directives 
cause errors when 
bundled, "use 
client" in "node_modu
les/@mui/icons-materi
al/esm/CenterFocusStr
ongOutlined.js" was 
ignored.
node_modules/@mui/ico
ns-material/esm/Cente
rFocusStrongSharp.js 
(1:0): Module level 
directives cause 
errors when bundled, 
"use client" in "node
_modules/@mui/icons-m
aterial/esm/CenterFoc
usStrongSharp.js" 
was ignored.
node_modules/@mui/ico
ns-material/esm/Cente
rFocusStrongRounded.j
s (1:0): Module 
level directives 
cause errors when 
bundled, "use 
client" in "node_modu
les/@mui/icons-materi
al/esm/CenterFocusStr
ongRounded.js" was 
ignored.
node_modules/@mui/ico
ns-material/esm/Cente
rFocusWeak.js (1:0): 
Module level 
directives cause 
errors when bundled, 
"use client" in "node
_modules/@mui/icons-m
aterial/esm/CenterFoc
usWeak.js" was 
ignored.
node_modules/@mui/ico
ns-material/esm/Cente
rFocusWeakOutlined.js
 (1:0): Module level 
directives cause 
errors when bundled, 
"use client" in "node
_modules/@mui/icons-m
aterial/esm/CenterFoc
usWeakOutlined.js" 
was ignored.
node_modules/@mui/ico
ns-material/esm/Cente
rFocusWeakRounded.js 
(1:0): Module level 
directives cause 
errors when bundled, 
"use client" in "node
_modules/@mui/icons-m
aterial/esm/CenterFoc
usWeakRounded.js" 
was ignored.
node_modules/@mui/ico
ns-material/esm/Cente
rFocusWeakTwoTone.js 
(1:0): Module level 
directives cause 
errors when bundled, 
"use client" in "node
_modules/@mui/icons-m
aterial/esm/CenterFoc
usWeakTwoTone.js" 
was ignored.
node_modules/@mui/ico
ns-material/esm/Cente
rFocusWeakSharp.js 
(1:0): Module level 
directives cause 
errors when bundled, 
"use client" in "node
_modules/@mui/icons-m
aterial/esm/CenterFoc
usWeakSharp.js" was 
ignored.
node_modules/@mui/ico
ns-material/esm/Chair
.js (1:0): Module 
level directives 
cause errors when 
bundled, "use 
client" in "node_modu
les/@mui/icons-materi
al/esm/Chair.js" was 
ignored.
node_modules/@mui/ico
ns-material/esm/Cente
rFocusStrongTwoTone.j
s (1:0): Module 
level directives 
cause errors when 
bundled, "use 
client" in "node_modu
les/@mui/icons-materi
al/esm/CenterFocusStr
ongTwoTone.js" was 
ignored.
node_modules/@mui/ico
ns-material/esm/Chair
Alt.js (1:0): Module 
level directives 
cause errors when 
bundled, "use 
client" in "node_modu
les/@mui/icons-materi
al/esm/ChairAlt.js" 
was ignored.
node_modules/@mui/ico
ns-material/esm/Chair
AltOutlined.js 
(1:0): Module level 
directives cause 
errors when bundled, 
"use client" in "node
_modules/@mui/icons-m
aterial/esm/ChairAltO
utlined.js" was 
ignored.
node_modules/@mui/ico
ns-material/esm/Chair
AltRounded.js (1:0): 
Module level 
directives cause 
errors when bundled, 
"use client" in "node
_modules/@mui/icons-m
aterial/esm/ChairAltR
ounded.js" was 
ignored.
node_modules/@mui/ico
ns-material/esm/Chair
AltSharp.js (1:0): 
Module level 
directives cause 
errors when bundled, 
"use client" in "node
_modules/@mui/icons-m
aterial/esm/ChairAltS
harp.js" was ignored.
node_modules/@mui/ico
ns-material/esm/Chair
AltTwoTone.js (1:0): 
Module level 
directives cause 
errors when bundled, 
"use client" in "node
_modules/@mui/icons-m
aterial/esm/ChairAltT
woTone.js" was 
ignored.
node_modules/@mui/ico
ns-material/esm/Chair
Outlined.js (1:0): 
Module level 
directives cause 
errors when bundled, 
"use client" in "node
_modules/@mui/icons-m
aterial/esm/ChairOutl
ined.js" was ignored.
node_modules/@mui/ico
ns-material/esm/Chair
Sharp.js (1:0): 
Module level 
directives cause 
errors when bundled, 
"use client" in "node
_modules/@mui/icons-m
aterial/esm/ChairShar
p.js" was ignored.
node_modules/@mui/ico
ns-material/esm/Chair
Rounded.js (1:0): 
Module level 
directives cause 
errors when bundled, 
"use client" in "node
_modules/@mui/icons-m
aterial/esm/ChairRoun
ded.js" was ignored.
node_modules/@mui/ico
ns-material/esm/Chair
TwoTone.js (1:0): 
Module level 
directives cause 
errors when bundled, 
"use client" in "node
_modules/@mui/icons-m
aterial/esm/ChairTwoT
one.js" was ignored.
node_modules/@mui/ico
ns-material/esm/Chale
t.js (1:0): Module 
level directives 
cause errors when 
bundled, "use 
client" in "node_modu
les/@mui/icons-materi
al/esm/Chalet.js" 
was ignored.
node_modules/@mui/ico
ns-material/esm/Chale
tOutlined.js (1:0): 
Module level 
directives cause 
errors when bundled, 
"use client" in "node
_modules/@mui/icons-m
aterial/esm/ChaletOut
lined.js" was 
ignored.
node_modules/@mui/ico
ns-material/esm/Chale
tRounded.js (1:0): 
Module level 
directives cause 
errors when bundled, 
"use client" in "node
_modules/@mui/icons-m
aterial/esm/ChaletRou
nded.js" was ignored.
node_modules/@mui/ico
ns-material/esm/Chale
tSharp.js (1:0): 
Module level 
directives cause 
errors when bundled, 
"use client" in "node
_modules/@mui/icons-m
aterial/esm/ChaletSha
rp.js" was ignored.
node_modules/@mui/ico
ns-material/esm/Chang
eCircle.js (1:0): 
Module level 
directives cause 
errors when bundled, 
"use client" in "node
_modules/@mui/icons-m
aterial/esm/ChangeCir
cle.js" was ignored.
node_modules/@mui/ico
ns-material/esm/Chang
eCircleOutlined.js 
(1:0): Module level 
directives cause 
errors when bundled, 
"use client" in "node
_modules/@mui/icons-m
aterial/esm/ChangeCir
cleOutlined.js" was 
ignored.
node_modules/@mui/ico
ns-material/esm/Chang
eCircleSharp.js 
(1:0): Module level 
directives cause 
errors when bundled, 
"use client" in "node
_modules/@mui/icons-m
aterial/esm/ChangeCir
cleSharp.js" was 
ignored.
node_modules/@mui/ico
ns-material/esm/Chang
eHistory.js (1:0): 
Module level 
directives cause 
errors when bundled, 
"use client" in "node
_modules/@mui/icons-m
aterial/esm/ChangeHis
tory.js" was ignored.
node_modules/@mui/ico
ns-material/esm/Chang
eCircleTwoTone.js 
(1:0): Module level 
directives cause 
errors when bundled, 
"use client" in "node
_modules/@mui/icons-m
aterial/esm/ChangeCir
cleTwoTone.js" was 
ignored.
node_modules/@mui/ico
ns-material/esm/Chang
eHistoryOutlined.js 
(1:0): Module level 
directives cause 
errors when bundled, 
"use client" in "node
_modules/@mui/icons-m
aterial/esm/ChangeHis
toryOutlined.js" was 
ignored.
node_modules/@mui/ico
ns-material/esm/Chang
eHistoryRounded.js 
(1:0): Module level 
directives cause 
errors when bundled, 
"use client" in "node
_modules/@mui/icons-m
aterial/esm/ChangeHis
toryRounded.js" was 
ignored.
node_modules/@mui/ico
ns-material/esm/Chang
eHistorySharp.js 
(1:0): Module level 
directives cause 
errors when bundled, 
"use client" in "node
_modules/@mui/icons-m
aterial/esm/ChangeHis
torySharp.js" was 
ignored.
node_modules/@mui/ico
ns-material/esm/Charg
ingStation.js (1:0): 
Module level 
directives cause 
errors when bundled, 
"use client" in "node
_modules/@mui/icons-m
aterial/esm/ChargingS
tation.js" was 
ignored.
node_modules/@mui/ico
ns-material/esm/Chang
eHistoryTwoTone.js 
(1:0): Module level 
directives cause 
errors when bundled, 
"use client" in "node
_modules/@mui/icons-m
aterial/esm/ChangeHis
toryTwoTone.js" was 
ignored.
node_modules/@mui/ico
ns-material/esm/Charg
ingStationOutlined.js
 (1:0): Module level 
directives cause 
errors when bundled, 
"use client" in "node
_modules/@mui/icons-m
aterial/esm/ChargingS
tationOutlined.js" 
was ignored.
node_modules/@mui/ico
ns-material/esm/Charg
ingStationRounded.js 
(1:0): Module level 
directives cause 
errors when bundled, 
"use client" in "node
_modules/@mui/icons-m
aterial/esm/ChargingS
tationRounded.js" 
was ignored.
node_modules/@mui/ico
ns-material/esm/Chale
tTwoTone.js (1:0): 
Module level 
directives cause 
errors when bundled, 
"use client" in "node
_modules/@mui/icons-m
aterial/esm/ChaletTwo
Tone.js" was ignored.
node_modules/@mui/ico
ns-material/esm/Charg
ingStationSharp.js 
(1:0): Module level 
directives cause 
errors when bundled, 
"use client" in "node
_modules/@mui/icons-m
aterial/esm/ChargingS
tationSharp.js" was 
ignored.
node_modules/@mui/ico
ns-material/esm/Chang
eCircleRounded.js 
(1:0): Module level 
directives cause 
errors when bundled, 
"use client" in "node
_modules/@mui/icons-m
aterial/esm/ChangeCir
cleRounded.js" was 
ignored.
node_modules/@mui/ico
ns-material/esm/ChatB
ubble.js (1:0): 
Module level 
directives cause 
errors when bundled, 
"use client" in "node
_modules/@mui/icons-m
aterial/esm/ChatBubbl
e.js" was ignored.
node_modules/@mui/ico
ns-material/esm/Chat.
js (1:0): Module 
level directives 
cause errors when 
bundled, "use 
client" in "node_modu
les/@mui/icons-materi
al/esm/Chat.js" was 
ignored.
node_modules/@mui/ico
ns-material/esm/ChatB
ubbleOutline.js 
(1:0): Module level 
directives cause 
errors when bundled, 
"use client" in "node
_modules/@mui/icons-m
aterial/esm/ChatBubbl
eOutline.js" was 
ignored.
node_modules/@mui/ico
ns-material/esm/ChatB
ubbleOutlineRounded.j
s (1:0): Module 
level directives 
cause errors when 
bundled, "use 
client" in "node_modu
les/@mui/icons-materi
al/esm/ChatBubbleOutl
ineRounded.js" was 
ignored.
node_modules/@mui/ico
ns-material/esm/Charg
ingStationTwoTone.js 
(1:0): Module level 
directives cause 
errors when bundled, 
"use client" in "node
_modules/@mui/icons-m
aterial/esm/ChargingS
tationTwoTone.js" 
was ignored.
node_modules/@mui/ico
ns-material/esm/ChatB
ubbleOutlineOutlined.
js (1:0): Module 
level directives 
cause errors when 
bundled, "use 
client" in "node_modu
les/@mui/icons-materi
al/esm/ChatBubbleOutl
ineOutlined.js" was 
ignored.
node_modules/@mui/ico
ns-material/esm/ChatB
ubbleOutlineSharp.js 
(1:0): Module level 
directives cause 
errors when bundled, 
"use client" in "node
_modules/@mui/icons-m
aterial/esm/ChatBubbl
eOutlineSharp.js" 
was ignored.
node_modules/@mui/ico
ns-material/esm/ChatR
ounded.js (1:0): 
Module level 
directives cause 
errors when bundled, 
"use client" in "node
_modules/@mui/icons-m
aterial/esm/ChatRound
ed.js" was ignored.
node_modules/@mui/ico
ns-material/esm/ChatB
ubbleOutlined.js 
(1:0): Module level 
directives cause 
errors when bundled, 
"use client" in "node
_modules/@mui/icons-m
aterial/esm/ChatBubbl
eOutlined.js" was 
ignored.
node_modules/@mui/ico
ns-material/esm/ChatO
utlined.js (1:0): 
Module level 
directives cause 
errors when bundled, 
"use client" in "node
_modules/@mui/icons-m
aterial/esm/ChatOutli
ned.js" was ignored.
node_modules/@mui/ico
ns-material/esm/ChatB
ubbleSharp.js (1:0): 
Module level 
directives cause 
errors when bundled, 
"use client" in "node
_modules/@mui/icons-m
aterial/esm/ChatBubbl
eSharp.js" was 
ignored.
node_modules/@mui/ico
ns-material/esm/Check
.js (1:0): Module 
level directives 
cause errors when 
bundled, "use 
client" in "node_modu
les/@mui/icons-materi
al/esm/Check.js" was 
ignored.
node_modules/@mui/ico
ns-material/esm/ChatS
harp.js (1:0): 
Module level 
directives cause 
errors when bundled, 
"use client" in "node
_modules/@mui/icons-m
aterial/esm/ChatSharp
.js" was ignored.
node_modules/@mui/ico
ns-material/esm/ChatT
woTone.js (1:0): 
Module level 
directives cause 
errors when bundled, 
"use client" in "node
_modules/@mui/icons-m
aterial/esm/ChatTwoTo
ne.js" was ignored.
node_modules/@mui/ico
ns-material/esm/Check
Box.js (1:0): Module 
level directives 
cause errors when 
bundled, "use 
client" in "node_modu
les/@mui/icons-materi
al/esm/CheckBox.js" 
was ignored.
node_modules/@mui/ico
ns-material/esm/ChatB
ubbleOutlineTwoTone.j
s (1:0): Module 
level directives 
cause errors when 
bundled, "use 
client" in "node_modu
les/@mui/icons-materi
al/esm/ChatBubbleOutl
ineTwoTone.js" was 
ignored.
node_modules/@mui/ico
ns-material/esm/Check
BoxOutlineBlankRounde
d.js (1:0): Module 
level directives 
cause errors when 
bundled, "use 
client" in "node_modu
les/@mui/icons-materi
al/esm/CheckBoxOutlin
eBlankRounded.js" 
was ignored.
node_modules/@mui/ico
ns-material/esm/Check
BoxOutlineBlank.js 
(1:0): Module level 
directives cause 
errors when bundled, 
"use client" in "node
_modules/@mui/icons-m
aterial/esm/CheckBoxO
utlineBlank.js" was 
ignored.
node_modules/@mui/ico
ns-material/esm/Check
BoxOutlineBlankOutlin
ed.js (1:0): Module 
level directives 
cause errors when 
bundled, "use 
client" in "node_modu
les/@mui/icons-materi
al/esm/CheckBoxOutlin
eBlankOutlined.js" 
was ignored.
node_modules/@mui/ico
ns-material/esm/Check
BoxOutlineBlankSharp.
js (1:0): Module 
level directives 
cause errors when 
bundled, "use 
client" in "node_modu
les/@mui/icons-materi
al/esm/CheckBoxOutlin
eBlankSharp.js" was 
ignored.
node_modules/@mui/ico
ns-material/esm/ChatB
ubbleTwoTone.js 
(1:0): Module level 
directives cause 
errors when bundled, 
"use client" in "node
_modules/@mui/icons-m
aterial/esm/ChatBubbl
eTwoTone.js" was 
ignored.
node_modules/@mui/ico
ns-material/esm/Check
BoxRounded.js (1:0): 
Module level 
directives cause 
errors when bundled, 
"use client" in "node
_modules/@mui/icons-m
aterial/esm/CheckBoxR
ounded.js" was 
ignored.
node_modules/@mui/ico
ns-material/esm/Check
BoxOutlineBlankTwoTon
e.js (1:0): Module 
level directives 
cause errors when 
bundled, "use 
client" in "node_modu
les/@mui/icons-materi
al/esm/CheckBoxOutlin
eBlankTwoTone.js" 
was ignored.
node_modules/@mui/ico
ns-material/esm/Check
BoxOutlined.js 
(1:0): Module level 
directives cause 
errors when bundled, 
"use client" in "node
_modules/@mui/icons-m
aterial/esm/CheckBoxO
utlined.js" was 
ignored.
node_modules/@mui/ico
ns-material/esm/Check
BoxTwoTone.js (1:0): 
Module level 
directives cause 
errors when bundled, 
"use client" in "node
_modules/@mui/icons-m
aterial/esm/CheckBoxT
woTone.js" was 
ignored.
node_modules/@mui/ico
ns-material/esm/Check
BoxSharp.js (1:0): 
Module level 
directives cause 
errors when bundled, 
"use client" in "node
_modules/@mui/icons-m
aterial/esm/CheckBoxS
harp.js" was ignored.
node_modules/@mui/ico
ns-material/esm/Check
CircleOutline.js 
(1:0): Module level 
directives cause 
errors when bundled, 
"use client" in "node
_modules/@mui/icons-m
aterial/esm/CheckCirc
leOutline.js" was 
ignored.
node_modules/@mui/ico
ns-material/esm/Check
Circle.js (1:0): 
Module level 
directives cause 
errors when bundled, 
"use client" in "node
_modules/@mui/icons-m
aterial/esm/CheckCirc
le.js" was ignored.
node_modules/@mui/ico
ns-material/esm/ChatB
ubbleRounded.js 
(1:0): Module level 
directives cause 
errors when bundled, 
"use client" in "node
_modules/@mui/icons-m
aterial/esm/ChatBubbl
eRounded.js" was 
ignored.
node_modules/@mui/ico
ns-material/esm/Check
CircleOutlineRounded.
js (1:0): Module 
level directives 
cause errors when 
bundled, "use 
client" in "node_modu
les/@mui/icons-materi
al/esm/CheckCircleOut
lineRounded.js" was 
ignored.
node_modules/@mui/ico
ns-material/esm/Check
CircleOutlineOutlined
.js (1:0): Module 
level directives 
cause errors when 
bundled, "use 
client" in "node_modu
les/@mui/icons-materi
al/esm/CheckCircleOut
lineOutlined.js" was 
ignored.
node_modules/@mui/ico
ns-material/esm/Check
CircleRounded.js 
(1:0): Module level 
directives cause 
errors when bundled, 
"use client" in "node
_modules/@mui/icons-m
aterial/esm/CheckCirc
leRounded.js" was 
ignored.
node_modules/@mui/ico
ns-material/esm/Check
CircleOutlineSharp.js
 (1:0): Module level 
directives cause 
errors when bundled, 
"use client" in "node
_modules/@mui/icons-m
aterial/esm/CheckCirc
leOutlineSharp.js" 
was ignored.
node_modules/@mui/ico
ns-material/esm/Check
CircleOutlineTwoTone.
js (1:0): Module 
level directives 
cause errors when 
bundled, "use 
client" in "node_modu
les/@mui/icons-materi
al/esm/CheckCircleOut
lineTwoTone.js" was 
ignored.
node_modules/@mui/ico
ns-material/esm/Check
CircleSharp.js 
(1:0): Module level 
directives cause 
errors when bundled, 
"use client" in "node
_modules/@mui/icons-m
aterial/esm/CheckCirc
leSharp.js" was 
ignored.
node_modules/@mui/ico
ns-material/esm/Check
CircleOutlined.js 
(1:0): Module level 
directives cause 
errors when bundled, 
"use client" in "node
_modules/@mui/icons-m
aterial/esm/CheckCirc
leOutlined.js" was 
ignored.
node_modules/@mui/ico
ns-material/esm/Check
CircleTwoTone.js 
(1:0): Module level 
directives cause 
errors when bundled, 
"use client" in "node
_modules/@mui/icons-m
aterial/esm/CheckCirc
leTwoTone.js" was 
ignored.
node_modules/@mui/ico
ns-material/esm/Check
Sharp.js (1:0): 
Module level 
directives cause 
errors when bundled, 
"use client" in "node
_modules/@mui/icons-m
aterial/esm/CheckShar
p.js" was ignored.
node_modules/@mui/ico
ns-material/esm/Check
Outlined.js (1:0): 
Module level 
directives cause 
errors when bundled, 
"use client" in "node
_modules/@mui/icons-m
aterial/esm/CheckOutl
ined.js" was ignored.
node_modules/@mui/ico
ns-material/esm/Check
Rounded.js (1:0): 
Module level 
directives cause 
errors when bundled, 
"use client" in "node
_modules/@mui/icons-m
aterial/esm/CheckRoun
ded.js" was ignored.
node_modules/@mui/ico
ns-material/esm/Check
list.js (1:0): 
Module level 
directives cause 
errors when bundled, 
"use client" in "node
_modules/@mui/icons-m
aterial/esm/Checklist
.js" was ignored.
node_modules/@mui/ico
ns-material/esm/Check
TwoTone.js (1:0): 
Module level 
directives cause 
errors when bundled, 
"use client" in "node
_modules/@mui/icons-m
aterial/esm/CheckTwoT
one.js" was ignored.
node_modules/@mui/ico
ns-material/esm/Check
listRtl.js (1:0): 
Module level 
directives cause 
errors when bundled, 
"use client" in "node
_modules/@mui/icons-m
aterial/esm/Checklist
Rtl.js" was ignored.
node_modules/@mui/ico
ns-material/esm/Check
listOutlined.js 
(1:0): Module level 
directives cause 
errors when bundled, 
"use client" in "node
_modules/@mui/icons-m
aterial/esm/Checklist
Outlined.js" was 
ignored.
node_modules/@mui/ico
ns-material/esm/Check
listRounded.js 
(1:0): Module level 
directives cause 
errors when bundled, 
"use client" in "node
_modules/@mui/icons-m
aterial/esm/Checklist
Rounded.js" was 
ignored.
node_modules/@mui/ico
ns-material/esm/Check
listRtlOutlined.js 
(1:0): Module level 
directives cause 
errors when bundled, 
"use client" in "node
_modules/@mui/icons-m
aterial/esm/Checklist
RtlOutlined.js" was 
ignored.
node_modules/@mui/ico
ns-material/esm/Check
listRtlRounded.js 
(1:0): Module level 
directives cause 
errors when bundled, 
"use client" in "node
_modules/@mui/icons-m
aterial/esm/Checklist
RtlRounded.js" was 
ignored.
node_modules/@mui/ico
ns-material/esm/Check
listRtlTwoTone.js 
(1:0): Module level 
directives cause 
errors when bundled, 
"use client" in "node
_modules/@mui/icons-m
aterial/esm/Checklist
RtlTwoTone.js" was 
ignored.
node_modules/@mui/ico
ns-material/esm/Check
listRtlSharp.js 
(1:0): Module level 
directives cause 
errors when bundled, 
"use client" in "node
_modules/@mui/icons-m
aterial/esm/Checklist
RtlSharp.js" was 
ignored.
node_modules/@mui/ico
ns-material/esm/Check
listTwoTone.js 
(1:0): Module level 
directives cause 
errors when bundled, 
"use client" in "node
_modules/@mui/icons-m
aterial/esm/Checklist
TwoTone.js" was 
ignored.
node_modules/@mui/ico
ns-material/esm/Check
listSharp.js (1:0): 
Module level 
directives cause 
errors when bundled, 
"use client" in "node
_modules/@mui/icons-m
aterial/esm/Checklist
Sharp.js" was 
ignored.
node_modules/@mui/ico
ns-material/esm/Check
roomOutlined.js 
(1:0): Module level 
directives cause 
errors when bundled, 
"use client" in "node
_modules/@mui/icons-m
aterial/esm/Checkroom
Outlined.js" was 
ignored.
node_modules/@mui/ico
ns-material/esm/Check
roomSharp.js (1:0): 
Module level 
directives cause 
errors when bundled, 
"use client" in "node
_modules/@mui/icons-m
aterial/esm/Checkroom
Sharp.js" was 
ignored.
node_modules/@mui/ico
ns-material/esm/Check
room.js (1:0): 
Module level 
directives cause 
errors when bundled, 
"use client" in "node
_modules/@mui/icons-m
aterial/esm/Checkroom
.js" was ignored.
node_modules/@mui/ico
ns-material/esm/Check
roomRounded.js 
(1:0): Module level 
directives cause 
errors when bundled, 
"use client" in "node
_modules/@mui/icons-m
aterial/esm/Checkroom
Rounded.js" was 
ignored.
node_modules/@mui/ico
ns-material/esm/Chevr
onLeft.js (1:0): 
Module level 
directives cause 
errors when bundled, 
"use client" in "node
_modules/@mui/icons-m
aterial/esm/ChevronLe
ft.js" was ignored.
node_modules/@mui/ico
ns-material/esm/Check
roomTwoTone.js 
(1:0): Module level 
directives cause 
errors when bundled, 
"use client" in "node
_modules/@mui/icons-m
aterial/esm/Checkroom
TwoTone.js" was 
ignored.
node_modules/@mui/ico
ns-material/esm/Chevr
onLeftOutlined.js 
(1:0): Module level 
directives cause 
errors when bundled, 
"use client" in "node
_modules/@mui/icons-m
aterial/esm/ChevronLe
ftOutlined.js" was 
ignored.
node_modules/@mui/ico
ns-material/esm/Chevr
onLeftTwoTone.js 
(1:0): Module level 
directives cause 
errors when bundled, 
"use client" in "node
_modules/@mui/icons-m
aterial/esm/ChevronLe
ftTwoTone.js" was 
ignored.
node_modules/@mui/ico
ns-material/esm/Chevr
onLeftRounded.js 
(1:0): Module level 
directives cause 
errors when bundled, 
"use client" in "node
_modules/@mui/icons-m
aterial/esm/ChevronLe
ftRounded.js" was 
ignored.
node_modules/@mui/ico
ns-material/esm/Chevr
onLeftSharp.js 
(1:0): Module level 
directives cause 
errors when bundled, 
"use client" in "node
_modules/@mui/icons-m
aterial/esm/ChevronLe
ftSharp.js" was 
ignored.
node_modules/@mui/ico
ns-material/esm/Chevr
onRight.js (1:0): 
Module level 
directives cause 
errors when bundled, 
"use client" in "node
_modules/@mui/icons-m
aterial/esm/ChevronRi
ght.js" was ignored.
node_modules/@mui/ico
ns-material/esm/Chevr
onRightSharp.js 
(1:0): Module level 
directives cause 
errors when bundled, 
"use client" in "node
_modules/@mui/icons-m
aterial/esm/ChevronRi
ghtSharp.js" was 
ignored.
node_modules/@mui/ico
ns-material/esm/Chevr
onRightRounded.js 
(1:0): Module level 
directives cause 
errors when bundled, 
"use client" in "node
_modules/@mui/icons-m
aterial/esm/ChevronRi
ghtRounded.js" was 
ignored.
node_modules/@mui/ico
ns-material/esm/Chevr
onRightOutlined.js 
(1:0): Module level 
directives cause 
errors when bundled, 
"use client" in "node
_modules/@mui/icons-m
aterial/esm/ChevronRi
ghtOutlined.js" was 
ignored.
node_modules/@mui/ico
ns-material/esm/Child
Care.js (1:0): 
Module level 
directives cause 
errors when bundled, 
"use client" in "node
_modules/@mui/icons-m
aterial/esm/ChildCare
.js" was ignored.
node_modules/@mui/ico
ns-material/esm/Chevr
onRightTwoTone.js 
(1:0): Module level 
directives cause 
errors when bundled, 
"use client" in "node
_modules/@mui/icons-m
aterial/esm/ChevronRi
ghtTwoTone.js" was 
ignored.
node_modules/@mui/ico
ns-material/esm/Child
CareSharp.js (1:0): 
Module level 
directives cause 
errors when bundled, 
"use client" in "node
_modules/@mui/icons-m
aterial/esm/ChildCare
Sharp.js" was 
ignored.
node_modules/@mui/ico
ns-material/esm/Child
CareRounded.js 
(1:0): Module level 
directives cause 
errors when bundled, 
"use client" in "node
_modules/@mui/icons-m
aterial/esm/ChildCare
Rounded.js" was 
ignored.
node_modules/@mui/ico
ns-material/esm/Child
CareTwoTone.js 
(1:0): Module level 
directives cause 
errors when bundled, 
"use client" in "node
_modules/@mui/icons-m
aterial/esm/ChildCare
TwoTone.js" was 
ignored.
node_modules/@mui/ico
ns-material/esm/Child
CareOutlined.js 
(1:0): Module level 
directives cause 
errors when bundled, 
"use client" in "node
_modules/@mui/icons-m
aterial/esm/ChildCare
Outlined.js" was 
ignored.
node_modules/@mui/ico
ns-material/esm/Child
Friendly.js (1:0): 
Module level 
directives cause 
errors when bundled, 
"use client" in "node
_modules/@mui/icons-m
aterial/esm/ChildFrie
ndly.js" was ignored.
node_modules/@mui/ico
ns-material/esm/Child
FriendlyRounded.js 
(1:0): Module level 
directives cause 
errors when bundled, 
"use client" in "node
_modules/@mui/icons-m
aterial/esm/ChildFrie
ndlyRounded.js" was 
ignored.
node_modules/@mui/ico
ns-material/esm/Child
FriendlySharp.js 
(1:0): Module level 
directives cause 
errors when bundled, 
"use client" in "node
_modules/@mui/icons-m
aterial/esm/ChildFrie
ndlySharp.js" was 
ignored.
node_modules/@mui/ico
ns-material/esm/Child
FriendlyOutlined.js 
(1:0): Module level 
directives cause 
errors when bundled, 
"use client" in "node
_modules/@mui/icons-m
aterial/esm/ChildFrie
ndlyOutlined.js" was 
ignored.
node_modules/@mui/ico
ns-material/esm/Chrom
eReaderMode.js 
(1:0): Module level 
directives cause 
errors when bundled, 
"use client" in "node
_modules/@mui/icons-m
aterial/esm/ChromeRea
derMode.js" was 
ignored.
node_modules/@mui/ico
ns-material/esm/Chrom
eReaderModeOutlined.j
s (1:0): Module 
level directives 
cause errors when 
bundled, "use 
client" in "node_modu
les/@mui/icons-materi
al/esm/ChromeReaderMo
deOutlined.js" was 
ignored.
node_modules/@mui/ico
ns-material/esm/Child
FriendlyTwoTone.js 
(1:0): Module level 
directives cause 
errors when bundled, 
"use client" in "node
_modules/@mui/icons-m
aterial/esm/ChildFrie
ndlyTwoTone.js" was 
ignored.
node_modules/@mui/ico
ns-material/esm/Chrom
eReaderModeSharp.js 
(1:0): Module level 
directives cause 
errors when bundled, 
"use client" in "node
_modules/@mui/icons-m
aterial/esm/ChromeRea
derModeSharp.js" was 
ignored.
node_modules/@mui/ico
ns-material/esm/Chrom
eReaderModeRounded.js
 (1:0): Module level 
directives cause 
errors when bundled, 
"use client" in "node
_modules/@mui/icons-m
aterial/esm/ChromeRea
derModeRounded.js" 
was ignored.
node_modules/@mui/ico
ns-material/esm/Churc
h.js (1:0): Module 
level directives 
cause errors when 
bundled, "use 
client" in "node_modu
les/@mui/icons-materi
al/esm/Church.js" 
was ignored.
node_modules/@mui/ico
ns-material/esm/Churc
hOutlined.js (1:0): 
Module level 
directives cause 
errors when bundled, 
"use client" in "node
_modules/@mui/icons-m
aterial/esm/ChurchOut
lined.js" was 
ignored.
node_modules/@mui/ico
ns-material/esm/Churc
hRounded.js (1:0): 
Module level 
directives cause 
errors when bundled, 
"use client" in "node
_modules/@mui/icons-m
aterial/esm/ChurchRou
nded.js" was ignored.
node_modules/@mui/ico
ns-material/esm/Churc
hTwoTone.js (1:0): 
Module level 
directives cause 
errors when bundled, 
"use client" in "node
_modules/@mui/icons-m
aterial/esm/ChurchTwo
Tone.js" was ignored.
node_modules/@mui/ico
ns-material/esm/Chrom
eReaderModeTwoTone.js
 (1:0): Module level 
directives cause 
errors when bundled, 
"use client" in "node
_modules/@mui/icons-m
aterial/esm/ChromeRea
derModeTwoTone.js" 
was ignored.
node_modules/@mui/ico
ns-material/esm/Churc
hSharp.js (1:0): 
Module level 
directives cause 
errors when bundled, 
"use client" in "node
_modules/@mui/icons-m
aterial/esm/ChurchSha
rp.js" was ignored.
node_modules/@mui/ico
ns-material/esm/Circl
eNotifications.js 
(1:0): Module level 
directives cause 
errors when bundled, 
"use client" in "node
_modules/@mui/icons-m
aterial/esm/CircleNot
ifications.js" was 
ignored.
node_modules/@mui/ico
ns-material/esm/Circl
eNotificationsOutline
d.js (1:0): Module 
level directives 
cause errors when 
bundled, "use 
client" in "node_modu
les/@mui/icons-materi
al/esm/CircleNotifica
tionsOutlined.js" 
was ignored.
node_modules/@mui/ico
ns-material/esm/Circl
eNotificationsSharp.j
s (1:0): Module 
level directives 
cause errors when 
bundled, "use 
client" in "node_modu
les/@mui/icons-materi
al/esm/CircleNotifica
tionsSharp.js" was 
ignored.
node_modules/@mui/ico
ns-material/esm/Circl
eOutlined.js (1:0): 
Module level 
directives cause 
errors when bundled, 
"use client" in "node
_modules/@mui/icons-m
aterial/esm/CircleOut
lined.js" was 
ignored.
node_modules/@mui/ico
ns-material/esm/Circl
eNotificationsTwoTone
.js (1:0): Module 
level directives 
cause errors when 
bundled, "use 
client" in "node_modu
les/@mui/icons-materi
al/esm/CircleNotifica
tionsTwoTone.js" was 
ignored.
node_modules/@mui/ico
ns-material/esm/Circl
e.js (1:0): Module 
level directives 
cause errors when 
bundled, "use 
client" in "node_modu
les/@mui/icons-materi
al/esm/Circle.js" 
was ignored.
node_modules/@mui/ico
ns-material/esm/Circl
eSharp.js (1:0): 
Module level 
directives cause 
errors when bundled, 
"use client" in "node
_modules/@mui/icons-m
aterial/esm/CircleSha
rp.js" was ignored.
node_modules/@mui/ico
ns-material/esm/Circl
eRounded.js (1:0): 
Module level 
directives cause 
errors when bundled, 
"use client" in "node
_modules/@mui/icons-m
aterial/esm/CircleRou
nded.js" was ignored.
node_modules/@mui/ico
ns-material/esm/Circl
eNotificationsRounded
.js (1:0): Module 
level directives 
cause errors when 
bundled, "use 
client" in "node_modu
les/@mui/icons-materi
al/esm/CircleNotifica
tionsRounded.js" was 
ignored.
node_modules/@mui/ico
ns-material/esm/Circl
eTwoTone.js (1:0): 
Module level 
directives cause 
errors when bundled, 
"use client" in "node
_modules/@mui/icons-m
aterial/esm/CircleTwo
Tone.js" was ignored.
node_modules/@mui/ico
ns-material/esm/Class
Outlined.js (1:0): 
Module level 
directives cause 
errors when bundled, 
"use client" in "node
_modules/@mui/icons-m
aterial/esm/ClassOutl
ined.js" was ignored.
node_modules/@mui/ico
ns-material/esm/Class
.js (1:0): Module 
level directives 
cause errors when 
bundled, "use 
client" in "node_modu
les/@mui/icons-materi
al/esm/Class.js" was 
ignored.
node_modules/@mui/ico
ns-material/esm/Class
TwoTone.js (1:0): 
Module level 
directives cause 
errors when bundled, 
"use client" in "node
_modules/@mui/icons-m
aterial/esm/ClassTwoT
one.js" was ignored.
node_modules/@mui/ico
ns-material/esm/Class
Rounded.js (1:0): 
Module level 
directives cause 
errors when bundled, 
"use client" in "node
_modules/@mui/icons-m
aterial/esm/ClassRoun
ded.js" was ignored.
node_modules/@mui/ico
ns-material/esm/Class
Sharp.js (1:0): 
Module level 
directives cause 
errors when bundled, 
"use client" in "node
_modules/@mui/icons-m
aterial/esm/ClassShar
p.js" was ignored.
node_modules/@mui/ico
ns-material/esm/Clean
HandsOutlined.js 
(1:0): Module level 
directives cause 
errors when bundled, 
"use client" in "node
_modules/@mui/icons-m
aterial/esm/CleanHand
sOutlined.js" was 
ignored.
node_modules/@mui/ico
ns-material/esm/Clean
Hands.js (1:0): 
Module level 
directives cause 
errors when bundled, 
"use client" in "node
_modules/@mui/icons-m
aterial/esm/CleanHand
s.js" was ignored.
node_modules/@mui/ico
ns-material/esm/Clean
HandsSharp.js (1:0): 
Module level 
directives cause 
errors when bundled, 
"use client" in "node
_modules/@mui/icons-m
aterial/esm/CleanHand
sSharp.js" was 
ignored.
node_modules/@mui/ico
ns-material/esm/Clean
HandsRounded.js 
(1:0): Module level 
directives cause 
errors when bundled, 
"use client" in "node
_modules/@mui/icons-m
aterial/esm/CleanHand
sRounded.js" was 
ignored.
node_modules/@mui/ico
ns-material/esm/Clean
HandsTwoTone.js 
(1:0): Module level 
directives cause 
errors when bundled, 
"use client" in "node
_modules/@mui/icons-m
aterial/esm/CleanHand
sTwoTone.js" was 
ignored.
node_modules/@mui/ico
ns-material/esm/Clean
ingServices.js 
(1:0): Module level 
directives cause 
errors when bundled, 
"use client" in "node
_modules/@mui/icons-m
aterial/esm/CleaningS
ervices.js" was 
ignored.
node_modules/@mui/ico
ns-material/esm/Clean
ingServicesOutlined.j
s (1:0): Module 
level directives 
cause errors when 
bundled, "use 
client" in "node_modu
les/@mui/icons-materi
al/esm/CleaningServic
esOutlined.js" was 
ignored.
node_modules/@mui/ico
ns-material/esm/Clean
ingServicesRounded.js
 (1:0): Module level 
directives cause 
errors when bundled, 
"use client" in "node
_modules/@mui/icons-m
aterial/esm/CleaningS
ervicesRounded.js" 
was ignored.
node_modules/@mui/ico
ns-material/esm/Clean
ingServicesSharp.js 
(1:0): Module level 
directives cause 
errors when bundled, 
"use client" in "node
_modules/@mui/icons-m
aterial/esm/CleaningS
ervicesSharp.js" was 
ignored.
node_modules/@mui/ico
ns-material/esm/Clear
.js (1:0): Module 
level directives 
cause errors when 
bundled, "use 
client" in "node_modu
les/@mui/icons-materi
al/esm/Clear.js" was 
ignored.
node_modules/@mui/ico
ns-material/esm/Clean
ingServicesTwoTone.js
 (1:0): Module level 
directives cause 
errors when bundled, 
"use client" in "node
_modules/@mui/icons-m
aterial/esm/CleaningS
ervicesTwoTone.js" 
was ignored.
node_modules/@mui/ico
ns-material/esm/Clear
All.js (1:0): Module 
level directives 
cause errors when 
bundled, "use 
client" in "node_modu
les/@mui/icons-materi
al/esm/ClearAll.js" 
was ignored.
node_modules/@mui/ico
ns-material/esm/Clear
AllOutlined.js 
(1:0): Module level 
directives cause 
errors when bundled, 
"use client" in "node
_modules/@mui/icons-m
aterial/esm/ClearAllO
utlined.js" was 
ignored.
node_modules/@mui/ico
ns-material/esm/Clear
AllRounded.js (1:0): 
Module level 
directives cause 
errors when bundled, 
"use client" in "node
_modules/@mui/icons-m
aterial/esm/ClearAllR
ounded.js" was 
ignored.
node_modules/@mui/ico
ns-material/esm/Clear
AllSharp.js (1:0): 
Module level 
directives cause 
errors when bundled, 
"use client" in "node
_modules/@mui/icons-m
aterial/esm/ClearAllS
harp.js" was ignored.
node_modules/@mui/ico
ns-material/esm/Clear
AllTwoTone.js (1:0): 
Module level 
directives cause 
errors when bundled, 
"use client" in "node
_modules/@mui/icons-m
aterial/esm/ClearAllT
woTone.js" was 
ignored.
node_modules/@mui/ico
ns-material/esm/Clear
Outlined.js (1:0): 
Module level 
directives cause 
errors when bundled, 
"use client" in "node
_modules/@mui/icons-m
aterial/esm/ClearOutl
ined.js" was ignored.
node_modules/@mui/ico
ns-material/esm/Clear
TwoTone.js (1:0): 
Module level 
directives cause 
errors when bundled, 
"use client" in "node
_modules/@mui/icons-m
aterial/esm/ClearTwoT
one.js" was ignored.
node_modules/@mui/ico
ns-material/esm/Close
Fullscreen.js (1:0): 
Module level 
directives cause 
errors when bundled, 
"use client" in "node
_modules/@mui/icons-m
aterial/esm/CloseFull
screen.js" was 
ignored.
node_modules/@mui/ico
ns-material/esm/Close
.js (1:0): Module 
level directives 
cause errors when 
bundled, "use 
client" in "node_modu
les/@mui/icons-materi
al/esm/Close.js" was 
ignored.
node_modules/@mui/ico
ns-material/esm/Close
FullscreenRounded.js 
(1:0): Module level 
directives cause 
errors when bundled, 
"use client" in "node
_modules/@mui/icons-m
aterial/esm/CloseFull
screenRounded.js" 
was ignored.
node_modules/@mui/ico
ns-material/esm/Close
FullscreenOutlined.js
 (1:0): Module level 
directives cause 
errors when bundled, 
"use client" in "node
_modules/@mui/icons-m
aterial/esm/CloseFull
screenOutlined.js" 
was ignored.
node_modules/@mui/ico
ns-material/esm/Clear
Rounded.js (1:0): 
Module level 
directives cause 
errors when bundled, 
"use client" in "node
_modules/@mui/icons-m
aterial/esm/ClearRoun
ded.js" was ignored.
node_modules/@mui/ico
ns-material/esm/Clear
Sharp.js (1:0): 
Module level 
directives cause 
errors when bundled, 
"use client" in "node
_modules/@mui/icons-m
aterial/esm/ClearShar
p.js" was ignored.
node_modules/@mui/ico
ns-material/esm/Close
FullscreenSharp.js 
(1:0): Module level 
directives cause 
errors when bundled, 
"use client" in "node
_modules/@mui/icons-m
aterial/esm/CloseFull
screenSharp.js" was 
ignored.
node_modules/@mui/ico
ns-material/esm/Close
Sharp.js (1:0): 
Module level 
directives cause 
errors when bundled, 
"use client" in "node
_modules/@mui/icons-m
aterial/esm/CloseShar
p.js" was ignored.
node_modules/@mui/ico
ns-material/esm/Close
FullscreenTwoTone.js 
(1:0): Module level 
directives cause 
errors when bundled, 
"use client" in "node
_modules/@mui/icons-m
aterial/esm/CloseFull
screenTwoTone.js" 
was ignored.
node_modules/@mui/ico
ns-material/esm/Close
Outlined.js (1:0): 
Module level 
directives cause 
errors when bundled, 
"use client" in "node
_modules/@mui/icons-m
aterial/esm/CloseOutl
ined.js" was ignored.
node_modules/@mui/ico
ns-material/esm/Close
Rounded.js (1:0): 
Module level 
directives cause 
errors when bundled, 
"use client" in "node
_modules/@mui/icons-m
aterial/esm/CloseRoun
ded.js" was ignored.
node_modules/@mui/ico
ns-material/esm/Close
TwoTone.js (1:0): 
Module level 
directives cause 
errors when bundled, 
"use client" in "node
_modules/@mui/icons-m
aterial/esm/CloseTwoT
one.js" was ignored.
node_modules/@mui/ico
ns-material/esm/Close
dCaptionDisabledRound
ed.js (1:0): Module 
level directives 
cause errors when 
bundled, "use 
client" in "node_modu
les/@mui/icons-materi
al/esm/ClosedCaptionD
isabledRounded.js" 
was ignored.
node_modules/@mui/ico
ns-material/esm/Close
dCaption.js (1:0): 
Module level 
directives cause 
errors when bundled, 
"use client" in "node
_modules/@mui/icons-m
aterial/esm/ClosedCap
tion.js" was ignored.
node_modules/@mui/ico
ns-material/esm/Close
dCaptionDisabledSharp
.js (1:0): Module 
level directives 
cause errors when 
bundled, "use 
client" in "node_modu
les/@mui/icons-materi
al/esm/ClosedCaptionD
isabledSharp.js" was 
ignored.
node_modules/@mui/ico
ns-material/esm/Close
dCaptionDisabledOutli
ned.js (1:0): Module 
level directives 
cause errors when 
bundled, "use 
client" in "node_modu
les/@mui/icons-materi
al/esm/ClosedCaptionD
isabledOutlined.js" 
was ignored.
node_modules/@mui/ico
ns-material/esm/Close
dCaptionOff.js 
(1:0): Module level 
directives cause 
errors when bundled, 
"use client" in "node
_modules/@mui/icons-m
aterial/esm/ClosedCap
tionOff.js" was 
ignored.
node_modules/@mui/ico
ns-material/esm/Close
dCaptionOffRounded.js
 (1:0): Module level 
directives cause 
errors when bundled, 
"use client" in "node
_modules/@mui/icons-m
aterial/esm/ClosedCap
tionOffRounded.js" 
was ignored.
node_modules/@mui/ico
ns-material/esm/Close
dCaptionOffTwoTone.js
 (1:0): Module level 
directives cause 
errors when bundled, 
"use client" in "node
_modules/@mui/icons-m
aterial/esm/ClosedCap
tionOffTwoTone.js" 
was ignored.
node_modules/@mui/ico
ns-material/esm/Close
dCaptionOffOutlined.j
s (1:0): Module 
level directives 
cause errors when 
bundled, "use 
client" in "node_modu
les/@mui/icons-materi
al/esm/ClosedCaptionO
ffOutlined.js" was 
ignored.
node_modules/@mui/ico
ns-material/esm/Close
dCaptionDisabledTwoTo
ne.js (1:0): Module 
level directives 
cause errors when 
bundled, "use 
client" in "node_modu
les/@mui/icons-materi
al/esm/ClosedCaptionD
isabledTwoTone.js" 
was ignored.
node_modules/@mui/ico
ns-material/esm/Close
dCaptionOffSharp.js 
(1:0): Module level 
directives cause 
errors when bundled, 
"use client" in "node
_modules/@mui/icons-m
aterial/esm/ClosedCap
tionOffSharp.js" was 
ignored.
node_modules/@mui/ico
ns-material/esm/Close
dCaptionDisabled.js 
(1:0): Module level 
directives cause 
errors when bundled, 
"use client" in "node
_modules/@mui/icons-m
aterial/esm/ClosedCap
tionDisabled.js" was 
ignored.
node_modules/@mui/ico
ns-material/esm/Close
dCaptionRounded.js 
(1:0): Module level 
directives cause 
errors when bundled, 
"use client" in "node
_modules/@mui/icons-m
aterial/esm/ClosedCap
tionRounded.js" was 
ignored.
node_modules/@mui/ico
ns-material/esm/Close
dCaptionTwoTone.js 
(1:0): Module level 
directives cause 
errors when bundled, 
"use client" in "node
_modules/@mui/icons-m
aterial/esm/ClosedCap
tionTwoTone.js" was 
ignored.
node_modules/@mui/ico
ns-material/esm/Close
dCaptionOutlined.js 
(1:0): Module level 
directives cause 
errors when bundled, 
"use client" in "node
_modules/@mui/icons-m
aterial/esm/ClosedCap
tionOutlined.js" was 
ignored.
node_modules/@mui/ico
ns-material/esm/Cloud
Circle.js (1:0): 
Module level 
directives cause 
errors when bundled, 
"use client" in "node
_modules/@mui/icons-m
aterial/esm/CloudCirc
le.js" was ignored.
node_modules/@mui/ico
ns-material/esm/Cloud
.js (1:0): Module 
level directives 
cause errors when 
bundled, "use 
client" in "node_modu
les/@mui/icons-materi
al/esm/Cloud.js" was 
ignored.
node_modules/@mui/ico
ns-material/esm/Close
dCaptionSharp.js 
(1:0): Module level 
directives cause 
errors when bundled, 
"use client" in "node
_modules/@mui/icons-m
aterial/esm/ClosedCap
tionSharp.js" was 
ignored.
node_modules/@mui/ico
ns-material/esm/Cloud
CircleRounded.js 
(1:0): Module level 
directives cause 
errors when bundled, 
"use client" in "node
_modules/@mui/icons-m
aterial/esm/CloudCirc
leRounded.js" was 
ignored.
node_modules/@mui/ico
ns-material/esm/Cloud
CircleOutlined.js 
(1:0): Module level 
directives cause 
errors when bundled, 
"use client" in "node
_modules/@mui/icons-m
aterial/esm/CloudCirc
leOutlined.js" was 
ignored.
node_modules/@mui/ico
ns-material/esm/Cloud
DoneOutlined.js 
(1:0): Module level 
directives cause 
errors when bundled, 
"use client" in "node
_modules/@mui/icons-m
aterial/esm/CloudDone
Outlined.js" was 
ignored.
node_modules/@mui/ico
ns-material/esm/Cloud
CircleTwoTone.js 
(1:0): Module level 
directives cause 
errors when bundled, 
"use client" in "node
_modules/@mui/icons-m
aterial/esm/CloudCirc
leTwoTone.js" was 
ignored.
node_modules/@mui/ico
ns-material/esm/Cloud
CircleSharp.js 
(1:0): Module level 
directives cause 
errors when bundled, 
"use client" in "node
_modules/@mui/icons-m
aterial/esm/CloudCirc
leSharp.js" was 
ignored.
node_modules/@mui/ico
ns-material/esm/Cloud
Done.js (1:0): 
Module level 
directives cause 
errors when bundled, 
"use client" in "node
_modules/@mui/icons-m
aterial/esm/CloudDone
.js" was ignored.
node_modules/@mui/ico
ns-material/esm/Cloud
DoneSharp.js (1:0): 
Module level 
directives cause 
errors when bundled, 
"use client" in "node
_modules/@mui/icons-m
aterial/esm/CloudDone
Sharp.js" was 
ignored.
node_modules/@mui/ico
ns-material/esm/Cloud
DoneRounded.js 
(1:0): Module level 
directives cause 
errors when bundled, 
"use client" in "node
_modules/@mui/icons-m
aterial/esm/CloudDone
Rounded.js" was 
ignored.
node_modules/@mui/ico
ns-material/esm/Cloud
DownloadOutlined.js 
(1:0): Module level 
directives cause 
errors when bundled, 
"use client" in "node
_modules/@mui/icons-m
aterial/esm/CloudDown
loadOutlined.js" was 
ignored.
node_modules/@mui/ico
ns-material/esm/Cloud
Download.js (1:0): 
Module level 
directives cause 
errors when bundled, 
"use client" in "node
_modules/@mui/icons-m
aterial/esm/CloudDown
load.js" was ignored.
node_modules/@mui/ico
ns-material/esm/Cloud
DownloadRounded.js 
(1:0): Module level 
directives cause 
errors when bundled, 
"use client" in "node
_modules/@mui/icons-m
aterial/esm/CloudDown
loadRounded.js" was 
ignored.
node_modules/@mui/ico
ns-material/esm/Cloud
DownloadTwoTone.js 
(1:0): Module level 
directives cause 
errors when bundled, 
"use client" in "node
_modules/@mui/icons-m
aterial/esm/CloudDown
loadTwoTone.js" was 
ignored.
node_modules/@mui/ico
ns-material/esm/Cloud
DownloadSharp.js 
(1:0): Module level 
directives cause 
errors when bundled, 
"use client" in "node
_modules/@mui/icons-m
aterial/esm/CloudDown
loadSharp.js" was 
ignored.
node_modules/@mui/ico
ns-material/esm/Cloud
OffRounded.js (1:0): 
Module level 
directives cause 
errors when bundled, 
"use client" in "node
_modules/@mui/icons-m
aterial/esm/CloudOffR
ounded.js" was 
ignored.
node_modules/@mui/ico
ns-material/esm/Cloud
Off.js (1:0): Module 
level directives 
cause errors when 
bundled, "use 
client" in "node_modu
les/@mui/icons-materi
al/esm/CloudOff.js" 
was ignored.
node_modules/@mui/ico
ns-material/esm/Cloud
DoneTwoTone.js 
(1:0): Module level 
directives cause 
errors when bundled, 
"use client" in "node
_modules/@mui/icons-m
aterial/esm/CloudDone
TwoTone.js" was 
ignored.
node_modules/@mui/ico
ns-material/esm/Cloud
OffSharp.js (1:0): 
Module level 
directives cause 
errors when bundled, 
"use client" in "node
_modules/@mui/icons-m
aterial/esm/CloudOffS
harp.js" was ignored.
node_modules/@mui/ico
ns-material/esm/Cloud
OffOutlined.js 
(1:0): Module level 
directives cause 
errors when bundled, 
"use client" in "node
_modules/@mui/icons-m
aterial/esm/CloudOffO
utlined.js" was 
ignored.
node_modules/@mui/ico
ns-material/esm/Cloud
Outlined.js (1:0): 
Module level 
directives cause 
errors when bundled, 
"use client" in "node
_modules/@mui/icons-m
aterial/esm/CloudOutl
ined.js" was ignored.
node_modules/@mui/ico
ns-material/esm/Cloud
QueueOutlined.js 
(1:0): Module level 
directives cause 
errors when bundled, 
"use client" in "node
_modules/@mui/icons-m
aterial/esm/CloudQueu
eOutlined.js" was 
ignored.
node_modules/@mui/ico
ns-material/esm/Cloud
OffTwoTone.js (1:0): 
Module level 
directives cause 
errors when bundled, 
"use client" in "node
_modules/@mui/icons-m
aterial/esm/CloudOffT
woTone.js" was 
ignored.
node_modules/@mui/ico
ns-material/esm/Cloud
QueueRounded.js 
(1:0): Module level 
directives cause 
errors when bundled, 
"use client" in "node
_modules/@mui/icons-m
aterial/esm/CloudQueu
eRounded.js" was 
ignored.
node_modules/@mui/ico
ns-material/esm/Cloud
QueueTwoTone.js 
(1:0): Module level 
directives cause 
errors when bundled, 
"use client" in "node
_modules/@mui/icons-m
aterial/esm/CloudQueu
eTwoTone.js" was 
ignored.
node_modules/@mui/ico
ns-material/esm/Cloud
Queue.js (1:0): 
Module level 
directives cause 
errors when bundled, 
"use client" in "node
_modules/@mui/icons-m
aterial/esm/CloudQueu
e.js" was ignored.
node_modules/@mui/ico
ns-material/esm/Cloud
QueueSharp.js (1:0): 
Module level 
directives cause 
errors when bundled, 
"use client" in "node
_modules/@mui/icons-m
aterial/esm/CloudQueu
eSharp.js" was 
ignored.
node_modules/@mui/ico
ns-material/esm/Cloud
Rounded.js (1:0): 
Module level 
directives cause 
errors when bundled, 
"use client" in "node
_modules/@mui/icons-m
aterial/esm/CloudRoun
ded.js" was ignored.
node_modules/@mui/ico
ns-material/esm/Cloud
Sharp.js (1:0): 
Module level 
directives cause 
errors when bundled, 
"use client" in "node
_modules/@mui/icons-m
aterial/esm/CloudShar
p.js" was ignored.
node_modules/@mui/ico
ns-material/esm/Cloud
SyncOutlined.js 
(1:0): Module level 
directives cause 
errors when bundled, 
"use client" in "node
_modules/@mui/icons-m
aterial/esm/CloudSync
Outlined.js" was 
ignored.
node_modules/@mui/ico
ns-material/esm/Cloud
Sync.js (1:0): 
Module level 
directives cause 
errors when bundled, 
"use client" in "node
_modules/@mui/icons-m
aterial/esm/CloudSync
.js" was ignored.
node_modules/@mui/ico
ns-material/esm/Cloud
SyncRounded.js 
(1:0): Module level 
directives cause 
errors when bundled, 
"use client" in "node
_modules/@mui/icons-m
aterial/esm/CloudSync
Rounded.js" was 
ignored.
node_modules/@mui/ico
ns-material/esm/Cloud
SyncSharp.js (1:0): 
Module level 
directives cause 
errors when bundled, 
"use client" in "node
_modules/@mui/icons-m
aterial/esm/CloudSync
Sharp.js" was 
ignored.
node_modules/@mui/ico
ns-material/esm/Cloud
TwoTone.js (1:0): 
Module level 
directives cause 
errors when bundled, 
"use client" in "node
_modules/@mui/icons-m
aterial/esm/CloudTwoT
one.js" was ignored.
node_modules/@mui/ico
ns-material/esm/Cloud
SyncTwoTone.js 
(1:0): Module level 
directives cause 
errors when bundled, 
"use client" in "node
_modules/@mui/icons-m
aterial/esm/CloudSync
TwoTone.js" was 
ignored.
node_modules/@mui/ico
ns-material/esm/Cloud
Upload.js (1:0): 
Module level 
directives cause 
errors when bundled, 
"use client" in "node
_modules/@mui/icons-m
aterial/esm/CloudUplo
ad.js" was ignored.
node_modules/@mui/ico
ns-material/esm/Cloud
UploadOutlined.js 
(1:0): Module level 
directives cause 
errors when bundled, 
"use client" in "node
_modules/@mui/icons-m
aterial/esm/CloudUplo
adOutlined.js" was 
ignored.
node_modules/@mui/ico
ns-material/esm/Cloud
UploadRounded.js 
(1:0): Module level 
directives cause 
errors when bundled, 
"use client" in "node
_modules/@mui/icons-m
aterial/esm/CloudUplo
adRounded.js" was 
ignored.
node_modules/@mui/ico
ns-material/esm/Co2.j
s (1:0): Module 
level directives 
cause errors when 
bundled, "use 
client" in "node_modu
les/@mui/icons-materi
al/esm/Co2.js" was 
ignored.
node_modules/@mui/ico
ns-material/esm/Cloud
UploadTwoTone.js 
(1:0): Module level 
directives cause 
errors when bundled, 
"use client" in "node
_modules/@mui/icons-m
aterial/esm/CloudUplo
adTwoTone.js" was 
ignored.
node_modules/@mui/ico
ns-material/esm/Cloud
UploadSharp.js 
(1:0): Module level 
directives cause 
errors when bundled, 
"use client" in "node
_modules/@mui/icons-m
aterial/esm/CloudUplo
adSharp.js" was 
ignored.
node_modules/@mui/ico
ns-material/esm/Co2Ou
tlined.js (1:0): 
Module level 
directives cause 
errors when bundled, 
"use client" in "node
_modules/@mui/icons-m
aterial/esm/Co2Outlin
ed.js" was ignored.
node_modules/@mui/ico
ns-material/esm/Co2Ro
unded.js (1:0): 
Module level 
directives cause 
errors when bundled, 
"use client" in "node
_modules/@mui/icons-m
aterial/esm/Co2Rounde
d.js" was ignored.
node_modules/@mui/ico
ns-material/esm/Co2Tw
oTone.js (1:0): 
Module level 
directives cause 
errors when bundled, 
"use client" in "node
_modules/@mui/icons-m
aterial/esm/Co2TwoTon
e.js" was ignored.
node_modules/@mui/ico
ns-material/esm/Co2Sh
arp.js (1:0): Module 
level directives 
cause errors when 
bundled, "use 
client" in "node_modu
les/@mui/icons-materi
al/esm/Co2Sharp.js" 
was ignored.
node_modules/@mui/ico
ns-material/esm/CoPre
sentOutlined.js 
(1:0): Module level 
directives cause 
errors when bundled, 
"use client" in "node
_modules/@mui/icons-m
aterial/esm/CoPresent
Outlined.js" was 
ignored.
node_modules/@mui/ico
ns-material/esm/CoPre
sent.js (1:0): 
Module level 
directives cause 
errors when bundled, 
"use client" in "node
_modules/@mui/icons-m
aterial/esm/CoPresent
.js" was ignored.
node_modules/@mui/ico
ns-material/esm/CoPre
sentRounded.js 
(1:0): Module level 
directives cause 
errors when bundled, 
"use client" in "node
_modules/@mui/icons-m
aterial/esm/CoPresent
Rounded.js" was 
ignored.
node_modules/@mui/ico
ns-material/esm/CoPre
sentTwoTone.js 
(1:0): Module level 
directives cause 
errors when bundled, 
"use client" in "node
_modules/@mui/icons-m
aterial/esm/CoPresent
TwoTone.js" was 
ignored.
node_modules/@mui/ico
ns-material/esm/Code.
js (1:0): Module 
level directives 
cause errors when 
bundled, "use 
client" in "node_modu
les/@mui/icons-materi
al/esm/Code.js" was 
ignored.
node_modules/@mui/ico
ns-material/esm/CodeO
ffRounded.js (1:0): 
Module level 
directives cause 
errors when bundled, 
"use client" in "node
_modules/@mui/icons-m
aterial/esm/CodeOffRo
unded.js" was 
ignored.
node_modules/@mui/ico
ns-material/esm/CoPre
sentSharp.js (1:0): 
Module level 
directives cause 
errors when bundled, 
"use client" in "node
_modules/@mui/icons-m
aterial/esm/CoPresent
Sharp.js" was 
ignored.
node_modules/@mui/ico
ns-material/esm/CodeO
ff.js (1:0): Module 
level directives 
cause errors when 
bundled, "use 
client" in "node_modu
les/@mui/icons-materi
al/esm/CodeOff.js" 
was ignored.
node_modules/@mui/ico
ns-material/esm/CodeO
ffOutlined.js (1:0): 
Module level 
directives cause 
errors when bundled, 
"use client" in "node
_modules/@mui/icons-m
aterial/esm/CodeOffOu
tlined.js" was 
ignored.
node_modules/@mui/ico
ns-material/esm/CodeO
ffSharp.js (1:0): 
Module level 
directives cause 
errors when bundled, 
"use client" in "node
_modules/@mui/icons-m
aterial/esm/CodeOffSh
arp.js" was ignored.
node_modules/@mui/ico
ns-material/esm/CodeR
ounded.js (1:0): 
Module level 
directives cause 
errors when bundled, 
"use client" in "node
_modules/@mui/icons-m
aterial/esm/CodeRound
ed.js" was ignored.
node_modules/@mui/ico
ns-material/esm/CodeO
utlined.js (1:0): 
Module level 
directives cause 
errors when bundled, 
"use client" in "node
_modules/@mui/icons-m
aterial/esm/CodeOutli
ned.js" was ignored.
node_modules/@mui/ico
ns-material/esm/CodeS
harp.js (1:0): 
Module level 
directives cause 
errors when bundled, 
"use client" in "node
_modules/@mui/icons-m
aterial/esm/CodeSharp
.js" was ignored.
node_modules/@mui/ico
ns-material/esm/Coffe
e.js (1:0): Module 
level directives 
cause errors when 
bundled, "use 
client" in "node_modu
les/@mui/icons-materi
al/esm/Coffee.js" 
was ignored.
node_modules/@mui/ico
ns-material/esm/Coffe
eMakerOutlined.js 
(1:0): Module level 
directives cause 
errors when bundled, 
"use client" in "node
_modules/@mui/icons-m
aterial/esm/CoffeeMak
erOutlined.js" was 
ignored.
node_modules/@mui/ico
ns-material/esm/CodeO
ffTwoTone.js (1:0): 
Module level 
directives cause 
errors when bundled, 
"use client" in "node
_modules/@mui/icons-m
aterial/esm/CodeOffTw
oTone.js" was 
ignored.
node_modules/@mui/ico
ns-material/esm/CodeT
woTone.js (1:0): 
Module level 
directives cause 
errors when bundled, 
"use client" in "node
_modules/@mui/icons-m
aterial/esm/CodeTwoTo
ne.js" was ignored.
node_modules/@mui/ico
ns-material/esm/Coffe
eMakerSharp.js 
(1:0): Module level 
directives cause 
errors when bundled, 
"use client" in "node
_modules/@mui/icons-m
aterial/esm/CoffeeMak
erSharp.js" was 
ignored.
node_modules/@mui/ico
ns-material/esm/Coffe
eMakerRounded.js 
(1:0): Module level 
directives cause 
errors when bundled, 
"use client" in "node
_modules/@mui/icons-m
aterial/esm/CoffeeMak
erRounded.js" was 
ignored.
node_modules/@mui/ico
ns-material/esm/Coffe
eOutlined.js (1:0): 
Module level 
directives cause 
errors when bundled, 
"use client" in "node
_modules/@mui/icons-m
aterial/esm/CoffeeOut
lined.js" was 
ignored.
node_modules/@mui/ico
ns-material/esm/Coffe
eMakerTwoTone.js 
(1:0): Module level 
directives cause 
errors when bundled, 
"use client" in "node
_modules/@mui/icons-m
aterial/esm/CoffeeMak
erTwoTone.js" was 
ignored.
node_modules/@mui/ico
ns-material/esm/Coffe
eMaker.js (1:0): 
Module level 
directives cause 
errors when bundled, 
"use client" in "node
_modules/@mui/icons-m
aterial/esm/CoffeeMak
er.js" was ignored.
node_modules/@mui/ico
ns-material/esm/Coffe
eSharp.js (1:0): 
Module level 
directives cause 
errors when bundled, 
"use client" in "node
_modules/@mui/icons-m
aterial/esm/CoffeeSha
rp.js" was ignored.
node_modules/@mui/ico
ns-material/esm/Coffe
eRounded.js (1:0): 
Module level 
directives cause 
errors when bundled, 
"use client" in "node
_modules/@mui/icons-m
aterial/esm/CoffeeRou
nded.js" was ignored.
node_modules/@mui/ico
ns-material/esm/Coffe
eTwoTone.js (1:0): 
Module level 
directives cause 
errors when bundled, 
"use client" in "node
_modules/@mui/icons-m
aterial/esm/CoffeeTwo
Tone.js" was ignored.
node_modules/@mui/ico
ns-material/esm/Colle
ctionsBookmark.js 
(1:0): Module level 
directives cause 
errors when bundled, 
"use client" in "node
_modules/@mui/icons-m
aterial/esm/Collectio
nsBookmark.js" was 
ignored.
node_modules/@mui/ico
ns-material/esm/Colle
ctions.js (1:0): 
Module level 
directives cause 
errors when bundled, 
"use client" in "node
_modules/@mui/icons-m
aterial/esm/Collectio
ns.js" was ignored.
node_modules/@mui/ico
ns-material/esm/Colle
ctionsBookmarkRounded
.js (1:0): Module 
level directives 
cause errors when 
bundled, "use 
client" in "node_modu
les/@mui/icons-materi
al/esm/CollectionsBoo
kmarkRounded.js" was 
ignored.
node_modules/@mui/ico
ns-material/esm/Colle
ctionsBookmarkSharp.j
s (1:0): Module 
level directives 
cause errors when 
bundled, "use 
client" in "node_modu
les/@mui/icons-materi
al/esm/CollectionsBoo
kmarkSharp.js" was 
ignored.
node_modules/@mui/ico
ns-material/esm/Colle
ctionsBookmarkTwoTone
.js (1:0): Module 
level directives 
cause errors when 
bundled, "use 
client" in "node_modu
les/@mui/icons-materi
al/esm/CollectionsBoo
kmarkTwoTone.js" was 
ignored.
node_modules/@mui/ico
ns-material/esm/Colle
ctionsRounded.js 
(1:0): Module level 
directives cause 
errors when bundled, 
"use client" in "node
_modules/@mui/icons-m
aterial/esm/Collectio
nsRounded.js" was 
ignored.
node_modules/@mui/ico
ns-material/esm/Colle
ctionsOutlined.js 
(1:0): Module level 
directives cause 
errors when bundled, 
"use client" in "node
_modules/@mui/icons-m
aterial/esm/Collectio
nsOutlined.js" was 
ignored.
node_modules/@mui/ico
ns-material/esm/Colle
ctionsBookmarkOutline
d.js (1:0): Module 
level directives 
cause errors when 
bundled, "use 
client" in "node_modu
les/@mui/icons-materi
al/esm/CollectionsBoo
kmarkOutlined.js" 
was ignored.
node_modules/@mui/ico
ns-material/esm/Colle
ctionsSharp.js 
(1:0): Module level 
directives cause 
errors when bundled, 
"use client" in "node
_modules/@mui/icons-m
aterial/esm/Collectio
nsSharp.js" was 
ignored.
node_modules/@mui/ico
ns-material/esm/Color
Lens.js (1:0): 
Module level 
directives cause 
errors when bundled, 
"use client" in "node
_modules/@mui/icons-m
aterial/esm/ColorLens
.js" was ignored.
node_modules/@mui/ico
ns-material/esm/Colle
ctionsTwoTone.js 
(1:0): Module level 
directives cause 
errors when bundled, 
"use client" in "node
_modules/@mui/icons-m
aterial/esm/Collectio
nsTwoTone.js" was 
ignored.
node_modules/@mui/ico
ns-material/esm/Color
LensOutlined.js 
(1:0): Module level 
directives cause 
errors when bundled, 
"use client" in "node
_modules/@mui/icons-m
aterial/esm/ColorLens
Outlined.js" was 
ignored.
node_modules/@mui/ico
ns-material/esm/Color
LensRounded.js 
(1:0): Module level 
directives cause 
errors when bundled, 
"use client" in "node
_modules/@mui/icons-m
aterial/esm/ColorLens
Rounded.js" was 
ignored.
node_modules/@mui/ico
ns-material/esm/Color
LensSharp.js (1:0): 
Module level 
directives cause 
errors when bundled, 
"use client" in "node
_modules/@mui/icons-m
aterial/esm/ColorLens
Sharp.js" was 
ignored.
node_modules/@mui/ico
ns-material/esm/Color
LensTwoTone.js 
(1:0): Module level 
directives cause 
errors when bundled, 
"use client" in "node
_modules/@mui/icons-m
aterial/esm/ColorLens
TwoTone.js" was 
ignored.
node_modules/@mui/ico
ns-material/esm/Color
ize.js (1:0): Module 
level directives 
cause errors when 
bundled, "use 
client" in "node_modu
les/@mui/icons-materi
al/esm/Colorize.js" 
was ignored.
node_modules/@mui/ico
ns-material/esm/Color
izeRounded.js (1:0): 
Module level 
directives cause 
errors when bundled, 
"use client" in "node
_modules/@mui/icons-m
aterial/esm/ColorizeR
ounded.js" was 
ignored.
node_modules/@mui/ico
ns-material/esm/Color
izeOutlined.js 
(1:0): Module level 
directives cause 
errors when bundled, 
"use client" in "node
_modules/@mui/icons-m
aterial/esm/ColorizeO
utlined.js" was 
ignored.
node_modules/@mui/ico
ns-material/esm/Color
izeSharp.js (1:0): 
Module level 
directives cause 
errors when bundled, 
"use client" in "node
_modules/@mui/icons-m
aterial/esm/ColorizeS
harp.js" was ignored.
node_modules/@mui/ico
ns-material/esm/Color
izeTwoTone.js (1:0): 
Module level 
directives cause 
errors when bundled, 
"use client" in "node
_modules/@mui/icons-m
aterial/esm/ColorizeT
woTone.js" was 
ignored.
node_modules/@mui/ico
ns-material/esm/Comme
nt.js (1:0): Module 
level directives 
cause errors when 
bundled, "use 
client" in "node_modu
les/@mui/icons-materi
al/esm/Comment.js" 
was ignored.
node_modules/@mui/ico
ns-material/esm/Comme
ntBank.js (1:0): 
Module level 
directives cause 
errors when bundled, 
"use client" in "node
_modules/@mui/icons-m
aterial/esm/CommentBa
nk.js" was ignored.
node_modules/@mui/ico
ns-material/esm/Comme
ntBankOutlined.js 
(1:0): Module level 
directives cause 
errors when bundled, 
"use client" in "node
_modules/@mui/icons-m
aterial/esm/CommentBa
nkOutlined.js" was 
ignored.
node_modules/@mui/ico
ns-material/esm/Comme
ntBankRounded.js 
(1:0): Module level 
directives cause 
errors when bundled, 
"use client" in "node
_modules/@mui/icons-m
aterial/esm/CommentBa
nkRounded.js" was 
ignored.
node_modules/@mui/ico
ns-material/esm/Comme
ntBankSharp.js 
(1:0): Module level 
directives cause 
errors when bundled, 
"use client" in "node
_modules/@mui/icons-m
aterial/esm/CommentBa
nkSharp.js" was 
ignored.
node_modules/@mui/ico
ns-material/esm/Comme
ntBankTwoTone.js 
(1:0): Module level 
directives cause 
errors when bundled, 
"use client" in "node
_modules/@mui/icons-m
aterial/esm/CommentBa
nkTwoTone.js" was 
ignored.
node_modules/@mui/ico
ns-material/esm/Comme
ntOutlined.js (1:0): 
Module level 
directives cause 
errors when bundled, 
"use client" in "node
_modules/@mui/icons-m
aterial/esm/CommentOu
tlined.js" was 
ignored.
node_modules/@mui/ico
ns-material/esm/Comme
ntRounded.js (1:0): 
Module level 
directives cause 
errors when bundled, 
"use client" in "node
_modules/@mui/icons-m
aterial/esm/CommentRo
unded.js" was 
ignored.
node_modules/@mui/ico
ns-material/esm/Comme
ntSharp.js (1:0): 
Module level 
directives cause 
errors when bundled, 
"use client" in "node
_modules/@mui/icons-m
aterial/esm/CommentSh
arp.js" was ignored.
node_modules/@mui/ico
ns-material/esm/Comme
ntsDisabled.js 
(1:0): Module level 
directives cause 
errors when bundled, 
"use client" in "node
_modules/@mui/icons-m
aterial/esm/CommentsD
isabled.js" was 
ignored.
node_modules/@mui/ico
ns-material/esm/Comme
ntTwoTone.js (1:0): 
Module level 
directives cause 
errors when bundled, 
"use client" in "node
_modules/@mui/icons-m
aterial/esm/CommentTw
oTone.js" was 
ignored.
node_modules/@mui/ico
ns-material/esm/Comme
ntsDisabledOutlined.j
s (1:0): Module 
level directives 
cause errors when 
bundled, "use 
client" in "node_modu
les/@mui/icons-materi
al/esm/CommentsDisabl
edOutlined.js" was 
ignored.
node_modules/@mui/ico
ns-material/esm/Comme
ntsDisabledRounded.js
 (1:0): Module level 
directives cause 
errors when bundled, 
"use client" in "node
_modules/@mui/icons-m
aterial/esm/CommentsD
isabledRounded.js" 
was ignored.
node_modules/@mui/ico
ns-material/esm/Commi
tOutlined.js (1:0): 
Module level 
directives cause 
errors when bundled, 
"use client" in "node
_modules/@mui/icons-m
aterial/esm/CommitOut
lined.js" was 
ignored.
node_modules/@mui/ico
ns-material/esm/Commi
tRounded.js (1:0): 
Module level 
directives cause 
errors when bundled, 
"use client" in "node
_modules/@mui/icons-m
aterial/esm/CommitRou
nded.js" was ignored.
node_modules/@mui/ico
ns-material/esm/Comme
ntsDisabledTwoTone.js
 (1:0): Module level 
directives cause 
errors when bundled, 
"use client" in "node
_modules/@mui/icons-m
aterial/esm/CommentsD
isabledTwoTone.js" 
was ignored.
node_modules/@mui/ico
ns-material/esm/Commi
tTwoTone.js (1:0): 
Module level 
directives cause 
errors when bundled, 
"use client" in "node
_modules/@mui/icons-m
aterial/esm/CommitTwo
Tone.js" was ignored.
node_modules/@mui/ico
ns-material/esm/Commi
tSharp.js (1:0): 
Module level 
directives cause 
errors when bundled, 
"use client" in "node
_modules/@mui/icons-m
aterial/esm/CommitSha
rp.js" was ignored.
node_modules/@mui/ico
ns-material/esm/Commu
te.js (1:0): Module 
level directives 
cause errors when 
bundled, "use 
client" in "node_modu
les/@mui/icons-materi
al/esm/Commute.js" 
was ignored.
node_modules/@mui/ico
ns-material/esm/Commu
teRounded.js (1:0): 
Module level 
directives cause 
errors when bundled, 
"use client" in "node
_modules/@mui/icons-m
aterial/esm/CommuteRo
unded.js" was 
ignored.
node_modules/@mui/ico
ns-material/esm/Commu
teSharp.js (1:0): 
Module level 
directives cause 
errors when bundled, 
"use client" in "node
_modules/@mui/icons-m
aterial/esm/CommuteSh
arp.js" was ignored.
node_modules/@mui/ico
ns-material/esm/Commi
t.js (1:0): Module 
level directives 
cause errors when 
bundled, "use 
client" in "node_modu
les/@mui/icons-materi
al/esm/Commit.js" 
was ignored.
node_modules/@mui/ico
ns-material/esm/Commu
teTwoTone.js (1:0): 
Module level 
directives cause 
errors when bundled, 
"use client" in "node
_modules/@mui/icons-m
aterial/esm/CommuteTw
oTone.js" was 
ignored.
node_modules/@mui/ico
ns-material/esm/Compa
re.js (1:0): Module 
level directives 
cause errors when 
bundled, "use 
client" in "node_modu
les/@mui/icons-materi
al/esm/Compare.js" 
was ignored.
node_modules/@mui/ico
ns-material/esm/Compa
reArrowsOutlined.js 
(1:0): Module level 
directives cause 
errors when bundled, 
"use client" in "node
_modules/@mui/icons-m
aterial/esm/CompareAr
rowsOutlined.js" was 
ignored.
node_modules/@mui/ico
ns-material/esm/Commu
teOutlined.js (1:0): 
Module level 
directives cause 
errors when bundled, 
"use client" in "node
_modules/@mui/icons-m
aterial/esm/CommuteOu
tlined.js" was 
ignored.
node_modules/@mui/ico
ns-material/esm/Compa
reArrows.js (1:0): 
Module level 
directives cause 
errors when bundled, 
"use client" in "node
_modules/@mui/icons-m
aterial/esm/CompareAr
rows.js" was ignored.
node_modules/@mui/ico
ns-material/esm/Compa
reArrowsRounded.js 
(1:0): Module level 
directives cause 
errors when bundled, 
"use client" in "node
_modules/@mui/icons-m
aterial/esm/CompareAr
rowsRounded.js" was 
ignored.
node_modules/@mui/ico
ns-material/esm/Compa
reArrowsSharp.js 
(1:0): Module level 
directives cause 
errors when bundled, 
"use client" in "node
_modules/@mui/icons-m
aterial/esm/CompareAr
rowsSharp.js" was 
ignored.
node_modules/@mui/ico
ns-material/esm/Compa
reArrowsTwoTone.js 
(1:0): Module level 
directives cause 
errors when bundled, 
"use client" in "node
_modules/@mui/icons-m
aterial/esm/CompareAr
rowsTwoTone.js" was 
ignored.
node_modules/@mui/ico
ns-material/esm/Compa
reRounded.js (1:0): 
Module level 
directives cause 
errors when bundled, 
"use client" in "node
_modules/@mui/icons-m
aterial/esm/CompareRo
unded.js" was 
ignored.
node_modules/@mui/ico
ns-material/esm/Compa
reOutlined.js (1:0): 
Module level 
directives cause 
errors when bundled, 
"use client" in "node
_modules/@mui/icons-m
aterial/esm/CompareOu
tlined.js" was 
ignored.
node_modules/@mui/ico
ns-material/esm/Compa
reTwoTone.js (1:0): 
Module level 
directives cause 
errors when bundled, 
"use client" in "node
_modules/@mui/icons-m
aterial/esm/CompareTw
oTone.js" was 
ignored.
node_modules/@mui/ico
ns-material/esm/Comme
ntsDisabledSharp.js 
(1:0): Module level 
directives cause 
errors when bundled, 
"use client" in "node
_modules/@mui/icons-m
aterial/esm/CommentsD
isabledSharp.js" was 
ignored.
node_modules/@mui/ico
ns-material/esm/Compa
reSharp.js (1:0): 
Module level 
directives cause 
errors when bundled, 
"use client" in "node
_modules/@mui/icons-m
aterial/esm/CompareSh
arp.js" was ignored.
node_modules/@mui/ico
ns-material/esm/Compa
ssCalibration.js 
(1:0): Module level 
directives cause 
errors when bundled, 
"use client" in "node
_modules/@mui/icons-m
aterial/esm/CompassCa
libration.js" was 
ignored.
node_modules/@mui/ico
ns-material/esm/Compa
ssCalibrationOutlined
.js (1:0): Module 
level directives 
cause errors when 
bundled, "use 
client" in "node_modu
les/@mui/icons-materi
al/esm/CompassCalibra
tionOutlined.js" was 
ignored.
node_modules/@mui/ico
ns-material/esm/Compa
ssCalibrationRounded.
js (1:0): Module 
level directives 
cause errors when 
bundled, "use 
client" in "node_modu
les/@mui/icons-materi
al/esm/CompassCalibra
tionRounded.js" was 
ignored.
node_modules/@mui/ico
ns-material/esm/Compr
ess.js (1:0): Module 
level directives 
cause errors when 
bundled, "use 
client" in "node_modu
les/@mui/icons-materi
al/esm/Compress.js" 
was ignored.
node_modules/@mui/ico
ns-material/esm/Compa
ssCalibrationSharp.js
 (1:0): Module level 
directives cause 
errors when bundled, 
"use client" in "node
_modules/@mui/icons-m
aterial/esm/CompassCa
librationSharp.js" 
was ignored.
node_modules/@mui/ico
ns-material/esm/Compa
ssCalibrationTwoTone.
js (1:0): Module 
level directives 
cause errors when 
bundled, "use 
client" in "node_modu
les/@mui/icons-materi
al/esm/CompassCalibra
tionTwoTone.js" was 
ignored.
node_modules/@mui/ico
ns-material/esm/Compr
essRounded.js (1:0): 
Module level 
directives cause 
errors when bundled, 
"use client" in "node
_modules/@mui/icons-m
aterial/esm/CompressR
ounded.js" was 
ignored.
node_modules/@mui/ico
ns-material/esm/Compr
essSharp.js (1:0): 
Module level 
directives cause 
errors when bundled, 
"use client" in "node
_modules/@mui/icons-m
aterial/esm/CompressS
harp.js" was ignored.
node_modules/@mui/ico
ns-material/esm/Compr
essOutlined.js 
(1:0): Module level 
directives cause 
errors when bundled, 
"use client" in "node
_modules/@mui/icons-m
aterial/esm/CompressO
utlined.js" was 
ignored.
node_modules/@mui/ico
ns-material/esm/Compu
ter.js (1:0): Module 
level directives 
cause errors when 
bundled, "use 
client" in "node_modu
les/@mui/icons-materi
al/esm/Computer.js" 
was ignored.
node_modules/@mui/ico
ns-material/esm/Compr
essTwoTone.js (1:0): 
Module level 
directives cause 
errors when bundled, 
"use client" in "node
_modules/@mui/icons-m
aterial/esm/CompressT
woTone.js" was 
ignored.
node_modules/@mui/ico
ns-material/esm/Compu
terOutlined.js 
(1:0): Module level 
directives cause 
errors when bundled, 
"use client" in "node
_modules/@mui/icons-m
aterial/esm/ComputerO
utlined.js" was 
ignored.
node_modules/@mui/ico
ns-material/esm/Compu
terSharp.js (1:0): 
Module level 
directives cause 
errors when bundled, 
"use client" in "node
_modules/@mui/icons-m
aterial/esm/ComputerS
harp.js" was ignored.
node_modules/@mui/ico
ns-material/esm/Compu
terRounded.js (1:0): 
Module level 
directives cause 
errors when bundled, 
"use client" in "node
_modules/@mui/icons-m
aterial/esm/ComputerR
ounded.js" was 
ignored.
node_modules/@mui/ico
ns-material/esm/Compu
terTwoTone.js (1:0): 
Module level 
directives cause 
errors when bundled, 
"use client" in "node
_modules/@mui/icons-m
aterial/esm/ComputerT
woTone.js" was 
ignored.
node_modules/@mui/ico
ns-material/esm/Confi
rmationNumberOutlined
.js (1:0): Module 
level directives 
cause errors when 
bundled, "use 
client" in "node_modu
les/@mui/icons-materi
al/esm/ConfirmationNu
mberOutlined.js" was 
ignored.
node_modules/@mui/ico
ns-material/esm/Confi
rmationNumber.js 
(1:0): Module level 
directives cause 
errors when bundled, 
"use client" in "node
_modules/@mui/icons-m
aterial/esm/Confirmat
ionNumber.js" was 
ignored.
node_modules/@mui/ico
ns-material/esm/Confi
rmationNumberRounded.
js (1:0): Module 
level directives 
cause errors when 
bundled, "use 
client" in "node_modu
les/@mui/icons-materi
al/esm/ConfirmationNu
mberRounded.js" was 
ignored.
node_modules/@mui/ico
ns-material/esm/Confi
rmationNumberTwoTone.
js (1:0): Module 
level directives 
cause errors when 
bundled, "use 
client" in "node_modu
les/@mui/icons-materi
al/esm/ConfirmationNu
mberTwoTone.js" was 
ignored.
node_modules/@mui/ico
ns-material/esm/Confi
rmationNumberSharp.js
 (1:0): Module level 
directives cause 
errors when bundled, 
"use client" in "node
_modules/@mui/icons-m
aterial/esm/Confirmat
ionNumberSharp.js" 
was ignored.
node_modules/@mui/ico
ns-material/esm/Conne
ctWithoutContact.js 
(1:0): Module level 
directives cause 
errors when bundled, 
"use client" in "node
_modules/@mui/icons-m
aterial/esm/ConnectWi
thoutContact.js" was 
ignored.
node_modules/@mui/ico
ns-material/esm/Conne
ctWithoutContactRound
ed.js (1:0): Module 
level directives 
cause errors when 
bundled, "use 
client" in "node_modu
les/@mui/icons-materi
al/esm/ConnectWithout
ContactRounded.js" 
was ignored.
node_modules/@mui/ico
ns-material/esm/Conne
ctWithoutContactOutli
ned.js (1:0): Module 
level directives 
cause errors when 
bundled, "use 
client" in "node_modu
les/@mui/icons-materi
al/esm/ConnectWithout
ContactOutlined.js" 
was ignored.
node_modules/@mui/ico
ns-material/esm/Conne
ctWithoutContactSharp
.js (1:0): Module 
level directives 
cause errors when 
bundled, "use 
client" in "node_modu
les/@mui/icons-materi
al/esm/ConnectWithout
ContactSharp.js" was 
ignored.
node_modules/@mui/ico
ns-material/esm/Conne
ctWithoutContactTwoTo
ne.js (1:0): Module 
level directives 
cause errors when 
bundled, "use 
client" in "node_modu
les/@mui/icons-materi
al/esm/ConnectWithout
ContactTwoTone.js" 
was ignored.
node_modules/@mui/ico
ns-material/esm/Conne
ctedTv.js (1:0): 
Module level 
directives cause 
errors when bundled, 
"use client" in "node
_modules/@mui/icons-m
aterial/esm/Connected
Tv.js" was ignored.
node_modules/@mui/ico
ns-material/esm/Conne
ctedTvSharp.js 
(1:0): Module level 
directives cause 
errors when bundled, 
"use client" in "node
_modules/@mui/icons-m
aterial/esm/Connected
TvSharp.js" was 
ignored.
node_modules/@mui/ico
ns-material/esm/Conne
ctedTvOutlined.js 
(1:0): Module level 
directives cause 
errors when bundled, 
"use client" in "node
_modules/@mui/icons-m
aterial/esm/Connected
TvOutlined.js" was 
ignored.
node_modules/@mui/ico
ns-material/esm/Conne
ctedTvRounded.js 
(1:0): Module level 
directives cause 
errors when bundled, 
"use client" in "node
_modules/@mui/icons-m
aterial/esm/Connected
TvRounded.js" was 
ignored.
node_modules/@mui/ico
ns-material/esm/Conne
ctedTvTwoTone.js 
(1:0): Module level 
directives cause 
errors when bundled, 
"use client" in "node
_modules/@mui/icons-m
aterial/esm/Connected
TvTwoTone.js" was 
ignored.
node_modules/@mui/ico
ns-material/esm/Conne
ctingAirports.js 
(1:0): Module level 
directives cause 
errors when bundled, 
"use client" in "node
_modules/@mui/icons-m
aterial/esm/Connectin
gAirports.js" was 
ignored.
node_modules/@mui/ico
ns-material/esm/Conne
ctingAirportsOutlined
.js (1:0): Module 
level directives 
cause errors when 
bundled, "use 
client" in "node_modu
les/@mui/icons-materi
al/esm/ConnectingAirp
ortsOutlined.js" was 
ignored.
node_modules/@mui/ico
ns-material/esm/Conne
ctingAirportsRounded.
js (1:0): Module 
level directives 
cause errors when 
bundled, "use 
client" in "node_modu
les/@mui/icons-materi
al/esm/ConnectingAirp
ortsRounded.js" was 
ignored.
node_modules/@mui/ico
ns-material/esm/Conne
ctingAirportsTwoTone.
js (1:0): Module 
level directives 
cause errors when 
bundled, "use 
client" in "node_modu
les/@mui/icons-materi
al/esm/ConnectingAirp
ortsTwoTone.js" was 
ignored.
node_modules/@mui/ico
ns-material/esm/Conne
ctingAirportsSharp.js
 (1:0): Module level 
directives cause 
errors when bundled, 
"use client" in "node
_modules/@mui/icons-m
aterial/esm/Connectin
gAirportsSharp.js" 
was ignored.
node_modules/@mui/ico
ns-material/esm/Const
ruction.js (1:0): 
Module level 
directives cause 
errors when bundled, 
"use client" in "node
_modules/@mui/icons-m
aterial/esm/Construct
ion.js" was ignored.
node_modules/@mui/ico
ns-material/esm/Const
ructionRounded.js 
(1:0): Module level 
directives cause 
errors when bundled, 
"use client" in "node
_modules/@mui/icons-m
aterial/esm/Construct
ionRounded.js" was 
ignored.
node_modules/@mui/ico
ns-material/esm/Const
ructionOutlined.js 
(1:0): Module level 
directives cause 
errors when bundled, 
"use client" in "node
_modules/@mui/icons-m
aterial/esm/Construct
ionOutlined.js" was 
ignored.
node_modules/@mui/ico
ns-material/esm/Const
ructionSharp.js 
(1:0): Module level 
directives cause 
errors when bundled, 
"use client" in "node
_modules/@mui/icons-m
aterial/esm/Construct
ionSharp.js" was 
ignored.
node_modules/@mui/ico
ns-material/esm/Conta
ctEmergency.js 
(1:0): Module level 
directives cause 
errors when bundled, 
"use client" in "node
_modules/@mui/icons-m
aterial/esm/ContactEm
ergency.js" was 
ignored.
node_modules/@mui/ico
ns-material/esm/Const
ructionTwoTone.js 
(1:0): Module level 
directives cause 
errors when bundled, 
"use client" in "node
_modules/@mui/icons-m
aterial/esm/Construct
ionTwoTone.js" was 
ignored.
node_modules/@mui/ico
ns-material/esm/Conta
ctEmergencySharp.js 
(1:0): Module level 
directives cause 
errors when bundled, 
"use client" in "node
_modules/@mui/icons-m
aterial/esm/ContactEm
ergencySharp.js" was 
ignored.
node_modules/@mui/ico
ns-material/esm/Conta
ctEmergencyOutlined.j
s (1:0): Module 
level directives 
cause errors when 
bundled, "use 
client" in "node_modu
les/@mui/icons-materi
al/esm/ContactEmergen
cyOutlined.js" was 
ignored.
node_modules/@mui/ico
ns-material/esm/Conta
ctEmergencyRounded.js
 (1:0): Module level 
directives cause 
errors when bundled, 
"use client" in "node
_modules/@mui/icons-m
aterial/esm/ContactEm
ergencyRounded.js" 
was ignored.
node_modules/@mui/ico
ns-material/esm/Conta
ctMail.js (1:0): 
Module level 
directives cause 
errors when bundled, 
"use client" in "node
_modules/@mui/icons-m
aterial/esm/ContactMa
il.js" was ignored.
node_modules/@mui/ico
ns-material/esm/Conta
ctEmergencyTwoTone.js
 (1:0): Module level 
directives cause 
errors when bundled, 
"use client" in "node
_modules/@mui/icons-m
aterial/esm/ContactEm
ergencyTwoTone.js" 
was ignored.
node_modules/@mui/ico
ns-material/esm/Conta
ctMailOutlined.js 
(1:0): Module level 
directives cause 
errors when bundled, 
"use client" in "node
_modules/@mui/icons-m
aterial/esm/ContactMa
ilOutlined.js" was 
ignored.
node_modules/@mui/ico
ns-material/esm/Conta
ctMailRounded.js 
(1:0): Module level 
directives cause 
errors when bundled, 
"use client" in "node
_modules/@mui/icons-m
aterial/esm/ContactMa
ilRounded.js" was 
ignored.
node_modules/@mui/ico
ns-material/esm/Conta
ctMailSharp.js 
(1:0): Module level 
directives cause 
errors when bundled, 
"use client" in "node
_modules/@mui/icons-m
aterial/esm/ContactMa
ilSharp.js" was 
ignored.
node_modules/@mui/ico
ns-material/esm/Conta
ctMailTwoTone.js 
(1:0): Module level 
directives cause 
errors when bundled, 
"use client" in "node
_modules/@mui/icons-m
aterial/esm/ContactMa
ilTwoTone.js" was 
ignored.
node_modules/@mui/ico
ns-material/esm/Conta
ctPageRounded.js 
(1:0): Module level 
directives cause 
errors when bundled, 
"use client" in "node
_modules/@mui/icons-m
aterial/esm/ContactPa
geRounded.js" was 
ignored.
node_modules/@mui/ico
ns-material/esm/Conta
ctPage.js (1:0): 
Module level 
directives cause 
errors when bundled, 
"use client" in "node
_modules/@mui/icons-m
aterial/esm/ContactPa
ge.js" was ignored.
node_modules/@mui/ico
ns-material/esm/Conta
ctPageOutlined.js 
(1:0): Module level 
directives cause 
errors when bundled, 
"use client" in "node
_modules/@mui/icons-m
aterial/esm/ContactPa
geOutlined.js" was 
ignored.
node_modules/@mui/ico
ns-material/esm/Conta
ctPageTwoTone.js 
(1:0): Module level 
directives cause 
errors when bundled, 
"use client" in "node
_modules/@mui/icons-m
aterial/esm/ContactPa
geTwoTone.js" was 
ignored.
node_modules/@mui/ico
ns-material/esm/Conta
ctPageSharp.js 
(1:0): Module level 
directives cause 
errors when bundled, 
"use client" in "node
_modules/@mui/icons-m
aterial/esm/ContactPa
geSharp.js" was 
ignored.
node_modules/@mui/ico
ns-material/esm/Conta
ctPhone.js (1:0): 
Module level 
directives cause 
errors when bundled, 
"use client" in "node
_modules/@mui/icons-m
aterial/esm/ContactPh
one.js" was ignored.
node_modules/@mui/ico
ns-material/esm/Conta
ctPhoneOutlined.js 
(1:0): Module level 
directives cause 
errors when bundled, 
"use client" in "node
_modules/@mui/icons-m
aterial/esm/ContactPh
oneOutlined.js" was 
ignored.
node_modules/@mui/ico
ns-material/esm/Conta
ctPhoneRounded.js 
(1:0): Module level 
directives cause 
errors when bundled, 
"use client" in "node
_modules/@mui/icons-m
aterial/esm/ContactPh
oneRounded.js" was 
ignored.
node_modules/@mui/ico
ns-material/esm/Conta
ctPhoneSharp.js 
(1:0): Module level 
directives cause 
errors when bundled, 
"use client" in "node
_modules/@mui/icons-m
aterial/esm/ContactPh
oneSharp.js" was 
ignored.
node_modules/@mui/ico
ns-material/esm/Conta
ctSupportOutlined.js 
(1:0): Module level 
directives cause 
errors when bundled, 
"use client" in "node
_modules/@mui/icons-m
aterial/esm/ContactSu
pportOutlined.js" 
was ignored.
node_modules/@mui/ico
ns-material/esm/Conta
ctPhoneTwoTone.js 
(1:0): Module level 
directives cause 
errors when bundled, 
"use client" in "node
_modules/@mui/icons-m
aterial/esm/ContactPh
oneTwoTone.js" was 
ignored.
node_modules/@mui/ico
ns-material/esm/Conta
ctSupport.js (1:0): 
Module level 
directives cause 
errors when bundled, 
"use client" in "node
_modules/@mui/icons-m
aterial/esm/ContactSu
pport.js" was 
ignored.
node_modules/@mui/ico
ns-material/esm/Conta
ctSupportSharp.js 
(1:0): Module level 
directives cause 
errors when bundled, 
"use client" in "node
_modules/@mui/icons-m
aterial/esm/ContactSu
pportSharp.js" was 
ignored.
node_modules/@mui/ico
ns-material/esm/Conta
ctSupportRounded.js 
(1:0): Module level 
directives cause 
errors when bundled, 
"use client" in "node
_modules/@mui/icons-m
aterial/esm/ContactSu
pportRounded.js" was 
ignored.
node_modules/@mui/ico
ns-material/esm/Conta
ctSupportTwoTone.js 
(1:0): Module level 
directives cause 
errors when bundled, 
"use client" in "node
_modules/@mui/icons-m
aterial/esm/ContactSu
pportTwoTone.js" was 
ignored.
node_modules/@mui/ico
ns-material/esm/Conta
ctlessOutlined.js 
(1:0): Module level 
directives cause 
errors when bundled, 
"use client" in "node
_modules/@mui/icons-m
aterial/esm/Contactle
ssOutlined.js" was 
ignored.
node_modules/@mui/ico
ns-material/esm/Conta
ctless.js (1:0): 
Module level 
directives cause 
errors when bundled, 
"use client" in "node
_modules/@mui/icons-m
aterial/esm/Contactle
ss.js" was ignored.
node_modules/@mui/ico
ns-material/esm/Conta
ctlessRounded.js 
(1:0): Module level 
directives cause 
errors when bundled, 
"use client" in "node
_modules/@mui/icons-m
aterial/esm/Contactle
ssRounded.js" was 
ignored.
node_modules/@mui/ico
ns-material/esm/Conta
ctlessTwoTone.js 
(1:0): Module level 
directives cause 
errors when bundled, 
"use client" in "node
_modules/@mui/icons-m
aterial/esm/Contactle
ssTwoTone.js" was 
ignored.
node_modules/@mui/ico
ns-material/esm/Conta
cts.js (1:0): Module 
level directives 
cause errors when 
bundled, "use 
client" in "node_modu
les/@mui/icons-materi
al/esm/Contacts.js" 
was ignored.
node_modules/@mui/ico
ns-material/esm/Conta
ctlessSharp.js 
(1:0): Module level 
directives cause 
errors when bundled, 
"use client" in "node
_modules/@mui/icons-m
aterial/esm/Contactle
ssSharp.js" was 
ignored.
node_modules/@mui/ico
ns-material/esm/Conta
ctsRounded.js (1:0): 
Module level 
directives cause 
errors when bundled, 
"use client" in "node
_modules/@mui/icons-m
aterial/esm/ContactsR
ounded.js" was 
ignored.
node_modules/@mui/ico
ns-material/esm/Conta
ctsOutlined.js 
(1:0): Module level 
directives cause 
errors when bundled, 
"use client" in "node
_modules/@mui/icons-m
aterial/esm/ContactsO
utlined.js" was 
ignored.
node_modules/@mui/ico
ns-material/esm/Conta
ctsSharp.js (1:0): 
Module level 
directives cause 
errors when bundled, 
"use client" in "node
_modules/@mui/icons-m
aterial/esm/ContactsS
harp.js" was ignored.
node_modules/@mui/ico
ns-material/esm/Conta
ctsTwoTone.js (1:0): 
Module level 
directives cause 
errors when bundled, 
"use client" in "node
_modules/@mui/icons-m
aterial/esm/ContactsT
woTone.js" was 
ignored.
node_modules/@mui/ico
ns-material/esm/Conte
ntCopy.js (1:0): 
Module level 
directives cause 
errors when bundled, 
"use client" in "node
_modules/@mui/icons-m
aterial/esm/ContentCo
py.js" was ignored.
node_modules/@mui/ico
ns-material/esm/Conte
ntCopyOutlined.js 
(1:0): Module level 
directives cause 
errors when bundled, 
"use client" in "node
_modules/@mui/icons-m
aterial/esm/ContentCo
pyOutlined.js" was 
ignored.
node_modules/@mui/ico
ns-material/esm/Conte
ntCopyRounded.js 
(1:0): Module level 
directives cause 
errors when bundled, 
"use client" in "node
_modules/@mui/icons-m
aterial/esm/ContentCo
pyRounded.js" was 
ignored.
node_modules/@mui/ico
ns-material/esm/Conte
ntCopyTwoTone.js 
(1:0): Module level 
directives cause 
errors when bundled, 
"use client" in "node
_modules/@mui/icons-m
aterial/esm/ContentCo
pyTwoTone.js" was 
ignored.
node_modules/@mui/ico
ns-material/esm/Conte
ntCutOutlined.js 
(1:0): Module level 
directives cause 
errors when bundled, 
"use client" in "node
_modules/@mui/icons-m
aterial/esm/ContentCu
tOutlined.js" was 
ignored.
node_modules/@mui/ico
ns-material/esm/Conte
ntCutRounded.js 
(1:0): Module level 
directives cause 
errors when bundled, 
"use client" in "node
_modules/@mui/icons-m
aterial/esm/ContentCu
tRounded.js" was 
ignored.
node_modules/@mui/ico
ns-material/esm/Conte
ntCutSharp.js (1:0): 
Module level 
directives cause 
errors when bundled, 
"use client" in "node
_modules/@mui/icons-m
aterial/esm/ContentCu
tSharp.js" was 
ignored.
node_modules/@mui/ico
ns-material/esm/Conte
ntCut.js (1:0): 
Module level 
directives cause 
errors when bundled, 
"use client" in "node
_modules/@mui/icons-m
aterial/esm/ContentCu
t.js" was ignored.
node_modules/@mui/ico
ns-material/esm/Conte
ntCutTwoTone.js 
(1:0): Module level 
directives cause 
errors when bundled, 
"use client" in "node
_modules/@mui/icons-m
aterial/esm/ContentCu
tTwoTone.js" was 
ignored.
node_modules/@mui/ico
ns-material/esm/Conte
ntPasteGoOutlined.js 
(1:0): Module level 
directives cause 
errors when bundled, 
"use client" in "node
_modules/@mui/icons-m
aterial/esm/ContentPa
steGoOutlined.js" 
was ignored.
node_modules/@mui/ico
ns-material/esm/Conte
ntCopySharp.js 
(1:0): Module level 
directives cause 
errors when bundled, 
"use client" in "node
_modules/@mui/icons-m
aterial/esm/ContentCo
pySharp.js" was 
ignored.
node_modules/@mui/ico
ns-material/esm/Conte
ntPasteGoSharp.js 
(1:0): Module level 
directives cause 
errors when bundled, 
"use client" in "node
_modules/@mui/icons-m
aterial/esm/ContentPa
steGoSharp.js" was 
ignored.
node_modules/@mui/ico
ns-material/esm/Conte
ntPaste.js (1:0): 
Module level 
directives cause 
errors when bundled, 
"use client" in "node
_modules/@mui/icons-m
aterial/esm/ContentPa
ste.js" was ignored.
node_modules/@mui/ico
ns-material/esm/Conte
ntPasteGoTwoTone.js 
(1:0): Module level 
directives cause 
errors when bundled, 
"use client" in "node
_modules/@mui/icons-m
aterial/esm/ContentPa
steGoTwoTone.js" was 
ignored.
node_modules/@mui/ico
ns-material/esm/Conte
ntPasteGoRounded.js 
(1:0): Module level 
directives cause 
errors when bundled, 
"use client" in "node
_modules/@mui/icons-m
aterial/esm/ContentPa
steGoRounded.js" was 
ignored.
node_modules/@mui/ico
ns-material/esm/Conte
ntPasteOff.js (1:0): 
Module level 
directives cause 
errors when bundled, 
"use client" in "node
_modules/@mui/icons-m
aterial/esm/ContentPa
steOff.js" was 
ignored.
node_modules/@mui/ico
ns-material/esm/Conte
ntPasteOffOutlined.js
 (1:0): Module level 
directives cause 
errors when bundled, 
"use client" in "node
_modules/@mui/icons-m
aterial/esm/ContentPa
steOffOutlined.js" 
was ignored.
node_modules/@mui/ico
ns-material/esm/Conte
ntPasteOffSharp.js 
(1:0): Module level 
directives cause 
errors when bundled, 
"use client" in "node
_modules/@mui/icons-m
aterial/esm/ContentPa
steOffSharp.js" was 
ignored.
node_modules/@mui/ico
ns-material/esm/Conte
ntPasteOffRounded.js 
(1:0): Module level 
directives cause 
errors when bundled, 
"use client" in "node
_modules/@mui/icons-m
aterial/esm/ContentPa
steOffRounded.js" 
was ignored.
node_modules/@mui/ico
ns-material/esm/Conte
ntPasteOutlined.js 
(1:0): Module level 
directives cause 
errors when bundled, 
"use client" in "node
_modules/@mui/icons-m
aterial/esm/ContentPa
steOutlined.js" was 
ignored.
node_modules/@mui/ico
ns-material/esm/Conte
ntPasteSearch.js 
(1:0): Module level 
directives cause 
errors when bundled, 
"use client" in "node
_modules/@mui/icons-m
aterial/esm/ContentPa
steSearch.js" was 
ignored.
node_modules/@mui/ico
ns-material/esm/Conte
ntPasteRounded.js 
(1:0): Module level 
directives cause 
errors when bundled, 
"use client" in "node
_modules/@mui/icons-m
aterial/esm/ContentPa
steRounded.js" was 
ignored.
node_modules/@mui/ico
ns-material/esm/Conte
ntPasteGo.js (1:0): 
Module level 
directives cause 
errors when bundled, 
"use client" in "node
_modules/@mui/icons-m
aterial/esm/ContentPa
steGo.js" was 
ignored.
node_modules/@mui/ico
ns-material/esm/Conte
ntPasteSearchOutlined
.js (1:0): Module 
level directives 
cause errors when 
bundled, "use 
client" in "node_modu
les/@mui/icons-materi
al/esm/ContentPasteSe
archOutlined.js" was 
ignored.
node_modules/@mui/ico
ns-material/esm/Conte
ntPasteOffTwoTone.js 
(1:0): Module level 
directives cause 
errors when bundled, 
"use client" in "node
_modules/@mui/icons-m
aterial/esm/ContentPa
steOffTwoTone.js" 
was ignored.
node_modules/@mui/ico
ns-material/esm/Conte
ntPasteSearchTwoTone.
js (1:0): Module 
level directives 
cause errors when 
bundled, "use 
client" in "node_modu
les/@mui/icons-materi
al/esm/ContentPasteSe
archTwoTone.js" was 
ignored.
node_modules/@mui/ico
ns-material/esm/Conte
ntPasteSearchRounded.
js (1:0): Module 
level directives 
cause errors when 
bundled, "use 
client" in "node_modu
les/@mui/icons-materi
al/esm/ContentPasteSe
archRounded.js" was 
ignored.
node_modules/@mui/ico
ns-material/esm/Conte
ntPasteSearchSharp.js
 (1:0): Module level 
directives cause 
errors when bundled, 
"use client" in "node
_modules/@mui/icons-m
aterial/esm/ContentPa
steSearchSharp.js" 
was ignored.
node_modules/@mui/ico
ns-material/esm/Conte
ntPasteTwoTone.js 
(1:0): Module level 
directives cause 
errors when bundled, 
"use client" in "node
_modules/@mui/icons-m
aterial/esm/ContentPa
steTwoTone.js" was 
ignored.
node_modules/@mui/ico
ns-material/esm/Conte
ntPasteSharp.js 
(1:0): Module level 
directives cause 
errors when bundled, 
"use client" in "node
_modules/@mui/icons-m
aterial/esm/ContentPa
steSharp.js" was 
ignored.
node_modules/@mui/ico
ns-material/esm/Contr
ast.js (1:0): Module 
level directives 
cause errors when 
bundled, "use 
client" in "node_modu
les/@mui/icons-materi
al/esm/Contrast.js" 
was ignored.
node_modules/@mui/ico
ns-material/esm/Contr
astRounded.js (1:0): 
Module level 
directives cause 
errors when bundled, 
"use client" in "node
_modules/@mui/icons-m
aterial/esm/ContrastR
ounded.js" was 
ignored.
node_modules/@mui/ico
ns-material/esm/Contr
astOutlined.js 
(1:0): Module level 
directives cause 
errors when bundled, 
"use client" in "node
_modules/@mui/icons-m
aterial/esm/ContrastO
utlined.js" was 
ignored.
node_modules/@mui/ico
ns-material/esm/Contr
astSharp.js (1:0): 
Module level 
directives cause 
errors when bundled, 
"use client" in "node
_modules/@mui/icons-m
aterial/esm/ContrastS
harp.js" was ignored.
node_modules/@mui/ico
ns-material/esm/Contr
olCameraOutlined.js 
(1:0): Module level 
directives cause 
errors when bundled, 
"use client" in "node
_modules/@mui/icons-m
aterial/esm/ControlCa
meraOutlined.js" was 
ignored.
node_modules/@mui/ico
ns-material/esm/Contr
astTwoTone.js (1:0): 
Module level 
directives cause 
errors when bundled, 
"use client" in "node
_modules/@mui/icons-m
aterial/esm/ContrastT
woTone.js" was 
ignored.
node_modules/@mui/ico
ns-material/esm/Contr
olCameraSharp.js 
(1:0): Module level 
directives cause 
errors when bundled, 
"use client" in "node
_modules/@mui/icons-m
aterial/esm/ControlCa
meraSharp.js" was 
ignored.
node_modules/@mui/ico
ns-material/esm/Contr
olCamera.js (1:0): 
Module level 
directives cause 
errors when bundled, 
"use client" in "node
_modules/@mui/icons-m
aterial/esm/ControlCa
mera.js" was ignored.
node_modules/@mui/ico
ns-material/esm/Contr
olCameraRounded.js 
(1:0): Module level 
directives cause 
errors when bundled, 
"use client" in "node
_modules/@mui/icons-m
aterial/esm/ControlCa
meraRounded.js" was 
ignored.
node_modules/@mui/ico
ns-material/esm/Contr
olPoint.js (1:0): 
Module level 
directives cause 
errors when bundled, 
"use client" in "node
_modules/@mui/icons-m
aterial/esm/ControlPo
int.js" was ignored.
node_modules/@mui/ico
ns-material/esm/Contr
olCameraTwoTone.js 
(1:0): Module level 
directives cause 
errors when bundled, 
"use client" in "node
_modules/@mui/icons-m
aterial/esm/ControlCa
meraTwoTone.js" was 
ignored.
node_modules/@mui/ico
ns-material/esm/Contr
olPointDuplicate.js 
(1:0): Module level 
directives cause 
errors when bundled, 
"use client" in "node
_modules/@mui/icons-m
aterial/esm/ControlPo
intDuplicate.js" was 
ignored.
node_modules/@mui/ico
ns-material/esm/Contr
olPointDuplicateOutli
ned.js (1:0): Module 
level directives 
cause errors when 
bundled, "use 
client" in "node_modu
les/@mui/icons-materi
al/esm/ControlPointDu
plicateOutlined.js" 
was ignored.
node_modules/@mui/ico
ns-material/esm/Contr
olPointDuplicateTwoTo
ne.js (1:0): Module 
level directives 
cause errors when 
bundled, "use 
client" in "node_modu
les/@mui/icons-materi
al/esm/ControlPointDu
plicateTwoTone.js" 
was ignored.
node_modules/@mui/ico
ns-material/esm/Contr
olPointDuplicateRound
ed.js (1:0): Module 
level directives 
cause errors when 
bundled, "use 
client" in "node_modu
les/@mui/icons-materi
al/esm/ControlPointDu
plicateRounded.js" 
was ignored.
node_modules/@mui/ico
ns-material/esm/Contr
olPointDuplicateSharp
.js (1:0): Module 
level directives 
cause errors when 
bundled, "use 
client" in "node_modu
les/@mui/icons-materi
al/esm/ControlPointDu
plicateSharp.js" was 
ignored.
node_modules/@mui/ico
ns-material/esm/Contr
olPointOutlined.js 
(1:0): Module level 
directives cause 
errors when bundled, 
"use client" in "node
_modules/@mui/icons-m
aterial/esm/ControlPo
intOutlined.js" was 
ignored.
node_modules/@mui/ico
ns-material/esm/Contr
olPointRounded.js 
(1:0): Module level 
directives cause 
errors when bundled, 
"use client" in "node
_modules/@mui/icons-m
aterial/esm/ControlPo
intRounded.js" was 
ignored.
node_modules/@mui/ico
ns-material/esm/Contr
olPointSharp.js 
(1:0): Module level 
directives cause 
errors when bundled, 
"use client" in "node
_modules/@mui/icons-m
aterial/esm/ControlPo
intSharp.js" was 
ignored.
node_modules/@mui/ico
ns-material/esm/Contr
olPointTwoTone.js 
(1:0): Module level 
directives cause 
errors when bundled, 
"use client" in "node
_modules/@mui/icons-m
aterial/esm/ControlPo
intTwoTone.js" was 
ignored.
node_modules/@mui/ico
ns-material/esm/Cooki
e.js (1:0): Module 
level directives 
cause errors when 
bundled, "use 
client" in "node_modu
les/@mui/icons-materi
al/esm/Cookie.js" 
was ignored.
node_modules/@mui/ico
ns-material/esm/Cooki
eOutlined.js (1:0): 
Module level 
directives cause 
errors when bundled, 
"use client" in "node
_modules/@mui/icons-m
aterial/esm/CookieOut
lined.js" was 
ignored.
node_modules/@mui/ico
ns-material/esm/Cooki
eRounded.js (1:0): 
Module level 
directives cause 
errors when bundled, 
"use client" in "node
_modules/@mui/icons-m
aterial/esm/CookieRou
nded.js" was ignored.
node_modules/@mui/ico
ns-material/esm/Cooki
eTwoTone.js (1:0): 
Module level 
directives cause 
errors when bundled, 
"use client" in "node
_modules/@mui/icons-m
aterial/esm/CookieTwo
Tone.js" was ignored.
node_modules/@mui/ico
ns-material/esm/CopyA
ll.js (1:0): Module 
level directives 
cause errors when 
bundled, "use 
client" in "node_modu
les/@mui/icons-materi
al/esm/CopyAll.js" 
was ignored.
node_modules/@mui/ico
ns-material/esm/Cooki
eSharp.js (1:0): 
Module level 
directives cause 
errors when bundled, 
"use client" in "node
_modules/@mui/icons-m
aterial/esm/CookieSha
rp.js" was ignored.
node_modules/@mui/ico
ns-material/esm/CopyA
llRounded.js (1:0): 
Module level 
directives cause 
errors when bundled, 
"use client" in "node
_modules/@mui/icons-m
aterial/esm/CopyAllRo
unded.js" was 
ignored.
node_modules/@mui/ico
ns-material/esm/CopyA
llOutlined.js (1:0): 
Module level 
directives cause 
errors when bundled, 
"use client" in "node
_modules/@mui/icons-m
aterial/esm/CopyAllOu
tlined.js" was 
ignored.
node_modules/@mui/ico
ns-material/esm/Copyr
ight.js (1:0): 
Module level 
directives cause 
errors when bundled, 
"use client" in "node
_modules/@mui/icons-m
aterial/esm/Copyright
.js" was ignored.
node_modules/@mui/ico
ns-material/esm/Copyr
ightSharp.js (1:0): 
Module level 
directives cause 
errors when bundled, 
"use client" in "node
_modules/@mui/icons-m
aterial/esm/Copyright
Sharp.js" was 
ignored.
node_modules/@mui/ico
ns-material/esm/CopyA
llTwoTone.js (1:0): 
Module level 
directives cause 
errors when bundled, 
"use client" in "node
_modules/@mui/icons-m
aterial/esm/CopyAllTw
oTone.js" was 
ignored.
node_modules/@mui/ico
ns-material/esm/Copyr
ightRounded.js 
(1:0): Module level 
directives cause 
errors when bundled, 
"use client" in "node
_modules/@mui/icons-m
aterial/esm/Copyright
Rounded.js" was 
ignored.
node_modules/@mui/ico
ns-material/esm/Copyr
ightTwoTone.js 
(1:0): Module level 
directives cause 
errors when bundled, 
"use client" in "node
_modules/@mui/icons-m
aterial/esm/Copyright
TwoTone.js" was 
ignored.
node_modules/@mui/ico
ns-material/esm/Copyr
ightOutlined.js 
(1:0): Module level 
directives cause 
errors when bundled, 
"use client" in "node
_modules/@mui/icons-m
aterial/esm/Copyright
Outlined.js" was 
ignored.
node_modules/@mui/ico
ns-material/esm/Coron
avirusOutlined.js 
(1:0): Module level 
directives cause 
errors when bundled, 
"use client" in "node
_modules/@mui/icons-m
aterial/esm/Coronavir
usOutlined.js" was 
ignored.
node_modules/@mui/ico
ns-material/esm/Coron
avirusRounded.js 
(1:0): Module level 
directives cause 
errors when bundled, 
"use client" in "node
_modules/@mui/icons-m
aterial/esm/Coronavir
usRounded.js" was 
ignored.
node_modules/@mui/ico
ns-material/esm/Coron
avirus.js (1:0): 
Module level 
directives cause 
errors when bundled, 
"use client" in "node
_modules/@mui/icons-m
aterial/esm/Coronavir
us.js" was ignored.
node_modules/@mui/ico
ns-material/esm/Coron
avirusTwoTone.js 
(1:0): Module level 
directives cause 
errors when bundled, 
"use client" in "node
_modules/@mui/icons-m
aterial/esm/Coronavir
usTwoTone.js" was 
ignored.
node_modules/@mui/ico
ns-material/esm/CopyA
llSharp.js (1:0): 
Module level 
directives cause 
errors when bundled, 
"use client" in "node
_modules/@mui/icons-m
aterial/esm/CopyAllSh
arp.js" was ignored.
node_modules/@mui/ico
ns-material/esm/Coron
avirusSharp.js 
(1:0): Module level 
directives cause 
errors when bundled, 
"use client" in "node
_modules/@mui/icons-m
aterial/esm/Coronavir
usSharp.js" was 
ignored.
node_modules/@mui/ico
ns-material/esm/Corpo
rateFareOutlined.js 
(1:0): Module level 
directives cause 
errors when bundled, 
"use client" in "node
_modules/@mui/icons-m
aterial/esm/Corporate
FareOutlined.js" was 
ignored.
node_modules/@mui/ico
ns-material/esm/Corpo
rateFareTwoTone.js 
(1:0): Module level 
directives cause 
errors when bundled, 
"use client" in "node
_modules/@mui/icons-m
aterial/esm/Corporate
FareTwoTone.js" was 
ignored.
node_modules/@mui/ico
ns-material/esm/Corpo
rateFare.js (1:0): 
Module level 
directives cause 
errors when bundled, 
"use client" in "node
_modules/@mui/icons-m
aterial/esm/Corporate
Fare.js" was ignored.
node_modules/@mui/ico
ns-material/esm/Corpo
rateFareSharp.js 
(1:0): Module level 
directives cause 
errors when bundled, 
"use client" in "node
_modules/@mui/icons-m
aterial/esm/Corporate
FareSharp.js" was 
ignored.
node_modules/@mui/ico
ns-material/esm/Cotta
ge.js (1:0): Module 
level directives 
cause errors when 
bundled, "use 
client" in "node_modu
les/@mui/icons-materi
al/esm/Cottage.js" 
was ignored.
node_modules/@mui/ico
ns-material/esm/Corpo
rateFareRounded.js 
(1:0): Module level 
directives cause 
errors when bundled, 
"use client" in "node
_modules/@mui/icons-m
aterial/esm/Corporate
FareRounded.js" was 
ignored.
node_modules/@mui/ico
ns-material/esm/Cotta
geRounded.js (1:0): 
Module level 
directives cause 
errors when bundled, 
"use client" in "node
_modules/@mui/icons-m
aterial/esm/CottageRo
unded.js" was 
ignored.
node_modules/@mui/ico
ns-material/esm/Cotta
geSharp.js (1:0): 
Module level 
directives cause 
errors when bundled, 
"use client" in "node
_modules/@mui/icons-m
aterial/esm/CottageSh
arp.js" was ignored.
node_modules/@mui/ico
ns-material/esm/Cotta
geOutlined.js (1:0): 
Module level 
directives cause 
errors when bundled, 
"use client" in "node
_modules/@mui/icons-m
aterial/esm/CottageOu
tlined.js" was 
ignored.
node_modules/@mui/ico
ns-material/esm/Count
ertopsOutlined.js 
(1:0): Module level 
directives cause 
errors when bundled, 
"use client" in "node
_modules/@mui/icons-m
aterial/esm/Counterto
psOutlined.js" was 
ignored.
node_modules/@mui/ico
ns-material/esm/Count
ertops.js (1:0): 
Module level 
directives cause 
errors when bundled, 
"use client" in "node
_modules/@mui/icons-m
aterial/esm/Counterto
ps.js" was ignored.
node_modules/@mui/ico
ns-material/esm/Count
ertopsSharp.js 
(1:0): Module level 
directives cause 
errors when bundled, 
"use client" in "node
_modules/@mui/icons-m
aterial/esm/Counterto
psSharp.js" was 
ignored.
node_modules/@mui/ico
ns-material/esm/Cotta
geTwoTone.js (1:0): 
Module level 
directives cause 
errors when bundled, 
"use client" in "node
_modules/@mui/icons-m
aterial/esm/CottageTw
oTone.js" was 
ignored.
node_modules/@mui/ico
ns-material/esm/Creat
e.js (1:0): Module 
level directives 
cause errors when 
bundled, "use 
client" in "node_modu
les/@mui/icons-materi
al/esm/Create.js" 
was ignored.
node_modules/@mui/ico
ns-material/esm/Count
ertopsTwoTone.js 
(1:0): Module level 
directives cause 
errors when bundled, 
"use client" in "node
_modules/@mui/icons-m
aterial/esm/Counterto
psTwoTone.js" was 
ignored.
node_modules/@mui/ico
ns-material/esm/Count
ertopsRounded.js 
(1:0): Module level 
directives cause 
errors when bundled, 
"use client" in "node
_modules/@mui/icons-m
aterial/esm/Counterto
psRounded.js" was 
ignored.
node_modules/@mui/ico
ns-material/esm/Creat
eNewFolderOutlined.js
 (1:0): Module level 
directives cause 
errors when bundled, 
"use client" in "node
_modules/@mui/icons-m
aterial/esm/CreateNew
FolderOutlined.js" 
was ignored.
node_modules/@mui/ico
ns-material/esm/Creat
eNewFolderSharp.js 
(1:0): Module level 
directives cause 
errors when bundled, 
"use client" in "node
_modules/@mui/icons-m
aterial/esm/CreateNew
FolderSharp.js" was 
ignored.
node_modules/@mui/ico
ns-material/esm/Creat
eNewFolderRounded.js 
(1:0): Module level 
directives cause 
errors when bundled, 
"use client" in "node
_modules/@mui/icons-m
aterial/esm/CreateNew
FolderRounded.js" 
was ignored.
node_modules/@mui/ico
ns-material/esm/Creat
eNewFolder.js (1:0): 
Module level 
directives cause 
errors when bundled, 
"use client" in "node
_modules/@mui/icons-m
aterial/esm/CreateNew
Folder.js" was 
ignored.
node_modules/@mui/ico
ns-material/esm/Creat
eOutlined.js (1:0): 
Module level 
directives cause 
errors when bundled, 
"use client" in "node
_modules/@mui/icons-m
aterial/esm/CreateOut
lined.js" was 
ignored.
node_modules/@mui/ico
ns-material/esm/Creat
eNewFolderTwoTone.js 
(1:0): Module level 
directives cause 
errors when bundled, 
"use client" in "node
_modules/@mui/icons-m
aterial/esm/CreateNew
FolderTwoTone.js" 
was ignored.
node_modules/@mui/ico
ns-material/esm/Creat
eRounded.js (1:0): 
Module level 
directives cause 
errors when bundled, 
"use client" in "node
_modules/@mui/icons-m
aterial/esm/CreateRou
nded.js" was ignored.
node_modules/@mui/ico
ns-material/esm/Credi
tCard.js (1:0): 
Module level 
directives cause 
errors when bundled, 
"use client" in "node
_modules/@mui/icons-m
aterial/esm/CreditCar
d.js" was ignored.
node_modules/@mui/ico
ns-material/esm/Creat
eSharp.js (1:0): 
Module level 
directives cause 
errors when bundled, 
"use client" in "node
_modules/@mui/icons-m
aterial/esm/CreateSha
rp.js" was ignored.
node_modules/@mui/ico
ns-material/esm/Credi
tCardOffOutlined.js 
(1:0): Module level 
directives cause 
errors when bundled, 
"use client" in "node
_modules/@mui/icons-m
aterial/esm/CreditCar
dOffOutlined.js" was 
ignored.
node_modules/@mui/ico
ns-material/esm/Creat
eTwoTone.js (1:0): 
Module level 
directives cause 
errors when bundled, 
"use client" in "node
_modules/@mui/icons-m
aterial/esm/CreateTwo
Tone.js" was ignored.
node_modules/@mui/ico
ns-material/esm/Credi
tCardOff.js (1:0): 
Module level 
directives cause 
errors when bundled, 
"use client" in "node
_modules/@mui/icons-m
aterial/esm/CreditCar
dOff.js" was ignored.
node_modules/@mui/ico
ns-material/esm/Credi
tCardOffSharp.js 
(1:0): Module level 
directives cause 
errors when bundled, 
"use client" in "node
_modules/@mui/icons-m
aterial/esm/CreditCar
dOffSharp.js" was 
ignored.
node_modules/@mui/ico
ns-material/esm/Credi
tCardRounded.js 
(1:0): Module level 
directives cause 
errors when bundled, 
"use client" in "node
_modules/@mui/icons-m
aterial/esm/CreditCar
dRounded.js" was 
ignored.
node_modules/@mui/ico
ns-material/esm/Credi
tCardOffTwoTone.js 
(1:0): Module level 
directives cause 
errors when bundled, 
"use client" in "node
_modules/@mui/icons-m
aterial/esm/CreditCar
dOffTwoTone.js" was 
ignored.
node_modules/@mui/ico
ns-material/esm/Credi
tCardOffRounded.js 
(1:0): Module level 
directives cause 
errors when bundled, 
"use client" in "node
_modules/@mui/icons-m
aterial/esm/CreditCar
dOffRounded.js" was 
ignored.
node_modules/@mui/ico
ns-material/esm/Credi
tCardSharp.js (1:0): 
Module level 
directives cause 
errors when bundled, 
"use client" in "node
_modules/@mui/icons-m
aterial/esm/CreditCar
dSharp.js" was 
ignored.
node_modules/@mui/ico
ns-material/esm/Credi
tCardOutlined.js 
(1:0): Module level 
directives cause 
errors when bundled, 
"use client" in "node
_modules/@mui/icons-m
aterial/esm/CreditCar
dOutlined.js" was 
ignored.
node_modules/@mui/ico
ns-material/esm/Credi
tCardTwoTone.js 
(1:0): Module level 
directives cause 
errors when bundled, 
"use client" in "node
_modules/@mui/icons-m
aterial/esm/CreditCar
dTwoTone.js" was 
ignored.
node_modules/@mui/ico
ns-material/esm/Credi
tScoreOutlined.js 
(1:0): Module level 
directives cause 
errors when bundled, 
"use client" in "node
_modules/@mui/icons-m
aterial/esm/CreditSco
reOutlined.js" was 
ignored.
node_modules/@mui/ico
ns-material/esm/Credi
tScoreTwoTone.js 
(1:0): Module level 
directives cause 
errors when bundled, 
"use client" in "node
_modules/@mui/icons-m
aterial/esm/CreditSco
reTwoTone.js" was 
ignored.
node_modules/@mui/ico
ns-material/esm/Credi
tScore.js (1:0): 
Module level 
directives cause 
errors when bundled, 
"use client" in "node
_modules/@mui/icons-m
aterial/esm/CreditSco
re.js" was ignored.
node_modules/@mui/ico
ns-material/esm/Credi
tScoreSharp.js 
(1:0): Module level 
directives cause 
errors when bundled, 
"use client" in "node
_modules/@mui/icons-m
aterial/esm/CreditSco
reSharp.js" was 
ignored.
node_modules/@mui/ico
ns-material/esm/Crib.
js (1:0): Module 
level directives 
cause errors when 
bundled, "use 
client" in "node_modu
les/@mui/icons-materi
al/esm/Crib.js" was 
ignored.
node_modules/@mui/ico
ns-material/esm/Credi
tScoreRounded.js 
(1:0): Module level 
directives cause 
errors when bundled, 
"use client" in "node
_modules/@mui/icons-m
aterial/esm/CreditSco
reRounded.js" was 
ignored.
node_modules/@mui/ico
ns-material/esm/CribS
harp.js (1:0): 
Module level 
directives cause 
errors when bundled, 
"use client" in "node
_modules/@mui/icons-m
aterial/esm/CribSharp
.js" was ignored.
node_modules/@mui/ico
ns-material/esm/CribR
ounded.js (1:0): 
Module level 
directives cause 
errors when bundled, 
"use client" in "node
_modules/@mui/icons-m
aterial/esm/CribRound
ed.js" was ignored.
node_modules/@mui/ico
ns-material/esm/Crisi
sAlert.js (1:0): 
Module level 
directives cause 
errors when bundled, 
"use client" in "node
_modules/@mui/icons-m
aterial/esm/CrisisAle
rt.js" was ignored.
node_modules/@mui/ico
ns-material/esm/CribO
utlined.js (1:0): 
Module level 
directives cause 
errors when bundled, 
"use client" in "node
_modules/@mui/icons-m
aterial/esm/CribOutli
ned.js" was ignored.
node_modules/@mui/ico
ns-material/esm/Crisi
sAlertOutlined.js 
(1:0): Module level 
directives cause 
errors when bundled, 
"use client" in "node
_modules/@mui/icons-m
aterial/esm/CrisisAle
rtOutlined.js" was 
ignored.
node_modules/@mui/ico
ns-material/esm/Crisi
sAlertRounded.js 
(1:0): Module level 
directives cause 
errors when bundled, 
"use client" in "node
_modules/@mui/icons-m
aterial/esm/CrisisAle
rtRounded.js" was 
ignored.
node_modules/@mui/ico
ns-material/esm/CribT
woTone.js (1:0): 
Module level 
directives cause 
errors when bundled, 
"use client" in "node
_modules/@mui/icons-m
aterial/esm/CribTwoTo
ne.js" was ignored.
node_modules/@mui/ico
ns-material/esm/Crop.
js (1:0): Module 
level directives 
cause errors when 
bundled, "use 
client" in "node_modu
les/@mui/icons-materi
al/esm/Crop.js" was 
ignored.
node_modules/@mui/ico
ns-material/esm/Crisi
sAlertTwoTone.js 
(1:0): Module level 
directives cause 
errors when bundled, 
"use client" in "node
_modules/@mui/icons-m
aterial/esm/CrisisAle
rtTwoTone.js" was 
ignored.
node_modules/@mui/ico
ns-material/esm/Crop1
69Outlined.js (1:0): 
Module level 
directives cause 
errors when bundled, 
"use client" in "node
_modules/@mui/icons-m
aterial/esm/Crop169Ou
tlined.js" was 
ignored.
node_modules/@mui/ico
ns-material/esm/Crisi
sAlertSharp.js 
(1:0): Module level 
directives cause 
errors when bundled, 
"use client" in "node
_modules/@mui/icons-m
aterial/esm/CrisisAle
rtSharp.js" was 
ignored.
node_modules/@mui/ico
ns-material/esm/Crop1
69.js (1:0): Module 
level directives 
cause errors when 
bundled, "use 
client" in "node_modu
les/@mui/icons-materi
al/esm/Crop169.js" 
was ignored.
node_modules/@mui/ico
ns-material/esm/Crop1
69Sharp.js (1:0): 
Module level 
directives cause 
errors when bundled, 
"use client" in "node
_modules/@mui/icons-m
aterial/esm/Crop169Sh
arp.js" was ignored.
node_modules/@mui/ico
ns-material/esm/Crop1
69Rounded.js (1:0): 
Module level 
directives cause 
errors when bundled, 
"use client" in "node
_modules/@mui/icons-m
aterial/esm/Crop169Ro
unded.js" was 
ignored.
node_modules/@mui/ico
ns-material/esm/Crop3
2Outlined.js (1:0): 
Module level 
directives cause 
errors when bundled, 
"use client" in "node
_modules/@mui/icons-m
aterial/esm/Crop32Out
lined.js" was 
ignored.
node_modules/@mui/ico
ns-material/esm/Crop1
69TwoTone.js (1:0): 
Module level 
directives cause 
errors when bundled, 
"use client" in "node
_modules/@mui/icons-m
aterial/esm/Crop169Tw
oTone.js" was 
ignored.
node_modules/@mui/ico
ns-material/esm/Crop3
2Sharp.js (1:0): 
Module level 
directives cause 
errors when bundled, 
"use client" in "node
_modules/@mui/icons-m
aterial/esm/Crop32Sha
rp.js" was ignored.
node_modules/@mui/ico
ns-material/esm/Crop3
2Rounded.js (1:0): 
Module level 
directives cause 
errors when bundled, 
"use client" in "node
_modules/@mui/icons-m
aterial/esm/Crop32Rou
nded.js" was ignored.
node_modules/@mui/ico
ns-material/esm/Crop3
2.js (1:0): Module 
level directives 
cause errors when 
bundled, "use 
client" in "node_modu
les/@mui/icons-materi
al/esm/Crop32.js" 
was ignored.
node_modules/@mui/ico
ns-material/esm/Crop5
4.js (1:0): Module 
level directives 
cause errors when 
bundled, "use 
client" in "node_modu
les/@mui/icons-materi
al/esm/Crop54.js" 
was ignored.
node_modules/@mui/ico
ns-material/esm/Crop5
4Outlined.js (1:0): 
Module level 
directives cause 
errors when bundled, 
"use client" in "node
_modules/@mui/icons-m
aterial/esm/Crop54Out
lined.js" was 
ignored.
node_modules/@mui/ico
ns-material/esm/Crop5
4Sharp.js (1:0): 
Module level 
directives cause 
errors when bundled, 
"use client" in "node
_modules/@mui/icons-m
aterial/esm/Crop54Sha
rp.js" was ignored.
node_modules/@mui/ico
ns-material/esm/Crop3
2TwoTone.js (1:0): 
Module level 
directives cause 
errors when bundled, 
"use client" in "node
_modules/@mui/icons-m
aterial/esm/Crop32Two
Tone.js" was ignored.
node_modules/@mui/ico
ns-material/esm/Crop7
5.js (1:0): Module 
level directives 
cause errors when 
bundled, "use 
client" in "node_modu
les/@mui/icons-materi
al/esm/Crop75.js" 
was ignored.
node_modules/@mui/ico
ns-material/esm/Crop5
4Rounded.js (1:0): 
Module level 
directives cause 
errors when bundled, 
"use client" in "node
_modules/@mui/icons-m
aterial/esm/Crop54Rou
nded.js" was ignored.
node_modules/@mui/ico
ns-material/esm/Crop5
4TwoTone.js (1:0): 
Module level 
directives cause 
errors when bundled, 
"use client" in "node
_modules/@mui/icons-m
aterial/esm/Crop54Two
Tone.js" was ignored.
node_modules/@mui/ico
ns-material/esm/Crop7
5Rounded.js (1:0): 
Module level 
directives cause 
errors when bundled, 
"use client" in "node
_modules/@mui/icons-m
aterial/esm/Crop75Rou
nded.js" was ignored.
node_modules/@mui/ico
ns-material/esm/CropD
in.js (1:0): Module 
level directives 
cause errors when 
bundled, "use 
client" in "node_modu
les/@mui/icons-materi
al/esm/CropDin.js" 
was ignored.
node_modules/@mui/ico
ns-material/esm/Crop7
5TwoTone.js (1:0): 
Module level 
directives cause 
errors when bundled, 
"use client" in "node
_modules/@mui/icons-m
aterial/esm/Crop75Two
Tone.js" was ignored.
node_modules/@mui/ico
ns-material/esm/Crop7
5Outlined.js (1:0): 
Module level 
directives cause 
errors when bundled, 
"use client" in "node
_modules/@mui/icons-m
aterial/esm/Crop75Out
lined.js" was 
ignored.
node_modules/@mui/ico
ns-material/esm/CropD
inOutlined.js (1:0): 
Module level 
directives cause 
errors when bundled, 
"use client" in "node
_modules/@mui/icons-m
aterial/esm/CropDinOu
tlined.js" was 
ignored.
node_modules/@mui/ico
ns-material/esm/Crop7
5Sharp.js (1:0): 
Module level 
directives cause 
errors when bundled, 
"use client" in "node
_modules/@mui/icons-m
aterial/esm/Crop75Sha
rp.js" was ignored.
node_modules/@mui/ico
ns-material/esm/CropF
reeRounded.js (1:0): 
Module level 
directives cause 
errors when bundled, 
"use client" in "node
_modules/@mui/icons-m
aterial/esm/CropFreeR
ounded.js" was 
ignored.
node_modules/@mui/ico
ns-material/esm/CropF
ree.js (1:0): Module 
level directives 
cause errors when 
bundled, "use 
client" in "node_modu
les/@mui/icons-materi
al/esm/CropFree.js" 
was ignored.
node_modules/@mui/ico
ns-material/esm/CropD
inRounded.js (1:0): 
Module level 
directives cause 
errors when bundled, 
"use client" in "node
_modules/@mui/icons-m
aterial/esm/CropDinRo
unded.js" was 
ignored.
node_modules/@mui/ico
ns-material/esm/CropF
reeOutlined.js 
(1:0): Module level 
directives cause 
errors when bundled, 
"use client" in "node
_modules/@mui/icons-m
aterial/esm/CropFreeO
utlined.js" was 
ignored.
node_modules/@mui/ico
ns-material/esm/CropL
andscape.js (1:0): 
Module level 
directives cause 
errors when bundled, 
"use client" in "node
_modules/@mui/icons-m
aterial/esm/CropLands
cape.js" was ignored.
node_modules/@mui/ico
ns-material/esm/CropF
reeTwoTone.js (1:0): 
Module level 
directives cause 
errors when bundled, 
"use client" in "node
_modules/@mui/icons-m
aterial/esm/CropFreeT
woTone.js" was 
ignored.
node_modules/@mui/ico
ns-material/esm/CropF
reeSharp.js (1:0): 
Module level 
directives cause 
errors when bundled, 
"use client" in "node
_modules/@mui/icons-m
aterial/esm/CropFreeS
harp.js" was ignored.
node_modules/@mui/ico
ns-material/esm/CropL
andscapeRounded.js 
(1:0): Module level 
directives cause 
errors when bundled, 
"use client" in "node
_modules/@mui/icons-m
aterial/esm/CropLands
capeRounded.js" was 
ignored.
node_modules/@mui/ico
ns-material/esm/CropD
inTwoTone.js (1:0): 
Module level 
directives cause 
errors when bundled, 
"use client" in "node
_modules/@mui/icons-m
aterial/esm/CropDinTw
oTone.js" was 
ignored.
node_modules/@mui/ico
ns-material/esm/CropL
andscapeTwoTone.js 
(1:0): Module level 
directives cause 
errors when bundled, 
"use client" in "node
_modules/@mui/icons-m
aterial/esm/CropLands
capeTwoTone.js" was 
ignored.
node_modules/@mui/ico
ns-material/esm/CropL
andscapeOutlined.js 
(1:0): Module level 
directives cause 
errors when bundled, 
"use client" in "node
_modules/@mui/icons-m
aterial/esm/CropLands
capeOutlined.js" was 
ignored.
node_modules/@mui/ico
ns-material/esm/CropO
riginalOutlined.js 
(1:0): Module level 
directives cause 
errors when bundled, 
"use client" in "node
_modules/@mui/icons-m
aterial/esm/CropOrigi
nalOutlined.js" was 
ignored.
node_modules/@mui/ico
ns-material/esm/CropL
andscapeSharp.js 
(1:0): Module level 
directives cause 
errors when bundled, 
"use client" in "node
_modules/@mui/icons-m
aterial/esm/CropLands
capeSharp.js" was 
ignored.
node_modules/@mui/ico
ns-material/esm/CropO
riginal.js (1:0): 
Module level 
directives cause 
errors when bundled, 
"use client" in "node
_modules/@mui/icons-m
aterial/esm/CropOrigi
nal.js" was ignored.
node_modules/@mui/ico
ns-material/esm/CropO
riginalSharp.js 
(1:0): Module level 
directives cause 
errors when bundled, 
"use client" in "node
_modules/@mui/icons-m
aterial/esm/CropOrigi
nalSharp.js" was 
ignored.
node_modules/@mui/ico
ns-material/esm/CropO
riginalRounded.js 
(1:0): Module level 
directives cause 
errors when bundled, 
"use client" in "node
_modules/@mui/icons-m
aterial/esm/CropOrigi
nalRounded.js" was 
ignored.
node_modules/@mui/ico
ns-material/esm/CropP
ortrait.js (1:0): 
Module level 
directives cause 
errors when bundled, 
"use client" in "node
_modules/@mui/icons-m
aterial/esm/CropPortr
ait.js" was ignored.
node_modules/@mui/ico
ns-material/esm/CropO
riginalTwoTone.js 
(1:0): Module level 
directives cause 
errors when bundled, 
"use client" in "node
_modules/@mui/icons-m
aterial/esm/CropOrigi
nalTwoTone.js" was 
ignored.
node_modules/@mui/ico
ns-material/esm/CropO
utlined.js (1:0): 
Module level 
directives cause 
errors when bundled, 
"use client" in "node
_modules/@mui/icons-m
aterial/esm/CropOutli
ned.js" was ignored.
node_modules/@mui/ico
ns-material/esm/CropP
ortraitOutlined.js 
(1:0): Module level 
directives cause 
errors when bundled, 
"use client" in "node
_modules/@mui/icons-m
aterial/esm/CropPortr
aitOutlined.js" was 
ignored.
node_modules/@mui/ico
ns-material/esm/CropD
inSharp.js (1:0): 
Module level 
directives cause 
errors when bundled, 
"use client" in "node
_modules/@mui/icons-m
aterial/esm/CropDinSh
arp.js" was ignored.
node_modules/@mui/ico
ns-material/esm/CropP
ortraitRounded.js 
(1:0): Module level 
directives cause 
errors when bundled, 
"use client" in "node
_modules/@mui/icons-m
aterial/esm/CropPortr
aitRounded.js" was 
ignored.
node_modules/@mui/ico
ns-material/esm/CropP
ortraitTwoTone.js 
(1:0): Module level 
directives cause 
errors when bundled, 
"use client" in "node
_modules/@mui/icons-m
aterial/esm/CropPortr
aitTwoTone.js" was 
ignored.
node_modules/@mui/ico
ns-material/esm/CropP
ortraitSharp.js 
(1:0): Module level 
directives cause 
errors when bundled, 
"use client" in "node
_modules/@mui/icons-m
aterial/esm/CropPortr
aitSharp.js" was 
ignored.
node_modules/@mui/ico
ns-material/esm/CropR
otateRounded.js 
(1:0): Module level 
directives cause 
errors when bundled, 
"use client" in "node
_modules/@mui/icons-m
aterial/esm/CropRotat
eRounded.js" was 
ignored.
node_modules/@mui/ico
ns-material/esm/CropR
otate.js (1:0): 
Module level 
directives cause 
errors when bundled, 
"use client" in "node
_modules/@mui/icons-m
aterial/esm/CropRotat
e.js" was ignored.
node_modules/@mui/ico
ns-material/esm/CropR
otateOutlined.js 
(1:0): Module level 
directives cause 
errors when bundled, 
"use client" in "node
_modules/@mui/icons-m
aterial/esm/CropRotat
eOutlined.js" was 
ignored.
node_modules/@mui/ico
ns-material/esm/CropR
otateTwoTone.js 
(1:0): Module level 
directives cause 
errors when bundled, 
"use client" in "node
_modules/@mui/icons-m
aterial/esm/CropRotat
eTwoTone.js" was 
ignored.
node_modules/@mui/ico
ns-material/esm/CropR
otateSharp.js (1:0): 
Module level 
directives cause 
errors when bundled, 
"use client" in "node
_modules/@mui/icons-m
aterial/esm/CropRotat
eSharp.js" was 
ignored.
node_modules/@mui/ico
ns-material/esm/CropR
ounded.js (1:0): 
Module level 
directives cause 
errors when bundled, 
"use client" in "node
_modules/@mui/icons-m
aterial/esm/CropRound
ed.js" was ignored.
node_modules/@mui/ico
ns-material/esm/CropS
quare.js (1:0): 
Module level 
directives cause 
errors when bundled, 
"use client" in "node
_modules/@mui/icons-m
aterial/esm/CropSquar
e.js" was ignored.
node_modules/@mui/ico
ns-material/esm/CropS
quareTwoTone.js 
(1:0): Module level 
directives cause 
errors when bundled, 
"use client" in "node
_modules/@mui/icons-m
aterial/esm/CropSquar
eTwoTone.js" was 
ignored.
node_modules/@mui/ico
ns-material/esm/CropS
harp.js (1:0): 
Module level 
directives cause 
errors when bundled, 
"use client" in "node
_modules/@mui/icons-m
aterial/esm/CropSharp
.js" was ignored.
node_modules/@mui/ico
ns-material/esm/CropT
woTone.js (1:0): 
Module level 
directives cause 
errors when bundled, 
"use client" in "node
_modules/@mui/icons-m
aterial/esm/CropTwoTo
ne.js" was ignored.
node_modules/@mui/ico
ns-material/esm/CropS
quareRounded.js 
(1:0): Module level 
directives cause 
errors when bundled, 
"use client" in "node
_modules/@mui/icons-m
aterial/esm/CropSquar
eRounded.js" was 
ignored.
node_modules/@mui/ico
ns-material/esm/CssOu
tlined.js (1:0): 
Module level 
directives cause 
errors when bundled, 
"use client" in "node
_modules/@mui/icons-m
aterial/esm/CssOutlin
ed.js" was ignored.
node_modules/@mui/ico
ns-material/esm/Css.j
s (1:0): Module 
level directives 
cause errors when 
bundled, "use 
client" in "node_modu
les/@mui/icons-materi
al/esm/Css.js" was 
ignored.
node_modules/@mui/ico
ns-material/esm/CropS
quareSharp.js (1:0): 
Module level 
directives cause 
errors when bundled, 
"use client" in "node
_modules/@mui/icons-m
aterial/esm/CropSquar
eSharp.js" was 
ignored.
node_modules/@mui/ico
ns-material/esm/CssSh
arp.js (1:0): Module 
level directives 
cause errors when 
bundled, "use 
client" in "node_modu
les/@mui/icons-materi
al/esm/CssSharp.js" 
was ignored.
node_modules/@mui/ico
ns-material/esm/CssRo
unded.js (1:0): 
Module level 
directives cause 
errors when bundled, 
"use client" in "node
_modules/@mui/icons-m
aterial/esm/CssRounde
d.js" was ignored.
node_modules/@mui/ico
ns-material/esm/Curre
ncyBitcoinOutlined.js
 (1:0): Module level 
directives cause 
errors when bundled, 
"use client" in "node
_modules/@mui/icons-m
aterial/esm/CurrencyB
itcoinOutlined.js" 
was ignored.
node_modules/@mui/ico
ns-material/esm/CssTw
oTone.js (1:0): 
Module level 
directives cause 
errors when bundled, 
"use client" in "node
_modules/@mui/icons-m
aterial/esm/CssTwoTon
e.js" was ignored.
node_modules/@mui/ico
ns-material/esm/Curre
ncyBitcoin.js (1:0): 
Module level 
directives cause 
errors when bundled, 
"use client" in "node
_modules/@mui/icons-m
aterial/esm/CurrencyB
itcoin.js" was 
ignored.
node_modules/@mui/ico
ns-material/esm/Curre
ncyBitcoinRounded.js 
(1:0): Module level 
directives cause 
errors when bundled, 
"use client" in "node
_modules/@mui/icons-m
aterial/esm/CurrencyB
itcoinRounded.js" 
was ignored.
node_modules/@mui/ico
ns-material/esm/Curre
ncyBitcoinTwoTone.js 
(1:0): Module level 
directives cause 
errors when bundled, 
"use client" in "node
_modules/@mui/icons-m
aterial/esm/CurrencyB
itcoinTwoTone.js" 
was ignored.
node_modules/@mui/ico
ns-material/esm/Curre
ncyBitcoinSharp.js 
(1:0): Module level 
directives cause 
errors when bundled, 
"use client" in "node
_modules/@mui/icons-m
aterial/esm/CurrencyB
itcoinSharp.js" was 
ignored.
node_modules/@mui/ico
ns-material/esm/Curre
ncyExchangeOutlined.j
s (1:0): Module 
level directives 
cause errors when 
bundled, "use 
client" in "node_modu
les/@mui/icons-materi
al/esm/CurrencyExchan
geOutlined.js" was 
ignored.
node_modules/@mui/ico
ns-material/esm/Curre
ncyExchange.js 
(1:0): Module level 
directives cause 
errors when bundled, 
"use client" in "node
_modules/@mui/icons-m
aterial/esm/CurrencyE
xchange.js" was 
ignored.
node_modules/@mui/ico
ns-material/esm/Curre
ncyExchangeRounded.js
 (1:0): Module level 
directives cause 
errors when bundled, 
"use client" in "node
_modules/@mui/icons-m
aterial/esm/CurrencyE
xchangeRounded.js" 
was ignored.
node_modules/@mui/ico
ns-material/esm/Curre
ncyExchangeSharp.js 
(1:0): Module level 
directives cause 
errors when bundled, 
"use client" in "node
_modules/@mui/icons-m
aterial/esm/CurrencyE
xchangeSharp.js" was 
ignored.
node_modules/@mui/ico
ns-material/esm/Curre
ncyFranc.js (1:0): 
Module level 
directives cause 
errors when bundled, 
"use client" in "node
_modules/@mui/icons-m
aterial/esm/CurrencyF
ranc.js" was ignored.
node_modules/@mui/ico
ns-material/esm/Curre
ncyExchangeTwoTone.js
 (1:0): Module level 
directives cause 
errors when bundled, 
"use client" in "node
_modules/@mui/icons-m
aterial/esm/CurrencyE
xchangeTwoTone.js" 
was ignored.
node_modules/@mui/ico
ns-material/esm/Curre
ncyFrancOutlined.js 
(1:0): Module level 
directives cause 
errors when bundled, 
"use client" in "node
_modules/@mui/icons-m
aterial/esm/CurrencyF
rancOutlined.js" was 
ignored.
node_modules/@mui/ico
ns-material/esm/CropS
quareOutlined.js 
(1:0): Module level 
directives cause 
errors when bundled, 
"use client" in "node
_modules/@mui/icons-m
aterial/esm/CropSquar
eOutlined.js" was 
ignored.
node_modules/@mui/ico
ns-material/esm/Curre
ncyFrancSharp.js 
(1:0): Module level 
directives cause 
errors when bundled, 
"use client" in "node
_modules/@mui/icons-m
aterial/esm/CurrencyF
rancSharp.js" was 
ignored.
node_modules/@mui/ico
ns-material/esm/Curre
ncyFrancRounded.js 
(1:0): Module level 
directives cause 
errors when bundled, 
"use client" in "node
_modules/@mui/icons-m
aterial/esm/CurrencyF
rancRounded.js" was 
ignored.
node_modules/@mui/ico
ns-material/esm/Curre
ncyFrancTwoTone.js 
(1:0): Module level 
directives cause 
errors when bundled, 
"use client" in "node
_modules/@mui/icons-m
aterial/esm/CurrencyF
rancTwoTone.js" was 
ignored.
node_modules/@mui/ico
ns-material/esm/Curre
ncyLiraOutlined.js 
(1:0): Module level 
directives cause 
errors when bundled, 
"use client" in "node
_modules/@mui/icons-m
aterial/esm/CurrencyL
iraOutlined.js" was 
ignored.
node_modules/@mui/ico
ns-material/esm/Curre
ncyLiraRounded.js 
(1:0): Module level 
directives cause 
errors when bundled, 
"use client" in "node
_modules/@mui/icons-m
aterial/esm/CurrencyL
iraRounded.js" was 
ignored.
node_modules/@mui/ico
ns-material/esm/Curre
ncyLiraTwoTone.js 
(1:0): Module level 
directives cause 
errors when bundled, 
"use client" in "node
_modules/@mui/icons-m
aterial/esm/CurrencyL
iraTwoTone.js" was 
ignored.
node_modules/@mui/ico
ns-material/esm/Curre
ncyPound.js (1:0): 
Module level 
directives cause 
errors when bundled, 
"use client" in "node
_modules/@mui/icons-m
aterial/esm/CurrencyP
ound.js" was ignored.
node_modules/@mui/ico
ns-material/esm/Curre
ncyLira.js (1:0): 
Module level 
directives cause 
errors when bundled, 
"use client" in "node
_modules/@mui/icons-m
aterial/esm/CurrencyL
ira.js" was ignored.
node_modules/@mui/ico
ns-material/esm/Curre
ncyPoundOutlined.js 
(1:0): Module level 
directives cause 
errors when bundled, 
"use client" in "node
_modules/@mui/icons-m
aterial/esm/CurrencyP
oundOutlined.js" was 
ignored.
node_modules/@mui/ico
ns-material/esm/Curre
ncyPoundRounded.js 
(1:0): Module level 
directives cause 
errors when bundled, 
"use client" in "node
_modules/@mui/icons-m
aterial/esm/CurrencyP
oundRounded.js" was 
ignored.
node_modules/@mui/ico
ns-material/esm/Curre
ncyLiraSharp.js 
(1:0): Module level 
directives cause 
errors when bundled, 
"use client" in "node
_modules/@mui/icons-m
aterial/esm/CurrencyL
iraSharp.js" was 
ignored.
node_modules/@mui/ico
ns-material/esm/Curre
ncyPoundSharp.js 
(1:0): Module level 
directives cause 
errors when bundled, 
"use client" in "node
_modules/@mui/icons-m
aterial/esm/CurrencyP
oundSharp.js" was 
ignored.
node_modules/@mui/ico
ns-material/esm/Curre
ncyPoundTwoTone.js 
(1:0): Module level 
directives cause 
errors when bundled, 
"use client" in "node
_modules/@mui/icons-m
aterial/esm/CurrencyP
oundTwoTone.js" was 
ignored.
node_modules/@mui/ico
ns-material/esm/Curre
ncyRuble.js (1:0): 
Module level 
directives cause 
errors when bundled, 
"use client" in "node
_modules/@mui/icons-m
aterial/esm/CurrencyR
uble.js" was ignored.
node_modules/@mui/ico
ns-material/esm/Curre
ncyRubleOutlined.js 
(1:0): Module level 
directives cause 
errors when bundled, 
"use client" in "node
_modules/@mui/icons-m
aterial/esm/CurrencyR
ubleOutlined.js" was 
ignored.
node_modules/@mui/ico
ns-material/esm/Curre
ncyRubleSharp.js 
(1:0): Module level 
directives cause 
errors when bundled, 
"use client" in "node
_modules/@mui/icons-m
aterial/esm/CurrencyR
ubleSharp.js" was 
ignored.
node_modules/@mui/ico
ns-material/esm/Curre
ncyRubleRounded.js 
(1:0): Module level 
directives cause 
errors when bundled, 
"use client" in "node
_modules/@mui/icons-m
aterial/esm/CurrencyR
ubleRounded.js" was 
ignored.
node_modules/@mui/ico
ns-material/esm/Curre
ncyRubleTwoTone.js 
(1:0): Module level 
directives cause 
errors when bundled, 
"use client" in "node
_modules/@mui/icons-m
aterial/esm/CurrencyR
ubleTwoTone.js" was 
ignored.
node_modules/@mui/ico
ns-material/esm/Curre
ncyRupeeOutlined.js 
(1:0): Module level 
directives cause 
errors when bundled, 
"use client" in "node
_modules/@mui/icons-m
aterial/esm/CurrencyR
upeeOutlined.js" was 
ignored.
node_modules/@mui/ico
ns-material/esm/Curre
ncyRupee.js (1:0): 
Module level 
directives cause 
errors when bundled, 
"use client" in "node
_modules/@mui/icons-m
aterial/esm/CurrencyR
upee.js" was ignored.
node_modules/@mui/ico
ns-material/esm/Curre
ncyRupeeSharp.js 
(1:0): Module level 
directives cause 
errors when bundled, 
"use client" in "node
_modules/@mui/icons-m
aterial/esm/CurrencyR
upeeSharp.js" was 
ignored.
node_modules/@mui/ico
ns-material/esm/Curre
ncyRupeeTwoTone.js 
(1:0): Module level 
directives cause 
errors when bundled, 
"use client" in "node
_modules/@mui/icons-m
aterial/esm/CurrencyR
upeeTwoTone.js" was 
ignored.
node_modules/@mui/ico
ns-material/esm/Curre
ncyYen.js (1:0): 
Module level 
directives cause 
errors when bundled, 
"use client" in "node
_modules/@mui/icons-m
aterial/esm/CurrencyY
en.js" was ignored.
node_modules/@mui/ico
ns-material/esm/Curre
ncyYenOutlined.js 
(1:0): Module level 
directives cause 
errors when bundled, 
"use client" in "node
_modules/@mui/icons-m
aterial/esm/CurrencyY
enOutlined.js" was 
ignored.
node_modules/@mui/ico
ns-material/esm/Curre
ncyRupeeRounded.js 
(1:0): Module level 
directives cause 
errors when bundled, 
"use client" in "node
_modules/@mui/icons-m
aterial/esm/CurrencyR
upeeRounded.js" was 
ignored.
node_modules/@mui/ico
ns-material/esm/Curre
ncyYenRounded.js 
(1:0): Module level 
directives cause 
errors when bundled, 
"use client" in "node
_modules/@mui/icons-m
aterial/esm/CurrencyY
enRounded.js" was 
ignored.
node_modules/@mui/ico
ns-material/esm/Curre
ncyYenTwoTone.js 
(1:0): Module level 
directives cause 
errors when bundled, 
"use client" in "node
_modules/@mui/icons-m
aterial/esm/CurrencyY
enTwoTone.js" was 
ignored.
node_modules/@mui/ico
ns-material/esm/Curre
ncyYenSharp.js 
(1:0): Module level 
directives cause 
errors when bundled, 
"use client" in "node
_modules/@mui/icons-m
aterial/esm/CurrencyY
enSharp.js" was 
ignored.
node_modules/@mui/ico
ns-material/esm/Curre
ncyYuanOutlined.js 
(1:0): Module level 
directives cause 
errors when bundled, 
"use client" in "node
_modules/@mui/icons-m
aterial/esm/CurrencyY
uanOutlined.js" was 
ignored.
node_modules/@mui/ico
ns-material/esm/Curre
ncyYuanSharp.js 
(1:0): Module level 
directives cause 
errors when bundled, 
"use client" in "node
_modules/@mui/icons-m
aterial/esm/CurrencyY
uanSharp.js" was 
ignored.
node_modules/@mui/ico
ns-material/esm/Curre
ncyYuanRounded.js 
(1:0): Module level 
directives cause 
errors when bundled, 
"use client" in "node
_modules/@mui/icons-m
aterial/esm/CurrencyY
uanRounded.js" was 
ignored.
node_modules/@mui/ico
ns-material/esm/Curre
ncyYuan.js (1:0): 
Module level 
directives cause 
errors when bundled, 
"use client" in "node
_modules/@mui/icons-m
aterial/esm/CurrencyY
uan.js" was ignored.
node_modules/@mui/ico
ns-material/esm/Curre
ncyYuanTwoTone.js 
(1:0): Module level 
directives cause 
errors when bundled, 
"use client" in "node
_modules/@mui/icons-m
aterial/esm/CurrencyY
uanTwoTone.js" was 
ignored.
node_modules/@mui/ico
ns-material/esm/Curta
ins.js (1:0): Module 
level directives 
cause errors when 
bundled, "use 
client" in "node_modu
les/@mui/icons-materi
al/esm/Curtains.js" 
was ignored.
node_modules/@mui/ico
ns-material/esm/Curta
insClosed.js (1:0): 
Module level 
directives cause 
errors when bundled, 
"use client" in "node
_modules/@mui/icons-m
aterial/esm/CurtainsC
losed.js" was 
ignored.
node_modules/@mui/ico
ns-material/esm/Curta
insClosedOutlined.js 
(1:0): Module level 
directives cause 
errors when bundled, 
"use client" in "node
_modules/@mui/icons-m
aterial/esm/CurtainsC
losedOutlined.js" 
was ignored.
node_modules/@mui/ico
ns-material/esm/Curta
insClosedRounded.js 
(1:0): Module level 
directives cause 
errors when bundled, 
"use client" in "node
_modules/@mui/icons-m
aterial/esm/CurtainsC
losedRounded.js" was 
ignored.
node_modules/@mui/ico
ns-material/esm/Curta
insOutlined.js 
(1:0): Module level 
directives cause 
errors when bundled, 
"use client" in "node
_modules/@mui/icons-m
aterial/esm/CurtainsO
utlined.js" was 
ignored.
node_modules/@mui/ico
ns-material/esm/Curta
insClosedSharp.js 
(1:0): Module level 
directives cause 
errors when bundled, 
"use client" in "node
_modules/@mui/icons-m
aterial/esm/CurtainsC
losedSharp.js" was 
ignored.
node_modules/@mui/ico
ns-material/esm/Curta
insClosedTwoTone.js 
(1:0): Module level 
directives cause 
errors when bundled, 
"use client" in "node
_modules/@mui/icons-m
aterial/esm/CurtainsC
losedTwoTone.js" was 
ignored.
node_modules/@mui/ico
ns-material/esm/Curta
insSharp.js (1:0): 
Module level 
directives cause 
errors when bundled, 
"use client" in "node
_modules/@mui/icons-m
aterial/esm/CurtainsS
harp.js" was ignored.
node_modules/@mui/ico
ns-material/esm/Curta
insRounded.js (1:0): 
Module level 
directives cause 
errors when bundled, 
"use client" in "node
_modules/@mui/icons-m
aterial/esm/CurtainsR
ounded.js" was 
ignored.
node_modules/@mui/ico
ns-material/esm/Curta
insTwoTone.js (1:0): 
Module level 
directives cause 
errors when bundled, 
"use client" in "node
_modules/@mui/icons-m
aterial/esm/CurtainsT
woTone.js" was 
ignored.
node_modules/@mui/ico
ns-material/esm/Cyclo
ne.js (1:0): Module 
level directives 
cause errors when 
bundled, "use 
client" in "node_modu
les/@mui/icons-materi
al/esm/Cyclone.js" 
was ignored.
node_modules/@mui/ico
ns-material/esm/Cyclo
neOutlined.js (1:0): 
Module level 
directives cause 
errors when bundled, 
"use client" in "node
_modules/@mui/icons-m
aterial/esm/CycloneOu
tlined.js" was 
ignored.
node_modules/@mui/ico
ns-material/esm/Cyclo
neRounded.js (1:0): 
Module level 
directives cause 
errors when bundled, 
"use client" in "node
_modules/@mui/icons-m
aterial/esm/CycloneRo
unded.js" was 
ignored.
node_modules/@mui/ico
ns-material/esm/Dange
rous.js (1:0): 
Module level 
directives cause 
errors when bundled, 
"use client" in "node
_modules/@mui/icons-m
aterial/esm/Dangerous
.js" was ignored.
node_modules/@mui/ico
ns-material/esm/Cyclo
neSharp.js (1:0): 
Module level 
directives cause 
errors when bundled, 
"use client" in "node
_modules/@mui/icons-m
aterial/esm/CycloneSh
arp.js" was ignored.
node_modules/@mui/ico
ns-material/esm/Cyclo
neTwoTone.js (1:0): 
Module level 
directives cause 
errors when bundled, 
"use client" in "node
_modules/@mui/icons-m
aterial/esm/CycloneTw
oTone.js" was 
ignored.
node_modules/@mui/ico
ns-material/esm/Dange
rousRounded.js 
(1:0): Module level 
directives cause 
errors when bundled, 
"use client" in "node
_modules/@mui/icons-m
aterial/esm/Dangerous
Rounded.js" was 
ignored.
node_modules/@mui/ico
ns-material/esm/Dange
rousOutlined.js 
(1:0): Module level 
directives cause 
errors when bundled, 
"use client" in "node
_modules/@mui/icons-m
aterial/esm/Dangerous
Outlined.js" was 
ignored.
node_modules/@mui/ico
ns-material/esm/Dange
rousSharp.js (1:0): 
Module level 
directives cause 
errors when bundled, 
"use client" in "node
_modules/@mui/icons-m
aterial/esm/Dangerous
Sharp.js" was 
ignored.
node_modules/@mui/ico
ns-material/esm/DarkM
ode.js (1:0): Module 
level directives 
cause errors when 
bundled, "use 
client" in "node_modu
les/@mui/icons-materi
al/esm/DarkMode.js" 
was ignored.
node_modules/@mui/ico
ns-material/esm/Dange
rousTwoTone.js 
(1:0): Module level 
directives cause 
errors when bundled, 
"use client" in "node
_modules/@mui/icons-m
aterial/esm/Dangerous
TwoTone.js" was 
ignored.
node_modules/@mui/ico
ns-material/esm/DarkM
odeOutlined.js 
(1:0): Module level 
directives cause 
errors when bundled, 
"use client" in "node
_modules/@mui/icons-m
aterial/esm/DarkModeO
utlined.js" was 
ignored.
node_modules/@mui/ico
ns-material/esm/DarkM
odeSharp.js (1:0): 
Module level 
directives cause 
errors when bundled, 
"use client" in "node
_modules/@mui/icons-m
aterial/esm/DarkModeS
harp.js" was ignored.
node_modules/@mui/ico
ns-material/esm/DarkM
odeRounded.js (1:0): 
Module level 
directives cause 
errors when bundled, 
"use client" in "node
_modules/@mui/icons-m
aterial/esm/DarkModeR
ounded.js" was 
ignored.
node_modules/@mui/ico
ns-material/esm/Dashb
oard.js (1:0): 
Module level 
directives cause 
errors when bundled, 
"use client" in "node
_modules/@mui/icons-m
aterial/esm/Dashboard
.js" was ignored.
node_modules/@mui/ico
ns-material/esm/Dashb
oardCustomize.js 
(1:0): Module level 
directives cause 
errors when bundled, 
"use client" in "node
_modules/@mui/icons-m
aterial/esm/Dashboard
Customize.js" was 
ignored.
node_modules/@mui/ico
ns-material/esm/DarkM
odeTwoTone.js (1:0): 
Module level 
directives cause 
errors when bundled, 
"use client" in "node
_modules/@mui/icons-m
aterial/esm/DarkModeT
woTone.js" was 
ignored.
node_modules/@mui/ico
ns-material/esm/Dashb
oardCustomizeTwoTone.
js (1:0): Module 
level directives 
cause errors when 
bundled, "use 
client" in "node_modu
les/@mui/icons-materi
al/esm/DashboardCusto
mizeTwoTone.js" was 
ignored.
node_modules/@mui/ico
ns-material/esm/Dashb
oardCustomizeOutlined
.js (1:0): Module 
level directives 
cause errors when 
bundled, "use 
client" in "node_modu
les/@mui/icons-materi
al/esm/DashboardCusto
mizeOutlined.js" was 
ignored.
node_modules/@mui/ico
ns-material/esm/Dashb
oardCustomizeRounded.
js (1:0): Module 
level directives 
cause errors when 
bundled, "use 
client" in "node_modu
les/@mui/icons-materi
al/esm/DashboardCusto
mizeRounded.js" was 
ignored.
node_modules/@mui/ico
ns-material/esm/Dashb
oardRounded.js 
(1:0): Module level 
directives cause 
errors when bundled, 
"use client" in "node
_modules/@mui/icons-m
aterial/esm/Dashboard
Rounded.js" was 
ignored.
node_modules/@mui/ico
ns-material/esm/Dashb
oardCustomizeSharp.js
 (1:0): Module level 
directives cause 
errors when bundled, 
"use client" in "node
_modules/@mui/icons-m
aterial/esm/Dashboard
CustomizeSharp.js" 
was ignored.
node_modules/@mui/ico
ns-material/esm/DataA
rray.js (1:0): 
Module level 
directives cause 
errors when bundled, 
"use client" in "node
_modules/@mui/icons-m
aterial/esm/DataArray
.js" was ignored.
node_modules/@mui/ico
ns-material/esm/Dashb
oardOutlined.js 
(1:0): Module level 
directives cause 
errors when bundled, 
"use client" in "node
_modules/@mui/icons-m
aterial/esm/Dashboard
Outlined.js" was 
ignored.
node_modules/@mui/ico
ns-material/esm/Dashb
oardSharp.js (1:0): 
Module level 
directives cause 
errors when bundled, 
"use client" in "node
_modules/@mui/icons-m
aterial/esm/Dashboard
Sharp.js" was 
ignored.
node_modules/@mui/ico
ns-material/esm/DataA
rrayOutlined.js 
(1:0): Module level 
directives cause 
errors when bundled, 
"use client" in "node
_modules/@mui/icons-m
aterial/esm/DataArray
Outlined.js" was 
ignored.
node_modules/@mui/ico
ns-material/esm/Dashb
oardTwoTone.js 
(1:0): Module level 
directives cause 
errors when bundled, 
"use client" in "node
_modules/@mui/icons-m
aterial/esm/Dashboard
TwoTone.js" was 
ignored.
node_modules/@mui/ico
ns-material/esm/DataA
rrayRounded.js 
(1:0): Module level 
directives cause 
errors when bundled, 
"use client" in "node
_modules/@mui/icons-m
aterial/esm/DataArray
Rounded.js" was 
ignored.
node_modules/@mui/ico
ns-material/esm/DataA
rraySharp.js (1:0): 
Module level 
directives cause 
errors when bundled, 
"use client" in "node
_modules/@mui/icons-m
aterial/esm/DataArray
Sharp.js" was 
ignored.
node_modules/@mui/ico
ns-material/esm/DataA
rrayTwoTone.js 
(1:0): Module level 
directives cause 
errors when bundled, 
"use client" in "node
_modules/@mui/icons-m
aterial/esm/DataArray
TwoTone.js" was 
ignored.
node_modules/@mui/ico
ns-material/esm/DataO
bjectRounded.js 
(1:0): Module level 
directives cause 
errors when bundled, 
"use client" in "node
_modules/@mui/icons-m
aterial/esm/DataObjec
tRounded.js" was 
ignored.
node_modules/@mui/ico
ns-material/esm/DataO
bjectOutlined.js 
(1:0): Module level 
directives cause 
errors when bundled, 
"use client" in "node
_modules/@mui/icons-m
aterial/esm/DataObjec
tOutlined.js" was 
ignored.
node_modules/@mui/ico
ns-material/esm/DataO
bjectTwoTone.js 
(1:0): Module level 
directives cause 
errors when bundled, 
"use client" in "node
_modules/@mui/icons-m
aterial/esm/DataObjec
tTwoTone.js" was 
ignored.
node_modules/@mui/ico
ns-material/esm/DataO
bject.js (1:0): 
Module level 
directives cause 
errors when bundled, 
"use client" in "node
_modules/@mui/icons-m
aterial/esm/DataObjec
t.js" was ignored.
node_modules/@mui/ico
ns-material/esm/DataS
averOff.js (1:0): 
Module level 
directives cause 
errors when bundled, 
"use client" in "node
_modules/@mui/icons-m
aterial/esm/DataSaver
Off.js" was ignored.
node_modules/@mui/ico
ns-material/esm/DataO
bjectSharp.js (1:0): 
Module level 
directives cause 
errors when bundled, 
"use client" in "node
_modules/@mui/icons-m
aterial/esm/DataObjec
tSharp.js" was 
ignored.
node_modules/@mui/ico
ns-material/esm/DataS
averOffRounded.js 
(1:0): Module level 
directives cause 
errors when bundled, 
"use client" in "node
_modules/@mui/icons-m
aterial/esm/DataSaver
OffRounded.js" was 
ignored.
node_modules/@mui/ico
ns-material/esm/DataS
averOffOutlined.js 
(1:0): Module level 
directives cause 
errors when bundled, 
"use client" in "node
_modules/@mui/icons-m
aterial/esm/DataSaver
OffOutlined.js" was 
ignored.
node_modules/@mui/ico
ns-material/esm/DataS
averOffSharp.js 
(1:0): Module level 
directives cause 
errors when bundled, 
"use client" in "node
_modules/@mui/icons-m
aterial/esm/DataSaver
OffSharp.js" was 
ignored.
node_modules/@mui/ico
ns-material/esm/DataS
averOffTwoTone.js 
(1:0): Module level 
directives cause 
errors when bundled, 
"use client" in "node
_modules/@mui/icons-m
aterial/esm/DataSaver
OffTwoTone.js" was 
ignored.
node_modules/@mui/ico
ns-material/esm/DataS
averOnOutlined.js 
(1:0): Module level 
directives cause 
errors when bundled, 
"use client" in "node
_modules/@mui/icons-m
aterial/esm/DataSaver
OnOutlined.js" was 
ignored.
node_modules/@mui/ico
ns-material/esm/DataS
averOnSharp.js 
(1:0): Module level 
directives cause 
errors when bundled, 
"use client" in "node
_modules/@mui/icons-m
aterial/esm/DataSaver
OnSharp.js" was 
ignored.
node_modules/@mui/ico
ns-material/esm/DataS
averOn.js (1:0): 
Module level 
directives cause 
errors when bundled, 
"use client" in "node
_modules/@mui/icons-m
aterial/esm/DataSaver
On.js" was ignored.
node_modules/@mui/ico
ns-material/esm/DataS
averOnTwoTone.js 
(1:0): Module level 
directives cause 
errors when bundled, 
"use client" in "node
_modules/@mui/icons-m
aterial/esm/DataSaver
OnTwoTone.js" was 
ignored.
node_modules/@mui/ico
ns-material/esm/DataS
averOnRounded.js 
(1:0): Module level 
directives cause 
errors when bundled, 
"use client" in "node
_modules/@mui/icons-m
aterial/esm/DataSaver
OnRounded.js" was 
ignored.
node_modules/@mui/ico
ns-material/esm/DataT
hresholding.js 
(1:0): Module level 
directives cause 
errors when bundled, 
"use client" in "node
_modules/@mui/icons-m
aterial/esm/DataThres
holding.js" was 
ignored.
node_modules/@mui/ico
ns-material/esm/DataT
hresholdingOutlined.j
s (1:0): Module 
level directives 
cause errors when 
bundled, "use 
client" in "node_modu
les/@mui/icons-materi
al/esm/DataThresholdi
ngOutlined.js" was 
ignored.
node_modules/@mui/ico
ns-material/esm/DataT
hresholdingRounded.js
 (1:0): Module level 
directives cause 
errors when bundled, 
"use client" in "node
_modules/@mui/icons-m
aterial/esm/DataThres
holdingRounded.js" 
was ignored.
node_modules/@mui/ico
ns-material/esm/DataT
hresholdingTwoTone.js
 (1:0): Module level 
directives cause 
errors when bundled, 
"use client" in "node
_modules/@mui/icons-m
aterial/esm/DataThres
holdingTwoTone.js" 
was ignored.
node_modules/@mui/ico
ns-material/esm/DataT
hresholdingSharp.js 
(1:0): Module level 
directives cause 
errors when bundled, 
"use client" in "node
_modules/@mui/icons-m
aterial/esm/DataThres
holdingSharp.js" was 
ignored.
node_modules/@mui/ico
ns-material/esm/DataU
sageOutlined.js 
(1:0): Module level 
directives cause 
errors when bundled, 
"use client" in "node
_modules/@mui/icons-m
aterial/esm/DataUsage
Outlined.js" was 
ignored.
node_modules/@mui/ico
ns-material/esm/DataU
sageRounded.js 
(1:0): Module level 
directives cause 
errors when bundled, 
"use client" in "node
_modules/@mui/icons-m
aterial/esm/DataUsage
Rounded.js" was 
ignored.
node_modules/@mui/ico
ns-material/esm/DataU
sageTwoTone.js 
(1:0): Module level 
directives cause 
errors when bundled, 
"use client" in "node
_modules/@mui/icons-m
aterial/esm/DataUsage
TwoTone.js" was 
ignored.
node_modules/@mui/ico
ns-material/esm/DataU
sage.js (1:0): 
Module level 
directives cause 
errors when bundled, 
"use client" in "node
_modules/@mui/icons-m
aterial/esm/DataUsage
.js" was ignored.
node_modules/@mui/ico
ns-material/esm/Datas
etLinked.js (1:0): 
Module level 
directives cause 
errors when bundled, 
"use client" in "node
_modules/@mui/icons-m
aterial/esm/DatasetLi
nked.js" was ignored.
node_modules/@mui/ico
ns-material/esm/Datas
et.js (1:0): Module 
level directives 
cause errors when 
bundled, "use 
client" in "node_modu
les/@mui/icons-materi
al/esm/Dataset.js" 
was ignored.
node_modules/@mui/ico
ns-material/esm/DataU
sageSharp.js (1:0): 
Module level 
directives cause 
errors when bundled, 
"use client" in "node
_modules/@mui/icons-m
aterial/esm/DataUsage
Sharp.js" was 
ignored.
node_modules/@mui/ico
ns-material/esm/Datas
etLinkedOutlined.js 
(1:0): Module level 
directives cause 
errors when bundled, 
"use client" in "node
_modules/@mui/icons-m
aterial/esm/DatasetLi
nkedOutlined.js" was 
ignored.
node_modules/@mui/ico
ns-material/esm/Datas
etLinkedRounded.js 
(1:0): Module level 
directives cause 
errors when bundled, 
"use client" in "node
_modules/@mui/icons-m
aterial/esm/DatasetLi
nkedRounded.js" was 
ignored.
node_modules/@mui/ico
ns-material/esm/Datas
etOutlined.js (1:0): 
Module level 
directives cause 
errors when bundled, 
"use client" in "node
_modules/@mui/icons-m
aterial/esm/DatasetOu
tlined.js" was 
ignored.
node_modules/@mui/ico
ns-material/esm/Datas
etLinkedTwoTone.js 
(1:0): Module level 
directives cause 
errors when bundled, 
"use client" in "node
_modules/@mui/icons-m
aterial/esm/DatasetLi
nkedTwoTone.js" was 
ignored.
node_modules/@mui/ico
ns-material/esm/Datas
etRounded.js (1:0): 
Module level 
directives cause 
errors when bundled, 
"use client" in "node
_modules/@mui/icons-m
aterial/esm/DatasetRo
unded.js" was 
ignored.
node_modules/@mui/ico
ns-material/esm/Datas
etLinkedSharp.js 
(1:0): Module level 
directives cause 
errors when bundled, 
"use client" in "node
_modules/@mui/icons-m
aterial/esm/DatasetLi
nkedSharp.js" was 
ignored.
node_modules/@mui/ico
ns-material/esm/DateR
ange.js (1:0): 
Module level 
directives cause 
errors when bundled, 
"use client" in "node
_modules/@mui/icons-m
aterial/esm/DateRange
.js" was ignored.
node_modules/@mui/ico
ns-material/esm/Datas
etSharp.js (1:0): 
Module level 
directives cause 
errors when bundled, 
"use client" in "node
_modules/@mui/icons-m
aterial/esm/DatasetSh
arp.js" was ignored.
node_modules/@mui/ico
ns-material/esm/DateR
angeOutlined.js 
(1:0): Module level 
directives cause 
errors when bundled, 
"use client" in "node
_modules/@mui/icons-m
aterial/esm/DateRange
Outlined.js" was 
ignored.
node_modules/@mui/ico
ns-material/esm/Datas
etTwoTone.js (1:0): 
Module level 
directives cause 
errors when bundled, 
"use client" in "node
_modules/@mui/icons-m
aterial/esm/DatasetTw
oTone.js" was 
ignored.
node_modules/@mui/ico
ns-material/esm/DateR
angeTwoTone.js 
(1:0): Module level 
directives cause 
errors when bundled, 
"use client" in "node
_modules/@mui/icons-m
aterial/esm/DateRange
TwoTone.js" was 
ignored.
node_modules/@mui/ico
ns-material/esm/DateR
angeRounded.js 
(1:0): Module level 
directives cause 
errors when bundled, 
"use client" in "node
_modules/@mui/icons-m
aterial/esm/DateRange
Rounded.js" was 
ignored.
node_modules/@mui/ico
ns-material/esm/Deblu
r.js (1:0): Module 
level directives 
cause errors when 
bundled, "use 
client" in "node_modu
les/@mui/icons-materi
al/esm/Deblur.js" 
was ignored.
node_modules/@mui/ico
ns-material/esm/Deblu
rSharp.js (1:0): 
Module level 
directives cause 
errors when bundled, 
"use client" in "node
_modules/@mui/icons-m
aterial/esm/DeblurSha
rp.js" was ignored.
node_modules/@mui/ico
ns-material/esm/Deblu
rOutlined.js (1:0): 
Module level 
directives cause 
errors when bundled, 
"use client" in "node
_modules/@mui/icons-m
aterial/esm/DeblurOut
lined.js" was 
ignored.
node_modules/@mui/ico
ns-material/esm/Deblu
rRounded.js (1:0): 
Module level 
directives cause 
errors when bundled, 
"use client" in "node
_modules/@mui/icons-m
aterial/esm/DeblurRou
nded.js" was ignored.
node_modules/@mui/ico
ns-material/esm/DeckO
utlined.js (1:0): 
Module level 
directives cause 
errors when bundled, 
"use client" in "node
_modules/@mui/icons-m
aterial/esm/DeckOutli
ned.js" was ignored.
node_modules/@mui/ico
ns-material/esm/Deck.
js (1:0): Module 
level directives 
cause errors when 
bundled, "use 
client" in "node_modu
les/@mui/icons-materi
al/esm/Deck.js" was 
ignored.
node_modules/@mui/ico
ns-material/esm/Deblu
rTwoTone.js (1:0): 
Module level 
directives cause 
errors when bundled, 
"use client" in "node
_modules/@mui/icons-m
aterial/esm/DeblurTwo
Tone.js" was ignored.
node_modules/@mui/ico
ns-material/esm/DeckS
harp.js (1:0): 
Module level 
directives cause 
errors when bundled, 
"use client" in "node
_modules/@mui/icons-m
aterial/esm/DeckSharp
.js" was ignored.
node_modules/@mui/ico
ns-material/esm/Dehaz
eOutlined.js (1:0): 
Module level 
directives cause 
errors when bundled, 
"use client" in "node
_modules/@mui/icons-m
aterial/esm/DehazeOut
lined.js" was 
ignored.
node_modules/@mui/ico
ns-material/esm/DateR
angeSharp.js (1:0): 
Module level 
directives cause 
errors when bundled, 
"use client" in "node
_modules/@mui/icons-m
aterial/esm/DateRange
Sharp.js" was 
ignored.
node_modules/@mui/ico
ns-material/esm/DeckR
ounded.js (1:0): 
Module level 
directives cause 
errors when bundled, 
"use client" in "node
_modules/@mui/icons-m
aterial/esm/DeckRound
ed.js" was ignored.
node_modules/@mui/ico
ns-material/esm/Dehaz
e.js (1:0): Module 
level directives 
cause errors when 
bundled, "use 
client" in "node_modu
les/@mui/icons-materi
al/esm/Dehaze.js" 
was ignored.
node_modules/@mui/ico
ns-material/esm/Dehaz
eTwoTone.js (1:0): 
Module level 
directives cause 
errors when bundled, 
"use client" in "node
_modules/@mui/icons-m
aterial/esm/DehazeTwo
Tone.js" was ignored.
node_modules/@mui/ico
ns-material/esm/Dehaz
eRounded.js (1:0): 
Module level 
directives cause 
errors when bundled, 
"use client" in "node
_modules/@mui/icons-m
aterial/esm/DehazeRou
nded.js" was ignored.
node_modules/@mui/ico
ns-material/esm/DeckT
woTone.js (1:0): 
Module level 
directives cause 
errors when bundled, 
"use client" in "node
_modules/@mui/icons-m
aterial/esm/DeckTwoTo
ne.js" was ignored.
node_modules/@mui/ico
ns-material/esm/Delet
eForeverOutlined.js 
(1:0): Module level 
directives cause 
errors when bundled, 
"use client" in "node
_modules/@mui/icons-m
aterial/esm/DeleteFor
everOutlined.js" was 
ignored.
node_modules/@mui/ico
ns-material/esm/Delet
eForever.js (1:0): 
Module level 
directives cause 
errors when bundled, 
"use client" in "node
_modules/@mui/icons-m
aterial/esm/DeleteFor
ever.js" was ignored.
node_modules/@mui/ico
ns-material/esm/Delet
eForeverRounded.js 
(1:0): Module level 
directives cause 
errors when bundled, 
"use client" in "node
_modules/@mui/icons-m
aterial/esm/DeleteFor
everRounded.js" was 
ignored.
node_modules/@mui/ico
ns-material/esm/Dehaz
eSharp.js (1:0): 
Module level 
directives cause 
errors when bundled, 
"use client" in "node
_modules/@mui/icons-m
aterial/esm/DehazeSha
rp.js" was ignored.
node_modules/@mui/ico
ns-material/esm/Delet
eOutline.js (1:0): 
Module level 
directives cause 
errors when bundled, 
"use client" in "node
_modules/@mui/icons-m
aterial/esm/DeleteOut
line.js" was ignored.
node_modules/@mui/ico
ns-material/esm/Delet
eForeverSharp.js 
(1:0): Module level 
directives cause 
errors when bundled, 
"use client" in "node
_modules/@mui/icons-m
aterial/esm/DeleteFor
everSharp.js" was 
ignored.
node_modules/@mui/ico
ns-material/esm/Delet
eOutlineOutlined.js 
(1:0): Module level 
directives cause 
errors when bundled, 
"use client" in "node
_modules/@mui/icons-m
aterial/esm/DeleteOut
lineOutlined.js" was 
ignored.
node_modules/@mui/ico
ns-material/esm/Delet
eForeverTwoTone.js 
(1:0): Module level 
directives cause 
errors when bundled, 
"use client" in "node
_modules/@mui/icons-m
aterial/esm/DeleteFor
everTwoTone.js" was 
ignored.
node_modules/@mui/ico
ns-material/esm/Delet
eOutlineSharp.js 
(1:0): Module level 
directives cause 
errors when bundled, 
"use client" in "node
_modules/@mui/icons-m
aterial/esm/DeleteOut
lineSharp.js" was 
ignored.
node_modules/@mui/ico
ns-material/esm/Delet
eOutlineRounded.js 
(1:0): Module level 
directives cause 
errors when bundled, 
"use client" in "node
_modules/@mui/icons-m
aterial/esm/DeleteOut
lineRounded.js" was 
ignored.
node_modules/@mui/ico
ns-material/esm/Delet
eOutlined.js (1:0): 
Module level 
directives cause 
errors when bundled, 
"use client" in "node
_modules/@mui/icons-m
aterial/esm/DeleteOut
lined.js" was 
ignored.
node_modules/@mui/ico
ns-material/esm/Delet
eOutlineTwoTone.js 
(1:0): Module level 
directives cause 
errors when bundled, 
"use client" in "node
_modules/@mui/icons-m
aterial/esm/DeleteOut
lineTwoTone.js" was 
ignored.
node_modules/@mui/ico
ns-material/esm/Delet
eSharp.js (1:0): 
Module level 
directives cause 
errors when bundled, 
"use client" in "node
_modules/@mui/icons-m
aterial/esm/DeleteSha
rp.js" was ignored.
node_modules/@mui/ico
ns-material/esm/Delet
eSweep.js (1:0): 
Module level 
directives cause 
errors when bundled, 
"use client" in "node
_modules/@mui/icons-m
aterial/esm/DeleteSwe
ep.js" was ignored.
node_modules/@mui/ico
ns-material/esm/Delet
eRounded.js (1:0): 
Module level 
directives cause 
errors when bundled, 
"use client" in "node
_modules/@mui/icons-m
aterial/esm/DeleteRou
nded.js" was ignored.
node_modules/@mui/ico
ns-material/esm/Delet
eSweepSharp.js 
(1:0): Module level 
directives cause 
errors when bundled, 
"use client" in "node
_modules/@mui/icons-m
aterial/esm/DeleteSwe
epSharp.js" was 
ignored.
node_modules/@mui/ico
ns-material/esm/Delet
eSweepRounded.js 
(1:0): Module level 
directives cause 
errors when bundled, 
"use client" in "node
_modules/@mui/icons-m
aterial/esm/DeleteSwe
epRounded.js" was 
ignored.
node_modules/@mui/ico
ns-material/esm/Delet
eTwoTone.js (1:0): 
Module level 
directives cause 
errors when bundled, 
"use client" in "node
_modules/@mui/icons-m
aterial/esm/DeleteTwo
Tone.js" was ignored.
node_modules/@mui/ico
ns-material/esm/Deliv
eryDining.js (1:0): 
Module level 
directives cause 
errors when bundled, 
"use client" in "node
_modules/@mui/icons-m
aterial/esm/DeliveryD
ining.js" was 
ignored.
node_modules/@mui/ico
ns-material/esm/Deliv
eryDiningRounded.js 
(1:0): Module level 
directives cause 
errors when bundled, 
"use client" in "node
_modules/@mui/icons-m
aterial/esm/DeliveryD
iningRounded.js" was 
ignored.
node_modules/@mui/ico
ns-material/esm/Delet
eSweepTwoTone.js 
(1:0): Module level 
directives cause 
errors when bundled, 
"use client" in "node
_modules/@mui/icons-m
aterial/esm/DeleteSwe
epTwoTone.js" was 
ignored.
node_modules/@mui/ico
ns-material/esm/Delet
eSweepOutlined.js 
(1:0): Module level 
directives cause 
errors when bundled, 
"use client" in "node
_modules/@mui/icons-m
aterial/esm/DeleteSwe
epOutlined.js" was 
ignored.
node_modules/@mui/ico
ns-material/esm/Deliv
eryDiningSharp.js 
(1:0): Module level 
directives cause 
errors when bundled, 
"use client" in "node
_modules/@mui/icons-m
aterial/esm/DeliveryD
iningSharp.js" was 
ignored.
node_modules/@mui/ico
ns-material/esm/Deliv
eryDiningOutlined.js 
(1:0): Module level 
directives cause 
errors when bundled, 
"use client" in "node
_modules/@mui/icons-m
aterial/esm/DeliveryD
iningOutlined.js" 
was ignored.
node_modules/@mui/ico
ns-material/esm/Densi
tyLarge.js (1:0): 
Module level 
directives cause 
errors when bundled, 
"use client" in "node
_modules/@mui/icons-m
aterial/esm/DensityLa
rge.js" was ignored.
node_modules/@mui/ico
ns-material/esm/Densi
tyLargeOutlined.js 
(1:0): Module level 
directives cause 
errors when bundled, 
"use client" in "node
_modules/@mui/icons-m
aterial/esm/DensityLa
rgeOutlined.js" was 
ignored.
node_modules/@mui/ico
ns-material/esm/Deliv
eryDiningTwoTone.js 
(1:0): Module level 
directives cause 
errors when bundled, 
"use client" in "node
_modules/@mui/icons-m
aterial/esm/DeliveryD
iningTwoTone.js" was 
ignored.
node_modules/@mui/ico
ns-material/esm/Densi
tyLargeSharp.js 
(1:0): Module level 
directives cause 
errors when bundled, 
"use client" in "node
_modules/@mui/icons-m
aterial/esm/DensityLa
rgeSharp.js" was 
ignored.
node_modules/@mui/ico
ns-material/esm/Densi
tyLargeTwoTone.js 
(1:0): Module level 
directives cause 
errors when bundled, 
"use client" in "node
_modules/@mui/icons-m
aterial/esm/DensityLa
rgeTwoTone.js" was 
ignored.
node_modules/@mui/ico
ns-material/esm/Densi
tyLargeRounded.js 
(1:0): Module level 
directives cause 
errors when bundled, 
"use client" in "node
_modules/@mui/icons-m
aterial/esm/DensityLa
rgeRounded.js" was 
ignored.
node_modules/@mui/ico
ns-material/esm/Densi
tyMediumRounded.js 
(1:0): Module level 
directives cause 
errors when bundled, 
"use client" in "node
_modules/@mui/icons-m
aterial/esm/DensityMe
diumRounded.js" was 
ignored.
node_modules/@mui/ico
ns-material/esm/Densi
tyMediumOutlined.js 
(1:0): Module level 
directives cause 
errors when bundled, 
"use client" in "node
_modules/@mui/icons-m
aterial/esm/DensityMe
diumOutlined.js" was 
ignored.
node_modules/@mui/ico
ns-material/esm/Densi
tyMedium.js (1:0): 
Module level 
directives cause 
errors when bundled, 
"use client" in "node
_modules/@mui/icons-m
aterial/esm/DensityMe
dium.js" was ignored.
node_modules/@mui/ico
ns-material/esm/Densi
tyMediumSharp.js 
(1:0): Module level 
directives cause 
errors when bundled, 
"use client" in "node
_modules/@mui/icons-m
aterial/esm/DensityMe
diumSharp.js" was 
ignored.
node_modules/@mui/ico
ns-material/esm/Densi
tyMediumTwoTone.js 
(1:0): Module level 
directives cause 
errors when bundled, 
"use client" in "node
_modules/@mui/icons-m
aterial/esm/DensityMe
diumTwoTone.js" was 
ignored.
node_modules/@mui/ico
ns-material/esm/Densi
tySmall.js (1:0): 
Module level 
directives cause 
errors when bundled, 
"use client" in "node
_modules/@mui/icons-m
aterial/esm/DensitySm
all.js" was ignored.
node_modules/@mui/ico
ns-material/esm/Densi
tySmallRounded.js 
(1:0): Module level 
directives cause 
errors when bundled, 
"use client" in "node
_modules/@mui/icons-m
aterial/esm/DensitySm
allRounded.js" was 
ignored.
node_modules/@mui/ico
ns-material/esm/Densi
tySmallOutlined.js 
(1:0): Module level 
directives cause 
errors when bundled, 
"use client" in "node
_modules/@mui/icons-m
aterial/esm/DensitySm
allOutlined.js" was 
ignored.
node_modules/@mui/ico
ns-material/esm/Depar
tureBoard.js (1:0): 
Module level 
directives cause 
errors when bundled, 
"use client" in "node
_modules/@mui/icons-m
aterial/esm/Departure
Board.js" was 
ignored.
node_modules/@mui/ico
ns-material/esm/Densi
tySmallSharp.js 
(1:0): Module level 
directives cause 
errors when bundled, 
"use client" in "node
_modules/@mui/icons-m
aterial/esm/DensitySm
allSharp.js" was 
ignored.
node_modules/@mui/ico
ns-material/esm/Depar
tureBoardOutlined.js 
(1:0): Module level 
directives cause 
errors when bundled, 
"use client" in "node
_modules/@mui/icons-m
aterial/esm/Departure
BoardOutlined.js" 
was ignored.
node_modules/@mui/ico
ns-material/esm/Depar
tureBoardRounded.js 
(1:0): Module level 
directives cause 
errors when bundled, 
"use client" in "node
_modules/@mui/icons-m
aterial/esm/Departure
BoardRounded.js" was 
ignored.
node_modules/@mui/ico
ns-material/esm/Densi
tySmallTwoTone.js 
(1:0): Module level 
directives cause 
errors when bundled, 
"use client" in "node
_modules/@mui/icons-m
aterial/esm/DensitySm
allTwoTone.js" was 
ignored.
node_modules/@mui/ico
ns-material/esm/Depar
tureBoardSharp.js 
(1:0): Module level 
directives cause 
errors when bundled, 
"use client" in "node
_modules/@mui/icons-m
aterial/esm/Departure
BoardSharp.js" was 
ignored.
node_modules/@mui/ico
ns-material/esm/Descr
iptionOutlined.js 
(1:0): Module level 
directives cause 
errors when bundled, 
"use client" in "node
_modules/@mui/icons-m
aterial/esm/Descripti
onOutlined.js" was 
ignored.
node_modules/@mui/ico
ns-material/esm/Depar
tureBoardTwoTone.js 
(1:0): Module level 
directives cause 
errors when bundled, 
"use client" in "node
_modules/@mui/icons-m
aterial/esm/Departure
BoardTwoTone.js" was 
ignored.
node_modules/@mui/ico
ns-material/esm/Descr
iptionRounded.js 
(1:0): Module level 
directives cause 
errors when bundled, 
"use client" in "node
_modules/@mui/icons-m
aterial/esm/Descripti
onRounded.js" was 
ignored.
node_modules/@mui/ico
ns-material/esm/Descr
iptionTwoTone.js 
(1:0): Module level 
directives cause 
errors when bundled, 
"use client" in "node
_modules/@mui/icons-m
aterial/esm/Descripti
onTwoTone.js" was 
ignored.
node_modules/@mui/ico
ns-material/esm/Descr
iptionSharp.js 
(1:0): Module level 
directives cause 
errors when bundled, 
"use client" in "node
_modules/@mui/icons-m
aterial/esm/Descripti
onSharp.js" was 
ignored.
node_modules/@mui/ico
ns-material/esm/Descr
iption.js (1:0): 
Module level 
directives cause 
errors when bundled, 
"use client" in "node
_modules/@mui/icons-m
aterial/esm/Descripti
on.js" was ignored.
node_modules/@mui/ico
ns-material/esm/Desel
ect.js (1:0): Module 
level directives 
cause errors when 
bundled, "use 
client" in "node_modu
les/@mui/icons-materi
al/esm/Deselect.js" 
was ignored.
node_modules/@mui/ico
ns-material/esm/Desel
ectRounded.js (1:0): 
Module level 
directives cause 
errors when bundled, 
"use client" in "node
_modules/@mui/icons-m
aterial/esm/DeselectR
ounded.js" was 
ignored.
node_modules/@mui/ico
ns-material/esm/Desel
ectOutlined.js 
(1:0): Module level 
directives cause 
errors when bundled, 
"use client" in "node
_modules/@mui/icons-m
aterial/esm/DeselectO
utlined.js" was 
ignored.
node_modules/@mui/ico
ns-material/esm/Desel
ectSharp.js (1:0): 
Module level 
directives cause 
errors when bundled, 
"use client" in "node
_modules/@mui/icons-m
aterial/esm/DeselectS
harp.js" was ignored.
node_modules/@mui/ico
ns-material/esm/Desel
ectTwoTone.js (1:0): 
Module level 
directives cause 
errors when bundled, 
"use client" in "node
_modules/@mui/icons-m
aterial/esm/DeselectT
woTone.js" was 
ignored.
node_modules/@mui/ico
ns-material/esm/Desig
nServices.js (1:0): 
Module level 
directives cause 
errors when bundled, 
"use client" in "node
_modules/@mui/icons-m
aterial/esm/DesignSer
vices.js" was 
ignored.
node_modules/@mui/ico
ns-material/esm/Desig
nServicesOutlined.js 
(1:0): Module level 
directives cause 
errors when bundled, 
"use client" in "node
_modules/@mui/icons-m
aterial/esm/DesignSer
vicesOutlined.js" 
was ignored.
node_modules/@mui/ico
ns-material/esm/Desig
nServicesSharp.js 
(1:0): Module level 
directives cause 
errors when bundled, 
"use client" in "node
_modules/@mui/icons-m
aterial/esm/DesignSer
vicesSharp.js" was 
ignored.
node_modules/@mui/ico
ns-material/esm/DeskR
ounded.js (1:0): 
Module level 
directives cause 
errors when bundled, 
"use client" in "node
_modules/@mui/icons-m
aterial/esm/DeskRound
ed.js" was ignored.
node_modules/@mui/ico
ns-material/esm/DeskS
harp.js (1:0): 
Module level 
directives cause 
errors when bundled, 
"use client" in "node
_modules/@mui/icons-m
aterial/esm/DeskSharp
.js" was ignored.
node_modules/@mui/ico
ns-material/esm/Desig
nServicesTwoTone.js 
(1:0): Module level 
directives cause 
errors when bundled, 
"use client" in "node
_modules/@mui/icons-m
aterial/esm/DesignSer
vicesTwoTone.js" was 
ignored.
node_modules/@mui/ico
ns-material/esm/Desig
nServicesRounded.js 
(1:0): Module level 
directives cause 
errors when bundled, 
"use client" in "node
_modules/@mui/icons-m
aterial/esm/DesignSer
vicesRounded.js" was 
ignored.
node_modules/@mui/ico
ns-material/esm/Deskt
opAccessDisabled.js 
(1:0): Module level 
directives cause 
errors when bundled, 
"use client" in "node
_modules/@mui/icons-m
aterial/esm/DesktopAc
cessDisabled.js" was 
ignored.
node_modules/@mui/ico
ns-material/esm/Deskt
opAccessDisabledOutli
ned.js (1:0): Module 
level directives 
cause errors when 
bundled, "use 
client" in "node_modu
les/@mui/icons-materi
al/esm/DesktopAccessD
isabledOutlined.js" 
was ignored.
node_modules/@mui/ico
ns-material/esm/DeskT
woTone.js (1:0): 
Module level 
directives cause 
errors when bundled, 
"use client" in "node
_modules/@mui/icons-m
aterial/esm/DeskTwoTo
ne.js" was ignored.
node_modules/@mui/ico
ns-material/esm/Deskt
opAccessDisabledRound
ed.js (1:0): Module 
level directives 
cause errors when 
bundled, "use 
client" in "node_modu
les/@mui/icons-materi
al/esm/DesktopAccessD
isabledRounded.js" 
was ignored.
node_modules/@mui/ico
ns-material/esm/Deskt
opMac.js (1:0): 
Module level 
directives cause 
errors when bundled, 
"use client" in "node
_modules/@mui/icons-m
aterial/esm/DesktopMa
c.js" was ignored.
node_modules/@mui/ico
ns-material/esm/Deskt
opAccessDisabledTwoTo
ne.js (1:0): Module 
level directives 
cause errors when 
bundled, "use 
client" in "node_modu
les/@mui/icons-materi
al/esm/DesktopAccessD
isabledTwoTone.js" 
was ignored.
node_modules/@mui/ico
ns-material/esm/Deskt
opAccessDisabledSharp
.js (1:0): Module 
level directives 
cause errors when 
bundled, "use 
client" in "node_modu
les/@mui/icons-materi
al/esm/DesktopAccessD
isabledSharp.js" was 
ignored.
node_modules/@mui/ico
ns-material/esm/Deskt
opMacOutlined.js 
(1:0): Module level 
directives cause 
errors when bundled, 
"use client" in "node
_modules/@mui/icons-m
aterial/esm/DesktopMa
cOutlined.js" was 
ignored.
node_modules/@mui/ico
ns-material/esm/Deskt
opMacRounded.js 
(1:0): Module level 
directives cause 
errors when bundled, 
"use client" in "node
_modules/@mui/icons-m
aterial/esm/DesktopMa
cRounded.js" was 
ignored.
node_modules/@mui/ico
ns-material/esm/Deskt
opMacSharp.js (1:0): 
Module level 
directives cause 
errors when bundled, 
"use client" in "node
_modules/@mui/icons-m
aterial/esm/DesktopMa
cSharp.js" was 
ignored.
node_modules/@mui/ico
ns-material/esm/DeskO
utlined.js (1:0): 
Module level 
directives cause 
errors when bundled, 
"use client" in "node
_modules/@mui/icons-m
aterial/esm/DeskOutli
ned.js" was ignored.
node_modules/@mui/ico
ns-material/esm/Deskt
opWindows.js (1:0): 
Module level 
directives cause 
errors when bundled, 
"use client" in "node
_modules/@mui/icons-m
aterial/esm/DesktopWi
ndows.js" was 
ignored.
node_modules/@mui/ico
ns-material/esm/Deskt
opWindowsRounded.js 
(1:0): Module level 
directives cause 
errors when bundled, 
"use client" in "node
_modules/@mui/icons-m
aterial/esm/DesktopWi
ndowsRounded.js" was 
ignored.
node_modules/@mui/ico
ns-material/esm/Deskt
opMacTwoTone.js 
(1:0): Module level 
directives cause 
errors when bundled, 
"use client" in "node
_modules/@mui/icons-m
aterial/esm/DesktopMa
cTwoTone.js" was 
ignored.
node_modules/@mui/ico
ns-material/esm/Deskt
opWindowsTwoTone.js 
(1:0): Module level 
directives cause 
errors when bundled, 
"use client" in "node
_modules/@mui/icons-m
aterial/esm/DesktopWi
ndowsTwoTone.js" was 
ignored.
node_modules/@mui/ico
ns-material/esm/Detai
ls.js (1:0): Module 
level directives 
cause errors when 
bundled, "use 
client" in "node_modu
les/@mui/icons-materi
al/esm/Details.js" 
was ignored.
node_modules/@mui/ico
ns-material/esm/Detai
lsOutlined.js (1:0): 
Module level 
directives cause 
errors when bundled, 
"use client" in "node
_modules/@mui/icons-m
aterial/esm/DetailsOu
tlined.js" was 
ignored.
node_modules/@mui/ico
ns-material/esm/Deskt
opWindowsSharp.js 
(1:0): Module level 
directives cause 
errors when bundled, 
"use client" in "node
_modules/@mui/icons-m
aterial/esm/DesktopWi
ndowsSharp.js" was 
ignored.
node_modules/@mui/ico
ns-material/esm/Detai
lsRounded.js (1:0): 
Module level 
directives cause 
errors when bundled, 
"use client" in "node
_modules/@mui/icons-m
aterial/esm/DetailsRo
unded.js" was 
ignored.
node_modules/@mui/ico
ns-material/esm/Detai
lsSharp.js (1:0): 
Module level 
directives cause 
errors when bundled, 
"use client" in "node
_modules/@mui/icons-m
aterial/esm/DetailsSh
arp.js" was ignored.
node_modules/@mui/ico
ns-material/esm/Detai
lsTwoTone.js (1:0): 
Module level 
directives cause 
errors when bundled, 
"use client" in "node
_modules/@mui/icons-m
aterial/esm/DetailsTw
oTone.js" was 
ignored.
node_modules/@mui/ico
ns-material/esm/Deskt
opWindowsOutlined.js 
(1:0): Module level 
directives cause 
errors when bundled, 
"use client" in "node
_modules/@mui/icons-m
aterial/esm/DesktopWi
ndowsOutlined.js" 
was ignored.
node_modules/@mui/ico
ns-material/esm/Devel
operBoard.js (1:0): 
Module level 
directives cause 
errors when bundled, 
"use client" in "node
_modules/@mui/icons-m
aterial/esm/Developer
Board.js" was 
ignored.
node_modules/@mui/ico
ns-material/esm/Desk.
js (1:0): Module 
level directives 
cause errors when 
bundled, "use 
client" in "node_modu
les/@mui/icons-materi
al/esm/Desk.js" was 
ignored.
node_modules/@mui/ico
ns-material/esm/Devel
operBoardOffRounded.j
s (1:0): Module 
level directives 
cause errors when 
bundled, "use 
client" in "node_modu
les/@mui/icons-materi
al/esm/DeveloperBoard
OffRounded.js" was 
ignored.
node_modules/@mui/ico
ns-material/esm/Devel
operBoardOffTwoTone.j
s (1:0): Module 
level directives 
cause errors when 
bundled, "use 
client" in "node_modu
les/@mui/icons-materi
al/esm/DeveloperBoard
OffTwoTone.js" was 
ignored.
node_modules/@mui/ico
ns-material/esm/Devel
operBoardOffOutlined.
js (1:0): Module 
level directives 
cause errors when 
bundled, "use 
client" in "node_modu
les/@mui/icons-materi
al/esm/DeveloperBoard
OffOutlined.js" was 
ignored.
node_modules/@mui/ico
ns-material/esm/Devel
operBoardOff.js 
(1:0): Module level 
directives cause 
errors when bundled, 
"use client" in "node
_modules/@mui/icons-m
aterial/esm/Developer
BoardOff.js" was 
ignored.
node_modules/@mui/ico
ns-material/esm/Devel
operBoardOutlined.js 
(1:0): Module level 
directives cause 
errors when bundled, 
"use client" in "node
_modules/@mui/icons-m
aterial/esm/Developer
BoardOutlined.js" 
was ignored.
node_modules/@mui/ico
ns-material/esm/Devel
operBoardOffSharp.js 
(1:0): Module level 
directives cause 
errors when bundled, 
"use client" in "node
_modules/@mui/icons-m
aterial/esm/Developer
BoardOffSharp.js" 
was ignored.
node_modules/@mui/ico
ns-material/esm/Devel
operBoardSharp.js 
(1:0): Module level 
directives cause 
errors when bundled, 
"use client" in "node
_modules/@mui/icons-m
aterial/esm/Developer
BoardSharp.js" was 
ignored.
node_modules/@mui/ico
ns-material/esm/Devel
operBoardTwoTone.js 
(1:0): Module level 
directives cause 
errors when bundled, 
"use client" in "node
_modules/@mui/icons-m
aterial/esm/Developer
BoardTwoTone.js" was 
ignored.
node_modules/@mui/ico
ns-material/esm/Devel
operBoardRounded.js 
(1:0): Module level 
directives cause 
errors when bundled, 
"use client" in "node
_modules/@mui/icons-m
aterial/esm/Developer
BoardRounded.js" was 
ignored.
node_modules/@mui/ico
ns-material/esm/Devel
operModeOutlined.js 
(1:0): Module level 
directives cause 
errors when bundled, 
"use client" in "node
_modules/@mui/icons-m
aterial/esm/Developer
ModeOutlined.js" was 
ignored.
node_modules/@mui/ico
ns-material/esm/Devel
operModeRounded.js 
(1:0): Module level 
directives cause 
errors when bundled, 
"use client" in "node
_modules/@mui/icons-m
aterial/esm/Developer
ModeRounded.js" was 
ignored.
node_modules/@mui/ico
ns-material/esm/Devel
operMode.js (1:0): 
Module level 
directives cause 
errors when bundled, 
"use client" in "node
_modules/@mui/icons-m
aterial/esm/Developer
Mode.js" was ignored.
node_modules/@mui/ico
ns-material/esm/Devic
eHubSharp.js (1:0): 
Module level 
directives cause 
errors when bundled, 
"use client" in "node
_modules/@mui/icons-m
aterial/esm/DeviceHub
Sharp.js" was 
ignored.
node_modules/@mui/ico
ns-material/esm/Devel
operModeSharp.js 
(1:0): Module level 
directives cause 
errors when bundled, 
"use client" in "node
_modules/@mui/icons-m
aterial/esm/Developer
ModeSharp.js" was 
ignored.
node_modules/@mui/ico
ns-material/esm/Devel
operModeTwoTone.js 
(1:0): Module level 
directives cause 
errors when bundled, 
"use client" in "node
_modules/@mui/icons-m
aterial/esm/Developer
ModeTwoTone.js" was 
ignored.
node_modules/@mui/ico
ns-material/esm/Devic
eHubOutlined.js 
(1:0): Module level 
directives cause 
errors when bundled, 
"use client" in "node
_modules/@mui/icons-m
aterial/esm/DeviceHub
Outlined.js" was 
ignored.
node_modules/@mui/ico
ns-material/esm/Devic
eHub.js (1:0): 
Module level 
directives cause 
errors when bundled, 
"use client" in "node
_modules/@mui/icons-m
aterial/esm/DeviceHub
.js" was ignored.
node_modules/@mui/ico
ns-material/esm/Devic
eThermostatOutlined.j
s (1:0): Module 
level directives 
cause errors when 
bundled, "use 
client" in "node_modu
les/@mui/icons-materi
al/esm/DeviceThermost
atOutlined.js" was 
ignored.
node_modules/@mui/ico
ns-material/esm/Devic
eHubRounded.js 
(1:0): Module level 
directives cause 
errors when bundled, 
"use client" in "node
_modules/@mui/icons-m
aterial/esm/DeviceHub
Rounded.js" was 
ignored.
node_modules/@mui/ico
ns-material/esm/Devic
eHubTwoTone.js 
(1:0): Module level 
directives cause 
errors when bundled, 
"use client" in "node
_modules/@mui/icons-m
aterial/esm/DeviceHub
TwoTone.js" was 
ignored.
node_modules/@mui/ico
ns-material/esm/Devic
eThermostatSharp.js 
(1:0): Module level 
directives cause 
errors when bundled, 
"use client" in "node
_modules/@mui/icons-m
aterial/esm/DeviceThe
rmostatSharp.js" was 
ignored.
node_modules/@mui/ico
ns-material/esm/Devic
eThermostat.js 
(1:0): Module level 
directives cause 
errors when bundled, 
"use client" in "node
_modules/@mui/icons-m
aterial/esm/DeviceThe
rmostat.js" was 
ignored.
node_modules/@mui/ico
ns-material/esm/Devic
eThermostatTwoTone.js
 (1:0): Module level 
directives cause 
errors when bundled, 
"use client" in "node
_modules/@mui/icons-m
aterial/esm/DeviceThe
rmostatTwoTone.js" 
was ignored.
node_modules/@mui/ico
ns-material/esm/Devic
eThermostatRounded.js
 (1:0): Module level 
directives cause 
errors when bundled, 
"use client" in "node
_modules/@mui/icons-m
aterial/esm/DeviceThe
rmostatRounded.js" 
was ignored.
node_modules/@mui/ico
ns-material/esm/Devic
eUnknownOutlined.js 
(1:0): Module level 
directives cause 
errors when bundled, 
"use client" in "node
_modules/@mui/icons-m
aterial/esm/DeviceUnk
nownOutlined.js" was 
ignored.
node_modules/@mui/ico
ns-material/esm/Devic
eUnknown.js (1:0): 
Module level 
directives cause 
errors when bundled, 
"use client" in "node
_modules/@mui/icons-m
aterial/esm/DeviceUnk
nown.js" was ignored.
node_modules/@mui/ico
ns-material/esm/Devic
eUnknownSharp.js 
(1:0): Module level 
directives cause 
errors when bundled, 
"use client" in "node
_modules/@mui/icons-m
aterial/esm/DeviceUnk
nownSharp.js" was 
ignored.
node_modules/@mui/ico
ns-material/esm/Devic
eUnknownRounded.js 
(1:0): Module level 
directives cause 
errors when bundled, 
"use client" in "node
_modules/@mui/icons-m
aterial/esm/DeviceUnk
nownRounded.js" was 
ignored.
node_modules/@mui/ico
ns-material/esm/Devic
eUnknownTwoTone.js 
(1:0): Module level 
directives cause 
errors when bundled, 
"use client" in "node
_modules/@mui/icons-m
aterial/esm/DeviceUnk
nownTwoTone.js" was 
ignored.
node_modules/@mui/ico
ns-material/esm/Devic
esFoldOutlined.js 
(1:0): Module level 
directives cause 
errors when bundled, 
"use client" in "node
_modules/@mui/icons-m
aterial/esm/DevicesFo
ldOutlined.js" was 
ignored.
node_modules/@mui/ico
ns-material/esm/Devic
esFold.js (1:0): 
Module level 
directives cause 
errors when bundled, 
"use client" in "node
_modules/@mui/icons-m
aterial/esm/DevicesFo
ld.js" was ignored.
node_modules/@mui/ico
ns-material/esm/Devic
esFoldRounded.js 
(1:0): Module level 
directives cause 
errors when bundled, 
"use client" in "node
_modules/@mui/icons-m
aterial/esm/DevicesFo
ldRounded.js" was 
ignored.
node_modules/@mui/ico
ns-material/esm/Devic
es.js (1:0): Module 
level directives 
cause errors when 
bundled, "use 
client" in "node_modu
les/@mui/icons-materi
al/esm/Devices.js" 
was ignored.
node_modules/@mui/ico
ns-material/esm/Devic
esFoldSharp.js 
(1:0): Module level 
directives cause 
errors when bundled, 
"use client" in "node
_modules/@mui/icons-m
aterial/esm/DevicesFo
ldSharp.js" was 
ignored.
node_modules/@mui/ico
ns-material/esm/Devic
esFoldTwoTone.js 
(1:0): Module level 
directives cause 
errors when bundled, 
"use client" in "node
_modules/@mui/icons-m
aterial/esm/DevicesFo
ldTwoTone.js" was 
ignored.
node_modules/@mui/ico
ns-material/esm/Devic
esOtherOutlined.js 
(1:0): Module level 
directives cause 
errors when bundled, 
"use client" in "node
_modules/@mui/icons-m
aterial/esm/DevicesOt
herOutlined.js" was 
ignored.
node_modules/@mui/ico
ns-material/esm/Devic
esOther.js (1:0): 
Module level 
directives cause 
errors when bundled, 
"use client" in "node
_modules/@mui/icons-m
aterial/esm/DevicesOt
her.js" was ignored.
node_modules/@mui/ico
ns-material/esm/Devic
esOtherSharp.js 
(1:0): Module level 
directives cause 
errors when bundled, 
"use client" in "node
_modules/@mui/icons-m
aterial/esm/DevicesOt
herSharp.js" was 
ignored.
node_modules/@mui/ico
ns-material/esm/Devic
esOtherRounded.js 
(1:0): Module level 
directives cause 
errors when bundled, 
"use client" in "node
_modules/@mui/icons-m
aterial/esm/DevicesOt
herRounded.js" was 
ignored.
node_modules/@mui/ico
ns-material/esm/Devic
esOtherTwoTone.js 
(1:0): Module level 
directives cause 
errors when bundled, 
"use client" in "node
_modules/@mui/icons-m
aterial/esm/DevicesOt
herTwoTone.js" was 
ignored.
node_modules/@mui/ico
ns-material/esm/Devic
esSharp.js (1:0): 
Module level 
directives cause 
errors when bundled, 
"use client" in "node
_modules/@mui/icons-m
aterial/esm/DevicesSh
arp.js" was ignored.
node_modules/@mui/ico
ns-material/esm/Devic
esOutlined.js (1:0): 
Module level 
directives cause 
errors when bundled, 
"use client" in "node
_modules/@mui/icons-m
aterial/esm/DevicesOu
tlined.js" was 
ignored.
node_modules/@mui/ico
ns-material/esm/Devic
esRounded.js (1:0): 
Module level 
directives cause 
errors when bundled, 
"use client" in "node
_modules/@mui/icons-m
aterial/esm/DevicesRo
unded.js" was 
ignored.
node_modules/@mui/ico
ns-material/esm/Devic
esTwoTone.js (1:0): 
Module level 
directives cause 
errors when bundled, 
"use client" in "node
_modules/@mui/icons-m
aterial/esm/DevicesTw
oTone.js" was 
ignored.
node_modules/@mui/ico
ns-material/esm/Diale
rSipOutlined.js 
(1:0): Module level 
directives cause 
errors when bundled, 
"use client" in "node
_modules/@mui/icons-m
aterial/esm/DialerSip
Outlined.js" was 
ignored.
node_modules/@mui/ico
ns-material/esm/Diale
rSipSharp.js (1:0): 
Module level 
directives cause 
errors when bundled, 
"use client" in "node
_modules/@mui/icons-m
aterial/esm/DialerSip
Sharp.js" was 
ignored.
node_modules/@mui/ico
ns-material/esm/Diale
rSip.js (1:0): 
Module level 
directives cause 
errors when bundled, 
"use client" in "node
_modules/@mui/icons-m
aterial/esm/DialerSip
.js" was ignored.
node_modules/@mui/ico
ns-material/esm/Diale
rSipRounded.js 
(1:0): Module level 
directives cause 
errors when bundled, 
"use client" in "node
_modules/@mui/icons-m
aterial/esm/DialerSip
Rounded.js" was 
ignored.
node_modules/@mui/ico
ns-material/esm/Dialp
ad.js (1:0): Module 
level directives 
cause errors when 
bundled, "use 
client" in "node_modu
les/@mui/icons-materi
al/esm/Dialpad.js" 
was ignored.
node_modules/@mui/ico
ns-material/esm/Diale
rSipTwoTone.js 
(1:0): Module level 
directives cause 
errors when bundled, 
"use client" in "node
_modules/@mui/icons-m
aterial/esm/DialerSip
TwoTone.js" was 
ignored.
node_modules/@mui/ico
ns-material/esm/Dialp
adRounded.js (1:0): 
Module level 
directives cause 
errors when bundled, 
"use client" in "node
_modules/@mui/icons-m
aterial/esm/DialpadRo
unded.js" was 
ignored.
node_modules/@mui/ico
ns-material/esm/Dialp
adSharp.js (1:0): 
Module level 
directives cause 
errors when bundled, 
"use client" in "node
_modules/@mui/icons-m
aterial/esm/DialpadSh
arp.js" was ignored.
node_modules/@mui/ico
ns-material/esm/Dialp
adOutlined.js (1:0): 
Module level 
directives cause 
errors when bundled, 
"use client" in "node
_modules/@mui/icons-m
aterial/esm/DialpadOu
tlined.js" was 
ignored.
node_modules/@mui/ico
ns-material/esm/Diamo
nd.js (1:0): Module 
level directives 
cause errors when 
bundled, "use 
client" in "node_modu
les/@mui/icons-materi
al/esm/Diamond.js" 
was ignored.
node_modules/@mui/ico
ns-material/esm/Diamo
ndOutlined.js (1:0): 
Module level 
directives cause 
errors when bundled, 
"use client" in "node
_modules/@mui/icons-m
aterial/esm/DiamondOu
tlined.js" was 
ignored.
node_modules/@mui/ico
ns-material/esm/Dialp
adTwoTone.js (1:0): 
Module level 
directives cause 
errors when bundled, 
"use client" in "node
_modules/@mui/icons-m
aterial/esm/DialpadTw
oTone.js" was 
ignored.
node_modules/@mui/ico
ns-material/esm/Diamo
ndRounded.js (1:0): 
Module level 
directives cause 
errors when bundled, 
"use client" in "node
_modules/@mui/icons-m
aterial/esm/DiamondRo
unded.js" was 
ignored.
node_modules/@mui/ico
ns-material/esm/Diamo
ndSharp.js (1:0): 
Module level 
directives cause 
errors when bundled, 
"use client" in "node
_modules/@mui/icons-m
aterial/esm/DiamondSh
arp.js" was ignored.
node_modules/@mui/ico
ns-material/esm/Diamo
ndTwoTone.js (1:0): 
Module level 
directives cause 
errors when bundled, 
"use client" in "node
_modules/@mui/icons-m
aterial/esm/DiamondTw
oTone.js" was 
ignored.
node_modules/@mui/ico
ns-material/esm/Diffe
renceTwoTone.js 
(1:0): Module level 
directives cause 
errors when bundled, 
"use client" in "node
_modules/@mui/icons-m
aterial/esm/Differenc
eTwoTone.js" was 
ignored.
node_modules/@mui/ico
ns-material/esm/Diffe
renceOutlined.js 
(1:0): Module level 
directives cause 
errors when bundled, 
"use client" in "node
_modules/@mui/icons-m
aterial/esm/Differenc
eOutlined.js" was 
ignored.
node_modules/@mui/ico
ns-material/esm/Diffe
rence.js (1:0): 
Module level 
directives cause 
errors when bundled, 
"use client" in "node
_modules/@mui/icons-m
aterial/esm/Differenc
e.js" was ignored.
node_modules/@mui/ico
ns-material/esm/Diffe
renceSharp.js (1:0): 
Module level 
directives cause 
errors when bundled, 
"use client" in "node
_modules/@mui/icons-m
aterial/esm/Differenc
eSharp.js" was 
ignored.
node_modules/@mui/ico
ns-material/esm/Diffe
renceRounded.js 
(1:0): Module level 
directives cause 
errors when bundled, 
"use client" in "node
_modules/@mui/icons-m
aterial/esm/Differenc
eRounded.js" was 
ignored.
node_modules/@mui/ico
ns-material/esm/Dinin
gRounded.js (1:0): 
Module level 
directives cause 
errors when bundled, 
"use client" in "node
_modules/@mui/icons-m
aterial/esm/DiningRou
nded.js" was ignored.
node_modules/@mui/ico
ns-material/esm/Dinin
g.js (1:0): Module 
level directives 
cause errors when 
bundled, "use 
client" in "node_modu
les/@mui/icons-materi
al/esm/Dining.js" 
was ignored.
node_modules/@mui/ico
ns-material/esm/Dinin
gOutlined.js (1:0): 
Module level 
directives cause 
errors when bundled, 
"use client" in "node
_modules/@mui/icons-m
aterial/esm/DiningOut
lined.js" was 
ignored.
node_modules/@mui/ico
ns-material/esm/Dinin
gSharp.js (1:0): 
Module level 
directives cause 
errors when bundled, 
"use client" in "node
_modules/@mui/icons-m
aterial/esm/DiningSha
rp.js" was ignored.
node_modules/@mui/ico
ns-material/esm/Dinin
gTwoTone.js (1:0): 
Module level 
directives cause 
errors when bundled, 
"use client" in "node
_modules/@mui/icons-m
aterial/esm/DiningTwo
Tone.js" was ignored.
node_modules/@mui/ico
ns-material/esm/Dinne
rDiningOutlined.js 
(1:0): Module level 
directives cause 
errors when bundled, 
"use client" in "node
_modules/@mui/icons-m
aterial/esm/DinnerDin
ingOutlined.js" was 
ignored.
node_modules/@mui/ico
ns-material/esm/Dinne
rDiningRounded.js 
(1:0): Module level 
directives cause 
errors when bundled, 
"use client" in "node
_modules/@mui/icons-m
aterial/esm/DinnerDin
ingRounded.js" was 
ignored.
node_modules/@mui/ico
ns-material/esm/Dinne
rDiningTwoTone.js 
(1:0): Module level 
directives cause 
errors when bundled, 
"use client" in "node
_modules/@mui/icons-m
aterial/esm/DinnerDin
ingTwoTone.js" was 
ignored.
node_modules/@mui/ico
ns-material/esm/Dinne
rDining.js (1:0): 
Module level 
directives cause 
errors when bundled, 
"use client" in "node
_modules/@mui/icons-m
aterial/esm/DinnerDin
ing.js" was ignored.
node_modules/@mui/ico
ns-material/esm/Dinne
rDiningSharp.js 
(1:0): Module level 
directives cause 
errors when bundled, 
"use client" in "node
_modules/@mui/icons-m
aterial/esm/DinnerDin
ingSharp.js" was 
ignored.
node_modules/@mui/ico
ns-material/esm/Direc
tionsBikeRounded.js 
(1:0): Module level 
directives cause 
errors when bundled, 
"use client" in "node
_modules/@mui/icons-m
aterial/esm/Direction
sBikeRounded.js" was 
ignored.
node_modules/@mui/ico
ns-material/esm/Direc
tionsBike.js (1:0): 
Module level 
directives cause 
errors when bundled, 
"use client" in "node
_modules/@mui/icons-m
aterial/esm/Direction
sBike.js" was 
ignored.
node_modules/@mui/ico
ns-material/esm/Direc
tions.js (1:0): 
Module level 
directives cause 
errors when bundled, 
"use client" in "node
_modules/@mui/icons-m
aterial/esm/Direction
s.js" was ignored.
node_modules/@mui/ico
ns-material/esm/Direc
tionsBikeOutlined.js 
(1:0): Module level 
directives cause 
errors when bundled, 
"use client" in "node
_modules/@mui/icons-m
aterial/esm/Direction
sBikeOutlined.js" 
was ignored.
node_modules/@mui/ico
ns-material/esm/Direc
tionsBikeSharp.js 
(1:0): Module level 
directives cause 
errors when bundled, 
"use client" in "node
_modules/@mui/icons-m
aterial/esm/Direction
sBikeSharp.js" was 
ignored.
node_modules/@mui/ico
ns-material/esm/Direc
tionsBikeTwoTone.js 
(1:0): Module level 
directives cause 
errors when bundled, 
"use client" in "node
_modules/@mui/icons-m
aterial/esm/Direction
sBikeTwoTone.js" was 
ignored.
node_modules/@mui/ico
ns-material/esm/Direc
tionsBoat.js (1:0): 
Module level 
directives cause 
errors when bundled, 
"use client" in "node
_modules/@mui/icons-m
aterial/esm/Direction
sBoat.js" was 
ignored.
node_modules/@mui/ico
ns-material/esm/Direc
tionsBoatFilled.js 
(1:0): Module level 
directives cause 
errors when bundled, 
"use client" in "node
_modules/@mui/icons-m
aterial/esm/Direction
sBoatFilled.js" was 
ignored.
node_modules/@mui/ico
ns-material/esm/Direc
tionsBoatFilledRounde
d.js (1:0): Module 
level directives 
cause errors when 
bundled, "use 
client" in "node_modu
les/@mui/icons-materi
al/esm/DirectionsBoat
FilledRounded.js" 
was ignored.
node_modules/@mui/ico
ns-material/esm/Direc
tionsBoatFilledTwoTon
e.js (1:0): Module 
level directives 
cause errors when 
bundled, "use 
client" in "node_modu
les/@mui/icons-materi
al/esm/DirectionsBoat
FilledTwoTone.js" 
was ignored.
node_modules/@mui/ico
ns-material/esm/Direc
tionsBoatRounded.js 
(1:0): Module level 
directives cause 
errors when bundled, 
"use client" in "node
_modules/@mui/icons-m
aterial/esm/Direction
sBoatRounded.js" was 
ignored.
node_modules/@mui/ico
ns-material/esm/Direc
tionsBoatFilledOutlin
ed.js (1:0): Module 
level directives 
cause errors when 
bundled, "use 
client" in "node_modu
les/@mui/icons-materi
al/esm/DirectionsBoat
FilledOutlined.js" 
was ignored.
node_modules/@mui/ico
ns-material/esm/Direc
tionsBoatSharp.js 
(1:0): Module level 
directives cause 
errors when bundled, 
"use client" in "node
_modules/@mui/icons-m
aterial/esm/Direction
sBoatSharp.js" was 
ignored.
node_modules/@mui/ico
ns-material/esm/Direc
tionsBoatOutlined.js 
(1:0): Module level 
directives cause 
errors when bundled, 
"use client" in "node
_modules/@mui/icons-m
aterial/esm/Direction
sBoatOutlined.js" 
was ignored.
node_modules/@mui/ico
ns-material/esm/Direc
tionsBus.js (1:0): 
Module level 
directives cause 
errors when bundled, 
"use client" in "node
_modules/@mui/icons-m
aterial/esm/Direction
sBus.js" was ignored.
node_modules/@mui/ico
ns-material/esm/Direc
tionsBoatTwoTone.js 
(1:0): Module level 
directives cause 
errors when bundled, 
"use client" in "node
_modules/@mui/icons-m
aterial/esm/Direction
sBoatTwoTone.js" was 
ignored.
node_modules/@mui/ico
ns-material/esm/Direc
tionsBusFilledOutline
d.js (1:0): Module 
level directives 
cause errors when 
bundled, "use 
client" in "node_modu
les/@mui/icons-materi
al/esm/DirectionsBusF
illedOutlined.js" 
was ignored.
node_modules/@mui/ico
ns-material/esm/Direc
tionsBusFilled.js 
(1:0): Module level 
directives cause 
errors when bundled, 
"use client" in "node
_modules/@mui/icons-m
aterial/esm/Direction
sBusFilled.js" was 
ignored.
node_modules/@mui/ico
ns-material/esm/Direc
tionsBusFilledRounded
.js (1:0): Module 
level directives 
cause errors when 
bundled, "use 
client" in "node_modu
les/@mui/icons-materi
al/esm/DirectionsBusF
illedRounded.js" was 
ignored.
node_modules/@mui/ico
ns-material/esm/Direc
tionsBusFilledSharp.j
s (1:0): Module 
level directives 
cause errors when 
bundled, "use 
client" in "node_modu
les/@mui/icons-materi
al/esm/DirectionsBusF
illedSharp.js" was 
ignored.
node_modules/@mui/ico
ns-material/esm/Direc
tionsBusFilledTwoTone
.js (1:0): Module 
level directives 
cause errors when 
bundled, "use 
client" in "node_modu
les/@mui/icons-materi
al/esm/DirectionsBusF
illedTwoTone.js" was 
ignored.
node_modules/@mui/ico
ns-material/esm/Direc
tionsBusOutlined.js 
(1:0): Module level 
directives cause 
errors when bundled, 
"use client" in "node
_modules/@mui/icons-m
aterial/esm/Direction
sBusOutlined.js" was 
ignored.
node_modules/@mui/ico
ns-material/esm/Direc
tionsBusSharp.js 
(1:0): Module level 
directives cause 
errors when bundled, 
"use client" in "node
_modules/@mui/icons-m
aterial/esm/Direction
sBusSharp.js" was 
ignored.
node_modules/@mui/ico
ns-material/esm/Direc
tionsBoatFilledSharp.
js (1:0): Module 
level directives 
cause errors when 
bundled, "use 
client" in "node_modu
les/@mui/icons-materi
al/esm/DirectionsBoat
FilledSharp.js" was 
ignored.
node_modules/@mui/ico
ns-material/esm/Direc
tionsCar.js (1:0): 
Module level 
directives cause 
errors when bundled, 
"use client" in "node
_modules/@mui/icons-m
aterial/esm/Direction
sCar.js" was ignored.
node_modules/@mui/ico
ns-material/esm/Direc
tionsBusRounded.js 
(1:0): Module level 
directives cause 
errors when bundled, 
"use client" in "node
_modules/@mui/icons-m
aterial/esm/Direction
sBusRounded.js" was 
ignored.
node_modules/@mui/ico
ns-material/esm/Direc
tionsCarFilled.js 
(1:0): Module level 
directives cause 
errors when bundled, 
"use client" in "node
_modules/@mui/icons-m
aterial/esm/Direction
sCarFilled.js" was 
ignored.
node_modules/@mui/ico
ns-material/esm/Direc
tionsBusTwoTone.js 
(1:0): Module level 
directives cause 
errors when bundled, 
"use client" in "node
_modules/@mui/icons-m
aterial/esm/Direction
sBusTwoTone.js" was 
ignored.
node_modules/@mui/ico
ns-material/esm/Direc
tionsCarFilledOutline
d.js (1:0): Module 
level directives 
cause errors when 
bundled, "use 
client" in "node_modu
les/@mui/icons-materi
al/esm/DirectionsCarF
illedOutlined.js" 
was ignored.
node_modules/@mui/ico
ns-material/esm/Direc
tionsCarFilledRounded
.js (1:0): Module 
level directives 
cause errors when 
bundled, "use 
client" in "node_modu
les/@mui/icons-materi
al/esm/DirectionsCarF
illedRounded.js" was 
ignored.
node_modules/@mui/ico
ns-material/esm/Direc
tionsCarFilledTwoTone
.js (1:0): Module 
level directives 
cause errors when 
bundled, "use 
client" in "node_modu
les/@mui/icons-materi
al/esm/DirectionsCarF
illedTwoTone.js" was 
ignored.
node_modules/@mui/ico
ns-material/esm/Direc
tionsCarFilledSharp.j
s (1:0): Module 
level directives 
cause errors when 
bundled, "use 
client" in "node_modu
les/@mui/icons-materi
al/esm/DirectionsCarF
illedSharp.js" was 
ignored.
node_modules/@mui/ico
ns-material/esm/Direc
tionsCarOutlined.js 
(1:0): Module level 
directives cause 
errors when bundled, 
"use client" in "node
_modules/@mui/icons-m
aterial/esm/Direction
sCarOutlined.js" was 
ignored.
node_modules/@mui/ico
ns-material/esm/Direc
tionsCarRounded.js 
(1:0): Module level 
directives cause 
errors when bundled, 
"use client" in "node
_modules/@mui/icons-m
aterial/esm/Direction
sCarRounded.js" was 
ignored.
node_modules/@mui/ico
ns-material/esm/Direc
tionsCarSharp.js 
(1:0): Module level 
directives cause 
errors when bundled, 
"use client" in "node
_modules/@mui/icons-m
aterial/esm/Direction
sCarSharp.js" was 
ignored.
node_modules/@mui/ico
ns-material/esm/Direc
tionsOffOutlined.js 
(1:0): Module level 
directives cause 
errors when bundled, 
"use client" in "node
_modules/@mui/icons-m
aterial/esm/Direction
sOffOutlined.js" was 
ignored.
node_modules/@mui/ico
ns-material/esm/Direc
tionsOffSharp.js 
(1:0): Module level 
directives cause 
errors when bundled, 
"use client" in "node
_modules/@mui/icons-m
aterial/esm/Direction
sOffSharp.js" was 
ignored.
node_modules/@mui/ico
ns-material/esm/Direc
tionsOff.js (1:0): 
Module level 
directives cause 
errors when bundled, 
"use client" in "node
_modules/@mui/icons-m
aterial/esm/Direction
sOff.js" was ignored.
node_modules/@mui/ico
ns-material/esm/Direc
tionsOffRounded.js 
(1:0): Module level 
directives cause 
errors when bundled, 
"use client" in "node
_modules/@mui/icons-m
aterial/esm/Direction
sOffRounded.js" was 
ignored.
node_modules/@mui/ico
ns-material/esm/Direc
tionsOutlined.js 
(1:0): Module level 
directives cause 
errors when bundled, 
"use client" in "node
_modules/@mui/icons-m
aterial/esm/Direction
sOutlined.js" was 
ignored.
node_modules/@mui/ico
ns-material/esm/Direc
tionsRailway.js 
(1:0): Module level 
directives cause 
errors when bundled, 
"use client" in "node
_modules/@mui/icons-m
aterial/esm/Direction
sRailway.js" was 
ignored.
node_modules/@mui/ico
ns-material/esm/Direc
tionsCarTwoTone.js 
(1:0): Module level 
directives cause 
errors when bundled, 
"use client" in "node
_modules/@mui/icons-m
aterial/esm/Direction
sCarTwoTone.js" was 
ignored.
node_modules/@mui/ico
ns-material/esm/Direc
tionsRailwayFilled.js
 (1:0): Module level 
directives cause 
errors when bundled, 
"use client" in "node
_modules/@mui/icons-m
aterial/esm/Direction
sRailwayFilled.js" 
was ignored.
node_modules/@mui/ico
ns-material/esm/Direc
tionsOffTwoTone.js 
(1:0): Module level 
directives cause 
errors when bundled, 
"use client" in "node
_modules/@mui/icons-m
aterial/esm/Direction
sOffTwoTone.js" was 
ignored.
node_modules/@mui/ico
ns-material/esm/Direc
tionsRailwayFilledRou
nded.js (1:0): 
Module level 
directives cause 
errors when bundled, 
"use client" in "node
_modules/@mui/icons-m
aterial/esm/Direction
sRailwayFilledRounded
.js" was ignored.
node_modules/@mui/ico
ns-material/esm/Direc
tionsRailwayRounded.j
s (1:0): Module 
level directives 
cause errors when 
bundled, "use 
client" in "node_modu
les/@mui/icons-materi
al/esm/DirectionsRail
wayRounded.js" was 
ignored.
node_modules/@mui/ico
ns-material/esm/Direc
tionsRailwayFilledTwo
Tone.js (1:0): 
Module level 
directives cause 
errors when bundled, 
"use client" in "node
_modules/@mui/icons-m
aterial/esm/Direction
sRailwayFilledTwoTone
.js" was ignored.
node_modules/@mui/ico
ns-material/esm/Direc
tionsRailwayFilledOut
lined.js (1:0): 
Module level 
directives cause 
errors when bundled, 
"use client" in "node
_modules/@mui/icons-m
aterial/esm/Direction
sRailwayFilledOutline
d.js" was ignored.
node_modules/@mui/ico
ns-material/esm/Direc
tionsRailwayOutlined.
js (1:0): Module 
level directives 
cause errors when 
bundled, "use 
client" in "node_modu
les/@mui/icons-materi
al/esm/DirectionsRail
wayOutlined.js" was 
ignored.
node_modules/@mui/ico
ns-material/esm/Direc
tionsRailwayFilledSha
rp.js (1:0): Module 
level directives 
cause errors when 
bundled, "use 
client" in "node_modu
les/@mui/icons-materi
al/esm/DirectionsRail
wayFilledSharp.js" 
was ignored.
node_modules/@mui/ico
ns-material/esm/Direc
tionsRounded.js 
(1:0): Module level 
directives cause 
errors when bundled, 
"use client" in "node
_modules/@mui/icons-m
aterial/esm/Direction
sRounded.js" was 
ignored.
node_modules/@mui/ico
ns-material/esm/Direc
tionsRailwayTwoTone.j
s (1:0): Module 
level directives 
cause errors when 
bundled, "use 
client" in "node_modu
les/@mui/icons-materi
al/esm/DirectionsRail
wayTwoTone.js" was 
ignored.
node_modules/@mui/ico
ns-material/esm/Direc
tionsRailwaySharp.js 
(1:0): Module level 
directives cause 
errors when bundled, 
"use client" in "node
_modules/@mui/icons-m
aterial/esm/Direction
sRailwaySharp.js" 
was ignored.
node_modules/@mui/ico
ns-material/esm/Direc
tionsRunRounded.js 
(1:0): Module level 
directives cause 
errors when bundled, 
"use client" in "node
_modules/@mui/icons-m
aterial/esm/Direction
sRunRounded.js" was 
ignored.
node_modules/@mui/ico
ns-material/esm/Direc
tionsRun.js (1:0): 
Module level 
directives cause 
errors when bundled, 
"use client" in "node
_modules/@mui/icons-m
aterial/esm/Direction
sRun.js" was ignored.
node_modules/@mui/ico
ns-material/esm/Direc
tionsRunOutlined.js 
(1:0): Module level 
directives cause 
errors when bundled, 
"use client" in "node
_modules/@mui/icons-m
aterial/esm/Direction
sRunOutlined.js" was 
ignored.
node_modules/@mui/ico
ns-material/esm/Direc
tionsRunSharp.js 
(1:0): Module level 
directives cause 
errors when bundled, 
"use client" in "node
_modules/@mui/icons-m
aterial/esm/Direction
sRunSharp.js" was 
ignored.
node_modules/@mui/ico
ns-material/esm/Direc
tionsSubway.js 
(1:0): Module level 
directives cause 
errors when bundled, 
"use client" in "node
_modules/@mui/icons-m
aterial/esm/Direction
sSubway.js" was 
ignored.
node_modules/@mui/ico
ns-material/esm/Direc
tionsSubwayFilledOutl
ined.js (1:0): 
Module level 
directives cause 
errors when bundled, 
"use client" in "node
_modules/@mui/icons-m
aterial/esm/Direction
sSubwayFilledOutlined
.js" was ignored.
node_modules/@mui/ico
ns-material/esm/Direc
tionsSharp.js (1:0): 
Module level 
directives cause 
errors when bundled, 
"use client" in "node
_modules/@mui/icons-m
aterial/esm/Direction
sSharp.js" was 
ignored.
node_modules/@mui/ico
ns-material/esm/Direc
tionsSubwayFilled.js 
(1:0): Module level 
directives cause 
errors when bundled, 
"use client" in "node
_modules/@mui/icons-m
aterial/esm/Direction
sSubwayFilled.js" 
was ignored.
node_modules/@mui/ico
ns-material/esm/Direc
tionsRunTwoTone.js 
(1:0): Module level 
directives cause 
errors when bundled, 
"use client" in "node
_modules/@mui/icons-m
aterial/esm/Direction
sRunTwoTone.js" was 
ignored.
node_modules/@mui/ico
ns-material/esm/Direc
tionsSubwayFilledRoun
ded.js (1:0): Module 
level directives 
cause errors when 
bundled, "use 
client" in "node_modu
les/@mui/icons-materi
al/esm/DirectionsSubw
ayFilledRounded.js" 
was ignored.
node_modules/@mui/ico
ns-material/esm/Direc
tionsSubwayFilledShar
p.js (1:0): Module 
level directives 
cause errors when 
bundled, "use 
client" in "node_modu
les/@mui/icons-materi
al/esm/DirectionsSubw
ayFilledSharp.js" 
was ignored.
node_modules/@mui/ico
ns-material/esm/Direc
tionsSubwayFilledTwoT
one.js (1:0): Module 
level directives 
cause errors when 
bundled, "use 
client" in "node_modu
les/@mui/icons-materi
al/esm/DirectionsSubw
ayFilledTwoTone.js" 
was ignored.
node_modules/@mui/ico
ns-material/esm/Direc
tionsSubwayOutlined.j
s (1:0): Module 
level directives 
cause errors when 
bundled, "use 
client" in "node_modu
les/@mui/icons-materi
al/esm/DirectionsSubw
ayOutlined.js" was 
ignored.
node_modules/@mui/ico
ns-material/esm/Direc
tionsSubwayRounded.js
 (1:0): Module level 
directives cause 
errors when bundled, 
"use client" in "node
_modules/@mui/icons-m
aterial/esm/Direction
sSubwayRounded.js" 
was ignored.
node_modules/@mui/ico
ns-material/esm/Direc
tionsSubwaySharp.js 
(1:0): Module level 
directives cause 
errors when bundled, 
"use client" in "node
_modules/@mui/icons-m
aterial/esm/Direction
sSubwaySharp.js" was 
ignored.
node_modules/@mui/ico
ns-material/esm/Direc
tionsTransitFilledRou
nded.js (1:0): 
Module level 
directives cause 
errors when bundled, 
"use client" in "node
_modules/@mui/icons-m
aterial/esm/Direction
sTransitFilledRounded
.js" was ignored.
node_modules/@mui/ico
ns-material/esm/Direc
tionsTransitFilledOut
lined.js (1:0): 
Module level 
directives cause 
errors when bundled, 
"use client" in "node
_modules/@mui/icons-m
aterial/esm/Direction
sTransitFilledOutline
d.js" was ignored.
node_modules/@mui/ico
ns-material/esm/Direc
tionsSubwayTwoTone.js
 (1:0): Module level 
directives cause 
errors when bundled, 
"use client" in "node
_modules/@mui/icons-m
aterial/esm/Direction
sSubwayTwoTone.js" 
was ignored.
node_modules/@mui/ico
ns-material/esm/Direc
tionsTransit.js 
(1:0): Module level 
directives cause 
errors when bundled, 
"use client" in "node
_modules/@mui/icons-m
aterial/esm/Direction
sTransit.js" was 
ignored.
node_modules/@mui/ico
ns-material/esm/Direc
tionsTransitOutlined.
js (1:0): Module 
level directives 
cause errors when 
bundled, "use 
client" in "node_modu
les/@mui/icons-materi
al/esm/DirectionsTran
sitOutlined.js" was 
ignored.
node_modules/@mui/ico
ns-material/esm/Direc
tionsTransitFilledTwo
Tone.js (1:0): 
Module level 
directives cause 
errors when bundled, 
"use client" in "node
_modules/@mui/icons-m
aterial/esm/Direction
sTransitFilledTwoTone
.js" was ignored.
node_modules/@mui/ico
ns-material/esm/Direc
tionsTransitSharp.js 
(1:0): Module level 
directives cause 
errors when bundled, 
"use client" in "node
_modules/@mui/icons-m
aterial/esm/Direction
sTransitSharp.js" 
was ignored.
node_modules/@mui/ico
ns-material/esm/Direc
tionsTransitFilled.js
 (1:0): Module level 
directives cause 
errors when bundled, 
"use client" in "node
_modules/@mui/icons-m
aterial/esm/Direction
sTransitFilled.js" 
was ignored.
node_modules/@mui/ico
ns-material/esm/Direc
tionsTwoTone.js 
(1:0): Module level 
directives cause 
errors when bundled, 
"use client" in "node
_modules/@mui/icons-m
aterial/esm/Direction
sTwoTone.js" was 
ignored.
node_modules/@mui/ico
ns-material/esm/Direc
tionsTransitFilledSha
rp.js (1:0): Module 
level directives 
cause errors when 
bundled, "use 
client" in "node_modu
les/@mui/icons-materi
al/esm/DirectionsTran
sitFilledSharp.js" 
was ignored.
node_modules/@mui/ico
ns-material/esm/Direc
tionsTransitTwoTone.j
s (1:0): Module 
level directives 
cause errors when 
bundled, "use 
client" in "node_modu
les/@mui/icons-materi
al/esm/DirectionsTran
sitTwoTone.js" was 
ignored.
node_modules/@mui/ico
ns-material/esm/Direc
tionsWalkOutlined.js 
(1:0): Module level 
directives cause 
errors when bundled, 
"use client" in "node
_modules/@mui/icons-m
aterial/esm/Direction
sWalkOutlined.js" 
was ignored.
node_modules/@mui/ico
ns-material/esm/Direc
tionsTransitRounded.j
s (1:0): Module 
level directives 
cause errors when 
bundled, "use 
client" in "node_modu
les/@mui/icons-materi
al/esm/DirectionsTran
sitRounded.js" was 
ignored.
node_modules/@mui/ico
ns-material/esm/Direc
tionsWalk.js (1:0): 
Module level 
directives cause 
errors when bundled, 
"use client" in "node
_modules/@mui/icons-m
aterial/esm/Direction
sWalk.js" was 
ignored.
node_modules/@mui/ico
ns-material/esm/Direc
tionsWalkSharp.js 
(1:0): Module level 
directives cause 
errors when bundled, 
"use client" in "node
_modules/@mui/icons-m
aterial/esm/Direction
sWalkSharp.js" was 
ignored.
node_modules/@mui/ico
ns-material/esm/Direc
tionsWalkRounded.js 
(1:0): Module level 
directives cause 
errors when bundled, 
"use client" in "node
_modules/@mui/icons-m
aterial/esm/Direction
sWalkRounded.js" was 
ignored.
node_modules/@mui/ico
ns-material/esm/Dirty
LensOutlined.js 
(1:0): Module level 
directives cause 
errors when bundled, 
"use client" in "node
_modules/@mui/icons-m
aterial/esm/DirtyLens
Outlined.js" was 
ignored.
node_modules/@mui/ico
ns-material/esm/Direc
tionsWalkTwoTone.js 
(1:0): Module level 
directives cause 
errors when bundled, 
"use client" in "node
_modules/@mui/icons-m
aterial/esm/Direction
sWalkTwoTone.js" was 
ignored.
node_modules/@mui/ico
ns-material/esm/Dirty
Lens.js (1:0): 
Module level 
directives cause 
errors when bundled, 
"use client" in "node
_modules/@mui/icons-m
aterial/esm/DirtyLens
.js" was ignored.
node_modules/@mui/ico
ns-material/esm/Dirty
LensRounded.js 
(1:0): Module level 
directives cause 
errors when bundled, 
"use client" in "node
_modules/@mui/icons-m
aterial/esm/DirtyLens
Rounded.js" was 
ignored.
node_modules/@mui/ico
ns-material/esm/Dirty
LensSharp.js (1:0): 
Module level 
directives cause 
errors when bundled, 
"use client" in "node
_modules/@mui/icons-m
aterial/esm/DirtyLens
Sharp.js" was 
ignored.
node_modules/@mui/ico
ns-material/esm/Dirty
LensTwoTone.js 
(1:0): Module level 
directives cause 
errors when bundled, 
"use client" in "node
_modules/@mui/icons-m
aterial/esm/DirtyLens
TwoTone.js" was 
ignored.
node_modules/@mui/ico
ns-material/esm/Disab
ledByDefault.js 
(1:0): Module level 
directives cause 
errors when bundled, 
"use client" in "node
_modules/@mui/icons-m
aterial/esm/DisabledB
yDefault.js" was 
ignored.
node_modules/@mui/ico
ns-material/esm/Disab
ledByDefaultRounded.j
s (1:0): Module 
level directives 
cause errors when 
bundled, "use 
client" in "node_modu
les/@mui/icons-materi
al/esm/DisabledByDefa
ultRounded.js" was 
ignored.
node_modules/@mui/ico
ns-material/esm/Disab
ledByDefaultOutlined.
js (1:0): Module 
level directives 
cause errors when 
bundled, "use 
client" in "node_modu
les/@mui/icons-materi
al/esm/DisabledByDefa
ultOutlined.js" was 
ignored.
node_modules/@mui/ico
ns-material/esm/DiscF
ull.js (1:0): Module 
level directives 
cause errors when 
bundled, "use 
client" in "node_modu
les/@mui/icons-materi
al/esm/DiscFull.js" 
was ignored.
node_modules/@mui/ico
ns-material/esm/Disab
ledByDefaultSharp.js 
(1:0): Module level 
directives cause 
errors when bundled, 
"use client" in "node
_modules/@mui/icons-m
aterial/esm/DisabledB
yDefaultSharp.js" 
was ignored.
node_modules/@mui/ico
ns-material/esm/Disab
ledByDefaultTwoTone.j
s (1:0): Module 
level directives 
cause errors when 
bundled, "use 
client" in "node_modu
les/@mui/icons-materi
al/esm/DisabledByDefa
ultTwoTone.js" was 
ignored.
node_modules/@mui/ico
ns-material/esm/DiscF
ullRounded.js (1:0): 
Module level 
directives cause 
errors when bundled, 
"use client" in "node
_modules/@mui/icons-m
aterial/esm/DiscFullR
ounded.js" was 
ignored.
node_modules/@mui/ico
ns-material/esm/DiscF
ullOutlined.js 
(1:0): Module level 
directives cause 
errors when bundled, 
"use client" in "node
_modules/@mui/icons-m
aterial/esm/DiscFullO
utlined.js" was 
ignored.
node_modules/@mui/ico
ns-material/esm/DiscF
ullTwoTone.js (1:0): 
Module level 
directives cause 
errors when bundled, 
"use client" in "node
_modules/@mui/icons-m
aterial/esm/DiscFullT
woTone.js" was 
ignored.
node_modules/@mui/ico
ns-material/esm/DiscF
ullSharp.js (1:0): 
Module level 
directives cause 
errors when bundled, 
"use client" in "node
_modules/@mui/icons-m
aterial/esm/DiscFullS
harp.js" was ignored.
node_modules/@mui/ico
ns-material/esm/Disco
unt.js (1:0): Module 
level directives 
cause errors when 
bundled, "use 
client" in "node_modu
les/@mui/icons-materi
al/esm/Discount.js" 
was ignored.
node_modules/@mui/ico
ns-material/esm/Disco
untOutlined.js 
(1:0): Module level 
directives cause 
errors when bundled, 
"use client" in "node
_modules/@mui/icons-m
aterial/esm/DiscountO
utlined.js" was 
ignored.
node_modules/@mui/ico
ns-material/esm/Disco
untRounded.js (1:0): 
Module level 
directives cause 
errors when bundled, 
"use client" in "node
_modules/@mui/icons-m
aterial/esm/DiscountR
ounded.js" was 
ignored.
node_modules/@mui/ico
ns-material/esm/Disco
untSharp.js (1:0): 
Module level 
directives cause 
errors when bundled, 
"use client" in "node
_modules/@mui/icons-m
aterial/esm/DiscountS
harp.js" was ignored.
node_modules/@mui/ico
ns-material/esm/Displ
aySettings.js (1:0): 
Module level 
directives cause 
errors when bundled, 
"use client" in "node
_modules/@mui/icons-m
aterial/esm/DisplaySe
ttings.js" was 
ignored.
node_modules/@mui/ico
ns-material/esm/Disco
untTwoTone.js (1:0): 
Module level 
directives cause 
errors when bundled, 
"use client" in "node
_modules/@mui/icons-m
aterial/esm/DiscountT
woTone.js" was 
ignored.
node_modules/@mui/ico
ns-material/esm/Displ
aySettingsSharp.js 
(1:0): Module level 
directives cause 
errors when bundled, 
"use client" in "node
_modules/@mui/icons-m
aterial/esm/DisplaySe
ttingsSharp.js" was 
ignored.
node_modules/@mui/ico
ns-material/esm/Displ
aySettingsRounded.js 
(1:0): Module level 
directives cause 
errors when bundled, 
"use client" in "node
_modules/@mui/icons-m
aterial/esm/DisplaySe
ttingsRounded.js" 
was ignored.
node_modules/@mui/ico
ns-material/esm/Displ
aySettingsOutlined.js
 (1:0): Module level 
directives cause 
errors when bundled, 
"use client" in "node
_modules/@mui/icons-m
aterial/esm/DisplaySe
ttingsOutlined.js" 
was ignored.
node_modules/@mui/ico
ns-material/esm/Displ
aySettingsTwoTone.js 
(1:0): Module level 
directives cause 
errors when bundled, 
"use client" in "node
_modules/@mui/icons-m
aterial/esm/DisplaySe
ttingsTwoTone.js" 
was ignored.
node_modules/@mui/ico
ns-material/esm/Diver
sity1Outlined.js 
(1:0): Module level 
directives cause 
errors when bundled, 
"use client" in "node
_modules/@mui/icons-m
aterial/esm/Diversity
1Outlined.js" was 
ignored.
node_modules/@mui/ico
ns-material/esm/Diver
sity1.js (1:0): 
Module level 
directives cause 
errors when bundled, 
"use client" in "node
_modules/@mui/icons-m
aterial/esm/Diversity
1.js" was ignored.
node_modules/@mui/ico
ns-material/esm/Diver
sity1Sharp.js (1:0): 
Module level 
directives cause 
errors when bundled, 
"use client" in "node
_modules/@mui/icons-m
aterial/esm/Diversity
1Sharp.js" was 
ignored.
node_modules/@mui/ico
ns-material/esm/Diver
sity1Rounded.js 
(1:0): Module level 
directives cause 
errors when bundled, 
"use client" in "node
_modules/@mui/icons-m
aterial/esm/Diversity
1Rounded.js" was 
ignored.
node_modules/@mui/ico
ns-material/esm/Diver
sity1TwoTone.js 
(1:0): Module level 
directives cause 
errors when bundled, 
"use client" in "node
_modules/@mui/icons-m
aterial/esm/Diversity
1TwoTone.js" was 
ignored.
node_modules/@mui/ico
ns-material/esm/Diver
sity2.js (1:0): 
Module level 
directives cause 
errors when bundled, 
"use client" in "node
_modules/@mui/icons-m
aterial/esm/Diversity
2.js" was ignored.
node_modules/@mui/ico
ns-material/esm/Diver
sity2Outlined.js 
(1:0): Module level 
directives cause 
errors when bundled, 
"use client" in "node
_modules/@mui/icons-m
aterial/esm/Diversity
2Outlined.js" was 
ignored.
node_modules/@mui/ico
ns-material/esm/Diver
sity2Rounded.js 
(1:0): Module level 
directives cause 
errors when bundled, 
"use client" in "node
_modules/@mui/icons-m
aterial/esm/Diversity
2Rounded.js" was 
ignored.
node_modules/@mui/ico
ns-material/esm/Diver
sity2Sharp.js (1:0): 
Module level 
directives cause 
errors when bundled, 
"use client" in "node
_modules/@mui/icons-m
aterial/esm/Diversity
2Sharp.js" was 
ignored.
node_modules/@mui/ico
ns-material/esm/Diver
sity2TwoTone.js 
(1:0): Module level 
directives cause 
errors when bundled, 
"use client" in "node
_modules/@mui/icons-m
aterial/esm/Diversity
2TwoTone.js" was 
ignored.
node_modules/@mui/ico
ns-material/esm/Diver
sity3Rounded.js 
(1:0): Module level 
directives cause 
errors when bundled, 
"use client" in "node
_modules/@mui/icons-m
aterial/esm/Diversity
3Rounded.js" was 
ignored.
node_modules/@mui/ico
ns-material/esm/Diver
sity3.js (1:0): 
Module level 
directives cause 
errors when bundled, 
"use client" in "node
_modules/@mui/icons-m
aterial/esm/Diversity
3.js" was ignored.
node_modules/@mui/ico
ns-material/esm/Diver
sity3Outlined.js 
(1:0): Module level 
directives cause 
errors when bundled, 
"use client" in "node
_modules/@mui/icons-m
aterial/esm/Diversity
3Outlined.js" was 
ignored.
node_modules/@mui/ico
ns-material/esm/Diver
sity3Sharp.js (1:0): 
Module level 
directives cause 
errors when bundled, 
"use client" in "node
_modules/@mui/icons-m
aterial/esm/Diversity
3Sharp.js" was 
ignored.
node_modules/@mui/ico
ns-material/esm/Diver
sity3TwoTone.js 
(1:0): Module level 
directives cause 
errors when bundled, 
"use client" in "node
_modules/@mui/icons-m
aterial/esm/Diversity
3TwoTone.js" was 
ignored.
node_modules/@mui/ico
ns-material/esm/Dns.j
s (1:0): Module 
level directives 
cause errors when 
bundled, "use 
client" in "node_modu
les/@mui/icons-materi
al/esm/Dns.js" was 
ignored.
node_modules/@mui/ico
ns-material/esm/DnsSh
arp.js (1:0): Module 
level directives 
cause errors when 
bundled, "use 
client" in "node_modu
les/@mui/icons-materi
al/esm/DnsSharp.js" 
was ignored.
node_modules/@mui/ico
ns-material/esm/DnsRo
unded.js (1:0): 
Module level 
directives cause 
errors when bundled, 
"use client" in "node
_modules/@mui/icons-m
aterial/esm/DnsRounde
d.js" was ignored.
node_modules/@mui/ico
ns-material/esm/DnsTw
oTone.js (1:0): 
Module level 
directives cause 
errors when bundled, 
"use client" in "node
_modules/@mui/icons-m
aterial/esm/DnsTwoTon
e.js" was ignored.
node_modules/@mui/ico
ns-material/esm/DoDis
turb.js (1:0): 
Module level 
directives cause 
errors when bundled, 
"use client" in "node
_modules/@mui/icons-m
aterial/esm/DoDisturb
.js" was ignored.
node_modules/@mui/ico
ns-material/esm/DnsOu
tlined.js (1:0): 
Module level 
directives cause 
errors when bundled, 
"use client" in "node
_modules/@mui/icons-m
aterial/esm/DnsOutlin
ed.js" was ignored.
node_modules/@mui/ico
ns-material/esm/DoDis
turbAlt.js (1:0): 
Module level 
directives cause 
errors when bundled, 
"use client" in "node
_modules/@mui/icons-m
aterial/esm/DoDisturb
Alt.js" was ignored.
node_modules/@mui/ico
ns-material/esm/DoDis
turbAltRounded.js 
(1:0): Module level 
directives cause 
errors when bundled, 
"use client" in "node
_modules/@mui/icons-m
aterial/esm/DoDisturb
AltRounded.js" was 
ignored.
node_modules/@mui/ico
ns-material/esm/DoDis
turbAltOutlined.js 
(1:0): Module level 
directives cause 
errors when bundled, 
"use client" in "node
_modules/@mui/icons-m
aterial/esm/DoDisturb
AltOutlined.js" was 
ignored.
node_modules/@mui/ico
ns-material/esm/DoDis
turbAltTwoTone.js 
(1:0): Module level 
directives cause 
errors when bundled, 
"use client" in "node
_modules/@mui/icons-m
aterial/esm/DoDisturb
AltTwoTone.js" was 
ignored.
node_modules/@mui/ico
ns-material/esm/DoDis
turbAltSharp.js 
(1:0): Module level 
directives cause 
errors when bundled, 
"use client" in "node
_modules/@mui/icons-m
aterial/esm/DoDisturb
AltSharp.js" was 
ignored.
node_modules/@mui/ico
ns-material/esm/DoDis
turbOffOutlined.js 
(1:0): Module level 
directives cause 
errors when bundled, 
"use client" in "node
_modules/@mui/icons-m
aterial/esm/DoDisturb
OffOutlined.js" was 
ignored.
node_modules/@mui/ico
ns-material/esm/DoDis
turbOff.js (1:0): 
Module level 
directives cause 
errors when bundled, 
"use client" in "node
_modules/@mui/icons-m
aterial/esm/DoDisturb
Off.js" was ignored.
node_modules/@mui/ico
ns-material/esm/DoDis
turbOffSharp.js 
(1:0): Module level 
directives cause 
errors when bundled, 
"use client" in "node
_modules/@mui/icons-m
aterial/esm/DoDisturb
OffSharp.js" was 
ignored.
node_modules/@mui/ico
ns-material/esm/DoDis
turbOffRounded.js 
(1:0): Module level 
directives cause 
errors when bundled, 
"use client" in "node
_modules/@mui/icons-m
aterial/esm/DoDisturb
OffRounded.js" was 
ignored.
node_modules/@mui/ico
ns-material/esm/DoDis
turbOffTwoTone.js 
(1:0): Module level 
directives cause 
errors when bundled, 
"use client" in "node
_modules/@mui/icons-m
aterial/esm/DoDisturb
OffTwoTone.js" was 
ignored.
node_modules/@mui/ico
ns-material/esm/DoDis
turbOn.js (1:0): 
Module level 
directives cause 
errors when bundled, 
"use client" in "node
_modules/@mui/icons-m
aterial/esm/DoDisturb
On.js" was ignored.
node_modules/@mui/ico
ns-material/esm/DoDis
turbOnRounded.js 
(1:0): Module level 
directives cause 
errors when bundled, 
"use client" in "node
_modules/@mui/icons-m
aterial/esm/DoDisturb
OnRounded.js" was 
ignored.
node_modules/@mui/ico
ns-material/esm/DoDis
turbOnOutlined.js 
(1:0): Module level 
directives cause 
errors when bundled, 
"use client" in "node
_modules/@mui/icons-m
aterial/esm/DoDisturb
OnOutlined.js" was 
ignored.
node_modules/@mui/ico
ns-material/esm/DoDis
turbOnSharp.js 
(1:0): Module level 
directives cause 
errors when bundled, 
"use client" in "node
_modules/@mui/icons-m
aterial/esm/DoDisturb
OnSharp.js" was 
ignored.
node_modules/@mui/ico
ns-material/esm/DoDis
turbOutlined.js 
(1:0): Module level 
directives cause 
errors when bundled, 
"use client" in "node
_modules/@mui/icons-m
aterial/esm/DoDisturb
Outlined.js" was 
ignored.
node_modules/@mui/ico
ns-material/esm/DoDis
turbOnTwoTone.js 
(1:0): Module level 
directives cause 
errors when bundled, 
"use client" in "node
_modules/@mui/icons-m
aterial/esm/DoDisturb
OnTwoTone.js" was 
ignored.
node_modules/@mui/ico
ns-material/esm/DoDis
turbTwoTone.js 
(1:0): Module level 
directives cause 
errors when bundled, 
"use client" in "node
_modules/@mui/icons-m
aterial/esm/DoDisturb
TwoTone.js" was 
ignored.
node_modules/@mui/ico
ns-material/esm/DoDis
turbRounded.js 
(1:0): Module level 
directives cause 
errors when bundled, 
"use client" in "node
_modules/@mui/icons-m
aterial/esm/DoDisturb
Rounded.js" was 
ignored.
node_modules/@mui/ico
ns-material/esm/DoDis
turbSharp.js (1:0): 
Module level 
directives cause 
errors when bundled, 
"use client" in "node
_modules/@mui/icons-m
aterial/esm/DoDisturb
Sharp.js" was 
ignored.
node_modules/@mui/ico
ns-material/esm/DoNot
DisturbAlt.js (1:0): 
Module level 
directives cause 
errors when bundled, 
"use client" in "node
_modules/@mui/icons-m
aterial/esm/DoNotDist
urbAlt.js" was 
ignored.
node_modules/@mui/ico
ns-material/esm/DoNot
Disturb.js (1:0): 
Module level 
directives cause 
errors when bundled, 
"use client" in "node
_modules/@mui/icons-m
aterial/esm/DoNotDist
urb.js" was ignored.
node_modules/@mui/ico
ns-material/esm/DoNot
DisturbOff.js (1:0): 
Module level 
directives cause 
errors when bundled, 
"use client" in "node
_modules/@mui/icons-m
aterial/esm/DoNotDist
urbOff.js" was 
ignored.
node_modules/@mui/ico
ns-material/esm/DoNot
DisturbAltRounded.js 
(1:0): Module level 
directives cause 
errors when bundled, 
"use client" in "node
_modules/@mui/icons-m
aterial/esm/DoNotDist
urbAltRounded.js" 
was ignored.
node_modules/@mui/ico
ns-material/esm/DoNot
DisturbOffRounded.js 
(1:0): Module level 
directives cause 
errors when bundled, 
"use client" in "node
_modules/@mui/icons-m
aterial/esm/DoNotDist
urbOffRounded.js" 
was ignored.
node_modules/@mui/ico
ns-material/esm/DoNot
DisturbAltTwoTone.js 
(1:0): Module level 
directives cause 
errors when bundled, 
"use client" in "node
_modules/@mui/icons-m
aterial/esm/DoNotDist
urbAltTwoTone.js" 
was ignored.
node_modules/@mui/ico
ns-material/esm/DoNot
DisturbOffSharp.js 
(1:0): Module level 
directives cause 
errors when bundled, 
"use client" in "node
_modules/@mui/icons-m
aterial/esm/DoNotDist
urbOffSharp.js" was 
ignored.
node_modules/@mui/ico
ns-material/esm/DoNot
DisturbOffOutlined.js
 (1:0): Module level 
directives cause 
errors when bundled, 
"use client" in "node
_modules/@mui/icons-m
aterial/esm/DoNotDist
urbOffOutlined.js" 
was ignored.
node_modules/@mui/ico
ns-material/esm/DoNot
DisturbOffTwoTone.js 
(1:0): Module level 
directives cause 
errors when bundled, 
"use client" in "node
_modules/@mui/icons-m
aterial/esm/DoNotDist
urbOffTwoTone.js" 
was ignored.
node_modules/@mui/ico
ns-material/esm/DoNot
DisturbOn.js (1:0): 
Module level 
directives cause 
errors when bundled, 
"use client" in "node
_modules/@mui/icons-m
aterial/esm/DoNotDist
urbOn.js" was 
ignored.
node_modules/@mui/ico
ns-material/esm/DoNot
DisturbOnOutlined.js 
(1:0): Module level 
directives cause 
errors when bundled, 
"use client" in "node
_modules/@mui/icons-m
aterial/esm/DoNotDist
urbOnOutlined.js" 
was ignored.
node_modules/@mui/ico
ns-material/esm/DoNot
DisturbAltOutlined.js
 (1:0): Module level 
directives cause 
errors when bundled, 
"use client" in "node
_modules/@mui/icons-m
aterial/esm/DoNotDist
urbAltOutlined.js" 
was ignored.
node_modules/@mui/ico
ns-material/esm/DoNot
DisturbOnRounded.js 
(1:0): Module level 
directives cause 
errors when bundled, 
"use client" in "node
_modules/@mui/icons-m
aterial/esm/DoNotDist
urbOnRounded.js" was 
ignored.
node_modules/@mui/ico
ns-material/esm/DoNot
DisturbOnSharp.js 
(1:0): Module level 
directives cause 
errors when bundled, 
"use client" in "node
_modules/@mui/icons-m
aterial/esm/DoNotDist
urbOnSharp.js" was 
ignored.
node_modules/@mui/ico
ns-material/esm/DoNot
DisturbAltSharp.js 
(1:0): Module level 
directives cause 
errors when bundled, 
"use client" in "node
_modules/@mui/icons-m
aterial/esm/DoNotDist
urbAltSharp.js" was 
ignored.
node_modules/@mui/ico
ns-material/esm/DoNot
DisturbOnTotalSilence
TwoTone.js (1:0): 
Module level 
directives cause 
errors when bundled, 
"use client" in "node
_modules/@mui/icons-m
aterial/esm/DoNotDist
urbOnTotalSilenceTwoT
one.js" was ignored.
node_modules/@mui/ico
ns-material/esm/DoNot
DisturbOnTotalSilence
Sharp.js (1:0): 
Module level 
directives cause 
errors when bundled, 
"use client" in "node
_modules/@mui/icons-m
aterial/esm/DoNotDist
urbOnTotalSilenceShar
p.js" was ignored.
node_modules/@mui/ico
ns-material/esm/DoNot
DisturbOnTotalSilence
.js (1:0): Module 
level directives 
cause errors when 
bundled, "use 
client" in "node_modu
les/@mui/icons-materi
al/esm/DoNotDisturbOn
TotalSilence.js" was 
ignored.
node_modules/@mui/ico
ns-material/esm/DoNot
DisturbOnTotalSilence
Rounded.js (1:0): 
Module level 
directives cause 
errors when bundled, 
"use client" in "node
_modules/@mui/icons-m
aterial/esm/DoNotDist
urbOnTotalSilenceRoun
ded.js" was ignored.
node_modules/@mui/ico
ns-material/esm/DoNot
DisturbOutlined.js 
(1:0): Module level 
directives cause 
errors when bundled, 
"use client" in "node
_modules/@mui/icons-m
aterial/esm/DoNotDist
urbOutlined.js" was 
ignored.
node_modules/@mui/ico
ns-material/esm/DoNot
DisturbOnTwoTone.js 
(1:0): Module level 
directives cause 
errors when bundled, 
"use client" in "node
_modules/@mui/icons-m
aterial/esm/DoNotDist
urbOnTwoTone.js" was 
ignored.
node_modules/@mui/ico
ns-material/esm/DoNot
DisturbTwoTone.js 
(1:0): Module level 
directives cause 
errors when bundled, 
"use client" in "node
_modules/@mui/icons-m
aterial/esm/DoNotDist
urbTwoTone.js" was 
ignored.
node_modules/@mui/ico
ns-material/esm/DoNot
DisturbRounded.js 
(1:0): Module level 
directives cause 
errors when bundled, 
"use client" in "node
_modules/@mui/icons-m
aterial/esm/DoNotDist
urbRounded.js" was 
ignored.
node_modules/@mui/ico
ns-material/esm/DoNot
DisturbSharp.js 
(1:0): Module level 
directives cause 
errors when bundled, 
"use client" in "node
_modules/@mui/icons-m
aterial/esm/DoNotDist
urbSharp.js" was 
ignored.
node_modules/@mui/ico
ns-material/esm/DoNot
StepOutlined.js 
(1:0): Module level 
directives cause 
errors when bundled, 
"use client" in "node
_modules/@mui/icons-m
aterial/esm/DoNotStep
Outlined.js" was 
ignored.
node_modules/@mui/ico
ns-material/esm/DoNot
Step.js (1:0): 
Module level 
directives cause 
errors when bundled, 
"use client" in "node
_modules/@mui/icons-m
aterial/esm/DoNotStep
.js" was ignored.
node_modules/@mui/ico
ns-material/esm/DoNot
DisturbOnTotalSilence
Outlined.js (1:0): 
Module level 
directives cause 
errors when bundled, 
"use client" in "node
_modules/@mui/icons-m
aterial/esm/DoNotDist
urbOnTotalSilenceOutl
ined.js" was ignored.
node_modules/@mui/ico
ns-material/esm/DoNot
StepTwoTone.js 
(1:0): Module level 
directives cause 
errors when bundled, 
"use client" in "node
_modules/@mui/icons-m
aterial/esm/DoNotStep
TwoTone.js" was 
ignored.
node_modules/@mui/ico
ns-material/esm/DoNot
StepRounded.js 
(1:0): Module level 
directives cause 
errors when bundled, 
"use client" in "node
_modules/@mui/icons-m
aterial/esm/DoNotStep
Rounded.js" was 
ignored.
node_modules/@mui/ico
ns-material/esm/DoNot
StepSharp.js (1:0): 
Module level 
directives cause 
errors when bundled, 
"use client" in "node
_modules/@mui/icons-m
aterial/esm/DoNotStep
Sharp.js" was 
ignored.
node_modules/@mui/ico
ns-material/esm/DoNot
Touch.js (1:0): 
Module level 
directives cause 
errors when bundled, 
"use client" in "node
_modules/@mui/icons-m
aterial/esm/DoNotTouc
h.js" was ignored.
node_modules/@mui/ico
ns-material/esm/DoNot
TouchRounded.js 
(1:0): Module level 
directives cause 
errors when bundled, 
"use client" in "node
_modules/@mui/icons-m
aterial/esm/DoNotTouc
hRounded.js" was 
ignored.
node_modules/@mui/ico
ns-material/esm/DoNot
TouchTwoTone.js 
(1:0): Module level 
directives cause 
errors when bundled, 
"use client" in "node
_modules/@mui/icons-m
aterial/esm/DoNotTouc
hTwoTone.js" was 
ignored.
node_modules/@mui/ico
ns-material/esm/DoNot
TouchOutlined.js 
(1:0): Module level 
directives cause 
errors when bundled, 
"use client" in "node
_modules/@mui/icons-m
aterial/esm/DoNotTouc
hOutlined.js" was 
ignored.
node_modules/@mui/ico
ns-material/esm/DoNot
TouchSharp.js (1:0): 
Module level 
directives cause 
errors when bundled, 
"use client" in "node
_modules/@mui/icons-m
aterial/esm/DoNotTouc
hSharp.js" was 
ignored.
node_modules/@mui/ico
ns-material/esm/DockO
utlined.js (1:0): 
Module level 
directives cause 
errors when bundled, 
"use client" in "node
_modules/@mui/icons-m
aterial/esm/DockOutli
ned.js" was ignored.
node_modules/@mui/ico
ns-material/esm/Dock.
js (1:0): Module 
level directives 
cause errors when 
bundled, "use 
client" in "node_modu
les/@mui/icons-materi
al/esm/Dock.js" was 
ignored.
node_modules/@mui/ico
ns-material/esm/DockS
harp.js (1:0): 
Module level 
directives cause 
errors when bundled, 
"use client" in "node
_modules/@mui/icons-m
aterial/esm/DockSharp
.js" was ignored.
node_modules/@mui/ico
ns-material/esm/DockT
woTone.js (1:0): 
Module level 
directives cause 
errors when bundled, 
"use client" in "node
_modules/@mui/icons-m
aterial/esm/DockTwoTo
ne.js" was ignored.
node_modules/@mui/ico
ns-material/esm/DockR
ounded.js (1:0): 
Module level 
directives cause 
errors when bundled, 
"use client" in "node
_modules/@mui/icons-m
aterial/esm/DockRound
ed.js" was ignored.
node_modules/@mui/ico
ns-material/esm/Docum
entScannerRounded.js 
(1:0): Module level 
directives cause 
errors when bundled, 
"use client" in "node
_modules/@mui/icons-m
aterial/esm/DocumentS
cannerRounded.js" 
was ignored.
node_modules/@mui/ico
ns-material/esm/Docum
entScannerOutlined.js
 (1:0): Module level 
directives cause 
errors when bundled, 
"use client" in "node
_modules/@mui/icons-m
aterial/esm/DocumentS
cannerOutlined.js" 
was ignored.
node_modules/@mui/ico
ns-material/esm/Docum
entScanner.js (1:0): 
Module level 
directives cause 
errors when bundled, 
"use client" in "node
_modules/@mui/icons-m
aterial/esm/DocumentS
canner.js" was 
ignored.
node_modules/@mui/ico
ns-material/esm/Docum
entScannerSharp.js 
(1:0): Module level 
directives cause 
errors when bundled, 
"use client" in "node
_modules/@mui/icons-m
aterial/esm/DocumentS
cannerSharp.js" was 
ignored.
node_modules/@mui/ico
ns-material/esm/Domai
n.js (1:0): Module 
level directives 
cause errors when 
bundled, "use 
client" in "node_modu
les/@mui/icons-materi
al/esm/Domain.js" 
was ignored.
node_modules/@mui/ico
ns-material/esm/Docum
entScannerTwoTone.js 
(1:0): Module level 
directives cause 
errors when bundled, 
"use client" in "node
_modules/@mui/icons-m
aterial/esm/DocumentS
cannerTwoTone.js" 
was ignored.
node_modules/@mui/ico
ns-material/esm/Domai
nAdd.js (1:0): 
Module level 
directives cause 
errors when bundled, 
"use client" in "node
_modules/@mui/icons-m
aterial/esm/DomainAdd
.js" was ignored.
node_modules/@mui/ico
ns-material/esm/Domai
nAddOutlined.js 
(1:0): Module level 
directives cause 
errors when bundled, 
"use client" in "node
_modules/@mui/icons-m
aterial/esm/DomainAdd
Outlined.js" was 
ignored.
node_modules/@mui/ico
ns-material/esm/Domai
nAddRounded.js 
(1:0): Module level 
directives cause 
errors when bundled, 
"use client" in "node
_modules/@mui/icons-m
aterial/esm/DomainAdd
Rounded.js" was 
ignored.
node_modules/@mui/ico
ns-material/esm/Domai
nDisabled.js (1:0): 
Module level 
directives cause 
errors when bundled, 
"use client" in "node
_modules/@mui/icons-m
aterial/esm/DomainDis
abled.js" was 
ignored.
node_modules/@mui/ico
ns-material/esm/Domai
nAddSharp.js (1:0): 
Module level 
directives cause 
errors when bundled, 
"use client" in "node
_modules/@mui/icons-m
aterial/esm/DomainAdd
Sharp.js" was 
ignored.
node_modules/@mui/ico
ns-material/esm/Domai
nDisabledRounded.js 
(1:0): Module level 
directives cause 
errors when bundled, 
"use client" in "node
_modules/@mui/icons-m
aterial/esm/DomainDis
abledRounded.js" was 
ignored.
node_modules/@mui/ico
ns-material/esm/Domai
nAddTwoTone.js 
(1:0): Module level 
directives cause 
errors when bundled, 
"use client" in "node
_modules/@mui/icons-m
aterial/esm/DomainAdd
TwoTone.js" was 
ignored.
node_modules/@mui/ico
ns-material/esm/Domai
nDisabledSharp.js 
(1:0): Module level 
directives cause 
errors when bundled, 
"use client" in "node
_modules/@mui/icons-m
aterial/esm/DomainDis
abledSharp.js" was 
ignored.
node_modules/@mui/ico
ns-material/esm/Domai
nDisabledTwoTone.js 
(1:0): Module level 
directives cause 
errors when bundled, 
"use client" in "node
_modules/@mui/icons-m
aterial/esm/DomainDis
abledTwoTone.js" was 
ignored.
node_modules/@mui/ico
ns-material/esm/Domai
nOutlined.js (1:0): 
Module level 
directives cause 
errors when bundled, 
"use client" in "node
_modules/@mui/icons-m
aterial/esm/DomainOut
lined.js" was 
ignored.
node_modules/@mui/ico
ns-material/esm/Domai
nDisabledOutlined.js 
(1:0): Module level 
directives cause 
errors when bundled, 
"use client" in "node
_modules/@mui/icons-m
aterial/esm/DomainDis
abledOutlined.js" 
was ignored.
node_modules/@mui/ico
ns-material/esm/Domai
nTwoTone.js (1:0): 
Module level 
directives cause 
errors when bundled, 
"use client" in "node
_modules/@mui/icons-m
aterial/esm/DomainTwo
Tone.js" was ignored.
node_modules/@mui/ico
ns-material/esm/Domai
nRounded.js (1:0): 
Module level 
directives cause 
errors when bundled, 
"use client" in "node
_modules/@mui/icons-m
aterial/esm/DomainRou
nded.js" was ignored.
node_modules/@mui/ico
ns-material/esm/Domai
nSharp.js (1:0): 
Module level 
directives cause 
errors when bundled, 
"use client" in "node
_modules/@mui/icons-m
aterial/esm/DomainSha
rp.js" was ignored.
node_modules/@mui/ico
ns-material/esm/Domai
nVerificationOutlined
.js (1:0): Module 
level directives 
cause errors when 
bundled, "use 
client" in "node_modu
les/@mui/icons-materi
al/esm/DomainVerifica
tionOutlined.js" was 
ignored.
node_modules/@mui/ico
ns-material/esm/Domai
nVerification.js 
(1:0): Module level 
directives cause 
errors when bundled, 
"use client" in "node
_modules/@mui/icons-m
aterial/esm/DomainVer
ification.js" was 
ignored.
node_modules/@mui/ico
ns-material/esm/Domai
nVerificationSharp.js
 (1:0): Module level 
directives cause 
errors when bundled, 
"use client" in "node
_modules/@mui/icons-m
aterial/esm/DomainVer
ificationSharp.js" 
was ignored.
node_modules/@mui/ico
ns-material/esm/Domai
nVerificationRounded.
js (1:0): Module 
level directives 
cause errors when 
bundled, "use 
client" in "node_modu
les/@mui/icons-materi
al/esm/DomainVerifica
tionRounded.js" was 
ignored.
node_modules/@mui/ico
ns-material/esm/Done.
js (1:0): Module 
level directives 
cause errors when 
bundled, "use 
client" in "node_modu
les/@mui/icons-materi
al/esm/Done.js" was 
ignored.
node_modules/@mui/ico
ns-material/esm/Domai
nVerificationTwoTone.
js (1:0): Module 
level directives 
cause errors when 
bundled, "use 
client" in "node_modu
les/@mui/icons-materi
al/esm/DomainVerifica
tionTwoTone.js" was 
ignored.
node_modules/@mui/ico
ns-material/esm/DoneA
ll.js (1:0): Module 
level directives 
cause errors when 
bundled, "use 
client" in "node_modu
les/@mui/icons-materi
al/esm/DoneAll.js" 
was ignored.
node_modules/@mui/ico
ns-material/esm/DoneA
llOutlined.js (1:0): 
Module level 
directives cause 
errors when bundled, 
"use client" in "node
_modules/@mui/icons-m
aterial/esm/DoneAllOu
tlined.js" was 
ignored.
node_modules/@mui/ico
ns-material/esm/DoneA
llSharp.js (1:0): 
Module level 
directives cause 
errors when bundled, 
"use client" in "node
_modules/@mui/icons-m
aterial/esm/DoneAllSh
arp.js" was ignored.
node_modules/@mui/ico
ns-material/esm/DoneA
llRounded.js (1:0): 
Module level 
directives cause 
errors when bundled, 
"use client" in "node
_modules/@mui/icons-m
aterial/esm/DoneAllRo
unded.js" was 
ignored.
node_modules/@mui/ico
ns-material/esm/DoneA
llTwoTone.js (1:0): 
Module level 
directives cause 
errors when bundled, 
"use client" in "node
_modules/@mui/icons-m
aterial/esm/DoneAllTw
oTone.js" was 
ignored.
node_modules/@mui/ico
ns-material/esm/DoneO
utlineRounded.js 
(1:0): Module level 
directives cause 
errors when bundled, 
"use client" in "node
_modules/@mui/icons-m
aterial/esm/DoneOutli
neRounded.js" was 
ignored.
node_modules/@mui/ico
ns-material/esm/DoneO
utline.js (1:0): 
Module level 
directives cause 
errors when bundled, 
"use client" in "node
_modules/@mui/icons-m
aterial/esm/DoneOutli
ne.js" was ignored.
node_modules/@mui/ico
ns-material/esm/DoneO
utlineOutlined.js 
(1:0): Module level 
directives cause 
errors when bundled, 
"use client" in "node
_modules/@mui/icons-m
aterial/esm/DoneOutli
neOutlined.js" was 
ignored.
node_modules/@mui/ico
ns-material/esm/DoneO
utlined.js (1:0): 
Module level 
directives cause 
errors when bundled, 
"use client" in "node
_modules/@mui/icons-m
aterial/esm/DoneOutli
ned.js" was ignored.
node_modules/@mui/ico
ns-material/esm/DoneO
utlineSharp.js 
(1:0): Module level 
directives cause 
errors when bundled, 
"use client" in "node
_modules/@mui/icons-m
aterial/esm/DoneOutli
neSharp.js" was 
ignored.
node_modules/@mui/ico
ns-material/esm/DoneO
utlineTwoTone.js 
(1:0): Module level 
directives cause 
errors when bundled, 
"use client" in "node
_modules/@mui/icons-m
aterial/esm/DoneOutli
neTwoTone.js" was 
ignored.
node_modules/@mui/ico
ns-material/esm/DoneS
harp.js (1:0): 
Module level 
directives cause 
errors when bundled, 
"use client" in "node
_modules/@mui/icons-m
aterial/esm/DoneSharp
.js" was ignored.
node_modules/@mui/ico
ns-material/esm/DoneR
ounded.js (1:0): 
Module level 
directives cause 
errors when bundled, 
"use client" in "node
_modules/@mui/icons-m
aterial/esm/DoneRound
ed.js" was ignored.
node_modules/@mui/ico
ns-material/esm/Donut
LargeOutlined.js 
(1:0): Module level 
directives cause 
errors when bundled, 
"use client" in "node
_modules/@mui/icons-m
aterial/esm/DonutLarg
eOutlined.js" was 
ignored.
node_modules/@mui/ico
ns-material/esm/Donut
LargeRounded.js 
(1:0): Module level 
directives cause 
errors when bundled, 
"use client" in "node
_modules/@mui/icons-m
aterial/esm/DonutLarg
eRounded.js" was 
ignored.
node_modules/@mui/ico
ns-material/esm/Donut
Large.js (1:0): 
Module level 
directives cause 
errors when bundled, 
"use client" in "node
_modules/@mui/icons-m
aterial/esm/DonutLarg
e.js" was ignored.
node_modules/@mui/ico
ns-material/esm/Donut
LargeSharp.js (1:0): 
Module level 
directives cause 
errors when bundled, 
"use client" in "node
_modules/@mui/icons-m
aterial/esm/DonutLarg
eSharp.js" was 
ignored.
node_modules/@mui/ico
ns-material/esm/Donut
Small.js (1:0): 
Module level 
directives cause 
errors when bundled, 
"use client" in "node
_modules/@mui/icons-m
aterial/esm/DonutSmal
l.js" was ignored.
node_modules/@mui/ico
ns-material/esm/Donut
LargeTwoTone.js 
(1:0): Module level 
directives cause 
errors when bundled, 
"use client" in "node
_modules/@mui/icons-m
aterial/esm/DonutLarg
eTwoTone.js" was 
ignored.
node_modules/@mui/ico
ns-material/esm/DoneT
woTone.js (1:0): 
Module level 
directives cause 
errors when bundled, 
"use client" in "node
_modules/@mui/icons-m
aterial/esm/DoneTwoTo
ne.js" was ignored.
node_modules/@mui/ico
ns-material/esm/Donut
SmallOutlined.js 
(1:0): Module level 
directives cause 
errors when bundled, 
"use client" in "node
_modules/@mui/icons-m
aterial/esm/DonutSmal
lOutlined.js" was 
ignored.
node_modules/@mui/ico
ns-material/esm/Donut
SmallTwoTone.js 
(1:0): Module level 
directives cause 
errors when bundled, 
"use client" in "node
_modules/@mui/icons-m
aterial/esm/DonutSmal
lTwoTone.js" was 
ignored.
node_modules/@mui/ico
ns-material/esm/Donut
SmallSharp.js (1:0): 
Module level 
directives cause 
errors when bundled, 
"use client" in "node
_modules/@mui/icons-m
aterial/esm/DonutSmal
lSharp.js" was 
ignored.
node_modules/@mui/ico
ns-material/esm/Donut
SmallRounded.js 
(1:0): Module level 
directives cause 
errors when bundled, 
"use client" in "node
_modules/@mui/icons-m
aterial/esm/DonutSmal
lRounded.js" was 
ignored.
node_modules/@mui/ico
ns-material/esm/DoorB
ackRounded.js (1:0): 
Module level 
directives cause 
errors when bundled, 
"use client" in "node
_modules/@mui/icons-m
aterial/esm/DoorBackR
ounded.js" was 
ignored.
node_modules/@mui/ico
ns-material/esm/DoorB
ack.js (1:0): Module 
level directives 
cause errors when 
bundled, "use 
client" in "node_modu
les/@mui/icons-materi
al/esm/DoorBack.js" 
was ignored.
node_modules/@mui/ico
ns-material/esm/DoorF
ront.js (1:0): 
Module level 
directives cause 
errors when bundled, 
"use client" in "node
_modules/@mui/icons-m
aterial/esm/DoorFront
.js" was ignored.
node_modules/@mui/ico
ns-material/esm/DoorB
ackTwoTone.js (1:0): 
Module level 
directives cause 
errors when bundled, 
"use client" in "node
_modules/@mui/icons-m
aterial/esm/DoorBackT
woTone.js" was 
ignored.
node_modules/@mui/ico
ns-material/esm/DoorB
ackSharp.js (1:0): 
Module level 
directives cause 
errors when bundled, 
"use client" in "node
_modules/@mui/icons-m
aterial/esm/DoorBackS
harp.js" was ignored.
node_modules/@mui/ico
ns-material/esm/DoorB
ackOutlined.js 
(1:0): Module level 
directives cause 
errors when bundled, 
"use client" in "node
_modules/@mui/icons-m
aterial/esm/DoorBackO
utlined.js" was 
ignored.
node_modules/@mui/ico
ns-material/esm/DoorF
rontOutlined.js 
(1:0): Module level 
directives cause 
errors when bundled, 
"use client" in "node
_modules/@mui/icons-m
aterial/esm/DoorFront
Outlined.js" was 
ignored.
node_modules/@mui/ico
ns-material/esm/DoorF
rontSharp.js (1:0): 
Module level 
directives cause 
errors when bundled, 
"use client" in "node
_modules/@mui/icons-m
aterial/esm/DoorFront
Sharp.js" was 
ignored.
node_modules/@mui/ico
ns-material/esm/DoorS
liding.js (1:0): 
Module level 
directives cause 
errors when bundled, 
"use client" in "node
_modules/@mui/icons-m
aterial/esm/DoorSlidi
ng.js" was ignored.
node_modules/@mui/ico
ns-material/esm/DoorF
rontRounded.js 
(1:0): Module level 
directives cause 
errors when bundled, 
"use client" in "node
_modules/@mui/icons-m
aterial/esm/DoorFront
Rounded.js" was 
ignored.
node_modules/@mui/ico
ns-material/esm/DoorF
rontTwoTone.js 
(1:0): Module level 
directives cause 
errors when bundled, 
"use client" in "node
_modules/@mui/icons-m
aterial/esm/DoorFront
TwoTone.js" was 
ignored.
node_modules/@mui/ico
ns-material/esm/DoorS
lidingSharp.js 
(1:0): Module level 
directives cause 
errors when bundled, 
"use client" in "node
_modules/@mui/icons-m
aterial/esm/DoorSlidi
ngSharp.js" was 
ignored.
node_modules/@mui/ico
ns-material/esm/DoorS
lidingOutlined.js 
(1:0): Module level 
directives cause 
errors when bundled, 
"use client" in "node
_modules/@mui/icons-m
aterial/esm/DoorSlidi
ngOutlined.js" was 
ignored.
node_modules/@mui/ico
ns-material/esm/DoorS
lidingRounded.js 
(1:0): Module level 
directives cause 
errors when bundled, 
"use client" in "node
_modules/@mui/icons-m
aterial/esm/DoorSlidi
ngRounded.js" was 
ignored.
node_modules/@mui/ico
ns-material/esm/Doorb
ell.js (1:0): Module 
level directives 
cause errors when 
bundled, "use 
client" in "node_modu
les/@mui/icons-materi
al/esm/Doorbell.js" 
was ignored.
node_modules/@mui/ico
ns-material/esm/DoorS
lidingTwoTone.js 
(1:0): Module level 
directives cause 
errors when bundled, 
"use client" in "node
_modules/@mui/icons-m
aterial/esm/DoorSlidi
ngTwoTone.js" was 
ignored.
node_modules/@mui/ico
ns-material/esm/Doorb
ellRounded.js (1:0): 
Module level 
directives cause 
errors when bundled, 
"use client" in "node
_modules/@mui/icons-m
aterial/esm/DoorbellR
ounded.js" was 
ignored.
node_modules/@mui/ico
ns-material/esm/Doorb
ellOutlined.js 
(1:0): Module level 
directives cause 
errors when bundled, 
"use client" in "node
_modules/@mui/icons-m
aterial/esm/DoorbellO
utlined.js" was 
ignored.
node_modules/@mui/ico
ns-material/esm/Doorb
ellTwoTone.js (1:0): 
Module level 
directives cause 
errors when bundled, 
"use client" in "node
_modules/@mui/icons-m
aterial/esm/DoorbellT
woTone.js" was 
ignored.
node_modules/@mui/ico
ns-material/esm/Doorb
ellSharp.js (1:0): 
Module level 
directives cause 
errors when bundled, 
"use client" in "node
_modules/@mui/icons-m
aterial/esm/DoorbellS
harp.js" was ignored.
node_modules/@mui/ico
ns-material/esm/Doubl
eArrow.js (1:0): 
Module level 
directives cause 
errors when bundled, 
"use client" in "node
_modules/@mui/icons-m
aterial/esm/DoubleArr
ow.js" was ignored.
node_modules/@mui/ico
ns-material/esm/Doubl
eArrowOutlined.js 
(1:0): Module level 
directives cause 
errors when bundled, 
"use client" in "node
_modules/@mui/icons-m
aterial/esm/DoubleArr
owOutlined.js" was 
ignored.
node_modules/@mui/ico
ns-material/esm/Doubl
eArrowRounded.js 
(1:0): Module level 
directives cause 
errors when bundled, 
"use client" in "node
_modules/@mui/icons-m
aterial/esm/DoubleArr
owRounded.js" was 
ignored.
node_modules/@mui/ico
ns-material/esm/Doubl
eArrowSharp.js 
(1:0): Module level 
directives cause 
errors when bundled, 
"use client" in "node
_modules/@mui/icons-m
aterial/esm/DoubleArr
owSharp.js" was 
ignored.
node_modules/@mui/ico
ns-material/esm/Downh
illSkiing.js (1:0): 
Module level 
directives cause 
errors when bundled, 
"use client" in "node
_modules/@mui/icons-m
aterial/esm/DownhillS
kiing.js" was 
ignored.
node_modules/@mui/ico
ns-material/esm/Downh
illSkiingSharp.js 
(1:0): Module level 
directives cause 
errors when bundled, 
"use client" in "node
_modules/@mui/icons-m
aterial/esm/DownhillS
kiingSharp.js" was 
ignored.
node_modules/@mui/ico
ns-material/esm/Downh
illSkiingOutlined.js 
(1:0): Module level 
directives cause 
errors when bundled, 
"use client" in "node
_modules/@mui/icons-m
aterial/esm/DownhillS
kiingOutlined.js" 
was ignored.
node_modules/@mui/ico
ns-material/esm/Downl
oad.js (1:0): Module 
level directives 
cause errors when 
bundled, "use 
client" in "node_modu
les/@mui/icons-materi
al/esm/Download.js" 
was ignored.
node_modules/@mui/ico
ns-material/esm/Downh
illSkiingRounded.js 
(1:0): Module level 
directives cause 
errors when bundled, 
"use client" in "node
_modules/@mui/icons-m
aterial/esm/DownhillS
kiingRounded.js" was 
ignored.
node_modules/@mui/ico
ns-material/esm/Doubl
eArrowTwoTone.js 
(1:0): Module level 
directives cause 
errors when bundled, 
"use client" in "node
_modules/@mui/icons-m
aterial/esm/DoubleArr
owTwoTone.js" was 
ignored.
node_modules/@mui/ico
ns-material/esm/Downh
illSkiingTwoTone.js 
(1:0): Module level 
directives cause 
errors when bundled, 
"use client" in "node
_modules/@mui/icons-m
aterial/esm/DownhillS
kiingTwoTone.js" was 
ignored.
node_modules/@mui/ico
ns-material/esm/Downl
oadDone.js (1:0): 
Module level 
directives cause 
errors when bundled, 
"use client" in "node
_modules/@mui/icons-m
aterial/esm/DownloadD
one.js" was ignored.
node_modules/@mui/ico
ns-material/esm/Downl
oadDoneRounded.js 
(1:0): Module level 
directives cause 
errors when bundled, 
"use client" in "node
_modules/@mui/icons-m
aterial/esm/DownloadD
oneRounded.js" was 
ignored.
node_modules/@mui/ico
ns-material/esm/Downl
oadDoneOutlined.js 
(1:0): Module level 
directives cause 
errors when bundled, 
"use client" in "node
_modules/@mui/icons-m
aterial/esm/DownloadD
oneOutlined.js" was 
ignored.
node_modules/@mui/ico
ns-material/esm/Downl
oadDoneSharp.js 
(1:0): Module level 
directives cause 
errors when bundled, 
"use client" in "node
_modules/@mui/icons-m
aterial/esm/DownloadD
oneSharp.js" was 
ignored.
node_modules/@mui/ico
ns-material/esm/Downl
oadDoneTwoTone.js 
(1:0): Module level 
directives cause 
errors when bundled, 
"use client" in "node
_modules/@mui/icons-m
aterial/esm/DownloadD
oneTwoTone.js" was 
ignored.
node_modules/@mui/ico
ns-material/esm/Downl
oadForOffline.js 
(1:0): Module level 
directives cause 
errors when bundled, 
"use client" in "node
_modules/@mui/icons-m
aterial/esm/DownloadF
orOffline.js" was 
ignored.
node_modules/@mui/ico
ns-material/esm/Downl
oadForOfflineTwoTone.
js (1:0): Module 
level directives 
cause errors when 
bundled, "use 
client" in "node_modu
les/@mui/icons-materi
al/esm/DownloadForOff
lineTwoTone.js" was 
ignored.
node_modules/@mui/ico
ns-material/esm/Downl
oadOutlined.js 
(1:0): Module level 
directives cause 
errors when bundled, 
"use client" in "node
_modules/@mui/icons-m
aterial/esm/DownloadO
utlined.js" was 
ignored.
node_modules/@mui/ico
ns-material/esm/Downl
oadRounded.js (1:0): 
Module level 
directives cause 
errors when bundled, 
"use client" in "node
_modules/@mui/icons-m
aterial/esm/DownloadR
ounded.js" was 
ignored.
node_modules/@mui/ico
ns-material/esm/Downl
oadSharp.js (1:0): 
Module level 
directives cause 
errors when bundled, 
"use client" in "node
_modules/@mui/icons-m
aterial/esm/DownloadS
harp.js" was ignored.
node_modules/@mui/ico
ns-material/esm/Downl
oadForOfflineOutlined
.js (1:0): Module 
level directives 
cause errors when 
bundled, "use 
client" in "node_modu
les/@mui/icons-materi
al/esm/DownloadForOff
lineOutlined.js" was 
ignored.
node_modules/@mui/ico
ns-material/esm/Downl
oadingOutlined.js 
(1:0): Module level 
directives cause 
errors when bundled, 
"use client" in "node
_modules/@mui/icons-m
aterial/esm/Downloadi
ngOutlined.js" was 
ignored.
node_modules/@mui/ico
ns-material/esm/Downl
oadTwoTone.js (1:0): 
Module level 
directives cause 
errors when bundled, 
"use client" in "node
_modules/@mui/icons-m
aterial/esm/DownloadT
woTone.js" was 
ignored.
node_modules/@mui/ico
ns-material/esm/Downl
oading.js (1:0): 
Module level 
directives cause 
errors when bundled, 
"use client" in "node
_modules/@mui/icons-m
aterial/esm/Downloadi
ng.js" was ignored.
node_modules/@mui/ico
ns-material/esm/Downl
oadingSharp.js 
(1:0): Module level 
directives cause 
errors when bundled, 
"use client" in "node
_modules/@mui/icons-m
aterial/esm/Downloadi
ngSharp.js" was 
ignored.
node_modules/@mui/ico
ns-material/esm/Downl
oadingRounded.js 
(1:0): Module level 
directives cause 
errors when bundled, 
"use client" in "node
_modules/@mui/icons-m
aterial/esm/Downloadi
ngRounded.js" was 
ignored.
node_modules/@mui/ico
ns-material/esm/Downl
oadingTwoTone.js 
(1:0): Module level 
directives cause 
errors when bundled, 
"use client" in "node
_modules/@mui/icons-m
aterial/esm/Downloadi
ngTwoTone.js" was 
ignored.
node_modules/@mui/ico
ns-material/esm/Downl
oadForOfflineSharp.js
 (1:0): Module level 
directives cause 
errors when bundled, 
"use client" in "node
_modules/@mui/icons-m
aterial/esm/DownloadF
orOfflineSharp.js" 
was ignored.
node_modules/@mui/ico
ns-material/esm/Draft
s.js (1:0): Module 
level directives 
cause errors when 
bundled, "use 
client" in "node_modu
les/@mui/icons-materi
al/esm/Drafts.js" 
was ignored.
node_modules/@mui/ico
ns-material/esm/Draft
sRounded.js (1:0): 
Module level 
directives cause 
errors when bundled, 
"use client" in "node
_modules/@mui/icons-m
aterial/esm/DraftsRou
nded.js" was ignored.
node_modules/@mui/ico
ns-material/esm/Draft
sOutlined.js (1:0): 
Module level 
directives cause 
errors when bundled, 
"use client" in "node
_modules/@mui/icons-m
aterial/esm/DraftsOut
lined.js" was 
ignored.
node_modules/@mui/ico
ns-material/esm/DragH
andle.js (1:0): 
Module level 
directives cause 
errors when bundled, 
"use client" in "node
_modules/@mui/icons-m
aterial/esm/DragHandl
e.js" was ignored.
node_modules/@mui/ico
ns-material/esm/Draft
sTwoTone.js (1:0): 
Module level 
directives cause 
errors when bundled, 
"use client" in "node
_modules/@mui/icons-m
aterial/esm/DraftsTwo
Tone.js" was ignored.
node_modules/@mui/ico
ns-material/esm/Draft
sSharp.js (1:0): 
Module level 
directives cause 
errors when bundled, 
"use client" in "node
_modules/@mui/icons-m
aterial/esm/DraftsSha
rp.js" was ignored.
node_modules/@mui/ico
ns-material/esm/DragH
andleRounded.js 
(1:0): Module level 
directives cause 
errors when bundled, 
"use client" in "node
_modules/@mui/icons-m
aterial/esm/DragHandl
eRounded.js" was 
ignored.
node_modules/@mui/ico
ns-material/esm/DragH
andleOutlined.js 
(1:0): Module level 
directives cause 
errors when bundled, 
"use client" in "node
_modules/@mui/icons-m
aterial/esm/DragHandl
eOutlined.js" was 
ignored.
node_modules/@mui/ico
ns-material/esm/DragH
andleSharp.js (1:0): 
Module level 
directives cause 
errors when bundled, 
"use client" in "node
_modules/@mui/icons-m
aterial/esm/DragHandl
eSharp.js" was 
ignored.
node_modules/@mui/ico
ns-material/esm/DragH
andleTwoTone.js 
(1:0): Module level 
directives cause 
errors when bundled, 
"use client" in "node
_modules/@mui/icons-m
aterial/esm/DragHandl
eTwoTone.js" was 
ignored.
node_modules/@mui/ico
ns-material/esm/DragI
ndicator.js (1:0): 
Module level 
directives cause 
errors when bundled, 
"use client" in "node
_modules/@mui/icons-m
aterial/esm/DragIndic
ator.js" was ignored.
node_modules/@mui/ico
ns-material/esm/DragI
ndicatorRounded.js 
(1:0): Module level 
directives cause 
errors when bundled, 
"use client" in "node
_modules/@mui/icons-m
aterial/esm/DragIndic
atorRounded.js" was 
ignored.
node_modules/@mui/ico
ns-material/esm/DragI
ndicatorOutlined.js 
(1:0): Module level 
directives cause 
errors when bundled, 
"use client" in "node
_modules/@mui/icons-m
aterial/esm/DragIndic
atorOutlined.js" was 
ignored.
node_modules/@mui/ico
ns-material/esm/DragI
ndicatorSharp.js 
(1:0): Module level 
directives cause 
errors when bundled, 
"use client" in "node
_modules/@mui/icons-m
aterial/esm/DragIndic
atorSharp.js" was 
ignored.
node_modules/@mui/ico
ns-material/esm/Downl
oadForOfflineRounded.
js (1:0): Module 
level directives 
cause errors when 
bundled, "use 
client" in "node_modu
les/@mui/icons-materi
al/esm/DownloadForOff
lineRounded.js" was 
ignored.
node_modules/@mui/ico
ns-material/esm/DragI
ndicatorTwoTone.js 
(1:0): Module level 
directives cause 
errors when bundled, 
"use client" in "node
_modules/@mui/icons-m
aterial/esm/DragIndic
atorTwoTone.js" was 
ignored.
node_modules/@mui/ico
ns-material/esm/Draw.
js (1:0): Module 
level directives 
cause errors when 
bundled, "use 
client" in "node_modu
les/@mui/icons-materi
al/esm/Draw.js" was 
ignored.
node_modules/@mui/ico
ns-material/esm/DrawR
ounded.js (1:0): 
Module level 
directives cause 
errors when bundled, 
"use client" in "node
_modules/@mui/icons-m
aterial/esm/DrawRound
ed.js" was ignored.
node_modules/@mui/ico
ns-material/esm/DrawO
utlined.js (1:0): 
Module level 
directives cause 
errors when bundled, 
"use client" in "node
_modules/@mui/icons-m
aterial/esm/DrawOutli
ned.js" was ignored.
node_modules/@mui/ico
ns-material/esm/DrawT
woTone.js (1:0): 
Module level 
directives cause 
errors when bundled, 
"use client" in "node
_modules/@mui/icons-m
aterial/esm/DrawTwoTo
ne.js" was ignored.
node_modules/@mui/ico
ns-material/esm/DrawS
harp.js (1:0): 
Module level 
directives cause 
errors when bundled, 
"use client" in "node
_modules/@mui/icons-m
aterial/esm/DrawSharp
.js" was ignored.
node_modules/@mui/ico
ns-material/esm/Drive
Eta.js (1:0): Module 
level directives 
cause errors when 
bundled, "use 
client" in "node_modu
les/@mui/icons-materi
al/esm/DriveEta.js" 
was ignored.
node_modules/@mui/ico
ns-material/esm/Drive
EtaRounded.js (1:0): 
Module level 
directives cause 
errors when bundled, 
"use client" in "node
_modules/@mui/icons-m
aterial/esm/DriveEtaR
ounded.js" was 
ignored.
node_modules/@mui/ico
ns-material/esm/Drive
EtaOutlined.js 
(1:0): Module level 
directives cause 
errors when bundled, 
"use client" in "node
_modules/@mui/icons-m
aterial/esm/DriveEtaO
utlined.js" was 
ignored.
node_modules/@mui/ico
ns-material/esm/Drive
EtaTwoTone.js (1:0): 
Module level 
directives cause 
errors when bundled, 
"use client" in "node
_modules/@mui/icons-m
aterial/esm/DriveEtaT
woTone.js" was 
ignored.
node_modules/@mui/ico
ns-material/esm/Drive
FileMove.js (1:0): 
Module level 
directives cause 
errors when bundled, 
"use client" in "node
_modules/@mui/icons-m
aterial/esm/DriveFile
Move.js" was ignored.
node_modules/@mui/ico
ns-material/esm/Drive
EtaSharp.js (1:0): 
Module level 
directives cause 
errors when bundled, 
"use client" in "node
_modules/@mui/icons-m
aterial/esm/DriveEtaS
harp.js" was ignored.
node_modules/@mui/ico
ns-material/esm/Drive
FileMoveSharp.js 
(1:0): Module level 
directives cause 
errors when bundled, 
"use client" in "node
_modules/@mui/icons-m
aterial/esm/DriveFile
MoveSharp.js" was 
ignored.
node_modules/@mui/ico
ns-material/esm/Drive
FileMoveOutlined.js 
(1:0): Module level 
directives cause 
errors when bundled, 
"use client" in "node
_modules/@mui/icons-m
aterial/esm/DriveFile
MoveOutlined.js" was 
ignored.
node_modules/@mui/ico
ns-material/esm/Drive
FileMoveRounded.js 
(1:0): Module level 
directives cause 
errors when bundled, 
"use client" in "node
_modules/@mui/icons-m
aterial/esm/DriveFile
MoveRounded.js" was 
ignored.
node_modules/@mui/ico
ns-material/esm/Drive
FileRenameOutline.js 
(1:0): Module level 
directives cause 
errors when bundled, 
"use client" in "node
_modules/@mui/icons-m
aterial/esm/DriveFile
RenameOutline.js" 
was ignored.
node_modules/@mui/ico
ns-material/esm/Drive
FileMoveTwoTone.js 
(1:0): Module level 
directives cause 
errors when bundled, 
"use client" in "node
_modules/@mui/icons-m
aterial/esm/DriveFile
MoveTwoTone.js" was 
ignored.
node_modules/@mui/ico
ns-material/esm/Drive
FileRenameOutlineShar
p.js (1:0): Module 
level directives 
cause errors when 
bundled, "use 
client" in "node_modu
les/@mui/icons-materi
al/esm/DriveFileRenam
eOutlineSharp.js" 
was ignored.
node_modules/@mui/ico
ns-material/esm/Drive
FileRenameOutlineOutl
ined.js (1:0): 
Module level 
directives cause 
errors when bundled, 
"use client" in "node
_modules/@mui/icons-m
aterial/esm/DriveFile
RenameOutlineOutlined
.js" was ignored.
node_modules/@mui/ico
ns-material/esm/Drive
FileRenameOutlineRoun
ded.js (1:0): Module 
level directives 
cause errors when 
bundled, "use 
client" in "node_modu
les/@mui/icons-materi
al/esm/DriveFileRenam
eOutlineRounded.js" 
was ignored.
node_modules/@mui/ico
ns-material/esm/Drive
FolderUpload.js 
(1:0): Module level 
directives cause 
errors when bundled, 
"use client" in "node
_modules/@mui/icons-m
aterial/esm/DriveFold
erUpload.js" was 
ignored.
node_modules/@mui/ico
ns-material/esm/Drive
FileRenameOutlineTwoT
one.js (1:0): Module 
level directives 
cause errors when 
bundled, "use 
client" in "node_modu
les/@mui/icons-materi
al/esm/DriveFileRenam
eOutlineTwoTone.js" 
was ignored.
node_modules/@mui/ico
ns-material/esm/Drive
FolderUploadRounded.j
s (1:0): Module 
level directives 
cause errors when 
bundled, "use 
client" in "node_modu
les/@mui/icons-materi
al/esm/DriveFolderUpl
oadRounded.js" was 
ignored.
node_modules/@mui/ico
ns-material/esm/Drive
FolderUploadOutlined.
js (1:0): Module 
level directives 
cause errors when 
bundled, "use 
client" in "node_modu
les/@mui/icons-materi
al/esm/DriveFolderUpl
oadOutlined.js" was 
ignored.
node_modules/@mui/ico
ns-material/esm/Drive
FolderUploadTwoTone.j
s (1:0): Module 
level directives 
cause errors when 
bundled, "use 
client" in "node_modu
les/@mui/icons-materi
al/esm/DriveFolderUpl
oadTwoTone.js" was 
ignored.
node_modules/@mui/ico
ns-material/esm/Drive
FolderUploadSharp.js 
(1:0): Module level 
directives cause 
errors when bundled, 
"use client" in "node
_modules/@mui/icons-m
aterial/esm/DriveFold
erUploadSharp.js" 
was ignored.
node_modules/@mui/ico
ns-material/esm/DryCl
eaning.js (1:0): 
Module level 
directives cause 
errors when bundled, 
"use client" in "node
_modules/@mui/icons-m
aterial/esm/DryCleani
ng.js" was ignored.
node_modules/@mui/ico
ns-material/esm/Dry.j
s (1:0): Module 
level directives 
cause errors when 
bundled, "use 
client" in "node_modu
les/@mui/icons-materi
al/esm/Dry.js" was 
ignored.
node_modules/@mui/ico
ns-material/esm/DryCl
eaningOutlined.js 
(1:0): Module level 
directives cause 
errors when bundled, 
"use client" in "node
_modules/@mui/icons-m
aterial/esm/DryCleani
ngOutlined.js" was 
ignored.
node_modules/@mui/ico
ns-material/esm/DryCl
eaningTwoTone.js 
(1:0): Module level 
directives cause 
errors when bundled, 
"use client" in "node
_modules/@mui/icons-m
aterial/esm/DryCleani
ngTwoTone.js" was 
ignored.
node_modules/@mui/ico
ns-material/esm/DryCl
eaningSharp.js 
(1:0): Module level 
directives cause 
errors when bundled, 
"use client" in "node
_modules/@mui/icons-m
aterial/esm/DryCleani
ngSharp.js" was 
ignored.
node_modules/@mui/ico
ns-material/esm/DryOu
tlined.js (1:0): 
Module level 
directives cause 
errors when bundled, 
"use client" in "node
_modules/@mui/icons-m
aterial/esm/DryOutlin
ed.js" was ignored.
node_modules/@mui/ico
ns-material/esm/DryCl
eaningRounded.js 
(1:0): Module level 
directives cause 
errors when bundled, 
"use client" in "node
_modules/@mui/icons-m
aterial/esm/DryCleani
ngRounded.js" was 
ignored.
node_modules/@mui/ico
ns-material/esm/DryRo
unded.js (1:0): 
Module level 
directives cause 
errors when bundled, 
"use client" in "node
_modules/@mui/icons-m
aterial/esm/DryRounde
d.js" was ignored.
node_modules/@mui/ico
ns-material/esm/DryTw
oTone.js (1:0): 
Module level 
directives cause 
errors when bundled, 
"use client" in "node
_modules/@mui/icons-m
aterial/esm/DryTwoTon
e.js" was ignored.
node_modules/@mui/ico
ns-material/esm/DrySh
arp.js (1:0): Module 
level directives 
cause errors when 
bundled, "use 
client" in "node_modu
les/@mui/icons-materi
al/esm/DrySharp.js" 
was ignored.
node_modules/@mui/ico
ns-material/esm/DuoRo
unded.js (1:0): 
Module level 
directives cause 
errors when bundled, 
"use client" in "node
_modules/@mui/icons-m
aterial/esm/DuoRounde
d.js" was ignored.
node_modules/@mui/ico
ns-material/esm/DuoOu
tlined.js (1:0): 
Module level 
directives cause 
errors when bundled, 
"use client" in "node
_modules/@mui/icons-m
aterial/esm/DuoOutlin
ed.js" was ignored.
node_modules/@mui/ico
ns-material/esm/Duo.j
s (1:0): Module 
level directives 
cause errors when 
bundled, "use 
client" in "node_modu
les/@mui/icons-materi
al/esm/Duo.js" was 
ignored.
node_modules/@mui/ico
ns-material/esm/DuoTw
oTone.js (1:0): 
Module level 
directives cause 
errors when bundled, 
"use client" in "node
_modules/@mui/icons-m
aterial/esm/DuoTwoTon
e.js" was ignored.
node_modules/@mui/ico
ns-material/esm/DuoSh
arp.js (1:0): Module 
level directives 
cause errors when 
bundled, "use 
client" in "node_modu
les/@mui/icons-materi
al/esm/DuoSharp.js" 
was ignored.
node_modules/@mui/ico
ns-material/esm/Dvr.j
s (1:0): Module 
level directives 
cause errors when 
bundled, "use 
client" in "node_modu
les/@mui/icons-materi
al/esm/Dvr.js" was 
ignored.
node_modules/@mui/ico
ns-material/esm/DvrOu
tlined.js (1:0): 
Module level 
directives cause 
errors when bundled, 
"use client" in "node
_modules/@mui/icons-m
aterial/esm/DvrOutlin
ed.js" was ignored.
node_modules/@mui/ico
ns-material/esm/DvrRo
unded.js (1:0): 
Module level 
directives cause 
errors when bundled, 
"use client" in "node
_modules/@mui/icons-m
aterial/esm/DvrRounde
d.js" was ignored.
node_modules/@mui/ico
ns-material/esm/DvrSh
arp.js (1:0): Module 
level directives 
cause errors when 
bundled, "use 
client" in "node_modu
les/@mui/icons-materi
al/esm/DvrSharp.js" 
was ignored.
node_modules/@mui/ico
ns-material/esm/Dynam
icFeed.js (1:0): 
Module level 
directives cause 
errors when bundled, 
"use client" in "node
_modules/@mui/icons-m
aterial/esm/DynamicFe
ed.js" was ignored.
node_modules/@mui/ico
ns-material/esm/DvrTw
oTone.js (1:0): 
Module level 
directives cause 
errors when bundled, 
"use client" in "node
_modules/@mui/icons-m
aterial/esm/DvrTwoTon
e.js" was ignored.
node_modules/@mui/ico
ns-material/esm/Dynam
icFeedOutlined.js 
(1:0): Module level 
directives cause 
errors when bundled, 
"use client" in "node
_modules/@mui/icons-m
aterial/esm/DynamicFe
edOutlined.js" was 
ignored.
node_modules/@mui/ico
ns-material/esm/Dynam
icFeedSharp.js 
(1:0): Module level 
directives cause 
errors when bundled, 
"use client" in "node
_modules/@mui/icons-m
aterial/esm/DynamicFe
edSharp.js" was 
ignored.
node_modules/@mui/ico
ns-material/esm/Dynam
icFeedRounded.js 
(1:0): Module level 
directives cause 
errors when bundled, 
"use client" in "node
_modules/@mui/icons-m
aterial/esm/DynamicFe
edRounded.js" was 
ignored.
node_modules/@mui/ico
ns-material/esm/Dynam
icFormOutlined.js 
(1:0): Module level 
directives cause 
errors when bundled, 
"use client" in "node
_modules/@mui/icons-m
aterial/esm/DynamicFo
rmOutlined.js" was 
ignored.
node_modules/@mui/ico
ns-material/esm/Dynam
icFeedTwoTone.js 
(1:0): Module level 
directives cause 
errors when bundled, 
"use client" in "node
_modules/@mui/icons-m
aterial/esm/DynamicFe
edTwoTone.js" was 
ignored.
node_modules/@mui/ico
ns-material/esm/Dynam
icFormRounded.js 
(1:0): Module level 
directives cause 
errors when bundled, 
"use client" in "node
_modules/@mui/icons-m
aterial/esm/DynamicFo
rmRounded.js" was 
ignored.
node_modules/@mui/ico
ns-material/esm/Dynam
icFormTwoTone.js 
(1:0): Module level 
directives cause 
errors when bundled, 
"use client" in "node
_modules/@mui/icons-m
aterial/esm/DynamicFo
rmTwoTone.js" was 
ignored.
node_modules/@mui/ico
ns-material/esm/Dynam
icForm.js (1:0): 
Module level 
directives cause 
errors when bundled, 
"use client" in "node
_modules/@mui/icons-m
aterial/esm/DynamicFo
rm.js" was ignored.
node_modules/@mui/ico
ns-material/esm/Dynam
icFormSharp.js 
(1:0): Module level 
directives cause 
errors when bundled, 
"use client" in "node
_modules/@mui/icons-m
aterial/esm/DynamicFo
rmSharp.js" was 
ignored.
node_modules/@mui/ico
ns-material/esm/EMobi
ledata.js (1:0): 
Module level 
directives cause 
errors when bundled, 
"use client" in "node
_modules/@mui/icons-m
aterial/esm/EMobileda
ta.js" was ignored.
node_modules/@mui/ico
ns-material/esm/EMobi
ledataRounded.js 
(1:0): Module level 
directives cause 
errors when bundled, 
"use client" in "node
_modules/@mui/icons-m
aterial/esm/EMobileda
taRounded.js" was 
ignored.
node_modules/@mui/ico
ns-material/esm/EMobi
ledataOutlined.js 
(1:0): Module level 
directives cause 
errors when bundled, 
"use client" in "node
_modules/@mui/icons-m
aterial/esm/EMobileda
taOutlined.js" was 
ignored.
node_modules/@mui/ico
ns-material/esm/EMobi
ledataSharp.js 
(1:0): Module level 
directives cause 
errors when bundled, 
"use client" in "node
_modules/@mui/icons-m
aterial/esm/EMobileda
taSharp.js" was 
ignored.
node_modules/@mui/ico
ns-material/esm/EMobi
ledataTwoTone.js 
(1:0): Module level 
directives cause 
errors when bundled, 
"use client" in "node
_modules/@mui/icons-m
aterial/esm/EMobileda
taTwoTone.js" was 
ignored.
node_modules/@mui/ico
ns-material/esm/Earbu
ds.js (1:0): Module 
level directives 
cause errors when 
bundled, "use 
client" in "node_modu
les/@mui/icons-materi
al/esm/Earbuds.js" 
was ignored.
node_modules/@mui/ico
ns-material/esm/Earbu
dsBatteryOutlined.js 
(1:0): Module level 
directives cause 
errors when bundled, 
"use client" in "node
_modules/@mui/icons-m
aterial/esm/EarbudsBa
tteryOutlined.js" 
was ignored.
node_modules/@mui/ico
ns-material/esm/Earbu
dsBattery.js (1:0): 
Module level 
directives cause 
errors when bundled, 
"use client" in "node
_modules/@mui/icons-m
aterial/esm/EarbudsBa
ttery.js" was 
ignored.
node_modules/@mui/ico
ns-material/esm/Earbu
dsBatterySharp.js 
(1:0): Module level 
directives cause 
errors when bundled, 
"use client" in "node
_modules/@mui/icons-m
aterial/esm/EarbudsBa
tterySharp.js" was 
ignored.
node_modules/@mui/ico
ns-material/esm/Earbu
dsBatteryRounded.js 
(1:0): Module level 
directives cause 
errors when bundled, 
"use client" in "node
_modules/@mui/icons-m
aterial/esm/EarbudsBa
tteryRounded.js" was 
ignored.
node_modules/@mui/ico
ns-material/esm/Earbu
dsBatteryTwoTone.js 
(1:0): Module level 
directives cause 
errors when bundled, 
"use client" in "node
_modules/@mui/icons-m
aterial/esm/EarbudsBa
tteryTwoTone.js" was 
ignored.
node_modules/@mui/ico
ns-material/esm/Earbu
dsOutlined.js (1:0): 
Module level 
directives cause 
errors when bundled, 
"use client" in "node
_modules/@mui/icons-m
aterial/esm/EarbudsOu
tlined.js" was 
ignored.
node_modules/@mui/ico
ns-material/esm/Earbu
dsTwoTone.js (1:0): 
Module level 
directives cause 
errors when bundled, 
"use client" in "node
_modules/@mui/icons-m
aterial/esm/EarbudsTw
oTone.js" was 
ignored.
node_modules/@mui/ico
ns-material/esm/Earbu
dsRounded.js (1:0): 
Module level 
directives cause 
errors when bundled, 
"use client" in "node
_modules/@mui/icons-m
aterial/esm/EarbudsRo
unded.js" was 
ignored.
node_modules/@mui/ico
ns-material/esm/Earbu
dsSharp.js (1:0): 
Module level 
directives cause 
errors when bundled, 
"use client" in "node
_modules/@mui/icons-m
aterial/esm/EarbudsSh
arp.js" was ignored.
node_modules/@mui/ico
ns-material/esm/East.
js (1:0): Module 
level directives 
cause errors when 
bundled, "use 
client" in "node_modu
les/@mui/icons-materi
al/esm/East.js" was 
ignored.
node_modules/@mui/ico
ns-material/esm/EastO
utlined.js (1:0): 
Module level 
directives cause 
errors when bundled, 
"use client" in "node
_modules/@mui/icons-m
aterial/esm/EastOutli
ned.js" was ignored.
node_modules/@mui/ico
ns-material/esm/EastS
harp.js (1:0): 
Module level 
directives cause 
errors when bundled, 
"use client" in "node
_modules/@mui/icons-m
aterial/esm/EastSharp
.js" was ignored.
node_modules/@mui/ico
ns-material/esm/EastR
ounded.js (1:0): 
Module level 
directives cause 
errors when bundled, 
"use client" in "node
_modules/@mui/icons-m
aterial/esm/EastRound
ed.js" was ignored.
node_modules/@mui/ico
ns-material/esm/Edges
ensorHigh.js (1:0): 
Module level 
directives cause 
errors when bundled, 
"use client" in "node
_modules/@mui/icons-m
aterial/esm/Edgesenso
rHigh.js" was 
ignored.
node_modules/@mui/ico
ns-material/esm/EastT
woTone.js (1:0): 
Module level 
directives cause 
errors when bundled, 
"use client" in "node
_modules/@mui/icons-m
aterial/esm/EastTwoTo
ne.js" was ignored.
node_modules/@mui/ico
ns-material/esm/Edges
ensorHighRounded.js 
(1:0): Module level 
directives cause 
errors when bundled, 
"use client" in "node
_modules/@mui/icons-m
aterial/esm/Edgesenso
rHighRounded.js" was 
ignored.
node_modules/@mui/ico
ns-material/esm/Edges
ensorHighOutlined.js 
(1:0): Module level 
directives cause 
errors when bundled, 
"use client" in "node
_modules/@mui/icons-m
aterial/esm/Edgesenso
rHighOutlined.js" 
was ignored.
node_modules/@mui/ico
ns-material/esm/Edges
ensorHighTwoTone.js 
(1:0): Module level 
directives cause 
errors when bundled, 
"use client" in "node
_modules/@mui/icons-m
aterial/esm/Edgesenso
rHighTwoTone.js" was 
ignored.
node_modules/@mui/ico
ns-material/esm/Edges
ensorHighSharp.js 
(1:0): Module level 
directives cause 
errors when bundled, 
"use client" in "node
_modules/@mui/icons-m
aterial/esm/Edgesenso
rHighSharp.js" was 
ignored.
node_modules/@mui/ico
ns-material/esm/Edges
ensorLow.js (1:0): 
Module level 
directives cause 
errors when bundled, 
"use client" in "node
_modules/@mui/icons-m
aterial/esm/Edgesenso
rLow.js" was ignored.
node_modules/@mui/ico
ns-material/esm/Edges
ensorLowOutlined.js 
(1:0): Module level 
directives cause 
errors when bundled, 
"use client" in "node
_modules/@mui/icons-m
aterial/esm/Edgesenso
rLowOutlined.js" was 
ignored.
node_modules/@mui/ico
ns-material/esm/Edges
ensorLowRounded.js 
(1:0): Module level 
directives cause 
errors when bundled, 
"use client" in "node
_modules/@mui/icons-m
aterial/esm/Edgesenso
rLowRounded.js" was 
ignored.
node_modules/@mui/ico
ns-material/esm/Edges
ensorLowTwoTone.js 
(1:0): Module level 
directives cause 
errors when bundled, 
"use client" in "node
_modules/@mui/icons-m
aterial/esm/Edgesenso
rLowTwoTone.js" was 
ignored.
node_modules/@mui/ico
ns-material/esm/Edges
ensorLowSharp.js 
(1:0): Module level 
directives cause 
errors when bundled, 
"use client" in "node
_modules/@mui/icons-m
aterial/esm/Edgesenso
rLowSharp.js" was 
ignored.
node_modules/@mui/ico
ns-material/esm/EditA
ttributesRounded.js 
(1:0): Module level 
directives cause 
errors when bundled, 
"use client" in "node
_modules/@mui/icons-m
aterial/esm/EditAttri
butesRounded.js" was 
ignored.
node_modules/@mui/ico
ns-material/esm/EditA
ttributes.js (1:0): 
Module level 
directives cause 
errors when bundled, 
"use client" in "node
_modules/@mui/icons-m
aterial/esm/EditAttri
butes.js" was 
ignored.
node_modules/@mui/ico
ns-material/esm/EditA
ttributesOutlined.js 
(1:0): Module level 
directives cause 
errors when bundled, 
"use client" in "node
_modules/@mui/icons-m
aterial/esm/EditAttri
butesOutlined.js" 
was ignored.
node_modules/@mui/ico
ns-material/esm/EditA
ttributesSharp.js 
(1:0): Module level 
directives cause 
errors when bundled, 
"use client" in "node
_modules/@mui/icons-m
aterial/esm/EditAttri
butesSharp.js" was 
ignored.
node_modules/@mui/ico
ns-material/esm/EditA
ttributesTwoTone.js 
(1:0): Module level 
directives cause 
errors when bundled, 
"use client" in "node
_modules/@mui/icons-m
aterial/esm/EditAttri
butesTwoTone.js" was 
ignored.
node_modules/@mui/ico
ns-material/esm/EditC
alendarOutlined.js 
(1:0): Module level 
directives cause 
errors when bundled, 
"use client" in "node
_modules/@mui/icons-m
aterial/esm/EditCalen
darOutlined.js" was 
ignored.
node_modules/@mui/ico
ns-material/esm/EditC
alendar.js (1:0): 
Module level 
directives cause 
errors when bundled, 
"use client" in "node
_modules/@mui/icons-m
aterial/esm/EditCalen
dar.js" was ignored.
node_modules/@mui/ico
ns-material/esm/EditC
alendarRounded.js 
(1:0): Module level 
directives cause 
errors when bundled, 
"use client" in "node
_modules/@mui/icons-m
aterial/esm/EditCalen
darRounded.js" was 
ignored.
node_modules/@mui/ico
ns-material/esm/EditC
alendarSharp.js 
(1:0): Module level 
directives cause 
errors when bundled, 
"use client" in "node
_modules/@mui/icons-m
aterial/esm/EditCalen
darSharp.js" was 
ignored.
node_modules/@mui/ico
ns-material/esm/EditC
alendarTwoTone.js 
(1:0): Module level 
directives cause 
errors when bundled, 
"use client" in "node
_modules/@mui/icons-m
aterial/esm/EditCalen
darTwoTone.js" was 
ignored.
node_modules/@mui/ico
ns-material/esm/EditL
ocation.js (1:0): 
Module level 
directives cause 
errors when bundled, 
"use client" in "node
_modules/@mui/icons-m
aterial/esm/EditLocat
ion.js" was ignored.
node_modules/@mui/ico
ns-material/esm/EditL
ocationAltOutlined.js
 (1:0): Module level 
directives cause 
errors when bundled, 
"use client" in "node
_modules/@mui/icons-m
aterial/esm/EditLocat
ionAltOutlined.js" 
was ignored.
node_modules/@mui/ico
ns-material/esm/EditL
ocationAlt.js (1:0): 
Module level 
directives cause 
errors when bundled, 
"use client" in "node
_modules/@mui/icons-m
aterial/esm/EditLocat
ionAlt.js" was 
ignored.
node_modules/@mui/ico
ns-material/esm/EditL
ocationAltRounded.js 
(1:0): Module level 
directives cause 
errors when bundled, 
"use client" in "node
_modules/@mui/icons-m
aterial/esm/EditLocat
ionAltRounded.js" 
was ignored.
node_modules/@mui/ico
ns-material/esm/EditL
ocationAltSharp.js 
(1:0): Module level 
directives cause 
errors when bundled, 
"use client" in "node
_modules/@mui/icons-m
aterial/esm/EditLocat
ionAltSharp.js" was 
ignored.
node_modules/@mui/ico
ns-material/esm/EditL
ocationAltTwoTone.js 
(1:0): Module level 
directives cause 
errors when bundled, 
"use client" in "node
_modules/@mui/icons-m
aterial/esm/EditLocat
ionAltTwoTone.js" 
was ignored.
node_modules/@mui/ico
ns-material/esm/EditL
ocationOutlined.js 
(1:0): Module level 
directives cause 
errors when bundled, 
"use client" in "node
_modules/@mui/icons-m
aterial/esm/EditLocat
ionOutlined.js" was 
ignored.
node_modules/@mui/ico
ns-material/esm/EditL
ocationRounded.js 
(1:0): Module level 
directives cause 
errors when bundled, 
"use client" in "node
_modules/@mui/icons-m
aterial/esm/EditLocat
ionRounded.js" was 
ignored.
node_modules/@mui/ico
ns-material/esm/EditL
ocationSharp.js 
(1:0): Module level 
directives cause 
errors when bundled, 
"use client" in "node
_modules/@mui/icons-m
aterial/esm/EditLocat
ionSharp.js" was 
ignored.
node_modules/@mui/ico
ns-material/esm/EditN
ote.js (1:0): Module 
level directives 
cause errors when 
bundled, "use 
client" in "node_modu
les/@mui/icons-materi
al/esm/EditNote.js" 
was ignored.
node_modules/@mui/ico
ns-material/esm/EditL
ocationTwoTone.js 
(1:0): Module level 
directives cause 
errors when bundled, 
"use client" in "node
_modules/@mui/icons-m
aterial/esm/EditLocat
ionTwoTone.js" was 
ignored.
node_modules/@mui/ico
ns-material/esm/EditN
oteOutlined.js 
(1:0): Module level 
directives cause 
errors when bundled, 
"use client" in "node
_modules/@mui/icons-m
aterial/esm/EditNoteO
utlined.js" was 
ignored.
node_modules/@mui/ico
ns-material/esm/EditN
oteRounded.js (1:0): 
Module level 
directives cause 
errors when bundled, 
"use client" in "node
_modules/@mui/icons-m
aterial/esm/EditNoteR
ounded.js" was 
ignored.
node_modules/@mui/ico
ns-material/esm/EditN
oteSharp.js (1:0): 
Module level 
directives cause 
errors when bundled, 
"use client" in "node
_modules/@mui/icons-m
aterial/esm/EditNoteS
harp.js" was ignored.
node_modules/@mui/ico
ns-material/esm/EditN
oteTwoTone.js (1:0): 
Module level 
directives cause 
errors when bundled, 
"use client" in "node
_modules/@mui/icons-m
aterial/esm/EditNoteT
woTone.js" was 
ignored.
node_modules/@mui/ico
ns-material/esm/EditN
otifications.js 
(1:0): Module level 
directives cause 
errors when bundled, 
"use client" in "node
_modules/@mui/icons-m
aterial/esm/EditNotif
ications.js" was 
ignored.
node_modules/@mui/ico
ns-material/esm/EditN
otificationsOutlined.
js (1:0): Module 
level directives 
cause errors when 
bundled, "use 
client" in "node_modu
les/@mui/icons-materi
al/esm/EditNotificati
onsOutlined.js" was 
ignored.
node_modules/@mui/ico
ns-material/esm/EditN
otificationsRounded.j
s (1:0): Module 
level directives 
cause errors when 
bundled, "use 
client" in "node_modu
les/@mui/icons-materi
al/esm/EditNotificati
onsRounded.js" was 
ignored.
node_modules/@mui/ico
ns-material/esm/EditN
otificationsSharp.js 
(1:0): Module level 
directives cause 
errors when bundled, 
"use client" in "node
_modules/@mui/icons-m
aterial/esm/EditNotif
icationsSharp.js" 
was ignored.
node_modules/@mui/ico
ns-material/esm/EditO
ff.js (1:0): Module 
level directives 
cause errors when 
bundled, "use 
client" in "node_modu
les/@mui/icons-materi
al/esm/EditOff.js" 
was ignored.
node_modules/@mui/ico
ns-material/esm/EditO
ffOutlined.js (1:0): 
Module level 
directives cause 
errors when bundled, 
"use client" in "node
_modules/@mui/icons-m
aterial/esm/EditOffOu
tlined.js" was 
ignored.
node_modules/@mui/ico
ns-material/esm/EditN
otificationsTwoTone.j
s (1:0): Module 
level directives 
cause errors when 
bundled, "use 
client" in "node_modu
les/@mui/icons-materi
al/esm/EditNotificati
onsTwoTone.js" was 
ignored.
node_modules/@mui/ico
ns-material/esm/EditO
ffRounded.js (1:0): 
Module level 
directives cause 
errors when bundled, 
"use client" in "node
_modules/@mui/icons-m
aterial/esm/EditOffRo
unded.js" was 
ignored.
node_modules/@mui/ico
ns-material/esm/EditO
ffSharp.js (1:0): 
Module level 
directives cause 
errors when bundled, 
"use client" in "node
_modules/@mui/icons-m
aterial/esm/EditOffSh
arp.js" was ignored.
node_modules/@mui/ico
ns-material/esm/EditO
utlined.js (1:0): 
Module level 
directives cause 
errors when bundled, 
"use client" in "node
_modules/@mui/icons-m
aterial/esm/EditOutli
ned.js" was ignored.
node_modules/@mui/ico
ns-material/esm/EditO
ffTwoTone.js (1:0): 
Module level 
directives cause 
errors when bundled, 
"use client" in "node
_modules/@mui/icons-m
aterial/esm/EditOffTw
oTone.js" was 
ignored.
node_modules/@mui/ico
ns-material/esm/EditR
oad.js (1:0): Module 
level directives 
cause errors when 
bundled, "use 
client" in "node_modu
les/@mui/icons-materi
al/esm/EditRoad.js" 
was ignored.
node_modules/@mui/ico
ns-material/esm/EditR
oadRounded.js (1:0): 
Module level 
directives cause 
errors when bundled, 
"use client" in "node
_modules/@mui/icons-m
aterial/esm/EditRoadR
ounded.js" was 
ignored.
node_modules/@mui/ico
ns-material/esm/EditR
oadOutlined.js 
(1:0): Module level 
directives cause 
errors when bundled, 
"use client" in "node
_modules/@mui/icons-m
aterial/esm/EditRoadO
utlined.js" was 
ignored.
node_modules/@mui/ico
ns-material/esm/EditR
oadSharp.js (1:0): 
Module level 
directives cause 
errors when bundled, 
"use client" in "node
_modules/@mui/icons-m
aterial/esm/EditRoadS
harp.js" was ignored.
node_modules/@mui/ico
ns-material/esm/EditR
oadTwoTone.js (1:0): 
Module level 
directives cause 
errors when bundled, 
"use client" in "node
_modules/@mui/icons-m
aterial/esm/EditRoadT
woTone.js" was 
ignored.
node_modules/@mui/ico
ns-material/esm/EditR
ounded.js (1:0): 
Module level 
directives cause 
errors when bundled, 
"use client" in "node
_modules/@mui/icons-m
aterial/esm/EditRound
ed.js" was ignored.
node_modules/@mui/ico
ns-material/esm/EditS
harp.js (1:0): 
Module level 
directives cause 
errors when bundled, 
"use client" in "node
_modules/@mui/icons-m
aterial/esm/EditSharp
.js" was ignored.
node_modules/@mui/ico
ns-material/esm/EditT
woTone.js (1:0): 
Module level 
directives cause 
errors when bundled, 
"use client" in "node
_modules/@mui/icons-m
aterial/esm/EditTwoTo
ne.js" was ignored.
node_modules/@mui/ico
ns-material/esm/EggAl
t.js (1:0): Module 
level directives 
cause errors when 
bundled, "use 
client" in "node_modu
les/@mui/icons-materi
al/esm/EggAlt.js" 
was ignored.
node_modules/@mui/ico
ns-material/esm/Egg.j
s (1:0): Module 
level directives 
cause errors when 
bundled, "use 
client" in "node_modu
les/@mui/icons-materi
al/esm/Egg.js" was 
ignored.
node_modules/@mui/ico
ns-material/esm/EggAl
tOutlined.js (1:0): 
Module level 
directives cause 
errors when bundled, 
"use client" in "node
_modules/@mui/icons-m
aterial/esm/EggAltOut
lined.js" was 
ignored.
node_modules/@mui/ico
ns-material/esm/EggAl
tRounded.js (1:0): 
Module level 
directives cause 
errors when bundled, 
"use client" in "node
_modules/@mui/icons-m
aterial/esm/EggAltRou
nded.js" was ignored.
node_modules/@mui/ico
ns-material/esm/EggAl
tSharp.js (1:0): 
Module level 
directives cause 
errors when bundled, 
"use client" in "node
_modules/@mui/icons-m
aterial/esm/EggAltSha
rp.js" was ignored.
node_modules/@mui/ico
ns-material/esm/EggRo
unded.js (1:0): 
Module level 
directives cause 
errors when bundled, 
"use client" in "node
_modules/@mui/icons-m
aterial/esm/EggRounde
d.js" was ignored.
node_modules/@mui/ico
ns-material/esm/EggOu
tlined.js (1:0): 
Module level 
directives cause 
errors when bundled, 
"use client" in "node
_modules/@mui/icons-m
aterial/esm/EggOutlin
ed.js" was ignored.
node_modules/@mui/ico
ns-material/esm/EggAl
tTwoTone.js (1:0): 
Module level 
directives cause 
errors when bundled, 
"use client" in "node
_modules/@mui/icons-m
aterial/esm/EggAltTwo
Tone.js" was ignored.
node_modules/@mui/ico
ns-material/esm/EggSh
arp.js (1:0): Module 
level directives 
cause errors when 
bundled, "use 
client" in "node_modu
les/@mui/icons-materi
al/esm/EggSharp.js" 
was ignored.
node_modules/@mui/ico
ns-material/esm/EggTw
oTone.js (1:0): 
Module level 
directives cause 
errors when bundled, 
"use client" in "node
_modules/@mui/icons-m
aterial/esm/EggTwoTon
e.js" was ignored.
node_modules/@mui/ico
ns-material/esm/Eight
K.js (1:0): Module 
level directives 
cause errors when 
bundled, "use 
client" in "node_modu
les/@mui/icons-materi
al/esm/EightK.js" 
was ignored.
node_modules/@mui/ico
ns-material/esm/Eight
KOutlined.js (1:0): 
Module level 
directives cause 
errors when bundled, 
"use client" in "node
_modules/@mui/icons-m
aterial/esm/EightKOut
lined.js" was 
ignored.
node_modules/@mui/ico
ns-material/esm/Eight
KPlus.js (1:0): 
Module level 
directives cause 
errors when bundled, 
"use client" in "node
_modules/@mui/icons-m
aterial/esm/EightKPlu
s.js" was ignored.
node_modules/@mui/ico
ns-material/esm/Eight
KPlusOutlined.js 
(1:0): Module level 
directives cause 
errors when bundled, 
"use client" in "node
_modules/@mui/icons-m
aterial/esm/EightKPlu
sOutlined.js" was 
ignored.
node_modules/@mui/ico
ns-material/esm/Eight
KPlusSharp.js (1:0): 
Module level 
directives cause 
errors when bundled, 
"use client" in "node
_modules/@mui/icons-m
aterial/esm/EightKPlu
sSharp.js" was 
ignored.
node_modules/@mui/ico
ns-material/esm/Eight
KPlusRounded.js 
(1:0): Module level 
directives cause 
errors when bundled, 
"use client" in "node
_modules/@mui/icons-m
aterial/esm/EightKPlu
sRounded.js" was 
ignored.
node_modules/@mui/ico
ns-material/esm/Eight
KPlusTwoTone.js 
(1:0): Module level 
directives cause 
errors when bundled, 
"use client" in "node
_modules/@mui/icons-m
aterial/esm/EightKPlu
sTwoTone.js" was 
ignored.
node_modules/@mui/ico
ns-material/esm/Eight
KRounded.js (1:0): 
Module level 
directives cause 
errors when bundled, 
"use client" in "node
_modules/@mui/icons-m
aterial/esm/EightKRou
nded.js" was ignored.
node_modules/@mui/ico
ns-material/esm/Eight
KSharp.js (1:0): 
Module level 
directives cause 
errors when bundled, 
"use client" in "node
_modules/@mui/icons-m
aterial/esm/EightKSha
rp.js" was ignored.
node_modules/@mui/ico
ns-material/esm/Eight
KTwoTone.js (1:0): 
Module level 
directives cause 
errors when bundled, 
"use client" in "node
_modules/@mui/icons-m
aterial/esm/EightKTwo
Tone.js" was ignored.
node_modules/@mui/ico
ns-material/esm/Eight
Mp.js (1:0): Module 
level directives 
cause errors when 
bundled, "use 
client" in "node_modu
les/@mui/icons-materi
al/esm/EightMp.js" 
was ignored.
node_modules/@mui/ico
ns-material/esm/Eight
MpOutlined.js (1:0): 
Module level 
directives cause 
errors when bundled, 
"use client" in "node
_modules/@mui/icons-m
aterial/esm/EightMpOu
tlined.js" was 
ignored.
node_modules/@mui/ico
ns-material/esm/Eight
MpSharp.js (1:0): 
Module level 
directives cause 
errors when bundled, 
"use client" in "node
_modules/@mui/icons-m
aterial/esm/EightMpSh
arp.js" was ignored.
node_modules/@mui/ico
ns-material/esm/Eight
MpRounded.js (1:0): 
Module level 
directives cause 
errors when bundled, 
"use client" in "node
_modules/@mui/icons-m
aterial/esm/EightMpRo
unded.js" was 
ignored.
node_modules/@mui/ico
ns-material/esm/Eight
MpTwoTone.js (1:0): 
Module level 
directives cause 
errors when bundled, 
"use client" in "node
_modules/@mui/icons-m
aterial/esm/EightMpTw
oTone.js" was 
ignored.
node_modules/@mui/ico
ns-material/esm/Eight
eenMp.js (1:0): 
Module level 
directives cause 
errors when bundled, 
"use client" in "node
_modules/@mui/icons-m
aterial/esm/EighteenM
p.js" was ignored.
node_modules/@mui/ico
ns-material/esm/Eight
eenMpOutlined.js 
(1:0): Module level 
directives cause 
errors when bundled, 
"use client" in "node
_modules/@mui/icons-m
aterial/esm/EighteenM
pOutlined.js" was 
ignored.
node_modules/@mui/ico
ns-material/esm/Eight
eenMpSharp.js (1:0): 
Module level 
directives cause 
errors when bundled, 
"use client" in "node
_modules/@mui/icons-m
aterial/esm/EighteenM
pSharp.js" was 
ignored.
node_modules/@mui/ico
ns-material/esm/Eight
eenMpTwoTone.js 
(1:0): Module level 
directives cause 
errors when bundled, 
"use client" in "node
_modules/@mui/icons-m
aterial/esm/EighteenM
pTwoTone.js" was 
ignored.
node_modules/@mui/ico
ns-material/esm/Eight
eenUpRating.js 
(1:0): Module level 
directives cause 
errors when bundled, 
"use client" in "node
_modules/@mui/icons-m
aterial/esm/EighteenU
pRating.js" was 
ignored.
node_modules/@mui/ico
ns-material/esm/Eight
eenMpRounded.js 
(1:0): Module level 
directives cause 
errors when bundled, 
"use client" in "node
_modules/@mui/icons-m
aterial/esm/EighteenM
pRounded.js" was 
ignored.
node_modules/@mui/ico
ns-material/esm/Eight
eenUpRatingOutlined.j
s (1:0): Module 
level directives 
cause errors when 
bundled, "use 
client" in "node_modu
les/@mui/icons-materi
al/esm/EighteenUpRati
ngOutlined.js" was 
ignored.
node_modules/@mui/ico
ns-material/esm/Eight
eenUpRatingRounded.js
 (1:0): Module level 
directives cause 
errors when bundled, 
"use client" in "node
_modules/@mui/icons-m
aterial/esm/EighteenU
pRatingRounded.js" 
was ignored.
node_modules/@mui/ico
ns-material/esm/Eight
eenUpRatingSharp.js 
(1:0): Module level 
directives cause 
errors when bundled, 
"use client" in "node
_modules/@mui/icons-m
aterial/esm/EighteenU
pRatingSharp.js" was 
ignored.
node_modules/@mui/ico
ns-material/esm/Eight
eenUpRatingTwoTone.js
 (1:0): Module level 
directives cause 
errors when bundled, 
"use client" in "node
_modules/@mui/icons-m
aterial/esm/EighteenU
pRatingTwoTone.js" 
was ignored.
node_modules/@mui/ico
ns-material/esm/Eject
Outlined.js (1:0): 
Module level 
directives cause 
errors when bundled, 
"use client" in "node
_modules/@mui/icons-m
aterial/esm/EjectOutl
ined.js" was ignored.
node_modules/@mui/ico
ns-material/esm/Eject
.js (1:0): Module 
level directives 
cause errors when 
bundled, "use 
client" in "node_modu
les/@mui/icons-materi
al/esm/Eject.js" was 
ignored.
node_modules/@mui/ico
ns-material/esm/Eject
TwoTone.js (1:0): 
Module level 
directives cause 
errors when bundled, 
"use client" in "node
_modules/@mui/icons-m
aterial/esm/EjectTwoT
one.js" was ignored.
node_modules/@mui/ico
ns-material/esm/Eject
Sharp.js (1:0): 
Module level 
directives cause 
errors when bundled, 
"use client" in "node
_modules/@mui/icons-m
aterial/esm/EjectShar
p.js" was ignored.
node_modules/@mui/ico
ns-material/esm/Elder
lyOutlined.js (1:0): 
Module level 
directives cause 
errors when bundled, 
"use client" in "node
_modules/@mui/icons-m
aterial/esm/ElderlyOu
tlined.js" was 
ignored.
node_modules/@mui/ico
ns-material/esm/Eject
Rounded.js (1:0): 
Module level 
directives cause 
errors when bundled, 
"use client" in "node
_modules/@mui/icons-m
aterial/esm/EjectRoun
ded.js" was ignored.
node_modules/@mui/ico
ns-material/esm/Elder
ly.js (1:0): Module 
level directives 
cause errors when 
bundled, "use 
client" in "node_modu
les/@mui/icons-materi
al/esm/Elderly.js" 
was ignored.
node_modules/@mui/ico
ns-material/esm/Elder
lyRounded.js (1:0): 
Module level 
directives cause 
errors when bundled, 
"use client" in "node
_modules/@mui/icons-m
aterial/esm/ElderlyRo
unded.js" was 
ignored.
node_modules/@mui/ico
ns-material/esm/Elder
lyTwoTone.js (1:0): 
Module level 
directives cause 
errors when bundled, 
"use client" in "node
_modules/@mui/icons-m
aterial/esm/ElderlyTw
oTone.js" was 
ignored.
node_modules/@mui/ico
ns-material/esm/Elder
lySharp.js (1:0): 
Module level 
directives cause 
errors when bundled, 
"use client" in "node
_modules/@mui/icons-m
aterial/esm/ElderlySh
arp.js" was ignored.
node_modules/@mui/ico
ns-material/esm/Elder
lyWomanOutlined.js 
(1:0): Module level 
directives cause 
errors when bundled, 
"use client" in "node
_modules/@mui/icons-m
aterial/esm/ElderlyWo
manOutlined.js" was 
ignored.
node_modules/@mui/ico
ns-material/esm/Elder
lyWoman.js (1:0): 
Module level 
directives cause 
errors when bundled, 
"use client" in "node
_modules/@mui/icons-m
aterial/esm/ElderlyWo
man.js" was ignored.
node_modules/@mui/ico
ns-material/esm/Elder
lyWomanRounded.js 
(1:0): Module level 
directives cause 
errors when bundled, 
"use client" in "node
_modules/@mui/icons-m
aterial/esm/ElderlyWo
manRounded.js" was 
ignored.
node_modules/@mui/ico
ns-material/esm/Elder
lyWomanTwoTone.js 
(1:0): Module level 
directives cause 
errors when bundled, 
"use client" in "node
_modules/@mui/icons-m
aterial/esm/ElderlyWo
manTwoTone.js" was 
ignored.
node_modules/@mui/ico
ns-material/esm/Elder
lyWomanSharp.js 
(1:0): Module level 
directives cause 
errors when bundled, 
"use client" in "node
_modules/@mui/icons-m
aterial/esm/ElderlyWo
manSharp.js" was 
ignored.
node_modules/@mui/ico
ns-material/esm/Elect
ricBike.js (1:0): 
Module level 
directives cause 
errors when bundled, 
"use client" in "node
_modules/@mui/icons-m
aterial/esm/ElectricB
ike.js" was ignored.
node_modules/@mui/ico
ns-material/esm/Elect
ricBikeRounded.js 
(1:0): Module level 
directives cause 
errors when bundled, 
"use client" in "node
_modules/@mui/icons-m
aterial/esm/ElectricB
ikeRounded.js" was 
ignored.
node_modules/@mui/ico
ns-material/esm/Elect
ricBikeOutlined.js 
(1:0): Module level 
directives cause 
errors when bundled, 
"use client" in "node
_modules/@mui/icons-m
aterial/esm/ElectricB
ikeOutlined.js" was 
ignored.
node_modules/@mui/ico
ns-material/esm/Elect
ricBikeSharp.js 
(1:0): Module level 
directives cause 
errors when bundled, 
"use client" in "node
_modules/@mui/icons-m
aterial/esm/ElectricB
ikeSharp.js" was 
ignored.
node_modules/@mui/ico
ns-material/esm/Elect
ricBikeTwoTone.js 
(1:0): Module level 
directives cause 
errors when bundled, 
"use client" in "node
_modules/@mui/icons-m
aterial/esm/ElectricB
ikeTwoTone.js" was 
ignored.
node_modules/@mui/ico
ns-material/esm/Elect
ricBolt.js (1:0): 
Module level 
directives cause 
errors when bundled, 
"use client" in "node
_modules/@mui/icons-m
aterial/esm/ElectricB
olt.js" was ignored.
node_modules/@mui/ico
ns-material/esm/Elect
ricBoltSharp.js 
(1:0): Module level 
directives cause 
errors when bundled, 
"use client" in "node
_modules/@mui/icons-m
aterial/esm/ElectricB
oltSharp.js" was 
ignored.
node_modules/@mui/ico
ns-material/esm/Elect
ricBoltTwoTone.js 
(1:0): Module level 
directives cause 
errors when bundled, 
"use client" in "node
_modules/@mui/icons-m
aterial/esm/ElectricB
oltTwoTone.js" was 
ignored.
node_modules/@mui/ico
ns-material/esm/Elect
ricCar.js (1:0): 
Module level 
directives cause 
errors when bundled, 
"use client" in "node
_modules/@mui/icons-m
aterial/esm/ElectricC
ar.js" was ignored.
node_modules/@mui/ico
ns-material/esm/Elect
ricCarOutlined.js 
(1:0): Module level 
directives cause 
errors when bundled, 
"use client" in "node
_modules/@mui/icons-m
aterial/esm/ElectricC
arOutlined.js" was 
ignored.
node_modules/@mui/ico
ns-material/esm/Elect
ricCarRounded.js 
(1:0): Module level 
directives cause 
errors when bundled, 
"use client" in "node
_modules/@mui/icons-m
aterial/esm/ElectricC
arRounded.js" was 
ignored.
node_modules/@mui/ico
ns-material/esm/Elect
ricCarSharp.js 
(1:0): Module level 
directives cause 
errors when bundled, 
"use client" in "node
_modules/@mui/icons-m
aterial/esm/ElectricC
arSharp.js" was 
ignored.
node_modules/@mui/ico
ns-material/esm/Elect
ricBoltOutlined.js 
(1:0): Module level 
directives cause 
errors when bundled, 
"use client" in "node
_modules/@mui/icons-m
aterial/esm/ElectricB
oltOutlined.js" was 
ignored.
node_modules/@mui/ico
ns-material/esm/Elect
ricBoltRounded.js 
(1:0): Module level 
directives cause 
errors when bundled, 
"use client" in "node
_modules/@mui/icons-m
aterial/esm/ElectricB
oltRounded.js" was 
ignored.
node_modules/@mui/ico
ns-material/esm/Elect
ricCarTwoTone.js 
(1:0): Module level 
directives cause 
errors when bundled, 
"use client" in "node
_modules/@mui/icons-m
aterial/esm/ElectricC
arTwoTone.js" was 
ignored.
node_modules/@mui/ico
ns-material/esm/Elect
ricMeterRounded.js 
(1:0): Module level 
directives cause 
errors when bundled, 
"use client" in "node
_modules/@mui/icons-m
aterial/esm/ElectricM
eterRounded.js" was 
ignored.
node_modules/@mui/ico
ns-material/esm/Elect
ricMeter.js (1:0): 
Module level 
directives cause 
errors when bundled, 
"use client" in "node
_modules/@mui/icons-m
aterial/esm/ElectricM
eter.js" was ignored.
node_modules/@mui/ico
ns-material/esm/Elect
ricMeterSharp.js 
(1:0): Module level 
directives cause 
errors when bundled, 
"use client" in "node
_modules/@mui/icons-m
aterial/esm/ElectricM
eterSharp.js" was 
ignored.
node_modules/@mui/ico
ns-material/esm/Elect
ricMeterTwoTone.js 
(1:0): Module level 
directives cause 
errors when bundled, 
"use client" in "node
_modules/@mui/icons-m
aterial/esm/ElectricM
eterTwoTone.js" was 
ignored.
node_modules/@mui/ico
ns-material/esm/Elect
ricMoped.js (1:0): 
Module level 
directives cause 
errors when bundled, 
"use client" in "node
_modules/@mui/icons-m
aterial/esm/ElectricM
oped.js" was ignored.
node_modules/@mui/ico
ns-material/esm/Elect
ricMeterOutlined.js 
(1:0): Module level 
directives cause 
errors when bundled, 
"use client" in "node
_modules/@mui/icons-m
aterial/esm/ElectricM
eterOutlined.js" was 
ignored.
node_modules/@mui/ico
ns-material/esm/Elect
ricMopedRounded.js 
(1:0): Module level 
directives cause 
errors when bundled, 
"use client" in "node
_modules/@mui/icons-m
aterial/esm/ElectricM
opedRounded.js" was 
ignored.
node_modules/@mui/ico
ns-material/esm/Elect
ricMopedOutlined.js 
(1:0): Module level 
directives cause 
errors when bundled, 
"use client" in "node
_modules/@mui/icons-m
aterial/esm/ElectricM
opedOutlined.js" was 
ignored.
node_modules/@mui/ico
ns-material/esm/Elect
ricMopedTwoTone.js 
(1:0): Module level 
directives cause 
errors when bundled, 
"use client" in "node
_modules/@mui/icons-m
aterial/esm/ElectricM
opedTwoTone.js" was 
ignored.
node_modules/@mui/ico
ns-material/esm/Elect
ricMopedSharp.js 
(1:0): Module level 
directives cause 
errors when bundled, 
"use client" in "node
_modules/@mui/icons-m
aterial/esm/ElectricM
opedSharp.js" was 
ignored.
node_modules/@mui/ico
ns-material/esm/Elect
ricRickshaw.js 
(1:0): Module level 
directives cause 
errors when bundled, 
"use client" in "node
_modules/@mui/icons-m
aterial/esm/ElectricR
ickshaw.js" was 
ignored.
node_modules/@mui/ico
ns-material/esm/Elect
ricRickshawOutlined.j
s (1:0): Module 
level directives 
cause errors when 
bundled, "use 
client" in "node_modu
les/@mui/icons-materi
al/esm/ElectricRicksh
awOutlined.js" was 
ignored.
node_modules/@mui/ico
ns-material/esm/Elect
ricRickshawRounded.js
 (1:0): Module level 
directives cause 
errors when bundled, 
"use client" in "node
_modules/@mui/icons-m
aterial/esm/ElectricR
ickshawRounded.js" 
was ignored.
node_modules/@mui/ico
ns-material/esm/Elect
ricScooter.js (1:0): 
Module level 
directives cause 
errors when bundled, 
"use client" in "node
_modules/@mui/icons-m
aterial/esm/ElectricS
cooter.js" was 
ignored.
node_modules/@mui/ico
ns-material/esm/Elect
ricRickshawTwoTone.js
 (1:0): Module level 
directives cause 
errors when bundled, 
"use client" in "node
_modules/@mui/icons-m
aterial/esm/ElectricR
ickshawTwoTone.js" 
was ignored.
node_modules/@mui/ico
ns-material/esm/Elect
ricScooterRounded.js 
(1:0): Module level 
directives cause 
errors when bundled, 
"use client" in "node
_modules/@mui/icons-m
aterial/esm/ElectricS
cooterRounded.js" 
was ignored.
node_modules/@mui/ico
ns-material/esm/Elect
ricScooterTwoTone.js 
(1:0): Module level 
directives cause 
errors when bundled, 
"use client" in "node
_modules/@mui/icons-m
aterial/esm/ElectricS
cooterTwoTone.js" 
was ignored.
node_modules/@mui/ico
ns-material/esm/Elect
ricalServices.js 
(1:0): Module level 
directives cause 
errors when bundled, 
"use client" in "node
_modules/@mui/icons-m
aterial/esm/Electrica
lServices.js" was 
ignored.
node_modules/@mui/ico
ns-material/esm/Elect
ricScooterSharp.js 
(1:0): Module level 
directives cause 
errors when bundled, 
"use client" in "node
_modules/@mui/icons-m
aterial/esm/ElectricS
cooterSharp.js" was 
ignored.
node_modules/@mui/ico
ns-material/esm/Elect
ricalServicesOutlined
.js (1:0): Module 
level directives 
cause errors when 
bundled, "use 
client" in "node_modu
les/@mui/icons-materi
al/esm/ElectricalServ
icesOutlined.js" was 
ignored.
node_modules/@mui/ico
ns-material/esm/Elect
ricScooterOutlined.js
 (1:0): Module level 
directives cause 
errors when bundled, 
"use client" in "node
_modules/@mui/icons-m
aterial/esm/ElectricS
cooterOutlined.js" 
was ignored.
node_modules/@mui/ico
ns-material/esm/Elect
ricalServicesRounded.
js (1:0): Module 
level directives 
cause errors when 
bundled, "use 
client" in "node_modu
les/@mui/icons-materi
al/esm/ElectricalServ
icesRounded.js" was 
ignored.
node_modules/@mui/ico
ns-material/esm/Elect
ricalServicesSharp.js
 (1:0): Module level 
directives cause 
errors when bundled, 
"use client" in "node
_modules/@mui/icons-m
aterial/esm/Electrica
lServicesSharp.js" 
was ignored.
node_modules/@mui/ico
ns-material/esm/Elect
ricRickshawSharp.js 
(1:0): Module level 
directives cause 
errors when bundled, 
"use client" in "node
_modules/@mui/icons-m
aterial/esm/ElectricR
ickshawSharp.js" was 
ignored.
node_modules/@mui/ico
ns-material/esm/Eleva
tor.js (1:0): Module 
level directives 
cause errors when 
bundled, "use 
client" in "node_modu
les/@mui/icons-materi
al/esm/Elevator.js" 
was ignored.
node_modules/@mui/ico
ns-material/esm/Elect
ricalServicesTwoTone.
js (1:0): Module 
level directives 
cause errors when 
bundled, "use 
client" in "node_modu
les/@mui/icons-materi
al/esm/ElectricalServ
icesTwoTone.js" was 
ignored.
node_modules/@mui/ico
ns-material/esm/Eleva
torSharp.js (1:0): 
Module level 
directives cause 
errors when bundled, 
"use client" in "node
_modules/@mui/icons-m
aterial/esm/ElevatorS
harp.js" was ignored.
node_modules/@mui/ico
ns-material/esm/Eleva
torOutlined.js 
(1:0): Module level 
directives cause 
errors when bundled, 
"use client" in "node
_modules/@mui/icons-m
aterial/esm/ElevatorO
utlined.js" was 
ignored.
node_modules/@mui/ico
ns-material/esm/Eleva
torTwoTone.js (1:0): 
Module level 
directives cause 
errors when bundled, 
"use client" in "node
_modules/@mui/icons-m
aterial/esm/ElevatorT
woTone.js" was 
ignored.
node_modules/@mui/ico
ns-material/esm/Eleva
torRounded.js (1:0): 
Module level 
directives cause 
errors when bundled, 
"use client" in "node
_modules/@mui/icons-m
aterial/esm/ElevatorR
ounded.js" was 
ignored.
node_modules/@mui/ico
ns-material/esm/Eleve
nMpOutlined.js 
(1:0): Module level 
directives cause 
errors when bundled, 
"use client" in "node
_modules/@mui/icons-m
aterial/esm/ElevenMpO
utlined.js" was 
ignored.
node_modules/@mui/ico
ns-material/esm/Eleve
nMp.js (1:0): Module 
level directives 
cause errors when 
bundled, "use 
client" in "node_modu
les/@mui/icons-materi
al/esm/ElevenMp.js" 
was ignored.
node_modules/@mui/ico
ns-material/esm/Eleve
nMpSharp.js (1:0): 
Module level 
directives cause 
errors when bundled, 
"use client" in "node
_modules/@mui/icons-m
aterial/esm/ElevenMpS
harp.js" was ignored.
node_modules/@mui/ico
ns-material/esm/Eleve
nMpRounded.js (1:0): 
Module level 
directives cause 
errors when bundled, 
"use client" in "node
_modules/@mui/icons-m
aterial/esm/ElevenMpR
ounded.js" was 
ignored.
node_modules/@mui/ico
ns-material/esm/Email
.js (1:0): Module 
level directives 
cause errors when 
bundled, "use 
client" in "node_modu
les/@mui/icons-materi
al/esm/Email.js" was 
ignored.
node_modules/@mui/ico
ns-material/esm/Eleve
nMpTwoTone.js (1:0): 
Module level 
directives cause 
errors when bundled, 
"use client" in "node
_modules/@mui/icons-m
aterial/esm/ElevenMpT
woTone.js" was 
ignored.
node_modules/@mui/ico
ns-material/esm/Email
Rounded.js (1:0): 
Module level 
directives cause 
errors when bundled, 
"use client" in "node
_modules/@mui/icons-m
aterial/esm/EmailRoun
ded.js" was ignored.
node_modules/@mui/ico
ns-material/esm/Email
Outlined.js (1:0): 
Module level 
directives cause 
errors when bundled, 
"use client" in "node
_modules/@mui/icons-m
aterial/esm/EmailOutl
ined.js" was ignored.
node_modules/@mui/ico
ns-material/esm/Email
Sharp.js (1:0): 
Module level 
directives cause 
errors when bundled, 
"use client" in "node
_modules/@mui/icons-m
aterial/esm/EmailShar
p.js" was ignored.
node_modules/@mui/ico
ns-material/esm/Email
TwoTone.js (1:0): 
Module level 
directives cause 
errors when bundled, 
"use client" in "node
_modules/@mui/icons-m
aterial/esm/EmailTwoT
one.js" was ignored.
node_modules/@mui/ico
ns-material/esm/Emerg
encyRecordingOutlined
.js (1:0): Module 
level directives 
cause errors when 
bundled, "use 
client" in "node_modu
les/@mui/icons-materi
al/esm/EmergencyRecor
dingOutlined.js" was 
ignored.
node_modules/@mui/ico
ns-material/esm/Emerg
ency.js (1:0): 
Module level 
directives cause 
errors when bundled, 
"use client" in "node
_modules/@mui/icons-m
aterial/esm/Emergency
.js" was ignored.
node_modules/@mui/ico
ns-material/esm/Emerg
encyOutlined.js 
(1:0): Module level 
directives cause 
errors when bundled, 
"use client" in "node
_modules/@mui/icons-m
aterial/esm/Emergency
Outlined.js" was 
ignored.
node_modules/@mui/ico
ns-material/esm/Emerg
encyRecordingRounded.
js (1:0): Module 
level directives 
cause errors when 
bundled, "use 
client" in "node_modu
les/@mui/icons-materi
al/esm/EmergencyRecor
dingRounded.js" was 
ignored.
node_modules/@mui/ico
ns-material/esm/Emerg
encyRecordingSharp.js
 (1:0): Module level 
directives cause 
errors when bundled, 
"use client" in "node
_modules/@mui/icons-m
aterial/esm/Emergency
RecordingSharp.js" 
was ignored.
node_modules/@mui/ico
ns-material/esm/Emerg
encyRounded.js 
(1:0): Module level 
directives cause 
errors when bundled, 
"use client" in "node
_modules/@mui/icons-m
aterial/esm/Emergency
Rounded.js" was 
ignored.
node_modules/@mui/ico
ns-material/esm/Emerg
encyRecordingTwoTone.
js (1:0): Module 
level directives 
cause errors when 
bundled, "use 
client" in "node_modu
les/@mui/icons-materi
al/esm/EmergencyRecor
dingTwoTone.js" was 
ignored.
node_modules/@mui/ico
ns-material/esm/Emerg
encyShareOutlined.js 
(1:0): Module level 
directives cause 
errors when bundled, 
"use client" in "node
_modules/@mui/icons-m
aterial/esm/Emergency
ShareOutlined.js" 
was ignored.
node_modules/@mui/ico
ns-material/esm/Emerg
encyShare.js (1:0): 
Module level 
directives cause 
errors when bundled, 
"use client" in "node
_modules/@mui/icons-m
aterial/esm/Emergency
Share.js" was 
ignored.
node_modules/@mui/ico
ns-material/esm/Emerg
encyShareRounded.js 
(1:0): Module level 
directives cause 
errors when bundled, 
"use client" in "node
_modules/@mui/icons-m
aterial/esm/Emergency
ShareRounded.js" was 
ignored.
node_modules/@mui/ico
ns-material/esm/Emerg
encyRecording.js 
(1:0): Module level 
directives cause 
errors when bundled, 
"use client" in "node
_modules/@mui/icons-m
aterial/esm/Emergency
Recording.js" was 
ignored.
node_modules/@mui/ico
ns-material/esm/Emerg
encyShareSharp.js 
(1:0): Module level 
directives cause 
errors when bundled, 
"use client" in "node
_modules/@mui/icons-m
aterial/esm/Emergency
ShareSharp.js" was 
ignored.
node_modules/@mui/ico
ns-material/esm/Emerg
encyShareTwoTone.js 
(1:0): Module level 
directives cause 
errors when bundled, 
"use client" in "node
_modules/@mui/icons-m
aterial/esm/Emergency
ShareTwoTone.js" was 
ignored.
node_modules/@mui/ico
ns-material/esm/Emerg
encyTwoTone.js 
(1:0): Module level 
directives cause 
errors when bundled, 
"use client" in "node
_modules/@mui/icons-m
aterial/esm/Emergency
TwoTone.js" was 
ignored.
node_modules/@mui/ico
ns-material/esm/Emoji
Emotions.js (1:0): 
Module level 
directives cause 
errors when bundled, 
"use client" in "node
_modules/@mui/icons-m
aterial/esm/EmojiEmot
ions.js" was ignored.
node_modules/@mui/ico
ns-material/esm/Emerg
encySharp.js (1:0): 
Module level 
directives cause 
errors when bundled, 
"use client" in "node
_modules/@mui/icons-m
aterial/esm/Emergency
Sharp.js" was 
ignored.
node_modules/@mui/ico
ns-material/esm/Emoji
EmotionsOutlined.js 
(1:0): Module level 
directives cause 
errors when bundled, 
"use client" in "node
_modules/@mui/icons-m
aterial/esm/EmojiEmot
ionsOutlined.js" was 
ignored.
node_modules/@mui/ico
ns-material/esm/Emoji
EmotionsRounded.js 
(1:0): Module level 
directives cause 
errors when bundled, 
"use client" in "node
_modules/@mui/icons-m
aterial/esm/EmojiEmot
ionsRounded.js" was 
ignored.
node_modules/@mui/ico
ns-material/esm/Emoji
EmotionsSharp.js 
(1:0): Module level 
directives cause 
errors when bundled, 
"use client" in "node
_modules/@mui/icons-m
aterial/esm/EmojiEmot
ionsSharp.js" was 
ignored.
node_modules/@mui/ico
ns-material/esm/Emoji
Events.js (1:0): 
Module level 
directives cause 
errors when bundled, 
"use client" in "node
_modules/@mui/icons-m
aterial/esm/EmojiEven
ts.js" was ignored.
node_modules/@mui/ico
ns-material/esm/Emoji
EmotionsTwoTone.js 
(1:0): Module level 
directives cause 
errors when bundled, 
"use client" in "node
_modules/@mui/icons-m
aterial/esm/EmojiEmot
ionsTwoTone.js" was 
ignored.
node_modules/@mui/ico
ns-material/esm/Emoji
EventsRounded.js 
(1:0): Module level 
directives cause 
errors when bundled, 
"use client" in "node
_modules/@mui/icons-m
aterial/esm/EmojiEven
tsRounded.js" was 
ignored.
node_modules/@mui/ico
ns-material/esm/Emoji
EventsOutlined.js 
(1:0): Module level 
directives cause 
errors when bundled, 
"use client" in "node
_modules/@mui/icons-m
aterial/esm/EmojiEven
tsOutlined.js" was 
ignored.
node_modules/@mui/ico
ns-material/esm/Emoji
EventsTwoTone.js 
(1:0): Module level 
directives cause 
errors when bundled, 
"use client" in "node
_modules/@mui/icons-m
aterial/esm/EmojiEven
tsTwoTone.js" was 
ignored.
node_modules/@mui/ico
ns-material/esm/Emoji
EventsSharp.js 
(1:0): Module level 
directives cause 
errors when bundled, 
"use client" in "node
_modules/@mui/icons-m
aterial/esm/EmojiEven
tsSharp.js" was 
ignored.
node_modules/@mui/ico
ns-material/esm/Emoji
FoodBeverage.js 
(1:0): Module level 
directives cause 
errors when bundled, 
"use client" in "node
_modules/@mui/icons-m
aterial/esm/EmojiFood
Beverage.js" was 
ignored.
node_modules/@mui/ico
ns-material/esm/Emoji
FoodBeverageOutlined.
js (1:0): Module 
level directives 
cause errors when 
bundled, "use 
client" in "node_modu
les/@mui/icons-materi
al/esm/EmojiFoodBever
ageOutlined.js" was 
ignored.
node_modules/@mui/ico
ns-material/esm/Emoji
FoodBeverageRounded.j
s (1:0): Module 
level directives 
cause errors when 
bundled, "use 
client" in "node_modu
les/@mui/icons-materi
al/esm/EmojiFoodBever
ageRounded.js" was 
ignored.
node_modules/@mui/ico
ns-material/esm/Emoji
NatureOutlined.js 
(1:0): Module level 
directives cause 
errors when bundled, 
"use client" in "node
_modules/@mui/icons-m
aterial/esm/EmojiNatu
reOutlined.js" was 
ignored.
node_modules/@mui/ico
ns-material/esm/Emoji
NatureRounded.js 
(1:0): Module level 
directives cause 
errors when bundled, 
"use client" in "node
_modules/@mui/icons-m
aterial/esm/EmojiNatu
reRounded.js" was 
ignored.
node_modules/@mui/ico
ns-material/esm/Emoji
NatureSharp.js 
(1:0): Module level 
directives cause 
errors when bundled, 
"use client" in "node
_modules/@mui/icons-m
aterial/esm/EmojiNatu
reSharp.js" was 
ignored.
node_modules/@mui/ico
ns-material/esm/Emoji
NatureTwoTone.js 
(1:0): Module level 
directives cause 
errors when bundled, 
"use client" in "node
_modules/@mui/icons-m
aterial/esm/EmojiNatu
reTwoTone.js" was 
ignored.
node_modules/@mui/ico
ns-material/esm/Emoji
Objects.js (1:0): 
Module level 
directives cause 
errors when bundled, 
"use client" in "node
_modules/@mui/icons-m
aterial/esm/EmojiObje
cts.js" was ignored.
node_modules/@mui/ico
ns-material/esm/Emoji
ObjectsOutlined.js 
(1:0): Module level 
directives cause 
errors when bundled, 
"use client" in "node
_modules/@mui/icons-m
aterial/esm/EmojiObje
ctsOutlined.js" was 
ignored.
node_modules/@mui/ico
ns-material/esm/Emoji
ObjectsRounded.js 
(1:0): Module level 
directives cause 
errors when bundled, 
"use client" in "node
_modules/@mui/icons-m
aterial/esm/EmojiObje
ctsRounded.js" was 
ignored.
node_modules/@mui/ico
ns-material/esm/Emoji
ObjectsSharp.js 
(1:0): Module level 
directives cause 
errors when bundled, 
"use client" in "node
_modules/@mui/icons-m
aterial/esm/EmojiObje
ctsSharp.js" was 
ignored.
node_modules/@mui/ico
ns-material/esm/Emoji
ObjectsTwoTone.js 
(1:0): Module level 
directives cause 
errors when bundled, 
"use client" in "node
_modules/@mui/icons-m
aterial/esm/EmojiObje
ctsTwoTone.js" was 
ignored.
node_modules/@mui/ico
ns-material/esm/Emoji
People.js (1:0): 
Module level 
directives cause 
errors when bundled, 
"use client" in "node
_modules/@mui/icons-m
aterial/esm/EmojiPeop
le.js" was ignored.
node_modules/@mui/ico
ns-material/esm/Emoji
PeopleOutlined.js 
(1:0): Module level 
directives cause 
errors when bundled, 
"use client" in "node
_modules/@mui/icons-m
aterial/esm/EmojiPeop
leOutlined.js" was 
ignored.
node_modules/@mui/ico
ns-material/esm/Emoji
FoodBeverageTwoTone.j
s (1:0): Module 
level directives 
cause errors when 
bundled, "use 
client" in "node_modu
les/@mui/icons-materi
al/esm/EmojiFoodBever
ageTwoTone.js" was 
ignored.
node_modules/@mui/ico
ns-material/esm/Emoji
PeopleRounded.js 
(1:0): Module level 
directives cause 
errors when bundled, 
"use client" in "node
_modules/@mui/icons-m
aterial/esm/EmojiPeop
leRounded.js" was 
ignored.
node_modules/@mui/ico
ns-material/esm/Emoji
PeopleTwoTone.js 
(1:0): Module level 
directives cause 
errors when bundled, 
"use client" in "node
_modules/@mui/icons-m
aterial/esm/EmojiPeop
leTwoTone.js" was 
ignored.
node_modules/@mui/ico
ns-material/esm/Emoji
PeopleSharp.js 
(1:0): Module level 
directives cause 
errors when bundled, 
"use client" in "node
_modules/@mui/icons-m
aterial/esm/EmojiPeop
leSharp.js" was 
ignored.
node_modules/@mui/ico
ns-material/esm/Emoji
Symbols.js (1:0): 
Module level 
directives cause 
errors when bundled, 
"use client" in "node
_modules/@mui/icons-m
aterial/esm/EmojiSymb
ols.js" was ignored.
node_modules/@mui/ico
ns-material/esm/Emoji
SymbolsRounded.js 
(1:0): Module level 
directives cause 
errors when bundled, 
"use client" in "node
_modules/@mui/icons-m
aterial/esm/EmojiSymb
olsRounded.js" was 
ignored.
node_modules/@mui/ico
ns-material/esm/Emoji
SymbolsOutlined.js 
(1:0): Module level 
directives cause 
errors when bundled, 
"use client" in "node
_modules/@mui/icons-m
aterial/esm/EmojiSymb
olsOutlined.js" was 
ignored.
node_modules/@mui/ico
ns-material/esm/Emoji
SymbolsSharp.js 
(1:0): Module level 
directives cause 
errors when bundled, 
"use client" in "node
_modules/@mui/icons-m
aterial/esm/EmojiSymb
olsSharp.js" was 
ignored.
node_modules/@mui/ico
ns-material/esm/Emoji
Transportation.js 
(1:0): Module level 
directives cause 
errors when bundled, 
"use client" in "node
_modules/@mui/icons-m
aterial/esm/EmojiTran
sportation.js" was 
ignored.
node_modules/@mui/ico
ns-material/esm/Emoji
SymbolsTwoTone.js 
(1:0): Module level 
directives cause 
errors when bundled, 
"use client" in "node
_modules/@mui/icons-m
aterial/esm/EmojiSymb
olsTwoTone.js" was 
ignored.
node_modules/@mui/ico
ns-material/esm/Emoji
TransportationOutline
d.js (1:0): Module 
level directives 
cause errors when 
bundled, "use 
client" in "node_modu
les/@mui/icons-materi
al/esm/EmojiTransport
ationOutlined.js" 
was ignored.
node_modules/@mui/ico
ns-material/esm/Emoji
TransportationRounded
.js (1:0): Module 
level directives 
cause errors when 
bundled, "use 
client" in "node_modu
les/@mui/icons-materi
al/esm/EmojiTransport
ationRounded.js" was 
ignored.
node_modules/@mui/ico
ns-material/esm/Emoji
TransportationSharp.j
s (1:0): Module 
level directives 
cause errors when 
bundled, "use 
client" in "node_modu
les/@mui/icons-materi
al/esm/EmojiTransport
ationSharp.js" was 
ignored.
node_modules/@mui/ico
ns-material/esm/Energ
ySavingsLeaf.js 
(1:0): Module level 
directives cause 
errors when bundled, 
"use client" in "node
_modules/@mui/icons-m
aterial/esm/EnergySav
ingsLeaf.js" was 
ignored.
node_modules/@mui/ico
ns-material/esm/Emoji
TransportationTwoTone
.js (1:0): Module 
level directives 
cause errors when 
bundled, "use 
client" in "node_modu
les/@mui/icons-materi
al/esm/EmojiTransport
ationTwoTone.js" was 
ignored.
node_modules/@mui/ico
ns-material/esm/Energ
ySavingsLeafOutlined.
js (1:0): Module 
level directives 
cause errors when 
bundled, "use 
client" in "node_modu
les/@mui/icons-materi
al/esm/EnergySavingsL
eafOutlined.js" was 
ignored.
node_modules/@mui/ico
ns-material/esm/Emoji
FoodBeverageSharp.js 
(1:0): Module level 
directives cause 
errors when bundled, 
"use client" in "node
_modules/@mui/icons-m
aterial/esm/EmojiFood
BeverageSharp.js" 
was ignored.
node_modules/@mui/ico
ns-material/esm/Energ
ySavingsLeafSharp.js 
(1:0): Module level 
directives cause 
errors when bundled, 
"use client" in "node
_modules/@mui/icons-m
aterial/esm/EnergySav
ingsLeafSharp.js" 
was ignored.
node_modules/@mui/ico
ns-material/esm/Energ
ySavingsLeafRounded.j
s (1:0): Module 
level directives 
cause errors when 
bundled, "use 
client" in "node_modu
les/@mui/icons-materi
al/esm/EnergySavingsL
eafRounded.js" was 
ignored.
node_modules/@mui/ico
ns-material/esm/Energ
ySavingsLeafTwoTone.j
s (1:0): Module 
level directives 
cause errors when 
bundled, "use 
client" in "node_modu
les/@mui/icons-materi
al/esm/EnergySavingsL
eafTwoTone.js" was 
ignored.
node_modules/@mui/ico
ns-material/esm/Engin
eering.js (1:0): 
Module level 
directives cause 
errors when bundled, 
"use client" in "node
_modules/@mui/icons-m
aterial/esm/Engineeri
ng.js" was ignored.
node_modules/@mui/ico
ns-material/esm/Engin
eeringSharp.js 
(1:0): Module level 
directives cause 
errors when bundled, 
"use client" in "node
_modules/@mui/icons-m
aterial/esm/Engineeri
ngSharp.js" was 
ignored.
node_modules/@mui/ico
ns-material/esm/Engin
eeringOutlined.js 
(1:0): Module level 
directives cause 
errors when bundled, 
"use client" in "node
_modules/@mui/icons-m
aterial/esm/Engineeri
ngOutlined.js" was 
ignored.
node_modules/@mui/ico
ns-material/esm/Engin
eeringRounded.js 
(1:0): Module level 
directives cause 
errors when bundled, 
"use client" in "node
_modules/@mui/icons-m
aterial/esm/Engineeri
ngRounded.js" was 
ignored.
node_modules/@mui/ico
ns-material/esm/Engin
eeringTwoTone.js 
(1:0): Module level 
directives cause 
errors when bundled, 
"use client" in "node
_modules/@mui/icons-m
aterial/esm/Engineeri
ngTwoTone.js" was 
ignored.
node_modules/@mui/ico
ns-material/esm/Enhan
cedEncryption.js 
(1:0): Module level 
directives cause 
errors when bundled, 
"use client" in "node
_modules/@mui/icons-m
aterial/esm/EnhancedE
ncryption.js" was 
ignored.
node_modules/@mui/ico
ns-material/esm/Enhan
cedEncryptionRounded.
js (1:0): Module 
level directives 
cause errors when 
bundled, "use 
client" in "node_modu
les/@mui/icons-materi
al/esm/EnhancedEncryp
tionRounded.js" was 
ignored.
node_modules/@mui/ico
ns-material/esm/Enhan
cedEncryptionOutlined
.js (1:0): Module 
level directives 
cause errors when 
bundled, "use 
client" in "node_modu
les/@mui/icons-materi
al/esm/EnhancedEncryp
tionOutlined.js" was 
ignored.
node_modules/@mui/ico
ns-material/esm/Enhan
cedEncryptionTwoTone.
js (1:0): Module 
level directives 
cause errors when 
bundled, "use 
client" in "node_modu
les/@mui/icons-materi
al/esm/EnhancedEncryp
tionTwoTone.js" was 
ignored.
node_modules/@mui/ico
ns-material/esm/Enhan
cedEncryptionSharp.js
 (1:0): Module level 
directives cause 
errors when bundled, 
"use client" in "node
_modules/@mui/icons-m
aterial/esm/EnhancedE
ncryptionSharp.js" 
was ignored.
node_modules/@mui/ico
ns-material/esm/Equal
izer.js (1:0): 
Module level 
directives cause 
errors when bundled, 
"use client" in "node
_modules/@mui/icons-m
aterial/esm/Equalizer
.js" was ignored.
node_modules/@mui/ico
ns-material/esm/Equal
izerOutlined.js 
(1:0): Module level 
directives cause 
errors when bundled, 
"use client" in "node
_modules/@mui/icons-m
aterial/esm/Equalizer
Outlined.js" was 
ignored.
node_modules/@mui/ico
ns-material/esm/Emoji
Nature.js (1:0): 
Module level 
directives cause 
errors when bundled, 
"use client" in "node
_modules/@mui/icons-m
aterial/esm/EmojiNatu
re.js" was ignored.
node_modules/@mui/ico
ns-material/esm/Equal
izerTwoTone.js 
(1:0): Module level 
directives cause 
errors when bundled, 
"use client" in "node
_modules/@mui/icons-m
aterial/esm/Equalizer
TwoTone.js" was 
ignored.
node_modules/@mui/ico
ns-material/esm/Equal
izerRounded.js 
(1:0): Module level 
directives cause 
errors when bundled, 
"use client" in "node
_modules/@mui/icons-m
aterial/esm/Equalizer
Rounded.js" was 
ignored.
node_modules/@mui/ico
ns-material/esm/Equal
izerSharp.js (1:0): 
Module level 
directives cause 
errors when bundled, 
"use client" in "node
_modules/@mui/icons-m
aterial/esm/Equalizer
Sharp.js" was 
ignored.
node_modules/@mui/ico
ns-material/esm/Error
Outline.js (1:0): 
Module level 
directives cause 
errors when bundled, 
"use client" in "node
_modules/@mui/icons-m
aterial/esm/ErrorOutl
ine.js" was ignored.
node_modules/@mui/ico
ns-material/esm/Error
.js (1:0): Module 
level directives 
cause errors when 
bundled, "use 
client" in "node_modu
les/@mui/icons-materi
al/esm/Error.js" was 
ignored.
node_modules/@mui/ico
ns-material/esm/Error
OutlineOutlined.js 
(1:0): Module level 
directives cause 
errors when bundled, 
"use client" in "node
_modules/@mui/icons-m
aterial/esm/ErrorOutl
ineOutlined.js" was 
ignored.
node_modules/@mui/ico
ns-material/esm/Error
OutlineRounded.js 
(1:0): Module level 
directives cause 
errors when bundled, 
"use client" in "node
_modules/@mui/icons-m
aterial/esm/ErrorOutl
ineRounded.js" was 
ignored.
node_modules/@mui/ico
ns-material/esm/Error
OutlineSharp.js 
(1:0): Module level 
directives cause 
errors when bundled, 
"use client" in "node
_modules/@mui/icons-m
aterial/esm/ErrorOutl
ineSharp.js" was 
ignored.
node_modules/@mui/ico
ns-material/esm/Error
OutlineTwoTone.js 
(1:0): Module level 
directives cause 
errors when bundled, 
"use client" in "node
_modules/@mui/icons-m
aterial/esm/ErrorOutl
ineTwoTone.js" was 
ignored.
node_modules/@mui/ico
ns-material/esm/Error
Outlined.js (1:0): 
Module level 
directives cause 
errors when bundled, 
"use client" in "node
_modules/@mui/icons-m
aterial/esm/ErrorOutl
ined.js" was ignored.
node_modules/@mui/ico
ns-material/esm/Error
Sharp.js (1:0): 
Module level 
directives cause 
errors when bundled, 
"use client" in "node
_modules/@mui/icons-m
aterial/esm/ErrorShar
p.js" was ignored.
node_modules/@mui/ico
ns-material/esm/Error
Rounded.js (1:0): 
Module level 
directives cause 
errors when bundled, 
"use client" in "node
_modules/@mui/icons-m
aterial/esm/ErrorRoun
ded.js" was ignored.
node_modules/@mui/ico
ns-material/esm/Escal
ator.js (1:0): 
Module level 
directives cause 
errors when bundled, 
"use client" in "node
_modules/@mui/icons-m
aterial/esm/Escalator
.js" was ignored.
node_modules/@mui/ico
ns-material/esm/Escal
atorOutlined.js 
(1:0): Module level 
directives cause 
errors when bundled, 
"use client" in "node
_modules/@mui/icons-m
aterial/esm/Escalator
Outlined.js" was 
ignored.
node_modules/@mui/ico
ns-material/esm/Escal
atorSharp.js (1:0): 
Module level 
directives cause 
errors when bundled, 
"use client" in "node
_modules/@mui/icons-m
aterial/esm/Escalator
Sharp.js" was 
ignored.
node_modules/@mui/ico
ns-material/esm/Error
TwoTone.js (1:0): 
Module level 
directives cause 
errors when bundled, 
"use client" in "node
_modules/@mui/icons-m
aterial/esm/ErrorTwoT
one.js" was ignored.
node_modules/@mui/ico
ns-material/esm/Escal
atorTwoTone.js 
(1:0): Module level 
directives cause 
errors when bundled, 
"use client" in "node
_modules/@mui/icons-m
aterial/esm/Escalator
TwoTone.js" was 
ignored.
node_modules/@mui/ico
ns-material/esm/Escal
atorRounded.js 
(1:0): Module level 
directives cause 
errors when bundled, 
"use client" in "node
_modules/@mui/icons-m
aterial/esm/Escalator
Rounded.js" was 
ignored.
node_modules/@mui/ico
ns-material/esm/Escal
atorWarningOutlined.j
s (1:0): Module 
level directives 
cause errors when 
bundled, "use 
client" in "node_modu
les/@mui/icons-materi
al/esm/EscalatorWarni
ngOutlined.js" was 
ignored.
node_modules/@mui/ico
ns-material/esm/Escal
atorWarning.js 
(1:0): Module level 
directives cause 
errors when bundled, 
"use client" in "node
_modules/@mui/icons-m
aterial/esm/Escalator
Warning.js" was 
ignored.
node_modules/@mui/ico
ns-material/esm/Escal
atorWarningRounded.js
 (1:0): Module level 
directives cause 
errors when bundled, 
"use client" in "node
_modules/@mui/icons-m
aterial/esm/Escalator
WarningRounded.js" 
was ignored.
node_modules/@mui/ico
ns-material/esm/Escal
atorWarningTwoTone.js
 (1:0): Module level 
directives cause 
errors when bundled, 
"use client" in "node
_modules/@mui/icons-m
aterial/esm/Escalator
WarningTwoTone.js" 
was ignored.
node_modules/@mui/ico
ns-material/esm/Euro.
js (1:0): Module 
level directives 
cause errors when 
bundled, "use 
client" in "node_modu
les/@mui/icons-materi
al/esm/Euro.js" was 
ignored.
node_modules/@mui/ico
ns-material/esm/Escal
atorWarningSharp.js 
(1:0): Module level 
directives cause 
errors when bundled, 
"use client" in "node
_modules/@mui/icons-m
aterial/esm/Escalator
WarningSharp.js" was 
ignored.
node_modules/@mui/ico
ns-material/esm/EuroO
utlined.js (1:0): 
Module level 
directives cause 
errors when bundled, 
"use client" in "node
_modules/@mui/icons-m
aterial/esm/EuroOutli
ned.js" was ignored.
node_modules/@mui/ico
ns-material/esm/EuroR
ounded.js (1:0): 
Module level 
directives cause 
errors when bundled, 
"use client" in "node
_modules/@mui/icons-m
aterial/esm/EuroRound
ed.js" was ignored.
node_modules/@mui/ico
ns-material/esm/EuroS
harp.js (1:0): 
Module level 
directives cause 
errors when bundled, 
"use client" in "node
_modules/@mui/icons-m
aterial/esm/EuroSharp
.js" was ignored.
node_modules/@mui/ico
ns-material/esm/EuroS
ymbol.js (1:0): 
Module level 
directives cause 
errors when bundled, 
"use client" in "node
_modules/@mui/icons-m
aterial/esm/EuroSymbo
l.js" was ignored.
node_modules/@mui/ico
ns-material/esm/EuroS
ymbolOutlined.js 
(1:0): Module level 
directives cause 
errors when bundled, 
"use client" in "node
_modules/@mui/icons-m
aterial/esm/EuroSymbo
lOutlined.js" was 
ignored.
node_modules/@mui/ico
ns-material/esm/EuroS
ymbolSharp.js (1:0): 
Module level 
directives cause 
errors when bundled, 
"use client" in "node
_modules/@mui/icons-m
aterial/esm/EuroSymbo
lSharp.js" was 
ignored.
node_modules/@mui/ico
ns-material/esm/EuroS
ymbolRounded.js 
(1:0): Module level 
directives cause 
errors when bundled, 
"use client" in "node
_modules/@mui/icons-m
aterial/esm/EuroSymbo
lRounded.js" was 
ignored.
node_modules/@mui/ico
ns-material/esm/EuroT
woTone.js (1:0): 
Module level 
directives cause 
errors when bundled, 
"use client" in "node
_modules/@mui/icons-m
aterial/esm/EuroTwoTo
ne.js" was ignored.
node_modules/@mui/ico
ns-material/esm/EuroS
ymbolTwoTone.js 
(1:0): Module level 
directives cause 
errors when bundled, 
"use client" in "node
_modules/@mui/icons-m
aterial/esm/EuroSymbo
lTwoTone.js" was 
ignored.
node_modules/@mui/ico
ns-material/esm/EvSta
tion.js (1:0): 
Module level 
directives cause 
errors when bundled, 
"use client" in "node
_modules/@mui/icons-m
aterial/esm/EvStation
.js" was ignored.
node_modules/@mui/ico
ns-material/esm/EvSta
tionOutlined.js 
(1:0): Module level 
directives cause 
errors when bundled, 
"use client" in "node
_modules/@mui/icons-m
aterial/esm/EvStation
Outlined.js" was 
ignored.
node_modules/@mui/ico
ns-material/esm/EvSta
tionSharp.js (1:0): 
Module level 
directives cause 
errors when bundled, 
"use client" in "node
_modules/@mui/icons-m
aterial/esm/EvStation
Sharp.js" was 
ignored.
node_modules/@mui/ico
ns-material/esm/EvSta
tionRounded.js 
(1:0): Module level 
directives cause 
errors when bundled, 
"use client" in "node
_modules/@mui/icons-m
aterial/esm/EvStation
Rounded.js" was 
ignored.
node_modules/@mui/ico
ns-material/esm/EvSta
tionTwoTone.js 
(1:0): Module level 
directives cause 
errors when bundled, 
"use client" in "node
_modules/@mui/icons-m
aterial/esm/EvStation
TwoTone.js" was 
ignored.
node_modules/@mui/ico
ns-material/esm/Event
.js (1:0): Module 
level directives 
cause errors when 
bundled, "use 
client" in "node_modu
les/@mui/icons-materi
al/esm/Event.js" was 
ignored.
node_modules/@mui/ico
ns-material/esm/Event
AvailableOutlined.js 
(1:0): Module level 
directives cause 
errors when bundled, 
"use client" in "node
_modules/@mui/icons-m
aterial/esm/EventAvai
lableOutlined.js" 
was ignored.
node_modules/@mui/ico
ns-material/esm/Event
Available.js (1:0): 
Module level 
directives cause 
errors when bundled, 
"use client" in "node
_modules/@mui/icons-m
aterial/esm/EventAvai
lable.js" was 
ignored.
node_modules/@mui/ico
ns-material/esm/Event
AvailableRounded.js 
(1:0): Module level 
directives cause 
errors when bundled, 
"use client" in "node
_modules/@mui/icons-m
aterial/esm/EventAvai
lableRounded.js" was 
ignored.
node_modules/@mui/ico
ns-material/esm/Event
AvailableSharp.js 
(1:0): Module level 
directives cause 
errors when bundled, 
"use client" in "node
_modules/@mui/icons-m
aterial/esm/EventAvai
lableSharp.js" was 
ignored.
node_modules/@mui/ico
ns-material/esm/Event
Busy.js (1:0): 
Module level 
directives cause 
errors when bundled, 
"use client" in "node
_modules/@mui/icons-m
aterial/esm/EventBusy
.js" was ignored.
node_modules/@mui/ico
ns-material/esm/Event
BusyOutlined.js 
(1:0): Module level 
directives cause 
errors when bundled, 
"use client" in "node
_modules/@mui/icons-m
aterial/esm/EventBusy
Outlined.js" was 
ignored.
node_modules/@mui/ico
ns-material/esm/Event
BusyRounded.js 
(1:0): Module level 
directives cause 
errors when bundled, 
"use client" in "node
_modules/@mui/icons-m
aterial/esm/EventBusy
Rounded.js" was 
ignored.
node_modules/@mui/ico
ns-material/esm/Event
AvailableTwoTone.js 
(1:0): Module level 
directives cause 
errors when bundled, 
"use client" in "node
_modules/@mui/icons-m
aterial/esm/EventAvai
lableTwoTone.js" was 
ignored.
node_modules/@mui/ico
ns-material/esm/Event
BusySharp.js (1:0): 
Module level 
directives cause 
errors when bundled, 
"use client" in "node
_modules/@mui/icons-m
aterial/esm/EventBusy
Sharp.js" was 
ignored.
node_modules/@mui/ico
ns-material/esm/Event
BusyTwoTone.js 
(1:0): Module level 
directives cause 
errors when bundled, 
"use client" in "node
_modules/@mui/icons-m
aterial/esm/EventBusy
TwoTone.js" was 
ignored.
node_modules/@mui/ico
ns-material/esm/Event
Note.js (1:0): 
Module level 
directives cause 
errors when bundled, 
"use client" in "node
_modules/@mui/icons-m
aterial/esm/EventNote
.js" was ignored.
node_modules/@mui/ico
ns-material/esm/Event
NoteOutlined.js 
(1:0): Module level 
directives cause 
errors when bundled, 
"use client" in "node
_modules/@mui/icons-m
aterial/esm/EventNote
Outlined.js" was 
ignored.
node_modules/@mui/ico
ns-material/esm/Event
NoteRounded.js 
(1:0): Module level 
directives cause 
errors when bundled, 
"use client" in "node
_modules/@mui/icons-m
aterial/esm/EventNote
Rounded.js" was 
ignored.
node_modules/@mui/ico
ns-material/esm/Event
NoteSharp.js (1:0): 
Module level 
directives cause 
errors when bundled, 
"use client" in "node
_modules/@mui/icons-m
aterial/esm/EventNote
Sharp.js" was 
ignored.
node_modules/@mui/ico
ns-material/esm/Event
NoteTwoTone.js 
(1:0): Module level 
directives cause 
errors when bundled, 
"use client" in "node
_modules/@mui/icons-m
aterial/esm/EventNote
TwoTone.js" was 
ignored.
node_modules/@mui/ico
ns-material/esm/Event
Outlined.js (1:0): 
Module level 
directives cause 
errors when bundled, 
"use client" in "node
_modules/@mui/icons-m
aterial/esm/EventOutl
ined.js" was ignored.
node_modules/@mui/ico
ns-material/esm/Event
Repeat.js (1:0): 
Module level 
directives cause 
errors when bundled, 
"use client" in "node
_modules/@mui/icons-m
aterial/esm/EventRepe
at.js" was ignored.
node_modules/@mui/ico
ns-material/esm/Event
RepeatOutlined.js 
(1:0): Module level 
directives cause 
errors when bundled, 
"use client" in "node
_modules/@mui/icons-m
aterial/esm/EventRepe
atOutlined.js" was 
ignored.
node_modules/@mui/ico
ns-material/esm/Event
RepeatRounded.js 
(1:0): Module level 
directives cause 
errors when bundled, 
"use client" in "node
_modules/@mui/icons-m
aterial/esm/EventRepe
atRounded.js" was 
ignored.
node_modules/@mui/ico
ns-material/esm/Event
RepeatSharp.js 
(1:0): Module level 
directives cause 
errors when bundled, 
"use client" in "node
_modules/@mui/icons-m
aterial/esm/EventRepe
atSharp.js" was 
ignored.
node_modules/@mui/ico
ns-material/esm/Event
Rounded.js (1:0): 
Module level 
directives cause 
errors when bundled, 
"use client" in "node
_modules/@mui/icons-m
aterial/esm/EventRoun
ded.js" was ignored.
node_modules/@mui/ico
ns-material/esm/Event
RepeatTwoTone.js 
(1:0): Module level 
directives cause 
errors when bundled, 
"use client" in "node
_modules/@mui/icons-m
aterial/esm/EventRepe
atTwoTone.js" was 
ignored.
node_modules/@mui/ico
ns-material/esm/Event
Seat.js (1:0): 
Module level 
directives cause 
errors when bundled, 
"use client" in "node
_modules/@mui/icons-m
aterial/esm/EventSeat
.js" was ignored.
node_modules/@mui/ico
ns-material/esm/Event
SeatOutlined.js 
(1:0): Module level 
directives cause 
errors when bundled, 
"use client" in "node
_modules/@mui/icons-m
aterial/esm/EventSeat
Outlined.js" was 
ignored.
node_modules/@mui/ico
ns-material/esm/Event
SeatRounded.js 
(1:0): Module level 
directives cause 
errors when bundled, 
"use client" in "node
_modules/@mui/icons-m
aterial/esm/EventSeat
Rounded.js" was 
ignored.
node_modules/@mui/ico
ns-material/esm/Event
SeatTwoTone.js 
(1:0): Module level 
directives cause 
errors when bundled, 
"use client" in "node
_modules/@mui/icons-m
aterial/esm/EventSeat
TwoTone.js" was 
ignored.
node_modules/@mui/ico
ns-material/esm/Event
Sharp.js (1:0): 
Module level 
directives cause 
errors when bundled, 
"use client" in "node
_modules/@mui/icons-m
aterial/esm/EventShar
p.js" was ignored.
node_modules/@mui/ico
ns-material/esm/Event
SeatSharp.js (1:0): 
Module level 
directives cause 
errors when bundled, 
"use client" in "node
_modules/@mui/icons-m
aterial/esm/EventSeat
Sharp.js" was 
ignored.
node_modules/@mui/ico
ns-material/esm/Event
TwoTone.js (1:0): 
Module level 
directives cause 
errors when bundled, 
"use client" in "node
_modules/@mui/icons-m
aterial/esm/EventTwoT
one.js" was ignored.
node_modules/@mui/ico
ns-material/esm/ExitT
oApp.js (1:0): 
Module level 
directives cause 
errors when bundled, 
"use client" in "node
_modules/@mui/icons-m
aterial/esm/ExitToApp
.js" was ignored.
node_modules/@mui/ico
ns-material/esm/ExitT
oAppOutlined.js 
(1:0): Module level 
directives cause 
errors when bundled, 
"use client" in "node
_modules/@mui/icons-m
aterial/esm/ExitToApp
Outlined.js" was 
ignored.
node_modules/@mui/ico
ns-material/esm/ExitT
oAppRounded.js 
(1:0): Module level 
directives cause 
errors when bundled, 
"use client" in "node
_modules/@mui/icons-m
aterial/esm/ExitToApp
Rounded.js" was 
ignored.
node_modules/@mui/ico
ns-material/esm/ExitT
oAppSharp.js (1:0): 
Module level 
directives cause 
errors when bundled, 
"use client" in "node
_modules/@mui/icons-m
aterial/esm/ExitToApp
Sharp.js" was 
ignored.
node_modules/@mui/ico
ns-material/esm/ExitT
oAppTwoTone.js 
(1:0): Module level 
directives cause 
errors when bundled, 
"use client" in "node
_modules/@mui/icons-m
aterial/esm/ExitToApp
TwoTone.js" was 
ignored.
node_modules/@mui/ico
ns-material/esm/Expan
d.js (1:0): Module 
level directives 
cause errors when 
bundled, "use 
client" in "node_modu
les/@mui/icons-materi
al/esm/Expand.js" 
was ignored.
node_modules/@mui/ico
ns-material/esm/Expan
dCircleDown.js 
(1:0): Module level 
directives cause 
errors when bundled, 
"use client" in "node
_modules/@mui/icons-m
aterial/esm/ExpandCir
cleDown.js" was 
ignored.
node_modules/@mui/ico
ns-material/esm/Expan
dCircleDownOutlined.j
s (1:0): Module 
level directives 
cause errors when 
bundled, "use 
client" in "node_modu
les/@mui/icons-materi
al/esm/ExpandCircleDo
wnOutlined.js" was 
ignored.
node_modules/@mui/ico
ns-material/esm/Expan
dCircleDownRounded.js
 (1:0): Module level 
directives cause 
errors when bundled, 
"use client" in "node
_modules/@mui/icons-m
aterial/esm/ExpandCir
cleDownRounded.js" 
was ignored.
node_modules/@mui/ico
ns-material/esm/Expan
dCircleDownSharp.js 
(1:0): Module level 
directives cause 
errors when bundled, 
"use client" in "node
_modules/@mui/icons-m
aterial/esm/ExpandCir
cleDownSharp.js" was 
ignored.
node_modules/@mui/ico
ns-material/esm/Expan
dLess.js (1:0): 
Module level 
directives cause 
errors when bundled, 
"use client" in "node
_modules/@mui/icons-m
aterial/esm/ExpandLes
s.js" was ignored.
node_modules/@mui/ico
ns-material/esm/Expan
dLessOutlined.js 
(1:0): Module level 
directives cause 
errors when bundled, 
"use client" in "node
_modules/@mui/icons-m
aterial/esm/ExpandLes
sOutlined.js" was 
ignored.
node_modules/@mui/ico
ns-material/esm/Expan
dCircleDownTwoTone.js
 (1:0): Module level 
directives cause 
errors when bundled, 
"use client" in "node
_modules/@mui/icons-m
aterial/esm/ExpandCir
cleDownTwoTone.js" 
was ignored.
node_modules/@mui/ico
ns-material/esm/Expan
dLessRounded.js 
(1:0): Module level 
directives cause 
errors when bundled, 
"use client" in "node
_modules/@mui/icons-m
aterial/esm/ExpandLes
sRounded.js" was 
ignored.
node_modules/@mui/ico
ns-material/esm/Expan
dLessSharp.js (1:0): 
Module level 
directives cause 
errors when bundled, 
"use client" in "node
_modules/@mui/icons-m
aterial/esm/ExpandLes
sSharp.js" was 
ignored.
node_modules/@mui/ico
ns-material/esm/Expan
dLessTwoTone.js 
(1:0): Module level 
directives cause 
errors when bundled, 
"use client" in "node
_modules/@mui/icons-m
aterial/esm/ExpandLes
sTwoTone.js" was 
ignored.
node_modules/@mui/ico
ns-material/esm/Expan
dMoreOutlined.js 
(1:0): Module level 
directives cause 
errors when bundled, 
"use client" in "node
_modules/@mui/icons-m
aterial/esm/ExpandMor
eOutlined.js" was 
ignored.
node_modules/@mui/ico
ns-material/esm/Expan
dMoreRounded.js 
(1:0): Module level 
directives cause 
errors when bundled, 
"use client" in "node
_modules/@mui/icons-m
aterial/esm/ExpandMor
eRounded.js" was 
ignored.
node_modules/@mui/ico
ns-material/esm/Expan
dMore.js (1:0): 
Module level 
directives cause 
errors when bundled, 
"use client" in "node
_modules/@mui/icons-m
aterial/esm/ExpandMor
e.js" was ignored.
node_modules/@mui/ico
ns-material/esm/Expan
dMoreSharp.js (1:0): 
Module level 
directives cause 
errors when bundled, 
"use client" in "node
_modules/@mui/icons-m
aterial/esm/ExpandMor
eSharp.js" was 
ignored.
node_modules/@mui/ico
ns-material/esm/Expan
dMoreTwoTone.js 
(1:0): Module level 
directives cause 
errors when bundled, 
"use client" in "node
_modules/@mui/icons-m
aterial/esm/ExpandMor
eTwoTone.js" was 
ignored.
node_modules/@mui/ico
ns-material/esm/Expan
dOutlined.js (1:0): 
Module level 
directives cause 
errors when bundled, 
"use client" in "node
_modules/@mui/icons-m
aterial/esm/ExpandOut
lined.js" was 
ignored.
node_modules/@mui/ico
ns-material/esm/Expan
dRounded.js (1:0): 
Module level 
directives cause 
errors when bundled, 
"use client" in "node
_modules/@mui/icons-m
aterial/esm/ExpandRou
nded.js" was ignored.
node_modules/@mui/ico
ns-material/esm/Expan
dSharp.js (1:0): 
Module level 
directives cause 
errors when bundled, 
"use client" in "node
_modules/@mui/icons-m
aterial/esm/ExpandSha
rp.js" was ignored.
node_modules/@mui/ico
ns-material/esm/Expan
dTwoTone.js (1:0): 
Module level 
directives cause 
errors when bundled, 
"use client" in "node
_modules/@mui/icons-m
aterial/esm/ExpandTwo
Tone.js" was ignored.
node_modules/@mui/ico
ns-material/esm/Expli
cit.js (1:0): Module 
level directives 
cause errors when 
bundled, "use 
client" in "node_modu
les/@mui/icons-materi
al/esm/Explicit.js" 
was ignored.
node_modules/@mui/ico
ns-material/esm/Expli
citOutlined.js 
(1:0): Module level 
directives cause 
errors when bundled, 
"use client" in "node
_modules/@mui/icons-m
aterial/esm/ExplicitO
utlined.js" was 
ignored.
node_modules/@mui/ico
ns-material/esm/Expli
citRounded.js (1:0): 
Module level 
directives cause 
errors when bundled, 
"use client" in "node
_modules/@mui/icons-m
aterial/esm/ExplicitR
ounded.js" was 
ignored.
node_modules/@mui/ico
ns-material/esm/Expli
citTwoTone.js (1:0): 
Module level 
directives cause 
errors when bundled, 
"use client" in "node
_modules/@mui/icons-m
aterial/esm/ExplicitT
woTone.js" was 
ignored.
node_modules/@mui/ico
ns-material/esm/Explo
re.js (1:0): Module 
level directives 
cause errors when 
bundled, "use 
client" in "node_modu
les/@mui/icons-materi
al/esm/Explore.js" 
was ignored.
node_modules/@mui/ico
ns-material/esm/Explo
reOff.js (1:0): 
Module level 
directives cause 
errors when bundled, 
"use client" in "node
_modules/@mui/icons-m
aterial/esm/ExploreOf
f.js" was ignored.
node_modules/@mui/ico
ns-material/esm/Explo
reOffOutlined.js 
(1:0): Module level 
directives cause 
errors when bundled, 
"use client" in "node
_modules/@mui/icons-m
aterial/esm/ExploreOf
fOutlined.js" was 
ignored.
node_modules/@mui/ico
ns-material/esm/Expli
citSharp.js (1:0): 
Module level 
directives cause 
errors when bundled, 
"use client" in "node
_modules/@mui/icons-m
aterial/esm/ExplicitS
harp.js" was ignored.
node_modules/@mui/ico
ns-material/esm/Explo
reOffRounded.js 
(1:0): Module level 
directives cause 
errors when bundled, 
"use client" in "node
_modules/@mui/icons-m
aterial/esm/ExploreOf
fRounded.js" was 
ignored.
node_modules/@mui/ico
ns-material/esm/Explo
reOffSharp.js (1:0): 
Module level 
directives cause 
errors when bundled, 
"use client" in "node
_modules/@mui/icons-m
aterial/esm/ExploreOf
fSharp.js" was 
ignored.
node_modules/@mui/ico
ns-material/esm/Explo
reOffTwoTone.js 
(1:0): Module level 
directives cause 
errors when bundled, 
"use client" in "node
_modules/@mui/icons-m
aterial/esm/ExploreOf
fTwoTone.js" was 
ignored.
node_modules/@mui/ico
ns-material/esm/Explo
reOutlined.js (1:0): 
Module level 
directives cause 
errors when bundled, 
"use client" in "node
_modules/@mui/icons-m
aterial/esm/ExploreOu
tlined.js" was 
ignored.
node_modules/@mui/ico
ns-material/esm/Explo
reRounded.js (1:0): 
Module level 
directives cause 
errors when bundled, 
"use client" in "node
_modules/@mui/icons-m
aterial/esm/ExploreRo
unded.js" was 
ignored.
node_modules/@mui/ico
ns-material/esm/Explo
reSharp.js (1:0): 
Module level 
directives cause 
errors when bundled, 
"use client" in "node
_modules/@mui/icons-m
aterial/esm/ExploreSh
arp.js" was ignored.
node_modules/@mui/ico
ns-material/esm/Expos
ure.js (1:0): Module 
level directives 
cause errors when 
bundled, "use 
client" in "node_modu
les/@mui/icons-materi
al/esm/Exposure.js" 
was ignored.
node_modules/@mui/ico
ns-material/esm/Explo
reTwoTone.js (1:0): 
Module level 
directives cause 
errors when bundled, 
"use client" in "node
_modules/@mui/icons-m
aterial/esm/ExploreTw
oTone.js" was 
ignored.
node_modules/@mui/ico
ns-material/esm/Expos
ureOutlined.js 
(1:0): Module level 
directives cause 
errors when bundled, 
"use client" in "node
_modules/@mui/icons-m
aterial/esm/ExposureO
utlined.js" was 
ignored.
node_modules/@mui/ico
ns-material/esm/Expos
ureRounded.js (1:0): 
Module level 
directives cause 
errors when bundled, 
"use client" in "node
_modules/@mui/icons-m
aterial/esm/ExposureR
ounded.js" was 
ignored.
node_modules/@mui/ico
ns-material/esm/Expos
ureSharp.js (1:0): 
Module level 
directives cause 
errors when bundled, 
"use client" in "node
_modules/@mui/icons-m
aterial/esm/ExposureS
harp.js" was ignored.
node_modules/@mui/ico
ns-material/esm/Exten
sion.js (1:0): 
Module level 
directives cause 
errors when bundled, 
"use client" in "node
_modules/@mui/icons-m
aterial/esm/Extension
.js" was ignored.
node_modules/@mui/ico
ns-material/esm/Expos
ureTwoTone.js (1:0): 
Module level 
directives cause 
errors when bundled, 
"use client" in "node
_modules/@mui/icons-m
aterial/esm/ExposureT
woTone.js" was 
ignored.
node_modules/@mui/ico
ns-material/esm/Exten
sionOff.js (1:0): 
Module level 
directives cause 
errors when bundled, 
"use client" in "node
_modules/@mui/icons-m
aterial/esm/Extension
Off.js" was ignored.
node_modules/@mui/ico
ns-material/esm/Exten
sionOffOutlined.js 
(1:0): Module level 
directives cause 
errors when bundled, 
"use client" in "node
_modules/@mui/icons-m
aterial/esm/Extension
OffOutlined.js" was 
ignored.
node_modules/@mui/ico
ns-material/esm/Exten
sionOffRounded.js 
(1:0): Module level 
directives cause 
errors when bundled, 
"use client" in "node
_modules/@mui/icons-m
aterial/esm/Extension
OffRounded.js" was 
ignored.
node_modules/@mui/ico
ns-material/esm/Exten
sionOffSharp.js 
(1:0): Module level 
directives cause 
errors when bundled, 
"use client" in "node
_modules/@mui/icons-m
aterial/esm/Extension
OffSharp.js" was 
ignored.
node_modules/@mui/ico
ns-material/esm/Exten
sionOutlined.js 
(1:0): Module level 
directives cause 
errors when bundled, 
"use client" in "node
_modules/@mui/icons-m
aterial/esm/Extension
Outlined.js" was 
ignored.
node_modules/@mui/ico
ns-material/esm/Exten
sionOffTwoTone.js 
(1:0): Module level 
directives cause 
errors when bundled, 
"use client" in "node
_modules/@mui/icons-m
aterial/esm/Extension
OffTwoTone.js" was 
ignored.
node_modules/@mui/ico
ns-material/esm/Exten
sionRounded.js 
(1:0): Module level 
directives cause 
errors when bundled, 
"use client" in "node
_modules/@mui/icons-m
aterial/esm/Extension
Rounded.js" was 
ignored.
node_modules/@mui/ico
ns-material/esm/Exten
sionSharp.js (1:0): 
Module level 
directives cause 
errors when bundled, 
"use client" in "node
_modules/@mui/icons-m
aterial/esm/Extension
Sharp.js" was 
ignored.
node_modules/@mui/ico
ns-material/esm/Face.
js (1:0): Module 
level directives 
cause errors when 
bundled, "use 
client" in "node_modu
les/@mui/icons-materi
al/esm/Face.js" was 
ignored.
node_modules/@mui/ico
ns-material/esm/Exten
sionTwoTone.js 
(1:0): Module level 
directives cause 
errors when bundled, 
"use client" in "node
_modules/@mui/icons-m
aterial/esm/Extension
TwoTone.js" was 
ignored.
node_modules/@mui/ico
ns-material/esm/Face2
.js (1:0): Module 
level directives 
cause errors when 
bundled, "use 
client" in "node_modu
les/@mui/icons-materi
al/esm/Face2.js" was 
ignored.
node_modules/@mui/ico
ns-material/esm/Face2
Outlined.js (1:0): 
Module level 
directives cause 
errors when bundled, 
"use client" in "node
_modules/@mui/icons-m
aterial/esm/Face2Outl
ined.js" was ignored.
node_modules/@mui/ico
ns-material/esm/Face2
Rounded.js (1:0): 
Module level 
directives cause 
errors when bundled, 
"use client" in "node
_modules/@mui/icons-m
aterial/esm/Face2Roun
ded.js" was ignored.
node_modules/@mui/ico
ns-material/esm/Face2
Sharp.js (1:0): 
Module level 
directives cause 
errors when bundled, 
"use client" in "node
_modules/@mui/icons-m
aterial/esm/Face2Shar
p.js" was ignored.
node_modules/@mui/ico
ns-material/esm/Face2
TwoTone.js (1:0): 
Module level 
directives cause 
errors when bundled, 
"use client" in "node
_modules/@mui/icons-m
aterial/esm/Face2TwoT
one.js" was ignored.
node_modules/@mui/ico
ns-material/esm/Face3
.js (1:0): Module 
level directives 
cause errors when 
bundled, "use 
client" in "node_modu
les/@mui/icons-materi
al/esm/Face3.js" was 
ignored.
node_modules/@mui/ico
ns-material/esm/Face3
Outlined.js (1:0): 
Module level 
directives cause 
errors when bundled, 
"use client" in "node
_modules/@mui/icons-m
aterial/esm/Face3Outl
ined.js" was ignored.
node_modules/@mui/ico
ns-material/esm/Face3
Rounded.js (1:0): 
Module level 
directives cause 
errors when bundled, 
"use client" in "node
_modules/@mui/icons-m
aterial/esm/Face3Roun
ded.js" was ignored.
node_modules/@mui/ico
ns-material/esm/Face3
Sharp.js (1:0): 
Module level 
directives cause 
errors when bundled, 
"use client" in "node
_modules/@mui/icons-m
aterial/esm/Face3Shar
p.js" was ignored.
node_modules/@mui/ico
ns-material/esm/Face4
.js (1:0): Module 
level directives 
cause errors when 
bundled, "use 
client" in "node_modu
les/@mui/icons-materi
al/esm/Face4.js" was 
ignored.
node_modules/@mui/ico
ns-material/esm/Face4
Outlined.js (1:0): 
Module level 
directives cause 
errors when bundled, 
"use client" in "node
_modules/@mui/icons-m
aterial/esm/Face4Outl
ined.js" was ignored.
node_modules/@mui/ico
ns-material/esm/Face4
Rounded.js (1:0): 
Module level 
directives cause 
errors when bundled, 
"use client" in "node
_modules/@mui/icons-m
aterial/esm/Face4Roun
ded.js" was ignored.
node_modules/@mui/ico
ns-material/esm/Face3
TwoTone.js (1:0): 
Module level 
directives cause 
errors when bundled, 
"use client" in "node
_modules/@mui/icons-m
aterial/esm/Face3TwoT
one.js" was ignored.
node_modules/@mui/ico
ns-material/esm/Face4
Sharp.js (1:0): 
Module level 
directives cause 
errors when bundled, 
"use client" in "node
_modules/@mui/icons-m
aterial/esm/Face4Shar
p.js" was ignored.
node_modules/@mui/ico
ns-material/esm/Face4
TwoTone.js (1:0): 
Module level 
directives cause 
errors when bundled, 
"use client" in "node
_modules/@mui/icons-m
aterial/esm/Face4TwoT
one.js" was ignored.
node_modules/@mui/ico
ns-material/esm/Face5
.js (1:0): Module 
level directives 
cause errors when 
bundled, "use 
client" in "node_modu
les/@mui/icons-materi
al/esm/Face5.js" was 
ignored.
node_modules/@mui/ico
ns-material/esm/Face5
Rounded.js (1:0): 
Module level 
directives cause 
errors when bundled, 
"use client" in "node
_modules/@mui/icons-m
aterial/esm/Face5Roun
ded.js" was ignored.
node_modules/@mui/ico
ns-material/esm/Face5
Outlined.js (1:0): 
Module level 
directives cause 
errors when bundled, 
"use client" in "node
_modules/@mui/icons-m
aterial/esm/Face5Outl
ined.js" was ignored.
node_modules/@mui/ico
ns-material/esm/Face5
Sharp.js (1:0): 
Module level 
directives cause 
errors when bundled, 
"use client" in "node
_modules/@mui/icons-m
aterial/esm/Face5Shar
p.js" was ignored.
node_modules/@mui/ico
ns-material/esm/Face5
TwoTone.js (1:0): 
Module level 
directives cause 
errors when bundled, 
"use client" in "node
_modules/@mui/icons-m
aterial/esm/Face5TwoT
one.js" was ignored.
node_modules/@mui/ico
ns-material/esm/Face6
.js (1:0): Module 
level directives 
cause errors when 
bundled, "use 
client" in "node_modu
les/@mui/icons-materi
al/esm/Face6.js" was 
ignored.
node_modules/@mui/ico
ns-material/esm/Face6
Outlined.js (1:0): 
Module level 
directives cause 
errors when bundled, 
"use client" in "node
_modules/@mui/icons-m
aterial/esm/Face6Outl
ined.js" was ignored.
node_modules/@mui/ico
ns-material/esm/Face6
Rounded.js (1:0): 
Module level 
directives cause 
errors when bundled, 
"use client" in "node
_modules/@mui/icons-m
aterial/esm/Face6Roun
ded.js" was ignored.
node_modules/@mui/ico
ns-material/esm/Face6
Sharp.js (1:0): 
Module level 
directives cause 
errors when bundled, 
"use client" in "node
_modules/@mui/icons-m
aterial/esm/Face6Shar
p.js" was ignored.
node_modules/@mui/ico
ns-material/esm/Face6
TwoTone.js (1:0): 
Module level 
directives cause 
errors when bundled, 
"use client" in "node
_modules/@mui/icons-m
aterial/esm/Face6TwoT
one.js" was ignored.
node_modules/@mui/ico
ns-material/esm/FaceR
etouchingNatural.js 
(1:0): Module level 
directives cause 
errors when bundled, 
"use client" in "node
_modules/@mui/icons-m
aterial/esm/FaceRetou
chingNatural.js" was 
ignored.
node_modules/@mui/ico
ns-material/esm/FaceR
etouchingNaturalOutli
ned.js (1:0): Module 
level directives 
cause errors when 
bundled, "use 
client" in "node_modu
les/@mui/icons-materi
al/esm/FaceRetouching
NaturalOutlined.js" 
was ignored.
node_modules/@mui/ico
ns-material/esm/FaceR
etouchingNaturalRound
ed.js (1:0): Module 
level directives 
cause errors when 
bundled, "use 
client" in "node_modu
les/@mui/icons-materi
al/esm/FaceRetouching
NaturalRounded.js" 
was ignored.
node_modules/@mui/ico
ns-material/esm/FaceO
utlined.js (1:0): 
Module level 
directives cause 
errors when bundled, 
"use client" in "node
_modules/@mui/icons-m
aterial/esm/FaceOutli
ned.js" was ignored.
node_modules/@mui/ico
ns-material/esm/FaceR
etouchingNaturalSharp
.js (1:0): Module 
level directives 
cause errors when 
bundled, "use 
client" in "node_modu
les/@mui/icons-materi
al/esm/FaceRetouching
NaturalSharp.js" was 
ignored.
node_modules/@mui/ico
ns-material/esm/FaceR
etouchingOff.js 
(1:0): Module level 
directives cause 
errors when bundled, 
"use client" in "node
_modules/@mui/icons-m
aterial/esm/FaceRetou
chingOff.js" was 
ignored.
node_modules/@mui/ico
ns-material/esm/FaceR
etouchingOffRounded.j
s (1:0): Module 
level directives 
cause errors when 
bundled, "use 
client" in "node_modu
les/@mui/icons-materi
al/esm/FaceRetouching
OffRounded.js" was 
ignored.
node_modules/@mui/ico
ns-material/esm/FaceR
etouchingNaturalTwoTo
ne.js (1:0): Module 
level directives 
cause errors when 
bundled, "use 
client" in "node_modu
les/@mui/icons-materi
al/esm/FaceRetouching
NaturalTwoTone.js" 
was ignored.
node_modules/@mui/ico
ns-material/esm/FaceR
etouchingOffOutlined.
js (1:0): Module 
level directives 
cause errors when 
bundled, "use 
client" in "node_modu
les/@mui/icons-materi
al/esm/FaceRetouching
OffOutlined.js" was 
ignored.
node_modules/@mui/ico
ns-material/esm/FaceR
etouchingOffSharp.js 
(1:0): Module level 
directives cause 
errors when bundled, 
"use client" in "node
_modules/@mui/icons-m
aterial/esm/FaceRetou
chingOffSharp.js" 
was ignored.
node_modules/@mui/ico
ns-material/esm/FaceR
ounded.js (1:0): 
Module level 
directives cause 
errors when bundled, 
"use client" in "node
_modules/@mui/icons-m
aterial/esm/FaceRound
ed.js" was ignored.
node_modules/@mui/ico
ns-material/esm/FaceR
etouchingOffTwoTone.j
s (1:0): Module 
level directives 
cause errors when 
bundled, "use 
client" in "node_modu
les/@mui/icons-materi
al/esm/FaceRetouching
OffTwoTone.js" was 
ignored.
node_modules/@mui/ico
ns-material/esm/FaceT
woTone.js (1:0): 
Module level 
directives cause 
errors when bundled, 
"use client" in "node
_modules/@mui/icons-m
aterial/esm/FaceTwoTo
ne.js" was ignored.
node_modules/@mui/ico
ns-material/esm/Faceb
ook.js (1:0): Module 
level directives 
cause errors when 
bundled, "use 
client" in "node_modu
les/@mui/icons-materi
al/esm/Facebook.js" 
was ignored.
node_modules/@mui/ico
ns-material/esm/FaceS
harp.js (1:0): 
Module level 
directives cause 
errors when bundled, 
"use client" in "node
_modules/@mui/icons-m
aterial/esm/FaceSharp
.js" was ignored.
node_modules/@mui/ico
ns-material/esm/FactC
heckOutlined.js 
(1:0): Module level 
directives cause 
errors when bundled, 
"use client" in "node
_modules/@mui/icons-m
aterial/esm/FactCheck
Outlined.js" was 
ignored.
node_modules/@mui/ico
ns-material/esm/FactC
heck.js (1:0): 
Module level 
directives cause 
errors when bundled, 
"use client" in "node
_modules/@mui/icons-m
aterial/esm/FactCheck
.js" was ignored.
node_modules/@mui/ico
ns-material/esm/FactC
heckRounded.js 
(1:0): Module level 
directives cause 
errors when bundled, 
"use client" in "node
_modules/@mui/icons-m
aterial/esm/FactCheck
Rounded.js" was 
ignored.
node_modules/@mui/ico
ns-material/esm/Facto
ry.js (1:0): Module 
level directives 
cause errors when 
bundled, "use 
client" in "node_modu
les/@mui/icons-materi
al/esm/Factory.js" 
was ignored.
node_modules/@mui/ico
ns-material/esm/FactC
heckSharp.js (1:0): 
Module level 
directives cause 
errors when bundled, 
"use client" in "node
_modules/@mui/icons-m
aterial/esm/FactCheck
Sharp.js" was 
ignored.
node_modules/@mui/ico
ns-material/esm/FactC
heckTwoTone.js 
(1:0): Module level 
directives cause 
errors when bundled, 
"use client" in "node
_modules/@mui/icons-m
aterial/esm/FactCheck
TwoTone.js" was 
ignored.
node_modules/@mui/ico
ns-material/esm/Facto
ryRounded.js (1:0): 
Module level 
directives cause 
errors when bundled, 
"use client" in "node
_modules/@mui/icons-m
aterial/esm/FactoryRo
unded.js" was 
ignored.
node_modules/@mui/ico
ns-material/esm/Facto
ryOutlined.js (1:0): 
Module level 
directives cause 
errors when bundled, 
"use client" in "node
_modules/@mui/icons-m
aterial/esm/FactoryOu
tlined.js" was 
ignored.
node_modules/@mui/ico
ns-material/esm/Facto
ryTwoTone.js (1:0): 
Module level 
directives cause 
errors when bundled, 
"use client" in "node
_modules/@mui/icons-m
aterial/esm/FactoryTw
oTone.js" was 
ignored.
node_modules/@mui/ico
ns-material/esm/Famil
yRestroomOutlined.js 
(1:0): Module level 
directives cause 
errors when bundled, 
"use client" in "node
_modules/@mui/icons-m
aterial/esm/FamilyRes
troomOutlined.js" 
was ignored.
node_modules/@mui/ico
ns-material/esm/Famil
yRestroom.js (1:0): 
Module level 
directives cause 
errors when bundled, 
"use client" in "node
_modules/@mui/icons-m
aterial/esm/FamilyRes
troom.js" was 
ignored.
node_modules/@mui/ico
ns-material/esm/Famil
yRestroomSharp.js 
(1:0): Module level 
directives cause 
errors when bundled, 
"use client" in "node
_modules/@mui/icons-m
aterial/esm/FamilyRes
troomSharp.js" was 
ignored.
node_modules/@mui/ico
ns-material/esm/Facto
rySharp.js (1:0): 
Module level 
directives cause 
errors when bundled, 
"use client" in "node
_modules/@mui/icons-m
aterial/esm/FactorySh
arp.js" was ignored.
node_modules/@mui/ico
ns-material/esm/Famil
yRestroomRounded.js 
(1:0): Module level 
directives cause 
errors when bundled, 
"use client" in "node
_modules/@mui/icons-m
aterial/esm/FamilyRes
troomRounded.js" was 
ignored.
node_modules/@mui/ico
ns-material/esm/FastF
orward.js (1:0): 
Module level 
directives cause 
errors when bundled, 
"use client" in "node
_modules/@mui/icons-m
aterial/esm/FastForwa
rd.js" was ignored.
node_modules/@mui/ico
ns-material/esm/Famil
yRestroomTwoTone.js 
(1:0): Module level 
directives cause 
errors when bundled, 
"use client" in "node
_modules/@mui/icons-m
aterial/esm/FamilyRes
troomTwoTone.js" was 
ignored.
node_modules/@mui/ico
ns-material/esm/FastF
orwardOutlined.js 
(1:0): Module level 
directives cause 
errors when bundled, 
"use client" in "node
_modules/@mui/icons-m
aterial/esm/FastForwa
rdOutlined.js" was 
ignored.
node_modules/@mui/ico
ns-material/esm/FastF
orwardRounded.js 
(1:0): Module level 
directives cause 
errors when bundled, 
"use client" in "node
_modules/@mui/icons-m
aterial/esm/FastForwa
rdRounded.js" was 
ignored.
node_modules/@mui/ico
ns-material/esm/FastF
orwardTwoTone.js 
(1:0): Module level 
directives cause 
errors when bundled, 
"use client" in "node
_modules/@mui/icons-m
aterial/esm/FastForwa
rdTwoTone.js" was 
ignored.
node_modules/@mui/ico
ns-material/esm/FastF
orwardSharp.js 
(1:0): Module level 
directives cause 
errors when bundled, 
"use client" in "node
_modules/@mui/icons-m
aterial/esm/FastForwa
rdSharp.js" was 
ignored.
node_modules/@mui/ico
ns-material/esm/FastR
ewind.js (1:0): 
Module level 
directives cause 
errors when bundled, 
"use client" in "node
_modules/@mui/icons-m
aterial/esm/FastRewin
d.js" was ignored.
node_modules/@mui/ico
ns-material/esm/FastR
ewindRounded.js 
(1:0): Module level 
directives cause 
errors when bundled, 
"use client" in "node
_modules/@mui/icons-m
aterial/esm/FastRewin
dRounded.js" was 
ignored.
node_modules/@mui/ico
ns-material/esm/FastR
ewindOutlined.js 
(1:0): Module level 
directives cause 
errors when bundled, 
"use client" in "node
_modules/@mui/icons-m
aterial/esm/FastRewin
dOutlined.js" was 
ignored.
node_modules/@mui/ico
ns-material/esm/FastR
ewindSharp.js (1:0): 
Module level 
directives cause 
errors when bundled, 
"use client" in "node
_modules/@mui/icons-m
aterial/esm/FastRewin
dSharp.js" was 
ignored.
node_modules/@mui/ico
ns-material/esm/Fastf
ood.js (1:0): Module 
level directives 
cause errors when 
bundled, "use 
client" in "node_modu
les/@mui/icons-materi
al/esm/Fastfood.js" 
was ignored.
node_modules/@mui/ico
ns-material/esm/FastR
ewindTwoTone.js 
(1:0): Module level 
directives cause 
errors when bundled, 
"use client" in "node
_modules/@mui/icons-m
aterial/esm/FastRewin
dTwoTone.js" was 
ignored.
node_modules/@mui/ico
ns-material/esm/Favor
iteBorder.js (1:0): 
Module level 
directives cause 
errors when bundled, 
"use client" in "node
_modules/@mui/icons-m
aterial/esm/FavoriteB
order.js" was 
ignored.
node_modules/@mui/ico
ns-material/esm/Fastf
oodRounded.js (1:0): 
Module level 
directives cause 
errors when bundled, 
"use client" in "node
_modules/@mui/icons-m
aterial/esm/FastfoodR
ounded.js" was 
ignored.
node_modules/@mui/ico
ns-material/esm/Fastf
oodOutlined.js 
(1:0): Module level 
directives cause 
errors when bundled, 
"use client" in "node
_modules/@mui/icons-m
aterial/esm/FastfoodO
utlined.js" was 
ignored.
node_modules/@mui/ico
ns-material/esm/Favor
iteBorderRounded.js 
(1:0): Module level 
directives cause 
errors when bundled, 
"use client" in "node
_modules/@mui/icons-m
aterial/esm/FavoriteB
orderRounded.js" was 
ignored.
node_modules/@mui/ico
ns-material/esm/Favor
iteBorderOutlined.js 
(1:0): Module level 
directives cause 
errors when bundled, 
"use client" in "node
_modules/@mui/icons-m
aterial/esm/FavoriteB
orderOutlined.js" 
was ignored.
node_modules/@mui/ico
ns-material/esm/Favor
iteBorderSharp.js 
(1:0): Module level 
directives cause 
errors when bundled, 
"use client" in "node
_modules/@mui/icons-m
aterial/esm/FavoriteB
orderSharp.js" was 
ignored.
node_modules/@mui/ico
ns-material/esm/Favor
iteOutlined.js 
(1:0): Module level 
directives cause 
errors when bundled, 
"use client" in "node
_modules/@mui/icons-m
aterial/esm/FavoriteO
utlined.js" was 
ignored.
node_modules/@mui/ico
ns-material/esm/Favor
iteBorderTwoTone.js 
(1:0): Module level 
directives cause 
errors when bundled, 
"use client" in "node
_modules/@mui/icons-m
aterial/esm/FavoriteB
orderTwoTone.js" was 
ignored.
node_modules/@mui/ico
ns-material/esm/Favor
ite.js (1:0): Module 
level directives 
cause errors when 
bundled, "use 
client" in "node_modu
les/@mui/icons-materi
al/esm/Favorite.js" 
was ignored.
node_modules/@mui/ico
ns-material/esm/Favor
iteSharp.js (1:0): 
Module level 
directives cause 
errors when bundled, 
"use client" in "node
_modules/@mui/icons-m
aterial/esm/FavoriteS
harp.js" was ignored.
node_modules/@mui/ico
ns-material/esm/Favor
iteRounded.js (1:0): 
Module level 
directives cause 
errors when bundled, 
"use client" in "node
_modules/@mui/icons-m
aterial/esm/FavoriteR
ounded.js" was 
ignored.
node_modules/@mui/ico
ns-material/esm/Favor
iteTwoTone.js (1:0): 
Module level 
directives cause 
errors when bundled, 
"use client" in "node
_modules/@mui/icons-m
aterial/esm/FavoriteT
woTone.js" was 
ignored.
node_modules/@mui/ico
ns-material/esm/FaxOu
tlined.js (1:0): 
Module level 
directives cause 
errors when bundled, 
"use client" in "node
_modules/@mui/icons-m
aterial/esm/FaxOutlin
ed.js" was ignored.
node_modules/@mui/ico
ns-material/esm/Fax.j
s (1:0): Module 
level directives 
cause errors when 
bundled, "use 
client" in "node_modu
les/@mui/icons-materi
al/esm/Fax.js" was 
ignored.
node_modules/@mui/ico
ns-material/esm/FaxTw
oTone.js (1:0): 
Module level 
directives cause 
errors when bundled, 
"use client" in "node
_modules/@mui/icons-m
aterial/esm/FaxTwoTon
e.js" was ignored.
node_modules/@mui/ico
ns-material/esm/FaxRo
unded.js (1:0): 
Module level 
directives cause 
errors when bundled, 
"use client" in "node
_modules/@mui/icons-m
aterial/esm/FaxRounde
d.js" was ignored.
node_modules/@mui/ico
ns-material/esm/FaxSh
arp.js (1:0): Module 
level directives 
cause errors when 
bundled, "use 
client" in "node_modu
les/@mui/icons-materi
al/esm/FaxSharp.js" 
was ignored.
node_modules/@mui/ico
ns-material/esm/Fastf
oodTwoTone.js (1:0): 
Module level 
directives cause 
errors when bundled, 
"use client" in "node
_modules/@mui/icons-m
aterial/esm/FastfoodT
woTone.js" was 
ignored.
node_modules/@mui/ico
ns-material/esm/Featu
redPlayList.js 
(1:0): Module level 
directives cause 
errors when bundled, 
"use client" in "node
_modules/@mui/icons-m
aterial/esm/FeaturedP
layList.js" was 
ignored.
node_modules/@mui/ico
ns-material/esm/Featu
redPlayListSharp.js 
(1:0): Module level 
directives cause 
errors when bundled, 
"use client" in "node
_modules/@mui/icons-m
aterial/esm/FeaturedP
layListSharp.js" was 
ignored.
node_modules/@mui/ico
ns-material/esm/Featu
redPlayListOutlined.j
s (1:0): Module 
level directives 
cause errors when 
bundled, "use 
client" in "node_modu
les/@mui/icons-materi
al/esm/FeaturedPlayLi
stOutlined.js" was 
ignored.
node_modules/@mui/ico
ns-material/esm/Featu
redPlayListRounded.js
 (1:0): Module level 
directives cause 
errors when bundled, 
"use client" in "node
_modules/@mui/icons-m
aterial/esm/FeaturedP
layListRounded.js" 
was ignored.
node_modules/@mui/ico
ns-material/esm/Featu
redPlayListTwoTone.js
 (1:0): Module level 
directives cause 
errors when bundled, 
"use client" in "node
_modules/@mui/icons-m
aterial/esm/FeaturedP
layListTwoTone.js" 
was ignored.
node_modules/@mui/ico
ns-material/esm/Featu
redVideo.js (1:0): 
Module level 
directives cause 
errors when bundled, 
"use client" in "node
_modules/@mui/icons-m
aterial/esm/FeaturedV
ideo.js" was ignored.
node_modules/@mui/ico
ns-material/esm/Featu
redVideoOutlined.js 
(1:0): Module level 
directives cause 
errors when bundled, 
"use client" in "node
_modules/@mui/icons-m
aterial/esm/FeaturedV
ideoOutlined.js" was 
ignored.
node_modules/@mui/ico
ns-material/esm/Featu
redVideoRounded.js 
(1:0): Module level 
directives cause 
errors when bundled, 
"use client" in "node
_modules/@mui/icons-m
aterial/esm/FeaturedV
ideoRounded.js" was 
ignored.
node_modules/@mui/ico
ns-material/esm/Featu
redVideoTwoTone.js 
(1:0): Module level 
directives cause 
errors when bundled, 
"use client" in "node
_modules/@mui/icons-m
aterial/esm/FeaturedV
ideoTwoTone.js" was 
ignored.
node_modules/@mui/ico
ns-material/esm/Featu
redVideoSharp.js 
(1:0): Module level 
directives cause 
errors when bundled, 
"use client" in "node
_modules/@mui/icons-m
aterial/esm/FeaturedV
ideoSharp.js" was 
ignored.
node_modules/@mui/ico
ns-material/esm/FeedR
ounded.js (1:0): 
Module level 
directives cause 
errors when bundled, 
"use client" in "node
_modules/@mui/icons-m
aterial/esm/FeedRound
ed.js" was ignored.
node_modules/@mui/ico
ns-material/esm/FeedO
utlined.js (1:0): 
Module level 
directives cause 
errors when bundled, 
"use client" in "node
_modules/@mui/icons-m
aterial/esm/FeedOutli
ned.js" was ignored.
node_modules/@mui/ico
ns-material/esm/Feed.
js (1:0): Module 
level directives 
cause errors when 
bundled, "use 
client" in "node_modu
les/@mui/icons-materi
al/esm/Feed.js" was 
ignored.
node_modules/@mui/ico
ns-material/esm/FeedT
woTone.js (1:0): 
Module level 
directives cause 
errors when bundled, 
"use client" in "node
_modules/@mui/icons-m
aterial/esm/FeedTwoTo
ne.js" was ignored.
node_modules/@mui/ico
ns-material/esm/Fastf
oodSharp.js (1:0): 
Module level 
directives cause 
errors when bundled, 
"use client" in "node
_modules/@mui/icons-m
aterial/esm/FastfoodS
harp.js" was ignored.
node_modules/@mui/ico
ns-material/esm/Feedb
ackOutlined.js 
(1:0): Module level 
directives cause 
errors when bundled, 
"use client" in "node
_modules/@mui/icons-m
aterial/esm/FeedbackO
utlined.js" was 
ignored.
node_modules/@mui/ico
ns-material/esm/Feedb
ack.js (1:0): Module 
level directives 
cause errors when 
bundled, "use 
client" in "node_modu
les/@mui/icons-materi
al/esm/Feedback.js" 
was ignored.
node_modules/@mui/ico
ns-material/esm/FeedS
harp.js (1:0): 
Module level 
directives cause 
errors when bundled, 
"use client" in "node
_modules/@mui/icons-m
aterial/esm/FeedSharp
.js" was ignored.
node_modules/@mui/ico
ns-material/esm/Feedb
ackSharp.js (1:0): 
Module level 
directives cause 
errors when bundled, 
"use client" in "node
_modules/@mui/icons-m
aterial/esm/FeedbackS
harp.js" was ignored.
node_modules/@mui/ico
ns-material/esm/Feedb
ackRounded.js (1:0): 
Module level 
directives cause 
errors when bundled, 
"use client" in "node
_modules/@mui/icons-m
aterial/esm/FeedbackR
ounded.js" was 
ignored.
node_modules/@mui/ico
ns-material/esm/Femal
eOutlined.js (1:0): 
Module level 
directives cause 
errors when bundled, 
"use client" in "node
_modules/@mui/icons-m
aterial/esm/FemaleOut
lined.js" was 
ignored.
node_modules/@mui/ico
ns-material/esm/Feedb
ackTwoTone.js (1:0): 
Module level 
directives cause 
errors when bundled, 
"use client" in "node
_modules/@mui/icons-m
aterial/esm/FeedbackT
woTone.js" was 
ignored.
node_modules/@mui/ico
ns-material/esm/Femal
e.js (1:0): Module 
level directives 
cause errors when 
bundled, "use 
client" in "node_modu
les/@mui/icons-materi
al/esm/Female.js" 
was ignored.
node_modules/@mui/ico
ns-material/esm/Femal
eRounded.js (1:0): 
Module level 
directives cause 
errors when bundled, 
"use client" in "node
_modules/@mui/icons-m
aterial/esm/FemaleRou
nded.js" was ignored.
node_modules/@mui/ico
ns-material/esm/Femal
eTwoTone.js (1:0): 
Module level 
directives cause 
errors when bundled, 
"use client" in "node
_modules/@mui/icons-m
aterial/esm/FemaleTwo
Tone.js" was ignored.
node_modules/@mui/ico
ns-material/esm/Femal
eSharp.js (1:0): 
Module level 
directives cause 
errors when bundled, 
"use client" in "node
_modules/@mui/icons-m
aterial/esm/FemaleSha
rp.js" was ignored.
node_modules/@mui/ico
ns-material/esm/Fence
.js (1:0): Module 
level directives 
cause errors when 
bundled, "use 
client" in "node_modu
les/@mui/icons-materi
al/esm/Fence.js" was 
ignored.
node_modules/@mui/ico
ns-material/esm/Fence
Outlined.js (1:0): 
Module level 
directives cause 
errors when bundled, 
"use client" in "node
_modules/@mui/icons-m
aterial/esm/FenceOutl
ined.js" was ignored.
node_modules/@mui/ico
ns-material/esm/Fence
Rounded.js (1:0): 
Module level 
directives cause 
errors when bundled, 
"use client" in "node
_modules/@mui/icons-m
aterial/esm/FenceRoun
ded.js" was ignored.
node_modules/@mui/ico
ns-material/esm/Fence
TwoTone.js (1:0): 
Module level 
directives cause 
errors when bundled, 
"use client" in "node
_modules/@mui/icons-m
aterial/esm/FenceTwoT
one.js" was ignored.
node_modules/@mui/ico
ns-material/esm/Festi
val.js (1:0): Module 
level directives 
cause errors when 
bundled, "use 
client" in "node_modu
les/@mui/icons-materi
al/esm/Festival.js" 
was ignored.
node_modules/@mui/ico
ns-material/esm/Fence
Sharp.js (1:0): 
Module level 
directives cause 
errors when bundled, 
"use client" in "node
_modules/@mui/icons-m
aterial/esm/FenceShar
p.js" was ignored.
node_modules/@mui/ico
ns-material/esm/Festi
valOutlined.js 
(1:0): Module level 
directives cause 
errors when bundled, 
"use client" in "node
_modules/@mui/icons-m
aterial/esm/FestivalO
utlined.js" was 
ignored.
node_modules/@mui/ico
ns-material/esm/Festi
valSharp.js (1:0): 
Module level 
directives cause 
errors when bundled, 
"use client" in "node
_modules/@mui/icons-m
aterial/esm/FestivalS
harp.js" was ignored.
node_modules/@mui/ico
ns-material/esm/Festi
valRounded.js (1:0): 
Module level 
directives cause 
errors when bundled, 
"use client" in "node
_modules/@mui/icons-m
aterial/esm/FestivalR
ounded.js" was 
ignored.
node_modules/@mui/ico
ns-material/esm/Festi
valTwoTone.js (1:0): 
Module level 
directives cause 
errors when bundled, 
"use client" in "node
_modules/@mui/icons-m
aterial/esm/FestivalT
woTone.js" was 
ignored.
node_modules/@mui/ico
ns-material/esm/Fiber
DvrOutlined.js 
(1:0): Module level 
directives cause 
errors when bundled, 
"use client" in "node
_modules/@mui/icons-m
aterial/esm/FiberDvrO
utlined.js" was 
ignored.
node_modules/@mui/ico
ns-material/esm/Fiber
Dvr.js (1:0): Module 
level directives 
cause errors when 
bundled, "use 
client" in "node_modu
les/@mui/icons-materi
al/esm/FiberDvr.js" 
was ignored.
node_modules/@mui/ico
ns-material/esm/Fiber
ManualRecord.js 
(1:0): Module level 
directives cause 
errors when bundled, 
"use client" in "node
_modules/@mui/icons-m
aterial/esm/FiberManu
alRecord.js" was 
ignored.
node_modules/@mui/ico
ns-material/esm/Fiber
DvrRounded.js (1:0): 
Module level 
directives cause 
errors when bundled, 
"use client" in "node
_modules/@mui/icons-m
aterial/esm/FiberDvrR
ounded.js" was 
ignored.
node_modules/@mui/ico
ns-material/esm/Fiber
DvrTwoTone.js (1:0): 
Module level 
directives cause 
errors when bundled, 
"use client" in "node
_modules/@mui/icons-m
aterial/esm/FiberDvrT
woTone.js" was 
ignored.
node_modules/@mui/ico
ns-material/esm/Fiber
ManualRecordRounded.j
s (1:0): Module 
level directives 
cause errors when 
bundled, "use 
client" in "node_modu
les/@mui/icons-materi
al/esm/FiberManualRec
ordRounded.js" was 
ignored.
node_modules/@mui/ico
ns-material/esm/Fiber
ManualRecordSharp.js 
(1:0): Module level 
directives cause 
errors when bundled, 
"use client" in "node
_modules/@mui/icons-m
aterial/esm/FiberManu
alRecordSharp.js" 
was ignored.
node_modules/@mui/ico
ns-material/esm/Fiber
New.js (1:0): Module 
level directives 
cause errors when 
bundled, "use 
client" in "node_modu
les/@mui/icons-materi
al/esm/FiberNew.js" 
was ignored.
node_modules/@mui/ico
ns-material/esm/Fiber
ManualRecordOutlined.
js (1:0): Module 
level directives 
cause errors when 
bundled, "use 
client" in "node_modu
les/@mui/icons-materi
al/esm/FiberManualRec
ordOutlined.js" was 
ignored.
node_modules/@mui/ico
ns-material/esm/Fiber
DvrSharp.js (1:0): 
Module level 
directives cause 
errors when bundled, 
"use client" in "node
_modules/@mui/icons-m
aterial/esm/FiberDvrS
harp.js" was ignored.
node_modules/@mui/ico
ns-material/esm/Fiber
NewOutlined.js 
(1:0): Module level 
directives cause 
errors when bundled, 
"use client" in "node
_modules/@mui/icons-m
aterial/esm/FiberNewO
utlined.js" was 
ignored.
node_modules/@mui/ico
ns-material/esm/Fiber
ManualRecordTwoTone.j
s (1:0): Module 
level directives 
cause errors when 
bundled, "use 
client" in "node_modu
les/@mui/icons-materi
al/esm/FiberManualRec
ordTwoTone.js" was 
ignored.
node_modules/@mui/ico
ns-material/esm/Fiber
NewSharp.js (1:0): 
Module level 
directives cause 
errors when bundled, 
"use client" in "node
_modules/@mui/icons-m
aterial/esm/FiberNewS
harp.js" was ignored.
node_modules/@mui/ico
ns-material/esm/Fiber
NewTwoTone.js (1:0): 
Module level 
directives cause 
errors when bundled, 
"use client" in "node
_modules/@mui/icons-m
aterial/esm/FiberNewT
woTone.js" was 
ignored.
node_modules/@mui/ico
ns-material/esm/Fiber
NewRounded.js (1:0): 
Module level 
directives cause 
errors when bundled, 
"use client" in "node
_modules/@mui/icons-m
aterial/esm/FiberNewR
ounded.js" was 
ignored.
node_modules/@mui/ico
ns-material/esm/Fiber
PinOutlined.js 
(1:0): Module level 
directives cause 
errors when bundled, 
"use client" in "node
_modules/@mui/icons-m
aterial/esm/FiberPinO
utlined.js" was 
ignored.
node_modules/@mui/ico
ns-material/esm/Fiber
Pin.js (1:0): Module 
level directives 
cause errors when 
bundled, "use 
client" in "node_modu
les/@mui/icons-materi
al/esm/FiberPin.js" 
was ignored.
node_modules/@mui/ico
ns-material/esm/Fiber
PinTwoTone.js (1:0): 
Module level 
directives cause 
errors when bundled, 
"use client" in "node
_modules/@mui/icons-m
aterial/esm/FiberPinT
woTone.js" was 
ignored.
node_modules/@mui/ico
ns-material/esm/Fiber
PinSharp.js (1:0): 
Module level 
directives cause 
errors when bundled, 
"use client" in "node
_modules/@mui/icons-m
aterial/esm/FiberPinS
harp.js" was ignored.
node_modules/@mui/ico
ns-material/esm/Fiber
PinRounded.js (1:0): 
Module level 
directives cause 
errors when bundled, 
"use client" in "node
_modules/@mui/icons-m
aterial/esm/FiberPinR
ounded.js" was 
ignored.
node_modules/@mui/ico
ns-material/esm/Fiber
SmartRecord.js 
(1:0): Module level 
directives cause 
errors when bundled, 
"use client" in "node
_modules/@mui/icons-m
aterial/esm/FiberSmar
tRecord.js" was 
ignored.
node_modules/@mui/ico
ns-material/esm/Fiber
SmartRecordOutlined.j
s (1:0): Module 
level directives 
cause errors when 
bundled, "use 
client" in "node_modu
les/@mui/icons-materi
al/esm/FiberSmartReco
rdOutlined.js" was 
ignored.
node_modules/@mui/ico
ns-material/esm/Fiber
SmartRecordRounded.js
 (1:0): Module level 
directives cause 
errors when bundled, 
"use client" in "node
_modules/@mui/icons-m
aterial/esm/FiberSmar
tRecordRounded.js" 
was ignored.
node_modules/@mui/ico
ns-material/esm/Fiber
SmartRecordTwoTone.js
 (1:0): Module level 
directives cause 
errors when bundled, 
"use client" in "node
_modules/@mui/icons-m
aterial/esm/FiberSmar
tRecordTwoTone.js" 
was ignored.
node_modules/@mui/ico
ns-material/esm/Fiber
SmartRecordSharp.js 
(1:0): Module level 
directives cause 
errors when bundled, 
"use client" in "node
_modules/@mui/icons-m
aterial/esm/FiberSmar
tRecordSharp.js" was 
ignored.
node_modules/@mui/ico
ns-material/esm/Fifte
enMpOutlined.js 
(1:0): Module level 
directives cause 
errors when bundled, 
"use client" in "node
_modules/@mui/icons-m
aterial/esm/FifteenMp
Outlined.js" was 
ignored.
node_modules/@mui/ico
ns-material/esm/Fifte
enMpRounded.js 
(1:0): Module level 
directives cause 
errors when bundled, 
"use client" in "node
_modules/@mui/icons-m
aterial/esm/FifteenMp
Rounded.js" was 
ignored.
node_modules/@mui/ico
ns-material/esm/Fifte
enMp.js (1:0): 
Module level 
directives cause 
errors when bundled, 
"use client" in "node
_modules/@mui/icons-m
aterial/esm/FifteenMp
.js" was ignored.
node_modules/@mui/ico
ns-material/esm/Fifte
enMpSharp.js (1:0): 
Module level 
directives cause 
errors when bundled, 
"use client" in "node
_modules/@mui/icons-m
aterial/esm/FifteenMp
Sharp.js" was 
ignored.
node_modules/@mui/ico
ns-material/esm/Fifte
enMpTwoTone.js 
(1:0): Module level 
directives cause 
errors when bundled, 
"use client" in "node
_modules/@mui/icons-m
aterial/esm/FifteenMp
TwoTone.js" was 
ignored.
node_modules/@mui/ico
ns-material/esm/FileC
opyOutlined.js 
(1:0): Module level 
directives cause 
errors when bundled, 
"use client" in "node
_modules/@mui/icons-m
aterial/esm/FileCopyO
utlined.js" was 
ignored.
node_modules/@mui/ico
ns-material/esm/FileC
opy.js (1:0): Module 
level directives 
cause errors when 
bundled, "use 
client" in "node_modu
les/@mui/icons-materi
al/esm/FileCopy.js" 
was ignored.
node_modules/@mui/ico
ns-material/esm/FileC
opySharp.js (1:0): 
Module level 
directives cause 
errors when bundled, 
"use client" in "node
_modules/@mui/icons-m
aterial/esm/FileCopyS
harp.js" was ignored.
node_modules/@mui/ico
ns-material/esm/FileC
opyRounded.js (1:0): 
Module level 
directives cause 
errors when bundled, 
"use client" in "node
_modules/@mui/icons-m
aterial/esm/FileCopyR
ounded.js" was 
ignored.
node_modules/@mui/ico
ns-material/esm/FileC
opyTwoTone.js (1:0): 
Module level 
directives cause 
errors when bundled, 
"use client" in "node
_modules/@mui/icons-m
aterial/esm/FileCopyT
woTone.js" was 
ignored.
node_modules/@mui/ico
ns-material/esm/FileD
ownloadDone.js 
(1:0): Module level 
directives cause 
errors when bundled, 
"use client" in "node
_modules/@mui/icons-m
aterial/esm/FileDownl
oadDone.js" was 
ignored.
node_modules/@mui/ico
ns-material/esm/FileD
ownload.js (1:0): 
Module level 
directives cause 
errors when bundled, 
"use client" in "node
_modules/@mui/icons-m
aterial/esm/FileDownl
oad.js" was ignored.
node_modules/@mui/ico
ns-material/esm/FileD
ownloadDoneSharp.js 
(1:0): Module level 
directives cause 
errors when bundled, 
"use client" in "node
_modules/@mui/icons-m
aterial/esm/FileDownl
oadDoneSharp.js" was 
ignored.
node_modules/@mui/ico
ns-material/esm/FileD
ownloadDoneOutlined.j
s (1:0): Module 
level directives 
cause errors when 
bundled, "use 
client" in "node_modu
les/@mui/icons-materi
al/esm/FileDownloadDo
neOutlined.js" was 
ignored.
node_modules/@mui/ico
ns-material/esm/FileD
ownloadDoneTwoTone.js
 (1:0): Module level 
directives cause 
errors when bundled, 
"use client" in "node
_modules/@mui/icons-m
aterial/esm/FileDownl
oadDoneTwoTone.js" 
was ignored.
node_modules/@mui/ico
ns-material/esm/FileD
ownloadDoneRounded.js
 (1:0): Module level 
directives cause 
errors when bundled, 
"use client" in "node
_modules/@mui/icons-m
aterial/esm/FileDownl
oadDoneRounded.js" 
was ignored.
node_modules/@mui/ico
ns-material/esm/FileD
ownloadOff.js (1:0): 
Module level 
directives cause 
errors when bundled, 
"use client" in "node
_modules/@mui/icons-m
aterial/esm/FileDownl
oadOff.js" was 
ignored.
node_modules/@mui/ico
ns-material/esm/FileD
ownloadOffRounded.js 
(1:0): Module level 
directives cause 
errors when bundled, 
"use client" in "node
_modules/@mui/icons-m
aterial/esm/FileDownl
oadOffRounded.js" 
was ignored.
node_modules/@mui/ico
ns-material/esm/FileD
ownloadOffOutlined.js
 (1:0): Module level 
directives cause 
errors when bundled, 
"use client" in "node
_modules/@mui/icons-m
aterial/esm/FileDownl
oadOffOutlined.js" 
was ignored.
node_modules/@mui/ico
ns-material/esm/FileD
ownloadOffSharp.js 
(1:0): Module level 
directives cause 
errors when bundled, 
"use client" in "node
_modules/@mui/icons-m
aterial/esm/FileDownl
oadOffSharp.js" was 
ignored.
node_modules/@mui/ico
ns-material/esm/FileD
ownloadOffTwoTone.js 
(1:0): Module level 
directives cause 
errors when bundled, 
"use client" in "node
_modules/@mui/icons-m
aterial/esm/FileDownl
oadOffTwoTone.js" 
was ignored.
node_modules/@mui/ico
ns-material/esm/FileD
ownloadOutlined.js 
(1:0): Module level 
directives cause 
errors when bundled, 
"use client" in "node
_modules/@mui/icons-m
aterial/esm/FileDownl
oadOutlined.js" was 
ignored.
node_modules/@mui/ico
ns-material/esm/FileD
ownloadRounded.js 
(1:0): Module level 
directives cause 
errors when bundled, 
"use client" in "node
_modules/@mui/icons-m
aterial/esm/FileDownl
oadRounded.js" was 
ignored.
node_modules/@mui/ico
ns-material/esm/FileO
pen.js (1:0): Module 
level directives 
cause errors when 
bundled, "use 
client" in "node_modu
les/@mui/icons-materi
al/esm/FileOpen.js" 
was ignored.
node_modules/@mui/ico
ns-material/esm/FileO
penOutlined.js 
(1:0): Module level 
directives cause 
errors when bundled, 
"use client" in "node
_modules/@mui/icons-m
aterial/esm/FileOpenO
utlined.js" was 
ignored.
node_modules/@mui/ico
ns-material/esm/FileD
ownloadSharp.js 
(1:0): Module level 
directives cause 
errors when bundled, 
"use client" in "node
_modules/@mui/icons-m
aterial/esm/FileDownl
oadSharp.js" was 
ignored.
node_modules/@mui/ico
ns-material/esm/FileD
ownloadTwoTone.js 
(1:0): Module level 
directives cause 
errors when bundled, 
"use client" in "node
_modules/@mui/icons-m
aterial/esm/FileDownl
oadTwoTone.js" was 
ignored.
node_modules/@mui/ico
ns-material/esm/FileO
penSharp.js (1:0): 
Module level 
directives cause 
errors when bundled, 
"use client" in "node
_modules/@mui/icons-m
aterial/esm/FileOpenS
harp.js" was ignored.
node_modules/@mui/ico
ns-material/esm/FileO
penRounded.js (1:0): 
Module level 
directives cause 
errors when bundled, 
"use client" in "node
_modules/@mui/icons-m
aterial/esm/FileOpenR
ounded.js" was 
ignored.
node_modules/@mui/ico
ns-material/esm/FileO
penTwoTone.js (1:0): 
Module level 
directives cause 
errors when bundled, 
"use client" in "node
_modules/@mui/icons-m
aterial/esm/FileOpenT
woTone.js" was 
ignored.
node_modules/@mui/ico
ns-material/esm/FileP
resentOutlined.js 
(1:0): Module level 
directives cause 
errors when bundled, 
"use client" in "node
_modules/@mui/icons-m
aterial/esm/FilePrese
ntOutlined.js" was 
ignored.
node_modules/@mui/ico
ns-material/esm/FileP
resent.js (1:0): 
Module level 
directives cause 
errors when bundled, 
"use client" in "node
_modules/@mui/icons-m
aterial/esm/FilePrese
nt.js" was ignored.
node_modules/@mui/ico
ns-material/esm/FileP
resentSharp.js 
(1:0): Module level 
directives cause 
errors when bundled, 
"use client" in "node
_modules/@mui/icons-m
aterial/esm/FilePrese
ntSharp.js" was 
ignored.
node_modules/@mui/ico
ns-material/esm/FileP
resentRounded.js 
(1:0): Module level 
directives cause 
errors when bundled, 
"use client" in "node
_modules/@mui/icons-m
aterial/esm/FilePrese
ntRounded.js" was 
ignored.
node_modules/@mui/ico
ns-material/esm/FileP
resentTwoTone.js 
(1:0): Module level 
directives cause 
errors when bundled, 
"use client" in "node
_modules/@mui/icons-m
aterial/esm/FilePrese
ntTwoTone.js" was 
ignored.
node_modules/@mui/ico
ns-material/esm/FileU
pload.js (1:0): 
Module level 
directives cause 
errors when bundled, 
"use client" in "node
_modules/@mui/icons-m
aterial/esm/FileUploa
d.js" was ignored.
node_modules/@mui/ico
ns-material/esm/FileU
ploadRounded.js 
(1:0): Module level 
directives cause 
errors when bundled, 
"use client" in "node
_modules/@mui/icons-m
aterial/esm/FileUploa
dRounded.js" was 
ignored.
node_modules/@mui/ico
ns-material/esm/FileU
ploadSharp.js (1:0): 
Module level 
directives cause 
errors when bundled, 
"use client" in "node
_modules/@mui/icons-m
aterial/esm/FileUploa
dSharp.js" was 
ignored.
node_modules/@mui/ico
ns-material/esm/FileU
ploadOutlined.js 
(1:0): Module level 
directives cause 
errors when bundled, 
"use client" in "node
_modules/@mui/icons-m
aterial/esm/FileUploa
dOutlined.js" was 
ignored.
node_modules/@mui/ico
ns-material/esm/Filte
r1.js (1:0): Module 
level directives 
cause errors when 
bundled, "use 
client" in "node_modu
les/@mui/icons-materi
al/esm/Filter1.js" 
was ignored.
node_modules/@mui/ico
ns-material/esm/Filte
r.js (1:0): Module 
level directives 
cause errors when 
bundled, "use 
client" in "node_modu
les/@mui/icons-materi
al/esm/Filter.js" 
was ignored.
node_modules/@mui/ico
ns-material/esm/FileU
ploadTwoTone.js 
(1:0): Module level 
directives cause 
errors when bundled, 
"use client" in "node
_modules/@mui/icons-m
aterial/esm/FileUploa
dTwoTone.js" was 
ignored.
node_modules/@mui/ico
ns-material/esm/Filte
r1Rounded.js (1:0): 
Module level 
directives cause 
errors when bundled, 
"use client" in "node
_modules/@mui/icons-m
aterial/esm/Filter1Ro
unded.js" was 
ignored.
node_modules/@mui/ico
ns-material/esm/Filte
r1Outlined.js (1:0): 
Module level 
directives cause 
errors when bundled, 
"use client" in "node
_modules/@mui/icons-m
aterial/esm/Filter1Ou
tlined.js" was 
ignored.
node_modules/@mui/ico
ns-material/esm/Filte
r1Sharp.js (1:0): 
Module level 
directives cause 
errors when bundled, 
"use client" in "node
_modules/@mui/icons-m
aterial/esm/Filter1Sh
arp.js" was ignored.
node_modules/@mui/ico
ns-material/esm/Filte
r2.js (1:0): Module 
level directives 
cause errors when 
bundled, "use 
client" in "node_modu
les/@mui/icons-materi
al/esm/Filter2.js" 
was ignored.
node_modules/@mui/ico
ns-material/esm/Filte
r1TwoTone.js (1:0): 
Module level 
directives cause 
errors when bundled, 
"use client" in "node
_modules/@mui/icons-m
aterial/esm/Filter1Tw
oTone.js" was 
ignored.
node_modules/@mui/ico
ns-material/esm/Filte
r2Sharp.js (1:0): 
Module level 
directives cause 
errors when bundled, 
"use client" in "node
_modules/@mui/icons-m
aterial/esm/Filter2Sh
arp.js" was ignored.
node_modules/@mui/ico
ns-material/esm/Filte
r2Rounded.js (1:0): 
Module level 
directives cause 
errors when bundled, 
"use client" in "node
_modules/@mui/icons-m
aterial/esm/Filter2Ro
unded.js" was 
ignored.
node_modules/@mui/ico
ns-material/esm/Filte
r2Outlined.js (1:0): 
Module level 
directives cause 
errors when bundled, 
"use client" in "node
_modules/@mui/icons-m
aterial/esm/Filter2Ou
tlined.js" was 
ignored.
node_modules/@mui/ico
ns-material/esm/Filte
r2TwoTone.js (1:0): 
Module level 
directives cause 
errors when bundled, 
"use client" in "node
_modules/@mui/icons-m
aterial/esm/Filter2Tw
oTone.js" was 
ignored.
node_modules/@mui/ico
ns-material/esm/Filte
r3.js (1:0): Module 
level directives 
cause errors when 
bundled, "use 
client" in "node_modu
les/@mui/icons-materi
al/esm/Filter3.js" 
was ignored.
node_modules/@mui/ico
ns-material/esm/Filte
r3Sharp.js (1:0): 
Module level 
directives cause 
errors when bundled, 
"use client" in "node
_modules/@mui/icons-m
aterial/esm/Filter3Sh
arp.js" was ignored.
node_modules/@mui/ico
ns-material/esm/Filte
r3Outlined.js (1:0): 
Module level 
directives cause 
errors when bundled, 
"use client" in "node
_modules/@mui/icons-m
aterial/esm/Filter3Ou
tlined.js" was 
ignored.
node_modules/@mui/ico
ns-material/esm/Filte
r3Rounded.js (1:0): 
Module level 
directives cause 
errors when bundled, 
"use client" in "node
_modules/@mui/icons-m
aterial/esm/Filter3Ro
unded.js" was 
ignored.
node_modules/@mui/ico
ns-material/esm/Filte
r4.js (1:0): Module 
level directives 
cause errors when 
bundled, "use 
client" in "node_modu
les/@mui/icons-materi
al/esm/Filter4.js" 
was ignored.
node_modules/@mui/ico
ns-material/esm/Filte
r4Outlined.js (1:0): 
Module level 
directives cause 
errors when bundled, 
"use client" in "node
_modules/@mui/icons-m
aterial/esm/Filter4Ou
tlined.js" was 
ignored.
node_modules/@mui/ico
ns-material/esm/Filte
r4Sharp.js (1:0): 
Module level 
directives cause 
errors when bundled, 
"use client" in "node
_modules/@mui/icons-m
aterial/esm/Filter4Sh
arp.js" was ignored.
node_modules/@mui/ico
ns-material/esm/Filte
r4Rounded.js (1:0): 
Module level 
directives cause 
errors when bundled, 
"use client" in "node
_modules/@mui/icons-m
aterial/esm/Filter4Ro
unded.js" was 
ignored.
node_modules/@mui/ico
ns-material/esm/Filte
r5.js (1:0): Module 
level directives 
cause errors when 
bundled, "use 
client" in "node_modu
les/@mui/icons-materi
al/esm/Filter5.js" 
was ignored.
node_modules/@mui/ico
ns-material/esm/Filte
r3TwoTone.js (1:0): 
Module level 
directives cause 
errors when bundled, 
"use client" in "node
_modules/@mui/icons-m
aterial/esm/Filter3Tw
oTone.js" was 
ignored.
node_modules/@mui/ico
ns-material/esm/Filte
r5Rounded.js (1:0): 
Module level 
directives cause 
errors when bundled, 
"use client" in "node
_modules/@mui/icons-m
aterial/esm/Filter5Ro
unded.js" was 
ignored.
node_modules/@mui/ico
ns-material/esm/Filte
r4TwoTone.js (1:0): 
Module level 
directives cause 
errors when bundled, 
"use client" in "node
_modules/@mui/icons-m
aterial/esm/Filter4Tw
oTone.js" was 
ignored.
node_modules/@mui/ico
ns-material/esm/Filte
r5Outlined.js (1:0): 
Module level 
directives cause 
errors when bundled, 
"use client" in "node
_modules/@mui/icons-m
aterial/esm/Filter5Ou
tlined.js" was 
ignored.
node_modules/@mui/ico
ns-material/esm/Filte
r5TwoTone.js (1:0): 
Module level 
directives cause 
errors when bundled, 
"use client" in "node
_modules/@mui/icons-m
aterial/esm/Filter5Tw
oTone.js" was 
ignored.
node_modules/@mui/ico
ns-material/esm/Filte
r5Sharp.js (1:0): 
Module level 
directives cause 
errors when bundled, 
"use client" in "node
_modules/@mui/icons-m
aterial/esm/Filter5Sh
arp.js" was ignored.
node_modules/@mui/ico
ns-material/esm/Filte
r6Outlined.js (1:0): 
Module level 
directives cause 
errors when bundled, 
"use client" in "node
_modules/@mui/icons-m
aterial/esm/Filter6Ou
tlined.js" was 
ignored.
node_modules/@mui/ico
ns-material/esm/Filte
r6.js (1:0): Module 
level directives 
cause errors when 
bundled, "use 
client" in "node_modu
les/@mui/icons-materi
al/esm/Filter6.js" 
was ignored.
node_modules/@mui/ico
ns-material/esm/Filte
r6Sharp.js (1:0): 
Module level 
directives cause 
errors when bundled, 
"use client" in "node
_modules/@mui/icons-m
aterial/esm/Filter6Sh
arp.js" was ignored.
node_modules/@mui/ico
ns-material/esm/Filte
r6Rounded.js (1:0): 
Module level 
directives cause 
errors when bundled, 
"use client" in "node
_modules/@mui/icons-m
aterial/esm/Filter6Ro
unded.js" was 
ignored.
node_modules/@mui/ico
ns-material/esm/Filte
r7.js (1:0): Module 
level directives 
cause errors when 
bundled, "use 
client" in "node_modu
les/@mui/icons-materi
al/esm/Filter7.js" 
was ignored.
node_modules/@mui/ico
ns-material/esm/Filte
r6TwoTone.js (1:0): 
Module level 
directives cause 
errors when bundled, 
"use client" in "node
_modules/@mui/icons-m
aterial/esm/Filter6Tw
oTone.js" was 
ignored.
node_modules/@mui/ico
ns-material/esm/Filte
r7Sharp.js (1:0): 
Module level 
directives cause 
errors when bundled, 
"use client" in "node
_modules/@mui/icons-m
aterial/esm/Filter7Sh
arp.js" was ignored.
node_modules/@mui/ico
ns-material/esm/Filte
r7Rounded.js (1:0): 
Module level 
directives cause 
errors when bundled, 
"use client" in "node
_modules/@mui/icons-m
aterial/esm/Filter7Ro
unded.js" was 
ignored.
node_modules/@mui/ico
ns-material/esm/Filte
r7Outlined.js (1:0): 
Module level 
directives cause 
errors when bundled, 
"use client" in "node
_modules/@mui/icons-m
aterial/esm/Filter7Ou
tlined.js" was 
ignored.
node_modules/@mui/ico
ns-material/esm/Filte
r8.js (1:0): Module 
level directives 
cause errors when 
bundled, "use 
client" in "node_modu
les/@mui/icons-materi
al/esm/Filter8.js" 
was ignored.
node_modules/@mui/ico
ns-material/esm/Filte
r7TwoTone.js (1:0): 
Module level 
directives cause 
errors when bundled, 
"use client" in "node
_modules/@mui/icons-m
aterial/esm/Filter7Tw
oTone.js" was 
ignored.
node_modules/@mui/ico
ns-material/esm/Filte
r8Sharp.js (1:0): 
Module level 
directives cause 
errors when bundled, 
"use client" in "node
_modules/@mui/icons-m
aterial/esm/Filter8Sh
arp.js" was ignored.
node_modules/@mui/ico
ns-material/esm/Filte
r8Outlined.js (1:0): 
Module level 
directives cause 
errors when bundled, 
"use client" in "node
_modules/@mui/icons-m
aterial/esm/Filter8Ou
tlined.js" was 
ignored.
node_modules/@mui/ico
ns-material/esm/Filte
r8Rounded.js (1:0): 
Module level 
directives cause 
errors when bundled, 
"use client" in "node
_modules/@mui/icons-m
aterial/esm/Filter8Ro
unded.js" was 
ignored.
node_modules/@mui/ico
ns-material/esm/Filte
r9.js (1:0): Module 
level directives 
cause errors when 
bundled, "use 
client" in "node_modu
les/@mui/icons-materi
al/esm/Filter9.js" 
was ignored.
node_modules/@mui/ico
ns-material/esm/Filte
r9PlusOutlined.js 
(1:0): Module level 
directives cause 
errors when bundled, 
"use client" in "node
_modules/@mui/icons-m
aterial/esm/Filter9Pl
usOutlined.js" was 
ignored.
node_modules/@mui/ico
ns-material/esm/Filte
r9Plus.js (1:0): 
Module level 
directives cause 
errors when bundled, 
"use client" in "node
_modules/@mui/icons-m
aterial/esm/Filter9Pl
us.js" was ignored.
node_modules/@mui/ico
ns-material/esm/Filte
r9Outlined.js (1:0): 
Module level 
directives cause 
errors when bundled, 
"use client" in "node
_modules/@mui/icons-m
aterial/esm/Filter9Ou
tlined.js" was 
ignored.
node_modules/@mui/ico
ns-material/esm/Filte
r9PlusSharp.js 
(1:0): Module level 
directives cause 
errors when bundled, 
"use client" in "node
_modules/@mui/icons-m
aterial/esm/Filter9Pl
usSharp.js" was 
ignored.
node_modules/@mui/ico
ns-material/esm/Filte
r9PlusRounded.js 
(1:0): Module level 
directives cause 
errors when bundled, 
"use client" in "node
_modules/@mui/icons-m
aterial/esm/Filter9Pl
usRounded.js" was 
ignored.
node_modules/@mui/ico
ns-material/esm/Filte
r8TwoTone.js (1:0): 
Module level 
directives cause 
errors when bundled, 
"use client" in "node
_modules/@mui/icons-m
aterial/esm/Filter8Tw
oTone.js" was 
ignored.
node_modules/@mui/ico
ns-material/esm/Filte
r9Rounded.js (1:0): 
Module level 
directives cause 
errors when bundled, 
"use client" in "node
_modules/@mui/icons-m
aterial/esm/Filter9Ro
unded.js" was 
ignored.
node_modules/@mui/ico
ns-material/esm/Filte
r9PlusTwoTone.js 
(1:0): Module level 
directives cause 
errors when bundled, 
"use client" in "node
_modules/@mui/icons-m
aterial/esm/Filter9Pl
usTwoTone.js" was 
ignored.
node_modules/@mui/ico
ns-material/esm/Filte
r9Sharp.js (1:0): 
Module level 
directives cause 
errors when bundled, 
"use client" in "node
_modules/@mui/icons-m
aterial/esm/Filter9Sh
arp.js" was ignored.
node_modules/@mui/ico
ns-material/esm/Filte
rAlt.js (1:0): 
Module level 
directives cause 
errors when bundled, 
"use client" in "node
_modules/@mui/icons-m
aterial/esm/FilterAlt
.js" was ignored.
node_modules/@mui/ico
ns-material/esm/Filte
r9TwoTone.js (1:0): 
Module level 
directives cause 
errors when bundled, 
"use client" in "node
_modules/@mui/icons-m
aterial/esm/Filter9Tw
oTone.js" was 
ignored.
node_modules/@mui/ico
ns-material/esm/Filte
rAltOffOutlined.js 
(1:0): Module level 
directives cause 
errors when bundled, 
"use client" in "node
_modules/@mui/icons-m
aterial/esm/FilterAlt
OffOutlined.js" was 
ignored.
node_modules/@mui/ico
ns-material/esm/Filte
rAltOff.js (1:0): 
Module level 
directives cause 
errors when bundled, 
"use client" in "node
_modules/@mui/icons-m
aterial/esm/FilterAlt
Off.js" was ignored.
node_modules/@mui/ico
ns-material/esm/Filte
rAltOffSharp.js 
(1:0): Module level 
directives cause 
errors when bundled, 
"use client" in "node
_modules/@mui/icons-m
aterial/esm/FilterAlt
OffSharp.js" was 
ignored.
node_modules/@mui/ico
ns-material/esm/Filte
rAltOffRounded.js 
(1:0): Module level 
directives cause 
errors when bundled, 
"use client" in "node
_modules/@mui/icons-m
aterial/esm/FilterAlt
OffRounded.js" was 
ignored.
node_modules/@mui/ico
ns-material/esm/Filte
rAltOffTwoTone.js 
(1:0): Module level 
directives cause 
errors when bundled, 
"use client" in "node
_modules/@mui/icons-m
aterial/esm/FilterAlt
OffTwoTone.js" was 
ignored.
node_modules/@mui/ico
ns-material/esm/Filte
rAltOutlined.js 
(1:0): Module level 
directives cause 
errors when bundled, 
"use client" in "node
_modules/@mui/icons-m
aterial/esm/FilterAlt
Outlined.js" was 
ignored.
node_modules/@mui/ico
ns-material/esm/Filte
rAltRounded.js 
(1:0): Module level 
directives cause 
errors when bundled, 
"use client" in "node
_modules/@mui/icons-m
aterial/esm/FilterAlt
Rounded.js" was 
ignored.
node_modules/@mui/ico
ns-material/esm/Filte
rAltSharp.js (1:0): 
Module level 
directives cause 
errors when bundled, 
"use client" in "node
_modules/@mui/icons-m
aterial/esm/FilterAlt
Sharp.js" was 
ignored.
node_modules/@mui/ico
ns-material/esm/Filte
rAltTwoTone.js 
(1:0): Module level 
directives cause 
errors when bundled, 
"use client" in "node
_modules/@mui/icons-m
aterial/esm/FilterAlt
TwoTone.js" was 
ignored.
node_modules/@mui/ico
ns-material/esm/Filte
rBAndW.js (1:0): 
Module level 
directives cause 
errors when bundled, 
"use client" in "node
_modules/@mui/icons-m
aterial/esm/FilterBAn
dW.js" was ignored.
node_modules/@mui/ico
ns-material/esm/Filte
rBAndWRounded.js 
(1:0): Module level 
directives cause 
errors when bundled, 
"use client" in "node
_modules/@mui/icons-m
aterial/esm/FilterBAn
dWRounded.js" was 
ignored.
node_modules/@mui/ico
ns-material/esm/Filte
rBAndWOutlined.js 
(1:0): Module level 
directives cause 
errors when bundled, 
"use client" in "node
_modules/@mui/icons-m
aterial/esm/FilterBAn
dWOutlined.js" was 
ignored.
node_modules/@mui/ico
ns-material/esm/Filte
rBAndWSharp.js 
(1:0): Module level 
directives cause 
errors when bundled, 
"use client" in "node
_modules/@mui/icons-m
aterial/esm/FilterBAn
dWSharp.js" was 
ignored.
node_modules/@mui/ico
ns-material/esm/Filte
rBAndWTwoTone.js 
(1:0): Module level 
directives cause 
errors when bundled, 
"use client" in "node
_modules/@mui/icons-m
aterial/esm/FilterBAn
dWTwoTone.js" was 
ignored.
node_modules/@mui/ico
ns-material/esm/Filte
rCenterFocusOutlined.
js (1:0): Module 
level directives 
cause errors when 
bundled, "use 
client" in "node_modu
les/@mui/icons-materi
al/esm/FilterCenterFo
cusOutlined.js" was 
ignored.
node_modules/@mui/ico
ns-material/esm/Filte
rCenterFocus.js 
(1:0): Module level 
directives cause 
errors when bundled, 
"use client" in "node
_modules/@mui/icons-m
aterial/esm/FilterCen
terFocus.js" was 
ignored.
node_modules/@mui/ico
ns-material/esm/Filte
rCenterFocusRounded.j
s (1:0): Module 
level directives 
cause errors when 
bundled, "use 
client" in "node_modu
les/@mui/icons-materi
al/esm/FilterCenterFo
cusRounded.js" was 
ignored.
node_modules/@mui/ico
ns-material/esm/Filte
rCenterFocusSharp.js 
(1:0): Module level 
directives cause 
errors when bundled, 
"use client" in "node
_modules/@mui/icons-m
aterial/esm/FilterCen
terFocusSharp.js" 
was ignored.
node_modules/@mui/ico
ns-material/esm/Filte
rDrama.js (1:0): 
Module level 
directives cause 
errors when bundled, 
"use client" in "node
_modules/@mui/icons-m
aterial/esm/FilterDra
ma.js" was ignored.
node_modules/@mui/ico
ns-material/esm/Filte
rDramaRounded.js 
(1:0): Module level 
directives cause 
errors when bundled, 
"use client" in "node
_modules/@mui/icons-m
aterial/esm/FilterDra
maRounded.js" was 
ignored.
node_modules/@mui/ico
ns-material/esm/Filte
rDramaSharp.js 
(1:0): Module level 
directives cause 
errors when bundled, 
"use client" in "node
_modules/@mui/icons-m
aterial/esm/FilterDra
maSharp.js" was 
ignored.
node_modules/@mui/ico
ns-material/esm/Filte
rDramaOutlined.js 
(1:0): Module level 
directives cause 
errors when bundled, 
"use client" in "node
_modules/@mui/icons-m
aterial/esm/FilterDra
maOutlined.js" was 
ignored.
node_modules/@mui/ico
ns-material/esm/Filte
rCenterFocusTwoTone.j
s (1:0): Module 
level directives 
cause errors when 
bundled, "use 
client" in "node_modu
les/@mui/icons-materi
al/esm/FilterCenterFo
cusTwoTone.js" was 
ignored.
node_modules/@mui/ico
ns-material/esm/Filte
rDramaTwoTone.js 
(1:0): Module level 
directives cause 
errors when bundled, 
"use client" in "node
_modules/@mui/icons-m
aterial/esm/FilterDra
maTwoTone.js" was 
ignored.
node_modules/@mui/ico
ns-material/esm/Filte
rFrames.js (1:0): 
Module level 
directives cause 
errors when bundled, 
"use client" in "node
_modules/@mui/icons-m
aterial/esm/FilterFra
mes.js" was ignored.
node_modules/@mui/ico
ns-material/esm/Filte
rFramesOutlined.js 
(1:0): Module level 
directives cause 
errors when bundled, 
"use client" in "node
_modules/@mui/icons-m
aterial/esm/FilterFra
mesOutlined.js" was 
ignored.
node_modules/@mui/ico
ns-material/esm/Filte
rFramesRounded.js 
(1:0): Module level 
directives cause 
errors when bundled, 
"use client" in "node
_modules/@mui/icons-m
aterial/esm/FilterFra
mesRounded.js" was 
ignored.
node_modules/@mui/ico
ns-material/esm/Filte
rFramesTwoTone.js 
(1:0): Module level 
directives cause 
errors when bundled, 
"use client" in "node
_modules/@mui/icons-m
aterial/esm/FilterFra
mesTwoTone.js" was 
ignored.
node_modules/@mui/ico
ns-material/esm/Filte
rFramesSharp.js 
(1:0): Module level 
directives cause 
errors when bundled, 
"use client" in "node
_modules/@mui/icons-m
aterial/esm/FilterFra
mesSharp.js" was 
ignored.
node_modules/@mui/ico
ns-material/esm/Filte
rHdr.js (1:0): 
Module level 
directives cause 
errors when bundled, 
"use client" in "node
_modules/@mui/icons-m
aterial/esm/FilterHdr
.js" was ignored.
node_modules/@mui/ico
ns-material/esm/Filte
rHdrRounded.js 
(1:0): Module level 
directives cause 
errors when bundled, 
"use client" in "node
_modules/@mui/icons-m
aterial/esm/FilterHdr
Rounded.js" was 
ignored.
node_modules/@mui/ico
ns-material/esm/Filte
rHdrOutlined.js 
(1:0): Module level 
directives cause 
errors when bundled, 
"use client" in "node
_modules/@mui/icons-m
aterial/esm/FilterHdr
Outlined.js" was 
ignored.
node_modules/@mui/ico
ns-material/esm/Filte
rListOffRounded.js 
(1:0): Module level 
directives cause 
errors when bundled, 
"use client" in "node
_modules/@mui/icons-m
aterial/esm/FilterLis
tOffRounded.js" was 
ignored.
node_modules/@mui/ico
ns-material/esm/Filte
rHdrTwoTone.js 
(1:0): Module level 
directives cause 
errors when bundled, 
"use client" in "node
_modules/@mui/icons-m
aterial/esm/FilterHdr
TwoTone.js" was 
ignored.
node_modules/@mui/ico
ns-material/esm/Filte
rHdrSharp.js (1:0): 
Module level 
directives cause 
errors when bundled, 
"use client" in "node
_modules/@mui/icons-m
aterial/esm/FilterHdr
Sharp.js" was 
ignored.
node_modules/@mui/ico
ns-material/esm/Filte
rList.js (1:0): 
Module level 
directives cause 
errors when bundled, 
"use client" in "node
_modules/@mui/icons-m
aterial/esm/FilterLis
t.js" was ignored.
node_modules/@mui/ico
ns-material/esm/Filte
rListOff.js (1:0): 
Module level 
directives cause 
errors when bundled, 
"use client" in "node
_modules/@mui/icons-m
aterial/esm/FilterLis
tOff.js" was ignored.
node_modules/@mui/ico
ns-material/esm/Filte
rListOffOutlined.js 
(1:0): Module level 
directives cause 
errors when bundled, 
"use client" in "node
_modules/@mui/icons-m
aterial/esm/FilterLis
tOffOutlined.js" was 
ignored.
node_modules/@mui/ico
ns-material/esm/Filte
rListOffTwoTone.js 
(1:0): Module level 
directives cause 
errors when bundled, 
"use client" in "node
_modules/@mui/icons-m
aterial/esm/FilterLis
tOffTwoTone.js" was 
ignored.
node_modules/@mui/ico
ns-material/esm/Filte
rListOffSharp.js 
(1:0): Module level 
directives cause 
errors when bundled, 
"use client" in "node
_modules/@mui/icons-m
aterial/esm/FilterLis
tOffSharp.js" was 
ignored.
node_modules/@mui/ico
ns-material/esm/Filte
rListOutlined.js 
(1:0): Module level 
directives cause 
errors when bundled, 
"use client" in "node
_modules/@mui/icons-m
aterial/esm/FilterLis
tOutlined.js" was 
ignored.
node_modules/@mui/ico
ns-material/esm/Filte
rListRounded.js 
(1:0): Module level 
directives cause 
errors when bundled, 
"use client" in "node
_modules/@mui/icons-m
aterial/esm/FilterLis
tRounded.js" was 
ignored.
node_modules/@mui/ico
ns-material/esm/Filte
rListSharp.js (1:0): 
Module level 
directives cause 
errors when bundled, 
"use client" in "node
_modules/@mui/icons-m
aterial/esm/FilterLis
tSharp.js" was 
ignored.
node_modules/@mui/ico
ns-material/esm/Filte
rNone.js (1:0): 
Module level 
directives cause 
errors when bundled, 
"use client" in "node
_modules/@mui/icons-m
aterial/esm/FilterNon
e.js" was ignored.
node_modules/@mui/ico
ns-material/esm/Filte
rListTwoTone.js 
(1:0): Module level 
directives cause 
errors when bundled, 
"use client" in "node
_modules/@mui/icons-m
aterial/esm/FilterLis
tTwoTone.js" was 
ignored.
node_modules/@mui/ico
ns-material/esm/Filte
rNoneSharp.js (1:0): 
Module level 
directives cause 
errors when bundled, 
"use client" in "node
_modules/@mui/icons-m
aterial/esm/FilterNon
eSharp.js" was 
ignored.
node_modules/@mui/ico
ns-material/esm/Filte
rNoneOutlined.js 
(1:0): Module level 
directives cause 
errors when bundled, 
"use client" in "node
_modules/@mui/icons-m
aterial/esm/FilterNon
eOutlined.js" was 
ignored.
node_modules/@mui/ico
ns-material/esm/Filte
rNoneTwoTone.js 
(1:0): Module level 
directives cause 
errors when bundled, 
"use client" in "node
_modules/@mui/icons-m
aterial/esm/FilterNon
eTwoTone.js" was 
ignored.
node_modules/@mui/ico
ns-material/esm/Filte
rNoneRounded.js 
(1:0): Module level 
directives cause 
errors when bundled, 
"use client" in "node
_modules/@mui/icons-m
aterial/esm/FilterNon
eRounded.js" was 
ignored.
node_modules/@mui/ico
ns-material/esm/Filte
rSharp.js (1:0): 
Module level 
directives cause 
errors when bundled, 
"use client" in "node
_modules/@mui/icons-m
aterial/esm/FilterSha
rp.js" was ignored.
node_modules/@mui/ico
ns-material/esm/Filte
rRounded.js (1:0): 
Module level 
directives cause 
errors when bundled, 
"use client" in "node
_modules/@mui/icons-m
aterial/esm/FilterRou
nded.js" was ignored.
node_modules/@mui/ico
ns-material/esm/Filte
rOutlined.js (1:0): 
Module level 
directives cause 
errors when bundled, 
"use client" in "node
_modules/@mui/icons-m
aterial/esm/FilterOut
lined.js" was 
ignored.
node_modules/@mui/ico
ns-material/esm/Filte
rTiltShiftSharp.js 
(1:0): Module level 
directives cause 
errors when bundled, 
"use client" in "node
_modules/@mui/icons-m
aterial/esm/FilterTil
tShiftSharp.js" was 
ignored.
node_modules/@mui/ico
ns-material/esm/Filte
rTiltShiftOutlined.js
 (1:0): Module level 
directives cause 
errors when bundled, 
"use client" in "node
_modules/@mui/icons-m
aterial/esm/FilterTil
tShiftOutlined.js" 
was ignored.
node_modules/@mui/ico
ns-material/esm/Filte
rTiltShift.js (1:0): 
Module level 
directives cause 
errors when bundled, 
"use client" in "node
_modules/@mui/icons-m
aterial/esm/FilterTil
tShift.js" was 
ignored.
node_modules/@mui/ico
ns-material/esm/Filte
rTiltShiftTwoTone.js 
(1:0): Module level 
directives cause 
errors when bundled, 
"use client" in "node
_modules/@mui/icons-m
aterial/esm/FilterTil
tShiftTwoTone.js" 
was ignored.
node_modules/@mui/ico
ns-material/esm/Filte
rTiltShiftRounded.js 
(1:0): Module level 
directives cause 
errors when bundled, 
"use client" in "node
_modules/@mui/icons-m
aterial/esm/FilterTil
tShiftRounded.js" 
was ignored.
node_modules/@mui/ico
ns-material/esm/Filte
rTwoTone.js (1:0): 
Module level 
directives cause 
errors when bundled, 
"use client" in "node
_modules/@mui/icons-m
aterial/esm/FilterTwo
Tone.js" was ignored.
node_modules/@mui/ico
ns-material/esm/Filte
rVintageOutlined.js 
(1:0): Module level 
directives cause 
errors when bundled, 
"use client" in "node
_modules/@mui/icons-m
aterial/esm/FilterVin
tageOutlined.js" was 
ignored.
node_modules/@mui/ico
ns-material/esm/Filte
rVintage.js (1:0): 
Module level 
directives cause 
errors when bundled, 
"use client" in "node
_modules/@mui/icons-m
aterial/esm/FilterVin
tage.js" was ignored.
node_modules/@mui/ico
ns-material/esm/Filte
rVintageRounded.js 
(1:0): Module level 
directives cause 
errors when bundled, 
"use client" in "node
_modules/@mui/icons-m
aterial/esm/FilterVin
tageRounded.js" was 
ignored.
node_modules/@mui/ico
ns-material/esm/Filte
rVintageSharp.js 
(1:0): Module level 
directives cause 
errors when bundled, 
"use client" in "node
_modules/@mui/icons-m
aterial/esm/FilterVin
tageSharp.js" was 
ignored.
node_modules/@mui/ico
ns-material/esm/FindI
nPage.js (1:0): 
Module level 
directives cause 
errors when bundled, 
"use client" in "node
_modules/@mui/icons-m
aterial/esm/FindInPag
e.js" was ignored.
node_modules/@mui/ico
ns-material/esm/FindI
nPageOutlined.js 
(1:0): Module level 
directives cause 
errors when bundled, 
"use client" in "node
_modules/@mui/icons-m
aterial/esm/FindInPag
eOutlined.js" was 
ignored.
node_modules/@mui/ico
ns-material/esm/Filte
rVintageTwoTone.js 
(1:0): Module level 
directives cause 
errors when bundled, 
"use client" in "node
_modules/@mui/icons-m
aterial/esm/FilterVin
tageTwoTone.js" was 
ignored.
node_modules/@mui/ico
ns-material/esm/FindI
nPageRounded.js 
(1:0): Module level 
directives cause 
errors when bundled, 
"use client" in "node
_modules/@mui/icons-m
aterial/esm/FindInPag
eRounded.js" was 
ignored.
node_modules/@mui/ico
ns-material/esm/FindI
nPageSharp.js (1:0): 
Module level 
directives cause 
errors when bundled, 
"use client" in "node
_modules/@mui/icons-m
aterial/esm/FindInPag
eSharp.js" was 
ignored.
node_modules/@mui/ico
ns-material/esm/FindI
nPageTwoTone.js 
(1:0): Module level 
directives cause 
errors when bundled, 
"use client" in "node
_modules/@mui/icons-m
aterial/esm/FindInPag
eTwoTone.js" was 
ignored.
node_modules/@mui/ico
ns-material/esm/FindR
eplaceOutlined.js 
(1:0): Module level 
directives cause 
errors when bundled, 
"use client" in "node
_modules/@mui/icons-m
aterial/esm/FindRepla
ceOutlined.js" was 
ignored.
node_modules/@mui/ico
ns-material/esm/FindR
eplace.js (1:0): 
Module level 
directives cause 
errors when bundled, 
"use client" in "node
_modules/@mui/icons-m
aterial/esm/FindRepla
ce.js" was ignored.
node_modules/@mui/ico
ns-material/esm/FindR
eplaceRounded.js 
(1:0): Module level 
directives cause 
errors when bundled, 
"use client" in "node
_modules/@mui/icons-m
aterial/esm/FindRepla
ceRounded.js" was 
ignored.
node_modules/@mui/ico
ns-material/esm/FindR
eplaceSharp.js 
(1:0): Module level 
directives cause 
errors when bundled, 
"use client" in "node
_modules/@mui/icons-m
aterial/esm/FindRepla
ceSharp.js" was 
ignored.
node_modules/@mui/ico
ns-material/esm/FindR
eplaceTwoTone.js 
(1:0): Module level 
directives cause 
errors when bundled, 
"use client" in "node
_modules/@mui/icons-m
aterial/esm/FindRepla
ceTwoTone.js" was 
ignored.
node_modules/@mui/ico
ns-material/esm/Finge
rprintOutlined.js 
(1:0): Module level 
directives cause 
errors when bundled, 
"use client" in "node
_modules/@mui/icons-m
aterial/esm/Fingerpri
ntOutlined.js" was 
ignored.
node_modules/@mui/ico
ns-material/esm/Finge
rprint.js (1:0): 
Module level 
directives cause 
errors when bundled, 
"use client" in "node
_modules/@mui/icons-m
aterial/esm/Fingerpri
nt.js" was ignored.
node_modules/@mui/ico
ns-material/esm/Finge
rprintRounded.js 
(1:0): Module level 
directives cause 
errors when bundled, 
"use client" in "node
_modules/@mui/icons-m
aterial/esm/Fingerpri
ntRounded.js" was 
ignored.
node_modules/@mui/ico
ns-material/esm/Finge
rprintSharp.js 
(1:0): Module level 
directives cause 
errors when bundled, 
"use client" in "node
_modules/@mui/icons-m
aterial/esm/Fingerpri
ntSharp.js" was 
ignored.
node_modules/@mui/ico
ns-material/esm/Finge
rprintTwoTone.js 
(1:0): Module level 
directives cause 
errors when bundled, 
"use client" in "node
_modules/@mui/icons-m
aterial/esm/Fingerpri
ntTwoTone.js" was 
ignored.
node_modules/@mui/ico
ns-material/esm/FireE
xtinguisher.js 
(1:0): Module level 
directives cause 
errors when bundled, 
"use client" in "node
_modules/@mui/icons-m
aterial/esm/FireExtin
guisher.js" was 
ignored.
node_modules/@mui/ico
ns-material/esm/FireE
xtinguisherRounded.js
 (1:0): Module level 
directives cause 
errors when bundled, 
"use client" in "node
_modules/@mui/icons-m
aterial/esm/FireExtin
guisherRounded.js" 
was ignored.
node_modules/@mui/ico
ns-material/esm/FireE
xtinguisherOutlined.j
s (1:0): Module 
level directives 
cause errors when 
bundled, "use 
client" in "node_modu
les/@mui/icons-materi
al/esm/FireExtinguish
erOutlined.js" was 
ignored.
node_modules/@mui/ico
ns-material/esm/FireE
xtinguisherSharp.js 
(1:0): Module level 
directives cause 
errors when bundled, 
"use client" in "node
_modules/@mui/icons-m
aterial/esm/FireExtin
guisherSharp.js" was 
ignored.
node_modules/@mui/ico
ns-material/esm/FireE
xtinguisherTwoTone.js
 (1:0): Module level 
directives cause 
errors when bundled, 
"use client" in "node
_modules/@mui/icons-m
aterial/esm/FireExtin
guisherTwoTone.js" 
was ignored.
node_modules/@mui/ico
ns-material/esm/FireH
ydrantAlt.js (1:0): 
Module level 
directives cause 
errors when bundled, 
"use client" in "node
_modules/@mui/icons-m
aterial/esm/FireHydra
ntAlt.js" was 
ignored.
node_modules/@mui/ico
ns-material/esm/FireH
ydrantAltRounded.js 
(1:0): Module level 
directives cause 
errors when bundled, 
"use client" in "node
_modules/@mui/icons-m
aterial/esm/FireHydra
ntAltRounded.js" was 
ignored.
node_modules/@mui/ico
ns-material/esm/FireH
ydrantAltSharp.js 
(1:0): Module level 
directives cause 
errors when bundled, 
"use client" in "node
_modules/@mui/icons-m
aterial/esm/FireHydra
ntAltSharp.js" was 
ignored.
node_modules/@mui/ico
ns-material/esm/FireH
ydrantAltTwoTone.js 
(1:0): Module level 
directives cause 
errors when bundled, 
"use client" in "node
_modules/@mui/icons-m
aterial/esm/FireHydra
ntAltTwoTone.js" was 
ignored.
node_modules/@mui/ico
ns-material/esm/FireT
ruckOutlined.js 
(1:0): Module level 
directives cause 
errors when bundled, 
"use client" in "node
_modules/@mui/icons-m
aterial/esm/FireTruck
Outlined.js" was 
ignored.
node_modules/@mui/ico
ns-material/esm/FireT
ruck.js (1:0): 
Module level 
directives cause 
errors when bundled, 
"use client" in "node
_modules/@mui/icons-m
aterial/esm/FireTruck
.js" was ignored.
node_modules/@mui/ico
ns-material/esm/FireT
ruckRounded.js 
(1:0): Module level 
directives cause 
errors when bundled, 
"use client" in "node
_modules/@mui/icons-m
aterial/esm/FireTruck
Rounded.js" was 
ignored.
node_modules/@mui/ico
ns-material/esm/FireT
ruckSharp.js (1:0): 
Module level 
directives cause 
errors when bundled, 
"use client" in "node
_modules/@mui/icons-m
aterial/esm/FireTruck
Sharp.js" was 
ignored.
node_modules/@mui/ico
ns-material/esm/FireT
ruckTwoTone.js 
(1:0): Module level 
directives cause 
errors when bundled, 
"use client" in "node
_modules/@mui/icons-m
aterial/esm/FireTruck
TwoTone.js" was 
ignored.
node_modules/@mui/ico
ns-material/esm/Firep
lace.js (1:0): 
Module level 
directives cause 
errors when bundled, 
"use client" in "node
_modules/@mui/icons-m
aterial/esm/Fireplace
.js" was ignored.
node_modules/@mui/ico
ns-material/esm/Firep
laceOutlined.js 
(1:0): Module level 
directives cause 
errors when bundled, 
"use client" in "node
_modules/@mui/icons-m
aterial/esm/Fireplace
Outlined.js" was 
ignored.
node_modules/@mui/ico
ns-material/esm/Firep
laceSharp.js (1:0): 
Module level 
directives cause 
errors when bundled, 
"use client" in "node
_modules/@mui/icons-m
aterial/esm/Fireplace
Sharp.js" was 
ignored.
node_modules/@mui/ico
ns-material/esm/FireH
ydrantAltOutlined.js 
(1:0): Module level 
directives cause 
errors when bundled, 
"use client" in "node
_modules/@mui/icons-m
aterial/esm/FireHydra
ntAltOutlined.js" 
was ignored.
node_modules/@mui/ico
ns-material/esm/Firep
laceTwoTone.js 
(1:0): Module level 
directives cause 
errors when bundled, 
"use client" in "node
_modules/@mui/icons-m
aterial/esm/Fireplace
TwoTone.js" was 
ignored.
node_modules/@mui/ico
ns-material/esm/First
PageOutlined.js 
(1:0): Module level 
directives cause 
errors when bundled, 
"use client" in "node
_modules/@mui/icons-m
aterial/esm/FirstPage
Outlined.js" was 
ignored.
node_modules/@mui/ico
ns-material/esm/First
PageRounded.js 
(1:0): Module level 
directives cause 
errors when bundled, 
"use client" in "node
_modules/@mui/icons-m
aterial/esm/FirstPage
Rounded.js" was 
ignored.
node_modules/@mui/ico
ns-material/esm/First
Page.js (1:0): 
Module level 
directives cause 
errors when bundled, 
"use client" in "node
_modules/@mui/icons-m
aterial/esm/FirstPage
.js" was ignored.
node_modules/@mui/ico
ns-material/esm/First
PageTwoTone.js 
(1:0): Module level 
directives cause 
errors when bundled, 
"use client" in "node
_modules/@mui/icons-m
aterial/esm/FirstPage
TwoTone.js" was 
ignored.
node_modules/@mui/ico
ns-material/esm/FitSc
reenOutlined.js 
(1:0): Module level 
directives cause 
errors when bundled, 
"use client" in "node
_modules/@mui/icons-m
aterial/esm/FitScreen
Outlined.js" was 
ignored.
node_modules/@mui/ico
ns-material/esm/FitSc
reen.js (1:0): 
Module level 
directives cause 
errors when bundled, 
"use client" in "node
_modules/@mui/icons-m
aterial/esm/FitScreen
.js" was ignored.
node_modules/@mui/ico
ns-material/esm/FitSc
reenRounded.js 
(1:0): Module level 
directives cause 
errors when bundled, 
"use client" in "node
_modules/@mui/icons-m
aterial/esm/FitScreen
Rounded.js" was 
ignored.
node_modules/@mui/ico
ns-material/esm/Firep
laceRounded.js 
(1:0): Module level 
directives cause 
errors when bundled, 
"use client" in "node
_modules/@mui/icons-m
aterial/esm/Fireplace
Rounded.js" was 
ignored.
node_modules/@mui/ico
ns-material/esm/FitSc
reenTwoTone.js 
(1:0): Module level 
directives cause 
errors when bundled, 
"use client" in "node
_modules/@mui/icons-m
aterial/esm/FitScreen
TwoTone.js" was 
ignored.
node_modules/@mui/ico
ns-material/esm/FitSc
reenSharp.js (1:0): 
Module level 
directives cause 
errors when bundled, 
"use client" in "node
_modules/@mui/icons-m
aterial/esm/FitScreen
Sharp.js" was 
ignored.
node_modules/@mui/ico
ns-material/esm/First
PageSharp.js (1:0): 
Module level 
directives cause 
errors when bundled, 
"use client" in "node
_modules/@mui/icons-m
aterial/esm/FirstPage
Sharp.js" was 
ignored.
node_modules/@mui/ico
ns-material/esm/Fitbi
tOutlined.js (1:0): 
Module level 
directives cause 
errors when bundled, 
"use client" in "node
_modules/@mui/icons-m
aterial/esm/FitbitOut
lined.js" was 
ignored.
node_modules/@mui/ico
ns-material/esm/Fitbi
t.js (1:0): Module 
level directives 
cause errors when 
bundled, "use 
client" in "node_modu
les/@mui/icons-materi
al/esm/Fitbit.js" 
was ignored.
node_modules/@mui/ico
ns-material/esm/Fitbi
tTwoTone.js (1:0): 
Module level 
directives cause 
errors when bundled, 
"use client" in "node
_modules/@mui/icons-m
aterial/esm/FitbitTwo
Tone.js" was ignored.
node_modules/@mui/ico
ns-material/esm/Fitbi
tRounded.js (1:0): 
Module level 
directives cause 
errors when bundled, 
"use client" in "node
_modules/@mui/icons-m
aterial/esm/FitbitRou
nded.js" was ignored.
node_modules/@mui/ico
ns-material/esm/Fitbi
tSharp.js (1:0): 
Module level 
directives cause 
errors when bundled, 
"use client" in "node
_modules/@mui/icons-m
aterial/esm/FitbitSha
rp.js" was ignored.
node_modules/@mui/ico
ns-material/esm/Fitne
ssCenterRounded.js 
(1:0): Module level 
directives cause 
errors when bundled, 
"use client" in "node
_modules/@mui/icons-m
aterial/esm/FitnessCe
nterRounded.js" was 
ignored.
node_modules/@mui/ico
ns-material/esm/Fitne
ssCenter.js (1:0): 
Module level 
directives cause 
errors when bundled, 
"use client" in "node
_modules/@mui/icons-m
aterial/esm/FitnessCe
nter.js" was ignored.
node_modules/@mui/ico
ns-material/esm/Fitne
ssCenterTwoTone.js 
(1:0): Module level 
directives cause 
errors when bundled, 
"use client" in "node
_modules/@mui/icons-m
aterial/esm/FitnessCe
nterTwoTone.js" was 
ignored.
node_modules/@mui/ico
ns-material/esm/Fitne
ssCenterOutlined.js 
(1:0): Module level 
directives cause 
errors when bundled, 
"use client" in "node
_modules/@mui/icons-m
aterial/esm/FitnessCe
nterOutlined.js" was 
ignored.
node_modules/@mui/ico
ns-material/esm/Fitne
ssCenterSharp.js 
(1:0): Module level 
directives cause 
errors when bundled, 
"use client" in "node
_modules/@mui/icons-m
aterial/esm/FitnessCe
nterSharp.js" was 
ignored.
node_modules/@mui/ico
ns-material/esm/FiveG
.js (1:0): Module 
level directives 
cause errors when 
bundled, "use 
client" in "node_modu
les/@mui/icons-materi
al/esm/FiveG.js" was 
ignored.
node_modules/@mui/ico
ns-material/esm/FiveG
Outlined.js (1:0): 
Module level 
directives cause 
errors when bundled, 
"use client" in "node
_modules/@mui/icons-m
aterial/esm/FiveGOutl
ined.js" was ignored.
node_modules/@mui/ico
ns-material/esm/FiveG
Sharp.js (1:0): 
Module level 
directives cause 
errors when bundled, 
"use client" in "node
_modules/@mui/icons-m
aterial/esm/FiveGShar
p.js" was ignored.
node_modules/@mui/ico
ns-material/esm/FiveG
TwoTone.js (1:0): 
Module level 
directives cause 
errors when bundled, 
"use client" in "node
_modules/@mui/icons-m
aterial/esm/FiveGTwoT
one.js" was ignored.
node_modules/@mui/ico
ns-material/esm/FiveG
Rounded.js (1:0): 
Module level 
directives cause 
errors when bundled, 
"use client" in "node
_modules/@mui/icons-m
aterial/esm/FiveGRoun
ded.js" was ignored.
node_modules/@mui/ico
ns-material/esm/FiveK
Plus.js (1:0): 
Module level 
directives cause 
errors when bundled, 
"use client" in "node
_modules/@mui/icons-m
aterial/esm/FiveKPlus
.js" was ignored.
node_modules/@mui/ico
ns-material/esm/FiveK
.js (1:0): Module 
level directives 
cause errors when 
bundled, "use 
client" in "node_modu
les/@mui/icons-materi
al/esm/FiveK.js" was 
ignored.
node_modules/@mui/ico
ns-material/esm/FiveK
Outlined.js (1:0): 
Module level 
directives cause 
errors when bundled, 
"use client" in "node
_modules/@mui/icons-m
aterial/esm/FiveKOutl
ined.js" was ignored.
node_modules/@mui/ico
ns-material/esm/FiveK
PlusOutlined.js 
(1:0): Module level 
directives cause 
errors when bundled, 
"use client" in "node
_modules/@mui/icons-m
aterial/esm/FiveKPlus
Outlined.js" was 
ignored.
node_modules/@mui/ico
ns-material/esm/FiveK
PlusRounded.js 
(1:0): Module level 
directives cause 
errors when bundled, 
"use client" in "node
_modules/@mui/icons-m
aterial/esm/FiveKPlus
Rounded.js" was 
ignored.
node_modules/@mui/ico
ns-material/esm/FiveM
pOutlined.js (1:0): 
Module level 
directives cause 
errors when bundled, 
"use client" in "node
_modules/@mui/icons-m
aterial/esm/FiveMpOut
lined.js" was 
ignored.
node_modules/@mui/ico
ns-material/esm/FiveK
PlusSharp.js (1:0): 
Module level 
directives cause 
errors when bundled, 
"use client" in "node
_modules/@mui/icons-m
aterial/esm/FiveKPlus
Sharp.js" was 
ignored.
node_modules/@mui/ico
ns-material/esm/FiveK
PlusTwoTone.js 
(1:0): Module level 
directives cause 
errors when bundled, 
"use client" in "node
_modules/@mui/icons-m
aterial/esm/FiveKPlus
TwoTone.js" was 
ignored.
node_modules/@mui/ico
ns-material/esm/FiveM
p.js (1:0): Module 
level directives 
cause errors when 
bundled, "use 
client" in "node_modu
les/@mui/icons-materi
al/esm/FiveMp.js" 
was ignored.
node_modules/@mui/ico
ns-material/esm/FiveM
pRounded.js (1:0): 
Module level 
directives cause 
errors when bundled, 
"use client" in "node
_modules/@mui/icons-m
aterial/esm/FiveMpRou
nded.js" was ignored.
node_modules/@mui/ico
ns-material/esm/FiveM
pSharp.js (1:0): 
Module level 
directives cause 
errors when bundled, 
"use client" in "node
_modules/@mui/icons-m
aterial/esm/FiveMpSha
rp.js" was ignored.
node_modules/@mui/ico
ns-material/esm/FiveM
pTwoTone.js (1:0): 
Module level 
directives cause 
errors when bundled, 
"use client" in "node
_modules/@mui/icons-m
aterial/esm/FiveMpTwo
Tone.js" was ignored.
node_modules/@mui/ico
ns-material/esm/FiveK
TwoTone.js (1:0): 
Module level 
directives cause 
errors when bundled, 
"use client" in "node
_modules/@mui/icons-m
aterial/esm/FiveKTwoT
one.js" was ignored.
node_modules/@mui/ico
ns-material/esm/Flag.
js (1:0): Module 
level directives 
cause errors when 
bundled, "use 
client" in "node_modu
les/@mui/icons-materi
al/esm/Flag.js" was 
ignored.
node_modules/@mui/ico
ns-material/esm/FlagC
ircleOutlined.js 
(1:0): Module level 
directives cause 
errors when bundled, 
"use client" in "node
_modules/@mui/icons-m
aterial/esm/FlagCircl
eOutlined.js" was 
ignored.
node_modules/@mui/ico
ns-material/esm/FiveK
Sharp.js (1:0): 
Module level 
directives cause 
errors when bundled, 
"use client" in "node
_modules/@mui/icons-m
aterial/esm/FiveKShar
p.js" was ignored.
node_modules/@mui/ico
ns-material/esm/FlagC
ircle.js (1:0): 
Module level 
directives cause 
errors when bundled, 
"use client" in "node
_modules/@mui/icons-m
aterial/esm/FlagCircl
e.js" was ignored.
node_modules/@mui/ico
ns-material/esm/FlagC
ircleRounded.js 
(1:0): Module level 
directives cause 
errors when bundled, 
"use client" in "node
_modules/@mui/icons-m
aterial/esm/FlagCircl
eRounded.js" was 
ignored.
node_modules/@mui/ico
ns-material/esm/FlagC
ircleSharp.js (1:0): 
Module level 
directives cause 
errors when bundled, 
"use client" in "node
_modules/@mui/icons-m
aterial/esm/FlagCircl
eSharp.js" was 
ignored.
node_modules/@mui/ico
ns-material/esm/FlagC
ircleTwoTone.js 
(1:0): Module level 
directives cause 
errors when bundled, 
"use client" in "node
_modules/@mui/icons-m
aterial/esm/FlagCircl
eTwoTone.js" was 
ignored.
node_modules/@mui/ico
ns-material/esm/FlagS
harp.js (1:0): 
Module level 
directives cause 
errors when bundled, 
"use client" in "node
_modules/@mui/icons-m
aterial/esm/FlagSharp
.js" was ignored.
node_modules/@mui/ico
ns-material/esm/FlagR
ounded.js (1:0): 
Module level 
directives cause 
errors when bundled, 
"use client" in "node
_modules/@mui/icons-m
aterial/esm/FlagRound
ed.js" was ignored.
node_modules/@mui/ico
ns-material/esm/FlagO
utlined.js (1:0): 
Module level 
directives cause 
errors when bundled, 
"use client" in "node
_modules/@mui/icons-m
aterial/esm/FlagOutli
ned.js" was ignored.
node_modules/@mui/ico
ns-material/esm/FlagT
woTone.js (1:0): 
Module level 
directives cause 
errors when bundled, 
"use client" in "node
_modules/@mui/icons-m
aterial/esm/FlagTwoTo
ne.js" was ignored.
node_modules/@mui/ico
ns-material/esm/FiveK
Rounded.js (1:0): 
Module level 
directives cause 
errors when bundled, 
"use client" in "node
_modules/@mui/icons-m
aterial/esm/FiveKRoun
ded.js" was ignored.
node_modules/@mui/ico
ns-material/esm/Flaky
Rounded.js (1:0): 
Module level 
directives cause 
errors when bundled, 
"use client" in "node
_modules/@mui/icons-m
aterial/esm/FlakyRoun
ded.js" was ignored.
node_modules/@mui/ico
ns-material/esm/Flaky
.js (1:0): Module 
level directives 
cause errors when 
bundled, "use 
client" in "node_modu
les/@mui/icons-materi
al/esm/Flaky.js" was 
ignored.
node_modules/@mui/ico
ns-material/esm/Flaky
TwoTone.js (1:0): 
Module level 
directives cause 
errors when bundled, 
"use client" in "node
_modules/@mui/icons-m
aterial/esm/FlakyTwoT
one.js" was ignored.
node_modules/@mui/ico
ns-material/esm/Flaky
Outlined.js (1:0): 
Module level 
directives cause 
errors when bundled, 
"use client" in "node
_modules/@mui/icons-m
aterial/esm/FlakyOutl
ined.js" was ignored.
node_modules/@mui/ico
ns-material/esm/Flaky
Sharp.js (1:0): 
Module level 
directives cause 
errors when bundled, 
"use client" in "node
_modules/@mui/icons-m
aterial/esm/FlakyShar
p.js" was ignored.
node_modules/@mui/ico
ns-material/esm/Flare
.js (1:0): Module 
level directives 
cause errors when 
bundled, "use 
client" in "node_modu
les/@mui/icons-materi
al/esm/Flare.js" was 
ignored.
node_modules/@mui/ico
ns-material/esm/Flare
Outlined.js (1:0): 
Module level 
directives cause 
errors when bundled, 
"use client" in "node
_modules/@mui/icons-m
aterial/esm/FlareOutl
ined.js" was ignored.
node_modules/@mui/ico
ns-material/esm/Flare
Rounded.js (1:0): 
Module level 
directives cause 
errors when bundled, 
"use client" in "node
_modules/@mui/icons-m
aterial/esm/FlareRoun
ded.js" was ignored.
node_modules/@mui/ico
ns-material/esm/Flare
Sharp.js (1:0): 
Module level 
directives cause 
errors when bundled, 
"use client" in "node
_modules/@mui/icons-m
aterial/esm/FlareShar
p.js" was ignored.
node_modules/@mui/ico
ns-material/esm/Flash
Auto.js (1:0): 
Module level 
directives cause 
errors when bundled, 
"use client" in "node
_modules/@mui/icons-m
aterial/esm/FlashAuto
.js" was ignored.
node_modules/@mui/ico
ns-material/esm/Flare
TwoTone.js (1:0): 
Module level 
directives cause 
errors when bundled, 
"use client" in "node
_modules/@mui/icons-m
aterial/esm/FlareTwoT
one.js" was ignored.
node_modules/@mui/ico
ns-material/esm/Flash
AutoRounded.js 
(1:0): Module level 
directives cause 
errors when bundled, 
"use client" in "node
_modules/@mui/icons-m
aterial/esm/FlashAuto
Rounded.js" was 
ignored.
node_modules/@mui/ico
ns-material/esm/Flash
AutoOutlined.js 
(1:0): Module level 
directives cause 
errors when bundled, 
"use client" in "node
_modules/@mui/icons-m
aterial/esm/FlashAuto
Outlined.js" was 
ignored.
node_modules/@mui/ico
ns-material/esm/Flash
AutoSharp.js (1:0): 
Module level 
directives cause 
errors when bundled, 
"use client" in "node
_modules/@mui/icons-m
aterial/esm/FlashAuto
Sharp.js" was 
ignored.
node_modules/@mui/ico
ns-material/esm/Flash
Off.js (1:0): Module 
level directives 
cause errors when 
bundled, "use 
client" in "node_modu
les/@mui/icons-materi
al/esm/FlashOff.js" 
was ignored.
node_modules/@mui/ico
ns-material/esm/Flash
AutoTwoTone.js 
(1:0): Module level 
directives cause 
errors when bundled, 
"use client" in "node
_modules/@mui/icons-m
aterial/esm/FlashAuto
TwoTone.js" was 
ignored.
node_modules/@mui/ico
ns-material/esm/Flash
OffSharp.js (1:0): 
Module level 
directives cause 
errors when bundled, 
"use client" in "node
_modules/@mui/icons-m
aterial/esm/FlashOffS
harp.js" was ignored.
node_modules/@mui/ico
ns-material/esm/Flash
OffOutlined.js 
(1:0): Module level 
directives cause 
errors when bundled, 
"use client" in "node
_modules/@mui/icons-m
aterial/esm/FlashOffO
utlined.js" was 
ignored.
node_modules/@mui/ico
ns-material/esm/Flash
OffRounded.js (1:0): 
Module level 
directives cause 
errors when bundled, 
"use client" in "node
_modules/@mui/icons-m
aterial/esm/FlashOffR
ounded.js" was 
ignored.
node_modules/@mui/ico
ns-material/esm/Flash
OffTwoTone.js (1:0): 
Module level 
directives cause 
errors when bundled, 
"use client" in "node
_modules/@mui/icons-m
aterial/esm/FlashOffT
woTone.js" was 
ignored.
node_modules/@mui/ico
ns-material/esm/Flash
On.js (1:0): Module 
level directives 
cause errors when 
bundled, "use 
client" in "node_modu
les/@mui/icons-materi
al/esm/FlashOn.js" 
was ignored.
node_modules/@mui/ico
ns-material/esm/Flash
OnOutlined.js (1:0): 
Module level 
directives cause 
errors when bundled, 
"use client" in "node
_modules/@mui/icons-m
aterial/esm/FlashOnOu
tlined.js" was 
ignored.
node_modules/@mui/ico
ns-material/esm/Flash
OnTwoTone.js (1:0): 
Module level 
directives cause 
errors when bundled, 
"use client" in "node
_modules/@mui/icons-m
aterial/esm/FlashOnTw
oTone.js" was 
ignored.
node_modules/@mui/ico
ns-material/esm/Flash
OnRounded.js (1:0): 
Module level 
directives cause 
errors when bundled, 
"use client" in "node
_modules/@mui/icons-m
aterial/esm/FlashOnRo
unded.js" was 
ignored.
node_modules/@mui/ico
ns-material/esm/Flash
OnSharp.js (1:0): 
Module level 
directives cause 
errors when bundled, 
"use client" in "node
_modules/@mui/icons-m
aterial/esm/FlashOnSh
arp.js" was ignored.
node_modules/@mui/ico
ns-material/esm/Flash
lightOffOutlined.js 
(1:0): Module level 
directives cause 
errors when bundled, 
"use client" in "node
_modules/@mui/icons-m
aterial/esm/Flashligh
tOffOutlined.js" was 
ignored.
node_modules/@mui/ico
ns-material/esm/Flash
lightOff.js (1:0): 
Module level 
directives cause 
errors when bundled, 
"use client" in "node
_modules/@mui/icons-m
aterial/esm/Flashligh
tOff.js" was ignored.
node_modules/@mui/ico
ns-material/esm/Flash
lightOffRounded.js 
(1:0): Module level 
directives cause 
errors when bundled, 
"use client" in "node
_modules/@mui/icons-m
aterial/esm/Flashligh
tOffRounded.js" was 
ignored.
node_modules/@mui/ico
ns-material/esm/Flash
lightOffTwoTone.js 
(1:0): Module level 
directives cause 
errors when bundled, 
"use client" in "node
_modules/@mui/icons-m
aterial/esm/Flashligh
tOffTwoTone.js" was 
ignored.
node_modules/@mui/ico
ns-material/esm/Flash
lightOffSharp.js 
(1:0): Module level 
directives cause 
errors when bundled, 
"use client" in "node
_modules/@mui/icons-m
aterial/esm/Flashligh
tOffSharp.js" was 
ignored.
node_modules/@mui/ico
ns-material/esm/Flash
lightOn.js (1:0): 
Module level 
directives cause 
errors when bundled, 
"use client" in "node
_modules/@mui/icons-m
aterial/esm/Flashligh
tOn.js" was ignored.
node_modules/@mui/ico
ns-material/esm/Flash
lightOnRounded.js 
(1:0): Module level 
directives cause 
errors when bundled, 
"use client" in "node
_modules/@mui/icons-m
aterial/esm/Flashligh
tOnRounded.js" was 
ignored.
node_modules/@mui/ico
ns-material/esm/Flash
lightOnOutlined.js 
(1:0): Module level 
directives cause 
errors when bundled, 
"use client" in "node
_modules/@mui/icons-m
aterial/esm/Flashligh
tOnOutlined.js" was 
ignored.
node_modules/@mui/ico
ns-material/esm/Flash
lightOnTwoTone.js 
(1:0): Module level 
directives cause 
errors when bundled, 
"use client" in "node
_modules/@mui/icons-m
aterial/esm/Flashligh
tOnTwoTone.js" was 
ignored.
node_modules/@mui/ico
ns-material/esm/Flash
lightOnSharp.js 
(1:0): Module level 
directives cause 
errors when bundled, 
"use client" in "node
_modules/@mui/icons-m
aterial/esm/Flashligh
tOnSharp.js" was 
ignored.
node_modules/@mui/ico
ns-material/esm/Flatw
are.js (1:0): Module 
level directives 
cause errors when 
bundled, "use 
client" in "node_modu
les/@mui/icons-materi
al/esm/Flatware.js" 
was ignored.
node_modules/@mui/ico
ns-material/esm/Flatw
areOutlined.js 
(1:0): Module level 
directives cause 
errors when bundled, 
"use client" in "node
_modules/@mui/icons-m
aterial/esm/FlatwareO
utlined.js" was 
ignored.
node_modules/@mui/ico
ns-material/esm/Fligh
t.js (1:0): Module 
level directives 
cause errors when 
bundled, "use 
client" in "node_modu
les/@mui/icons-materi
al/esm/Flight.js" 
was ignored.
node_modules/@mui/ico
ns-material/esm/Flatw
areSharp.js (1:0): 
Module level 
directives cause 
errors when bundled, 
"use client" in "node
_modules/@mui/icons-m
aterial/esm/FlatwareS
harp.js" was ignored.
node_modules/@mui/ico
ns-material/esm/Flatw
areTwoTone.js (1:0): 
Module level 
directives cause 
errors when bundled, 
"use client" in "node
_modules/@mui/icons-m
aterial/esm/FlatwareT
woTone.js" was 
ignored.
node_modules/@mui/ico
ns-material/esm/Fligh
tClass.js (1:0): 
Module level 
directives cause 
errors when bundled, 
"use client" in "node
_modules/@mui/icons-m
aterial/esm/FlightCla
ss.js" was ignored.
node_modules/@mui/ico
ns-material/esm/Fligh
tClassOutlined.js 
(1:0): Module level 
directives cause 
errors when bundled, 
"use client" in "node
_modules/@mui/icons-m
aterial/esm/FlightCla
ssOutlined.js" was 
ignored.
node_modules/@mui/ico
ns-material/esm/Fligh
tClassRounded.js 
(1:0): Module level 
directives cause 
errors when bundled, 
"use client" in "node
_modules/@mui/icons-m
aterial/esm/FlightCla
ssRounded.js" was 
ignored.
node_modules/@mui/ico
ns-material/esm/Flatw
areRounded.js (1:0): 
Module level 
directives cause 
errors when bundled, 
"use client" in "node
_modules/@mui/icons-m
aterial/esm/FlatwareR
ounded.js" was 
ignored.
node_modules/@mui/ico
ns-material/esm/Fligh
tClassTwoTone.js 
(1:0): Module level 
directives cause 
errors when bundled, 
"use client" in "node
_modules/@mui/icons-m
aterial/esm/FlightCla
ssTwoTone.js" was 
ignored.
node_modules/@mui/ico
ns-material/esm/Fligh
tClassSharp.js 
(1:0): Module level 
directives cause 
errors when bundled, 
"use client" in "node
_modules/@mui/icons-m
aterial/esm/FlightCla
ssSharp.js" was 
ignored.
node_modules/@mui/ico
ns-material/esm/Fligh
tLandOutlined.js 
(1:0): Module level 
directives cause 
errors when bundled, 
"use client" in "node
_modules/@mui/icons-m
aterial/esm/FlightLan
dOutlined.js" was 
ignored.
node_modules/@mui/ico
ns-material/esm/Fligh
tLand.js (1:0): 
Module level 
directives cause 
errors when bundled, 
"use client" in "node
_modules/@mui/icons-m
aterial/esm/FlightLan
d.js" was ignored.
node_modules/@mui/ico
ns-material/esm/Fligh
tLandRounded.js 
(1:0): Module level 
directives cause 
errors when bundled, 
"use client" in "node
_modules/@mui/icons-m
aterial/esm/FlightLan
dRounded.js" was 
ignored.
node_modules/@mui/ico
ns-material/esm/Fligh
tLandSharp.js (1:0): 
Module level 
directives cause 
errors when bundled, 
"use client" in "node
_modules/@mui/icons-m
aterial/esm/FlightLan
dSharp.js" was 
ignored.
node_modules/@mui/ico
ns-material/esm/Fligh
tOutlined.js (1:0): 
Module level 
directives cause 
errors when bundled, 
"use client" in "node
_modules/@mui/icons-m
aterial/esm/FlightOut
lined.js" was 
ignored.
node_modules/@mui/ico
ns-material/esm/Fligh
tLandTwoTone.js 
(1:0): Module level 
directives cause 
errors when bundled, 
"use client" in "node
_modules/@mui/icons-m
aterial/esm/FlightLan
dTwoTone.js" was 
ignored.
node_modules/@mui/ico
ns-material/esm/Fligh
tSharp.js (1:0): 
Module level 
directives cause 
errors when bundled, 
"use client" in "node
_modules/@mui/icons-m
aterial/esm/FlightSha
rp.js" was ignored.
node_modules/@mui/ico
ns-material/esm/Fligh
tRounded.js (1:0): 
Module level 
directives cause 
errors when bundled, 
"use client" in "node
_modules/@mui/icons-m
aterial/esm/FlightRou
nded.js" was ignored.
node_modules/@mui/ico
ns-material/esm/Fligh
tTakeoffOutlined.js 
(1:0): Module level 
directives cause 
errors when bundled, 
"use client" in "node
_modules/@mui/icons-m
aterial/esm/FlightTak
eoffOutlined.js" was 
ignored.
node_modules/@mui/ico
ns-material/esm/Fligh
tTakeoff.js (1:0): 
Module level 
directives cause 
errors when bundled, 
"use client" in "node
_modules/@mui/icons-m
aterial/esm/FlightTak
eoff.js" was ignored.
node_modules/@mui/ico
ns-material/esm/Fligh
tTakeoffRounded.js 
(1:0): Module level 
directives cause 
errors when bundled, 
"use client" in "node
_modules/@mui/icons-m
aterial/esm/FlightTak
eoffRounded.js" was 
ignored.
node_modules/@mui/ico
ns-material/esm/Fligh
tTakeoffTwoTone.js 
(1:0): Module level 
directives cause 
errors when bundled, 
"use client" in "node
_modules/@mui/icons-m
aterial/esm/FlightTak
eoffTwoTone.js" was 
ignored.
node_modules/@mui/ico
ns-material/esm/Fligh
tTakeoffSharp.js 
(1:0): Module level 
directives cause 
errors when bundled, 
"use client" in "node
_modules/@mui/icons-m
aterial/esm/FlightTak
eoffSharp.js" was 
ignored.
node_modules/@mui/ico
ns-material/esm/Fligh
tTwoTone.js (1:0): 
Module level 
directives cause 
errors when bundled, 
"use client" in "node
_modules/@mui/icons-m
aterial/esm/FlightTwo
Tone.js" was ignored.
node_modules/@mui/ico
ns-material/esm/FlipC
ameraAndroid.js 
(1:0): Module level 
directives cause 
errors when bundled, 
"use client" in "node
_modules/@mui/icons-m
aterial/esm/FlipCamer
aAndroid.js" was 
ignored.
node_modules/@mui/ico
ns-material/esm/Flip.
js (1:0): Module 
level directives 
cause errors when 
bundled, "use 
client" in "node_modu
les/@mui/icons-materi
al/esm/Flip.js" was 
ignored.
node_modules/@mui/ico
ns-material/esm/FlipC
ameraAndroidRounded.j
s (1:0): Module 
level directives 
cause errors when 
bundled, "use 
client" in "node_modu
les/@mui/icons-materi
al/esm/FlipCameraAndr
oidRounded.js" was 
ignored.
node_modules/@mui/ico
ns-material/esm/FlipC
ameraAndroidTwoTone.j
s (1:0): Module 
level directives 
cause errors when 
bundled, "use 
client" in "node_modu
les/@mui/icons-materi
al/esm/FlipCameraAndr
oidTwoTone.js" was 
ignored.
node_modules/@mui/ico
ns-material/esm/FlipC
ameraAndroidSharp.js 
(1:0): Module level 
directives cause 
errors when bundled, 
"use client" in "node
_modules/@mui/icons-m
aterial/esm/FlipCamer
aAndroidSharp.js" 
was ignored.
node_modules/@mui/ico
ns-material/esm/FlipC
ameraIosOutlined.js 
(1:0): Module level 
directives cause 
errors when bundled, 
"use client" in "node
_modules/@mui/icons-m
aterial/esm/FlipCamer
aIosOutlined.js" was 
ignored.
node_modules/@mui/ico
ns-material/esm/FlipC
ameraIosRounded.js 
(1:0): Module level 
directives cause 
errors when bundled, 
"use client" in "node
_modules/@mui/icons-m
aterial/esm/FlipCamer
aIosRounded.js" was 
ignored.
node_modules/@mui/ico
ns-material/esm/FlipC
ameraIos.js (1:0): 
Module level 
directives cause 
errors when bundled, 
"use client" in "node
_modules/@mui/icons-m
aterial/esm/FlipCamer
aIos.js" was ignored.
node_modules/@mui/ico
ns-material/esm/FlipC
ameraIosSharp.js 
(1:0): Module level 
directives cause 
errors when bundled, 
"use client" in "node
_modules/@mui/icons-m
aterial/esm/FlipCamer
aIosSharp.js" was 
ignored.
node_modules/@mui/ico
ns-material/esm/FlipC
ameraIosTwoTone.js 
(1:0): Module level 
directives cause 
errors when bundled, 
"use client" in "node
_modules/@mui/icons-m
aterial/esm/FlipCamer
aIosTwoTone.js" was 
ignored.
node_modules/@mui/ico
ns-material/esm/FlipO
utlined.js (1:0): 
Module level 
directives cause 
errors when bundled, 
"use client" in "node
_modules/@mui/icons-m
aterial/esm/FlipOutli
ned.js" was ignored.
node_modules/@mui/ico
ns-material/esm/FlipR
ounded.js (1:0): 
Module level 
directives cause 
errors when bundled, 
"use client" in "node
_modules/@mui/icons-m
aterial/esm/FlipRound
ed.js" was ignored.
node_modules/@mui/ico
ns-material/esm/FlipC
ameraAndroidOutlined.
js (1:0): Module 
level directives 
cause errors when 
bundled, "use 
client" in "node_modu
les/@mui/icons-materi
al/esm/FlipCameraAndr
oidOutlined.js" was 
ignored.
node_modules/@mui/ico
ns-material/esm/FlipT
oBack.js (1:0): 
Module level 
directives cause 
errors when bundled, 
"use client" in "node
_modules/@mui/icons-m
aterial/esm/FlipToBac
k.js" was ignored.
node_modules/@mui/ico
ns-material/esm/FlipS
harp.js (1:0): 
Module level 
directives cause 
errors when bundled, 
"use client" in "node
_modules/@mui/icons-m
aterial/esm/FlipSharp
.js" was ignored.
node_modules/@mui/ico
ns-material/esm/FlipT
oBackRounded.js 
(1:0): Module level 
directives cause 
errors when bundled, 
"use client" in "node
_modules/@mui/icons-m
aterial/esm/FlipToBac
kRounded.js" was 
ignored.
node_modules/@mui/ico
ns-material/esm/FlipT
oBackOutlined.js 
(1:0): Module level 
directives cause 
errors when bundled, 
"use client" in "node
_modules/@mui/icons-m
aterial/esm/FlipToBac
kOutlined.js" was 
ignored.
node_modules/@mui/ico
ns-material/esm/FlipT
oFront.js (1:0): 
Module level 
directives cause 
errors when bundled, 
"use client" in "node
_modules/@mui/icons-m
aterial/esm/FlipToFro
nt.js" was ignored.
node_modules/@mui/ico
ns-material/esm/FlipT
oBackSharp.js (1:0): 
Module level 
directives cause 
errors when bundled, 
"use client" in "node
_modules/@mui/icons-m
aterial/esm/FlipToBac
kSharp.js" was 
ignored.
node_modules/@mui/ico
ns-material/esm/FlipT
oBackTwoTone.js 
(1:0): Module level 
directives cause 
errors when bundled, 
"use client" in "node
_modules/@mui/icons-m
aterial/esm/FlipToBac
kTwoTone.js" was 
ignored.
node_modules/@mui/ico
ns-material/esm/FlipT
oFrontSharp.js 
(1:0): Module level 
directives cause 
errors when bundled, 
"use client" in "node
_modules/@mui/icons-m
aterial/esm/FlipToFro
ntSharp.js" was 
ignored.
node_modules/@mui/ico
ns-material/esm/FlipT
oFrontOutlined.js 
(1:0): Module level 
directives cause 
errors when bundled, 
"use client" in "node
_modules/@mui/icons-m
aterial/esm/FlipToFro
ntOutlined.js" was 
ignored.
node_modules/@mui/ico
ns-material/esm/FlipT
oFrontRounded.js 
(1:0): Module level 
directives cause 
errors when bundled, 
"use client" in "node
_modules/@mui/icons-m
aterial/esm/FlipToFro
ntRounded.js" was 
ignored.
node_modules/@mui/ico
ns-material/esm/FlipT
oFrontTwoTone.js 
(1:0): Module level 
directives cause 
errors when bundled, 
"use client" in "node
_modules/@mui/icons-m
aterial/esm/FlipToFro
ntTwoTone.js" was 
ignored.
node_modules/@mui/ico
ns-material/esm/Flood
Rounded.js (1:0): 
Module level 
directives cause 
errors when bundled, 
"use client" in "node
_modules/@mui/icons-m
aterial/esm/FloodRoun
ded.js" was ignored.
node_modules/@mui/ico
ns-material/esm/FlipT
woTone.js (1:0): 
Module level 
directives cause 
errors when bundled, 
"use client" in "node
_modules/@mui/icons-m
aterial/esm/FlipTwoTo
ne.js" was ignored.
node_modules/@mui/ico
ns-material/esm/Flood
Outlined.js (1:0): 
Module level 
directives cause 
errors when bundled, 
"use client" in "node
_modules/@mui/icons-m
aterial/esm/FloodOutl
ined.js" was ignored.
node_modules/@mui/ico
ns-material/esm/Flood
Sharp.js (1:0): 
Module level 
directives cause 
errors when bundled, 
"use client" in "node
_modules/@mui/icons-m
aterial/esm/FloodShar
p.js" was ignored.
node_modules/@mui/ico
ns-material/esm/Fluor
escent.js (1:0): 
Module level 
directives cause 
errors when bundled, 
"use client" in "node
_modules/@mui/icons-m
aterial/esm/Fluoresce
nt.js" was ignored.
node_modules/@mui/ico
ns-material/esm/Fluor
escentOutlined.js 
(1:0): Module level 
directives cause 
errors when bundled, 
"use client" in "node
_modules/@mui/icons-m
aterial/esm/Fluoresce
ntOutlined.js" was 
ignored.
node_modules/@mui/ico
ns-material/esm/Flood
TwoTone.js (1:0): 
Module level 
directives cause 
errors when bundled, 
"use client" in "node
_modules/@mui/icons-m
aterial/esm/FloodTwoT
one.js" was ignored.
node_modules/@mui/ico
ns-material/esm/Fluor
escentTwoTone.js 
(1:0): Module level 
directives cause 
errors when bundled, 
"use client" in "node
_modules/@mui/icons-m
aterial/esm/Fluoresce
ntTwoTone.js" was 
ignored.
node_modules/@mui/ico
ns-material/esm/Fluor
escentRounded.js 
(1:0): Module level 
directives cause 
errors when bundled, 
"use client" in "node
_modules/@mui/icons-m
aterial/esm/Fluoresce
ntRounded.js" was 
ignored.
node_modules/@mui/ico
ns-material/esm/Fluor
escentSharp.js 
(1:0): Module level 
directives cause 
errors when bundled, 
"use client" in "node
_modules/@mui/icons-m
aterial/esm/Fluoresce
ntSharp.js" was 
ignored.
node_modules/@mui/ico
ns-material/esm/Flutt
erDashOutlined.js 
(1:0): Module level 
directives cause 
errors when bundled, 
"use client" in "node
_modules/@mui/icons-m
aterial/esm/FlutterDa
shOutlined.js" was 
ignored.
node_modules/@mui/ico
ns-material/esm/Flutt
erDashRounded.js 
(1:0): Module level 
directives cause 
errors when bundled, 
"use client" in "node
_modules/@mui/icons-m
aterial/esm/FlutterDa
shRounded.js" was 
ignored.
node_modules/@mui/ico
ns-material/esm/Flutt
erDash.js (1:0): 
Module level 
directives cause 
errors when bundled, 
"use client" in "node
_modules/@mui/icons-m
aterial/esm/FlutterDa
sh.js" was ignored.
node_modules/@mui/ico
ns-material/esm/Flutt
erDashSharp.js 
(1:0): Module level 
directives cause 
errors when bundled, 
"use client" in "node
_modules/@mui/icons-m
aterial/esm/FlutterDa
shSharp.js" was 
ignored.
node_modules/@mui/ico
ns-material/esm/FmdBa
d.js (1:0): Module 
level directives 
cause errors when 
bundled, "use 
client" in "node_modu
les/@mui/icons-materi
al/esm/FmdBad.js" 
was ignored.
node_modules/@mui/ico
ns-material/esm/Flood
.js (1:0): Module 
level directives 
cause errors when 
bundled, "use 
client" in "node_modu
les/@mui/icons-materi
al/esm/Flood.js" was 
ignored.
node_modules/@mui/ico
ns-material/esm/FmdBa
dSharp.js (1:0): 
Module level 
directives cause 
errors when bundled, 
"use client" in "node
_modules/@mui/icons-m
aterial/esm/FmdBadSha
rp.js" was ignored.
node_modules/@mui/ico
ns-material/esm/Flutt
erDashTwoTone.js 
(1:0): Module level 
directives cause 
errors when bundled, 
"use client" in "node
_modules/@mui/icons-m
aterial/esm/FlutterDa
shTwoTone.js" was 
ignored.
node_modules/@mui/ico
ns-material/esm/FmdBa
dOutlined.js (1:0): 
Module level 
directives cause 
errors when bundled, 
"use client" in "node
_modules/@mui/icons-m
aterial/esm/FmdBadOut
lined.js" was 
ignored.
node_modules/@mui/ico
ns-material/esm/FmdGo
odOutlined.js (1:0): 
Module level 
directives cause 
errors when bundled, 
"use client" in "node
_modules/@mui/icons-m
aterial/esm/FmdGoodOu
tlined.js" was 
ignored.
node_modules/@mui/ico
ns-material/esm/FmdBa
dTwoTone.js (1:0): 
Module level 
directives cause 
errors when bundled, 
"use client" in "node
_modules/@mui/icons-m
aterial/esm/FmdBadTwo
Tone.js" was ignored.
node_modules/@mui/ico
ns-material/esm/FmdGo
od.js (1:0): Module 
level directives 
cause errors when 
bundled, "use 
client" in "node_modu
les/@mui/icons-materi
al/esm/FmdGood.js" 
was ignored.
node_modules/@mui/ico
ns-material/esm/FmdGo
odRounded.js (1:0): 
Module level 
directives cause 
errors when bundled, 
"use client" in "node
_modules/@mui/icons-m
aterial/esm/FmdGoodRo
unded.js" was 
ignored.
node_modules/@mui/ico
ns-material/esm/FmdGo
odSharp.js (1:0): 
Module level 
directives cause 
errors when bundled, 
"use client" in "node
_modules/@mui/icons-m
aterial/esm/FmdGoodSh
arp.js" was ignored.
node_modules/@mui/ico
ns-material/esm/Folde
r.js (1:0): Module 
level directives 
cause errors when 
bundled, "use 
client" in "node_modu
les/@mui/icons-materi
al/esm/Folder.js" 
was ignored.
node_modules/@mui/ico
ns-material/esm/FmdGo
odTwoTone.js (1:0): 
Module level 
directives cause 
errors when bundled, 
"use client" in "node
_modules/@mui/icons-m
aterial/esm/FmdGoodTw
oTone.js" was 
ignored.
node_modules/@mui/ico
ns-material/esm/Folde
rCopy.js (1:0): 
Module level 
directives cause 
errors when bundled, 
"use client" in "node
_modules/@mui/icons-m
aterial/esm/FolderCop
y.js" was ignored.
node_modules/@mui/ico
ns-material/esm/FmdBa
dRounded.js (1:0): 
Module level 
directives cause 
errors when bundled, 
"use client" in "node
_modules/@mui/icons-m
aterial/esm/FmdBadRou
nded.js" was ignored.
node_modules/@mui/ico
ns-material/esm/Folde
rCopyOutlined.js 
(1:0): Module level 
directives cause 
errors when bundled, 
"use client" in "node
_modules/@mui/icons-m
aterial/esm/FolderCop
yOutlined.js" was 
ignored.
node_modules/@mui/ico
ns-material/esm/Folde
rCopyTwoTone.js 
(1:0): Module level 
directives cause 
errors when bundled, 
"use client" in "node
_modules/@mui/icons-m
aterial/esm/FolderCop
yTwoTone.js" was 
ignored.
node_modules/@mui/ico
ns-material/esm/Folde
rCopyRounded.js 
(1:0): Module level 
directives cause 
errors when bundled, 
"use client" in "node
_modules/@mui/icons-m
aterial/esm/FolderCop
yRounded.js" was 
ignored.
node_modules/@mui/ico
ns-material/esm/Folde
rDeleteOutlined.js 
(1:0): Module level 
directives cause 
errors when bundled, 
"use client" in "node
_modules/@mui/icons-m
aterial/esm/FolderDel
eteOutlined.js" was 
ignored.
node_modules/@mui/ico
ns-material/esm/Folde
rDelete.js (1:0): 
Module level 
directives cause 
errors when bundled, 
"use client" in "node
_modules/@mui/icons-m
aterial/esm/FolderDel
ete.js" was ignored.
node_modules/@mui/ico
ns-material/esm/Folde
rDeleteSharp.js 
(1:0): Module level 
directives cause 
errors when bundled, 
"use client" in "node
_modules/@mui/icons-m
aterial/esm/FolderDel
eteSharp.js" was 
ignored.
node_modules/@mui/ico
ns-material/esm/Folde
rCopySharp.js (1:0): 
Module level 
directives cause 
errors when bundled, 
"use client" in "node
_modules/@mui/icons-m
aterial/esm/FolderCop
ySharp.js" was 
ignored.
node_modules/@mui/ico
ns-material/esm/Folde
rDeleteTwoTone.js 
(1:0): Module level 
directives cause 
errors when bundled, 
"use client" in "node
_modules/@mui/icons-m
aterial/esm/FolderDel
eteTwoTone.js" was 
ignored.
node_modules/@mui/ico
ns-material/esm/Folde
rOff.js (1:0): 
Module level 
directives cause 
errors when bundled, 
"use client" in "node
_modules/@mui/icons-m
aterial/esm/FolderOff
.js" was ignored.
node_modules/@mui/ico
ns-material/esm/Folde
rDeleteRounded.js 
(1:0): Module level 
directives cause 
errors when bundled, 
"use client" in "node
_modules/@mui/icons-m
aterial/esm/FolderDel
eteRounded.js" was 
ignored.
node_modules/@mui/ico
ns-material/esm/Folde
rOffOutlined.js 
(1:0): Module level 
directives cause 
errors when bundled, 
"use client" in "node
_modules/@mui/icons-m
aterial/esm/FolderOff
Outlined.js" was 
ignored.
node_modules/@mui/ico
ns-material/esm/Folde
rOffSharp.js (1:0): 
Module level 
directives cause 
errors when bundled, 
"use client" in "node
_modules/@mui/icons-m
aterial/esm/FolderOff
Sharp.js" was 
ignored.
node_modules/@mui/ico
ns-material/esm/Folde
rOpen.js (1:0): 
Module level 
directives cause 
errors when bundled, 
"use client" in "node
_modules/@mui/icons-m
aterial/esm/FolderOpe
n.js" was ignored.
node_modules/@mui/ico
ns-material/esm/Folde
rOffRounded.js 
(1:0): Module level 
directives cause 
errors when bundled, 
"use client" in "node
_modules/@mui/icons-m
aterial/esm/FolderOff
Rounded.js" was 
ignored.
node_modules/@mui/ico
ns-material/esm/Folde
rOffTwoTone.js 
(1:0): Module level 
directives cause 
errors when bundled, 
"use client" in "node
_modules/@mui/icons-m
aterial/esm/FolderOff
TwoTone.js" was 
ignored.
node_modules/@mui/ico
ns-material/esm/Folde
rOpenSharp.js (1:0): 
Module level 
directives cause 
errors when bundled, 
"use client" in "node
_modules/@mui/icons-m
aterial/esm/FolderOpe
nSharp.js" was 
ignored.
node_modules/@mui/ico
ns-material/esm/Folde
rOpenRounded.js 
(1:0): Module level 
directives cause 
errors when bundled, 
"use client" in "node
_modules/@mui/icons-m
aterial/esm/FolderOpe
nRounded.js" was 
ignored.
node_modules/@mui/ico
ns-material/esm/Folde
rOutlined.js (1:0): 
Module level 
directives cause 
errors when bundled, 
"use client" in "node
_modules/@mui/icons-m
aterial/esm/FolderOut
lined.js" was 
ignored.
node_modules/@mui/ico
ns-material/esm/Folde
rOpenOutlined.js 
(1:0): Module level 
directives cause 
errors when bundled, 
"use client" in "node
_modules/@mui/icons-m
aterial/esm/FolderOpe
nOutlined.js" was 
ignored.
node_modules/@mui/ico
ns-material/esm/Folde
rSharedOutlined.js 
(1:0): Module level 
directives cause 
errors when bundled, 
"use client" in "node
_modules/@mui/icons-m
aterial/esm/FolderSha
redOutlined.js" was 
ignored.
node_modules/@mui/ico
ns-material/esm/Folde
rShared.js (1:0): 
Module level 
directives cause 
errors when bundled, 
"use client" in "node
_modules/@mui/icons-m
aterial/esm/FolderSha
red.js" was ignored.
node_modules/@mui/ico
ns-material/esm/Folde
rRounded.js (1:0): 
Module level 
directives cause 
errors when bundled, 
"use client" in "node
_modules/@mui/icons-m
aterial/esm/FolderRou
nded.js" was ignored.
node_modules/@mui/ico
ns-material/esm/Folde
rSharedRounded.js 
(1:0): Module level 
directives cause 
errors when bundled, 
"use client" in "node
_modules/@mui/icons-m
aterial/esm/FolderSha
redRounded.js" was 
ignored.
node_modules/@mui/ico
ns-material/esm/Folde
rSharedTwoTone.js 
(1:0): Module level 
directives cause 
errors when bundled, 
"use client" in "node
_modules/@mui/icons-m
aterial/esm/FolderSha
redTwoTone.js" was 
ignored.
node_modules/@mui/ico
ns-material/esm/Folde
rOpenTwoTone.js 
(1:0): Module level 
directives cause 
errors when bundled, 
"use client" in "node
_modules/@mui/icons-m
aterial/esm/FolderOpe
nTwoTone.js" was 
ignored.
node_modules/@mui/ico
ns-material/esm/Folde
rSharedSharp.js 
(1:0): Module level 
directives cause 
errors when bundled, 
"use client" in "node
_modules/@mui/icons-m
aterial/esm/FolderSha
redSharp.js" was 
ignored.
node_modules/@mui/ico
ns-material/esm/Folde
rSharp.js (1:0): 
Module level 
directives cause 
errors when bundled, 
"use client" in "node
_modules/@mui/icons-m
aterial/esm/FolderSha
rp.js" was ignored.
node_modules/@mui/ico
ns-material/esm/Folde
rSpecialSharp.js 
(1:0): Module level 
directives cause 
errors when bundled, 
"use client" in "node
_modules/@mui/icons-m
aterial/esm/FolderSpe
cialSharp.js" was 
ignored.
node_modules/@mui/ico
ns-material/esm/Folde
rSpecial.js (1:0): 
Module level 
directives cause 
errors when bundled, 
"use client" in "node
_modules/@mui/icons-m
aterial/esm/FolderSpe
cial.js" was ignored.
node_modules/@mui/ico
ns-material/esm/Folde
rSpecialRounded.js 
(1:0): Module level 
directives cause 
errors when bundled, 
"use client" in "node
_modules/@mui/icons-m
aterial/esm/FolderSpe
cialRounded.js" was 
ignored.
node_modules/@mui/ico
ns-material/esm/Folde
rSpecialOutlined.js 
(1:0): Module level 
directives cause 
errors when bundled, 
"use client" in "node
_modules/@mui/icons-m
aterial/esm/FolderSpe
cialOutlined.js" was 
ignored.
node_modules/@mui/ico
ns-material/esm/Folde
rZip.js (1:0): 
Module level 
directives cause 
errors when bundled, 
"use client" in "node
_modules/@mui/icons-m
aterial/esm/FolderZip
.js" was ignored.
node_modules/@mui/ico
ns-material/esm/Folde
rSpecialTwoTone.js 
(1:0): Module level 
directives cause 
errors when bundled, 
"use client" in "node
_modules/@mui/icons-m
aterial/esm/FolderSpe
cialTwoTone.js" was 
ignored.
node_modules/@mui/ico
ns-material/esm/Folde
rTwoTone.js (1:0): 
Module level 
directives cause 
errors when bundled, 
"use client" in "node
_modules/@mui/icons-m
aterial/esm/FolderTwo
Tone.js" was ignored.
node_modules/@mui/ico
ns-material/esm/Folde
rZipOutlined.js 
(1:0): Module level 
directives cause 
errors when bundled, 
"use client" in "node
_modules/@mui/icons-m
aterial/esm/FolderZip
Outlined.js" was 
ignored.
node_modules/@mui/ico
ns-material/esm/Folde
rZipRounded.js 
(1:0): Module level 
directives cause 
errors when bundled, 
"use client" in "node
_modules/@mui/icons-m
aterial/esm/FolderZip
Rounded.js" was 
ignored.
node_modules/@mui/ico
ns-material/esm/Folde
rZipTwoTone.js 
(1:0): Module level 
directives cause 
errors when bundled, 
"use client" in "node
_modules/@mui/icons-m
aterial/esm/FolderZip
TwoTone.js" was 
ignored.
node_modules/@mui/ico
ns-material/esm/Folde
rZipSharp.js (1:0): 
Module level 
directives cause 
errors when bundled, 
"use client" in "node
_modules/@mui/icons-m
aterial/esm/FolderZip
Sharp.js" was 
ignored.
node_modules/@mui/ico
ns-material/esm/Follo
wTheSignsRounded.js 
(1:0): Module level 
directives cause 
errors when bundled, 
"use client" in "node
_modules/@mui/icons-m
aterial/esm/FollowThe
SignsRounded.js" was 
ignored.
node_modules/@mui/ico
ns-material/esm/Follo
wTheSigns.js (1:0): 
Module level 
directives cause 
errors when bundled, 
"use client" in "node
_modules/@mui/icons-m
aterial/esm/FollowThe
Signs.js" was 
ignored.
node_modules/@mui/ico
ns-material/esm/Follo
wTheSignsSharp.js 
(1:0): Module level 
directives cause 
errors when bundled, 
"use client" in "node
_modules/@mui/icons-m
aterial/esm/FollowThe
SignsSharp.js" was 
ignored.
node_modules/@mui/ico
ns-material/esm/Follo
wTheSignsOutlined.js 
(1:0): Module level 
directives cause 
errors when bundled, 
"use client" in "node
_modules/@mui/icons-m
aterial/esm/FollowThe
SignsOutlined.js" 
was ignored.
node_modules/@mui/ico
ns-material/esm/Follo
wTheSignsTwoTone.js 
(1:0): Module level 
directives cause 
errors when bundled, 
"use client" in "node
_modules/@mui/icons-m
aterial/esm/FollowThe
SignsTwoTone.js" was 
ignored.
node_modules/@mui/ico
ns-material/esm/FontD
ownloadOff.js (1:0): 
Module level 
directives cause 
errors when bundled, 
"use client" in "node
_modules/@mui/icons-m
aterial/esm/FontDownl
oadOff.js" was 
ignored.
node_modules/@mui/ico
ns-material/esm/FontD
ownloadOffRounded.js 
(1:0): Module level 
directives cause 
errors when bundled, 
"use client" in "node
_modules/@mui/icons-m
aterial/esm/FontDownl
oadOffRounded.js" 
was ignored.
node_modules/@mui/ico
ns-material/esm/FontD
ownload.js (1:0): 
Module level 
directives cause 
errors when bundled, 
"use client" in "node
_modules/@mui/icons-m
aterial/esm/FontDownl
oad.js" was ignored.
node_modules/@mui/ico
ns-material/esm/FontD
ownloadOffTwoTone.js 
(1:0): Module level 
directives cause 
errors when bundled, 
"use client" in "node
_modules/@mui/icons-m
aterial/esm/FontDownl
oadOffTwoTone.js" 
was ignored.
node_modules/@mui/ico
ns-material/esm/FontD
ownloadOffOutlined.js
 (1:0): Module level 
directives cause 
errors when bundled, 
"use client" in "node
_modules/@mui/icons-m
aterial/esm/FontDownl
oadOffOutlined.js" 
was ignored.
node_modules/@mui/ico
ns-material/esm/FontD
ownloadOffSharp.js 
(1:0): Module level 
directives cause 
errors when bundled, 
"use client" in "node
_modules/@mui/icons-m
aterial/esm/FontDownl
oadOffSharp.js" was 
ignored.
node_modules/@mui/ico
ns-material/esm/FontD
ownloadOutlined.js 
(1:0): Module level 
directives cause 
errors when bundled, 
"use client" in "node
_modules/@mui/icons-m
aterial/esm/FontDownl
oadOutlined.js" was 
ignored.
node_modules/@mui/ico
ns-material/esm/FontD
ownloadSharp.js 
(1:0): Module level 
directives cause 
errors when bundled, 
"use client" in "node
_modules/@mui/icons-m
aterial/esm/FontDownl
oadSharp.js" was 
ignored.
node_modules/@mui/ico
ns-material/esm/FoodB
ankOutlined.js 
(1:0): Module level 
directives cause 
errors when bundled, 
"use client" in "node
_modules/@mui/icons-m
aterial/esm/FoodBankO
utlined.js" was 
ignored.
node_modules/@mui/ico
ns-material/esm/FontD
ownloadRounded.js 
(1:0): Module level 
directives cause 
errors when bundled, 
"use client" in "node
_modules/@mui/icons-m
aterial/esm/FontDownl
oadRounded.js" was 
ignored.
node_modules/@mui/ico
ns-material/esm/FoodB
ank.js (1:0): Module 
level directives 
cause errors when 
bundled, "use 
client" in "node_modu
les/@mui/icons-materi
al/esm/FoodBank.js" 
was ignored.
node_modules/@mui/ico
ns-material/esm/FontD
ownloadTwoTone.js 
(1:0): Module level 
directives cause 
errors when bundled, 
"use client" in "node
_modules/@mui/icons-m
aterial/esm/FontDownl
oadTwoTone.js" was 
ignored.
node_modules/@mui/ico
ns-material/esm/FoodB
ankSharp.js (1:0): 
Module level 
directives cause 
errors when bundled, 
"use client" in "node
_modules/@mui/icons-m
aterial/esm/FoodBankS
harp.js" was ignored.
node_modules/@mui/ico
ns-material/esm/FoodB
ankRounded.js (1:0): 
Module level 
directives cause 
errors when bundled, 
"use client" in "node
_modules/@mui/icons-m
aterial/esm/FoodBankR
ounded.js" was 
ignored.
node_modules/@mui/ico
ns-material/esm/FoodB
ankTwoTone.js (1:0): 
Module level 
directives cause 
errors when bundled, 
"use client" in "node
_modules/@mui/icons-m
aterial/esm/FoodBankT
woTone.js" was 
ignored.
node_modules/@mui/ico
ns-material/esm/Fores
tOutlined.js (1:0): 
Module level 
directives cause 
errors when bundled, 
"use client" in "node
_modules/@mui/icons-m
aterial/esm/ForestOut
lined.js" was 
ignored.
node_modules/@mui/ico
ns-material/esm/Fores
t.js (1:0): Module 
level directives 
cause errors when 
bundled, "use 
client" in "node_modu
les/@mui/icons-materi
al/esm/Forest.js" 
was ignored.
node_modules/@mui/ico
ns-material/esm/Fores
tTwoTone.js (1:0): 
Module level 
directives cause 
errors when bundled, 
"use client" in "node
_modules/@mui/icons-m
aterial/esm/ForestTwo
Tone.js" was ignored.
node_modules/@mui/ico
ns-material/esm/Fores
tRounded.js (1:0): 
Module level 
directives cause 
errors when bundled, 
"use client" in "node
_modules/@mui/icons-m
aterial/esm/ForestRou
nded.js" was ignored.
node_modules/@mui/ico
ns-material/esm/ForkL
eft.js (1:0): Module 
level directives 
cause errors when 
bundled, "use 
client" in "node_modu
les/@mui/icons-materi
al/esm/ForkLeft.js" 
was ignored.
node_modules/@mui/ico
ns-material/esm/ForkL
eftSharp.js (1:0): 
Module level 
directives cause 
errors when bundled, 
"use client" in "node
_modules/@mui/icons-m
aterial/esm/ForkLeftS
harp.js" was ignored.
node_modules/@mui/ico
ns-material/esm/ForkL
eftTwoTone.js (1:0): 
Module level 
directives cause 
errors when bundled, 
"use client" in "node
_modules/@mui/icons-m
aterial/esm/ForkLeftT
woTone.js" was 
ignored.
node_modules/@mui/ico
ns-material/esm/Fores
tSharp.js (1:0): 
Module level 
directives cause 
errors when bundled, 
"use client" in "node
_modules/@mui/icons-m
aterial/esm/ForestSha
rp.js" was ignored.
node_modules/@mui/ico
ns-material/esm/ForkL
eftOutlined.js 
(1:0): Module level 
directives cause 
errors when bundled, 
"use client" in "node
_modules/@mui/icons-m
aterial/esm/ForkLeftO
utlined.js" was 
ignored.
node_modules/@mui/ico
ns-material/esm/ForkR
ight.js (1:0): 
Module level 
directives cause 
errors when bundled, 
"use client" in "node
_modules/@mui/icons-m
aterial/esm/ForkRight
.js" was ignored.
node_modules/@mui/ico
ns-material/esm/ForkL
eftRounded.js (1:0): 
Module level 
directives cause 
errors when bundled, 
"use client" in "node
_modules/@mui/icons-m
aterial/esm/ForkLeftR
ounded.js" was 
ignored.
node_modules/@mui/ico
ns-material/esm/ForkR
ightRounded.js 
(1:0): Module level 
directives cause 
errors when bundled, 
"use client" in "node
_modules/@mui/icons-m
aterial/esm/ForkRight
Rounded.js" was 
ignored.
node_modules/@mui/ico
ns-material/esm/ForkR
ightOutlined.js 
(1:0): Module level 
directives cause 
errors when bundled, 
"use client" in "node
_modules/@mui/icons-m
aterial/esm/ForkRight
Outlined.js" was 
ignored.
node_modules/@mui/ico
ns-material/esm/ForkR
ightSharp.js (1:0): 
Module level 
directives cause 
errors when bundled, 
"use client" in "node
_modules/@mui/icons-m
aterial/esm/ForkRight
Sharp.js" was 
ignored.
node_modules/@mui/ico
ns-material/esm/Forma
tAlignCenterOutlined.
js (1:0): Module 
level directives 
cause errors when 
bundled, "use 
client" in "node_modu
les/@mui/icons-materi
al/esm/FormatAlignCen
terOutlined.js" was 
ignored.
node_modules/@mui/ico
ns-material/esm/Forma
tAlignCenter.js 
(1:0): Module level 
directives cause 
errors when bundled, 
"use client" in "node
_modules/@mui/icons-m
aterial/esm/FormatAli
gnCenter.js" was 
ignored.
node_modules/@mui/ico
ns-material/esm/Forma
tAlignCenterRounded.j
s (1:0): Module 
level directives 
cause errors when 
bundled, "use 
client" in "node_modu
les/@mui/icons-materi
al/esm/FormatAlignCen
terRounded.js" was 
ignored.
node_modules/@mui/ico
ns-material/esm/Forma
tAlignCenterSharp.js 
(1:0): Module level 
directives cause 
errors when bundled, 
"use client" in "node
_modules/@mui/icons-m
aterial/esm/FormatAli
gnCenterSharp.js" 
was ignored.
node_modules/@mui/ico
ns-material/esm/Forma
tAlignCenterTwoTone.j
s (1:0): Module 
level directives 
cause errors when 
bundled, "use 
client" in "node_modu
les/@mui/icons-materi
al/esm/FormatAlignCen
terTwoTone.js" was 
ignored.
node_modules/@mui/ico
ns-material/esm/Forma
tAlignJustifyOutlined
.js (1:0): Module 
level directives 
cause errors when 
bundled, "use 
client" in "node_modu
les/@mui/icons-materi
al/esm/FormatAlignJus
tifyOutlined.js" was 
ignored.
node_modules/@mui/ico
ns-material/esm/Forma
tAlignJustifySharp.js
 (1:0): Module level 
directives cause 
errors when bundled, 
"use client" in "node
_modules/@mui/icons-m
aterial/esm/FormatAli
gnJustifySharp.js" 
was ignored.
node_modules/@mui/ico
ns-material/esm/Forma
tAlignJustify.js 
(1:0): Module level 
directives cause 
errors when bundled, 
"use client" in "node
_modules/@mui/icons-m
aterial/esm/FormatAli
gnJustify.js" was 
ignored.
node_modules/@mui/ico
ns-material/esm/Forma
tAlignJustifyTwoTone.
js (1:0): Module 
level directives 
cause errors when 
bundled, "use 
client" in "node_modu
les/@mui/icons-materi
al/esm/FormatAlignJus
tifyTwoTone.js" was 
ignored.
node_modules/@mui/ico
ns-material/esm/Forma
tAlignJustifyRounded.
js (1:0): Module 
level directives 
cause errors when 
bundled, "use 
client" in "node_modu
les/@mui/icons-materi
al/esm/FormatAlignJus
tifyRounded.js" was 
ignored.
node_modules/@mui/ico
ns-material/esm/Forma
tAlignLeft.js (1:0): 
Module level 
directives cause 
errors when bundled, 
"use client" in "node
_modules/@mui/icons-m
aterial/esm/FormatAli
gnLeft.js" was 
ignored.
node_modules/@mui/ico
ns-material/esm/Forma
tAlignLeftOutlined.js
 (1:0): Module level 
directives cause 
errors when bundled, 
"use client" in "node
_modules/@mui/icons-m
aterial/esm/FormatAli
gnLeftOutlined.js" 
was ignored.
node_modules/@mui/ico
ns-material/esm/ForkR
ightTwoTone.js 
(1:0): Module level 
directives cause 
errors when bundled, 
"use client" in "node
_modules/@mui/icons-m
aterial/esm/ForkRight
TwoTone.js" was 
ignored.
node_modules/@mui/ico
ns-material/esm/Forma
tAlignLeftRounded.js 
(1:0): Module level 
directives cause 
errors when bundled, 
"use client" in "node
_modules/@mui/icons-m
aterial/esm/FormatAli
gnLeftRounded.js" 
was ignored.
node_modules/@mui/ico
ns-material/esm/Forma
tAlignRight.js 
(1:0): Module level 
directives cause 
errors when bundled, 
"use client" in "node
_modules/@mui/icons-m
aterial/esm/FormatAli
gnRight.js" was 
ignored.
node_modules/@mui/ico
ns-material/esm/Forma
tAlignLeftSharp.js 
(1:0): Module level 
directives cause 
errors when bundled, 
"use client" in "node
_modules/@mui/icons-m
aterial/esm/FormatAli
gnLeftSharp.js" was 
ignored.
node_modules/@mui/ico
ns-material/esm/Forma
tAlignLeftTwoTone.js 
(1:0): Module level 
directives cause 
errors when bundled, 
"use client" in "node
_modules/@mui/icons-m
aterial/esm/FormatAli
gnLeftTwoTone.js" 
was ignored.
node_modules/@mui/ico
ns-material/esm/Forma
tAlignRightRounded.js
 (1:0): Module level 
directives cause 
errors when bundled, 
"use client" in "node
_modules/@mui/icons-m
aterial/esm/FormatAli
gnRightRounded.js" 
was ignored.
node_modules/@mui/ico
ns-material/esm/Forma
tAlignRightOutlined.j
s (1:0): Module 
level directives 
cause errors when 
bundled, "use 
client" in "node_modu
les/@mui/icons-materi
al/esm/FormatAlignRig
htOutlined.js" was 
ignored.
node_modules/@mui/ico
ns-material/esm/Forma
tAlignRightSharp.js 
(1:0): Module level 
directives cause 
errors when bundled, 
"use client" in "node
_modules/@mui/icons-m
aterial/esm/FormatAli
gnRightSharp.js" was 
ignored.
node_modules/@mui/ico
ns-material/esm/Forma
tBold.js (1:0): 
Module level 
directives cause 
errors when bundled, 
"use client" in "node
_modules/@mui/icons-m
aterial/esm/FormatBol
d.js" was ignored.
node_modules/@mui/ico
ns-material/esm/Forma
tAlignRightTwoTone.js
 (1:0): Module level 
directives cause 
errors when bundled, 
"use client" in "node
_modules/@mui/icons-m
aterial/esm/FormatAli
gnRightTwoTone.js" 
was ignored.
node_modules/@mui/ico
ns-material/esm/Forma
tBoldSharp.js (1:0): 
Module level 
directives cause 
errors when bundled, 
"use client" in "node
_modules/@mui/icons-m
aterial/esm/FormatBol
dSharp.js" was 
ignored.
node_modules/@mui/ico
ns-material/esm/Forma
tBoldOutlined.js 
(1:0): Module level 
directives cause 
errors when bundled, 
"use client" in "node
_modules/@mui/icons-m
aterial/esm/FormatBol
dOutlined.js" was 
ignored.
node_modules/@mui/ico
ns-material/esm/Forma
tBoldRounded.js 
(1:0): Module level 
directives cause 
errors when bundled, 
"use client" in "node
_modules/@mui/icons-m
aterial/esm/FormatBol
dRounded.js" was 
ignored.
node_modules/@mui/ico
ns-material/esm/Forma
tBoldTwoTone.js 
(1:0): Module level 
directives cause 
errors when bundled, 
"use client" in "node
_modules/@mui/icons-m
aterial/esm/FormatBol
dTwoTone.js" was 
ignored.
node_modules/@mui/ico
ns-material/esm/Forma
tClearOutlined.js 
(1:0): Module level 
directives cause 
errors when bundled, 
"use client" in "node
_modules/@mui/icons-m
aterial/esm/FormatCle
arOutlined.js" was 
ignored.
node_modules/@mui/ico
ns-material/esm/Forma
tClearRounded.js 
(1:0): Module level 
directives cause 
errors when bundled, 
"use client" in "node
_modules/@mui/icons-m
aterial/esm/FormatCle
arRounded.js" was 
ignored.
node_modules/@mui/ico
ns-material/esm/Forma
tClear.js (1:0): 
Module level 
directives cause 
errors when bundled, 
"use client" in "node
_modules/@mui/icons-m
aterial/esm/FormatCle
ar.js" was ignored.
node_modules/@mui/ico
ns-material/esm/Forma
tClearTwoTone.js 
(1:0): Module level 
directives cause 
errors when bundled, 
"use client" in "node
_modules/@mui/icons-m
aterial/esm/FormatCle
arTwoTone.js" was 
ignored.
node_modules/@mui/ico
ns-material/esm/Forma
tClearSharp.js 
(1:0): Module level 
directives cause 
errors when bundled, 
"use client" in "node
_modules/@mui/icons-m
aterial/esm/FormatCle
arSharp.js" was 
ignored.
node_modules/@mui/ico
ns-material/esm/Forma
tColorFillTwoTone.js 
(1:0): Module level 
directives cause 
errors when bundled, 
"use client" in "node
_modules/@mui/icons-m
aterial/esm/FormatCol
orFillTwoTone.js" 
was ignored.
node_modules/@mui/ico
ns-material/esm/Forma
tColorFillOutlined.js
 (1:0): Module level 
directives cause 
errors when bundled, 
"use client" in "node
_modules/@mui/icons-m
aterial/esm/FormatCol
orFillOutlined.js" 
was ignored.
node_modules/@mui/ico
ns-material/esm/Forma
tColorFill.js (1:0): 
Module level 
directives cause 
errors when bundled, 
"use client" in "node
_modules/@mui/icons-m
aterial/esm/FormatCol
orFill.js" was 
ignored.
node_modules/@mui/ico
ns-material/esm/Forma
tColorReset.js 
(1:0): Module level 
directives cause 
errors when bundled, 
"use client" in "node
_modules/@mui/icons-m
aterial/esm/FormatCol
orReset.js" was 
ignored.
node_modules/@mui/ico
ns-material/esm/Forma
tColorResetRounded.js
 (1:0): Module level 
directives cause 
errors when bundled, 
"use client" in "node
_modules/@mui/icons-m
aterial/esm/FormatCol
orResetRounded.js" 
was ignored.
node_modules/@mui/ico
ns-material/esm/Forma
tColorFillSharp.js 
(1:0): Module level 
directives cause 
errors when bundled, 
"use client" in "node
_modules/@mui/icons-m
aterial/esm/FormatCol
orFillSharp.js" was 
ignored.
node_modules/@mui/ico
ns-material/esm/Forma
tColorResetOutlined.j
s (1:0): Module 
level directives 
cause errors when 
bundled, "use 
client" in "node_modu
les/@mui/icons-materi
al/esm/FormatColorRes
etOutlined.js" was 
ignored.
node_modules/@mui/ico
ns-material/esm/Forma
tColorResetSharp.js 
(1:0): Module level 
directives cause 
errors when bundled, 
"use client" in "node
_modules/@mui/icons-m
aterial/esm/FormatCol
orResetSharp.js" was 
ignored.
node_modules/@mui/ico
ns-material/esm/Forma
tColorResetTwoTone.js
 (1:0): Module level 
directives cause 
errors when bundled, 
"use client" in "node
_modules/@mui/icons-m
aterial/esm/FormatCol
orResetTwoTone.js" 
was ignored.
node_modules/@mui/ico
ns-material/esm/Forma
tColorText.js (1:0): 
Module level 
directives cause 
errors when bundled, 
"use client" in "node
_modules/@mui/icons-m
aterial/esm/FormatCol
orText.js" was 
ignored.
node_modules/@mui/ico
ns-material/esm/Forma
tColorTextRounded.js 
(1:0): Module level 
directives cause 
errors when bundled, 
"use client" in "node
_modules/@mui/icons-m
aterial/esm/FormatCol
orTextRounded.js" 
was ignored.
node_modules/@mui/ico
ns-material/esm/Forma
tColorFillRounded.js 
(1:0): Module level 
directives cause 
errors when bundled, 
"use client" in "node
_modules/@mui/icons-m
aterial/esm/FormatCol
orFillRounded.js" 
was ignored.
node_modules/@mui/ico
ns-material/esm/Forma
tColorTextTwoTone.js 
(1:0): Module level 
directives cause 
errors when bundled, 
"use client" in "node
_modules/@mui/icons-m
aterial/esm/FormatCol
orTextTwoTone.js" 
was ignored.
node_modules/@mui/ico
ns-material/esm/Forma
tColorTextSharp.js 
(1:0): Module level 
directives cause 
errors when bundled, 
"use client" in "node
_modules/@mui/icons-m
aterial/esm/FormatCol
orTextSharp.js" was 
ignored.
node_modules/@mui/ico
ns-material/esm/Forma
tIndentDecreaseRounde
d.js (1:0): Module 
level directives 
cause errors when 
bundled, "use 
client" in "node_modu
les/@mui/icons-materi
al/esm/FormatIndentDe
creaseRounded.js" 
was ignored.
node_modules/@mui/ico
ns-material/esm/Forma
tIndentDecreaseSharp.
js (1:0): Module 
level directives 
cause errors when 
bundled, "use 
client" in "node_modu
les/@mui/icons-materi
al/esm/FormatIndentDe
creaseSharp.js" was 
ignored.
node_modules/@mui/ico
ns-material/esm/Forma
tIndentDecreaseOutlin
ed.js (1:0): Module 
level directives 
cause errors when 
bundled, "use 
client" in "node_modu
les/@mui/icons-materi
al/esm/FormatIndentDe
creaseOutlined.js" 
was ignored.
node_modules/@mui/ico
ns-material/esm/Forma
tColorTextOutlined.js
 (1:0): Module level 
directives cause 
errors when bundled, 
"use client" in "node
_modules/@mui/icons-m
aterial/esm/FormatCol
orTextOutlined.js" 
was ignored.
node_modules/@mui/ico
ns-material/esm/Forma
tIndentDecreaseTwoTon
e.js (1:0): Module 
level directives 
cause errors when 
bundled, "use 
client" in "node_modu
les/@mui/icons-materi
al/esm/FormatIndentDe
creaseTwoTone.js" 
was ignored.
node_modules/@mui/ico
ns-material/esm/Forma
tIndentIncreaseSharp.
js (1:0): Module 
level directives 
cause errors when 
bundled, "use 
client" in "node_modu
les/@mui/icons-materi
al/esm/FormatIndentIn
creaseSharp.js" was 
ignored.
node_modules/@mui/ico
ns-material/esm/Forma
tIndentIncrease.js 
(1:0): Module level 
directives cause 
errors when bundled, 
"use client" in "node
_modules/@mui/icons-m
aterial/esm/FormatInd
entIncrease.js" was 
ignored.
node_modules/@mui/ico
ns-material/esm/Forma
tIndentDecrease.js 
(1:0): Module level 
directives cause 
errors when bundled, 
"use client" in "node
_modules/@mui/icons-m
aterial/esm/FormatInd
entDecrease.js" was 
ignored.
node_modules/@mui/ico
ns-material/esm/Forma
tIndentIncreaseRounde
d.js (1:0): Module 
level directives 
cause errors when 
bundled, "use 
client" in "node_modu
les/@mui/icons-materi
al/esm/FormatIndentIn
creaseRounded.js" 
was ignored.
node_modules/@mui/ico
ns-material/esm/Forma
tItalicOutlined.js 
(1:0): Module level 
directives cause 
errors when bundled, 
"use client" in "node
_modules/@mui/icons-m
aterial/esm/FormatIta
licOutlined.js" was 
ignored.
node_modules/@mui/ico
ns-material/esm/Forma
tItalicSharp.js 
(1:0): Module level 
directives cause 
errors when bundled, 
"use client" in "node
_modules/@mui/icons-m
aterial/esm/FormatIta
licSharp.js" was 
ignored.
node_modules/@mui/ico
ns-material/esm/Forma
tIndentIncreaseTwoTon
e.js (1:0): Module 
level directives 
cause errors when 
bundled, "use 
client" in "node_modu
les/@mui/icons-materi
al/esm/FormatIndentIn
creaseTwoTone.js" 
was ignored.
node_modules/@mui/ico
ns-material/esm/Forma
tItalicRounded.js 
(1:0): Module level 
directives cause 
errors when bundled, 
"use client" in "node
_modules/@mui/icons-m
aterial/esm/FormatIta
licRounded.js" was 
ignored.
node_modules/@mui/ico
ns-material/esm/Forma
tIndentIncreaseOutlin
ed.js (1:0): Module 
level directives 
cause errors when 
bundled, "use 
client" in "node_modu
les/@mui/icons-materi
al/esm/FormatIndentIn
creaseOutlined.js" 
was ignored.
node_modules/@mui/ico
ns-material/esm/Forma
tItalic.js (1:0): 
Module level 
directives cause 
errors when bundled, 
"use client" in "node
_modules/@mui/icons-m
aterial/esm/FormatIta
lic.js" was ignored.
node_modules/@mui/ico
ns-material/esm/Forma
tItalicTwoTone.js 
(1:0): Module level 
directives cause 
errors when bundled, 
"use client" in "node
_modules/@mui/icons-m
aterial/esm/FormatIta
licTwoTone.js" was 
ignored.
node_modules/@mui/ico
ns-material/esm/Forma
tLineSpacing.js 
(1:0): Module level 
directives cause 
errors when bundled, 
"use client" in "node
_modules/@mui/icons-m
aterial/esm/FormatLin
eSpacing.js" was 
ignored.
node_modules/@mui/ico
ns-material/esm/Forma
tLineSpacingOutlined.
js (1:0): Module 
level directives 
cause errors when 
bundled, "use 
client" in "node_modu
les/@mui/icons-materi
al/esm/FormatLineSpac
ingOutlined.js" was 
ignored.
node_modules/@mui/ico
ns-material/esm/Forma
tLineSpacingSharp.js 
(1:0): Module level 
directives cause 
errors when bundled, 
"use client" in "node
_modules/@mui/icons-m
aterial/esm/FormatLin
eSpacingSharp.js" 
was ignored.
node_modules/@mui/ico
ns-material/esm/Forma
tListBulletedOutlined
.js (1:0): Module 
level directives 
cause errors when 
bundled, "use 
client" in "node_modu
les/@mui/icons-materi
al/esm/FormatListBull
etedOutlined.js" was 
ignored.
node_modules/@mui/ico
ns-material/esm/Forma
tLineSpacingTwoTone.j
s (1:0): Module 
level directives 
cause errors when 
bundled, "use 
client" in "node_modu
les/@mui/icons-materi
al/esm/FormatLineSpac
ingTwoTone.js" was 
ignored.
node_modules/@mui/ico
ns-material/esm/Forma
tLineSpacingRounded.j
s (1:0): Module 
level directives 
cause errors when 
bundled, "use 
client" in "node_modu
les/@mui/icons-materi
al/esm/FormatLineSpac
ingRounded.js" was 
ignored.
node_modules/@mui/ico
ns-material/esm/Forma
tListBulletedRounded.
js (1:0): Module 
level directives 
cause errors when 
bundled, "use 
client" in "node_modu
les/@mui/icons-materi
al/esm/FormatListBull
etedRounded.js" was 
ignored.
node_modules/@mui/ico
ns-material/esm/Forma
tListBulleted.js 
(1:0): Module level 
directives cause 
errors when bundled, 
"use client" in "node
_modules/@mui/icons-m
aterial/esm/FormatLis
tBulleted.js" was 
ignored.
node_modules/@mui/ico
ns-material/esm/Forma
tListBulletedTwoTone.
js (1:0): Module 
level directives 
cause errors when 
bundled, "use 
client" in "node_modu
les/@mui/icons-materi
al/esm/FormatListBull
etedTwoTone.js" was 
ignored.
node_modules/@mui/ico
ns-material/esm/Forma
tListBulletedSharp.js
 (1:0): Module level 
directives cause 
errors when bundled, 
"use client" in "node
_modules/@mui/icons-m
aterial/esm/FormatLis
tBulletedSharp.js" 
was ignored.
node_modules/@mui/ico
ns-material/esm/Forma
tListNumberedOutlined
.js (1:0): Module 
level directives 
cause errors when 
bundled, "use 
client" in "node_modu
les/@mui/icons-materi
al/esm/FormatListNumb
eredOutlined.js" was 
ignored.
node_modules/@mui/ico
ns-material/esm/Forma
tListNumberedRounded.
js (1:0): Module 
level directives 
cause errors when 
bundled, "use 
client" in "node_modu
les/@mui/icons-materi
al/esm/FormatListNumb
eredRounded.js" was 
ignored.
node_modules/@mui/ico
ns-material/esm/Forma
tListNumberedRtlOutli
ned.js (1:0): Module 
level directives 
cause errors when 
bundled, "use 
client" in "node_modu
les/@mui/icons-materi
al/esm/FormatListNumb
eredRtlOutlined.js" 
was ignored.
node_modules/@mui/ico
ns-material/esm/Forma
tListNumbered.js 
(1:0): Module level 
directives cause 
errors when bundled, 
"use client" in "node
_modules/@mui/icons-m
aterial/esm/FormatLis
tNumbered.js" was 
ignored.
node_modules/@mui/ico
ns-material/esm/Forma
tListNumberedRtlTwoTo
ne.js (1:0): Module 
level directives 
cause errors when 
bundled, "use 
client" in "node_modu
les/@mui/icons-materi
al/esm/FormatListNumb
eredRtlTwoTone.js" 
was ignored.
node_modules/@mui/ico
ns-material/esm/Forma
tListNumberedRtl.js 
(1:0): Module level 
directives cause 
errors when bundled, 
"use client" in "node
_modules/@mui/icons-m
aterial/esm/FormatLis
tNumberedRtl.js" was 
ignored.
node_modules/@mui/ico
ns-material/esm/Forma
tListNumberedRtlSharp
.js (1:0): Module 
level directives 
cause errors when 
bundled, "use 
client" in "node_modu
les/@mui/icons-materi
al/esm/FormatListNumb
eredRtlSharp.js" was 
ignored.
node_modules/@mui/ico
ns-material/esm/Forma
tListNumberedRtlRound
ed.js (1:0): Module 
level directives 
cause errors when 
bundled, "use 
client" in "node_modu
les/@mui/icons-materi
al/esm/FormatListNumb
eredRtlRounded.js" 
was ignored.
node_modules/@mui/ico
ns-material/esm/Forma
tListNumberedSharp.js
 (1:0): Module level 
directives cause 
errors when bundled, 
"use client" in "node
_modules/@mui/icons-m
aterial/esm/FormatLis
tNumberedSharp.js" 
was ignored.
node_modules/@mui/ico
ns-material/esm/Forma
tListNumberedTwoTone.
js (1:0): Module 
level directives 
cause errors when 
bundled, "use 
client" in "node_modu
les/@mui/icons-materi
al/esm/FormatListNumb
eredTwoTone.js" was 
ignored.
node_modules/@mui/ico
ns-material/esm/Forma
tOverline.js (1:0): 
Module level 
directives cause 
errors when bundled, 
"use client" in "node
_modules/@mui/icons-m
aterial/esm/FormatOve
rline.js" was 
ignored.
node_modules/@mui/ico
ns-material/esm/Forma
tOverlineOutlined.js 
(1:0): Module level 
directives cause 
errors when bundled, 
"use client" in "node
_modules/@mui/icons-m
aterial/esm/FormatOve
rlineOutlined.js" 
was ignored.
node_modules/@mui/ico
ns-material/esm/Forma
tOverlineSharp.js 
(1:0): Module level 
directives cause 
errors when bundled, 
"use client" in "node
_modules/@mui/icons-m
aterial/esm/FormatOve
rlineSharp.js" was 
ignored.
node_modules/@mui/ico
ns-material/esm/Forma
tPaint.js (1:0): 
Module level 
directives cause 
errors when bundled, 
"use client" in "node
_modules/@mui/icons-m
aterial/esm/FormatPai
nt.js" was ignored.
node_modules/@mui/ico
ns-material/esm/Forma
tOverlineRounded.js 
(1:0): Module level 
directives cause 
errors when bundled, 
"use client" in "node
_modules/@mui/icons-m
aterial/esm/FormatOve
rlineRounded.js" was 
ignored.
node_modules/@mui/ico
ns-material/esm/Forma
tOverlineTwoTone.js 
(1:0): Module level 
directives cause 
errors when bundled, 
"use client" in "node
_modules/@mui/icons-m
aterial/esm/FormatOve
rlineTwoTone.js" was 
ignored.
node_modules/@mui/ico
ns-material/esm/Forma
tPaintSharp.js 
(1:0): Module level 
directives cause 
errors when bundled, 
"use client" in "node
_modules/@mui/icons-m
aterial/esm/FormatPai
ntSharp.js" was 
ignored.
node_modules/@mui/ico
ns-material/esm/Forma
tPaintTwoTone.js 
(1:0): Module level 
directives cause 
errors when bundled, 
"use client" in "node
_modules/@mui/icons-m
aterial/esm/FormatPai
ntTwoTone.js" was 
ignored.
node_modules/@mui/ico
ns-material/esm/Forma
tPaintRounded.js 
(1:0): Module level 
directives cause 
errors when bundled, 
"use client" in "node
_modules/@mui/icons-m
aterial/esm/FormatPai
ntRounded.js" was 
ignored.
node_modules/@mui/ico
ns-material/esm/Forma
tQuoteOutlined.js 
(1:0): Module level 
directives cause 
errors when bundled, 
"use client" in "node
_modules/@mui/icons-m
aterial/esm/FormatQuo
teOutlined.js" was 
ignored.
node_modules/@mui/ico
ns-material/esm/Forma
tPaintOutlined.js 
(1:0): Module level 
directives cause 
errors when bundled, 
"use client" in "node
_modules/@mui/icons-m
aterial/esm/FormatPai
ntOutlined.js" was 
ignored.
node_modules/@mui/ico
ns-material/esm/Forma
tQuoteRounded.js 
(1:0): Module level 
directives cause 
errors when bundled, 
"use client" in "node
_modules/@mui/icons-m
aterial/esm/FormatQuo
teRounded.js" was 
ignored.
node_modules/@mui/ico
ns-material/esm/Forma
tQuote.js (1:0): 
Module level 
directives cause 
errors when bundled, 
"use client" in "node
_modules/@mui/icons-m
aterial/esm/FormatQuo
te.js" was ignored.
node_modules/@mui/ico
ns-material/esm/Forma
tQuoteSharp.js 
(1:0): Module level 
directives cause 
errors when bundled, 
"use client" in "node
_modules/@mui/icons-m
aterial/esm/FormatQuo
teSharp.js" was 
ignored.
node_modules/@mui/ico
ns-material/esm/Forma
tQuoteTwoTone.js 
(1:0): Module level 
directives cause 
errors when bundled, 
"use client" in "node
_modules/@mui/icons-m
aterial/esm/FormatQuo
teTwoTone.js" was 
ignored.
node_modules/@mui/ico
ns-material/esm/Forma
tShapes.js (1:0): 
Module level 
directives cause 
errors when bundled, 
"use client" in "node
_modules/@mui/icons-m
aterial/esm/FormatSha
pes.js" was ignored.
node_modules/@mui/ico
ns-material/esm/Forma
tShapesRounded.js 
(1:0): Module level 
directives cause 
errors when bundled, 
"use client" in "node
_modules/@mui/icons-m
aterial/esm/FormatSha
pesRounded.js" was 
ignored.
node_modules/@mui/ico
ns-material/esm/Forma
tShapesTwoTone.js 
(1:0): Module level 
directives cause 
errors when bundled, 
"use client" in "node
_modules/@mui/icons-m
aterial/esm/FormatSha
pesTwoTone.js" was 
ignored.
node_modules/@mui/ico
ns-material/esm/Forma
tShapesOutlined.js 
(1:0): Module level 
directives cause 
errors when bundled, 
"use client" in "node
_modules/@mui/icons-m
aterial/esm/FormatSha
pesOutlined.js" was 
ignored.
node_modules/@mui/ico
ns-material/esm/Forma
tSize.js (1:0): 
Module level 
directives cause 
errors when bundled, 
"use client" in "node
_modules/@mui/icons-m
aterial/esm/FormatSiz
e.js" was ignored.
node_modules/@mui/ico
ns-material/esm/Forma
tShapesSharp.js 
(1:0): Module level 
directives cause 
errors when bundled, 
"use client" in "node
_modules/@mui/icons-m
aterial/esm/FormatSha
pesSharp.js" was 
ignored.
node_modules/@mui/ico
ns-material/esm/Forma
tSizeOutlined.js 
(1:0): Module level 
directives cause 
errors when bundled, 
"use client" in "node
_modules/@mui/icons-m
aterial/esm/FormatSiz
eOutlined.js" was 
ignored.
node_modules/@mui/ico
ns-material/esm/Forma
tSizeRounded.js 
(1:0): Module level 
directives cause 
errors when bundled, 
"use client" in "node
_modules/@mui/icons-m
aterial/esm/FormatSiz
eRounded.js" was 
ignored.
node_modules/@mui/ico
ns-material/esm/Forma
tStrikethrough.js 
(1:0): Module level 
directives cause 
errors when bundled, 
"use client" in "node
_modules/@mui/icons-m
aterial/esm/FormatStr
ikethrough.js" was 
ignored.
node_modules/@mui/ico
ns-material/esm/Forma
tSizeSharp.js (1:0): 
Module level 
directives cause 
errors when bundled, 
"use client" in "node
_modules/@mui/icons-m
aterial/esm/FormatSiz
eSharp.js" was 
ignored.
node_modules/@mui/ico
ns-material/esm/Forma
tStrikethroughOutline
d.js (1:0): Module 
level directives 
cause errors when 
bundled, "use 
client" in "node_modu
les/@mui/icons-materi
al/esm/FormatStriketh
roughOutlined.js" 
was ignored.
node_modules/@mui/ico
ns-material/esm/Forma
tSizeTwoTone.js 
(1:0): Module level 
directives cause 
errors when bundled, 
"use client" in "node
_modules/@mui/icons-m
aterial/esm/FormatSiz
eTwoTone.js" was 
ignored.
node_modules/@mui/ico
ns-material/esm/Forma
tStrikethroughSharp.j
s (1:0): Module 
level directives 
cause errors when 
bundled, "use 
client" in "node_modu
les/@mui/icons-materi
al/esm/FormatStriketh
roughSharp.js" was 
ignored.
node_modules/@mui/ico
ns-material/esm/Forma
tStrikethroughRounded
.js (1:0): Module 
level directives 
cause errors when 
bundled, "use 
client" in "node_modu
les/@mui/icons-materi
al/esm/FormatStriketh
roughRounded.js" was 
ignored.
node_modules/@mui/ico
ns-material/esm/Forma
tStrikethroughTwoTone
.js (1:0): Module 
level directives 
cause errors when 
bundled, "use 
client" in "node_modu
les/@mui/icons-materi
al/esm/FormatStriketh
roughTwoTone.js" was 
ignored.
node_modules/@mui/ico
ns-material/esm/Forma
tTextdirectionLToR.js
 (1:0): Module level 
directives cause 
errors when bundled, 
"use client" in "node
_modules/@mui/icons-m
aterial/esm/FormatTex
tdirectionLToR.js" 
was ignored.
node_modules/@mui/ico
ns-material/esm/Forma
tTextdirectionLToROut
lined.js (1:0): 
Module level 
directives cause 
errors when bundled, 
"use client" in "node
_modules/@mui/icons-m
aterial/esm/FormatTex
tdirectionLToROutline
d.js" was ignored.
node_modules/@mui/ico
ns-material/esm/Forma
tTextdirectionLToRSha
rp.js (1:0): Module 
level directives 
cause errors when 
bundled, "use 
client" in "node_modu
les/@mui/icons-materi
al/esm/FormatTextdire
ctionLToRSharp.js" 
was ignored.
node_modules/@mui/ico
ns-material/esm/Forma
tTextdirectionLToRTwo
Tone.js (1:0): 
Module level 
directives cause 
errors when bundled, 
"use client" in "node
_modules/@mui/icons-m
aterial/esm/FormatTex
tdirectionLToRTwoTone
.js" was ignored.
node_modules/@mui/ico
ns-material/esm/Forma
tTextdirectionRToLOut
lined.js (1:0): 
Module level 
directives cause 
errors when bundled, 
"use client" in "node
_modules/@mui/icons-m
aterial/esm/FormatTex
tdirectionRToLOutline
d.js" was ignored.
node_modules/@mui/ico
ns-material/esm/Forma
tTextdirectionLToRRou
nded.js (1:0): 
Module level 
directives cause 
errors when bundled, 
"use client" in "node
_modules/@mui/icons-m
aterial/esm/FormatTex
tdirectionLToRRounded
.js" was ignored.
node_modules/@mui/ico
ns-material/esm/Forma
tTextdirectionRToLRou
nded.js (1:0): 
Module level 
directives cause 
errors when bundled, 
"use client" in "node
_modules/@mui/icons-m
aterial/esm/FormatTex
tdirectionRToLRounded
.js" was ignored.
node_modules/@mui/ico
ns-material/esm/Forma
tTextdirectionRToLSha
rp.js (1:0): Module 
level directives 
cause errors when 
bundled, "use 
client" in "node_modu
les/@mui/icons-materi
al/esm/FormatTextdire
ctionRToLSharp.js" 
was ignored.
node_modules/@mui/ico
ns-material/esm/Forma
tTextdirectionRToLTwo
Tone.js (1:0): 
Module level 
directives cause 
errors when bundled, 
"use client" in "node
_modules/@mui/icons-m
aterial/esm/FormatTex
tdirectionRToLTwoTone
.js" was ignored.
node_modules/@mui/ico
ns-material/esm/Forma
tUnderlined.js 
(1:0): Module level 
directives cause 
errors when bundled, 
"use client" in "node
_modules/@mui/icons-m
aterial/esm/FormatUnd
erlined.js" was 
ignored.
node_modules/@mui/ico
ns-material/esm/Forma
tUnderlinedTwoTone.js
 (1:0): Module level 
directives cause 
errors when bundled, 
"use client" in "node
_modules/@mui/icons-m
aterial/esm/FormatUnd
erlinedTwoTone.js" 
was ignored.
node_modules/@mui/ico
ns-material/esm/Forma
tTextdirectionRToL.js
 (1:0): Module level 
directives cause 
errors when bundled, 
"use client" in "node
_modules/@mui/icons-m
aterial/esm/FormatTex
tdirectionRToL.js" 
was ignored.
node_modules/@mui/ico
ns-material/esm/Forma
tUnderlinedSharp.js 
(1:0): Module level 
directives cause 
errors when bundled, 
"use client" in "node
_modules/@mui/icons-m
aterial/esm/FormatUnd
erlinedSharp.js" was 
ignored.
node_modules/@mui/ico
ns-material/esm/Forma
tUnderlinedOutlined.j
s (1:0): Module 
level directives 
cause errors when 
bundled, "use 
client" in "node_modu
les/@mui/icons-materi
al/esm/FormatUnderlin
edOutlined.js" was 
ignored.
node_modules/@mui/ico
ns-material/esm/Fort.
js (1:0): Module 
level directives 
cause errors when 
bundled, "use 
client" in "node_modu
les/@mui/icons-materi
al/esm/Fort.js" was 
ignored.
node_modules/@mui/ico
ns-material/esm/FortR
ounded.js (1:0): 
Module level 
directives cause 
errors when bundled, 
"use client" in "node
_modules/@mui/icons-m
aterial/esm/FortRound
ed.js" was ignored.
node_modules/@mui/ico
ns-material/esm/Forma
tUnderlinedRounded.js
 (1:0): Module level 
directives cause 
errors when bundled, 
"use client" in "node
_modules/@mui/icons-m
aterial/esm/FormatUnd
erlinedRounded.js" 
was ignored.
node_modules/@mui/ico
ns-material/esm/FortO
utlined.js (1:0): 
Module level 
directives cause 
errors when bundled, 
"use client" in "node
_modules/@mui/icons-m
aterial/esm/FortOutli
ned.js" was ignored.
node_modules/@mui/ico
ns-material/esm/FortT
woTone.js (1:0): 
Module level 
directives cause 
errors when bundled, 
"use client" in "node
_modules/@mui/icons-m
aterial/esm/FortTwoTo
ne.js" was ignored.
node_modules/@mui/ico
ns-material/esm/Forum
.js (1:0): Module 
level directives 
cause errors when 
bundled, "use 
client" in "node_modu
les/@mui/icons-materi
al/esm/Forum.js" was 
ignored.
node_modules/@mui/ico
ns-material/esm/Forum
Rounded.js (1:0): 
Module level 
directives cause 
errors when bundled, 
"use client" in "node
_modules/@mui/icons-m
aterial/esm/ForumRoun
ded.js" was ignored.
node_modules/@mui/ico
ns-material/esm/Forum
Sharp.js (1:0): 
Module level 
directives cause 
errors when bundled, 
"use client" in "node
_modules/@mui/icons-m
aterial/esm/ForumShar
p.js" was ignored.
node_modules/@mui/ico
ns-material/esm/FortS
harp.js (1:0): 
Module level 
directives cause 
errors when bundled, 
"use client" in "node
_modules/@mui/icons-m
aterial/esm/FortSharp
.js" was ignored.
node_modules/@mui/ico
ns-material/esm/Forum
Outlined.js (1:0): 
Module level 
directives cause 
errors when bundled, 
"use client" in "node
_modules/@mui/icons-m
aterial/esm/ForumOutl
ined.js" was ignored.
node_modules/@mui/ico
ns-material/esm/Forum
TwoTone.js (1:0): 
Module level 
directives cause 
errors when bundled, 
"use client" in "node
_modules/@mui/icons-m
aterial/esm/ForumTwoT
one.js" was ignored.
node_modules/@mui/ico
ns-material/esm/Forwa
rd10.js (1:0): 
Module level 
directives cause 
errors when bundled, 
"use client" in "node
_modules/@mui/icons-m
aterial/esm/Forward10
.js" was ignored.
node_modules/@mui/ico
ns-material/esm/Forwa
rd10TwoTone.js 
(1:0): Module level 
directives cause 
errors when bundled, 
"use client" in "node
_modules/@mui/icons-m
aterial/esm/Forward10
TwoTone.js" was 
ignored.
node_modules/@mui/ico
ns-material/esm/Forwa
rd.js (1:0): Module 
level directives 
cause errors when 
bundled, "use 
client" in "node_modu
les/@mui/icons-materi
al/esm/Forward.js" 
was ignored.
node_modules/@mui/ico
ns-material/esm/Forwa
rd10Sharp.js (1:0): 
Module level 
directives cause 
errors when bundled, 
"use client" in "node
_modules/@mui/icons-m
aterial/esm/Forward10
Sharp.js" was 
ignored.
node_modules/@mui/ico
ns-material/esm/Forwa
rd10Outlined.js 
(1:0): Module level 
directives cause 
errors when bundled, 
"use client" in "node
_modules/@mui/icons-m
aterial/esm/Forward10
Outlined.js" was 
ignored.
node_modules/@mui/ico
ns-material/esm/Forwa
rd30.js (1:0): 
Module level 
directives cause 
errors when bundled, 
"use client" in "node
_modules/@mui/icons-m
aterial/esm/Forward30
.js" was ignored.
node_modules/@mui/ico
ns-material/esm/Forwa
rd10Rounded.js 
(1:0): Module level 
directives cause 
errors when bundled, 
"use client" in "node
_modules/@mui/icons-m
aterial/esm/Forward10
Rounded.js" was 
ignored.
node_modules/@mui/ico
ns-material/esm/Forwa
rd30Sharp.js (1:0): 
Module level 
directives cause 
errors when bundled, 
"use client" in "node
_modules/@mui/icons-m
aterial/esm/Forward30
Sharp.js" was 
ignored.
node_modules/@mui/ico
ns-material/esm/Forwa
rd30Outlined.js 
(1:0): Module level 
directives cause 
errors when bundled, 
"use client" in "node
_modules/@mui/icons-m
aterial/esm/Forward30
Outlined.js" was 
ignored.
node_modules/@mui/ico
ns-material/esm/Forwa
rd5.js (1:0): Module 
level directives 
cause errors when 
bundled, "use 
client" in "node_modu
les/@mui/icons-materi
al/esm/Forward5.js" 
was ignored.
node_modules/@mui/ico
ns-material/esm/Forwa
rd30Rounded.js 
(1:0): Module level 
directives cause 
errors when bundled, 
"use client" in "node
_modules/@mui/icons-m
aterial/esm/Forward30
Rounded.js" was 
ignored.
node_modules/@mui/ico
ns-material/esm/Forwa
rd5Rounded.js (1:0): 
Module level 
directives cause 
errors when bundled, 
"use client" in "node
_modules/@mui/icons-m
aterial/esm/Forward5R
ounded.js" was 
ignored.
node_modules/@mui/ico
ns-material/esm/Forwa
rd30TwoTone.js 
(1:0): Module level 
directives cause 
errors when bundled, 
"use client" in "node
_modules/@mui/icons-m
aterial/esm/Forward30
TwoTone.js" was 
ignored.
node_modules/@mui/ico
ns-material/esm/Forwa
rd5Sharp.js (1:0): 
Module level 
directives cause 
errors when bundled, 
"use client" in "node
_modules/@mui/icons-m
aterial/esm/Forward5S
harp.js" was ignored.
node_modules/@mui/ico
ns-material/esm/Forwa
rd5Outlined.js 
(1:0): Module level 
directives cause 
errors when bundled, 
"use client" in "node
_modules/@mui/icons-m
aterial/esm/Forward5O
utlined.js" was 
ignored.
node_modules/@mui/ico
ns-material/esm/Forwa
rdOutlined.js (1:0): 
Module level 
directives cause 
errors when bundled, 
"use client" in "node
_modules/@mui/icons-m
aterial/esm/ForwardOu
tlined.js" was 
ignored.
node_modules/@mui/ico
ns-material/esm/Forwa
rd5TwoTone.js (1:0): 
Module level 
directives cause 
errors when bundled, 
"use client" in "node
_modules/@mui/icons-m
aterial/esm/Forward5T
woTone.js" was 
ignored.
node_modules/@mui/ico
ns-material/esm/Forwa
rdRounded.js (1:0): 
Module level 
directives cause 
errors when bundled, 
"use client" in "node
_modules/@mui/icons-m
aterial/esm/ForwardRo
unded.js" was 
ignored.
node_modules/@mui/ico
ns-material/esm/Forwa
rdSharp.js (1:0): 
Module level 
directives cause 
errors when bundled, 
"use client" in "node
_modules/@mui/icons-m
aterial/esm/ForwardSh
arp.js" was ignored.
node_modules/@mui/ico
ns-material/esm/Forwa
rdToInboxSharp.js 
(1:0): Module level 
directives cause 
errors when bundled, 
"use client" in "node
_modules/@mui/icons-m
aterial/esm/ForwardTo
InboxSharp.js" was 
ignored.
node_modules/@mui/ico
ns-material/esm/Forwa
rdToInboxRounded.js 
(1:0): Module level 
directives cause 
errors when bundled, 
"use client" in "node
_modules/@mui/icons-m
aterial/esm/ForwardTo
InboxRounded.js" was 
ignored.
node_modules/@mui/ico
ns-material/esm/Forwa
rdToInboxTwoTone.js 
(1:0): Module level 
directives cause 
errors when bundled, 
"use client" in "node
_modules/@mui/icons-m
aterial/esm/ForwardTo
InboxTwoTone.js" was 
ignored.
node_modules/@mui/ico
ns-material/esm/Forwa
rdTwoTone.js (1:0): 
Module level 
directives cause 
errors when bundled, 
"use client" in "node
_modules/@mui/icons-m
aterial/esm/ForwardTw
oTone.js" was 
ignored.
node_modules/@mui/ico
ns-material/esm/Found
ationRounded.js 
(1:0): Module level 
directives cause 
errors when bundled, 
"use client" in "node
_modules/@mui/icons-m
aterial/esm/Foundatio
nRounded.js" was 
ignored.
node_modules/@mui/ico
ns-material/esm/Found
ationOutlined.js 
(1:0): Module level 
directives cause 
errors when bundled, 
"use client" in "node
_modules/@mui/icons-m
aterial/esm/Foundatio
nOutlined.js" was 
ignored.
node_modules/@mui/ico
ns-material/esm/Forwa
rdToInboxOutlined.js 
(1:0): Module level 
directives cause 
errors when bundled, 
"use client" in "node
_modules/@mui/icons-m
aterial/esm/ForwardTo
InboxOutlined.js" 
was ignored.
node_modules/@mui/ico
ns-material/esm/Found
ationSharp.js (1:0): 
Module level 
directives cause 
errors when bundled, 
"use client" in "node
_modules/@mui/icons-m
aterial/esm/Foundatio
nSharp.js" was 
ignored.
node_modules/@mui/ico
ns-material/esm/Found
ation.js (1:0): 
Module level 
directives cause 
errors when bundled, 
"use client" in "node
_modules/@mui/icons-m
aterial/esm/Foundatio
n.js" was ignored.
node_modules/@mui/ico
ns-material/esm/FourG
Mobiledata.js (1:0): 
Module level 
directives cause 
errors when bundled, 
"use client" in "node
_modules/@mui/icons-m
aterial/esm/FourGMobi
ledata.js" was 
ignored.
node_modules/@mui/ico
ns-material/esm/Found
ationTwoTone.js 
(1:0): Module level 
directives cause 
errors when bundled, 
"use client" in "node
_modules/@mui/icons-m
aterial/esm/Foundatio
nTwoTone.js" was 
ignored.
node_modules/@mui/ico
ns-material/esm/FourG
MobiledataRounded.js 
(1:0): Module level 
directives cause 
errors when bundled, 
"use client" in "node
_modules/@mui/icons-m
aterial/esm/FourGMobi
ledataRounded.js" 
was ignored.
node_modules/@mui/ico
ns-material/esm/FourG
MobiledataOutlined.js
 (1:0): Module level 
directives cause 
errors when bundled, 
"use client" in "node
_modules/@mui/icons-m
aterial/esm/FourGMobi
ledataOutlined.js" 
was ignored.
node_modules/@mui/ico
ns-material/esm/FourG
MobiledataTwoTone.js 
(1:0): Module level 
directives cause 
errors when bundled, 
"use client" in "node
_modules/@mui/icons-m
aterial/esm/FourGMobi
ledataTwoTone.js" 
was ignored.
node_modules/@mui/ico
ns-material/esm/FourG
MobiledataSharp.js 
(1:0): Module level 
directives cause 
errors when bundled, 
"use client" in "node
_modules/@mui/icons-m
aterial/esm/FourGMobi
ledataSharp.js" was 
ignored.
node_modules/@mui/ico
ns-material/esm/FourG
PlusMobiledata.js 
(1:0): Module level 
directives cause 
errors when bundled, 
"use client" in "node
_modules/@mui/icons-m
aterial/esm/FourGPlus
Mobiledata.js" was 
ignored.
node_modules/@mui/ico
ns-material/esm/FourG
PlusMobiledataSharp.j
s (1:0): Module 
level directives 
cause errors when 
bundled, "use 
client" in "node_modu
les/@mui/icons-materi
al/esm/FourGPlusMobil
edataSharp.js" was 
ignored.
node_modules/@mui/ico
ns-material/esm/FourG
PlusMobiledataOutline
d.js (1:0): Module 
level directives 
cause errors when 
bundled, "use 
client" in "node_modu
les/@mui/icons-materi
al/esm/FourGPlusMobil
edataOutlined.js" 
was ignored.
node_modules/@mui/ico
ns-material/esm/FourG
PlusMobiledataTwoTone
.js (1:0): Module 
level directives 
cause errors when 
bundled, "use 
client" in "node_modu
les/@mui/icons-materi
al/esm/FourGPlusMobil
edataTwoTone.js" was 
ignored.
node_modules/@mui/ico
ns-material/esm/FourG
PlusMobiledataRounded
.js (1:0): Module 
level directives 
cause errors when 
bundled, "use 
client" in "node_modu
les/@mui/icons-materi
al/esm/FourGPlusMobil
edataRounded.js" was 
ignored.
node_modules/@mui/ico
ns-material/esm/FourK
Outlined.js (1:0): 
Module level 
directives cause 
errors when bundled, 
"use client" in "node
_modules/@mui/icons-m
aterial/esm/FourKOutl
ined.js" was ignored.
node_modules/@mui/ico
ns-material/esm/FourK
.js (1:0): Module 
level directives 
cause errors when 
bundled, "use 
client" in "node_modu
les/@mui/icons-materi
al/esm/FourK.js" was 
ignored.
node_modules/@mui/ico
ns-material/esm/Forwa
rdToInbox.js (1:0): 
Module level 
directives cause 
errors when bundled, 
"use client" in "node
_modules/@mui/icons-m
aterial/esm/ForwardTo
Inbox.js" was 
ignored.
node_modules/@mui/ico
ns-material/esm/FourK
PlusSharp.js (1:0): 
Module level 
directives cause 
errors when bundled, 
"use client" in "node
_modules/@mui/icons-m
aterial/esm/FourKPlus
Sharp.js" was 
ignored.
node_modules/@mui/ico
ns-material/esm/FourK
Plus.js (1:0): 
Module level 
directives cause 
errors when bundled, 
"use client" in "node
_modules/@mui/icons-m
aterial/esm/FourKPlus
.js" was ignored.
node_modules/@mui/ico
ns-material/esm/FourK
PlusOutlined.js 
(1:0): Module level 
directives cause 
errors when bundled, 
"use client" in "node
_modules/@mui/icons-m
aterial/esm/FourKPlus
Outlined.js" was 
ignored.
node_modules/@mui/ico
ns-material/esm/FourK
PlusTwoTone.js 
(1:0): Module level 
directives cause 
errors when bundled, 
"use client" in "node
_modules/@mui/icons-m
aterial/esm/FourKPlus
TwoTone.js" was 
ignored.
node_modules/@mui/ico
ns-material/esm/FourK
Rounded.js (1:0): 
Module level 
directives cause 
errors when bundled, 
"use client" in "node
_modules/@mui/icons-m
aterial/esm/FourKRoun
ded.js" was ignored.
node_modules/@mui/ico
ns-material/esm/FourK
PlusRounded.js 
(1:0): Module level 
directives cause 
errors when bundled, 
"use client" in "node
_modules/@mui/icons-m
aterial/esm/FourKPlus
Rounded.js" was 
ignored.
node_modules/@mui/ico
ns-material/esm/FourM
pOutlined.js (1:0): 
Module level 
directives cause 
errors when bundled, 
"use client" in "node
_modules/@mui/icons-m
aterial/esm/FourMpOut
lined.js" was 
ignored.
node_modules/@mui/ico
ns-material/esm/FourM
p.js (1:0): Module 
level directives 
cause errors when 
bundled, "use 
client" in "node_modu
les/@mui/icons-materi
al/esm/FourMp.js" 
was ignored.
node_modules/@mui/ico
ns-material/esm/FourM
pRounded.js (1:0): 
Module level 
directives cause 
errors when bundled, 
"use client" in "node
_modules/@mui/icons-m
aterial/esm/FourMpRou
nded.js" was ignored.
node_modules/@mui/ico
ns-material/esm/FourK
Sharp.js (1:0): 
Module level 
directives cause 
errors when bundled, 
"use client" in "node
_modules/@mui/icons-m
aterial/esm/FourKShar
p.js" was ignored.
node_modules/@mui/ico
ns-material/esm/FourM
pSharp.js (1:0): 
Module level 
directives cause 
errors when bundled, 
"use client" in "node
_modules/@mui/icons-m
aterial/esm/FourMpSha
rp.js" was ignored.
node_modules/@mui/ico
ns-material/esm/FourM
pTwoTone.js (1:0): 
Module level 
directives cause 
errors when bundled, 
"use client" in "node
_modules/@mui/icons-m
aterial/esm/FourMpTwo
Tone.js" was ignored.
node_modules/@mui/ico
ns-material/esm/FourK
TwoTone.js (1:0): 
Module level 
directives cause 
errors when bundled, 
"use client" in "node
_modules/@mui/icons-m
aterial/esm/FourKTwoT
one.js" was ignored.
node_modules/@mui/ico
ns-material/esm/Fourt
eenMp.js (1:0): 
Module level 
directives cause 
errors when bundled, 
"use client" in "node
_modules/@mui/icons-m
aterial/esm/FourteenM
p.js" was ignored.
node_modules/@mui/ico
ns-material/esm/Fourt
eenMpOutlined.js 
(1:0): Module level 
directives cause 
errors when bundled, 
"use client" in "node
_modules/@mui/icons-m
aterial/esm/FourteenM
pOutlined.js" was 
ignored.
node_modules/@mui/ico
ns-material/esm/Fourt
eenMpRounded.js 
(1:0): Module level 
directives cause 
errors when bundled, 
"use client" in "node
_modules/@mui/icons-m
aterial/esm/FourteenM
pRounded.js" was 
ignored.
node_modules/@mui/ico
ns-material/esm/Fourt
eenMpSharp.js (1:0): 
Module level 
directives cause 
errors when bundled, 
"use client" in "node
_modules/@mui/icons-m
aterial/esm/FourteenM
pSharp.js" was 
ignored.
node_modules/@mui/ico
ns-material/esm/Fourt
eenMpTwoTone.js 
(1:0): Module level 
directives cause 
errors when bundled, 
"use client" in "node
_modules/@mui/icons-m
aterial/esm/FourteenM
pTwoTone.js" was 
ignored.
node_modules/@mui/ico
ns-material/esm/FreeB
reakfastOutlined.js 
(1:0): Module level 
directives cause 
errors when bundled, 
"use client" in "node
_modules/@mui/icons-m
aterial/esm/FreeBreak
fastOutlined.js" was 
ignored.
node_modules/@mui/ico
ns-material/esm/FreeB
reakfastRounded.js 
(1:0): Module level 
directives cause 
errors when bundled, 
"use client" in "node
_modules/@mui/icons-m
aterial/esm/FreeBreak
fastRounded.js" was 
ignored.
node_modules/@mui/ico
ns-material/esm/FreeB
reakfastSharp.js 
(1:0): Module level 
directives cause 
errors when bundled, 
"use client" in "node
_modules/@mui/icons-m
aterial/esm/FreeBreak
fastSharp.js" was 
ignored.
node_modules/@mui/ico
ns-material/esm/FreeB
reakfastTwoTone.js 
(1:0): Module level 
directives cause 
errors when bundled, 
"use client" in "node
_modules/@mui/icons-m
aterial/esm/FreeBreak
fastTwoTone.js" was 
ignored.
node_modules/@mui/ico
ns-material/esm/Fulls
creen.js (1:0): 
Module level 
directives cause 
errors when bundled, 
"use client" in "node
_modules/@mui/icons-m
aterial/esm/Fullscree
n.js" was ignored.
node_modules/@mui/ico
ns-material/esm/Fulls
creenExit.js (1:0): 
Module level 
directives cause 
errors when bundled, 
"use client" in "node
_modules/@mui/icons-m
aterial/esm/Fullscree
nExit.js" was 
ignored.
node_modules/@mui/ico
ns-material/esm/FreeB
reakfast.js (1:0): 
Module level 
directives cause 
errors when bundled, 
"use client" in "node
_modules/@mui/icons-m
aterial/esm/FreeBreak
fast.js" was ignored.
node_modules/@mui/ico
ns-material/esm/Fulls
creenExitTwoTone.js 
(1:0): Module level 
directives cause 
errors when bundled, 
"use client" in "node
_modules/@mui/icons-m
aterial/esm/Fullscree
nExitTwoTone.js" was 
ignored.
node_modules/@mui/ico
ns-material/esm/Fulls
creenExitSharp.js 
(1:0): Module level 
directives cause 
errors when bundled, 
"use client" in "node
_modules/@mui/icons-m
aterial/esm/Fullscree
nExitSharp.js" was 
ignored.
node_modules/@mui/ico
ns-material/esm/Fulls
creenExitRounded.js 
(1:0): Module level 
directives cause 
errors when bundled, 
"use client" in "node
_modules/@mui/icons-m
aterial/esm/Fullscree
nExitRounded.js" was 
ignored.
node_modules/@mui/ico
ns-material/esm/Fulls
creenOutlined.js 
(1:0): Module level 
directives cause 
errors when bundled, 
"use client" in "node
_modules/@mui/icons-m
aterial/esm/Fullscree
nOutlined.js" was 
ignored.
node_modules/@mui/ico
ns-material/esm/Fulls
creenSharp.js (1:0): 
Module level 
directives cause 
errors when bundled, 
"use client" in "node
_modules/@mui/icons-m
aterial/esm/Fullscree
nSharp.js" was 
ignored.
node_modules/@mui/ico
ns-material/esm/Fulls
creenExitOutlined.js 
(1:0): Module level 
directives cause 
errors when bundled, 
"use client" in "node
_modules/@mui/icons-m
aterial/esm/Fullscree
nExitOutlined.js" 
was ignored.
node_modules/@mui/ico
ns-material/esm/Fulls
creenRounded.js 
(1:0): Module level 
directives cause 
errors when bundled, 
"use client" in "node
_modules/@mui/icons-m
aterial/esm/Fullscree
nRounded.js" was 
ignored.
node_modules/@mui/ico
ns-material/esm/Funct
ions.js (1:0): 
Module level 
directives cause 
errors when bundled, 
"use client" in "node
_modules/@mui/icons-m
aterial/esm/Functions
.js" was ignored.
node_modules/@mui/ico
ns-material/esm/Fulls
creenTwoTone.js 
(1:0): Module level 
directives cause 
errors when bundled, 
"use client" in "node
_modules/@mui/icons-m
aterial/esm/Fullscree
nTwoTone.js" was 
ignored.
node_modules/@mui/ico
ns-material/esm/Funct
ionsTwoTone.js 
(1:0): Module level 
directives cause 
errors when bundled, 
"use client" in "node
_modules/@mui/icons-m
aterial/esm/Functions
TwoTone.js" was 
ignored.
node_modules/@mui/ico
ns-material/esm/GMobi
ledata.js (1:0): 
Module level 
directives cause 
errors when bundled, 
"use client" in "node
_modules/@mui/icons-m
aterial/esm/GMobileda
ta.js" was ignored.
node_modules/@mui/ico
ns-material/esm/GMobi
ledataOutlined.js 
(1:0): Module level 
directives cause 
errors when bundled, 
"use client" in "node
_modules/@mui/icons-m
aterial/esm/GMobileda
taOutlined.js" was 
ignored.
node_modules/@mui/ico
ns-material/esm/Funct
ionsSharp.js (1:0): 
Module level 
directives cause 
errors when bundled, 
"use client" in "node
_modules/@mui/icons-m
aterial/esm/Functions
Sharp.js" was 
ignored.
node_modules/@mui/ico
ns-material/esm/GMobi
ledataRounded.js 
(1:0): Module level 
directives cause 
errors when bundled, 
"use client" in "node
_modules/@mui/icons-m
aterial/esm/GMobileda
taRounded.js" was 
ignored.
node_modules/@mui/ico
ns-material/esm/GMobi
ledataTwoTone.js 
(1:0): Module level 
directives cause 
errors when bundled, 
"use client" in "node
_modules/@mui/icons-m
aterial/esm/GMobileda
taTwoTone.js" was 
ignored.
node_modules/@mui/ico
ns-material/esm/GMobi
ledataSharp.js 
(1:0): Module level 
directives cause 
errors when bundled, 
"use client" in "node
_modules/@mui/icons-m
aterial/esm/GMobileda
taSharp.js" was 
ignored.
node_modules/@mui/ico
ns-material/esm/GTran
slate.js (1:0): 
Module level 
directives cause 
errors when bundled, 
"use client" in "node
_modules/@mui/icons-m
aterial/esm/GTranslat
e.js" was ignored.
node_modules/@mui/ico
ns-material/esm/GTran
slateOutlined.js 
(1:0): Module level 
directives cause 
errors when bundled, 
"use client" in "node
_modules/@mui/icons-m
aterial/esm/GTranslat
eOutlined.js" was 
ignored.
node_modules/@mui/ico
ns-material/esm/GTran
slateTwoTone.js 
(1:0): Module level 
directives cause 
errors when bundled, 
"use client" in "node
_modules/@mui/icons-m
aterial/esm/GTranslat
eTwoTone.js" was 
ignored.
node_modules/@mui/ico
ns-material/esm/GTran
slateRounded.js 
(1:0): Module level 
directives cause 
errors when bundled, 
"use client" in "node
_modules/@mui/icons-m
aterial/esm/GTranslat
eRounded.js" was 
ignored.
node_modules/@mui/ico
ns-material/esm/GTran
slateSharp.js (1:0): 
Module level 
directives cause 
errors when bundled, 
"use client" in "node
_modules/@mui/icons-m
aterial/esm/GTranslat
eSharp.js" was 
ignored.
node_modules/@mui/ico
ns-material/esm/Gamep
ad.js (1:0): Module 
level directives 
cause errors when 
bundled, "use 
client" in "node_modu
les/@mui/icons-materi
al/esm/Gamepad.js" 
was ignored.
node_modules/@mui/ico
ns-material/esm/Gamep
adOutlined.js (1:0): 
Module level 
directives cause 
errors when bundled, 
"use client" in "node
_modules/@mui/icons-m
aterial/esm/GamepadOu
tlined.js" was 
ignored.
node_modules/@mui/ico
ns-material/esm/Gamep
adRounded.js (1:0): 
Module level 
directives cause 
errors when bundled, 
"use client" in "node
_modules/@mui/icons-m
aterial/esm/GamepadRo
unded.js" was 
ignored.
node_modules/@mui/ico
ns-material/esm/Funct
ionsRounded.js 
(1:0): Module level 
directives cause 
errors when bundled, 
"use client" in "node
_modules/@mui/icons-m
aterial/esm/Functions
Rounded.js" was 
ignored.
node_modules/@mui/ico
ns-material/esm/Gamep
adSharp.js (1:0): 
Module level 
directives cause 
errors when bundled, 
"use client" in "node
_modules/@mui/icons-m
aterial/esm/GamepadSh
arp.js" was ignored.
node_modules/@mui/ico
ns-material/esm/Gamep
adTwoTone.js (1:0): 
Module level 
directives cause 
errors when bundled, 
"use client" in "node
_modules/@mui/icons-m
aterial/esm/GamepadTw
oTone.js" was 
ignored.
node_modules/@mui/ico
ns-material/esm/Games
.js (1:0): Module 
level directives 
cause errors when 
bundled, "use 
client" in "node_modu
les/@mui/icons-materi
al/esm/Games.js" was 
ignored.
node_modules/@mui/ico
ns-material/esm/Games
Outlined.js (1:0): 
Module level 
directives cause 
errors when bundled, 
"use client" in "node
_modules/@mui/icons-m
aterial/esm/GamesOutl
ined.js" was ignored.
node_modules/@mui/ico
ns-material/esm/Games
Rounded.js (1:0): 
Module level 
directives cause 
errors when bundled, 
"use client" in "node
_modules/@mui/icons-m
aterial/esm/GamesRoun
ded.js" was ignored.
node_modules/@mui/ico
ns-material/esm/Games
Sharp.js (1:0): 
Module level 
directives cause 
errors when bundled, 
"use client" in "node
_modules/@mui/icons-m
aterial/esm/GamesShar
p.js" was ignored.
node_modules/@mui/ico
ns-material/esm/Games
TwoTone.js (1:0): 
Module level 
directives cause 
errors when bundled, 
"use client" in "node
_modules/@mui/icons-m
aterial/esm/GamesTwoT
one.js" was ignored.
node_modules/@mui/ico
ns-material/esm/Garag
e.js (1:0): Module 
level directives 
cause errors when 
bundled, "use 
client" in "node_modu
les/@mui/icons-materi
al/esm/Garage.js" 
was ignored.
node_modules/@mui/ico
ns-material/esm/Garag
eOutlined.js (1:0): 
Module level 
directives cause 
errors when bundled, 
"use client" in "node
_modules/@mui/icons-m
aterial/esm/GarageOut
lined.js" was 
ignored.
node_modules/@mui/ico
ns-material/esm/Garag
eRounded.js (1:0): 
Module level 
directives cause 
errors when bundled, 
"use client" in "node
_modules/@mui/icons-m
aterial/esm/GarageRou
nded.js" was ignored.
node_modules/@mui/ico
ns-material/esm/Funct
ionsOutlined.js 
(1:0): Module level 
directives cause 
errors when bundled, 
"use client" in "node
_modules/@mui/icons-m
aterial/esm/Functions
Outlined.js" was 
ignored.
node_modules/@mui/ico
ns-material/esm/Garag
eSharp.js (1:0): 
Module level 
directives cause 
errors when bundled, 
"use client" in "node
_modules/@mui/icons-m
aterial/esm/GarageSha
rp.js" was ignored.
node_modules/@mui/ico
ns-material/esm/Garag
eTwoTone.js (1:0): 
Module level 
directives cause 
errors when bundled, 
"use client" in "node
_modules/@mui/icons-m
aterial/esm/GarageTwo
Tone.js" was ignored.
node_modules/@mui/ico
ns-material/esm/GasMe
ter.js (1:0): Module 
level directives 
cause errors when 
bundled, "use 
client" in "node_modu
les/@mui/icons-materi
al/esm/GasMeter.js" 
was ignored.
node_modules/@mui/ico
ns-material/esm/GasMe
terOutlined.js 
(1:0): Module level 
directives cause 
errors when bundled, 
"use client" in "node
_modules/@mui/icons-m
aterial/esm/GasMeterO
utlined.js" was 
ignored.
node_modules/@mui/ico
ns-material/esm/GasMe
terRounded.js (1:0): 
Module level 
directives cause 
errors when bundled, 
"use client" in "node
_modules/@mui/icons-m
aterial/esm/GasMeterR
ounded.js" was 
ignored.
node_modules/@mui/ico
ns-material/esm/GasMe
terSharp.js (1:0): 
Module level 
directives cause 
errors when bundled, 
"use client" in "node
_modules/@mui/icons-m
aterial/esm/GasMeterS
harp.js" was ignored.
node_modules/@mui/ico
ns-material/esm/GasMe
terTwoTone.js (1:0): 
Module level 
directives cause 
errors when bundled, 
"use client" in "node
_modules/@mui/icons-m
aterial/esm/GasMeterT
woTone.js" was 
ignored.
node_modules/@mui/ico
ns-material/esm/Gavel
Outlined.js (1:0): 
Module level 
directives cause 
errors when bundled, 
"use client" in "node
_modules/@mui/icons-m
aterial/esm/GavelOutl
ined.js" was ignored.
node_modules/@mui/ico
ns-material/esm/Gavel
Rounded.js (1:0): 
Module level 
directives cause 
errors when bundled, 
"use client" in "node
_modules/@mui/icons-m
aterial/esm/GavelRoun
ded.js" was ignored.
node_modules/@mui/ico
ns-material/esm/Gavel
Sharp.js (1:0): 
Module level 
directives cause 
errors when bundled, 
"use client" in "node
_modules/@mui/icons-m
aterial/esm/GavelShar
p.js" was ignored.
node_modules/@mui/ico
ns-material/esm/Gavel
TwoTone.js (1:0): 
Module level 
directives cause 
errors when bundled, 
"use client" in "node
_modules/@mui/icons-m
aterial/esm/GavelTwoT
one.js" was ignored.
node_modules/@mui/ico
ns-material/esm/Gestu
re.js (1:0): Module 
level directives 
cause errors when 
bundled, "use 
client" in "node_modu
les/@mui/icons-materi
al/esm/Gesture.js" 
was ignored.
node_modules/@mui/ico
ns-material/esm/Gestu
reOutlined.js (1:0): 
Module level 
directives cause 
errors when bundled, 
"use client" in "node
_modules/@mui/icons-m
aterial/esm/GestureOu
tlined.js" was 
ignored.
node_modules/@mui/ico
ns-material/esm/Gestu
reRounded.js (1:0): 
Module level 
directives cause 
errors when bundled, 
"use client" in "node
_modules/@mui/icons-m
aterial/esm/GestureRo
unded.js" was 
ignored.
node_modules/@mui/ico
ns-material/esm/Gestu
reTwoTone.js (1:0): 
Module level 
directives cause 
errors when bundled, 
"use client" in "node
_modules/@mui/icons-m
aterial/esm/GestureTw
oTone.js" was 
ignored.
node_modules/@mui/ico
ns-material/esm/Gestu
reSharp.js (1:0): 
Module level 
directives cause 
errors when bundled, 
"use client" in "node
_modules/@mui/icons-m
aterial/esm/GestureSh
arp.js" was ignored.
node_modules/@mui/ico
ns-material/esm/GetAp
p.js (1:0): Module 
level directives 
cause errors when 
bundled, "use 
client" in "node_modu
les/@mui/icons-materi
al/esm/GetApp.js" 
was ignored.
node_modules/@mui/ico
ns-material/esm/GetAp
pRounded.js (1:0): 
Module level 
directives cause 
errors when bundled, 
"use client" in "node
_modules/@mui/icons-m
aterial/esm/GetAppRou
nded.js" was ignored.
node_modules/@mui/ico
ns-material/esm/GetAp
pSharp.js (1:0): 
Module level 
directives cause 
errors when bundled, 
"use client" in "node
_modules/@mui/icons-m
aterial/esm/GetAppSha
rp.js" was ignored.
node_modules/@mui/ico
ns-material/esm/GetAp
pOutlined.js (1:0): 
Module level 
directives cause 
errors when bundled, 
"use client" in "node
_modules/@mui/icons-m
aterial/esm/GetAppOut
lined.js" was 
ignored.
node_modules/@mui/ico
ns-material/esm/GetAp
pTwoTone.js (1:0): 
Module level 
directives cause 
errors when bundled, 
"use client" in "node
_modules/@mui/icons-m
aterial/esm/GetAppTwo
Tone.js" was ignored.
node_modules/@mui/ico
ns-material/esm/Gif.j
s (1:0): Module 
level directives 
cause errors when 
bundled, "use 
client" in "node_modu
les/@mui/icons-materi
al/esm/Gif.js" was 
ignored.
node_modules/@mui/ico
ns-material/esm/GifBo
x.js (1:0): Module 
level directives 
cause errors when 
bundled, "use 
client" in "node_modu
les/@mui/icons-materi
al/esm/GifBox.js" 
was ignored.
node_modules/@mui/ico
ns-material/esm/GifBo
xOutlined.js (1:0): 
Module level 
directives cause 
errors when bundled, 
"use client" in "node
_modules/@mui/icons-m
aterial/esm/GifBoxOut
lined.js" was 
ignored.
node_modules/@mui/ico
ns-material/esm/GifBo
xRounded.js (1:0): 
Module level 
directives cause 
errors when bundled, 
"use client" in "node
_modules/@mui/icons-m
aterial/esm/GifBoxRou
nded.js" was ignored.
node_modules/@mui/ico
ns-material/esm/GifBo
xSharp.js (1:0): 
Module level 
directives cause 
errors when bundled, 
"use client" in "node
_modules/@mui/icons-m
aterial/esm/GifBoxSha
rp.js" was ignored.
node_modules/@mui/ico
ns-material/esm/Gavel
.js (1:0): Module 
level directives 
cause errors when 
bundled, "use 
client" in "node_modu
les/@mui/icons-materi
al/esm/Gavel.js" was 
ignored.
node_modules/@mui/ico
ns-material/esm/GifBo
xTwoTone.js (1:0): 
Module level 
directives cause 
errors when bundled, 
"use client" in "node
_modules/@mui/icons-m
aterial/esm/GifBoxTwo
Tone.js" was ignored.
node_modules/@mui/ico
ns-material/esm/GifOu
tlined.js (1:0): 
Module level 
directives cause 
errors when bundled, 
"use client" in "node
_modules/@mui/icons-m
aterial/esm/GifOutlin
ed.js" was ignored.
node_modules/@mui/ico
ns-material/esm/GifRo
unded.js (1:0): 
Module level 
directives cause 
errors when bundled, 
"use client" in "node
_modules/@mui/icons-m
aterial/esm/GifRounde
d.js" was ignored.
node_modules/@mui/ico
ns-material/esm/GifTw
oTone.js (1:0): 
Module level 
directives cause 
errors when bundled, 
"use client" in "node
_modules/@mui/icons-m
aterial/esm/GifTwoTon
e.js" was ignored.
node_modules/@mui/ico
ns-material/esm/GifSh
arp.js (1:0): Module 
level directives 
cause errors when 
bundled, "use 
client" in "node_modu
les/@mui/icons-materi
al/esm/GifSharp.js" 
was ignored.
node_modules/@mui/ico
ns-material/esm/Girl.
js (1:0): Module 
level directives 
cause errors when 
bundled, "use 
client" in "node_modu
les/@mui/icons-materi
al/esm/Girl.js" was 
ignored.
node_modules/@mui/ico
ns-material/esm/GirlO
utlined.js (1:0): 
Module level 
directives cause 
errors when bundled, 
"use client" in "node
_modules/@mui/icons-m
aterial/esm/GirlOutli
ned.js" was ignored.
node_modules/@mui/ico
ns-material/esm/GirlS
harp.js (1:0): 
Module level 
directives cause 
errors when bundled, 
"use client" in "node
_modules/@mui/icons-m
aterial/esm/GirlSharp
.js" was ignored.
node_modules/@mui/ico
ns-material/esm/GirlR
ounded.js (1:0): 
Module level 
directives cause 
errors when bundled, 
"use client" in "node
_modules/@mui/icons-m
aterial/esm/GirlRound
ed.js" was ignored.
node_modules/@mui/ico
ns-material/esm/GirlT
woTone.js (1:0): 
Module level 
directives cause 
errors when bundled, 
"use client" in "node
_modules/@mui/icons-m
aterial/esm/GirlTwoTo
ne.js" was ignored.
node_modules/@mui/ico
ns-material/esm/Gite.
js (1:0): Module 
level directives 
cause errors when 
bundled, "use 
client" in "node_modu
les/@mui/icons-materi
al/esm/Gite.js" was 
ignored.
node_modules/@mui/ico
ns-material/esm/GitHu
b.js (1:0): Module 
level directives 
cause errors when 
bundled, "use 
client" in "node_modu
les/@mui/icons-materi
al/esm/GitHub.js" 
was ignored.
node_modules/@mui/ico
ns-material/esm/GiteO
utlined.js (1:0): 
Module level 
directives cause 
errors when bundled, 
"use client" in "node
_modules/@mui/icons-m
aterial/esm/GiteOutli
ned.js" was ignored.
node_modules/@mui/ico
ns-material/esm/GiteT
woTone.js (1:0): 
Module level 
directives cause 
errors when bundled, 
"use client" in "node
_modules/@mui/icons-m
aterial/esm/GiteTwoTo
ne.js" was ignored.
node_modules/@mui/ico
ns-material/esm/GiteR
ounded.js (1:0): 
Module level 
directives cause 
errors when bundled, 
"use client" in "node
_modules/@mui/icons-m
aterial/esm/GiteRound
ed.js" was ignored.
node_modules/@mui/ico
ns-material/esm/GiteS
harp.js (1:0): 
Module level 
directives cause 
errors when bundled, 
"use client" in "node
_modules/@mui/icons-m
aterial/esm/GiteSharp
.js" was ignored.
node_modules/@mui/ico
ns-material/esm/GolfC
ourseOutlined.js 
(1:0): Module level 
directives cause 
errors when bundled, 
"use client" in "node
_modules/@mui/icons-m
aterial/esm/GolfCours
eOutlined.js" was 
ignored.
node_modules/@mui/ico
ns-material/esm/GolfC
ourse.js (1:0): 
Module level 
directives cause 
errors when bundled, 
"use client" in "node
_modules/@mui/icons-m
aterial/esm/GolfCours
e.js" was ignored.
node_modules/@mui/ico
ns-material/esm/GolfC
ourseSharp.js (1:0): 
Module level 
directives cause 
errors when bundled, 
"use client" in "node
_modules/@mui/icons-m
aterial/esm/GolfCours
eSharp.js" was 
ignored.
node_modules/@mui/ico
ns-material/esm/GolfC
ourseTwoTone.js 
(1:0): Module level 
directives cause 
errors when bundled, 
"use client" in "node
_modules/@mui/icons-m
aterial/esm/GolfCours
eTwoTone.js" was 
ignored.
node_modules/@mui/ico
ns-material/esm/GolfC
ourseRounded.js 
(1:0): Module level 
directives cause 
errors when bundled, 
"use client" in "node
_modules/@mui/icons-m
aterial/esm/GolfCours
eRounded.js" was 
ignored.
node_modules/@mui/ico
ns-material/esm/Googl
e.js (1:0): Module 
level directives 
cause errors when 
bundled, "use 
client" in "node_modu
les/@mui/icons-materi
al/esm/Google.js" 
was ignored.
node_modules/@mui/ico
ns-material/esm/GppBa
dRounded.js (1:0): 
Module level 
directives cause 
errors when bundled, 
"use client" in "node
_modules/@mui/icons-m
aterial/esm/GppBadRou
nded.js" was ignored.
node_modules/@mui/ico
ns-material/esm/GppBa
d.js (1:0): Module 
level directives 
cause errors when 
bundled, "use 
client" in "node_modu
les/@mui/icons-materi
al/esm/GppBad.js" 
was ignored.
node_modules/@mui/ico
ns-material/esm/GppBa
dOutlined.js (1:0): 
Module level 
directives cause 
errors when bundled, 
"use client" in "node
_modules/@mui/icons-m
aterial/esm/GppBadOut
lined.js" was 
ignored.
node_modules/@mui/ico
ns-material/esm/GppBa
dSharp.js (1:0): 
Module level 
directives cause 
errors when bundled, 
"use client" in "node
_modules/@mui/icons-m
aterial/esm/GppBadSha
rp.js" was ignored.
node_modules/@mui/ico
ns-material/esm/GppGo
odOutlined.js (1:0): 
Module level 
directives cause 
errors when bundled, 
"use client" in "node
_modules/@mui/icons-m
aterial/esm/GppGoodOu
tlined.js" was 
ignored.
node_modules/@mui/ico
ns-material/esm/GppGo
od.js (1:0): Module 
level directives 
cause errors when 
bundled, "use 
client" in "node_modu
les/@mui/icons-materi
al/esm/GppGood.js" 
was ignored.
node_modules/@mui/ico
ns-material/esm/GppGo
odRounded.js (1:0): 
Module level 
directives cause 
errors when bundled, 
"use client" in "node
_modules/@mui/icons-m
aterial/esm/GppGoodRo
unded.js" was 
ignored.
node_modules/@mui/ico
ns-material/esm/GppGo
odSharp.js (1:0): 
Module level 
directives cause 
errors when bundled, 
"use client" in "node
_modules/@mui/icons-m
aterial/esm/GppGoodSh
arp.js" was ignored.
node_modules/@mui/ico
ns-material/esm/GppMa
ybeOutlined.js 
(1:0): Module level 
directives cause 
errors when bundled, 
"use client" in "node
_modules/@mui/icons-m
aterial/esm/GppMaybeO
utlined.js" was 
ignored.
node_modules/@mui/ico
ns-material/esm/GppGo
odTwoTone.js (1:0): 
Module level 
directives cause 
errors when bundled, 
"use client" in "node
_modules/@mui/icons-m
aterial/esm/GppGoodTw
oTone.js" was 
ignored.
node_modules/@mui/ico
ns-material/esm/GppBa
dTwoTone.js (1:0): 
Module level 
directives cause 
errors when bundled, 
"use client" in "node
_modules/@mui/icons-m
aterial/esm/GppBadTwo
Tone.js" was ignored.
node_modules/@mui/ico
ns-material/esm/GppMa
ybe.js (1:0): Module 
level directives 
cause errors when 
bundled, "use 
client" in "node_modu
les/@mui/icons-materi
al/esm/GppMaybe.js" 
was ignored.
node_modules/@mui/ico
ns-material/esm/GppMa
ybeRounded.js (1:0): 
Module level 
directives cause 
errors when bundled, 
"use client" in "node
_modules/@mui/icons-m
aterial/esm/GppMaybeR
ounded.js" was 
ignored.
node_modules/@mui/ico
ns-material/esm/GppMa
ybeSharp.js (1:0): 
Module level 
directives cause 
errors when bundled, 
"use client" in "node
_modules/@mui/icons-m
aterial/esm/GppMaybeS
harp.js" was ignored.
node_modules/@mui/ico
ns-material/esm/GpsFi
xedRounded.js (1:0): 
Module level 
directives cause 
errors when bundled, 
"use client" in "node
_modules/@mui/icons-m
aterial/esm/GpsFixedR
ounded.js" was 
ignored.
node_modules/@mui/ico
ns-material/esm/GppMa
ybeTwoTone.js (1:0): 
Module level 
directives cause 
errors when bundled, 
"use client" in "node
_modules/@mui/icons-m
aterial/esm/GppMaybeT
woTone.js" was 
ignored.
node_modules/@mui/ico
ns-material/esm/GpsFi
xed.js (1:0): Module 
level directives 
cause errors when 
bundled, "use 
client" in "node_modu
les/@mui/icons-materi
al/esm/GpsFixed.js" 
was ignored.
node_modules/@mui/ico
ns-material/esm/GpsFi
xedOutlined.js 
(1:0): Module level 
directives cause 
errors when bundled, 
"use client" in "node
_modules/@mui/icons-m
aterial/esm/GpsFixedO
utlined.js" was 
ignored.
node_modules/@mui/ico
ns-material/esm/GpsFi
xedTwoTone.js (1:0): 
Module level 
directives cause 
errors when bundled, 
"use client" in "node
_modules/@mui/icons-m
aterial/esm/GpsFixedT
woTone.js" was 
ignored.
node_modules/@mui/ico
ns-material/esm/GpsFi
xedSharp.js (1:0): 
Module level 
directives cause 
errors when bundled, 
"use client" in "node
_modules/@mui/icons-m
aterial/esm/GpsFixedS
harp.js" was ignored.
node_modules/@mui/ico
ns-material/esm/GpsNo
tFixed.js (1:0): 
Module level 
directives cause 
errors when bundled, 
"use client" in "node
_modules/@mui/icons-m
aterial/esm/GpsNotFix
ed.js" was ignored.
node_modules/@mui/ico
ns-material/esm/GpsNo
tFixedOutlined.js 
(1:0): Module level 
directives cause 
errors when bundled, 
"use client" in "node
_modules/@mui/icons-m
aterial/esm/GpsNotFix
edOutlined.js" was 
ignored.
node_modules/@mui/ico
ns-material/esm/GpsNo
tFixedRounded.js 
(1:0): Module level 
directives cause 
errors when bundled, 
"use client" in "node
_modules/@mui/icons-m
aterial/esm/GpsNotFix
edRounded.js" was 
ignored.
node_modules/@mui/ico
ns-material/esm/GpsNo
tFixedSharp.js 
(1:0): Module level 
directives cause 
errors when bundled, 
"use client" in "node
_modules/@mui/icons-m
aterial/esm/GpsNotFix
edSharp.js" was 
ignored.
node_modules/@mui/ico
ns-material/esm/GpsOf
fOutlined.js (1:0): 
Module level 
directives cause 
errors when bundled, 
"use client" in "node
_modules/@mui/icons-m
aterial/esm/GpsOffOut
lined.js" was 
ignored.
node_modules/@mui/ico
ns-material/esm/GpsNo
tFixedTwoTone.js 
(1:0): Module level 
directives cause 
errors when bundled, 
"use client" in "node
_modules/@mui/icons-m
aterial/esm/GpsNotFix
edTwoTone.js" was 
ignored.
node_modules/@mui/ico
ns-material/esm/GpsOf
f.js (1:0): Module 
level directives 
cause errors when 
bundled, "use 
client" in "node_modu
les/@mui/icons-materi
al/esm/GpsOff.js" 
was ignored.
node_modules/@mui/ico
ns-material/esm/GpsOf
fSharp.js (1:0): 
Module level 
directives cause 
errors when bundled, 
"use client" in "node
_modules/@mui/icons-m
aterial/esm/GpsOffSha
rp.js" was ignored.
node_modules/@mui/ico
ns-material/esm/GpsOf
fRounded.js (1:0): 
Module level 
directives cause 
errors when bundled, 
"use client" in "node
_modules/@mui/icons-m
aterial/esm/GpsOffRou
nded.js" was ignored.
node_modules/@mui/ico
ns-material/esm/GpsOf
fTwoTone.js (1:0): 
Module level 
directives cause 
errors when bundled, 
"use client" in "node
_modules/@mui/icons-m
aterial/esm/GpsOffTwo
Tone.js" was ignored.
node_modules/@mui/ico
ns-material/esm/Grade
Outlined.js (1:0): 
Module level 
directives cause 
errors when bundled, 
"use client" in "node
_modules/@mui/icons-m
aterial/esm/GradeOutl
ined.js" was ignored.
node_modules/@mui/ico
ns-material/esm/Grade
.js (1:0): Module 
level directives 
cause errors when 
bundled, "use 
client" in "node_modu
les/@mui/icons-materi
al/esm/Grade.js" was 
ignored.
node_modules/@mui/ico
ns-material/esm/Grade
TwoTone.js (1:0): 
Module level 
directives cause 
errors when bundled, 
"use client" in "node
_modules/@mui/icons-m
aterial/esm/GradeTwoT
one.js" was ignored.
node_modules/@mui/ico
ns-material/esm/Grade
Rounded.js (1:0): 
Module level 
directives cause 
errors when bundled, 
"use client" in "node
_modules/@mui/icons-m
aterial/esm/GradeRoun
ded.js" was ignored.
node_modules/@mui/ico
ns-material/esm/Grade
Sharp.js (1:0): 
Module level 
directives cause 
errors when bundled, 
"use client" in "node
_modules/@mui/icons-m
aterial/esm/GradeShar
p.js" was ignored.
node_modules/@mui/ico
ns-material/esm/Gradi
ent.js (1:0): Module 
level directives 
cause errors when 
bundled, "use 
client" in "node_modu
les/@mui/icons-materi
al/esm/Gradient.js" 
was ignored.
node_modules/@mui/ico
ns-material/esm/Gradi
entOutlined.js 
(1:0): Module level 
directives cause 
errors when bundled, 
"use client" in "node
_modules/@mui/icons-m
aterial/esm/GradientO
utlined.js" was 
ignored.
node_modules/@mui/ico
ns-material/esm/Gradi
ng.js (1:0): Module 
level directives 
cause errors when 
bundled, "use 
client" in "node_modu
les/@mui/icons-materi
al/esm/Grading.js" 
was ignored.
node_modules/@mui/ico
ns-material/esm/Gradi
entRounded.js (1:0): 
Module level 
directives cause 
errors when bundled, 
"use client" in "node
_modules/@mui/icons-m
aterial/esm/GradientR
ounded.js" was 
ignored.
node_modules/@mui/ico
ns-material/esm/Gradi
entTwoTone.js (1:0): 
Module level 
directives cause 
errors when bundled, 
"use client" in "node
_modules/@mui/icons-m
aterial/esm/GradientT
woTone.js" was 
ignored.
node_modules/@mui/ico
ns-material/esm/Gradi
ngOutlined.js (1:0): 
Module level 
directives cause 
errors when bundled, 
"use client" in "node
_modules/@mui/icons-m
aterial/esm/GradingOu
tlined.js" was 
ignored.
node_modules/@mui/ico
ns-material/esm/Gradi
entSharp.js (1:0): 
Module level 
directives cause 
errors when bundled, 
"use client" in "node
_modules/@mui/icons-m
aterial/esm/GradientS
harp.js" was ignored.
node_modules/@mui/ico
ns-material/esm/Gradi
ngRounded.js (1:0): 
Module level 
directives cause 
errors when bundled, 
"use client" in "node
_modules/@mui/icons-m
aterial/esm/GradingRo
unded.js" was 
ignored.
node_modules/@mui/ico
ns-material/esm/Grain
.js (1:0): Module 
level directives 
cause errors when 
bundled, "use 
client" in "node_modu
les/@mui/icons-materi
al/esm/Grain.js" was 
ignored.
node_modules/@mui/ico
ns-material/esm/Gradi
ngSharp.js (1:0): 
Module level 
directives cause 
errors when bundled, 
"use client" in "node
_modules/@mui/icons-m
aterial/esm/GradingSh
arp.js" was ignored.
node_modules/@mui/ico
ns-material/esm/Gradi
ngTwoTone.js (1:0): 
Module level 
directives cause 
errors when bundled, 
"use client" in "node
_modules/@mui/icons-m
aterial/esm/GradingTw
oTone.js" was 
ignored.
node_modules/@mui/ico
ns-material/esm/Grain
Rounded.js (1:0): 
Module level 
directives cause 
errors when bundled, 
"use client" in "node
_modules/@mui/icons-m
aterial/esm/GrainRoun
ded.js" was ignored.
node_modules/@mui/ico
ns-material/esm/Grain
Outlined.js (1:0): 
Module level 
directives cause 
errors when bundled, 
"use client" in "node
_modules/@mui/icons-m
aterial/esm/GrainOutl
ined.js" was ignored.
node_modules/@mui/ico
ns-material/esm/Graph
icEq.js (1:0): 
Module level 
directives cause 
errors when bundled, 
"use client" in "node
_modules/@mui/icons-m
aterial/esm/GraphicEq
.js" was ignored.
node_modules/@mui/ico
ns-material/esm/Grain
TwoTone.js (1:0): 
Module level 
directives cause 
errors when bundled, 
"use client" in "node
_modules/@mui/icons-m
aterial/esm/GrainTwoT
one.js" was ignored.
node_modules/@mui/ico
ns-material/esm/Graph
icEqRounded.js 
(1:0): Module level 
directives cause 
errors when bundled, 
"use client" in "node
_modules/@mui/icons-m
aterial/esm/GraphicEq
Rounded.js" was 
ignored.
node_modules/@mui/ico
ns-material/esm/Graph
icEqOutlined.js 
(1:0): Module level 
directives cause 
errors when bundled, 
"use client" in "node
_modules/@mui/icons-m
aterial/esm/GraphicEq
Outlined.js" was 
ignored.
node_modules/@mui/ico
ns-material/esm/Graph
icEqSharp.js (1:0): 
Module level 
directives cause 
errors when bundled, 
"use client" in "node
_modules/@mui/icons-m
aterial/esm/GraphicEq
Sharp.js" was 
ignored.
node_modules/@mui/ico
ns-material/esm/Graph
icEqTwoTone.js 
(1:0): Module level 
directives cause 
errors when bundled, 
"use client" in "node
_modules/@mui/icons-m
aterial/esm/GraphicEq
TwoTone.js" was 
ignored.
node_modules/@mui/ico
ns-material/esm/Grass
.js (1:0): Module 
level directives 
cause errors when 
bundled, "use 
client" in "node_modu
les/@mui/icons-materi
al/esm/Grass.js" was 
ignored.
node_modules/@mui/ico
ns-material/esm/Grass
Rounded.js (1:0): 
Module level 
directives cause 
errors when bundled, 
"use client" in "node
_modules/@mui/icons-m
aterial/esm/GrassRoun
ded.js" was ignored.
node_modules/@mui/ico
ns-material/esm/Grass
TwoTone.js (1:0): 
Module level 
directives cause 
errors when bundled, 
"use client" in "node
_modules/@mui/icons-m
aterial/esm/GrassTwoT
one.js" was ignored.
node_modules/@mui/ico
ns-material/esm/Grass
Sharp.js (1:0): 
Module level 
directives cause 
errors when bundled, 
"use client" in "node
_modules/@mui/icons-m
aterial/esm/GrassShar
p.js" was ignored.
node_modules/@mui/ico
ns-material/esm/Grid3
x3.js (1:0): Module 
level directives 
cause errors when 
bundled, "use 
client" in "node_modu
les/@mui/icons-materi
al/esm/Grid3x3.js" 
was ignored.
node_modules/@mui/ico
ns-material/esm/Grid3
x3Outlined.js (1:0): 
Module level 
directives cause 
errors when bundled, 
"use client" in "node
_modules/@mui/icons-m
aterial/esm/Grid3x3Ou
tlined.js" was 
ignored.
node_modules/@mui/ico
ns-material/esm/Grain
Sharp.js (1:0): 
Module level 
directives cause 
errors when bundled, 
"use client" in "node
_modules/@mui/icons-m
aterial/esm/GrainShar
p.js" was ignored.
node_modules/@mui/ico
ns-material/esm/Grass
Outlined.js (1:0): 
Module level 
directives cause 
errors when bundled, 
"use client" in "node
_modules/@mui/icons-m
aterial/esm/GrassOutl
ined.js" was ignored.
node_modules/@mui/ico
ns-material/esm/Grid3
x3Rounded.js (1:0): 
Module level 
directives cause 
errors when bundled, 
"use client" in "node
_modules/@mui/icons-m
aterial/esm/Grid3x3Ro
unded.js" was 
ignored.
node_modules/@mui/ico
ns-material/esm/Grid3
x3Sharp.js (1:0): 
Module level 
directives cause 
errors when bundled, 
"use client" in "node
_modules/@mui/icons-m
aterial/esm/Grid3x3Sh
arp.js" was ignored.
node_modules/@mui/ico
ns-material/esm/Grid3
x3TwoTone.js (1:0): 
Module level 
directives cause 
errors when bundled, 
"use client" in "node
_modules/@mui/icons-m
aterial/esm/Grid3x3Tw
oTone.js" was 
ignored.
node_modules/@mui/ico
ns-material/esm/Grid4
x4Rounded.js (1:0): 
Module level 
directives cause 
errors when bundled, 
"use client" in "node
_modules/@mui/icons-m
aterial/esm/Grid4x4Ro
unded.js" was 
ignored.
node_modules/@mui/ico
ns-material/esm/Grid4
x4.js (1:0): Module 
level directives 
cause errors when 
bundled, "use 
client" in "node_modu
les/@mui/icons-materi
al/esm/Grid4x4.js" 
was ignored.
node_modules/@mui/ico
ns-material/esm/Grid4
x4Outlined.js (1:0): 
Module level 
directives cause 
errors when bundled, 
"use client" in "node
_modules/@mui/icons-m
aterial/esm/Grid4x4Ou
tlined.js" was 
ignored.
node_modules/@mui/ico
ns-material/esm/Grid4
x4TwoTone.js (1:0): 
Module level 
directives cause 
errors when bundled, 
"use client" in "node
_modules/@mui/icons-m
aterial/esm/Grid4x4Tw
oTone.js" was 
ignored.
node_modules/@mui/ico
ns-material/esm/Grid4
x4Sharp.js (1:0): 
Module level 
directives cause 
errors when bundled, 
"use client" in "node
_modules/@mui/icons-m
aterial/esm/Grid4x4Sh
arp.js" was ignored.
node_modules/@mui/ico
ns-material/esm/GridG
oldenratio.js (1:0): 
Module level 
directives cause 
errors when bundled, 
"use client" in "node
_modules/@mui/icons-m
aterial/esm/GridGolde
nratio.js" was 
ignored.
node_modules/@mui/ico
ns-material/esm/GridG
oldenratioOutlined.js
 (1:0): Module level 
directives cause 
errors when bundled, 
"use client" in "node
_modules/@mui/icons-m
aterial/esm/GridGolde
nratioOutlined.js" 
was ignored.
node_modules/@mui/ico
ns-material/esm/GridG
oldenratioRounded.js 
(1:0): Module level 
directives cause 
errors when bundled, 
"use client" in "node
_modules/@mui/icons-m
aterial/esm/GridGolde
nratioRounded.js" 
was ignored.
node_modules/@mui/ico
ns-material/esm/GridG
oldenratioSharp.js 
(1:0): Module level 
directives cause 
errors when bundled, 
"use client" in "node
_modules/@mui/icons-m
aterial/esm/GridGolde
nratioSharp.js" was 
ignored.
node_modules/@mui/ico
ns-material/esm/GridO
ffOutlined.js (1:0): 
Module level 
directives cause 
errors when bundled, 
"use client" in "node
_modules/@mui/icons-m
aterial/esm/GridOffOu
tlined.js" was 
ignored.
node_modules/@mui/ico
ns-material/esm/GridG
oldenratioTwoTone.js 
(1:0): Module level 
directives cause 
errors when bundled, 
"use client" in "node
_modules/@mui/icons-m
aterial/esm/GridGolde
nratioTwoTone.js" 
was ignored.
node_modules/@mui/ico
ns-material/esm/GridO
ff.js (1:0): Module 
level directives 
cause errors when 
bundled, "use 
client" in "node_modu
les/@mui/icons-materi
al/esm/GridOff.js" 
was ignored.
node_modules/@mui/ico
ns-material/esm/GridO
ffSharp.js (1:0): 
Module level 
directives cause 
errors when bundled, 
"use client" in "node
_modules/@mui/icons-m
aterial/esm/GridOffSh
arp.js" was ignored.
node_modules/@mui/ico
ns-material/esm/GridO
ffRounded.js (1:0): 
Module level 
directives cause 
errors when bundled, 
"use client" in "node
_modules/@mui/icons-m
aterial/esm/GridOffRo
unded.js" was 
ignored.
node_modules/@mui/ico
ns-material/esm/GridO
nOutlined.js (1:0): 
Module level 
directives cause 
errors when bundled, 
"use client" in "node
_modules/@mui/icons-m
aterial/esm/GridOnOut
lined.js" was 
ignored.
node_modules/@mui/ico
ns-material/esm/GridO
n.js (1:0): Module 
level directives 
cause errors when 
bundled, "use 
client" in "node_modu
les/@mui/icons-materi
al/esm/GridOn.js" 
was ignored.
node_modules/@mui/ico
ns-material/esm/GridO
ffTwoTone.js (1:0): 
Module level 
directives cause 
errors when bundled, 
"use client" in "node
_modules/@mui/icons-m
aterial/esm/GridOffTw
oTone.js" was 
ignored.
node_modules/@mui/ico
ns-material/esm/GridO
nRounded.js (1:0): 
Module level 
directives cause 
errors when bundled, 
"use client" in "node
_modules/@mui/icons-m
aterial/esm/GridOnRou
nded.js" was ignored.
node_modules/@mui/ico
ns-material/esm/GridO
nSharp.js (1:0): 
Module level 
directives cause 
errors when bundled, 
"use client" in "node
_modules/@mui/icons-m
aterial/esm/GridOnSha
rp.js" was ignored.
node_modules/@mui/ico
ns-material/esm/GridO
nTwoTone.js (1:0): 
Module level 
directives cause 
errors when bundled, 
"use client" in "node
_modules/@mui/icons-m
aterial/esm/GridOnTwo
Tone.js" was ignored.
node_modules/@mui/ico
ns-material/esm/GridV
iewRounded.js (1:0): 
Module level 
directives cause 
errors when bundled, 
"use client" in "node
_modules/@mui/icons-m
aterial/esm/GridViewR
ounded.js" was 
ignored.
node_modules/@mui/ico
ns-material/esm/GridV
iew.js (1:0): Module 
level directives 
cause errors when 
bundled, "use 
client" in "node_modu
les/@mui/icons-materi
al/esm/GridView.js" 
was ignored.
node_modules/@mui/ico
ns-material/esm/GridV
iewOutlined.js 
(1:0): Module level 
directives cause 
errors when bundled, 
"use client" in "node
_modules/@mui/icons-m
aterial/esm/GridViewO
utlined.js" was 
ignored.
node_modules/@mui/ico
ns-material/esm/GridV
iewTwoTone.js (1:0): 
Module level 
directives cause 
errors when bundled, 
"use client" in "node
_modules/@mui/icons-m
aterial/esm/GridViewT
woTone.js" was 
ignored.
node_modules/@mui/ico
ns-material/esm/GridV
iewSharp.js (1:0): 
Module level 
directives cause 
errors when bundled, 
"use client" in "node
_modules/@mui/icons-m
aterial/esm/GridViewS
harp.js" was ignored.
node_modules/@mui/ico
ns-material/esm/Group
.js (1:0): Module 
level directives 
cause errors when 
bundled, "use 
client" in "node_modu
les/@mui/icons-materi
al/esm/Group.js" was 
ignored.
node_modules/@mui/ico
ns-material/esm/Group
AddOutlined.js 
(1:0): Module level 
directives cause 
errors when bundled, 
"use client" in "node
_modules/@mui/icons-m
aterial/esm/GroupAddO
utlined.js" was 
ignored.
node_modules/@mui/ico
ns-material/esm/Group
Add.js (1:0): Module 
level directives 
cause errors when 
bundled, "use 
client" in "node_modu
les/@mui/icons-materi
al/esm/GroupAdd.js" 
was ignored.
node_modules/@mui/ico
ns-material/esm/Group
AddRounded.js (1:0): 
Module level 
directives cause 
errors when bundled, 
"use client" in "node
_modules/@mui/icons-m
aterial/esm/GroupAddR
ounded.js" was 
ignored.
node_modules/@mui/ico
ns-material/esm/Group
AddSharp.js (1:0): 
Module level 
directives cause 
errors when bundled, 
"use client" in "node
_modules/@mui/icons-m
aterial/esm/GroupAddS
harp.js" was ignored.
node_modules/@mui/ico
ns-material/esm/Group
Outlined.js (1:0): 
Module level 
directives cause 
errors when bundled, 
"use client" in "node
_modules/@mui/icons-m
aterial/esm/GroupOutl
ined.js" was ignored.
node_modules/@mui/ico
ns-material/esm/Group
AddTwoTone.js (1:0): 
Module level 
directives cause 
errors when bundled, 
"use client" in "node
_modules/@mui/icons-m
aterial/esm/GroupAddT
woTone.js" was 
ignored.
node_modules/@mui/ico
ns-material/esm/Group
Remove.js (1:0): 
Module level 
directives cause 
errors when bundled, 
"use client" in "node
_modules/@mui/icons-m
aterial/esm/GroupRemo
ve.js" was ignored.
node_modules/@mui/ico
ns-material/esm/Group
RemoveOutlined.js 
(1:0): Module level 
directives cause 
errors when bundled, 
"use client" in "node
_modules/@mui/icons-m
aterial/esm/GroupRemo
veOutlined.js" was 
ignored.
node_modules/@mui/ico
ns-material/esm/Group
RemoveRounded.js 
(1:0): Module level 
directives cause 
errors when bundled, 
"use client" in "node
_modules/@mui/icons-m
aterial/esm/GroupRemo
veRounded.js" was 
ignored.
node_modules/@mui/ico
ns-material/esm/Group
RemoveTwoTone.js 
(1:0): Module level 
directives cause 
errors when bundled, 
"use client" in "node
_modules/@mui/icons-m
aterial/esm/GroupRemo
veTwoTone.js" was 
ignored.
node_modules/@mui/ico
ns-material/esm/Group
RemoveSharp.js 
(1:0): Module level 
directives cause 
errors when bundled, 
"use client" in "node
_modules/@mui/icons-m
aterial/esm/GroupRemo
veSharp.js" was 
ignored.
node_modules/@mui/ico
ns-material/esm/Group
Rounded.js (1:0): 
Module level 
directives cause 
errors when bundled, 
"use client" in "node
_modules/@mui/icons-m
aterial/esm/GroupRoun
ded.js" was ignored.
node_modules/@mui/ico
ns-material/esm/Group
Sharp.js (1:0): 
Module level 
directives cause 
errors when bundled, 
"use client" in "node
_modules/@mui/icons-m
aterial/esm/GroupShar
p.js" was ignored.
node_modules/@mui/ico
ns-material/esm/Group
WorkOutlined.js 
(1:0): Module level 
directives cause 
errors when bundled, 
"use client" in "node
_modules/@mui/icons-m
aterial/esm/GroupWork
Outlined.js" was 
ignored.
node_modules/@mui/ico
ns-material/esm/Group
TwoTone.js (1:0): 
Module level 
directives cause 
errors when bundled, 
"use client" in "node
_modules/@mui/icons-m
aterial/esm/GroupTwoT
one.js" was ignored.
node_modules/@mui/ico
ns-material/esm/Group
Work.js (1:0): 
Module level 
directives cause 
errors when bundled, 
"use client" in "node
_modules/@mui/icons-m
aterial/esm/GroupWork
.js" was ignored.
node_modules/@mui/ico
ns-material/esm/Group
WorkRounded.js 
(1:0): Module level 
directives cause 
errors when bundled, 
"use client" in "node
_modules/@mui/icons-m
aterial/esm/GroupWork
Rounded.js" was 
ignored.
node_modules/@mui/ico
ns-material/esm/Group
WorkTwoTone.js 
(1:0): Module level 
directives cause 
errors when bundled, 
"use client" in "node
_modules/@mui/icons-m
aterial/esm/GroupWork
TwoTone.js" was 
ignored.
node_modules/@mui/ico
ns-material/esm/Group
WorkSharp.js (1:0): 
Module level 
directives cause 
errors when bundled, 
"use client" in "node
_modules/@mui/icons-m
aterial/esm/GroupWork
Sharp.js" was 
ignored.
node_modules/@mui/ico
ns-material/esm/Group
s2.js (1:0): Module 
level directives 
cause errors when 
bundled, "use 
client" in "node_modu
les/@mui/icons-materi
al/esm/Groups2.js" 
was ignored.
node_modules/@mui/ico
ns-material/esm/Group
s.js (1:0): Module 
level directives 
cause errors when 
bundled, "use 
client" in "node_modu
les/@mui/icons-materi
al/esm/Groups.js" 
was ignored.
node_modules/@mui/ico
ns-material/esm/Group
s2Outlined.js (1:0): 
Module level 
directives cause 
errors when bundled, 
"use client" in "node
_modules/@mui/icons-m
aterial/esm/Groups2Ou
tlined.js" was 
ignored.
node_modules/@mui/ico
ns-material/esm/Group
s2Rounded.js (1:0): 
Module level 
directives cause 
errors when bundled, 
"use client" in "node
_modules/@mui/icons-m
aterial/esm/Groups2Ro
unded.js" was 
ignored.
node_modules/@mui/ico
ns-material/esm/Group
s2Sharp.js (1:0): 
Module level 
directives cause 
errors when bundled, 
"use client" in "node
_modules/@mui/icons-m
aterial/esm/Groups2Sh
arp.js" was ignored.
node_modules/@mui/ico
ns-material/esm/Group
s3.js (1:0): Module 
level directives 
cause errors when 
bundled, "use 
client" in "node_modu
les/@mui/icons-materi
al/esm/Groups3.js" 
was ignored.
node_modules/@mui/ico
ns-material/esm/Group
s2TwoTone.js (1:0): 
Module level 
directives cause 
errors when bundled, 
"use client" in "node
_modules/@mui/icons-m
aterial/esm/Groups2Tw
oTone.js" was 
ignored.
node_modules/@mui/ico
ns-material/esm/Group
s3Rounded.js (1:0): 
Module level 
directives cause 
errors when bundled, 
"use client" in "node
_modules/@mui/icons-m
aterial/esm/Groups3Ro
unded.js" was 
ignored.
node_modules/@mui/ico
ns-material/esm/Group
s3Sharp.js (1:0): 
Module level 
directives cause 
errors when bundled, 
"use client" in "node
_modules/@mui/icons-m
aterial/esm/Groups3Sh
arp.js" was ignored.
node_modules/@mui/ico
ns-material/esm/Group
s3TwoTone.js (1:0): 
Module level 
directives cause 
errors when bundled, 
"use client" in "node
_modules/@mui/icons-m
aterial/esm/Groups3Tw
oTone.js" was 
ignored.
node_modules/@mui/ico
ns-material/esm/Group
sOutlined.js (1:0): 
Module level 
directives cause 
errors when bundled, 
"use client" in "node
_modules/@mui/icons-m
aterial/esm/GroupsOut
lined.js" was 
ignored.
node_modules/@mui/ico
ns-material/esm/Group
sSharp.js (1:0): 
Module level 
directives cause 
errors when bundled, 
"use client" in "node
_modules/@mui/icons-m
aterial/esm/GroupsSha
rp.js" was ignored.
node_modules/@mui/ico
ns-material/esm/Group
sRounded.js (1:0): 
Module level 
directives cause 
errors when bundled, 
"use client" in "node
_modules/@mui/icons-m
aterial/esm/GroupsRou
nded.js" was ignored.
node_modules/@mui/ico
ns-material/esm/HMobi
ledata.js (1:0): 
Module level 
directives cause 
errors when bundled, 
"use client" in "node
_modules/@mui/icons-m
aterial/esm/HMobileda
ta.js" was ignored.
node_modules/@mui/ico
ns-material/esm/Group
sTwoTone.js (1:0): 
Module level 
directives cause 
errors when bundled, 
"use client" in "node
_modules/@mui/icons-m
aterial/esm/GroupsTwo
Tone.js" was ignored.
node_modules/@mui/ico
ns-material/esm/HMobi
ledataRounded.js 
(1:0): Module level 
directives cause 
errors when bundled, 
"use client" in "node
_modules/@mui/icons-m
aterial/esm/HMobileda
taRounded.js" was 
ignored.
node_modules/@mui/ico
ns-material/esm/HMobi
ledataOutlined.js 
(1:0): Module level 
directives cause 
errors when bundled, 
"use client" in "node
_modules/@mui/icons-m
aterial/esm/HMobileda
taOutlined.js" was 
ignored.
node_modules/@mui/ico
ns-material/esm/HMobi
ledataTwoTone.js 
(1:0): Module level 
directives cause 
errors when bundled, 
"use client" in "node
_modules/@mui/icons-m
aterial/esm/HMobileda
taTwoTone.js" was 
ignored.
node_modules/@mui/ico
ns-material/esm/HPlus
MobiledataOutlined.js
 (1:0): Module level 
directives cause 
errors when bundled, 
"use client" in "node
_modules/@mui/icons-m
aterial/esm/HPlusMobi
ledataOutlined.js" 
was ignored.
node_modules/@mui/ico
ns-material/esm/HPlus
Mobiledata.js (1:0): 
Module level 
directives cause 
errors when bundled, 
"use client" in "node
_modules/@mui/icons-m
aterial/esm/HPlusMobi
ledata.js" was 
ignored.
node_modules/@mui/ico
ns-material/esm/HPlus
MobiledataRounded.js 
(1:0): Module level 
directives cause 
errors when bundled, 
"use client" in "node
_modules/@mui/icons-m
aterial/esm/HPlusMobi
ledataRounded.js" 
was ignored.
node_modules/@mui/ico
ns-material/esm/Group
s3Outlined.js (1:0): 
Module level 
directives cause 
errors when bundled, 
"use client" in "node
_modules/@mui/icons-m
aterial/esm/Groups3Ou
tlined.js" was 
ignored.
node_modules/@mui/ico
ns-material/esm/HMobi
ledataSharp.js 
(1:0): Module level 
directives cause 
errors when bundled, 
"use client" in "node
_modules/@mui/icons-m
aterial/esm/HMobileda
taSharp.js" was 
ignored.
node_modules/@mui/ico
ns-material/esm/HPlus
MobiledataSharp.js 
(1:0): Module level 
directives cause 
errors when bundled, 
"use client" in "node
_modules/@mui/icons-m
aterial/esm/HPlusMobi
ledataSharp.js" was 
ignored.
node_modules/@mui/ico
ns-material/esm/HPlus
MobiledataTwoTone.js 
(1:0): Module level 
directives cause 
errors when bundled, 
"use client" in "node
_modules/@mui/icons-m
aterial/esm/HPlusMobi
ledataTwoTone.js" 
was ignored.
node_modules/@mui/ico
ns-material/esm/HailO
utlined.js (1:0): 
Module level 
directives cause 
errors when bundled, 
"use client" in "node
_modules/@mui/icons-m
aterial/esm/HailOutli
ned.js" was ignored.
node_modules/@mui/ico
ns-material/esm/Hail.
js (1:0): Module 
level directives 
cause errors when 
bundled, "use 
client" in "node_modu
les/@mui/icons-materi
al/esm/Hail.js" was 
ignored.
node_modules/@mui/ico
ns-material/esm/HailS
harp.js (1:0): 
Module level 
directives cause 
errors when bundled, 
"use client" in "node
_modules/@mui/icons-m
aterial/esm/HailSharp
.js" was ignored.
node_modules/@mui/ico
ns-material/esm/HailR
ounded.js (1:0): 
Module level 
directives cause 
errors when bundled, 
"use client" in "node
_modules/@mui/icons-m
aterial/esm/HailRound
ed.js" was ignored.
node_modules/@mui/ico
ns-material/esm/Hands
hake.js (1:0): 
Module level 
directives cause 
errors when bundled, 
"use client" in "node
_modules/@mui/icons-m
aterial/esm/Handshake
.js" was ignored.
node_modules/@mui/ico
ns-material/esm/Hands
hakeOutlined.js 
(1:0): Module level 
directives cause 
errors when bundled, 
"use client" in "node
_modules/@mui/icons-m
aterial/esm/Handshake
Outlined.js" was 
ignored.
node_modules/@mui/ico
ns-material/esm/Hands
hakeSharp.js (1:0): 
Module level 
directives cause 
errors when bundled, 
"use client" in "node
_modules/@mui/icons-m
aterial/esm/Handshake
Sharp.js" was 
ignored.
node_modules/@mui/ico
ns-material/esm/HailT
woTone.js (1:0): 
Module level 
directives cause 
errors when bundled, 
"use client" in "node
_modules/@mui/icons-m
aterial/esm/HailTwoTo
ne.js" was ignored.
node_modules/@mui/ico
ns-material/esm/Hands
hakeTwoTone.js 
(1:0): Module level 
directives cause 
errors when bundled, 
"use client" in "node
_modules/@mui/icons-m
aterial/esm/Handshake
TwoTone.js" was 
ignored.
node_modules/@mui/ico
ns-material/esm/Hands
hakeRounded.js 
(1:0): Module level 
directives cause 
errors when bundled, 
"use client" in "node
_modules/@mui/icons-m
aterial/esm/Handshake
Rounded.js" was 
ignored.
node_modules/@mui/ico
ns-material/esm/Handy
man.js (1:0): Module 
level directives 
cause errors when 
bundled, "use 
client" in "node_modu
les/@mui/icons-materi
al/esm/Handyman.js" 
was ignored.
node_modules/@mui/ico
ns-material/esm/Handy
manOutlined.js 
(1:0): Module level 
directives cause 
errors when bundled, 
"use client" in "node
_modules/@mui/icons-m
aterial/esm/HandymanO
utlined.js" was 
ignored.
node_modules/@mui/ico
ns-material/esm/Handy
manSharp.js (1:0): 
Module level 
directives cause 
errors when bundled, 
"use client" in "node
_modules/@mui/icons-m
aterial/esm/HandymanS
harp.js" was ignored.
node_modules/@mui/ico
ns-material/esm/Handy
manRounded.js (1:0): 
Module level 
directives cause 
errors when bundled, 
"use client" in "node
_modules/@mui/icons-m
aterial/esm/HandymanR
ounded.js" was 
ignored.
node_modules/@mui/ico
ns-material/esm/Handy
manTwoTone.js (1:0): 
Module level 
directives cause 
errors when bundled, 
"use client" in "node
_modules/@mui/icons-m
aterial/esm/HandymanT
woTone.js" was 
ignored.
node_modules/@mui/ico
ns-material/esm/Hardw
are.js (1:0): Module 
level directives 
cause errors when 
bundled, "use 
client" in "node_modu
les/@mui/icons-materi
al/esm/Hardware.js" 
was ignored.
node_modules/@mui/ico
ns-material/esm/Hardw
areOutlined.js 
(1:0): Module level 
directives cause 
errors when bundled, 
"use client" in "node
_modules/@mui/icons-m
aterial/esm/HardwareO
utlined.js" was 
ignored.
node_modules/@mui/ico
ns-material/esm/Hardw
areSharp.js (1:0): 
Module level 
directives cause 
errors when bundled, 
"use client" in "node
_modules/@mui/icons-m
aterial/esm/HardwareS
harp.js" was ignored.
node_modules/@mui/ico
ns-material/esm/Hd.js
 (1:0): Module level 
directives cause 
errors when bundled, 
"use client" in "node
_modules/@mui/icons-m
aterial/esm/Hd.js" 
was ignored.
node_modules/@mui/ico
ns-material/esm/Hardw
areTwoTone.js (1:0): 
Module level 
directives cause 
errors when bundled, 
"use client" in "node
_modules/@mui/icons-m
aterial/esm/HardwareT
woTone.js" was 
ignored.
node_modules/@mui/ico
ns-material/esm/HdOut
lined.js (1:0): 
Module level 
directives cause 
errors when bundled, 
"use client" in "node
_modules/@mui/icons-m
aterial/esm/HdOutline
d.js" was ignored.
node_modules/@mui/ico
ns-material/esm/HdRou
nded.js (1:0): 
Module level 
directives cause 
errors when bundled, 
"use client" in "node
_modules/@mui/icons-m
aterial/esm/HdRounded
.js" was ignored.
node_modules/@mui/ico
ns-material/esm/HdSha
rp.js (1:0): Module 
level directives 
cause errors when 
bundled, "use 
client" in "node_modu
les/@mui/icons-materi
al/esm/HdSharp.js" 
was ignored.
node_modules/@mui/ico
ns-material/esm/HdTwo
Tone.js (1:0): 
Module level 
directives cause 
errors when bundled, 
"use client" in "node
_modules/@mui/icons-m
aterial/esm/HdTwoTone
.js" was ignored.
node_modules/@mui/ico
ns-material/esm/Hardw
areRounded.js (1:0): 
Module level 
directives cause 
errors when bundled, 
"use client" in "node
_modules/@mui/icons-m
aterial/esm/HardwareR
ounded.js" was 
ignored.
node_modules/@mui/ico
ns-material/esm/HdrAu
toRounded.js (1:0): 
Module level 
directives cause 
errors when bundled, 
"use client" in "node
_modules/@mui/icons-m
aterial/esm/HdrAutoRo
unded.js" was 
ignored.
node_modules/@mui/ico
ns-material/esm/HdrAu
toOutlined.js (1:0): 
Module level 
directives cause 
errors when bundled, 
"use client" in "node
_modules/@mui/icons-m
aterial/esm/HdrAutoOu
tlined.js" was 
ignored.
node_modules/@mui/ico
ns-material/esm/HdrAu
toSelect.js (1:0): 
Module level 
directives cause 
errors when bundled, 
"use client" in "node
_modules/@mui/icons-m
aterial/esm/HdrAutoSe
lect.js" was ignored.
node_modules/@mui/ico
ns-material/esm/HdrAu
toSelectOutlined.js 
(1:0): Module level 
directives cause 
errors when bundled, 
"use client" in "node
_modules/@mui/icons-m
aterial/esm/HdrAutoSe
lectOutlined.js" was 
ignored.
node_modules/@mui/ico
ns-material/esm/HdrAu
toSelectSharp.js 
(1:0): Module level 
directives cause 
errors when bundled, 
"use client" in "node
_modules/@mui/icons-m
aterial/esm/HdrAutoSe
lectSharp.js" was 
ignored.
node_modules/@mui/ico
ns-material/esm/HdrAu
toSelectRounded.js 
(1:0): Module level 
directives cause 
errors when bundled, 
"use client" in "node
_modules/@mui/icons-m
aterial/esm/HdrAutoSe
lectRounded.js" was 
ignored.
node_modules/@mui/ico
ns-material/esm/HdrAu
toSharp.js (1:0): 
Module level 
directives cause 
errors when bundled, 
"use client" in "node
_modules/@mui/icons-m
aterial/esm/HdrAutoSh
arp.js" was ignored.
node_modules/@mui/ico
ns-material/esm/HdrAu
toSelectTwoTone.js 
(1:0): Module level 
directives cause 
errors when bundled, 
"use client" in "node
_modules/@mui/icons-m
aterial/esm/HdrAutoSe
lectTwoTone.js" was 
ignored.
node_modules/@mui/ico
ns-material/esm/HdrAu
to.js (1:0): Module 
level directives 
cause errors when 
bundled, "use 
client" in "node_modu
les/@mui/icons-materi
al/esm/HdrAuto.js" 
was ignored.
node_modules/@mui/ico
ns-material/esm/HdrAu
toTwoTone.js (1:0): 
Module level 
directives cause 
errors when bundled, 
"use client" in "node
_modules/@mui/icons-m
aterial/esm/HdrAutoTw
oTone.js" was 
ignored.
node_modules/@mui/ico
ns-material/esm/HdrEn
hancedSelect.js 
(1:0): Module level 
directives cause 
errors when bundled, 
"use client" in "node
_modules/@mui/icons-m
aterial/esm/HdrEnhanc
edSelect.js" was 
ignored.
node_modules/@mui/ico
ns-material/esm/HdrEn
hancedSelectOutlined.
js (1:0): Module 
level directives 
cause errors when 
bundled, "use 
client" in "node_modu
les/@mui/icons-materi
al/esm/HdrEnhancedSel
ectOutlined.js" was 
ignored.
node_modules/@mui/ico
ns-material/esm/HdrEn
hancedSelectTwoTone.j
s (1:0): Module 
level directives 
cause errors when 
bundled, "use 
client" in "node_modu
les/@mui/icons-materi
al/esm/HdrEnhancedSel
ectTwoTone.js" was 
ignored.
node_modules/@mui/ico
ns-material/esm/HdrEn
hancedSelectRounded.j
s (1:0): Module 
level directives 
cause errors when 
bundled, "use 
client" in "node_modu
les/@mui/icons-materi
al/esm/HdrEnhancedSel
ectRounded.js" was 
ignored.
node_modules/@mui/ico
ns-material/esm/HdrEn
hancedSelectSharp.js 
(1:0): Module level 
directives cause 
errors when bundled, 
"use client" in "node
_modules/@mui/icons-m
aterial/esm/HdrEnhanc
edSelectSharp.js" 
was ignored.
node_modules/@mui/ico
ns-material/esm/HdrOf
f.js (1:0): Module 
level directives 
cause errors when 
bundled, "use 
client" in "node_modu
les/@mui/icons-materi
al/esm/HdrOff.js" 
was ignored.
node_modules/@mui/ico
ns-material/esm/HdrOf
fSelectOutlined.js 
(1:0): Module level 
directives cause 
errors when bundled, 
"use client" in "node
_modules/@mui/icons-m
aterial/esm/HdrOffSel
ectOutlined.js" was 
ignored.
node_modules/@mui/ico
ns-material/esm/HdrOf
fSelectRounded.js 
(1:0): Module level 
directives cause 
errors when bundled, 
"use client" in "node
_modules/@mui/icons-m
aterial/esm/HdrOffSel
ectRounded.js" was 
ignored.
node_modules/@mui/ico
ns-material/esm/HdrOf
fOutlined.js (1:0): 
Module level 
directives cause 
errors when bundled, 
"use client" in "node
_modules/@mui/icons-m
aterial/esm/HdrOffOut
lined.js" was 
ignored.
node_modules/@mui/ico
ns-material/esm/HdrOf
fSelectTwoTone.js 
(1:0): Module level 
directives cause 
errors when bundled, 
"use client" in "node
_modules/@mui/icons-m
aterial/esm/HdrOffSel
ectTwoTone.js" was 
ignored.
node_modules/@mui/ico
ns-material/esm/HdrOf
fSelectSharp.js 
(1:0): Module level 
directives cause 
errors when bundled, 
"use client" in "node
_modules/@mui/icons-m
aterial/esm/HdrOffSel
ectSharp.js" was 
ignored.
node_modules/@mui/ico
ns-material/esm/HdrOf
fTwoTone.js (1:0): 
Module level 
directives cause 
errors when bundled, 
"use client" in "node
_modules/@mui/icons-m
aterial/esm/HdrOffTwo
Tone.js" was ignored.
node_modules/@mui/ico
ns-material/esm/HdrOn
.js (1:0): Module 
level directives 
cause errors when 
bundled, "use 
client" in "node_modu
les/@mui/icons-materi
al/esm/HdrOn.js" was 
ignored.
node_modules/@mui/ico
ns-material/esm/HdrOf
fSharp.js (1:0): 
Module level 
directives cause 
errors when bundled, 
"use client" in "node
_modules/@mui/icons-m
aterial/esm/HdrOffSha
rp.js" was ignored.
node_modules/@mui/ico
ns-material/esm/HdrOn
Outlined.js (1:0): 
Module level 
directives cause 
errors when bundled, 
"use client" in "node
_modules/@mui/icons-m
aterial/esm/HdrOnOutl
ined.js" was ignored.
node_modules/@mui/ico
ns-material/esm/HdrOn
Select.js (1:0): 
Module level 
directives cause 
errors when bundled, 
"use client" in "node
_modules/@mui/icons-m
aterial/esm/HdrOnSele
ct.js" was ignored.
node_modules/@mui/ico
ns-material/esm/HdrOn
Rounded.js (1:0): 
Module level 
directives cause 
errors when bundled, 
"use client" in "node
_modules/@mui/icons-m
aterial/esm/HdrOnRoun
ded.js" was ignored.
node_modules/@mui/ico
ns-material/esm/HdrOn
SelectOutlined.js 
(1:0): Module level 
directives cause 
errors when bundled, 
"use client" in "node
_modules/@mui/icons-m
aterial/esm/HdrOnSele
ctOutlined.js" was 
ignored.
node_modules/@mui/ico
ns-material/esm/HdrOf
fRounded.js (1:0): 
Module level 
directives cause 
errors when bundled, 
"use client" in "node
_modules/@mui/icons-m
aterial/esm/HdrOffRou
nded.js" was ignored.
node_modules/@mui/ico
ns-material/esm/HdrOn
SelectSharp.js 
(1:0): Module level 
directives cause 
errors when bundled, 
"use client" in "node
_modules/@mui/icons-m
aterial/esm/HdrOnSele
ctSharp.js" was 
ignored.
node_modules/@mui/ico
ns-material/esm/HdrOn
SelectRounded.js 
(1:0): Module level 
directives cause 
errors when bundled, 
"use client" in "node
_modules/@mui/icons-m
aterial/esm/HdrOnSele
ctRounded.js" was 
ignored.
node_modules/@mui/ico
ns-material/esm/HdrOn
Sharp.js (1:0): 
Module level 
directives cause 
errors when bundled, 
"use client" in "node
_modules/@mui/icons-m
aterial/esm/HdrOnShar
p.js" was ignored.
node_modules/@mui/ico
ns-material/esm/HdrOn
SelectTwoTone.js 
(1:0): Module level 
directives cause 
errors when bundled, 
"use client" in "node
_modules/@mui/icons-m
aterial/esm/HdrOnSele
ctTwoTone.js" was 
ignored.
node_modules/@mui/ico
ns-material/esm/HdrPl
us.js (1:0): Module 
level directives 
cause errors when 
bundled, "use 
client" in "node_modu
les/@mui/icons-materi
al/esm/HdrPlus.js" 
was ignored.
node_modules/@mui/ico
ns-material/esm/HdrOn
TwoTone.js (1:0): 
Module level 
directives cause 
errors when bundled, 
"use client" in "node
_modules/@mui/icons-m
aterial/esm/HdrOnTwoT
one.js" was ignored.
node_modules/@mui/ico
ns-material/esm/HdrPl
usRounded.js (1:0): 
Module level 
directives cause 
errors when bundled, 
"use client" in "node
_modules/@mui/icons-m
aterial/esm/HdrPlusRo
unded.js" was 
ignored.
node_modules/@mui/ico
ns-material/esm/HdrPl
usSharp.js (1:0): 
Module level 
directives cause 
errors when bundled, 
"use client" in "node
_modules/@mui/icons-m
aterial/esm/HdrPlusSh
arp.js" was ignored.
node_modules/@mui/ico
ns-material/esm/HdrOf
fSelect.js (1:0): 
Module level 
directives cause 
errors when bundled, 
"use client" in "node
_modules/@mui/icons-m
aterial/esm/HdrOffSel
ect.js" was ignored.
node_modules/@mui/ico
ns-material/esm/HdrSt
rong.js (1:0): 
Module level 
directives cause 
errors when bundled, 
"use client" in "node
_modules/@mui/icons-m
aterial/esm/HdrStrong
.js" was ignored.
node_modules/@mui/ico
ns-material/esm/HdrPl
usTwoTone.js (1:0): 
Module level 
directives cause 
errors when bundled, 
"use client" in "node
_modules/@mui/icons-m
aterial/esm/HdrPlusTw
oTone.js" was 
ignored.
node_modules/@mui/ico
ns-material/esm/HdrSt
rongOutlined.js 
(1:0): Module level 
directives cause 
errors when bundled, 
"use client" in "node
_modules/@mui/icons-m
aterial/esm/HdrStrong
Outlined.js" was 
ignored.
node_modules/@mui/ico
ns-material/esm/HdrSt
rongSharp.js (1:0): 
Module level 
directives cause 
errors when bundled, 
"use client" in "node
_modules/@mui/icons-m
aterial/esm/HdrStrong
Sharp.js" was 
ignored.
node_modules/@mui/ico
ns-material/esm/HdrSt
rongRounded.js 
(1:0): Module level 
directives cause 
errors when bundled, 
"use client" in "node
_modules/@mui/icons-m
aterial/esm/HdrStrong
Rounded.js" was 
ignored.
node_modules/@mui/ico
ns-material/esm/HdrSt
rongTwoTone.js 
(1:0): Module level 
directives cause 
errors when bundled, 
"use client" in "node
_modules/@mui/icons-m
aterial/esm/HdrStrong
TwoTone.js" was 
ignored.
node_modules/@mui/ico
ns-material/esm/HdrPl
usOutlined.js (1:0): 
Module level 
directives cause 
errors when bundled, 
"use client" in "node
_modules/@mui/icons-m
aterial/esm/HdrPlusOu
tlined.js" was 
ignored.
node_modules/@mui/ico
ns-material/esm/HdrWe
ak.js (1:0): Module 
level directives 
cause errors when 
bundled, "use 
client" in "node_modu
les/@mui/icons-materi
al/esm/HdrWeak.js" 
was ignored.
node_modules/@mui/ico
ns-material/esm/HdrWe
akOutlined.js (1:0): 
Module level 
directives cause 
errors when bundled, 
"use client" in "node
_modules/@mui/icons-m
aterial/esm/HdrWeakOu
tlined.js" was 
ignored.
node_modules/@mui/ico
ns-material/esm/HdrWe
akRounded.js (1:0): 
Module level 
directives cause 
errors when bundled, 
"use client" in "node
_modules/@mui/icons-m
aterial/esm/HdrWeakRo
unded.js" was 
ignored.
node_modules/@mui/ico
ns-material/esm/HdrWe
akTwoTone.js (1:0): 
Module level 
directives cause 
errors when bundled, 
"use client" in "node
_modules/@mui/icons-m
aterial/esm/HdrWeakTw
oTone.js" was 
ignored.
node_modules/@mui/ico
ns-material/esm/HdrWe
akSharp.js (1:0): 
Module level 
directives cause 
errors when bundled, 
"use client" in "node
_modules/@mui/icons-m
aterial/esm/HdrWeakSh
arp.js" was ignored.
node_modules/@mui/ico
ns-material/esm/Headp
honesBatteryOutlined.
js (1:0): Module 
level directives 
cause errors when 
bundled, "use 
client" in "node_modu
les/@mui/icons-materi
al/esm/HeadphonesBatt
eryOutlined.js" was 
ignored.
node_modules/@mui/ico
ns-material/esm/Headp
hones.js (1:0): 
Module level 
directives cause 
errors when bundled, 
"use client" in "node
_modules/@mui/icons-m
aterial/esm/Headphone
s.js" was ignored.
node_modules/@mui/ico
ns-material/esm/Headp
honesBattery.js 
(1:0): Module level 
directives cause 
errors when bundled, 
"use client" in "node
_modules/@mui/icons-m
aterial/esm/Headphone
sBattery.js" was 
ignored.
node_modules/@mui/ico
ns-material/esm/Headp
honesBatterySharp.js 
(1:0): Module level 
directives cause 
errors when bundled, 
"use client" in "node
_modules/@mui/icons-m
aterial/esm/Headphone
sBatterySharp.js" 
was ignored.
node_modules/@mui/ico
ns-material/esm/Headp
honesBatteryRounded.j
s (1:0): Module 
level directives 
cause errors when 
bundled, "use 
client" in "node_modu
les/@mui/icons-materi
al/esm/HeadphonesBatt
eryRounded.js" was 
ignored.
node_modules/@mui/ico
ns-material/esm/Headp
honesBatteryTwoTone.j
s (1:0): Module 
level directives 
cause errors when 
bundled, "use 
client" in "node_modu
les/@mui/icons-materi
al/esm/HeadphonesBatt
eryTwoTone.js" was 
ignored.
node_modules/@mui/ico
ns-material/esm/Headp
honesRounded.js 
(1:0): Module level 
directives cause 
errors when bundled, 
"use client" in "node
_modules/@mui/icons-m
aterial/esm/Headphone
sRounded.js" was 
ignored.
node_modules/@mui/ico
ns-material/esm/Headp
honesOutlined.js 
(1:0): Module level 
directives cause 
errors when bundled, 
"use client" in "node
_modules/@mui/icons-m
aterial/esm/Headphone
sOutlined.js" was 
ignored.
node_modules/@mui/ico
ns-material/esm/Headp
honesSharp.js (1:0): 
Module level 
directives cause 
errors when bundled, 
"use client" in "node
_modules/@mui/icons-m
aterial/esm/Headphone
sSharp.js" was 
ignored.
node_modules/@mui/ico
ns-material/esm/Heads
etMic.js (1:0): 
Module level 
directives cause 
errors when bundled, 
"use client" in "node
_modules/@mui/icons-m
aterial/esm/HeadsetMi
c.js" was ignored.
node_modules/@mui/ico
ns-material/esm/Headp
honesTwoTone.js 
(1:0): Module level 
directives cause 
errors when bundled, 
"use client" in "node
_modules/@mui/icons-m
aterial/esm/Headphone
sTwoTone.js" was 
ignored.
node_modules/@mui/ico
ns-material/esm/Heads
et.js (1:0): Module 
level directives 
cause errors when 
bundled, "use 
client" in "node_modu
les/@mui/icons-materi
al/esm/Headset.js" 
was ignored.
node_modules/@mui/ico
ns-material/esm/Heads
etMicOutlined.js 
(1:0): Module level 
directives cause 
errors when bundled, 
"use client" in "node
_modules/@mui/icons-m
aterial/esm/HeadsetMi
cOutlined.js" was 
ignored.
node_modules/@mui/ico
ns-material/esm/Heads
etMicRounded.js 
(1:0): Module level 
directives cause 
errors when bundled, 
"use client" in "node
_modules/@mui/icons-m
aterial/esm/HeadsetMi
cRounded.js" was 
ignored.
node_modules/@mui/ico
ns-material/esm/Heads
etOff.js (1:0): 
Module level 
directives cause 
errors when bundled, 
"use client" in "node
_modules/@mui/icons-m
aterial/esm/HeadsetOf
f.js" was ignored.
node_modules/@mui/ico
ns-material/esm/Heads
etMicSharp.js (1:0): 
Module level 
directives cause 
errors when bundled, 
"use client" in "node
_modules/@mui/icons-m
aterial/esm/HeadsetMi
cSharp.js" was 
ignored.
node_modules/@mui/ico
ns-material/esm/Heads
etMicTwoTone.js 
(1:0): Module level 
directives cause 
errors when bundled, 
"use client" in "node
_modules/@mui/icons-m
aterial/esm/HeadsetMi
cTwoTone.js" was 
ignored.
node_modules/@mui/ico
ns-material/esm/Heads
etOffOutlined.js 
(1:0): Module level 
directives cause 
errors when bundled, 
"use client" in "node
_modules/@mui/icons-m
aterial/esm/HeadsetOf
fOutlined.js" was 
ignored.
node_modules/@mui/ico
ns-material/esm/Heads
etOffSharp.js (1:0): 
Module level 
directives cause 
errors when bundled, 
"use client" in "node
_modules/@mui/icons-m
aterial/esm/HeadsetOf
fSharp.js" was 
ignored.
node_modules/@mui/ico
ns-material/esm/Heads
etOffRounded.js 
(1:0): Module level 
directives cause 
errors when bundled, 
"use client" in "node
_modules/@mui/icons-m
aterial/esm/HeadsetOf
fRounded.js" was 
ignored.
node_modules/@mui/ico
ns-material/esm/Heads
etOffTwoTone.js 
(1:0): Module level 
directives cause 
errors when bundled, 
"use client" in "node
_modules/@mui/icons-m
aterial/esm/HeadsetOf
fTwoTone.js" was 
ignored.
node_modules/@mui/ico
ns-material/esm/Heads
etRounded.js (1:0): 
Module level 
directives cause 
errors when bundled, 
"use client" in "node
_modules/@mui/icons-m
aterial/esm/HeadsetRo
unded.js" was 
ignored.
node_modules/@mui/ico
ns-material/esm/Heads
etOutlined.js (1:0): 
Module level 
directives cause 
errors when bundled, 
"use client" in "node
_modules/@mui/icons-m
aterial/esm/HeadsetOu
tlined.js" was 
ignored.
node_modules/@mui/ico
ns-material/esm/Heads
etSharp.js (1:0): 
Module level 
directives cause 
errors when bundled, 
"use client" in "node
_modules/@mui/icons-m
aterial/esm/HeadsetSh
arp.js" was ignored.
node_modules/@mui/ico
ns-material/esm/Heads
etTwoTone.js (1:0): 
Module level 
directives cause 
errors when bundled, 
"use client" in "node
_modules/@mui/icons-m
aterial/esm/HeadsetTw
oTone.js" was 
ignored.
node_modules/@mui/ico
ns-material/esm/Heali
ng.js (1:0): Module 
level directives 
cause errors when 
bundled, "use 
client" in "node_modu
les/@mui/icons-materi
al/esm/Healing.js" 
was ignored.
node_modules/@mui/ico
ns-material/esm/Heali
ngOutlined.js (1:0): 
Module level 
directives cause 
errors when bundled, 
"use client" in "node
_modules/@mui/icons-m
aterial/esm/HealingOu
tlined.js" was 
ignored.
node_modules/@mui/ico
ns-material/esm/Heali
ngSharp.js (1:0): 
Module level 
directives cause 
errors when bundled, 
"use client" in "node
_modules/@mui/icons-m
aterial/esm/HealingSh
arp.js" was ignored.
node_modules/@mui/ico
ns-material/esm/Heali
ngRounded.js (1:0): 
Module level 
directives cause 
errors when bundled, 
"use client" in "node
_modules/@mui/icons-m
aterial/esm/HealingRo
unded.js" was 
ignored.
node_modules/@mui/ico
ns-material/esm/Healt
hAndSafetyOutlined.js
 (1:0): Module level 
directives cause 
errors when bundled, 
"use client" in "node
_modules/@mui/icons-m
aterial/esm/HealthAnd
SafetyOutlined.js" 
was ignored.
node_modules/@mui/ico
ns-material/esm/Healt
hAndSafety.js (1:0): 
Module level 
directives cause 
errors when bundled, 
"use client" in "node
_modules/@mui/icons-m
aterial/esm/HealthAnd
Safety.js" was 
ignored.
node_modules/@mui/ico
ns-material/esm/Healt
hAndSafetyRounded.js 
(1:0): Module level 
directives cause 
errors when bundled, 
"use client" in "node
_modules/@mui/icons-m
aterial/esm/HealthAnd
SafetyRounded.js" 
was ignored.
node_modules/@mui/ico
ns-material/esm/Healt
hAndSafetySharp.js 
(1:0): Module level 
directives cause 
errors when bundled, 
"use client" in "node
_modules/@mui/icons-m
aterial/esm/HealthAnd
SafetySharp.js" was 
ignored.
node_modules/@mui/ico
ns-material/esm/Heali
ngTwoTone.js (1:0): 
Module level 
directives cause 
errors when bundled, 
"use client" in "node
_modules/@mui/icons-m
aterial/esm/HealingTw
oTone.js" was 
ignored.
node_modules/@mui/ico
ns-material/esm/Healt
hAndSafetyTwoTone.js 
(1:0): Module level 
directives cause 
errors when bundled, 
"use client" in "node
_modules/@mui/icons-m
aterial/esm/HealthAnd
SafetyTwoTone.js" 
was ignored.
node_modules/@mui/ico
ns-material/esm/Heari
ngDisabled.js (1:0): 
Module level 
directives cause 
errors when bundled, 
"use client" in "node
_modules/@mui/icons-m
aterial/esm/HearingDi
sabled.js" was 
ignored.
node_modules/@mui/ico
ns-material/esm/Heari
ngDisabledOutlined.js
 (1:0): Module level 
directives cause 
errors when bundled, 
"use client" in "node
_modules/@mui/icons-m
aterial/esm/HearingDi
sabledOutlined.js" 
was ignored.
node_modules/@mui/ico
ns-material/esm/Heari
ngDisabledSharp.js 
(1:0): Module level 
directives cause 
errors when bundled, 
"use client" in "node
_modules/@mui/icons-m
aterial/esm/HearingDi
sabledSharp.js" was 
ignored.
node_modules/@mui/ico
ns-material/esm/Heari
ng.js (1:0): Module 
level directives 
cause errors when 
bundled, "use 
client" in "node_modu
les/@mui/icons-materi
al/esm/Hearing.js" 
was ignored.
node_modules/@mui/ico
ns-material/esm/Heari
ngDisabledRounded.js 
(1:0): Module level 
directives cause 
errors when bundled, 
"use client" in "node
_modules/@mui/icons-m
aterial/esm/HearingDi
sabledRounded.js" 
was ignored.
node_modules/@mui/ico
ns-material/esm/Heari
ngDisabledTwoTone.js 
(1:0): Module level 
directives cause 
errors when bundled, 
"use client" in "node
_modules/@mui/icons-m
aterial/esm/HearingDi
sabledTwoTone.js" 
was ignored.
node_modules/@mui/ico
ns-material/esm/Heari
ngRounded.js (1:0): 
Module level 
directives cause 
errors when bundled, 
"use client" in "node
_modules/@mui/icons-m
aterial/esm/HearingRo
unded.js" was 
ignored.
node_modules/@mui/ico
ns-material/esm/Heart
Broken.js (1:0): 
Module level 
directives cause 
errors when bundled, 
"use client" in "node
_modules/@mui/icons-m
aterial/esm/HeartBrok
en.js" was ignored.
node_modules/@mui/ico
ns-material/esm/Heari
ngSharp.js (1:0): 
Module level 
directives cause 
errors when bundled, 
"use client" in "node
_modules/@mui/icons-m
aterial/esm/HearingSh
arp.js" was ignored.
node_modules/@mui/ico
ns-material/esm/Heari
ngTwoTone.js (1:0): 
Module level 
directives cause 
errors when bundled, 
"use client" in "node
_modules/@mui/icons-m
aterial/esm/HearingTw
oTone.js" was 
ignored.
node_modules/@mui/ico
ns-material/esm/Heart
BrokenOutlined.js 
(1:0): Module level 
directives cause 
errors when bundled, 
"use client" in "node
_modules/@mui/icons-m
aterial/esm/HeartBrok
enOutlined.js" was 
ignored.
node_modules/@mui/ico
ns-material/esm/Heart
BrokenRounded.js 
(1:0): Module level 
directives cause 
errors when bundled, 
"use client" in "node
_modules/@mui/icons-m
aterial/esm/HeartBrok
enRounded.js" was 
ignored.
node_modules/@mui/ico
ns-material/esm/Heart
BrokenSharp.js 
(1:0): Module level 
directives cause 
errors when bundled, 
"use client" in "node
_modules/@mui/icons-m
aterial/esm/HeartBrok
enSharp.js" was 
ignored.
node_modules/@mui/ico
ns-material/esm/Heari
ngOutlined.js (1:0): 
Module level 
directives cause 
errors when bundled, 
"use client" in "node
_modules/@mui/icons-m
aterial/esm/HearingOu
tlined.js" was 
ignored.
node_modules/@mui/ico
ns-material/esm/HeatP
umpOutlined.js 
(1:0): Module level 
directives cause 
errors when bundled, 
"use client" in "node
_modules/@mui/icons-m
aterial/esm/HeatPumpO
utlined.js" was 
ignored.
node_modules/@mui/ico
ns-material/esm/Heart
BrokenTwoTone.js 
(1:0): Module level 
directives cause 
errors when bundled, 
"use client" in "node
_modules/@mui/icons-m
aterial/esm/HeartBrok
enTwoTone.js" was 
ignored.
node_modules/@mui/ico
ns-material/esm/HeatP
umpSharp.js (1:0): 
Module level 
directives cause 
errors when bundled, 
"use client" in "node
_modules/@mui/icons-m
aterial/esm/HeatPumpS
harp.js" was ignored.
node_modules/@mui/ico
ns-material/esm/HeatP
umpRounded.js (1:0): 
Module level 
directives cause 
errors when bundled, 
"use client" in "node
_modules/@mui/icons-m
aterial/esm/HeatPumpR
ounded.js" was 
ignored.
node_modules/@mui/ico
ns-material/esm/HeatP
umpTwoTone.js (1:0): 
Module level 
directives cause 
errors when bundled, 
"use client" in "node
_modules/@mui/icons-m
aterial/esm/HeatPumpT
woTone.js" was 
ignored.
node_modules/@mui/ico
ns-material/esm/Heigh
tRounded.js (1:0): 
Module level 
directives cause 
errors when bundled, 
"use client" in "node
_modules/@mui/icons-m
aterial/esm/HeightRou
nded.js" was ignored.
node_modules/@mui/ico
ns-material/esm/HeatP
ump.js (1:0): Module 
level directives 
cause errors when 
bundled, "use 
client" in "node_modu
les/@mui/icons-materi
al/esm/HeatPump.js" 
was ignored.
node_modules/@mui/ico
ns-material/esm/Heigh
tOutlined.js (1:0): 
Module level 
directives cause 
errors when bundled, 
"use client" in "node
_modules/@mui/icons-m
aterial/esm/HeightOut
lined.js" was 
ignored.
node_modules/@mui/ico
ns-material/esm/Heigh
tTwoTone.js (1:0): 
Module level 
directives cause 
errors when bundled, 
"use client" in "node
_modules/@mui/icons-m
aterial/esm/HeightTwo
Tone.js" was ignored.
node_modules/@mui/ico
ns-material/esm/Heigh
t.js (1:0): Module 
level directives 
cause errors when 
bundled, "use 
client" in "node_modu
les/@mui/icons-materi
al/esm/Height.js" 
was ignored.
node_modules/@mui/ico
ns-material/esm/Help.
js (1:0): Module 
level directives 
cause errors when 
bundled, "use 
client" in "node_modu
les/@mui/icons-materi
al/esm/Help.js" was 
ignored.
node_modules/@mui/ico
ns-material/esm/Heigh
tSharp.js (1:0): 
Module level 
directives cause 
errors when bundled, 
"use client" in "node
_modules/@mui/icons-m
aterial/esm/HeightSha
rp.js" was ignored.
node_modules/@mui/ico
ns-material/esm/HelpC
enterOutlined.js 
(1:0): Module level 
directives cause 
errors when bundled, 
"use client" in "node
_modules/@mui/icons-m
aterial/esm/HelpCente
rOutlined.js" was 
ignored.
node_modules/@mui/ico
ns-material/esm/HelpC
enter.js (1:0): 
Module level 
directives cause 
errors when bundled, 
"use client" in "node
_modules/@mui/icons-m
aterial/esm/HelpCente
r.js" was ignored.
node_modules/@mui/ico
ns-material/esm/HelpC
enterSharp.js (1:0): 
Module level 
directives cause 
errors when bundled, 
"use client" in "node
_modules/@mui/icons-m
aterial/esm/HelpCente
rSharp.js" was 
ignored.
node_modules/@mui/ico
ns-material/esm/HelpC
enterRounded.js 
(1:0): Module level 
directives cause 
errors when bundled, 
"use client" in "node
_modules/@mui/icons-m
aterial/esm/HelpCente
rRounded.js" was 
ignored.
node_modules/@mui/ico
ns-material/esm/HelpO
utline.js (1:0): 
Module level 
directives cause 
errors when bundled, 
"use client" in "node
_modules/@mui/icons-m
aterial/esm/HelpOutli
ne.js" was ignored.
node_modules/@mui/ico
ns-material/esm/HelpC
enterTwoTone.js 
(1:0): Module level 
directives cause 
errors when bundled, 
"use client" in "node
_modules/@mui/icons-m
aterial/esm/HelpCente
rTwoTone.js" was 
ignored.
node_modules/@mui/ico
ns-material/esm/HelpO
utlineRounded.js 
(1:0): Module level 
directives cause 
errors when bundled, 
"use client" in "node
_modules/@mui/icons-m
aterial/esm/HelpOutli
neRounded.js" was 
ignored.
node_modules/@mui/ico
ns-material/esm/HelpO
utlineOutlined.js 
(1:0): Module level 
directives cause 
errors when bundled, 
"use client" in "node
_modules/@mui/icons-m
aterial/esm/HelpOutli
neOutlined.js" was 
ignored.
node_modules/@mui/ico
ns-material/esm/HelpO
utlineSharp.js 
(1:0): Module level 
directives cause 
errors when bundled, 
"use client" in "node
_modules/@mui/icons-m
aterial/esm/HelpOutli
neSharp.js" was 
ignored.
node_modules/@mui/ico
ns-material/esm/HelpO
utlined.js (1:0): 
Module level 
directives cause 
errors when bundled, 
"use client" in "node
_modules/@mui/icons-m
aterial/esm/HelpOutli
ned.js" was ignored.
node_modules/@mui/ico
ns-material/esm/HelpO
utlineTwoTone.js 
(1:0): Module level 
directives cause 
errors when bundled, 
"use client" in "node
_modules/@mui/icons-m
aterial/esm/HelpOutli
neTwoTone.js" was 
ignored.
node_modules/@mui/ico
ns-material/esm/HelpS
harp.js (1:0): 
Module level 
directives cause 
errors when bundled, 
"use client" in "node
_modules/@mui/icons-m
aterial/esm/HelpSharp
.js" was ignored.
node_modules/@mui/ico
ns-material/esm/HelpR
ounded.js (1:0): 
Module level 
directives cause 
errors when bundled, 
"use client" in "node
_modules/@mui/icons-m
aterial/esm/HelpRound
ed.js" was ignored.
node_modules/@mui/ico
ns-material/esm/HelpT
woTone.js (1:0): 
Module level 
directives cause 
errors when bundled, 
"use client" in "node
_modules/@mui/icons-m
aterial/esm/HelpTwoTo
ne.js" was ignored.
node_modules/@mui/ico
ns-material/esm/Hevc.
js (1:0): Module 
level directives 
cause errors when 
bundled, "use 
client" in "node_modu
les/@mui/icons-materi
al/esm/Hevc.js" was 
ignored.
node_modules/@mui/ico
ns-material/esm/HevcO
utlined.js (1:0): 
Module level 
directives cause 
errors when bundled, 
"use client" in "node
_modules/@mui/icons-m
aterial/esm/HevcOutli
ned.js" was ignored.
node_modules/@mui/ico
ns-material/esm/HevcR
ounded.js (1:0): 
Module level 
directives cause 
errors when bundled, 
"use client" in "node
_modules/@mui/icons-m
aterial/esm/HevcRound
ed.js" was ignored.
node_modules/@mui/ico
ns-material/esm/HevcT
woTone.js (1:0): 
Module level 
directives cause 
errors when bundled, 
"use client" in "node
_modules/@mui/icons-m
aterial/esm/HevcTwoTo
ne.js" was ignored.
node_modules/@mui/ico
ns-material/esm/HevcS
harp.js (1:0): 
Module level 
directives cause 
errors when bundled, 
"use client" in "node
_modules/@mui/icons-m
aterial/esm/HevcSharp
.js" was ignored.
node_modules/@mui/ico
ns-material/esm/Hexag
onOutlined.js (1:0): 
Module level 
directives cause 
errors when bundled, 
"use client" in "node
_modules/@mui/icons-m
aterial/esm/HexagonOu
tlined.js" was 
ignored.
node_modules/@mui/ico
ns-material/esm/Hexag
on.js (1:0): Module 
level directives 
cause errors when 
bundled, "use 
client" in "node_modu
les/@mui/icons-materi
al/esm/Hexagon.js" 
was ignored.
node_modules/@mui/ico
ns-material/esm/Hexag
onSharp.js (1:0): 
Module level 
directives cause 
errors when bundled, 
"use client" in "node
_modules/@mui/icons-m
aterial/esm/HexagonSh
arp.js" was ignored.
node_modules/@mui/ico
ns-material/esm/Hexag
onRounded.js (1:0): 
Module level 
directives cause 
errors when bundled, 
"use client" in "node
_modules/@mui/icons-m
aterial/esm/HexagonRo
unded.js" was 
ignored.
node_modules/@mui/ico
ns-material/esm/HideI
mage.js (1:0): 
Module level 
directives cause 
errors when bundled, 
"use client" in "node
_modules/@mui/icons-m
aterial/esm/HideImage
.js" was ignored.
node_modules/@mui/ico
ns-material/esm/Hexag
onTwoTone.js (1:0): 
Module level 
directives cause 
errors when bundled, 
"use client" in "node
_modules/@mui/icons-m
aterial/esm/HexagonTw
oTone.js" was 
ignored.
node_modules/@mui/ico
ns-material/esm/HideI
mageOutlined.js 
(1:0): Module level 
directives cause 
errors when bundled, 
"use client" in "node
_modules/@mui/icons-m
aterial/esm/HideImage
Outlined.js" was 
ignored.
node_modules/@mui/ico
ns-material/esm/HideI
mageRounded.js 
(1:0): Module level 
directives cause 
errors when bundled, 
"use client" in "node
_modules/@mui/icons-m
aterial/esm/HideImage
Rounded.js" was 
ignored.
node_modules/@mui/ico
ns-material/esm/HideI
mageSharp.js (1:0): 
Module level 
directives cause 
errors when bundled, 
"use client" in "node
_modules/@mui/icons-m
aterial/esm/HideImage
Sharp.js" was 
ignored.
node_modules/@mui/ico
ns-material/esm/HideI
mageTwoTone.js 
(1:0): Module level 
directives cause 
errors when bundled, 
"use client" in "node
_modules/@mui/icons-m
aterial/esm/HideImage
TwoTone.js" was 
ignored.
node_modules/@mui/ico
ns-material/esm/HideS
ourceOutlined.js 
(1:0): Module level 
directives cause 
errors when bundled, 
"use client" in "node
_modules/@mui/icons-m
aterial/esm/HideSourc
eOutlined.js" was 
ignored.
node_modules/@mui/ico
ns-material/esm/HideS
ource.js (1:0): 
Module level 
directives cause 
errors when bundled, 
"use client" in "node
_modules/@mui/icons-m
aterial/esm/HideSourc
e.js" was ignored.
node_modules/@mui/ico
ns-material/esm/HideS
ourceTwoTone.js 
(1:0): Module level 
directives cause 
errors when bundled, 
"use client" in "node
_modules/@mui/icons-m
aterial/esm/HideSourc
eTwoTone.js" was 
ignored.
node_modules/@mui/ico
ns-material/esm/HideS
ourceSharp.js (1:0): 
Module level 
directives cause 
errors when bundled, 
"use client" in "node
_modules/@mui/icons-m
aterial/esm/HideSourc
eSharp.js" was 
ignored.
node_modules/@mui/ico
ns-material/esm/HideS
ourceRounded.js 
(1:0): Module level 
directives cause 
errors when bundled, 
"use client" in "node
_modules/@mui/icons-m
aterial/esm/HideSourc
eRounded.js" was 
ignored.
node_modules/@mui/ico
ns-material/esm/HighQ
uality.js (1:0): 
Module level 
directives cause 
errors when bundled, 
"use client" in "node
_modules/@mui/icons-m
aterial/esm/HighQuali
ty.js" was ignored.
node_modules/@mui/ico
ns-material/esm/HighQ
ualityRounded.js 
(1:0): Module level 
directives cause 
errors when bundled, 
"use client" in "node
_modules/@mui/icons-m
aterial/esm/HighQuali
tyRounded.js" was 
ignored.
node_modules/@mui/ico
ns-material/esm/HighQ
ualityTwoTone.js 
(1:0): Module level 
directives cause 
errors when bundled, 
"use client" in "node
_modules/@mui/icons-m
aterial/esm/HighQuali
tyTwoTone.js" was 
ignored.
node_modules/@mui/ico
ns-material/esm/HighQ
ualitySharp.js 
(1:0): Module level 
directives cause 
errors when bundled, 
"use client" in "node
_modules/@mui/icons-m
aterial/esm/HighQuali
tySharp.js" was 
ignored.
node_modules/@mui/ico
ns-material/esm/Highl
ightAlt.js (1:0): 
Module level 
directives cause 
errors when bundled, 
"use client" in "node
_modules/@mui/icons-m
aterial/esm/Highlight
Alt.js" was ignored.
node_modules/@mui/ico
ns-material/esm/Highl
ight.js (1:0): 
Module level 
directives cause 
errors when bundled, 
"use client" in "node
_modules/@mui/icons-m
aterial/esm/Highlight
.js" was ignored.
node_modules/@mui/ico
ns-material/esm/HighQ
ualityOutlined.js 
(1:0): Module level 
directives cause 
errors when bundled, 
"use client" in "node
_modules/@mui/icons-m
aterial/esm/HighQuali
tyOutlined.js" was 
ignored.
node_modules/@mui/ico
ns-material/esm/Highl
ightAltOutlined.js 
(1:0): Module level 
directives cause 
errors when bundled, 
"use client" in "node
_modules/@mui/icons-m
aterial/esm/Highlight
AltOutlined.js" was 
ignored.
node_modules/@mui/ico
ns-material/esm/Highl
ightAltRounded.js 
(1:0): Module level 
directives cause 
errors when bundled, 
"use client" in "node
_modules/@mui/icons-m
aterial/esm/Highlight
AltRounded.js" was 
ignored.
node_modules/@mui/ico
ns-material/esm/Highl
ightAltSharp.js 
(1:0): Module level 
directives cause 
errors when bundled, 
"use client" in "node
_modules/@mui/icons-m
aterial/esm/Highlight
AltSharp.js" was 
ignored.
node_modules/@mui/ico
ns-material/esm/Highl
ightAltTwoTone.js 
(1:0): Module level 
directives cause 
errors when bundled, 
"use client" in "node
_modules/@mui/icons-m
aterial/esm/Highlight
AltTwoTone.js" was 
ignored.
node_modules/@mui/ico
ns-material/esm/Highl
ightOffOutlined.js 
(1:0): Module level 
directives cause 
errors when bundled, 
"use client" in "node
_modules/@mui/icons-m
aterial/esm/Highlight
OffOutlined.js" was 
ignored.
node_modules/@mui/ico
ns-material/esm/Highl
ightOff.js (1:0): 
Module level 
directives cause 
errors when bundled, 
"use client" in "node
_modules/@mui/icons-m
aterial/esm/Highlight
Off.js" was ignored.
node_modules/@mui/ico
ns-material/esm/Highl
ightOffRounded.js 
(1:0): Module level 
directives cause 
errors when bundled, 
"use client" in "node
_modules/@mui/icons-m
aterial/esm/Highlight
OffRounded.js" was 
ignored.
node_modules/@mui/ico
ns-material/esm/Highl
ightOffTwoTone.js 
(1:0): Module level 
directives cause 
errors when bundled, 
"use client" in "node
_modules/@mui/icons-m
aterial/esm/Highlight
OffTwoTone.js" was 
ignored.
node_modules/@mui/ico
ns-material/esm/Highl
ightOffSharp.js 
(1:0): Module level 
directives cause 
errors when bundled, 
"use client" in "node
_modules/@mui/icons-m
aterial/esm/Highlight
OffSharp.js" was 
ignored.
node_modules/@mui/ico
ns-material/esm/Highl
ightOutlined.js 
(1:0): Module level 
directives cause 
errors when bundled, 
"use client" in "node
_modules/@mui/icons-m
aterial/esm/Highlight
Outlined.js" was 
ignored.
node_modules/@mui/ico
ns-material/esm/Highl
ightTwoTone.js 
(1:0): Module level 
directives cause 
errors when bundled, 
"use client" in "node
_modules/@mui/icons-m
aterial/esm/Highlight
TwoTone.js" was 
ignored.
node_modules/@mui/ico
ns-material/esm/Highl
ightSharp.js (1:0): 
Module level 
directives cause 
errors when bundled, 
"use client" in "node
_modules/@mui/icons-m
aterial/esm/Highlight
Sharp.js" was 
ignored.
node_modules/@mui/ico
ns-material/esm/Highl
ightRounded.js 
(1:0): Module level 
directives cause 
errors when bundled, 
"use client" in "node
_modules/@mui/icons-m
aterial/esm/Highlight
Rounded.js" was 
ignored.
node_modules/@mui/ico
ns-material/esm/Hikin
gOutlined.js (1:0): 
Module level 
directives cause 
errors when bundled, 
"use client" in "node
_modules/@mui/icons-m
aterial/esm/HikingOut
lined.js" was 
ignored.
node_modules/@mui/ico
ns-material/esm/Hikin
g.js (1:0): Module 
level directives 
cause errors when 
bundled, "use 
client" in "node_modu
les/@mui/icons-materi
al/esm/Hiking.js" 
was ignored.
node_modules/@mui/ico
ns-material/esm/Hikin
gTwoTone.js (1:0): 
Module level 
directives cause 
errors when bundled, 
"use client" in "node
_modules/@mui/icons-m
aterial/esm/HikingTwo
Tone.js" was ignored.
node_modules/@mui/ico
ns-material/esm/Hikin
gSharp.js (1:0): 
Module level 
directives cause 
errors when bundled, 
"use client" in "node
_modules/@mui/icons-m
aterial/esm/HikingSha
rp.js" was ignored.
node_modules/@mui/ico
ns-material/esm/Hikin
gRounded.js (1:0): 
Module level 
directives cause 
errors when bundled, 
"use client" in "node
_modules/@mui/icons-m
aterial/esm/HikingRou
nded.js" was ignored.
node_modules/@mui/ico
ns-material/esm/Histo
ry.js (1:0): Module 
level directives 
cause errors when 
bundled, "use 
client" in "node_modu
les/@mui/icons-materi
al/esm/History.js" 
was ignored.
node_modules/@mui/ico
ns-material/esm/Histo
ryEdu.js (1:0): 
Module level 
directives cause 
errors when bundled, 
"use client" in "node
_modules/@mui/icons-m
aterial/esm/HistoryEd
u.js" was ignored.
node_modules/@mui/ico
ns-material/esm/Histo
ryEduOutlined.js 
(1:0): Module level 
directives cause 
errors when bundled, 
"use client" in "node
_modules/@mui/icons-m
aterial/esm/HistoryEd
uOutlined.js" was 
ignored.
node_modules/@mui/ico
ns-material/esm/Histo
ryEduRounded.js 
(1:0): Module level 
directives cause 
errors when bundled, 
"use client" in "node
_modules/@mui/icons-m
aterial/esm/HistoryEd
uRounded.js" was 
ignored.
node_modules/@mui/ico
ns-material/esm/Histo
ryEduTwoTone.js 
(1:0): Module level 
directives cause 
errors when bundled, 
"use client" in "node
_modules/@mui/icons-m
aterial/esm/HistoryEd
uTwoTone.js" was 
ignored.
node_modules/@mui/ico
ns-material/esm/Histo
ryEduSharp.js (1:0): 
Module level 
directives cause 
errors when bundled, 
"use client" in "node
_modules/@mui/icons-m
aterial/esm/HistoryEd
uSharp.js" was 
ignored.
node_modules/@mui/ico
ns-material/esm/Histo
ryOutlined.js (1:0): 
Module level 
directives cause 
errors when bundled, 
"use client" in "node
_modules/@mui/icons-m
aterial/esm/HistoryOu
tlined.js" was 
ignored.
node_modules/@mui/ico
ns-material/esm/Histo
rySharp.js (1:0): 
Module level 
directives cause 
errors when bundled, 
"use client" in "node
_modules/@mui/icons-m
aterial/esm/HistorySh
arp.js" was ignored.
node_modules/@mui/ico
ns-material/esm/Histo
ryRounded.js (1:0): 
Module level 
directives cause 
errors when bundled, 
"use client" in "node
_modules/@mui/icons-m
aterial/esm/HistoryRo
unded.js" was 
ignored.
node_modules/@mui/ico
ns-material/esm/Histo
ryToggleOff.js 
(1:0): Module level 
directives cause 
errors when bundled, 
"use client" in "node
_modules/@mui/icons-m
aterial/esm/HistoryTo
ggleOff.js" was 
ignored.
node_modules/@mui/ico
ns-material/esm/Histo
ryToggleOffRounded.js
 (1:0): Module level 
directives cause 
errors when bundled, 
"use client" in "node
_modules/@mui/icons-m
aterial/esm/HistoryTo
ggleOffRounded.js" 
was ignored.
node_modules/@mui/ico
ns-material/esm/Histo
ryToggleOffOutlined.j
s (1:0): Module 
level directives 
cause errors when 
bundled, "use 
client" in "node_modu
les/@mui/icons-materi
al/esm/HistoryToggleO
ffOutlined.js" was 
ignored.
node_modules/@mui/ico
ns-material/esm/Hive.
js (1:0): Module 
level directives 
cause errors when 
bundled, "use 
client" in "node_modu
les/@mui/icons-materi
al/esm/Hive.js" was 
ignored.
node_modules/@mui/ico
ns-material/esm/Histo
ryToggleOffTwoTone.js
 (1:0): Module level 
directives cause 
errors when bundled, 
"use client" in "node
_modules/@mui/icons-m
aterial/esm/HistoryTo
ggleOffTwoTone.js" 
was ignored.
node_modules/@mui/ico
ns-material/esm/Histo
ryToggleOffSharp.js 
(1:0): Module level 
directives cause 
errors when bundled, 
"use client" in "node
_modules/@mui/icons-m
aterial/esm/HistoryTo
ggleOffSharp.js" was 
ignored.
node_modules/@mui/ico
ns-material/esm/HiveR
ounded.js (1:0): 
Module level 
directives cause 
errors when bundled, 
"use client" in "node
_modules/@mui/icons-m
aterial/esm/HiveRound
ed.js" was ignored.
node_modules/@mui/ico
ns-material/esm/Histo
ryTwoTone.js (1:0): 
Module level 
directives cause 
errors when bundled, 
"use client" in "node
_modules/@mui/icons-m
aterial/esm/HistoryTw
oTone.js" was 
ignored.
node_modules/@mui/ico
ns-material/esm/HiveO
utlined.js (1:0): 
Module level 
directives cause 
errors when bundled, 
"use client" in "node
_modules/@mui/icons-m
aterial/esm/HiveOutli
ned.js" was ignored.
node_modules/@mui/ico
ns-material/esm/HiveT
woTone.js (1:0): 
Module level 
directives cause 
errors when bundled, 
"use client" in "node
_modules/@mui/icons-m
aterial/esm/HiveTwoTo
ne.js" was ignored.
node_modules/@mui/ico
ns-material/esm/Hls.j
s (1:0): Module 
level directives 
cause errors when 
bundled, "use 
client" in "node_modu
les/@mui/icons-materi
al/esm/Hls.js" was 
ignored.
node_modules/@mui/ico
ns-material/esm/HlsOf
f.js (1:0): Module 
level directives 
cause errors when 
bundled, "use 
client" in "node_modu
les/@mui/icons-materi
al/esm/HlsOff.js" 
was ignored.
node_modules/@mui/ico
ns-material/esm/HiveS
harp.js (1:0): 
Module level 
directives cause 
errors when bundled, 
"use client" in "node
_modules/@mui/icons-m
aterial/esm/HiveSharp
.js" was ignored.
node_modules/@mui/ico
ns-material/esm/HlsOf
fRounded.js (1:0): 
Module level 
directives cause 
errors when bundled, 
"use client" in "node
_modules/@mui/icons-m
aterial/esm/HlsOffRou
nded.js" was ignored.
node_modules/@mui/ico
ns-material/esm/HlsOf
fOutlined.js (1:0): 
Module level 
directives cause 
errors when bundled, 
"use client" in "node
_modules/@mui/icons-m
aterial/esm/HlsOffOut
lined.js" was 
ignored.
node_modules/@mui/ico
ns-material/esm/HlsOf
fTwoTone.js (1:0): 
Module level 
directives cause 
errors when bundled, 
"use client" in "node
_modules/@mui/icons-m
aterial/esm/HlsOffTwo
Tone.js" was ignored.
node_modules/@mui/ico
ns-material/esm/HlsOf
fSharp.js (1:0): 
Module level 
directives cause 
errors when bundled, 
"use client" in "node
_modules/@mui/icons-m
aterial/esm/HlsOffSha
rp.js" was ignored.
node_modules/@mui/ico
ns-material/esm/HlsOu
tlined.js (1:0): 
Module level 
directives cause 
errors when bundled, 
"use client" in "node
_modules/@mui/icons-m
aterial/esm/HlsOutlin
ed.js" was ignored.
node_modules/@mui/ico
ns-material/esm/HlsSh
arp.js (1:0): Module 
level directives 
cause errors when 
bundled, "use 
client" in "node_modu
les/@mui/icons-materi
al/esm/HlsSharp.js" 
was ignored.
node_modules/@mui/ico
ns-material/esm/HlsRo
unded.js (1:0): 
Module level 
directives cause 
errors when bundled, 
"use client" in "node
_modules/@mui/icons-m
aterial/esm/HlsRounde
d.js" was ignored.
node_modules/@mui/ico
ns-material/esm/Holid
ayVillage.js (1:0): 
Module level 
directives cause 
errors when bundled, 
"use client" in "node
_modules/@mui/icons-m
aterial/esm/HolidayVi
llage.js" was 
ignored.
node_modules/@mui/ico
ns-material/esm/HlsTw
oTone.js (1:0): 
Module level 
directives cause 
errors when bundled, 
"use client" in "node
_modules/@mui/icons-m
aterial/esm/HlsTwoTon
e.js" was ignored.
node_modules/@mui/ico
ns-material/esm/Holid
ayVillageOutlined.js 
(1:0): Module level 
directives cause 
errors when bundled, 
"use client" in "node
_modules/@mui/icons-m
aterial/esm/HolidayVi
llageOutlined.js" 
was ignored.
node_modules/@mui/ico
ns-material/esm/Holid
ayVillageRounded.js 
(1:0): Module level 
directives cause 
errors when bundled, 
"use client" in "node
_modules/@mui/icons-m
aterial/esm/HolidayVi
llageRounded.js" was 
ignored.
node_modules/@mui/ico
ns-material/esm/Holid
ayVillageTwoTone.js 
(1:0): Module level 
directives cause 
errors when bundled, 
"use client" in "node
_modules/@mui/icons-m
aterial/esm/HolidayVi
llageTwoTone.js" was 
ignored.
node_modules/@mui/ico
ns-material/esm/Holid
ayVillageSharp.js 
(1:0): Module level 
directives cause 
errors when bundled, 
"use client" in "node
_modules/@mui/icons-m
aterial/esm/HolidayVi
llageSharp.js" was 
ignored.
node_modules/@mui/ico
ns-material/esm/Home.
js (1:0): Module 
level directives 
cause errors when 
bundled, "use 
client" in "node_modu
les/@mui/icons-materi
al/esm/Home.js" was 
ignored.
node_modules/@mui/ico
ns-material/esm/HomeM
axOutlined.js (1:0): 
Module level 
directives cause 
errors when bundled, 
"use client" in "node
_modules/@mui/icons-m
aterial/esm/HomeMaxOu
tlined.js" was 
ignored.
node_modules/@mui/ico
ns-material/esm/HomeM
ax.js (1:0): Module 
level directives 
cause errors when 
bundled, "use 
client" in "node_modu
les/@mui/icons-materi
al/esm/HomeMax.js" 
was ignored.
node_modules/@mui/ico
ns-material/esm/HomeM
axSharp.js (1:0): 
Module level 
directives cause 
errors when bundled, 
"use client" in "node
_modules/@mui/icons-m
aterial/esm/HomeMaxSh
arp.js" was ignored.
node_modules/@mui/ico
ns-material/esm/HomeM
axRounded.js (1:0): 
Module level 
directives cause 
errors when bundled, 
"use client" in "node
_modules/@mui/icons-m
aterial/esm/HomeMaxRo
unded.js" was 
ignored.
node_modules/@mui/ico
ns-material/esm/HomeM
ini.js (1:0): Module 
level directives 
cause errors when 
bundled, "use 
client" in "node_modu
les/@mui/icons-materi
al/esm/HomeMini.js" 
was ignored.
node_modules/@mui/ico
ns-material/esm/HomeM
iniOutlined.js 
(1:0): Module level 
directives cause 
errors when bundled, 
"use client" in "node
_modules/@mui/icons-m
aterial/esm/HomeMiniO
utlined.js" was 
ignored.
node_modules/@mui/ico
ns-material/esm/HomeM
iniRounded.js (1:0): 
Module level 
directives cause 
errors when bundled, 
"use client" in "node
_modules/@mui/icons-m
aterial/esm/HomeMiniR
ounded.js" was 
ignored.
node_modules/@mui/ico
ns-material/esm/HomeM
iniTwoTone.js (1:0): 
Module level 
directives cause 
errors when bundled, 
"use client" in "node
_modules/@mui/icons-m
aterial/esm/HomeMiniT
woTone.js" was 
ignored.
node_modules/@mui/ico
ns-material/esm/HomeM
axTwoTone.js (1:0): 
Module level 
directives cause 
errors when bundled, 
"use client" in "node
_modules/@mui/icons-m
aterial/esm/HomeMaxTw
oTone.js" was 
ignored.
node_modules/@mui/ico
ns-material/esm/HomeM
iniSharp.js (1:0): 
Module level 
directives cause 
errors when bundled, 
"use client" in "node
_modules/@mui/icons-m
aterial/esm/HomeMiniS
harp.js" was ignored.
node_modules/@mui/ico
ns-material/esm/HomeO
utlined.js (1:0): 
Module level 
directives cause 
errors when bundled, 
"use client" in "node
_modules/@mui/icons-m
aterial/esm/HomeOutli
ned.js" was ignored.
node_modules/@mui/ico
ns-material/esm/HomeR
epairService.js 
(1:0): Module level 
directives cause 
errors when bundled, 
"use client" in "node
_modules/@mui/icons-m
aterial/esm/HomeRepai
rService.js" was 
ignored.
node_modules/@mui/ico
ns-material/esm/HomeR
epairServiceOutlined.
js (1:0): Module 
level directives 
cause errors when 
bundled, "use 
client" in "node_modu
les/@mui/icons-materi
al/esm/HomeRepairServ
iceOutlined.js" was 
ignored.
node_modules/@mui/ico
ns-material/esm/HomeR
epairServiceRounded.j
s (1:0): Module 
level directives 
cause errors when 
bundled, "use 
client" in "node_modu
les/@mui/icons-materi
al/esm/HomeRepairServ
iceRounded.js" was 
ignored.
node_modules/@mui/ico
ns-material/esm/HomeR
epairServiceSharp.js 
(1:0): Module level 
directives cause 
errors when bundled, 
"use client" in "node
_modules/@mui/icons-m
aterial/esm/HomeRepai
rServiceSharp.js" 
was ignored.
node_modules/@mui/ico
ns-material/esm/HomeR
epairServiceTwoTone.j
s (1:0): Module 
level directives 
cause errors when 
bundled, "use 
client" in "node_modu
les/@mui/icons-materi
al/esm/HomeRepairServ
iceTwoTone.js" was 
ignored.
node_modules/@mui/ico
ns-material/esm/HomeR
ounded.js (1:0): 
Module level 
directives cause 
errors when bundled, 
"use client" in "node
_modules/@mui/icons-m
aterial/esm/HomeRound
ed.js" was ignored.
node_modules/@mui/ico
ns-material/esm/HomeS
harp.js (1:0): 
Module level 
directives cause 
errors when bundled, 
"use client" in "node
_modules/@mui/icons-m
aterial/esm/HomeSharp
.js" was ignored.
node_modules/@mui/ico
ns-material/esm/HomeT
woTone.js (1:0): 
Module level 
directives cause 
errors when bundled, 
"use client" in "node
_modules/@mui/icons-m
aterial/esm/HomeTwoTo
ne.js" was ignored.
node_modules/@mui/ico
ns-material/esm/HomeW
ork.js (1:0): Module 
level directives 
cause errors when 
bundled, "use 
client" in "node_modu
les/@mui/icons-materi
al/esm/HomeWork.js" 
was ignored.
node_modules/@mui/ico
ns-material/esm/HomeW
orkRounded.js (1:0): 
Module level 
directives cause 
errors when bundled, 
"use client" in "node
_modules/@mui/icons-m
aterial/esm/HomeWorkR
ounded.js" was 
ignored.
node_modules/@mui/ico
ns-material/esm/HomeW
orkSharp.js (1:0): 
Module level 
directives cause 
errors when bundled, 
"use client" in "node
_modules/@mui/icons-m
aterial/esm/HomeWorkS
harp.js" was ignored.
node_modules/@mui/ico
ns-material/esm/HomeW
orkTwoTone.js (1:0): 
Module level 
directives cause 
errors when bundled, 
"use client" in "node
_modules/@mui/icons-m
aterial/esm/HomeWorkT
woTone.js" was 
ignored.
node_modules/@mui/ico
ns-material/esm/Horiz
ontalRuleRounded.js 
(1:0): Module level 
directives cause 
errors when bundled, 
"use client" in "node
_modules/@mui/icons-m
aterial/esm/Horizonta
lRuleRounded.js" was 
ignored.
node_modules/@mui/ico
ns-material/esm/HomeW
orkOutlined.js 
(1:0): Module level 
directives cause 
errors when bundled, 
"use client" in "node
_modules/@mui/icons-m
aterial/esm/HomeWorkO
utlined.js" was 
ignored.
node_modules/@mui/ico
ns-material/esm/Horiz
ontalRuleTwoTone.js 
(1:0): Module level 
directives cause 
errors when bundled, 
"use client" in "node
_modules/@mui/icons-m
aterial/esm/Horizonta
lRuleTwoTone.js" was 
ignored.
node_modules/@mui/ico
ns-material/esm/Horiz
ontalSplit.js (1:0): 
Module level 
directives cause 
errors when bundled, 
"use client" in "node
_modules/@mui/icons-m
aterial/esm/Horizonta
lSplit.js" was 
ignored.
node_modules/@mui/ico
ns-material/esm/Horiz
ontalRuleSharp.js 
(1:0): Module level 
directives cause 
errors when bundled, 
"use client" in "node
_modules/@mui/icons-m
aterial/esm/Horizonta
lRuleSharp.js" was 
ignored.
node_modules/@mui/ico
ns-material/esm/Horiz
ontalRuleOutlined.js 
(1:0): Module level 
directives cause 
errors when bundled, 
"use client" in "node
_modules/@mui/icons-m
aterial/esm/Horizonta
lRuleOutlined.js" 
was ignored.
node_modules/@mui/ico
ns-material/esm/Horiz
ontalSplitOutlined.js
 (1:0): Module level 
directives cause 
errors when bundled, 
"use client" in "node
_modules/@mui/icons-m
aterial/esm/Horizonta
lSplitOutlined.js" 
was ignored.
node_modules/@mui/ico
ns-material/esm/Horiz
ontalRule.js (1:0): 
Module level 
directives cause 
errors when bundled, 
"use client" in "node
_modules/@mui/icons-m
aterial/esm/Horizonta
lRule.js" was 
ignored.
node_modules/@mui/ico
ns-material/esm/HotTu
b.js (1:0): Module 
level directives 
cause errors when 
bundled, "use 
client" in "node_modu
les/@mui/icons-materi
al/esm/HotTub.js" 
was ignored.
node_modules/@mui/ico
ns-material/esm/Horiz
ontalSplitRounded.js 
(1:0): Module level 
directives cause 
errors when bundled, 
"use client" in "node
_modules/@mui/icons-m
aterial/esm/Horizonta
lSplitRounded.js" 
was ignored.
node_modules/@mui/ico
ns-material/esm/Horiz
ontalSplitTwoTone.js 
(1:0): Module level 
directives cause 
errors when bundled, 
"use client" in "node
_modules/@mui/icons-m
aterial/esm/Horizonta
lSplitTwoTone.js" 
was ignored.
node_modules/@mui/ico
ns-material/esm/HotTu
bOutlined.js (1:0): 
Module level 
directives cause 
errors when bundled, 
"use client" in "node
_modules/@mui/icons-m
aterial/esm/HotTubOut
lined.js" was 
ignored.
node_modules/@mui/ico
ns-material/esm/Horiz
ontalSplitSharp.js 
(1:0): Module level 
directives cause 
errors when bundled, 
"use client" in "node
_modules/@mui/icons-m
aterial/esm/Horizonta
lSplitSharp.js" was 
ignored.
node_modules/@mui/ico
ns-material/esm/HotTu
bTwoTone.js (1:0): 
Module level 
directives cause 
errors when bundled, 
"use client" in "node
_modules/@mui/icons-m
aterial/esm/HotTubTwo
Tone.js" was ignored.
node_modules/@mui/ico
ns-material/esm/HotTu
bRounded.js (1:0): 
Module level 
directives cause 
errors when bundled, 
"use client" in "node
_modules/@mui/icons-m
aterial/esm/HotTubRou
nded.js" was ignored.
node_modules/@mui/ico
ns-material/esm/HotTu
bSharp.js (1:0): 
Module level 
directives cause 
errors when bundled, 
"use client" in "node
_modules/@mui/icons-m
aterial/esm/HotTubSha
rp.js" was ignored.
node_modules/@mui/ico
ns-material/esm/Hotel
.js (1:0): Module 
level directives 
cause errors when 
bundled, "use 
client" in "node_modu
les/@mui/icons-materi
al/esm/Hotel.js" was 
ignored.
node_modules/@mui/ico
ns-material/esm/Hotel
Outlined.js (1:0): 
Module level 
directives cause 
errors when bundled, 
"use client" in "node
_modules/@mui/icons-m
aterial/esm/HotelOutl
ined.js" was ignored.
node_modules/@mui/ico
ns-material/esm/Hotel
Rounded.js (1:0): 
Module level 
directives cause 
errors when bundled, 
"use client" in "node
_modules/@mui/icons-m
aterial/esm/HotelRoun
ded.js" was ignored.
node_modules/@mui/ico
ns-material/esm/Hourg
lassBottom.js (1:0): 
Module level 
directives cause 
errors when bundled, 
"use client" in "node
_modules/@mui/icons-m
aterial/esm/Hourglass
Bottom.js" was 
ignored.
node_modules/@mui/ico
ns-material/esm/Hotel
Sharp.js (1:0): 
Module level 
directives cause 
errors when bundled, 
"use client" in "node
_modules/@mui/icons-m
aterial/esm/HotelShar
p.js" was ignored.
node_modules/@mui/ico
ns-material/esm/Hotel
TwoTone.js (1:0): 
Module level 
directives cause 
errors when bundled, 
"use client" in "node
_modules/@mui/icons-m
aterial/esm/HotelTwoT
one.js" was ignored.
node_modules/@mui/ico
ns-material/esm/Hourg
lassBottomRounded.js 
(1:0): Module level 
directives cause 
errors when bundled, 
"use client" in "node
_modules/@mui/icons-m
aterial/esm/Hourglass
BottomRounded.js" 
was ignored.
node_modules/@mui/ico
ns-material/esm/Hourg
lassBottomOutlined.js
 (1:0): Module level 
directives cause 
errors when bundled, 
"use client" in "node
_modules/@mui/icons-m
aterial/esm/Hourglass
BottomOutlined.js" 
was ignored.
node_modules/@mui/ico
ns-material/esm/Hourg
lassDisabled.js 
(1:0): Module level 
directives cause 
errors when bundled, 
"use client" in "node
_modules/@mui/icons-m
aterial/esm/Hourglass
Disabled.js" was 
ignored.
node_modules/@mui/ico
ns-material/esm/Hourg
lassBottomTwoTone.js 
(1:0): Module level 
directives cause 
errors when bundled, 
"use client" in "node
_modules/@mui/icons-m
aterial/esm/Hourglass
BottomTwoTone.js" 
was ignored.
node_modules/@mui/ico
ns-material/esm/Hourg
lassBottomSharp.js 
(1:0): Module level 
directives cause 
errors when bundled, 
"use client" in "node
_modules/@mui/icons-m
aterial/esm/Hourglass
BottomSharp.js" was 
ignored.
node_modules/@mui/ico
ns-material/esm/Hourg
lassDisabledRounded.j
s (1:0): Module 
level directives 
cause errors when 
bundled, "use 
client" in "node_modu
les/@mui/icons-materi
al/esm/HourglassDisab
ledRounded.js" was 
ignored.
node_modules/@mui/ico
ns-material/esm/Hourg
lassDisabledSharp.js 
(1:0): Module level 
directives cause 
errors when bundled, 
"use client" in "node
_modules/@mui/icons-m
aterial/esm/Hourglass
DisabledSharp.js" 
was ignored.
node_modules/@mui/ico
ns-material/esm/Hourg
lassDisabledOutlined.
js (1:0): Module 
level directives 
cause errors when 
bundled, "use 
client" in "node_modu
les/@mui/icons-materi
al/esm/HourglassDisab
ledOutlined.js" was 
ignored.
node_modules/@mui/ico
ns-material/esm/Hourg
lassDisabledTwoTone.j
s (1:0): Module 
level directives 
cause errors when 
bundled, "use 
client" in "node_modu
les/@mui/icons-materi
al/esm/HourglassDisab
ledTwoTone.js" was 
ignored.
node_modules/@mui/ico
ns-material/esm/Hourg
lassEmpty.js (1:0): 
Module level 
directives cause 
errors when bundled, 
"use client" in "node
_modules/@mui/icons-m
aterial/esm/Hourglass
Empty.js" was 
ignored.
node_modules/@mui/ico
ns-material/esm/Hourg
lassEmptyOutlined.js 
(1:0): Module level 
directives cause 
errors when bundled, 
"use client" in "node
_modules/@mui/icons-m
aterial/esm/Hourglass
EmptyOutlined.js" 
was ignored.
node_modules/@mui/ico
ns-material/esm/Hourg
lassEmptyRounded.js 
(1:0): Module level 
directives cause 
errors when bundled, 
"use client" in "node
_modules/@mui/icons-m
aterial/esm/Hourglass
EmptyRounded.js" was 
ignored.
node_modules/@mui/ico
ns-material/esm/Hourg
lassEmptyTwoTone.js 
(1:0): Module level 
directives cause 
errors when bundled, 
"use client" in "node
_modules/@mui/icons-m
aterial/esm/Hourglass
EmptyTwoTone.js" was 
ignored.
node_modules/@mui/ico
ns-material/esm/Hourg
lassEmptySharp.js 
(1:0): Module level 
directives cause 
errors when bundled, 
"use client" in "node
_modules/@mui/icons-m
aterial/esm/Hourglass
EmptySharp.js" was 
ignored.
node_modules/@mui/ico
ns-material/esm/Hourg
lassFull.js (1:0): 
Module level 
directives cause 
errors when bundled, 
"use client" in "node
_modules/@mui/icons-m
aterial/esm/Hourglass
Full.js" was ignored.
node_modules/@mui/ico
ns-material/esm/Hourg
lassFullOutlined.js 
(1:0): Module level 
directives cause 
errors when bundled, 
"use client" in "node
_modules/@mui/icons-m
aterial/esm/Hourglass
FullOutlined.js" was 
ignored.
node_modules/@mui/ico
ns-material/esm/Hourg
lassTop.js (1:0): 
Module level 
directives cause 
errors when bundled, 
"use client" in "node
_modules/@mui/icons-m
aterial/esm/Hourglass
Top.js" was ignored.
node_modules/@mui/ico
ns-material/esm/Hourg
lassTopOutlined.js 
(1:0): Module level 
directives cause 
errors when bundled, 
"use client" in "node
_modules/@mui/icons-m
aterial/esm/Hourglass
TopOutlined.js" was 
ignored.
node_modules/@mui/ico
ns-material/esm/Hourg
lassTopRounded.js 
(1:0): Module level 
directives cause 
errors when bundled, 
"use client" in "node
_modules/@mui/icons-m
aterial/esm/Hourglass
TopRounded.js" was 
ignored.
node_modules/@mui/ico
ns-material/esm/Hourg
lassTopSharp.js 
(1:0): Module level 
directives cause 
errors when bundled, 
"use client" in "node
_modules/@mui/icons-m
aterial/esm/Hourglass
TopSharp.js" was 
ignored.
node_modules/@mui/ico
ns-material/esm/Hourg
lassTopTwoTone.js 
(1:0): Module level 
directives cause 
errors when bundled, 
"use client" in "node
_modules/@mui/icons-m
aterial/esm/Hourglass
TopTwoTone.js" was 
ignored.
node_modules/@mui/ico
ns-material/esm/House
.js (1:0): Module 
level directives 
cause errors when 
bundled, "use 
client" in "node_modu
les/@mui/icons-materi
al/esm/House.js" was 
ignored.
node_modules/@mui/ico
ns-material/esm/House
Outlined.js (1:0): 
Module level 
directives cause 
errors when bundled, 
"use client" in "node
_modules/@mui/icons-m
aterial/esm/HouseOutl
ined.js" was ignored.
node_modules/@mui/ico
ns-material/esm/House
Rounded.js (1:0): 
Module level 
directives cause 
errors when bundled, 
"use client" in "node
_modules/@mui/icons-m
aterial/esm/HouseRoun
ded.js" was ignored.
node_modules/@mui/ico
ns-material/esm/Hourg
lassFullRounded.js 
(1:0): Module level 
directives cause 
errors when bundled, 
"use client" in "node
_modules/@mui/icons-m
aterial/esm/Hourglass
FullRounded.js" was 
ignored.
node_modules/@mui/ico
ns-material/esm/House
Siding.js (1:0): 
Module level 
directives cause 
errors when bundled, 
"use client" in "node
_modules/@mui/icons-m
aterial/esm/HouseSidi
ng.js" was ignored.
node_modules/@mui/ico
ns-material/esm/House
Sharp.js (1:0): 
Module level 
directives cause 
errors when bundled, 
"use client" in "node
_modules/@mui/icons-m
aterial/esm/HouseShar
p.js" was ignored.
node_modules/@mui/ico
ns-material/esm/House
SidingRounded.js 
(1:0): Module level 
directives cause 
errors when bundled, 
"use client" in "node
_modules/@mui/icons-m
aterial/esm/HouseSidi
ngRounded.js" was 
ignored.
node_modules/@mui/ico
ns-material/esm/House
SidingOutlined.js 
(1:0): Module level 
directives cause 
errors when bundled, 
"use client" in "node
_modules/@mui/icons-m
aterial/esm/HouseSidi
ngOutlined.js" was 
ignored.
node_modules/@mui/ico
ns-material/esm/House
SidingSharp.js 
(1:0): Module level 
directives cause 
errors when bundled, 
"use client" in "node
_modules/@mui/icons-m
aterial/esm/HouseSidi
ngSharp.js" was 
ignored.
node_modules/@mui/ico
ns-material/esm/House
SidingTwoTone.js 
(1:0): Module level 
directives cause 
errors when bundled, 
"use client" in "node
_modules/@mui/icons-m
aterial/esm/HouseSidi
ngTwoTone.js" was 
ignored.
node_modules/@mui/ico
ns-material/esm/House
TwoTone.js (1:0): 
Module level 
directives cause 
errors when bundled, 
"use client" in "node
_modules/@mui/icons-m
aterial/esm/HouseTwoT
one.js" was ignored.
node_modules/@mui/ico
ns-material/esm/Hourg
lassFullSharp.js 
(1:0): Module level 
directives cause 
errors when bundled, 
"use client" in "node
_modules/@mui/icons-m
aterial/esm/Hourglass
FullSharp.js" was 
ignored.
node_modules/@mui/ico
ns-material/esm/House
boat.js (1:0): 
Module level 
directives cause 
errors when bundled, 
"use client" in "node
_modules/@mui/icons-m
aterial/esm/Houseboat
.js" was ignored.
node_modules/@mui/ico
ns-material/esm/Hourg
lassFullTwoTone.js 
(1:0): Module level 
directives cause 
errors when bundled, 
"use client" in "node
_modules/@mui/icons-m
aterial/esm/Hourglass
FullTwoTone.js" was 
ignored.
node_modules/@mui/ico
ns-material/esm/House
boatOutlined.js 
(1:0): Module level 
directives cause 
errors when bundled, 
"use client" in "node
_modules/@mui/icons-m
aterial/esm/Houseboat
Outlined.js" was 
ignored.
node_modules/@mui/ico
ns-material/esm/House
boatRounded.js 
(1:0): Module level 
directives cause 
errors when bundled, 
"use client" in "node
_modules/@mui/icons-m
aterial/esm/Houseboat
Rounded.js" was 
ignored.
node_modules/@mui/ico
ns-material/esm/House
boatSharp.js (1:0): 
Module level 
directives cause 
errors when bundled, 
"use client" in "node
_modules/@mui/icons-m
aterial/esm/Houseboat
Sharp.js" was 
ignored.
node_modules/@mui/ico
ns-material/esm/House
boatTwoTone.js 
(1:0): Module level 
directives cause 
errors when bundled, 
"use client" in "node
_modules/@mui/icons-m
aterial/esm/Houseboat
TwoTone.js" was 
ignored.
node_modules/@mui/ico
ns-material/esm/HowTo
Reg.js (1:0): Module 
level directives 
cause errors when 
bundled, "use 
client" in "node_modu
les/@mui/icons-materi
al/esm/HowToReg.js" 
was ignored.
node_modules/@mui/ico
ns-material/esm/HowTo
RegOutlined.js 
(1:0): Module level 
directives cause 
errors when bundled, 
"use client" in "node
_modules/@mui/icons-m
aterial/esm/HowToRegO
utlined.js" was 
ignored.
node_modules/@mui/ico
ns-material/esm/HowTo
RegRounded.js (1:0): 
Module level 
directives cause 
errors when bundled, 
"use client" in "node
_modules/@mui/icons-m
aterial/esm/HowToRegR
ounded.js" was 
ignored.
node_modules/@mui/ico
ns-material/esm/HowTo
RegSharp.js (1:0): 
Module level 
directives cause 
errors when bundled, 
"use client" in "node
_modules/@mui/icons-m
aterial/esm/HowToRegS
harp.js" was ignored.
node_modules/@mui/ico
ns-material/esm/HowTo
RegTwoTone.js (1:0): 
Module level 
directives cause 
errors when bundled, 
"use client" in "node
_modules/@mui/icons-m
aterial/esm/HowToRegT
woTone.js" was 
ignored.
node_modules/@mui/ico
ns-material/esm/HowTo
VoteOutlined.js 
(1:0): Module level 
directives cause 
errors when bundled, 
"use client" in "node
_modules/@mui/icons-m
aterial/esm/HowToVote
Outlined.js" was 
ignored.
node_modules/@mui/ico
ns-material/esm/HowTo
Vote.js (1:0): 
Module level 
directives cause 
errors when bundled, 
"use client" in "node
_modules/@mui/icons-m
aterial/esm/HowToVote
.js" was ignored.
node_modules/@mui/ico
ns-material/esm/HowTo
VoteSharp.js (1:0): 
Module level 
directives cause 
errors when bundled, 
"use client" in "node
_modules/@mui/icons-m
aterial/esm/HowToVote
Sharp.js" was 
ignored.
node_modules/@mui/ico
ns-material/esm/HowTo
VoteRounded.js 
(1:0): Module level 
directives cause 
errors when bundled, 
"use client" in "node
_modules/@mui/icons-m
aterial/esm/HowToVote
Rounded.js" was 
ignored.
node_modules/@mui/ico
ns-material/esm/HowTo
VoteTwoTone.js 
(1:0): Module level 
directives cause 
errors when bundled, 
"use client" in "node
_modules/@mui/icons-m
aterial/esm/HowToVote
TwoTone.js" was 
ignored.
node_modules/@mui/ico
ns-material/esm/Html.
js (1:0): Module 
level directives 
cause errors when 
bundled, "use 
client" in "node_modu
les/@mui/icons-materi
al/esm/Html.js" was 
ignored.
node_modules/@mui/ico
ns-material/esm/HtmlO
utlined.js (1:0): 
Module level 
directives cause 
errors when bundled, 
"use client" in "node
_modules/@mui/icons-m
aterial/esm/HtmlOutli
ned.js" was ignored.
node_modules/@mui/ico
ns-material/esm/HtmlR
ounded.js (1:0): 
Module level 
directives cause 
errors when bundled, 
"use client" in "node
_modules/@mui/icons-m
aterial/esm/HtmlRound
ed.js" was ignored.
node_modules/@mui/ico
ns-material/esm/HtmlT
woTone.js (1:0): 
Module level 
directives cause 
errors when bundled, 
"use client" in "node
_modules/@mui/icons-m
aterial/esm/HtmlTwoTo
ne.js" was ignored.
node_modules/@mui/ico
ns-material/esm/Http.
js (1:0): Module 
level directives 
cause errors when 
bundled, "use 
client" in "node_modu
les/@mui/icons-materi
al/esm/Http.js" was 
ignored.
node_modules/@mui/ico
ns-material/esm/HtmlS
harp.js (1:0): 
Module level 
directives cause 
errors when bundled, 
"use client" in "node
_modules/@mui/icons-m
aterial/esm/HtmlSharp
.js" was ignored.
node_modules/@mui/ico
ns-material/esm/HttpO
utlined.js (1:0): 
Module level 
directives cause 
errors when bundled, 
"use client" in "node
_modules/@mui/icons-m
aterial/esm/HttpOutli
ned.js" was ignored.
node_modules/@mui/ico
ns-material/esm/HttpR
ounded.js (1:0): 
Module level 
directives cause 
errors when bundled, 
"use client" in "node
_modules/@mui/icons-m
aterial/esm/HttpRound
ed.js" was ignored.
node_modules/@mui/ico
ns-material/esm/HttpS
harp.js (1:0): 
Module level 
directives cause 
errors when bundled, 
"use client" in "node
_modules/@mui/icons-m
aterial/esm/HttpSharp
.js" was ignored.
node_modules/@mui/ico
ns-material/esm/HttpT
woTone.js (1:0): 
Module level 
directives cause 
errors when bundled, 
"use client" in "node
_modules/@mui/icons-m
aterial/esm/HttpTwoTo
ne.js" was ignored.
node_modules/@mui/ico
ns-material/esm/Https
Rounded.js (1:0): 
Module level 
directives cause 
errors when bundled, 
"use client" in "node
_modules/@mui/icons-m
aterial/esm/HttpsRoun
ded.js" was ignored.
node_modules/@mui/ico
ns-material/esm/Https
Sharp.js (1:0): 
Module level 
directives cause 
errors when bundled, 
"use client" in "node
_modules/@mui/icons-m
aterial/esm/HttpsShar
p.js" was ignored.
node_modules/@mui/ico
ns-material/esm/Https
TwoTone.js (1:0): 
Module level 
directives cause 
errors when bundled, 
"use client" in "node
_modules/@mui/icons-m
aterial/esm/HttpsTwoT
one.js" was ignored.
node_modules/@mui/ico
ns-material/esm/Https
.js (1:0): Module 
level directives 
cause errors when 
bundled, "use 
client" in "node_modu
les/@mui/icons-materi
al/esm/Https.js" was 
ignored.
node_modules/@mui/ico
ns-material/esm/HubRo
unded.js (1:0): 
Module level 
directives cause 
errors when bundled, 
"use client" in "node
_modules/@mui/icons-m
aterial/esm/HubRounde
d.js" was ignored.
node_modules/@mui/ico
ns-material/esm/Hub.j
s (1:0): Module 
level directives 
cause errors when 
bundled, "use 
client" in "node_modu
les/@mui/icons-materi
al/esm/Hub.js" was 
ignored.
node_modules/@mui/ico
ns-material/esm/HubOu
tlined.js (1:0): 
Module level 
directives cause 
errors when bundled, 
"use client" in "node
_modules/@mui/icons-m
aterial/esm/HubOutlin
ed.js" was ignored.
node_modules/@mui/ico
ns-material/esm/HubSh
arp.js (1:0): Module 
level directives 
cause errors when 
bundled, "use 
client" in "node_modu
les/@mui/icons-materi
al/esm/HubSharp.js" 
was ignored.
node_modules/@mui/ico
ns-material/esm/Https
Outlined.js (1:0): 
Module level 
directives cause 
errors when bundled, 
"use client" in "node
_modules/@mui/icons-m
aterial/esm/HttpsOutl
ined.js" was ignored.
node_modules/@mui/ico
ns-material/esm/HubTw
oTone.js (1:0): 
Module level 
directives cause 
errors when bundled, 
"use client" in "node
_modules/@mui/icons-m
aterial/esm/HubTwoTon
e.js" was ignored.
node_modules/@mui/ico
ns-material/esm/Hvac.
js (1:0): Module 
level directives 
cause errors when 
bundled, "use 
client" in "node_modu
les/@mui/icons-materi
al/esm/Hvac.js" was 
ignored.
node_modules/@mui/ico
ns-material/esm/HvacO
utlined.js (1:0): 
Module level 
directives cause 
errors when bundled, 
"use client" in "node
_modules/@mui/icons-m
aterial/esm/HvacOutli
ned.js" was ignored.
node_modules/@mui/ico
ns-material/esm/HvacS
harp.js (1:0): 
Module level 
directives cause 
errors when bundled, 
"use client" in "node
_modules/@mui/icons-m
aterial/esm/HvacSharp
.js" was ignored.
node_modules/@mui/ico
ns-material/esm/HvacR
ounded.js (1:0): 
Module level 
directives cause 
errors when bundled, 
"use client" in "node
_modules/@mui/icons-m
aterial/esm/HvacRound
ed.js" was ignored.
node_modules/@mui/ico
ns-material/esm/HvacT
woTone.js (1:0): 
Module level 
directives cause 
errors when bundled, 
"use client" in "node
_modules/@mui/icons-m
aterial/esm/HvacTwoTo
ne.js" was ignored.
node_modules/@mui/ico
ns-material/esm/IceSk
ating.js (1:0): 
Module level 
directives cause 
errors when bundled, 
"use client" in "node
_modules/@mui/icons-m
aterial/esm/IceSkatin
g.js" was ignored.
node_modules/@mui/ico
ns-material/esm/IceSk
atingOutlined.js 
(1:0): Module level 
directives cause 
errors when bundled, 
"use client" in "node
_modules/@mui/icons-m
aterial/esm/IceSkatin
gOutlined.js" was 
ignored.
node_modules/@mui/ico
ns-material/esm/IceSk
atingRounded.js 
(1:0): Module level 
directives cause 
errors when bundled, 
"use client" in "node
_modules/@mui/icons-m
aterial/esm/IceSkatin
gRounded.js" was 
ignored.
node_modules/@mui/ico
ns-material/esm/IceSk
atingSharp.js (1:0): 
Module level 
directives cause 
errors when bundled, 
"use client" in "node
_modules/@mui/icons-m
aterial/esm/IceSkatin
gSharp.js" was 
ignored.
node_modules/@mui/ico
ns-material/esm/IceSk
atingTwoTone.js 
(1:0): Module level 
directives cause 
errors when bundled, 
"use client" in "node
_modules/@mui/icons-m
aterial/esm/IceSkatin
gTwoTone.js" was 
ignored.
node_modules/@mui/ico
ns-material/esm/Icecr
eam.js (1:0): Module 
level directives 
cause errors when 
bundled, "use 
client" in "node_modu
les/@mui/icons-materi
al/esm/Icecream.js" 
was ignored.
node_modules/@mui/ico
ns-material/esm/Icecr
eamOutlined.js 
(1:0): Module level 
directives cause 
errors when bundled, 
"use client" in "node
_modules/@mui/icons-m
aterial/esm/IcecreamO
utlined.js" was 
ignored.
node_modules/@mui/ico
ns-material/esm/Icecr
eamRounded.js (1:0): 
Module level 
directives cause 
errors when bundled, 
"use client" in "node
_modules/@mui/icons-m
aterial/esm/IcecreamR
ounded.js" was 
ignored.
node_modules/@mui/ico
ns-material/esm/Icecr
eamSharp.js (1:0): 
Module level 
directives cause 
errors when bundled, 
"use client" in "node
_modules/@mui/icons-m
aterial/esm/IcecreamS
harp.js" was ignored.
node_modules/@mui/ico
ns-material/esm/Icecr
eamTwoTone.js (1:0): 
Module level 
directives cause 
errors when bundled, 
"use client" in "node
_modules/@mui/icons-m
aterial/esm/IcecreamT
woTone.js" was 
ignored.
node_modules/@mui/ico
ns-material/esm/Image
.js (1:0): Module 
level directives 
cause errors when 
bundled, "use 
client" in "node_modu
les/@mui/icons-materi
al/esm/Image.js" was 
ignored.
node_modules/@mui/ico
ns-material/esm/Image
AspectRatio.js 
(1:0): Module level 
directives cause 
errors when bundled, 
"use client" in "node
_modules/@mui/icons-m
aterial/esm/ImageAspe
ctRatio.js" was 
ignored.
node_modules/@mui/ico
ns-material/esm/Image
AspectRatioOutlined.j
s (1:0): Module 
level directives 
cause errors when 
bundled, "use 
client" in "node_modu
les/@mui/icons-materi
al/esm/ImageAspectRat
ioOutlined.js" was 
ignored.
node_modules/@mui/ico
ns-material/esm/Image
AspectRatioRounded.js
 (1:0): Module level 
directives cause 
errors when bundled, 
"use client" in "node
_modules/@mui/icons-m
aterial/esm/ImageAspe
ctRatioRounded.js" 
was ignored.
node_modules/@mui/ico
ns-material/esm/Image
AspectRatioSharp.js 
(1:0): Module level 
directives cause 
errors when bundled, 
"use client" in "node
_modules/@mui/icons-m
aterial/esm/ImageAspe
ctRatioSharp.js" was 
ignored.
node_modules/@mui/ico
ns-material/esm/Image
AspectRatioTwoTone.js
 (1:0): Module level 
directives cause 
errors when bundled, 
"use client" in "node
_modules/@mui/icons-m
aterial/esm/ImageAspe
ctRatioTwoTone.js" 
was ignored.
node_modules/@mui/ico
ns-material/esm/Image
NotSupported.js 
(1:0): Module level 
directives cause 
errors when bundled, 
"use client" in "node
_modules/@mui/icons-m
aterial/esm/ImageNotS
upported.js" was 
ignored.
node_modules/@mui/ico
ns-material/esm/Image
NotSupportedOutlined.
js (1:0): Module 
level directives 
cause errors when 
bundled, "use 
client" in "node_modu
les/@mui/icons-materi
al/esm/ImageNotSuppor
tedOutlined.js" was 
ignored.
node_modules/@mui/ico
ns-material/esm/Image
NotSupportedRounded.j
s (1:0): Module 
level directives 
cause errors when 
bundled, "use 
client" in "node_modu
les/@mui/icons-materi
al/esm/ImageNotSuppor
tedRounded.js" was 
ignored.
node_modules/@mui/ico
ns-material/esm/Image
NotSupportedSharp.js 
(1:0): Module level 
directives cause 
errors when bundled, 
"use client" in "node
_modules/@mui/icons-m
aterial/esm/ImageNotS
upportedSharp.js" 
was ignored.
node_modules/@mui/ico
ns-material/esm/Image
Outlined.js (1:0): 
Module level 
directives cause 
errors when bundled, 
"use client" in "node
_modules/@mui/icons-m
aterial/esm/ImageOutl
ined.js" was ignored.
node_modules/@mui/ico
ns-material/esm/Image
NotSupportedTwoTone.j
s (1:0): Module 
level directives 
cause errors when 
bundled, "use 
client" in "node_modu
les/@mui/icons-materi
al/esm/ImageNotSuppor
tedTwoTone.js" was 
ignored.
node_modules/@mui/ico
ns-material/esm/Image
Search.js (1:0): 
Module level 
directives cause 
errors when bundled, 
"use client" in "node
_modules/@mui/icons-m
aterial/esm/ImageSear
ch.js" was ignored.
node_modules/@mui/ico
ns-material/esm/Image
SearchOutlined.js 
(1:0): Module level 
directives cause 
errors when bundled, 
"use client" in "node
_modules/@mui/icons-m
aterial/esm/ImageSear
chOutlined.js" was 
ignored.
node_modules/@mui/ico
ns-material/esm/Image
SearchRounded.js 
(1:0): Module level 
directives cause 
errors when bundled, 
"use client" in "node
_modules/@mui/icons-m
aterial/esm/ImageSear
chRounded.js" was 
ignored.
node_modules/@mui/ico
ns-material/esm/Image
Rounded.js (1:0): 
Module level 
directives cause 
errors when bundled, 
"use client" in "node
_modules/@mui/icons-m
aterial/esm/ImageRoun
ded.js" was ignored.
node_modules/@mui/ico
ns-material/esm/Image
SearchSharp.js 
(1:0): Module level 
directives cause 
errors when bundled, 
"use client" in "node
_modules/@mui/icons-m
aterial/esm/ImageSear
chSharp.js" was 
ignored.
node_modules/@mui/ico
ns-material/esm/Image
SearchTwoTone.js 
(1:0): Module level 
directives cause 
errors when bundled, 
"use client" in "node
_modules/@mui/icons-m
aterial/esm/ImageSear
chTwoTone.js" was 
ignored.
node_modules/@mui/ico
ns-material/esm/Image
Sharp.js (1:0): 
Module level 
directives cause 
errors when bundled, 
"use client" in "node
_modules/@mui/icons-m
aterial/esm/ImageShar
p.js" was ignored.
node_modules/@mui/ico
ns-material/esm/Image
TwoTone.js (1:0): 
Module level 
directives cause 
errors when bundled, 
"use client" in "node
_modules/@mui/icons-m
aterial/esm/ImageTwoT
one.js" was ignored.
node_modules/@mui/ico
ns-material/esm/Image
searchRoller.js 
(1:0): Module level 
directives cause 
errors when bundled, 
"use client" in "node
_modules/@mui/icons-m
aterial/esm/Imagesear
chRoller.js" was 
ignored.
node_modules/@mui/ico
ns-material/esm/Image
searchRollerOutlined.
js (1:0): Module 
level directives 
cause errors when 
bundled, "use 
client" in "node_modu
les/@mui/icons-materi
al/esm/ImagesearchRol
lerOutlined.js" was 
ignored.
node_modules/@mui/ico
ns-material/esm/Image
searchRollerSharp.js 
(1:0): Module level 
directives cause 
errors when bundled, 
"use client" in "node
_modules/@mui/icons-m
aterial/esm/Imagesear
chRollerSharp.js" 
was ignored.
node_modules/@mui/ico
ns-material/esm/Image
searchRollerRounded.j
s (1:0): Module 
level directives 
cause errors when 
bundled, "use 
client" in "node_modu
les/@mui/icons-materi
al/esm/ImagesearchRol
lerRounded.js" was 
ignored.
node_modules/@mui/ico
ns-material/esm/Image
searchRollerTwoTone.j
s (1:0): Module 
level directives 
cause errors when 
bundled, "use 
client" in "node_modu
les/@mui/icons-materi
al/esm/ImagesearchRol
lerTwoTone.js" was 
ignored.
node_modules/@mui/ico
ns-material/esm/Impor
tContactsOutlined.js 
(1:0): Module level 
directives cause 
errors when bundled, 
"use client" in "node
_modules/@mui/icons-m
aterial/esm/ImportCon
tactsOutlined.js" 
was ignored.
node_modules/@mui/ico
ns-material/esm/Impor
tContactsRounded.js 
(1:0): Module level 
directives cause 
errors when bundled, 
"use client" in "node
_modules/@mui/icons-m
aterial/esm/ImportCon
tactsRounded.js" was 
ignored.
node_modules/@mui/ico
ns-material/esm/Impor
tContactsSharp.js 
(1:0): Module level 
directives cause 
errors when bundled, 
"use client" in "node
_modules/@mui/icons-m
aterial/esm/ImportCon
tactsSharp.js" was 
ignored.
node_modules/@mui/ico
ns-material/esm/Impor
tContacts.js (1:0): 
Module level 
directives cause 
errors when bundled, 
"use client" in "node
_modules/@mui/icons-m
aterial/esm/ImportCon
tacts.js" was 
ignored.
node_modules/@mui/ico
ns-material/esm/Impor
tExport.js (1:0): 
Module level 
directives cause 
errors when bundled, 
"use client" in "node
_modules/@mui/icons-m
aterial/esm/ImportExp
ort.js" was ignored.
node_modules/@mui/ico
ns-material/esm/Impor
tExportOutlined.js 
(1:0): Module level 
directives cause 
errors when bundled, 
"use client" in "node
_modules/@mui/icons-m
aterial/esm/ImportExp
ortOutlined.js" was 
ignored.
node_modules/@mui/ico
ns-material/esm/Impor
tContactsTwoTone.js 
(1:0): Module level 
directives cause 
errors when bundled, 
"use client" in "node
_modules/@mui/icons-m
aterial/esm/ImportCon
tactsTwoTone.js" was 
ignored.
node_modules/@mui/ico
ns-material/esm/Impor
tExportRounded.js 
(1:0): Module level 
directives cause 
errors when bundled, 
"use client" in "node
_modules/@mui/icons-m
aterial/esm/ImportExp
ortRounded.js" was 
ignored.
node_modules/@mui/ico
ns-material/esm/Impor
tExportSharp.js 
(1:0): Module level 
directives cause 
errors when bundled, 
"use client" in "node
_modules/@mui/icons-m
aterial/esm/ImportExp
ortSharp.js" was 
ignored.
node_modules/@mui/ico
ns-material/esm/Impor
tExportTwoTone.js 
(1:0): Module level 
directives cause 
errors when bundled, 
"use client" in "node
_modules/@mui/icons-m
aterial/esm/ImportExp
ortTwoTone.js" was 
ignored.
node_modules/@mui/ico
ns-material/esm/Impor
tantDevices.js 
(1:0): Module level 
directives cause 
errors when bundled, 
"use client" in "node
_modules/@mui/icons-m
aterial/esm/Important
Devices.js" was 
ignored.
node_modules/@mui/ico
ns-material/esm/Impor
tantDevicesOutlined.j
s (1:0): Module 
level directives 
cause errors when 
bundled, "use 
client" in "node_modu
les/@mui/icons-materi
al/esm/ImportantDevic
esOutlined.js" was 
ignored.
node_modules/@mui/ico
ns-material/esm/Impor
tantDevicesRounded.js
 (1:0): Module level 
directives cause 
errors when bundled, 
"use client" in "node
_modules/@mui/icons-m
aterial/esm/Important
DevicesRounded.js" 
was ignored.
node_modules/@mui/ico
ns-material/esm/Impor
tantDevicesSharp.js 
(1:0): Module level 
directives cause 
errors when bundled, 
"use client" in "node
_modules/@mui/icons-m
aterial/esm/Important
DevicesSharp.js" was 
ignored.
node_modules/@mui/ico
ns-material/esm/Impor
tantDevicesTwoTone.js
 (1:0): Module level 
directives cause 
errors when bundled, 
"use client" in "node
_modules/@mui/icons-m
aterial/esm/Important
DevicesTwoTone.js" 
was ignored.
node_modules/@mui/ico
ns-material/esm/Inbox
.js (1:0): Module 
level directives 
cause errors when 
bundled, "use 
client" in "node_modu
les/@mui/icons-materi
al/esm/Inbox.js" was 
ignored.
node_modules/@mui/ico
ns-material/esm/Inbox
Outlined.js (1:0): 
Module level 
directives cause 
errors when bundled, 
"use client" in "node
_modules/@mui/icons-m
aterial/esm/InboxOutl
ined.js" was ignored.
node_modules/@mui/ico
ns-material/esm/Inbox
Rounded.js (1:0): 
Module level 
directives cause 
errors when bundled, 
"use client" in "node
_modules/@mui/icons-m
aterial/esm/InboxRoun
ded.js" was ignored.
node_modules/@mui/ico
ns-material/esm/Inbox
Sharp.js (1:0): 
Module level 
directives cause 
errors when bundled, 
"use client" in "node
_modules/@mui/icons-m
aterial/esm/InboxShar
p.js" was ignored.
node_modules/@mui/ico
ns-material/esm/Inbox
TwoTone.js (1:0): 
Module level 
directives cause 
errors when bundled, 
"use client" in "node
_modules/@mui/icons-m
aterial/esm/InboxTwoT
one.js" was ignored.
node_modules/@mui/ico
ns-material/esm/Indet
erminateCheckBox.js 
(1:0): Module level 
directives cause 
errors when bundled, 
"use client" in "node
_modules/@mui/icons-m
aterial/esm/Indetermi
nateCheckBox.js" was 
ignored.
node_modules/@mui/ico
ns-material/esm/Indet
erminateCheckBoxOutli
ned.js (1:0): Module 
level directives 
cause errors when 
bundled, "use 
client" in "node_modu
les/@mui/icons-materi
al/esm/IndeterminateC
heckBoxOutlined.js" 
was ignored.
node_modules/@mui/ico
ns-material/esm/Indet
erminateCheckBoxRound
ed.js (1:0): Module 
level directives 
cause errors when 
bundled, "use 
client" in "node_modu
les/@mui/icons-materi
al/esm/IndeterminateC
heckBoxRounded.js" 
was ignored.
node_modules/@mui/ico
ns-material/esm/Indet
erminateCheckBoxSharp
.js (1:0): Module 
level directives 
cause errors when 
bundled, "use 
client" in "node_modu
les/@mui/icons-materi
al/esm/IndeterminateC
heckBoxSharp.js" was 
ignored.
node_modules/@mui/ico
ns-material/esm/Indet
erminateCheckBoxTwoTo
ne.js (1:0): Module 
level directives 
cause errors when 
bundled, "use 
client" in "node_modu
les/@mui/icons-materi
al/esm/IndeterminateC
heckBoxTwoTone.js" 
was ignored.
node_modules/@mui/ico
ns-material/esm/Info.
js (1:0): Module 
level directives 
cause errors when 
bundled, "use 
client" in "node_modu
les/@mui/icons-materi
al/esm/Info.js" was 
ignored.
node_modules/@mui/ico
ns-material/esm/InfoO
utlined.js (1:0): 
Module level 
directives cause 
errors when bundled, 
"use client" in "node
_modules/@mui/icons-m
aterial/esm/InfoOutli
ned.js" was ignored.
node_modules/@mui/ico
ns-material/esm/InfoR
ounded.js (1:0): 
Module level 
directives cause 
errors when bundled, 
"use client" in "node
_modules/@mui/icons-m
aterial/esm/InfoRound
ed.js" was ignored.
node_modules/@mui/ico
ns-material/esm/InfoS
harp.js (1:0): 
Module level 
directives cause 
errors when bundled, 
"use client" in "node
_modules/@mui/icons-m
aterial/esm/InfoSharp
.js" was ignored.
node_modules/@mui/ico
ns-material/esm/InfoT
woTone.js (1:0): 
Module level 
directives cause 
errors when bundled, 
"use client" in "node
_modules/@mui/icons-m
aterial/esm/InfoTwoTo
ne.js" was ignored.
node_modules/@mui/ico
ns-material/esm/Input
.js (1:0): Module 
level directives 
cause errors when 
bundled, "use 
client" in "node_modu
les/@mui/icons-materi
al/esm/Input.js" was 
ignored.
node_modules/@mui/ico
ns-material/esm/Input
Outlined.js (1:0): 
Module level 
directives cause 
errors when bundled, 
"use client" in "node
_modules/@mui/icons-m
aterial/esm/InputOutl
ined.js" was ignored.
node_modules/@mui/ico
ns-material/esm/Input
Rounded.js (1:0): 
Module level 
directives cause 
errors when bundled, 
"use client" in "node
_modules/@mui/icons-m
aterial/esm/InputRoun
ded.js" was ignored.
node_modules/@mui/ico
ns-material/esm/Input
Sharp.js (1:0): 
Module level 
directives cause 
errors when bundled, 
"use client" in "node
_modules/@mui/icons-m
aterial/esm/InputShar
p.js" was ignored.
node_modules/@mui/ico
ns-material/esm/Input
TwoTone.js (1:0): 
Module level 
directives cause 
errors when bundled, 
"use client" in "node
_modules/@mui/icons-m
aterial/esm/InputTwoT
one.js" was ignored.
node_modules/@mui/ico
ns-material/esm/Inser
tChart.js (1:0): 
Module level 
directives cause 
errors when bundled, 
"use client" in "node
_modules/@mui/icons-m
aterial/esm/InsertCha
rt.js" was ignored.
node_modules/@mui/ico
ns-material/esm/Inser
tChartOutlined.js 
(1:0): Module level 
directives cause 
errors when bundled, 
"use client" in "node
_modules/@mui/icons-m
aterial/esm/InsertCha
rtOutlined.js" was 
ignored.
node_modules/@mui/ico
ns-material/esm/Inser
tChartOutlinedOutline
d.js (1:0): Module 
level directives 
cause errors when 
bundled, "use 
client" in "node_modu
les/@mui/icons-materi
al/esm/InsertChartOut
linedOutlined.js" 
was ignored.
node_modules/@mui/ico
ns-material/esm/Inser
tChartOutlinedRounded
.js (1:0): Module 
level directives 
cause errors when 
bundled, "use 
client" in "node_modu
les/@mui/icons-materi
al/esm/InsertChartOut
linedRounded.js" was 
ignored.
node_modules/@mui/ico
ns-material/esm/Inser
tChartOutlinedSharp.j
s (1:0): Module 
level directives 
cause errors when 
bundled, "use 
client" in "node_modu
les/@mui/icons-materi
al/esm/InsertChartOut
linedSharp.js" was 
ignored.
node_modules/@mui/ico
ns-material/esm/Inser
tChartRounded.js 
(1:0): Module level 
directives cause 
errors when bundled, 
"use client" in "node
_modules/@mui/icons-m
aterial/esm/InsertCha
rtRounded.js" was 
ignored.
node_modules/@mui/ico
ns-material/esm/Inser
tChartSharp.js 
(1:0): Module level 
directives cause 
errors when bundled, 
"use client" in "node
_modules/@mui/icons-m
aterial/esm/InsertCha
rtSharp.js" was 
ignored.
node_modules/@mui/ico
ns-material/esm/Inser
tChartOutlinedTwoTone
.js (1:0): Module 
level directives 
cause errors when 
bundled, "use 
client" in "node_modu
les/@mui/icons-materi
al/esm/InsertChartOut
linedTwoTone.js" was 
ignored.
node_modules/@mui/ico
ns-material/esm/Inser
tChartTwoTone.js 
(1:0): Module level 
directives cause 
errors when bundled, 
"use client" in "node
_modules/@mui/icons-m
aterial/esm/InsertCha
rtTwoTone.js" was 
ignored.
node_modules/@mui/ico
ns-material/esm/Inser
tCommentRounded.js 
(1:0): Module level 
directives cause 
errors when bundled, 
"use client" in "node
_modules/@mui/icons-m
aterial/esm/InsertCom
mentRounded.js" was 
ignored.
node_modules/@mui/ico
ns-material/esm/Inser
tComment.js (1:0): 
Module level 
directives cause 
errors when bundled, 
"use client" in "node
_modules/@mui/icons-m
aterial/esm/InsertCom
ment.js" was ignored.
node_modules/@mui/ico
ns-material/esm/Inser
tCommentSharp.js 
(1:0): Module level 
directives cause 
errors when bundled, 
"use client" in "node
_modules/@mui/icons-m
aterial/esm/InsertCom
mentSharp.js" was 
ignored.
node_modules/@mui/ico
ns-material/esm/Inser
tCommentTwoTone.js 
(1:0): Module level 
directives cause 
errors when bundled, 
"use client" in "node
_modules/@mui/icons-m
aterial/esm/InsertCom
mentTwoTone.js" was 
ignored.
node_modules/@mui/ico
ns-material/esm/Inser
tDriveFile.js (1:0): 
Module level 
directives cause 
errors when bundled, 
"use client" in "node
_modules/@mui/icons-m
aterial/esm/InsertDri
veFile.js" was 
ignored.
node_modules/@mui/ico
ns-material/esm/Inser
tCommentOutlined.js 
(1:0): Module level 
directives cause 
errors when bundled, 
"use client" in "node
_modules/@mui/icons-m
aterial/esm/InsertCom
mentOutlined.js" was 
ignored.
node_modules/@mui/ico
ns-material/esm/Inser
tDriveFileRounded.js 
(1:0): Module level 
directives cause 
errors when bundled, 
"use client" in "node
_modules/@mui/icons-m
aterial/esm/InsertDri
veFileRounded.js" 
was ignored.
node_modules/@mui/ico
ns-material/esm/Inser
tDriveFileSharp.js 
(1:0): Module level 
directives cause 
errors when bundled, 
"use client" in "node
_modules/@mui/icons-m
aterial/esm/InsertDri
veFileSharp.js" was 
ignored.
node_modules/@mui/ico
ns-material/esm/Inser
tDriveFileTwoTone.js 
(1:0): Module level 
directives cause 
errors when bundled, 
"use client" in "node
_modules/@mui/icons-m
aterial/esm/InsertDri
veFileTwoTone.js" 
was ignored.
node_modules/@mui/ico
ns-material/esm/Inser
tEmoticon.js (1:0): 
Module level 
directives cause 
errors when bundled, 
"use client" in "node
_modules/@mui/icons-m
aterial/esm/InsertEmo
ticon.js" was 
ignored.
node_modules/@mui/ico
ns-material/esm/Inser
tEmoticonOutlined.js 
(1:0): Module level 
directives cause 
errors when bundled, 
"use client" in "node
_modules/@mui/icons-m
aterial/esm/InsertEmo
ticonOutlined.js" 
was ignored.
node_modules/@mui/ico
ns-material/esm/Inser
tEmoticonRounded.js 
(1:0): Module level 
directives cause 
errors when bundled, 
"use client" in "node
_modules/@mui/icons-m
aterial/esm/InsertEmo
ticonRounded.js" was 
ignored.
node_modules/@mui/ico
ns-material/esm/Inser
tDriveFileOutlined.js
 (1:0): Module level 
directives cause 
errors when bundled, 
"use client" in "node
_modules/@mui/icons-m
aterial/esm/InsertDri
veFileOutlined.js" 
was ignored.
node_modules/@mui/ico
ns-material/esm/Inser
tEmoticonTwoTone.js 
(1:0): Module level 
directives cause 
errors when bundled, 
"use client" in "node
_modules/@mui/icons-m
aterial/esm/InsertEmo
ticonTwoTone.js" was 
ignored.
node_modules/@mui/ico
ns-material/esm/Inser
tInvitation.js 
(1:0): Module level 
directives cause 
errors when bundled, 
"use client" in "node
_modules/@mui/icons-m
aterial/esm/InsertInv
itation.js" was 
ignored.
node_modules/@mui/ico
ns-material/esm/Inser
tInvitationOutlined.j
s (1:0): Module 
level directives 
cause errors when 
bundled, "use 
client" in "node_modu
les/@mui/icons-materi
al/esm/InsertInvitati
onOutlined.js" was 
ignored.
node_modules/@mui/ico
ns-material/esm/Inser
tInvitationRounded.js
 (1:0): Module level 
directives cause 
errors when bundled, 
"use client" in "node
_modules/@mui/icons-m
aterial/esm/InsertInv
itationRounded.js" 
was ignored.
node_modules/@mui/ico
ns-material/esm/Inser
tEmoticonSharp.js 
(1:0): Module level 
directives cause 
errors when bundled, 
"use client" in "node
_modules/@mui/icons-m
aterial/esm/InsertEmo
ticonSharp.js" was 
ignored.
node_modules/@mui/ico
ns-material/esm/Inser
tInvitationSharp.js 
(1:0): Module level 
directives cause 
errors when bundled, 
"use client" in "node
_modules/@mui/icons-m
aterial/esm/InsertInv
itationSharp.js" was 
ignored.
node_modules/@mui/ico
ns-material/esm/Inser
tInvitationTwoTone.js
 (1:0): Module level 
directives cause 
errors when bundled, 
"use client" in "node
_modules/@mui/icons-m
aterial/esm/InsertInv
itationTwoTone.js" 
was ignored.
node_modules/@mui/ico
ns-material/esm/Inser
tLink.js (1:0): 
Module level 
directives cause 
errors when bundled, 
"use client" in "node
_modules/@mui/icons-m
aterial/esm/InsertLin
k.js" was ignored.
node_modules/@mui/ico
ns-material/esm/Inser
tLinkOutlined.js 
(1:0): Module level 
directives cause 
errors when bundled, 
"use client" in "node
_modules/@mui/icons-m
aterial/esm/InsertLin
kOutlined.js" was 
ignored.
node_modules/@mui/ico
ns-material/esm/Inser
tLinkSharp.js (1:0): 
Module level 
directives cause 
errors when bundled, 
"use client" in "node
_modules/@mui/icons-m
aterial/esm/InsertLin
kSharp.js" was 
ignored.
node_modules/@mui/ico
ns-material/esm/Inser
tLinkRounded.js 
(1:0): Module level 
directives cause 
errors when bundled, 
"use client" in "node
_modules/@mui/icons-m
aterial/esm/InsertLin
kRounded.js" was 
ignored.
node_modules/@mui/ico
ns-material/esm/Inser
tLinkTwoTone.js 
(1:0): Module level 
directives cause 
errors when bundled, 
"use client" in "node
_modules/@mui/icons-m
aterial/esm/InsertLin
kTwoTone.js" was 
ignored.
node_modules/@mui/ico
ns-material/esm/Inser
tPageBreak.js (1:0): 
Module level 
directives cause 
errors when bundled, 
"use client" in "node
_modules/@mui/icons-m
aterial/esm/InsertPag
eBreak.js" was 
ignored.
node_modules/@mui/ico
ns-material/esm/Inser
tPageBreakOutlined.js
 (1:0): Module level 
directives cause 
errors when bundled, 
"use client" in "node
_modules/@mui/icons-m
aterial/esm/InsertPag
eBreakOutlined.js" 
was ignored.
node_modules/@mui/ico
ns-material/esm/Inser
tPageBreakRounded.js 
(1:0): Module level 
directives cause 
errors when bundled, 
"use client" in "node
_modules/@mui/icons-m
aterial/esm/InsertPag
eBreakRounded.js" 
was ignored.
node_modules/@mui/ico
ns-material/esm/Inser
tPageBreakSharp.js 
(1:0): Module level 
directives cause 
errors when bundled, 
"use client" in "node
_modules/@mui/icons-m
aterial/esm/InsertPag
eBreakSharp.js" was 
ignored.
node_modules/@mui/ico
ns-material/esm/Inser
tPageBreakTwoTone.js 
(1:0): Module level 
directives cause 
errors when bundled, 
"use client" in "node
_modules/@mui/icons-m
aterial/esm/InsertPag
eBreakTwoTone.js" 
was ignored.
node_modules/@mui/ico
ns-material/esm/Inser
tPhoto.js (1:0): 
Module level 
directives cause 
errors when bundled, 
"use client" in "node
_modules/@mui/icons-m
aterial/esm/InsertPho
to.js" was ignored.
node_modules/@mui/ico
ns-material/esm/Inser
tPhotoOutlined.js 
(1:0): Module level 
directives cause 
errors when bundled, 
"use client" in "node
_modules/@mui/icons-m
aterial/esm/InsertPho
toOutlined.js" was 
ignored.
node_modules/@mui/ico
ns-material/esm/Inser
tPhotoRounded.js 
(1:0): Module level 
directives cause 
errors when bundled, 
"use client" in "node
_modules/@mui/icons-m
aterial/esm/InsertPho
toRounded.js" was 
ignored.
node_modules/@mui/ico
ns-material/esm/Inser
tPhotoTwoTone.js 
(1:0): Module level 
directives cause 
errors when bundled, 
"use client" in "node
_modules/@mui/icons-m
aterial/esm/InsertPho
toTwoTone.js" was 
ignored.
node_modules/@mui/ico
ns-material/esm/Insig
hts.js (1:0): Module 
level directives 
cause errors when 
bundled, "use 
client" in "node_modu
les/@mui/icons-materi
al/esm/Insights.js" 
was ignored.
node_modules/@mui/ico
ns-material/esm/Inser
tPhotoSharp.js 
(1:0): Module level 
directives cause 
errors when bundled, 
"use client" in "node
_modules/@mui/icons-m
aterial/esm/InsertPho
toSharp.js" was 
ignored.
node_modules/@mui/ico
ns-material/esm/Insig
htsOutlined.js 
(1:0): Module level 
directives cause 
errors when bundled, 
"use client" in "node
_modules/@mui/icons-m
aterial/esm/InsightsO
utlined.js" was 
ignored.
node_modules/@mui/ico
ns-material/esm/Insig
htsRounded.js (1:0): 
Module level 
directives cause 
errors when bundled, 
"use client" in "node
_modules/@mui/icons-m
aterial/esm/InsightsR
ounded.js" was 
ignored.
node_modules/@mui/ico
ns-material/esm/Insig
htsSharp.js (1:0): 
Module level 
directives cause 
errors when bundled, 
"use client" in "node
_modules/@mui/icons-m
aterial/esm/InsightsS
harp.js" was ignored.
node_modules/@mui/ico
ns-material/esm/Insta
gram.js (1:0): 
Module level 
directives cause 
errors when bundled, 
"use client" in "node
_modules/@mui/icons-m
aterial/esm/Instagram
.js" was ignored.
node_modules/@mui/ico
ns-material/esm/Insta
llDesktop.js (1:0): 
Module level 
directives cause 
errors when bundled, 
"use client" in "node
_modules/@mui/icons-m
aterial/esm/InstallDe
sktop.js" was 
ignored.
node_modules/@mui/ico
ns-material/esm/Insta
llDesktopOutlined.js 
(1:0): Module level 
directives cause 
errors when bundled, 
"use client" in "node
_modules/@mui/icons-m
aterial/esm/InstallDe
sktopOutlined.js" 
was ignored.
node_modules/@mui/ico
ns-material/esm/Insig
htsTwoTone.js (1:0): 
Module level 
directives cause 
errors when bundled, 
"use client" in "node
_modules/@mui/icons-m
aterial/esm/InsightsT
woTone.js" was 
ignored.
node_modules/@mui/ico
ns-material/esm/Insta
llDesktopRounded.js 
(1:0): Module level 
directives cause 
errors when bundled, 
"use client" in "node
_modules/@mui/icons-m
aterial/esm/InstallDe
sktopRounded.js" was 
ignored.
node_modules/@mui/ico
ns-material/esm/Insta
llDesktopSharp.js 
(1:0): Module level 
directives cause 
errors when bundled, 
"use client" in "node
_modules/@mui/icons-m
aterial/esm/InstallDe
sktopSharp.js" was 
ignored.
node_modules/@mui/ico
ns-material/esm/Insta
llDesktopTwoTone.js 
(1:0): Module level 
directives cause 
errors when bundled, 
"use client" in "node
_modules/@mui/icons-m
aterial/esm/InstallDe
sktopTwoTone.js" was 
ignored.
node_modules/@mui/ico
ns-material/esm/Insta
llMobile.js (1:0): 
Module level 
directives cause 
errors when bundled, 
"use client" in "node
_modules/@mui/icons-m
aterial/esm/InstallMo
bile.js" was ignored.
node_modules/@mui/ico
ns-material/esm/Insta
llMobileRounded.js 
(1:0): Module level 
directives cause 
errors when bundled, 
"use client" in "node
_modules/@mui/icons-m
aterial/esm/InstallMo
bileRounded.js" was 
ignored.
node_modules/@mui/ico
ns-material/esm/Insta
llMobileSharp.js 
(1:0): Module level 
directives cause 
errors when bundled, 
"use client" in "node
_modules/@mui/icons-m
aterial/esm/InstallMo
bileSharp.js" was 
ignored.
node_modules/@mui/ico
ns-material/esm/Insta
llMobileTwoTone.js 
(1:0): Module level 
directives cause 
errors when bundled, 
"use client" in "node
_modules/@mui/icons-m
aterial/esm/InstallMo
bileTwoTone.js" was 
ignored.
node_modules/@mui/ico
ns-material/esm/Insta
llMobileOutlined.js 
(1:0): Module level 
directives cause 
errors when bundled, 
"use client" in "node
_modules/@mui/icons-m
aterial/esm/InstallMo
bileOutlined.js" was 
ignored.
node_modules/@mui/ico
ns-material/esm/Integ
rationInstructions.js
 (1:0): Module level 
directives cause 
errors when bundled, 
"use client" in "node
_modules/@mui/icons-m
aterial/esm/Integrati
onInstructions.js" 
was ignored.
node_modules/@mui/ico
ns-material/esm/Integ
rationInstructionsRou
nded.js (1:0): 
Module level 
directives cause 
errors when bundled, 
"use client" in "node
_modules/@mui/icons-m
aterial/esm/Integrati
onInstructionsRounded
.js" was ignored.
node_modules/@mui/ico
ns-material/esm/Integ
rationInstructionsOut
lined.js (1:0): 
Module level 
directives cause 
errors when bundled, 
"use client" in "node
_modules/@mui/icons-m
aterial/esm/Integrati
onInstructionsOutline
d.js" was ignored.
node_modules/@mui/ico
ns-material/esm/Integ
rationInstructionsSha
rp.js (1:0): Module 
level directives 
cause errors when 
bundled, "use 
client" in "node_modu
les/@mui/icons-materi
al/esm/IntegrationIns
tructionsSharp.js" 
was ignored.
node_modules/@mui/ico
ns-material/esm/Integ
rationInstructionsTwo
Tone.js (1:0): 
Module level 
directives cause 
errors when bundled, 
"use client" in "node
_modules/@mui/icons-m
aterial/esm/Integrati
onInstructionsTwoTone
.js" was ignored.
node_modules/@mui/ico
ns-material/esm/Inter
ests.js (1:0): 
Module level 
directives cause 
errors when bundled, 
"use client" in "node
_modules/@mui/icons-m
aterial/esm/Interests
.js" was ignored.
node_modules/@mui/ico
ns-material/esm/Inter
estsOutlined.js 
(1:0): Module level 
directives cause 
errors when bundled, 
"use client" in "node
_modules/@mui/icons-m
aterial/esm/Interests
Outlined.js" was 
ignored.
node_modules/@mui/ico
ns-material/esm/Inter
estsRounded.js 
(1:0): Module level 
directives cause 
errors when bundled, 
"use client" in "node
_modules/@mui/icons-m
aterial/esm/Interests
Rounded.js" was 
ignored.
node_modules/@mui/ico
ns-material/esm/Inter
estsSharp.js (1:0): 
Module level 
directives cause 
errors when bundled, 
"use client" in "node
_modules/@mui/icons-m
aterial/esm/Interests
Sharp.js" was 
ignored.
node_modules/@mui/ico
ns-material/esm/Inter
estsTwoTone.js 
(1:0): Module level 
directives cause 
errors when bundled, 
"use client" in "node
_modules/@mui/icons-m
aterial/esm/Interests
TwoTone.js" was 
ignored.
node_modules/@mui/ico
ns-material/esm/Inter
preterMode.js (1:0): 
Module level 
directives cause 
errors when bundled, 
"use client" in "node
_modules/@mui/icons-m
aterial/esm/Interpret
erMode.js" was 
ignored.
node_modules/@mui/ico
ns-material/esm/Inter
preterModeOutlined.js
 (1:0): Module level 
directives cause 
errors when bundled, 
"use client" in "node
_modules/@mui/icons-m
aterial/esm/Interpret
erModeOutlined.js" 
was ignored.
node_modules/@mui/ico
ns-material/esm/Inter
preterModeRounded.js 
(1:0): Module level 
directives cause 
errors when bundled, 
"use client" in "node
_modules/@mui/icons-m
aterial/esm/Interpret
erModeRounded.js" 
was ignored.
node_modules/@mui/ico
ns-material/esm/Inter
preterModeTwoTone.js 
(1:0): Module level 
directives cause 
errors when bundled, 
"use client" in "node
_modules/@mui/icons-m
aterial/esm/Interpret
erModeTwoTone.js" 
was ignored.
node_modules/@mui/ico
ns-material/esm/Inven
tory.js (1:0): 
Module level 
directives cause 
errors when bundled, 
"use client" in "node
_modules/@mui/icons-m
aterial/esm/Inventory
.js" was ignored.
node_modules/@mui/ico
ns-material/esm/Inven
tory2.js (1:0): 
Module level 
directives cause 
errors when bundled, 
"use client" in "node
_modules/@mui/icons-m
aterial/esm/Inventory
2.js" was ignored.
node_modules/@mui/ico
ns-material/esm/Inven
tory2Outlined.js 
(1:0): Module level 
directives cause 
errors when bundled, 
"use client" in "node
_modules/@mui/icons-m
aterial/esm/Inventory
2Outlined.js" was 
ignored.
node_modules/@mui/ico
ns-material/esm/Inter
preterModeSharp.js 
(1:0): Module level 
directives cause 
errors when bundled, 
"use client" in "node
_modules/@mui/icons-m
aterial/esm/Interpret
erModeSharp.js" was 
ignored.
node_modules/@mui/ico
ns-material/esm/Inven
tory2Rounded.js 
(1:0): Module level 
directives cause 
errors when bundled, 
"use client" in "node
_modules/@mui/icons-m
aterial/esm/Inventory
2Rounded.js" was 
ignored.
node_modules/@mui/ico
ns-material/esm/Inven
tory2TwoTone.js 
(1:0): Module level 
directives cause 
errors when bundled, 
"use client" in "node
_modules/@mui/icons-m
aterial/esm/Inventory
2TwoTone.js" was 
ignored.
node_modules/@mui/ico
ns-material/esm/Inven
toryRounded.js 
(1:0): Module level 
directives cause 
errors when bundled, 
"use client" in "node
_modules/@mui/icons-m
aterial/esm/Inventory
Rounded.js" was 
ignored.
node_modules/@mui/ico
ns-material/esm/Inven
tory2Sharp.js (1:0): 
Module level 
directives cause 
errors when bundled, 
"use client" in "node
_modules/@mui/icons-m
aterial/esm/Inventory
2Sharp.js" was 
ignored.
node_modules/@mui/ico
ns-material/esm/Inven
torySharp.js (1:0): 
Module level 
directives cause 
errors when bundled, 
"use client" in "node
_modules/@mui/icons-m
aterial/esm/Inventory
Sharp.js" was 
ignored.
node_modules/@mui/ico
ns-material/esm/Inven
toryOutlined.js 
(1:0): Module level 
directives cause 
errors when bundled, 
"use client" in "node
_modules/@mui/icons-m
aterial/esm/Inventory
Outlined.js" was 
ignored.
node_modules/@mui/ico
ns-material/esm/Inver
tColorsOff.js (1:0): 
Module level 
directives cause 
errors when bundled, 
"use client" in "node
_modules/@mui/icons-m
aterial/esm/InvertCol
orsOff.js" was 
ignored.
node_modules/@mui/ico
ns-material/esm/Inven
toryTwoTone.js 
(1:0): Module level 
directives cause 
errors when bundled, 
"use client" in "node
_modules/@mui/icons-m
aterial/esm/Inventory
TwoTone.js" was 
ignored.
node_modules/@mui/ico
ns-material/esm/Inver
tColorsOffOutlined.js
 (1:0): Module level 
directives cause 
errors when bundled, 
"use client" in "node
_modules/@mui/icons-m
aterial/esm/InvertCol
orsOffOutlined.js" 
was ignored.
node_modules/@mui/ico
ns-material/esm/Inver
tColorsOffSharp.js 
(1:0): Module level 
directives cause 
errors when bundled, 
"use client" in "node
_modules/@mui/icons-m
aterial/esm/InvertCol
orsOffSharp.js" was 
ignored.
node_modules/@mui/ico
ns-material/esm/Inver
tColors.js (1:0): 
Module level 
directives cause 
errors when bundled, 
"use client" in "node
_modules/@mui/icons-m
aterial/esm/InvertCol
ors.js" was ignored.
node_modules/@mui/ico
ns-material/esm/Inver
tColorsOutlined.js 
(1:0): Module level 
directives cause 
errors when bundled, 
"use client" in "node
_modules/@mui/icons-m
aterial/esm/InvertCol
orsOutlined.js" was 
ignored.
node_modules/@mui/ico
ns-material/esm/Inver
tColorsOffRounded.js 
(1:0): Module level 
directives cause 
errors when bundled, 
"use client" in "node
_modules/@mui/icons-m
aterial/esm/InvertCol
orsOffRounded.js" 
was ignored.
node_modules/@mui/ico
ns-material/esm/Inver
tColorsOffTwoTone.js 
(1:0): Module level 
directives cause 
errors when bundled, 
"use client" in "node
_modules/@mui/icons-m
aterial/esm/InvertCol
orsOffTwoTone.js" 
was ignored.
node_modules/@mui/ico
ns-material/esm/Inver
tColorsSharp.js 
(1:0): Module level 
directives cause 
errors when bundled, 
"use client" in "node
_modules/@mui/icons-m
aterial/esm/InvertCol
orsSharp.js" was 
ignored.
node_modules/@mui/ico
ns-material/esm/Inver
tColorsRounded.js 
(1:0): Module level 
directives cause 
errors when bundled, 
"use client" in "node
_modules/@mui/icons-m
aterial/esm/InvertCol
orsRounded.js" was 
ignored.
node_modules/@mui/ico
ns-material/esm/Inver
tColorsTwoTone.js 
(1:0): Module level 
directives cause 
errors when bundled, 
"use client" in "node
_modules/@mui/icons-m
aterial/esm/InvertCol
orsTwoTone.js" was 
ignored.
node_modules/@mui/ico
ns-material/esm/IosSh
are.js (1:0): Module 
level directives 
cause errors when 
bundled, "use 
client" in "node_modu
les/@mui/icons-materi
al/esm/IosShare.js" 
was ignored.
node_modules/@mui/ico
ns-material/esm/IosSh
areSharp.js (1:0): 
Module level 
directives cause 
errors when bundled, 
"use client" in "node
_modules/@mui/icons-m
aterial/esm/IosShareS
harp.js" was ignored.
node_modules/@mui/ico
ns-material/esm/IosSh
areRounded.js (1:0): 
Module level 
directives cause 
errors when bundled, 
"use client" in "node
_modules/@mui/icons-m
aterial/esm/IosShareR
ounded.js" was 
ignored.
node_modules/@mui/ico
ns-material/esm/IosSh
areOutlined.js 
(1:0): Module level 
directives cause 
errors when bundled, 
"use client" in "node
_modules/@mui/icons-m
aterial/esm/IosShareO
utlined.js" was 
ignored.
node_modules/@mui/ico
ns-material/esm/IosSh
areTwoTone.js (1:0): 
Module level 
directives cause 
errors when bundled, 
"use client" in "node
_modules/@mui/icons-m
aterial/esm/IosShareT
woTone.js" was 
ignored.
node_modules/@mui/ico
ns-material/esm/Iron.
js (1:0): Module 
level directives 
cause errors when 
bundled, "use 
client" in "node_modu
les/@mui/icons-materi
al/esm/Iron.js" was 
ignored.
node_modules/@mui/ico
ns-material/esm/IronS
harp.js (1:0): 
Module level 
directives cause 
errors when bundled, 
"use client" in "node
_modules/@mui/icons-m
aterial/esm/IronSharp
.js" was ignored.
node_modules/@mui/ico
ns-material/esm/IronO
utlined.js (1:0): 
Module level 
directives cause 
errors when bundled, 
"use client" in "node
_modules/@mui/icons-m
aterial/esm/IronOutli
ned.js" was ignored.
node_modules/@mui/ico
ns-material/esm/IronR
ounded.js (1:0): 
Module level 
directives cause 
errors when bundled, 
"use client" in "node
_modules/@mui/icons-m
aterial/esm/IronRound
ed.js" was ignored.
node_modules/@mui/ico
ns-material/esm/IronT
woTone.js (1:0): 
Module level 
directives cause 
errors when bundled, 
"use client" in "node
_modules/@mui/icons-m
aterial/esm/IronTwoTo
ne.js" was ignored.
node_modules/@mui/ico
ns-material/esm/Iso.j
s (1:0): Module 
level directives 
cause errors when 
bundled, "use 
client" in "node_modu
les/@mui/icons-materi
al/esm/Iso.js" was 
ignored.
node_modules/@mui/ico
ns-material/esm/IsoOu
tlined.js (1:0): 
Module level 
directives cause 
errors when bundled, 
"use client" in "node
_modules/@mui/icons-m
aterial/esm/IsoOutlin
ed.js" was ignored.
node_modules/@mui/ico
ns-material/esm/IsoRo
unded.js (1:0): 
Module level 
directives cause 
errors when bundled, 
"use client" in "node
_modules/@mui/icons-m
aterial/esm/IsoRounde
d.js" was ignored.
node_modules/@mui/ico
ns-material/esm/IsoSh
arp.js (1:0): Module 
level directives 
cause errors when 
bundled, "use 
client" in "node_modu
les/@mui/icons-materi
al/esm/IsoSharp.js" 
was ignored.
node_modules/@mui/ico
ns-material/esm/IsoTw
oTone.js (1:0): 
Module level 
directives cause 
errors when bundled, 
"use client" in "node
_modules/@mui/icons-m
aterial/esm/IsoTwoTon
e.js" was ignored.
node_modules/@mui/ico
ns-material/esm/Javas
cript.js (1:0): 
Module level 
directives cause 
errors when bundled, 
"use client" in "node
_modules/@mui/icons-m
aterial/esm/Javascrip
t.js" was ignored.
node_modules/@mui/ico
ns-material/esm/Javas
criptRounded.js 
(1:0): Module level 
directives cause 
errors when bundled, 
"use client" in "node
_modules/@mui/icons-m
aterial/esm/Javascrip
tRounded.js" was 
ignored.
node_modules/@mui/ico
ns-material/esm/Javas
criptSharp.js (1:0): 
Module level 
directives cause 
errors when bundled, 
"use client" in "node
_modules/@mui/icons-m
aterial/esm/Javascrip
tSharp.js" was 
ignored.
node_modules/@mui/ico
ns-material/esm/Javas
criptOutlined.js 
(1:0): Module level 
directives cause 
errors when bundled, 
"use client" in "node
_modules/@mui/icons-m
aterial/esm/Javascrip
tOutlined.js" was 
ignored.
node_modules/@mui/ico
ns-material/esm/Javas
criptTwoTone.js 
(1:0): Module level 
directives cause 
errors when bundled, 
"use client" in "node
_modules/@mui/icons-m
aterial/esm/Javascrip
tTwoTone.js" was 
ignored.
node_modules/@mui/ico
ns-material/esm/JoinF
ull.js (1:0): Module 
level directives 
cause errors when 
bundled, "use 
client" in "node_modu
les/@mui/icons-materi
al/esm/JoinFull.js" 
was ignored.
node_modules/@mui/ico
ns-material/esm/JoinF
ullOutlined.js 
(1:0): Module level 
directives cause 
errors when bundled, 
"use client" in "node
_modules/@mui/icons-m
aterial/esm/JoinFullO
utlined.js" was 
ignored.
node_modules/@mui/ico
ns-material/esm/JoinF
ullSharp.js (1:0): 
Module level 
directives cause 
errors when bundled, 
"use client" in "node
_modules/@mui/icons-m
aterial/esm/JoinFullS
harp.js" was ignored.
node_modules/@mui/ico
ns-material/esm/JoinF
ullRounded.js (1:0): 
Module level 
directives cause 
errors when bundled, 
"use client" in "node
_modules/@mui/icons-m
aterial/esm/JoinFullR
ounded.js" was 
ignored.
node_modules/@mui/ico
ns-material/esm/JoinF
ullTwoTone.js (1:0): 
Module level 
directives cause 
errors when bundled, 
"use client" in "node
_modules/@mui/icons-m
aterial/esm/JoinFullT
woTone.js" was 
ignored.
node_modules/@mui/ico
ns-material/esm/JoinI
nner.js (1:0): 
Module level 
directives cause 
errors when bundled, 
"use client" in "node
_modules/@mui/icons-m
aterial/esm/JoinInner
.js" was ignored.
node_modules/@mui/ico
ns-material/esm/JoinI
nnerOutlined.js 
(1:0): Module level 
directives cause 
errors when bundled, 
"use client" in "node
_modules/@mui/icons-m
aterial/esm/JoinInner
Outlined.js" was 
ignored.
node_modules/@mui/ico
ns-material/esm/JoinI
nnerRounded.js 
(1:0): Module level 
directives cause 
errors when bundled, 
"use client" in "node
_modules/@mui/icons-m
aterial/esm/JoinInner
Rounded.js" was 
ignored.
node_modules/@mui/ico
ns-material/esm/JoinI
nnerSharp.js (1:0): 
Module level 
directives cause 
errors when bundled, 
"use client" in "node
_modules/@mui/icons-m
aterial/esm/JoinInner
Sharp.js" was 
ignored.
node_modules/@mui/ico
ns-material/esm/JoinI
nnerTwoTone.js 
(1:0): Module level 
directives cause 
errors when bundled, 
"use client" in "node
_modules/@mui/icons-m
aterial/esm/JoinInner
TwoTone.js" was 
ignored.
node_modules/@mui/ico
ns-material/esm/JoinL
eftSharp.js (1:0): 
Module level 
directives cause 
errors when bundled, 
"use client" in "node
_modules/@mui/icons-m
aterial/esm/JoinLeftS
harp.js" was ignored.
node_modules/@mui/ico
ns-material/esm/JoinR
ight.js (1:0): 
Module level 
directives cause 
errors when bundled, 
"use client" in "node
_modules/@mui/icons-m
aterial/esm/JoinRight
.js" was ignored.
node_modules/@mui/ico
ns-material/esm/JoinL
eftOutlined.js 
(1:0): Module level 
directives cause 
errors when bundled, 
"use client" in "node
_modules/@mui/icons-m
aterial/esm/JoinLeftO
utlined.js" was 
ignored.
node_modules/@mui/ico
ns-material/esm/JoinL
eftTwoTone.js (1:0): 
Module level 
directives cause 
errors when bundled, 
"use client" in "node
_modules/@mui/icons-m
aterial/esm/JoinLeftT
woTone.js" was 
ignored.
node_modules/@mui/ico
ns-material/esm/JoinR
ightOutlined.js 
(1:0): Module level 
directives cause 
errors when bundled, 
"use client" in "node
_modules/@mui/icons-m
aterial/esm/JoinRight
Outlined.js" was 
ignored.
node_modules/@mui/ico
ns-material/esm/JoinR
ightRounded.js 
(1:0): Module level 
directives cause 
errors when bundled, 
"use client" in "node
_modules/@mui/icons-m
aterial/esm/JoinRight
Rounded.js" was 
ignored.
node_modules/@mui/ico
ns-material/esm/JoinR
ightSharp.js (1:0): 
Module level 
directives cause 
errors when bundled, 
"use client" in "node
_modules/@mui/icons-m
aterial/esm/JoinRight
Sharp.js" was 
ignored.
node_modules/@mui/ico
ns-material/esm/Kayak
ing.js (1:0): Module 
level directives 
cause errors when 
bundled, "use 
client" in "node_modu
les/@mui/icons-materi
al/esm/Kayaking.js" 
was ignored.
node_modules/@mui/ico
ns-material/esm/JoinR
ightTwoTone.js 
(1:0): Module level 
directives cause 
errors when bundled, 
"use client" in "node
_modules/@mui/icons-m
aterial/esm/JoinRight
TwoTone.js" was 
ignored.
node_modules/@mui/ico
ns-material/esm/Kayak
ingOutlined.js 
(1:0): Module level 
directives cause 
errors when bundled, 
"use client" in "node
_modules/@mui/icons-m
aterial/esm/KayakingO
utlined.js" was 
ignored.
node_modules/@mui/ico
ns-material/esm/Kayak
ingRounded.js (1:0): 
Module level 
directives cause 
errors when bundled, 
"use client" in "node
_modules/@mui/icons-m
aterial/esm/KayakingR
ounded.js" was 
ignored.
node_modules/@mui/ico
ns-material/esm/Kayak
ingSharp.js (1:0): 
Module level 
directives cause 
errors when bundled, 
"use client" in "node
_modules/@mui/icons-m
aterial/esm/KayakingS
harp.js" was ignored.
node_modules/@mui/ico
ns-material/esm/Kayak
ingTwoTone.js (1:0): 
Module level 
directives cause 
errors when bundled, 
"use client" in "node
_modules/@mui/icons-m
aterial/esm/KayakingT
woTone.js" was 
ignored.
node_modules/@mui/ico
ns-material/esm/JoinL
eftRounded.js (1:0): 
Module level 
directives cause 
errors when bundled, 
"use client" in "node
_modules/@mui/icons-m
aterial/esm/JoinLeftR
ounded.js" was 
ignored.
node_modules/@mui/ico
ns-material/esm/Kebab
Dining.js (1:0): 
Module level 
directives cause 
errors when bundled, 
"use client" in "node
_modules/@mui/icons-m
aterial/esm/KebabDini
ng.js" was ignored.
node_modules/@mui/ico
ns-material/esm/Kebab
DiningOutlined.js 
(1:0): Module level 
directives cause 
errors when bundled, 
"use client" in "node
_modules/@mui/icons-m
aterial/esm/KebabDini
ngOutlined.js" was 
ignored.
node_modules/@mui/ico
ns-material/esm/Kebab
DiningRounded.js 
(1:0): Module level 
directives cause 
errors when bundled, 
"use client" in "node
_modules/@mui/icons-m
aterial/esm/KebabDini
ngRounded.js" was 
ignored.
node_modules/@mui/ico
ns-material/esm/Kebab
DiningSharp.js 
(1:0): Module level 
directives cause 
errors when bundled, 
"use client" in "node
_modules/@mui/icons-m
aterial/esm/KebabDini
ngSharp.js" was 
ignored.
node_modules/@mui/ico
ns-material/esm/Key.j
s (1:0): Module 
level directives 
cause errors when 
bundled, "use 
client" in "node_modu
les/@mui/icons-materi
al/esm/Key.js" was 
ignored.
node_modules/@mui/ico
ns-material/esm/Kebab
DiningTwoTone.js 
(1:0): Module level 
directives cause 
errors when bundled, 
"use client" in "node
_modules/@mui/icons-m
aterial/esm/KebabDini
ngTwoTone.js" was 
ignored.
node_modules/@mui/ico
ns-material/esm/KeyOf
f.js (1:0): Module 
level directives 
cause errors when 
bundled, "use 
client" in "node_modu
les/@mui/icons-materi
al/esm/KeyOff.js" 
was ignored.
node_modules/@mui/ico
ns-material/esm/KeyOf
fOutlined.js (1:0): 
Module level 
directives cause 
errors when bundled, 
"use client" in "node
_modules/@mui/icons-m
aterial/esm/KeyOffOut
lined.js" was 
ignored.
node_modules/@mui/ico
ns-material/esm/JoinL
eft.js (1:0): Module 
level directives 
cause errors when 
bundled, "use 
client" in "node_modu
les/@mui/icons-materi
al/esm/JoinLeft.js" 
was ignored.
node_modules/@mui/ico
ns-material/esm/KeyOf
fRounded.js (1:0): 
Module level 
directives cause 
errors when bundled, 
"use client" in "node
_modules/@mui/icons-m
aterial/esm/KeyOffRou
nded.js" was ignored.
node_modules/@mui/ico
ns-material/esm/KeyOu
tlined.js (1:0): 
Module level 
directives cause 
errors when bundled, 
"use client" in "node
_modules/@mui/icons-m
aterial/esm/KeyOutlin
ed.js" was ignored.
node_modules/@mui/ico
ns-material/esm/KeyRo
unded.js (1:0): 
Module level 
directives cause 
errors when bundled, 
"use client" in "node
_modules/@mui/icons-m
aterial/esm/KeyRounde
d.js" was ignored.
node_modules/@mui/ico
ns-material/esm/KeyOf
fSharp.js (1:0): 
Module level 
directives cause 
errors when bundled, 
"use client" in "node
_modules/@mui/icons-m
aterial/esm/KeyOffSha
rp.js" was ignored.
node_modules/@mui/ico
ns-material/esm/KeyOf
fTwoTone.js (1:0): 
Module level 
directives cause 
errors when bundled, 
"use client" in "node
_modules/@mui/icons-m
aterial/esm/KeyOffTwo
Tone.js" was ignored.
node_modules/@mui/ico
ns-material/esm/KeyTw
oTone.js (1:0): 
Module level 
directives cause 
errors when bundled, 
"use client" in "node
_modules/@mui/icons-m
aterial/esm/KeyTwoTon
e.js" was ignored.
node_modules/@mui/ico
ns-material/esm/Keybo
ardAlt.js (1:0): 
Module level 
directives cause 
errors when bundled, 
"use client" in "node
_modules/@mui/icons-m
aterial/esm/KeyboardA
lt.js" was ignored.
node_modules/@mui/ico
ns-material/esm/Keybo
ard.js (1:0): Module 
level directives 
cause errors when 
bundled, "use 
client" in "node_modu
les/@mui/icons-materi
al/esm/Keyboard.js" 
was ignored.
node_modules/@mui/ico
ns-material/esm/Keybo
ardAltOutlined.js 
(1:0): Module level 
directives cause 
errors when bundled, 
"use client" in "node
_modules/@mui/icons-m
aterial/esm/KeyboardA
ltOutlined.js" was 
ignored.
node_modules/@mui/ico
ns-material/esm/Keybo
ardAltTwoTone.js 
(1:0): Module level 
directives cause 
errors when bundled, 
"use client" in "node
_modules/@mui/icons-m
aterial/esm/KeyboardA
ltTwoTone.js" was 
ignored.
node_modules/@mui/ico
ns-material/esm/Keybo
ardAltRounded.js 
(1:0): Module level 
directives cause 
errors when bundled, 
"use client" in "node
_modules/@mui/icons-m
aterial/esm/KeyboardA
ltRounded.js" was 
ignored.
node_modules/@mui/ico
ns-material/esm/Keybo
ardAltSharp.js 
(1:0): Module level 
directives cause 
errors when bundled, 
"use client" in "node
_modules/@mui/icons-m
aterial/esm/KeyboardA
ltSharp.js" was 
ignored.
node_modules/@mui/ico
ns-material/esm/KeySh
arp.js (1:0): Module 
level directives 
cause errors when 
bundled, "use 
client" in "node_modu
les/@mui/icons-materi
al/esm/KeySharp.js" 
was ignored.
node_modules/@mui/ico
ns-material/esm/Keybo
ardArrowDown.js 
(1:0): Module level 
directives cause 
errors when bundled, 
"use client" in "node
_modules/@mui/icons-m
aterial/esm/KeyboardA
rrowDown.js" was 
ignored.
node_modules/@mui/ico
ns-material/esm/Keybo
ardArrowDownOutlined.
js (1:0): Module 
level directives 
cause errors when 
bundled, "use 
client" in "node_modu
les/@mui/icons-materi
al/esm/KeyboardArrowD
ownOutlined.js" was 
ignored.
node_modules/@mui/ico
ns-material/esm/Keybo
ardArrowDownRounded.j
s (1:0): Module 
level directives 
cause errors when 
bundled, "use 
client" in "node_modu
les/@mui/icons-materi
al/esm/KeyboardArrowD
ownRounded.js" was 
ignored.
node_modules/@mui/ico
ns-material/esm/Keybo
ardArrowDownSharp.js 
(1:0): Module level 
directives cause 
errors when bundled, 
"use client" in "node
_modules/@mui/icons-m
aterial/esm/KeyboardA
rrowDownSharp.js" 
was ignored.
node_modules/@mui/ico
ns-material/esm/Keybo
ardArrowDownTwoTone.j
s (1:0): Module 
level directives 
cause errors when 
bundled, "use 
client" in "node_modu
les/@mui/icons-materi
al/esm/KeyboardArrowD
ownTwoTone.js" was 
ignored.
node_modules/@mui/ico
ns-material/esm/Keybo
ardArrowLeft.js 
(1:0): Module level 
directives cause 
errors when bundled, 
"use client" in "node
_modules/@mui/icons-m
aterial/esm/KeyboardA
rrowLeft.js" was 
ignored.
node_modules/@mui/ico
ns-material/esm/Keybo
ardArrowLeftOutlined.
js (1:0): Module 
level directives 
cause errors when 
bundled, "use 
client" in "node_modu
les/@mui/icons-materi
al/esm/KeyboardArrowL
eftOutlined.js" was 
ignored.
node_modules/@mui/ico
ns-material/esm/Keybo
ardArrowLeftSharp.js 
(1:0): Module level 
directives cause 
errors when bundled, 
"use client" in "node
_modules/@mui/icons-m
aterial/esm/KeyboardA
rrowLeftSharp.js" 
was ignored.
node_modules/@mui/ico
ns-material/esm/Keybo
ardArrowLeftRounded.j
s (1:0): Module 
level directives 
cause errors when 
bundled, "use 
client" in "node_modu
les/@mui/icons-materi
al/esm/KeyboardArrowL
eftRounded.js" was 
ignored.
node_modules/@mui/ico
ns-material/esm/Keybo
ardArrowLeftTwoTone.j
s (1:0): Module 
level directives 
cause errors when 
bundled, "use 
client" in "node_modu
les/@mui/icons-materi
al/esm/KeyboardArrowL
eftTwoTone.js" was 
ignored.
node_modules/@mui/ico
ns-material/esm/Keybo
ardArrowRight.js 
(1:0): Module level 
directives cause 
errors when bundled, 
"use client" in "node
_modules/@mui/icons-m
aterial/esm/KeyboardA
rrowRight.js" was 
ignored.
node_modules/@mui/ico
ns-material/esm/Keybo
ardArrowRightOutlined
.js (1:0): Module 
level directives 
cause errors when 
bundled, "use 
client" in "node_modu
les/@mui/icons-materi
al/esm/KeyboardArrowR
ightOutlined.js" was 
ignored.
node_modules/@mui/ico
ns-material/esm/Keybo
ardArrowRightTwoTone.
js (1:0): Module 
level directives 
cause errors when 
bundled, "use 
client" in "node_modu
les/@mui/icons-materi
al/esm/KeyboardArrowR
ightTwoTone.js" was 
ignored.
node_modules/@mui/ico
ns-material/esm/Keybo
ardArrowRightSharp.js
 (1:0): Module level 
directives cause 
errors when bundled, 
"use client" in "node
_modules/@mui/icons-m
aterial/esm/KeyboardA
rrowRightSharp.js" 
was ignored.
node_modules/@mui/ico
ns-material/esm/Keybo
ardArrowRightRounded.
js (1:0): Module 
level directives 
cause errors when 
bundled, "use 
client" in "node_modu
les/@mui/icons-materi
al/esm/KeyboardArrowR
ightRounded.js" was 
ignored.
node_modules/@mui/ico
ns-material/esm/Keybo
ardArrowUp.js (1:0): 
Module level 
directives cause 
errors when bundled, 
"use client" in "node
_modules/@mui/icons-m
aterial/esm/KeyboardA
rrowUp.js" was 
ignored.
node_modules/@mui/ico
ns-material/esm/Keybo
ardArrowUpOutlined.js
 (1:0): Module level 
directives cause 
errors when bundled, 
"use client" in "node
_modules/@mui/icons-m
aterial/esm/KeyboardA
rrowUpOutlined.js" 
was ignored.
node_modules/@mui/ico
ns-material/esm/Keybo
ardArrowUpRounded.js 
(1:0): Module level 
directives cause 
errors when bundled, 
"use client" in "node
_modules/@mui/icons-m
aterial/esm/KeyboardA
rrowUpRounded.js" 
was ignored.
node_modules/@mui/ico
ns-material/esm/Keybo
ardArrowUpSharp.js 
(1:0): Module level 
directives cause 
errors when bundled, 
"use client" in "node
_modules/@mui/icons-m
aterial/esm/KeyboardA
rrowUpSharp.js" was 
ignored.
node_modules/@mui/ico
ns-material/esm/Keybo
ardArrowUpTwoTone.js 
(1:0): Module level 
directives cause 
errors when bundled, 
"use client" in "node
_modules/@mui/icons-m
aterial/esm/KeyboardA
rrowUpTwoTone.js" 
was ignored.
node_modules/@mui/ico
ns-material/esm/Keybo
ardBackspace.js 
(1:0): Module level 
directives cause 
errors when bundled, 
"use client" in "node
_modules/@mui/icons-m
aterial/esm/KeyboardB
ackspace.js" was 
ignored.
node_modules/@mui/ico
ns-material/esm/Keybo
ardBackspaceOutlined.
js (1:0): Module 
level directives 
cause errors when 
bundled, "use 
client" in "node_modu
les/@mui/icons-materi
al/esm/KeyboardBacksp
aceOutlined.js" was 
ignored.
node_modules/@mui/ico
ns-material/esm/Keybo
ardBackspaceRounded.j
s (1:0): Module 
level directives 
cause errors when 
bundled, "use 
client" in "node_modu
les/@mui/icons-materi
al/esm/KeyboardBacksp
aceRounded.js" was 
ignored.
node_modules/@mui/ico
ns-material/esm/Keybo
ardBackspaceSharp.js 
(1:0): Module level 
directives cause 
errors when bundled, 
"use client" in "node
_modules/@mui/icons-m
aterial/esm/KeyboardB
ackspaceSharp.js" 
was ignored.
node_modules/@mui/ico
ns-material/esm/Keybo
ardBackspaceTwoTone.j
s (1:0): Module 
level directives 
cause errors when 
bundled, "use 
client" in "node_modu
les/@mui/icons-materi
al/esm/KeyboardBacksp
aceTwoTone.js" was 
ignored.
node_modules/@mui/ico
ns-material/esm/Keybo
ardCapslockOutlined.j
s (1:0): Module 
level directives 
cause errors when 
bundled, "use 
client" in "node_modu
les/@mui/icons-materi
al/esm/KeyboardCapslo
ckOutlined.js" was 
ignored.
node_modules/@mui/ico
ns-material/esm/Keybo
ardCapslock.js 
(1:0): Module level 
directives cause 
errors when bundled, 
"use client" in "node
_modules/@mui/icons-m
aterial/esm/KeyboardC
apslock.js" was 
ignored.
node_modules/@mui/ico
ns-material/esm/Keybo
ardCapslockRounded.js
 (1:0): Module level 
directives cause 
errors when bundled, 
"use client" in "node
_modules/@mui/icons-m
aterial/esm/KeyboardC
apslockRounded.js" 
was ignored.
node_modules/@mui/ico
ns-material/esm/Keybo
ardCapslockSharp.js 
(1:0): Module level 
directives cause 
errors when bundled, 
"use client" in "node
_modules/@mui/icons-m
aterial/esm/KeyboardC
apslockSharp.js" was 
ignored.
node_modules/@mui/ico
ns-material/esm/Keybo
ardCapslockTwoTone.js
 (1:0): Module level 
directives cause 
errors when bundled, 
"use client" in "node
_modules/@mui/icons-m
aterial/esm/KeyboardC
apslockTwoTone.js" 
was ignored.
node_modules/@mui/ico
ns-material/esm/Keybo
ardCommandKey.js 
(1:0): Module level 
directives cause 
errors when bundled, 
"use client" in "node
_modules/@mui/icons-m
aterial/esm/KeyboardC
ommandKey.js" was 
ignored.
node_modules/@mui/ico
ns-material/esm/Keybo
ardCommandKeyOutlined
.js (1:0): Module 
level directives 
cause errors when 
bundled, "use 
client" in "node_modu
les/@mui/icons-materi
al/esm/KeyboardComman
dKeyOutlined.js" was 
ignored.
node_modules/@mui/ico
ns-material/esm/Keybo
ardCommandKeyRounded.
js (1:0): Module 
level directives 
cause errors when 
bundled, "use 
client" in "node_modu
les/@mui/icons-materi
al/esm/KeyboardComman
dKeyRounded.js" was 
ignored.
node_modules/@mui/ico
ns-material/esm/Keybo
ardCommandKeySharp.js
 (1:0): Module level 
directives cause 
errors when bundled, 
"use client" in "node
_modules/@mui/icons-m
aterial/esm/KeyboardC
ommandKeySharp.js" 
was ignored.
node_modules/@mui/ico
ns-material/esm/Keybo
ardCommandKeyTwoTone.
js (1:0): Module 
level directives 
cause errors when 
bundled, "use 
client" in "node_modu
les/@mui/icons-materi
al/esm/KeyboardComman
dKeyTwoTone.js" was 
ignored.
node_modules/@mui/ico
ns-material/esm/Keybo
ardControlKey.js 
(1:0): Module level 
directives cause 
errors when bundled, 
"use client" in "node
_modules/@mui/icons-m
aterial/esm/KeyboardC
ontrolKey.js" was 
ignored.
node_modules/@mui/ico
ns-material/esm/Keybo
ardControlKeyOutlined
.js (1:0): Module 
level directives 
cause errors when 
bundled, "use 
client" in "node_modu
les/@mui/icons-materi
al/esm/KeyboardContro
lKeyOutlined.js" was 
ignored.
node_modules/@mui/ico
ns-material/esm/Keybo
ardControlKeySharp.js
 (1:0): Module level 
directives cause 
errors when bundled, 
"use client" in "node
_modules/@mui/icons-m
aterial/esm/KeyboardC
ontrolKeySharp.js" 
was ignored.
node_modules/@mui/ico
ns-material/esm/Keybo
ardControlKeyTwoTone.
js (1:0): Module 
level directives 
cause errors when 
bundled, "use 
client" in "node_modu
les/@mui/icons-materi
al/esm/KeyboardContro
lKeyTwoTone.js" was 
ignored.
node_modules/@mui/ico
ns-material/esm/Keybo
ardDoubleArrowDownOut
lined.js (1:0): 
Module level 
directives cause 
errors when bundled, 
"use client" in "node
_modules/@mui/icons-m
aterial/esm/KeyboardD
oubleArrowDownOutline
d.js" was ignored.
node_modules/@mui/ico
ns-material/esm/Keybo
ardDoubleArrowDown.js
 (1:0): Module level 
directives cause 
errors when bundled, 
"use client" in "node
_modules/@mui/icons-m
aterial/esm/KeyboardD
oubleArrowDown.js" 
was ignored.
node_modules/@mui/ico
ns-material/esm/Keybo
ardDoubleArrowDownRou
nded.js (1:0): 
Module level 
directives cause 
errors when bundled, 
"use client" in "node
_modules/@mui/icons-m
aterial/esm/KeyboardD
oubleArrowDownRounded
.js" was ignored.
node_modules/@mui/ico
ns-material/esm/Keybo
ardDoubleArrowDownSha
rp.js (1:0): Module 
level directives 
cause errors when 
bundled, "use 
client" in "node_modu
les/@mui/icons-materi
al/esm/KeyboardDouble
ArrowDownSharp.js" 
was ignored.
node_modules/@mui/ico
ns-material/esm/Keybo
ardDoubleArrowDownTwo
Tone.js (1:0): 
Module level 
directives cause 
errors when bundled, 
"use client" in "node
_modules/@mui/icons-m
aterial/esm/KeyboardD
oubleArrowDownTwoTone
.js" was ignored.
node_modules/@mui/ico
ns-material/esm/Keybo
ardDoubleArrowLeft.js
 (1:0): Module level 
directives cause 
errors when bundled, 
"use client" in "node
_modules/@mui/icons-m
aterial/esm/KeyboardD
oubleArrowLeft.js" 
was ignored.
node_modules/@mui/ico
ns-material/esm/Keybo
ardControlKeyRounded.
js (1:0): Module 
level directives 
cause errors when 
bundled, "use 
client" in "node_modu
les/@mui/icons-materi
al/esm/KeyboardContro
lKeyRounded.js" was 
ignored.
node_modules/@mui/ico
ns-material/esm/Keybo
ardDoubleArrowLeftRou
nded.js (1:0): 
Module level 
directives cause 
errors when bundled, 
"use client" in "node
_modules/@mui/icons-m
aterial/esm/KeyboardD
oubleArrowLeftRounded
.js" was ignored.
node_modules/@mui/ico
ns-material/esm/Keybo
ardDoubleArrowLeftOut
lined.js (1:0): 
Module level 
directives cause 
errors when bundled, 
"use client" in "node
_modules/@mui/icons-m
aterial/esm/KeyboardD
oubleArrowLeftOutline
d.js" was ignored.
node_modules/@mui/ico
ns-material/esm/Keybo
ardDoubleArrowLeftSha
rp.js (1:0): Module 
level directives 
cause errors when 
bundled, "use 
client" in "node_modu
les/@mui/icons-materi
al/esm/KeyboardDouble
ArrowLeftSharp.js" 
was ignored.
node_modules/@mui/ico
ns-material/esm/Keybo
ardDoubleArrowRight.j
s (1:0): Module 
level directives 
cause errors when 
bundled, "use 
client" in "node_modu
les/@mui/icons-materi
al/esm/KeyboardDouble
ArrowRight.js" was 
ignored.
node_modules/@mui/ico
ns-material/esm/Keybo
ardDoubleArrowRightOu
tlined.js (1:0): 
Module level 
directives cause 
errors when bundled, 
"use client" in "node
_modules/@mui/icons-m
aterial/esm/KeyboardD
oubleArrowRightOutlin
ed.js" was ignored.
node_modules/@mui/ico
ns-material/esm/Keybo
ardDoubleArrowRightRo
unded.js (1:0): 
Module level 
directives cause 
errors when bundled, 
"use client" in "node
_modules/@mui/icons-m
aterial/esm/KeyboardD
oubleArrowRightRounde
d.js" was ignored.
node_modules/@mui/ico
ns-material/esm/Keybo
ardDoubleArrowLeftTwo
Tone.js (1:0): 
Module level 
directives cause 
errors when bundled, 
"use client" in "node
_modules/@mui/icons-m
aterial/esm/KeyboardD
oubleArrowLeftTwoTone
.js" was ignored.
node_modules/@mui/ico
ns-material/esm/Keybo
ardDoubleArrowRightSh
arp.js (1:0): Module 
level directives 
cause errors when 
bundled, "use 
client" in "node_modu
les/@mui/icons-materi
al/esm/KeyboardDouble
ArrowRightSharp.js" 
was ignored.
node_modules/@mui/ico
ns-material/esm/Keybo
ardDoubleArrowRightTw
oTone.js (1:0): 
Module level 
directives cause 
errors when bundled, 
"use client" in "node
_modules/@mui/icons-m
aterial/esm/KeyboardD
oubleArrowRightTwoTon
e.js" was ignored.
node_modules/@mui/ico
ns-material/esm/Keybo
ardDoubleArrowUpOutli
ned.js (1:0): Module 
level directives 
cause errors when 
bundled, "use 
client" in "node_modu
les/@mui/icons-materi
al/esm/KeyboardDouble
ArrowUpOutlined.js" 
was ignored.
node_modules/@mui/ico
ns-material/esm/Keybo
ardDoubleArrowUp.js 
(1:0): Module level 
directives cause 
errors when bundled, 
"use client" in "node
_modules/@mui/icons-m
aterial/esm/KeyboardD
oubleArrowUp.js" was 
ignored.
node_modules/@mui/ico
ns-material/esm/Keybo
ardDoubleArrowUpTwoTo
ne.js (1:0): Module 
level directives 
cause errors when 
bundled, "use 
client" in "node_modu
les/@mui/icons-materi
al/esm/KeyboardDouble
ArrowUpTwoTone.js" 
was ignored.
node_modules/@mui/ico
ns-material/esm/Keybo
ardDoubleArrowUpRound
ed.js (1:0): Module 
level directives 
cause errors when 
bundled, "use 
client" in "node_modu
les/@mui/icons-materi
al/esm/KeyboardDouble
ArrowUpRounded.js" 
was ignored.
node_modules/@mui/ico
ns-material/esm/Keybo
ardDoubleArrowUpSharp
.js (1:0): Module 
level directives 
cause errors when 
bundled, "use 
client" in "node_modu
les/@mui/icons-materi
al/esm/KeyboardDouble
ArrowUpSharp.js" was 
ignored.
node_modules/@mui/ico
ns-material/esm/Keybo
ardHide.js (1:0): 
Module level 
directives cause 
errors when bundled, 
"use client" in "node
_modules/@mui/icons-m
aterial/esm/KeyboardH
ide.js" was ignored.
node_modules/@mui/ico
ns-material/esm/Keybo
ardHideOutlined.js 
(1:0): Module level 
directives cause 
errors when bundled, 
"use client" in "node
_modules/@mui/icons-m
aterial/esm/KeyboardH
ideOutlined.js" was 
ignored.
node_modules/@mui/ico
ns-material/esm/Keybo
ardHideRounded.js 
(1:0): Module level 
directives cause 
errors when bundled, 
"use client" in "node
_modules/@mui/icons-m
aterial/esm/KeyboardH
ideRounded.js" was 
ignored.
node_modules/@mui/ico
ns-material/esm/Keybo
ardHideSharp.js 
(1:0): Module level 
directives cause 
errors when bundled, 
"use client" in "node
_modules/@mui/icons-m
aterial/esm/KeyboardH
ideSharp.js" was 
ignored.
node_modules/@mui/ico
ns-material/esm/Keybo
ardOptionKeyRounded.j
s (1:0): Module 
level directives 
cause errors when 
bundled, "use 
client" in "node_modu
les/@mui/icons-materi
al/esm/KeyboardOption
KeyRounded.js" was 
ignored.
node_modules/@mui/ico
ns-material/esm/Keybo
ardOptionKeyOutlined.
js (1:0): Module 
level directives 
cause errors when 
bundled, "use 
client" in "node_modu
les/@mui/icons-materi
al/esm/KeyboardOption
KeyOutlined.js" was 
ignored.
node_modules/@mui/ico
ns-material/esm/Keybo
ardHideTwoTone.js 
(1:0): Module level 
directives cause 
errors when bundled, 
"use client" in "node
_modules/@mui/icons-m
aterial/esm/KeyboardH
ideTwoTone.js" was 
ignored.
node_modules/@mui/ico
ns-material/esm/Keybo
ardOptionKeyTwoTone.j
s (1:0): Module 
level directives 
cause errors when 
bundled, "use 
client" in "node_modu
les/@mui/icons-materi
al/esm/KeyboardOption
KeyTwoTone.js" was 
ignored.
node_modules/@mui/ico
ns-material/esm/Keybo
ardOptionKeySharp.js 
(1:0): Module level 
directives cause 
errors when bundled, 
"use client" in "node
_modules/@mui/icons-m
aterial/esm/KeyboardO
ptionKeySharp.js" 
was ignored.
node_modules/@mui/ico
ns-material/esm/Keybo
ardOutlined.js 
(1:0): Module level 
directives cause 
errors when bundled, 
"use client" in "node
_modules/@mui/icons-m
aterial/esm/KeyboardO
utlined.js" was 
ignored.
node_modules/@mui/ico
ns-material/esm/Keybo
ardReturn.js (1:0): 
Module level 
directives cause 
errors when bundled, 
"use client" in "node
_modules/@mui/icons-m
aterial/esm/KeyboardR
eturn.js" was 
ignored.
node_modules/@mui/ico
ns-material/esm/Keybo
ardOptionKey.js 
(1:0): Module level 
directives cause 
errors when bundled, 
"use client" in "node
_modules/@mui/icons-m
aterial/esm/KeyboardO
ptionKey.js" was 
ignored.
node_modules/@mui/ico
ns-material/esm/Keybo
ardReturnOutlined.js 
(1:0): Module level 
directives cause 
errors when bundled, 
"use client" in "node
_modules/@mui/icons-m
aterial/esm/KeyboardR
eturnOutlined.js" 
was ignored.
node_modules/@mui/ico
ns-material/esm/Keybo
ardReturnRounded.js 
(1:0): Module level 
directives cause 
errors when bundled, 
"use client" in "node
_modules/@mui/icons-m
aterial/esm/KeyboardR
eturnRounded.js" was 
ignored.
node_modules/@mui/ico
ns-material/esm/Keybo
ardReturnSharp.js 
(1:0): Module level 
directives cause 
errors when bundled, 
"use client" in "node
_modules/@mui/icons-m
aterial/esm/KeyboardR
eturnSharp.js" was 
ignored.
node_modules/@mui/ico
ns-material/esm/Keybo
ardReturnTwoTone.js 
(1:0): Module level 
directives cause 
errors when bundled, 
"use client" in "node
_modules/@mui/icons-m
aterial/esm/KeyboardR
eturnTwoTone.js" was 
ignored.
node_modules/@mui/ico
ns-material/esm/Keybo
ardRounded.js (1:0): 
Module level 
directives cause 
errors when bundled, 
"use client" in "node
_modules/@mui/icons-m
aterial/esm/KeyboardR
ounded.js" was 
ignored.
node_modules/@mui/ico
ns-material/esm/Keybo
ardSharp.js (1:0): 
Module level 
directives cause 
errors when bundled, 
"use client" in "node
_modules/@mui/icons-m
aterial/esm/KeyboardS
harp.js" was ignored.
node_modules/@mui/ico
ns-material/esm/Keybo
ardTab.js (1:0): 
Module level 
directives cause 
errors when bundled, 
"use client" in "node
_modules/@mui/icons-m
aterial/esm/KeyboardT
ab.js" was ignored.
node_modules/@mui/ico
ns-material/esm/Keybo
ardTabOutlined.js 
(1:0): Module level 
directives cause 
errors when bundled, 
"use client" in "node
_modules/@mui/icons-m
aterial/esm/KeyboardT
abOutlined.js" was 
ignored.
node_modules/@mui/ico
ns-material/esm/Keybo
ardTabRounded.js 
(1:0): Module level 
directives cause 
errors when bundled, 
"use client" in "node
_modules/@mui/icons-m
aterial/esm/KeyboardT
abRounded.js" was 
ignored.
node_modules/@mui/ico
ns-material/esm/Keybo
ardTabSharp.js 
(1:0): Module level 
directives cause 
errors when bundled, 
"use client" in "node
_modules/@mui/icons-m
aterial/esm/KeyboardT
abSharp.js" was 
ignored.
node_modules/@mui/ico
ns-material/esm/Keybo
ardTabTwoTone.js 
(1:0): Module level 
directives cause 
errors when bundled, 
"use client" in "node
_modules/@mui/icons-m
aterial/esm/KeyboardT
abTwoTone.js" was 
ignored.
node_modules/@mui/ico
ns-material/esm/Keybo
ardTwoTone.js (1:0): 
Module level 
directives cause 
errors when bundled, 
"use client" in "node
_modules/@mui/icons-m
aterial/esm/KeyboardT
woTone.js" was 
ignored.
node_modules/@mui/ico
ns-material/esm/Keybo
ardVoiceOutlined.js 
(1:0): Module level 
directives cause 
errors when bundled, 
"use client" in "node
_modules/@mui/icons-m
aterial/esm/KeyboardV
oiceOutlined.js" was 
ignored.
node_modules/@mui/ico
ns-material/esm/Keybo
ardVoice.js (1:0): 
Module level 
directives cause 
errors when bundled, 
"use client" in "node
_modules/@mui/icons-m
aterial/esm/KeyboardV
oice.js" was ignored.
node_modules/@mui/ico
ns-material/esm/Keybo
ardVoiceRounded.js 
(1:0): Module level 
directives cause 
errors when bundled, 
"use client" in "node
_modules/@mui/icons-m
aterial/esm/KeyboardV
oiceRounded.js" was 
ignored.
node_modules/@mui/ico
ns-material/esm/Keybo
ardVoiceSharp.js 
(1:0): Module level 
directives cause 
errors when bundled, 
"use client" in "node
_modules/@mui/icons-m
aterial/esm/KeyboardV
oiceSharp.js" was 
ignored.
node_modules/@mui/ico
ns-material/esm/Keybo
ardVoiceTwoTone.js 
(1:0): Module level 
directives cause 
errors when bundled, 
"use client" in "node
_modules/@mui/icons-m
aterial/esm/KeyboardV
oiceTwoTone.js" was 
ignored.
node_modules/@mui/ico
ns-material/esm/KingB
ed.js (1:0): Module 
level directives 
cause errors when 
bundled, "use 
client" in "node_modu
les/@mui/icons-materi
al/esm/KingBed.js" 
was ignored.
node_modules/@mui/ico
ns-material/esm/KingB
edOutlined.js (1:0): 
Module level 
directives cause 
errors when bundled, 
"use client" in "node
_modules/@mui/icons-m
aterial/esm/KingBedOu
tlined.js" was 
ignored.
node_modules/@mui/ico
ns-material/esm/KingB
edRounded.js (1:0): 
Module level 
directives cause 
errors when bundled, 
"use client" in "node
_modules/@mui/icons-m
aterial/esm/KingBedRo
unded.js" was 
ignored.
node_modules/@mui/ico
ns-material/esm/KingB
edSharp.js (1:0): 
Module level 
directives cause 
errors when bundled, 
"use client" in "node
_modules/@mui/icons-m
aterial/esm/KingBedSh
arp.js" was ignored.
node_modules/@mui/ico
ns-material/esm/KingB
edTwoTone.js (1:0): 
Module level 
directives cause 
errors when bundled, 
"use client" in "node
_modules/@mui/icons-m
aterial/esm/KingBedTw
oTone.js" was 
ignored.
node_modules/@mui/ico
ns-material/esm/Kitch
enOutlined.js (1:0): 
Module level 
directives cause 
errors when bundled, 
"use client" in "node
_modules/@mui/icons-m
aterial/esm/KitchenOu
tlined.js" was 
ignored.
node_modules/@mui/ico
ns-material/esm/Kitch
enSharp.js (1:0): 
Module level 
directives cause 
errors when bundled, 
"use client" in "node
_modules/@mui/icons-m
aterial/esm/KitchenSh
arp.js" was ignored.
node_modules/@mui/ico
ns-material/esm/Kitch
enTwoTone.js (1:0): 
Module level 
directives cause 
errors when bundled, 
"use client" in "node
_modules/@mui/icons-m
aterial/esm/KitchenTw
oTone.js" was 
ignored.
node_modules/@mui/ico
ns-material/esm/Kites
urfing.js (1:0): 
Module level 
directives cause 
errors when bundled, 
"use client" in "node
_modules/@mui/icons-m
aterial/esm/Kitesurfi
ng.js" was ignored.
node_modules/@mui/ico
ns-material/esm/Kitch
en.js (1:0): Module 
level directives 
cause errors when 
bundled, "use 
client" in "node_modu
les/@mui/icons-materi
al/esm/Kitchen.js" 
was ignored.
node_modules/@mui/ico
ns-material/esm/Kitch
enRounded.js (1:0): 
Module level 
directives cause 
errors when bundled, 
"use client" in "node
_modules/@mui/icons-m
aterial/esm/KitchenRo
unded.js" was 
ignored.
node_modules/@mui/ico
ns-material/esm/Kites
urfingOutlined.js 
(1:0): Module level 
directives cause 
errors when bundled, 
"use client" in "node
_modules/@mui/icons-m
aterial/esm/Kitesurfi
ngOutlined.js" was 
ignored.
node_modules/@mui/ico
ns-material/esm/Kites
urfingSharp.js 
(1:0): Module level 
directives cause 
errors when bundled, 
"use client" in "node
_modules/@mui/icons-m
aterial/esm/Kitesurfi
ngSharp.js" was 
ignored.
node_modules/@mui/ico
ns-material/esm/Kites
urfingRounded.js 
(1:0): Module level 
directives cause 
errors when bundled, 
"use client" in "node
_modules/@mui/icons-m
aterial/esm/Kitesurfi
ngRounded.js" was 
ignored.
node_modules/@mui/ico
ns-material/esm/Kites
urfingTwoTone.js 
(1:0): Module level 
directives cause 
errors when bundled, 
"use client" in "node
_modules/@mui/icons-m
aterial/esm/Kitesurfi
ngTwoTone.js" was 
ignored.
node_modules/@mui/ico
ns-material/esm/Label
.js (1:0): Module 
level directives 
cause errors when 
bundled, "use 
client" in "node_modu
les/@mui/icons-materi
al/esm/Label.js" was 
ignored.
node_modules/@mui/ico
ns-material/esm/Label
Important.js (1:0): 
Module level 
directives cause 
errors when bundled, 
"use client" in "node
_modules/@mui/icons-m
aterial/esm/LabelImpo
rtant.js" was 
ignored.
node_modules/@mui/ico
ns-material/esm/Label
ImportantSharp.js 
(1:0): Module level 
directives cause 
errors when bundled, 
"use client" in "node
_modules/@mui/icons-m
aterial/esm/LabelImpo
rtantSharp.js" was 
ignored.
node_modules/@mui/ico
ns-material/esm/Label
ImportantRounded.js 
(1:0): Module level 
directives cause 
errors when bundled, 
"use client" in "node
_modules/@mui/icons-m
aterial/esm/LabelImpo
rtantRounded.js" was 
ignored.
node_modules/@mui/ico
ns-material/esm/Label
Off.js (1:0): Module 
level directives 
cause errors when 
bundled, "use 
client" in "node_modu
les/@mui/icons-materi
al/esm/LabelOff.js" 
was ignored.
node_modules/@mui/ico
ns-material/esm/Label
ImportantTwoTone.js 
(1:0): Module level 
directives cause 
errors when bundled, 
"use client" in "node
_modules/@mui/icons-m
aterial/esm/LabelImpo
rtantTwoTone.js" was 
ignored.
node_modules/@mui/ico
ns-material/esm/Label
OffRounded.js (1:0): 
Module level 
directives cause 
errors when bundled, 
"use client" in "node
_modules/@mui/icons-m
aterial/esm/LabelOffR
ounded.js" was 
ignored.
node_modules/@mui/ico
ns-material/esm/Label
OffOutlined.js 
(1:0): Module level 
directives cause 
errors when bundled, 
"use client" in "node
_modules/@mui/icons-m
aterial/esm/LabelOffO
utlined.js" was 
ignored.
node_modules/@mui/ico
ns-material/esm/Label
OffTwoTone.js (1:0): 
Module level 
directives cause 
errors when bundled, 
"use client" in "node
_modules/@mui/icons-m
aterial/esm/LabelOffT
woTone.js" was 
ignored.
node_modules/@mui/ico
ns-material/esm/Label
OffSharp.js (1:0): 
Module level 
directives cause 
errors when bundled, 
"use client" in "node
_modules/@mui/icons-m
aterial/esm/LabelOffS
harp.js" was ignored.
node_modules/@mui/ico
ns-material/esm/Label
Rounded.js (1:0): 
Module level 
directives cause 
errors when bundled, 
"use client" in "node
_modules/@mui/icons-m
aterial/esm/LabelRoun
ded.js" was ignored.
node_modules/@mui/ico
ns-material/esm/Label
ImportantOutlined.js 
(1:0): Module level 
directives cause 
errors when bundled, 
"use client" in "node
_modules/@mui/icons-m
aterial/esm/LabelImpo
rtantOutlined.js" 
was ignored.
node_modules/@mui/ico
ns-material/esm/Label
Outlined.js (1:0): 
Module level 
directives cause 
errors when bundled, 
"use client" in "node
_modules/@mui/icons-m
aterial/esm/LabelOutl
ined.js" was ignored.
node_modules/@mui/ico
ns-material/esm/Label
Sharp.js (1:0): 
Module level 
directives cause 
errors when bundled, 
"use client" in "node
_modules/@mui/icons-m
aterial/esm/LabelShar
p.js" was ignored.
node_modules/@mui/ico
ns-material/esm/Label
TwoTone.js (1:0): 
Module level 
directives cause 
errors when bundled, 
"use client" in "node
_modules/@mui/icons-m
aterial/esm/LabelTwoT
one.js" was ignored.
node_modules/@mui/ico
ns-material/esm/LanOu
tlined.js (1:0): 
Module level 
directives cause 
errors when bundled, 
"use client" in "node
_modules/@mui/icons-m
aterial/esm/LanOutlin
ed.js" was ignored.
node_modules/@mui/ico
ns-material/esm/LanSh
arp.js (1:0): Module 
level directives 
cause errors when 
bundled, "use 
client" in "node_modu
les/@mui/icons-materi
al/esm/LanSharp.js" 
was ignored.
node_modules/@mui/ico
ns-material/esm/Lan.j
s (1:0): Module 
level directives 
cause errors when 
bundled, "use 
client" in "node_modu
les/@mui/icons-materi
al/esm/Lan.js" was 
ignored.
node_modules/@mui/ico
ns-material/esm/LanRo
unded.js (1:0): 
Module level 
directives cause 
errors when bundled, 
"use client" in "node
_modules/@mui/icons-m
aterial/esm/LanRounde
d.js" was ignored.
node_modules/@mui/ico
ns-material/esm/Lands
cape.js (1:0): 
Module level 
directives cause 
errors when bundled, 
"use client" in "node
_modules/@mui/icons-m
aterial/esm/Landscape
.js" was ignored.
node_modules/@mui/ico
ns-material/esm/LanTw
oTone.js (1:0): 
Module level 
directives cause 
errors when bundled, 
"use client" in "node
_modules/@mui/icons-m
aterial/esm/LanTwoTon
e.js" was ignored.
node_modules/@mui/ico
ns-material/esm/Lands
capeOutlined.js 
(1:0): Module level 
directives cause 
errors when bundled, 
"use client" in "node
_modules/@mui/icons-m
aterial/esm/Landscape
Outlined.js" was 
ignored.
node_modules/@mui/ico
ns-material/esm/Lands
capeSharp.js (1:0): 
Module level 
directives cause 
errors when bundled, 
"use client" in "node
_modules/@mui/icons-m
aterial/esm/Landscape
Sharp.js" was 
ignored.
node_modules/@mui/ico
ns-material/esm/Lands
capeRounded.js 
(1:0): Module level 
directives cause 
errors when bundled, 
"use client" in "node
_modules/@mui/icons-m
aterial/esm/Landscape
Rounded.js" was 
ignored.
node_modules/@mui/ico
ns-material/esm/Lands
lideOutlined.js 
(1:0): Module level 
directives cause 
errors when bundled, 
"use client" in "node
_modules/@mui/icons-m
aterial/esm/Landslide
Outlined.js" was 
ignored.
node_modules/@mui/ico
ns-material/esm/Lands
capeTwoTone.js 
(1:0): Module level 
directives cause 
errors when bundled, 
"use client" in "node
_modules/@mui/icons-m
aterial/esm/Landscape
TwoTone.js" was 
ignored.
node_modules/@mui/ico
ns-material/esm/Lands
lide.js (1:0): 
Module level 
directives cause 
errors when bundled, 
"use client" in "node
_modules/@mui/icons-m
aterial/esm/Landslide
.js" was ignored.
node_modules/@mui/ico
ns-material/esm/Lands
lideRounded.js 
(1:0): Module level 
directives cause 
errors when bundled, 
"use client" in "node
_modules/@mui/icons-m
aterial/esm/Landslide
Rounded.js" was 
ignored.
node_modules/@mui/ico
ns-material/esm/Lands
lideSharp.js (1:0): 
Module level 
directives cause 
errors when bundled, 
"use client" in "node
_modules/@mui/icons-m
aterial/esm/Landslide
Sharp.js" was 
ignored.
node_modules/@mui/ico
ns-material/esm/Lands
lideTwoTone.js 
(1:0): Module level 
directives cause 
errors when bundled, 
"use client" in "node
_modules/@mui/icons-m
aterial/esm/Landslide
TwoTone.js" was 
ignored.
node_modules/@mui/ico
ns-material/esm/Langu
ageOutlined.js 
(1:0): Module level 
directives cause 
errors when bundled, 
"use client" in "node
_modules/@mui/icons-m
aterial/esm/LanguageO
utlined.js" was 
ignored.
node_modules/@mui/ico
ns-material/esm/Langu
age.js (1:0): Module 
level directives 
cause errors when 
bundled, "use 
client" in "node_modu
les/@mui/icons-materi
al/esm/Language.js" 
was ignored.
node_modules/@mui/ico
ns-material/esm/Langu
ageRounded.js (1:0): 
Module level 
directives cause 
errors when bundled, 
"use client" in "node
_modules/@mui/icons-m
aterial/esm/LanguageR
ounded.js" was 
ignored.
node_modules/@mui/ico
ns-material/esm/Langu
ageTwoTone.js (1:0): 
Module level 
directives cause 
errors when bundled, 
"use client" in "node
_modules/@mui/icons-m
aterial/esm/LanguageT
woTone.js" was 
ignored.
node_modules/@mui/ico
ns-material/esm/Langu
ageSharp.js (1:0): 
Module level 
directives cause 
errors when bundled, 
"use client" in "node
_modules/@mui/icons-m
aterial/esm/LanguageS
harp.js" was ignored.
node_modules/@mui/ico
ns-material/esm/Lapto
p.js (1:0): Module 
level directives 
cause errors when 
bundled, "use 
client" in "node_modu
les/@mui/icons-materi
al/esm/Laptop.js" 
was ignored.
node_modules/@mui/ico
ns-material/esm/Lapto
pChromebookOutlined.j
s (1:0): Module 
level directives 
cause errors when 
bundled, "use 
client" in "node_modu
les/@mui/icons-materi
al/esm/LaptopChromebo
okOutlined.js" was 
ignored.
node_modules/@mui/ico
ns-material/esm/Lapto
pChromebook.js 
(1:0): Module level 
directives cause 
errors when bundled, 
"use client" in "node
_modules/@mui/icons-m
aterial/esm/LaptopChr
omebook.js" was 
ignored.
node_modules/@mui/ico
ns-material/esm/Lapto
pChromebookTwoTone.js
 (1:0): Module level 
directives cause 
errors when bundled, 
"use client" in "node
_modules/@mui/icons-m
aterial/esm/LaptopChr
omebookTwoTone.js" 
was ignored.
node_modules/@mui/ico
ns-material/esm/Lapto
pChromebookRounded.js
 (1:0): Module level 
directives cause 
errors when bundled, 
"use client" in "node
_modules/@mui/icons-m
aterial/esm/LaptopChr
omebookRounded.js" 
was ignored.
node_modules/@mui/ico
ns-material/esm/Lapto
pChromebookSharp.js 
(1:0): Module level 
directives cause 
errors when bundled, 
"use client" in "node
_modules/@mui/icons-m
aterial/esm/LaptopChr
omebookSharp.js" was 
ignored.
node_modules/@mui/ico
ns-material/esm/Lapto
pMac.js (1:0): 
Module level 
directives cause 
errors when bundled, 
"use client" in "node
_modules/@mui/icons-m
aterial/esm/LaptopMac
.js" was ignored.
node_modules/@mui/ico
ns-material/esm/Lapto
pMacOutlined.js 
(1:0): Module level 
directives cause 
errors when bundled, 
"use client" in "node
_modules/@mui/icons-m
aterial/esm/LaptopMac
Outlined.js" was 
ignored.
node_modules/@mui/ico
ns-material/esm/Lapto
pMacRounded.js 
(1:0): Module level 
directives cause 
errors when bundled, 
"use client" in "node
_modules/@mui/icons-m
aterial/esm/LaptopMac
Rounded.js" was 
ignored.
node_modules/@mui/ico
ns-material/esm/Lapto
pOutlined.js (1:0): 
Module level 
directives cause 
errors when bundled, 
"use client" in "node
_modules/@mui/icons-m
aterial/esm/LaptopOut
lined.js" was 
ignored.
node_modules/@mui/ico
ns-material/esm/Lapto
pMacSharp.js (1:0): 
Module level 
directives cause 
errors when bundled, 
"use client" in "node
_modules/@mui/icons-m
aterial/esm/LaptopMac
Sharp.js" was 
ignored.
node_modules/@mui/ico
ns-material/esm/Lapto
pMacTwoTone.js 
(1:0): Module level 
directives cause 
errors when bundled, 
"use client" in "node
_modules/@mui/icons-m
aterial/esm/LaptopMac
TwoTone.js" was 
ignored.
node_modules/@mui/ico
ns-material/esm/Lapto
pSharp.js (1:0): 
Module level 
directives cause 
errors when bundled, 
"use client" in "node
_modules/@mui/icons-m
aterial/esm/LaptopSha
rp.js" was ignored.
node_modules/@mui/ico
ns-material/esm/Lapto
pRounded.js (1:0): 
Module level 
directives cause 
errors when bundled, 
"use client" in "node
_modules/@mui/icons-m
aterial/esm/LaptopRou
nded.js" was ignored.
node_modules/@mui/ico
ns-material/esm/Lapto
pTwoTone.js (1:0): 
Module level 
directives cause 
errors when bundled, 
"use client" in "node
_modules/@mui/icons-m
aterial/esm/LaptopTwo
Tone.js" was ignored.
node_modules/@mui/ico
ns-material/esm/Lapto
pWindowsOutlined.js 
(1:0): Module level 
directives cause 
errors when bundled, 
"use client" in "node
_modules/@mui/icons-m
aterial/esm/LaptopWin
dowsOutlined.js" was 
ignored.
node_modules/@mui/ico
ns-material/esm/Lapto
pWindows.js (1:0): 
Module level 
directives cause 
errors when bundled, 
"use client" in "node
_modules/@mui/icons-m
aterial/esm/LaptopWin
dows.js" was ignored.
node_modules/@mui/ico
ns-material/esm/Lapto
pWindowsRounded.js 
(1:0): Module level 
directives cause 
errors when bundled, 
"use client" in "node
_modules/@mui/icons-m
aterial/esm/LaptopWin
dowsRounded.js" was 
ignored.
node_modules/@mui/ico
ns-material/esm/Lapto
pWindowsTwoTone.js 
(1:0): Module level 
directives cause 
errors when bundled, 
"use client" in "node
_modules/@mui/icons-m
aterial/esm/LaptopWin
dowsTwoTone.js" was 
ignored.
node_modules/@mui/ico
ns-material/esm/Lapto
pWindowsSharp.js 
(1:0): Module level 
directives cause 
errors when bundled, 
"use client" in "node
_modules/@mui/icons-m
aterial/esm/LaptopWin
dowsSharp.js" was 
ignored.
node_modules/@mui/ico
ns-material/esm/LastP
age.js (1:0): Module 
level directives 
cause errors when 
bundled, "use 
client" in "node_modu
les/@mui/icons-materi
al/esm/LastPage.js" 
was ignored.
node_modules/@mui/ico
ns-material/esm/LastP
ageRounded.js (1:0): 
Module level 
directives cause 
errors when bundled, 
"use client" in "node
_modules/@mui/icons-m
aterial/esm/LastPageR
ounded.js" was 
ignored.
node_modules/@mui/ico
ns-material/esm/LastP
ageOutlined.js 
(1:0): Module level 
directives cause 
errors when bundled, 
"use client" in "node
_modules/@mui/icons-m
aterial/esm/LastPageO
utlined.js" was 
ignored.
node_modules/@mui/ico
ns-material/esm/Launc
h.js (1:0): Module 
level directives 
cause errors when 
bundled, "use 
client" in "node_modu
les/@mui/icons-materi
al/esm/Launch.js" 
was ignored.
node_modules/@mui/ico
ns-material/esm/LastP
ageSharp.js (1:0): 
Module level 
directives cause 
errors when bundled, 
"use client" in "node
_modules/@mui/icons-m
aterial/esm/LastPageS
harp.js" was ignored.
node_modules/@mui/ico
ns-material/esm/LastP
ageTwoTone.js (1:0): 
Module level 
directives cause 
errors when bundled, 
"use client" in "node
_modules/@mui/icons-m
aterial/esm/LastPageT
woTone.js" was 
ignored.
node_modules/@mui/ico
ns-material/esm/Launc
hRounded.js (1:0): 
Module level 
directives cause 
errors when bundled, 
"use client" in "node
_modules/@mui/icons-m
aterial/esm/LaunchRou
nded.js" was ignored.
node_modules/@mui/ico
ns-material/esm/Launc
hOutlined.js (1:0): 
Module level 
directives cause 
errors when bundled, 
"use client" in "node
_modules/@mui/icons-m
aterial/esm/LaunchOut
lined.js" was 
ignored.
node_modules/@mui/ico
ns-material/esm/Launc
hSharp.js (1:0): 
Module level 
directives cause 
errors when bundled, 
"use client" in "node
_modules/@mui/icons-m
aterial/esm/LaunchSha
rp.js" was ignored.
node_modules/@mui/ico
ns-material/esm/Layer
s.js (1:0): Module 
level directives 
cause errors when 
bundled, "use 
client" in "node_modu
les/@mui/icons-materi
al/esm/Layers.js" 
was ignored.
node_modules/@mui/ico
ns-material/esm/Launc
hTwoTone.js (1:0): 
Module level 
directives cause 
errors when bundled, 
"use client" in "node
_modules/@mui/icons-m
aterial/esm/LaunchTwo
Tone.js" was ignored.
node_modules/@mui/ico
ns-material/esm/Layer
sClear.js (1:0): 
Module level 
directives cause 
errors when bundled, 
"use client" in "node
_modules/@mui/icons-m
aterial/esm/LayersCle
ar.js" was ignored.
node_modules/@mui/ico
ns-material/esm/Layer
sClearRounded.js 
(1:0): Module level 
directives cause 
errors when bundled, 
"use client" in "node
_modules/@mui/icons-m
aterial/esm/LayersCle
arRounded.js" was 
ignored.
node_modules/@mui/ico
ns-material/esm/Layer
sClearOutlined.js 
(1:0): Module level 
directives cause 
errors when bundled, 
"use client" in "node
_modules/@mui/icons-m
aterial/esm/LayersCle
arOutlined.js" was 
ignored.
node_modules/@mui/ico
ns-material/esm/Layer
sClearSharp.js 
(1:0): Module level 
directives cause 
errors when bundled, 
"use client" in "node
_modules/@mui/icons-m
aterial/esm/LayersCle
arSharp.js" was 
ignored.
node_modules/@mui/ico
ns-material/esm/Layer
sClearTwoTone.js 
(1:0): Module level 
directives cause 
errors when bundled, 
"use client" in "node
_modules/@mui/icons-m
aterial/esm/LayersCle
arTwoTone.js" was 
ignored.
node_modules/@mui/ico
ns-material/esm/Layer
sOutlined.js (1:0): 
Module level 
directives cause 
errors when bundled, 
"use client" in "node
_modules/@mui/icons-m
aterial/esm/LayersOut
lined.js" was 
ignored.
node_modules/@mui/ico
ns-material/esm/Layer
sRounded.js (1:0): 
Module level 
directives cause 
errors when bundled, 
"use client" in "node
_modules/@mui/icons-m
aterial/esm/LayersRou
nded.js" was ignored.
node_modules/@mui/ico
ns-material/esm/Layer
sTwoTone.js (1:0): 
Module level 
directives cause 
errors when bundled, 
"use client" in "node
_modules/@mui/icons-m
aterial/esm/LayersTwo
Tone.js" was ignored.
node_modules/@mui/ico
ns-material/esm/Layer
sSharp.js (1:0): 
Module level 
directives cause 
errors when bundled, 
"use client" in "node
_modules/@mui/icons-m
aterial/esm/LayersSha
rp.js" was ignored.
node_modules/@mui/ico
ns-material/esm/Leade
rboard.js (1:0): 
Module level 
directives cause 
errors when bundled, 
"use client" in "node
_modules/@mui/icons-m
aterial/esm/Leaderboa
rd.js" was ignored.
node_modules/@mui/ico
ns-material/esm/Leade
rboardSharp.js 
(1:0): Module level 
directives cause 
errors when bundled, 
"use client" in "node
_modules/@mui/icons-m
aterial/esm/Leaderboa
rdSharp.js" was 
ignored.
node_modules/@mui/ico
ns-material/esm/Leade
rboardOutlined.js 
(1:0): Module level 
directives cause 
errors when bundled, 
"use client" in "node
_modules/@mui/icons-m
aterial/esm/Leaderboa
rdOutlined.js" was 
ignored.
node_modules/@mui/ico
ns-material/esm/Leade
rboardRounded.js 
(1:0): Module level 
directives cause 
errors when bundled, 
"use client" in "node
_modules/@mui/icons-m
aterial/esm/Leaderboa
rdRounded.js" was 
ignored.
node_modules/@mui/ico
ns-material/esm/LeakA
dd.js (1:0): Module 
level directives 
cause errors when 
bundled, "use 
client" in "node_modu
les/@mui/icons-materi
al/esm/LeakAdd.js" 
was ignored.
node_modules/@mui/ico
ns-material/esm/Leade
rboardTwoTone.js 
(1:0): Module level 
directives cause 
errors when bundled, 
"use client" in "node
_modules/@mui/icons-m
aterial/esm/Leaderboa
rdTwoTone.js" was 
ignored.
node_modules/@mui/ico
ns-material/esm/LeakA
ddSharp.js (1:0): 
Module level 
directives cause 
errors when bundled, 
"use client" in "node
_modules/@mui/icons-m
aterial/esm/LeakAddSh
arp.js" was ignored.
node_modules/@mui/ico
ns-material/esm/LeakA
ddOutlined.js (1:0): 
Module level 
directives cause 
errors when bundled, 
"use client" in "node
_modules/@mui/icons-m
aterial/esm/LeakAddOu
tlined.js" was 
ignored.
node_modules/@mui/ico
ns-material/esm/LeakA
ddRounded.js (1:0): 
Module level 
directives cause 
errors when bundled, 
"use client" in "node
_modules/@mui/icons-m
aterial/esm/LeakAddRo
unded.js" was 
ignored.
node_modules/@mui/ico
ns-material/esm/LeakA
ddTwoTone.js (1:0): 
Module level 
directives cause 
errors when bundled, 
"use client" in "node
_modules/@mui/icons-m
aterial/esm/LeakAddTw
oTone.js" was 
ignored.
node_modules/@mui/ico
ns-material/esm/LeakR
emove.js (1:0): 
Module level 
directives cause 
errors when bundled, 
"use client" in "node
_modules/@mui/icons-m
aterial/esm/LeakRemov
e.js" was ignored.
node_modules/@mui/ico
ns-material/esm/LeakR
emoveRounded.js 
(1:0): Module level 
directives cause 
errors when bundled, 
"use client" in "node
_modules/@mui/icons-m
aterial/esm/LeakRemov
eRounded.js" was 
ignored.
node_modules/@mui/ico
ns-material/esm/LeakR
emoveOutlined.js 
(1:0): Module level 
directives cause 
errors when bundled, 
"use client" in "node
_modules/@mui/icons-m
aterial/esm/LeakRemov
eOutlined.js" was 
ignored.
node_modules/@mui/ico
ns-material/esm/LeakR
emoveTwoTone.js 
(1:0): Module level 
directives cause 
errors when bundled, 
"use client" in "node
_modules/@mui/icons-m
aterial/esm/LeakRemov
eTwoTone.js" was 
ignored.
node_modules/@mui/ico
ns-material/esm/Legen
dToggleRounded.js 
(1:0): Module level 
directives cause 
errors when bundled, 
"use client" in "node
_modules/@mui/icons-m
aterial/esm/LegendTog
gleRounded.js" was 
ignored.
node_modules/@mui/ico
ns-material/esm/LeakR
emoveSharp.js (1:0): 
Module level 
directives cause 
errors when bundled, 
"use client" in "node
_modules/@mui/icons-m
aterial/esm/LeakRemov
eSharp.js" was 
ignored.
node_modules/@mui/ico
ns-material/esm/Legen
dToggleOutlined.js 
(1:0): Module level 
directives cause 
errors when bundled, 
"use client" in "node
_modules/@mui/icons-m
aterial/esm/LegendTog
gleOutlined.js" was 
ignored.
node_modules/@mui/ico
ns-material/esm/Legen
dToggleSharp.js 
(1:0): Module level 
directives cause 
errors when bundled, 
"use client" in "node
_modules/@mui/icons-m
aterial/esm/LegendTog
gleSharp.js" was 
ignored.
node_modules/@mui/ico
ns-material/esm/Legen
dToggle.js (1:0): 
Module level 
directives cause 
errors when bundled, 
"use client" in "node
_modules/@mui/icons-m
aterial/esm/LegendTog
gle.js" was ignored.
node_modules/@mui/ico
ns-material/esm/Legen
dToggleTwoTone.js 
(1:0): Module level 
directives cause 
errors when bundled, 
"use client" in "node
_modules/@mui/icons-m
aterial/esm/LegendTog
gleTwoTone.js" was 
ignored.
node_modules/@mui/ico
ns-material/esm/LensB
lur.js (1:0): Module 
level directives 
cause errors when 
bundled, "use 
client" in "node_modu
les/@mui/icons-materi
al/esm/LensBlur.js" 
was ignored.
node_modules/@mui/ico
ns-material/esm/LensB
lurOutlined.js 
(1:0): Module level 
directives cause 
errors when bundled, 
"use client" in "node
_modules/@mui/icons-m
aterial/esm/LensBlurO
utlined.js" was 
ignored.
node_modules/@mui/ico
ns-material/esm/Lens.
js (1:0): Module 
level directives 
cause errors when 
bundled, "use 
client" in "node_modu
les/@mui/icons-materi
al/esm/Lens.js" was 
ignored.
node_modules/@mui/ico
ns-material/esm/LensB
lurRounded.js (1:0): 
Module level 
directives cause 
errors when bundled, 
"use client" in "node
_modules/@mui/icons-m
aterial/esm/LensBlurR
ounded.js" was 
ignored.
node_modules/@mui/ico
ns-material/esm/LensB
lurSharp.js (1:0): 
Module level 
directives cause 
errors when bundled, 
"use client" in "node
_modules/@mui/icons-m
aterial/esm/LensBlurS
harp.js" was ignored.
node_modules/@mui/ico
ns-material/esm/LensB
lurTwoTone.js (1:0): 
Module level 
directives cause 
errors when bundled, 
"use client" in "node
_modules/@mui/icons-m
aterial/esm/LensBlurT
woTone.js" was 
ignored.
node_modules/@mui/ico
ns-material/esm/LensO
utlined.js (1:0): 
Module level 
directives cause 
errors when bundled, 
"use client" in "node
_modules/@mui/icons-m
aterial/esm/LensOutli
ned.js" was ignored.
node_modules/@mui/ico
ns-material/esm/LensS
harp.js (1:0): 
Module level 
directives cause 
errors when bundled, 
"use client" in "node
_modules/@mui/icons-m
aterial/esm/LensSharp
.js" was ignored.
node_modules/@mui/ico
ns-material/esm/LensR
ounded.js (1:0): 
Module level 
directives cause 
errors when bundled, 
"use client" in "node
_modules/@mui/icons-m
aterial/esm/LensRound
ed.js" was ignored.
node_modules/@mui/ico
ns-material/esm/LensT
woTone.js (1:0): 
Module level 
directives cause 
errors when bundled, 
"use client" in "node
_modules/@mui/icons-m
aterial/esm/LensTwoTo
ne.js" was ignored.
node_modules/@mui/ico
ns-material/esm/Libra
ryAddCheckOutlined.js
 (1:0): Module level 
directives cause 
errors when bundled, 
"use client" in "node
_modules/@mui/icons-m
aterial/esm/LibraryAd
dCheckOutlined.js" 
was ignored.
node_modules/@mui/ico
ns-material/esm/Libra
ryAddCheck.js (1:0): 
Module level 
directives cause 
errors when bundled, 
"use client" in "node
_modules/@mui/icons-m
aterial/esm/LibraryAd
dCheck.js" was 
ignored.
node_modules/@mui/ico
ns-material/esm/Libra
ryAddCheckSharp.js 
(1:0): Module level 
directives cause 
errors when bundled, 
"use client" in "node
_modules/@mui/icons-m
aterial/esm/LibraryAd
dCheckSharp.js" was 
ignored.
node_modules/@mui/ico
ns-material/esm/Libra
ryAddCheckRounded.js 
(1:0): Module level 
directives cause 
errors when bundled, 
"use client" in "node
_modules/@mui/icons-m
aterial/esm/LibraryAd
dCheckRounded.js" 
was ignored.
node_modules/@mui/ico
ns-material/esm/Libra
ryAdd.js (1:0): 
Module level 
directives cause 
errors when bundled, 
"use client" in "node
_modules/@mui/icons-m
aterial/esm/LibraryAd
d.js" was ignored.
node_modules/@mui/ico
ns-material/esm/Libra
ryAddOutlined.js 
(1:0): Module level 
directives cause 
errors when bundled, 
"use client" in "node
_modules/@mui/icons-m
aterial/esm/LibraryAd
dOutlined.js" was 
ignored.
node_modules/@mui/ico
ns-material/esm/Libra
ryBooks.js (1:0): 
Module level 
directives cause 
errors when bundled, 
"use client" in "node
_modules/@mui/icons-m
aterial/esm/LibraryBo
oks.js" was ignored.
node_modules/@mui/ico
ns-material/esm/Libra
ryAddCheckTwoTone.js 
(1:0): Module level 
directives cause 
errors when bundled, 
"use client" in "node
_modules/@mui/icons-m
aterial/esm/LibraryAd
dCheckTwoTone.js" 
was ignored.
node_modules/@mui/ico
ns-material/esm/Libra
ryBooksOutlined.js 
(1:0): Module level 
directives cause 
errors when bundled, 
"use client" in "node
_modules/@mui/icons-m
aterial/esm/LibraryBo
oksOutlined.js" was 
ignored.
node_modules/@mui/ico
ns-material/esm/Libra
ryBooksRounded.js 
(1:0): Module level 
directives cause 
errors when bundled, 
"use client" in "node
_modules/@mui/icons-m
aterial/esm/LibraryBo
oksRounded.js" was 
ignored.
node_modules/@mui/ico
ns-material/esm/Libra
ryAddRounded.js 
(1:0): Module level 
directives cause 
errors when bundled, 
"use client" in "node
_modules/@mui/icons-m
aterial/esm/LibraryAd
dRounded.js" was 
ignored.
node_modules/@mui/ico
ns-material/esm/Libra
ryBooksSharp.js 
(1:0): Module level 
directives cause 
errors when bundled, 
"use client" in "node
_modules/@mui/icons-m
aterial/esm/LibraryBo
oksSharp.js" was 
ignored.
node_modules/@mui/ico
ns-material/esm/Libra
ryBooksTwoTone.js 
(1:0): Module level 
directives cause 
errors when bundled, 
"use client" in "node
_modules/@mui/icons-m
aterial/esm/LibraryBo
oksTwoTone.js" was 
ignored.
node_modules/@mui/ico
ns-material/esm/Libra
ryMusicOutlined.js 
(1:0): Module level 
directives cause 
errors when bundled, 
"use client" in "node
_modules/@mui/icons-m
aterial/esm/LibraryMu
sicOutlined.js" was 
ignored.
node_modules/@mui/ico
ns-material/esm/Libra
ryMusicRounded.js 
(1:0): Module level 
directives cause 
errors when bundled, 
"use client" in "node
_modules/@mui/icons-m
aterial/esm/LibraryMu
sicRounded.js" was 
ignored.
node_modules/@mui/ico
ns-material/esm/Libra
ryMusicTwoTone.js 
(1:0): Module level 
directives cause 
errors when bundled, 
"use client" in "node
_modules/@mui/icons-m
aterial/esm/LibraryMu
sicTwoTone.js" was 
ignored.
node_modules/@mui/ico
ns-material/esm/Light
.js (1:0): Module 
level directives 
cause errors when 
bundled, "use 
client" in "node_modu
les/@mui/icons-materi
al/esm/Light.js" was 
ignored.
node_modules/@mui/ico
ns-material/esm/Libra
ryMusicSharp.js 
(1:0): Module level 
directives cause 
errors when bundled, 
"use client" in "node
_modules/@mui/icons-m
aterial/esm/LibraryMu
sicSharp.js" was 
ignored.
node_modules/@mui/ico
ns-material/esm/Light
Mode.js (1:0): 
Module level 
directives cause 
errors when bundled, 
"use client" in "node
_modules/@mui/icons-m
aterial/esm/LightMode
.js" was ignored.
node_modules/@mui/ico
ns-material/esm/Light
ModeOutlined.js 
(1:0): Module level 
directives cause 
errors when bundled, 
"use client" in "node
_modules/@mui/icons-m
aterial/esm/LightMode
Outlined.js" was 
ignored.
node_modules/@mui/ico
ns-material/esm/Light
ModeSharp.js (1:0): 
Module level 
directives cause 
errors when bundled, 
"use client" in "node
_modules/@mui/icons-m
aterial/esm/LightMode
Sharp.js" was 
ignored.
node_modules/@mui/ico
ns-material/esm/Libra
ryMusic.js (1:0): 
Module level 
directives cause 
errors when bundled, 
"use client" in "node
_modules/@mui/icons-m
aterial/esm/LibraryMu
sic.js" was ignored.
node_modules/@mui/ico
ns-material/esm/Light
ModeTwoTone.js 
(1:0): Module level 
directives cause 
errors when bundled, 
"use client" in "node
_modules/@mui/icons-m
aterial/esm/LightMode
TwoTone.js" was 
ignored.
node_modules/@mui/ico
ns-material/esm/Light
ModeRounded.js 
(1:0): Module level 
directives cause 
errors when bundled, 
"use client" in "node
_modules/@mui/icons-m
aterial/esm/LightMode
Rounded.js" was 
ignored.
node_modules/@mui/ico
ns-material/esm/Libra
ryAddTwoTone.js 
(1:0): Module level 
directives cause 
errors when bundled, 
"use client" in "node
_modules/@mui/icons-m
aterial/esm/LibraryAd
dTwoTone.js" was 
ignored.
node_modules/@mui/ico
ns-material/esm/Light
Rounded.js (1:0): 
Module level 
directives cause 
errors when bundled, 
"use client" in "node
_modules/@mui/icons-m
aterial/esm/LightRoun
ded.js" was ignored.
node_modules/@mui/ico
ns-material/esm/Light
Outlined.js (1:0): 
Module level 
directives cause 
errors when bundled, 
"use client" in "node
_modules/@mui/icons-m
aterial/esm/LightOutl
ined.js" was ignored.
node_modules/@mui/ico
ns-material/esm/Light
TwoTone.js (1:0): 
Module level 
directives cause 
errors when bundled, 
"use client" in "node
_modules/@mui/icons-m
aterial/esm/LightTwoT
one.js" was ignored.
node_modules/@mui/ico
ns-material/esm/Light
Sharp.js (1:0): 
Module level 
directives cause 
errors when bundled, 
"use client" in "node
_modules/@mui/icons-m
aterial/esm/LightShar
p.js" was ignored.
node_modules/@mui/ico
ns-material/esm/Libra
ryAddSharp.js (1:0): 
Module level 
directives cause 
errors when bundled, 
"use client" in "node
_modules/@mui/icons-m
aterial/esm/LibraryAd
dSharp.js" was 
ignored.
node_modules/@mui/ico
ns-material/esm/Light
bulbCircleRounded.js 
(1:0): Module level 
directives cause 
errors when bundled, 
"use client" in "node
_modules/@mui/icons-m
aterial/esm/Lightbulb
CircleRounded.js" 
was ignored.
node_modules/@mui/ico
ns-material/esm/Light
bulbCircle.js (1:0): 
Module level 
directives cause 
errors when bundled, 
"use client" in "node
_modules/@mui/icons-m
aterial/esm/Lightbulb
Circle.js" was 
ignored.
node_modules/@mui/ico
ns-material/esm/Light
bulbCircleOutlined.js
 (1:0): Module level 
directives cause 
errors when bundled, 
"use client" in "node
_modules/@mui/icons-m
aterial/esm/Lightbulb
CircleOutlined.js" 
was ignored.
node_modules/@mui/ico
ns-material/esm/Light
bulb.js (1:0): 
Module level 
directives cause 
errors when bundled, 
"use client" in "node
_modules/@mui/icons-m
aterial/esm/Lightbulb
.js" was ignored.
node_modules/@mui/ico
ns-material/esm/Light
bulbSharp.js (1:0): 
Module level 
directives cause 
errors when bundled, 
"use client" in "node
_modules/@mui/icons-m
aterial/esm/Lightbulb
Sharp.js" was 
ignored.
node_modules/@mui/ico
ns-material/esm/Light
bulbCircleSharp.js 
(1:0): Module level 
directives cause 
errors when bundled, 
"use client" in "node
_modules/@mui/icons-m
aterial/esm/Lightbulb
CircleSharp.js" was 
ignored.
node_modules/@mui/ico
ns-material/esm/Light
bulbCircleTwoTone.js 
(1:0): Module level 
directives cause 
errors when bundled, 
"use client" in "node
_modules/@mui/icons-m
aterial/esm/Lightbulb
CircleTwoTone.js" 
was ignored.
node_modules/@mui/ico
ns-material/esm/Light
bulbOutlined.js 
(1:0): Module level 
directives cause 
errors when bundled, 
"use client" in "node
_modules/@mui/icons-m
aterial/esm/Lightbulb
Outlined.js" was 
ignored.
node_modules/@mui/ico
ns-material/esm/LineA
xis.js (1:0): Module 
level directives 
cause errors when 
bundled, "use 
client" in "node_modu
les/@mui/icons-materi
al/esm/LineAxis.js" 
was ignored.
node_modules/@mui/ico
ns-material/esm/Light
bulbTwoTone.js 
(1:0): Module level 
directives cause 
errors when bundled, 
"use client" in "node
_modules/@mui/icons-m
aterial/esm/Lightbulb
TwoTone.js" was 
ignored.
node_modules/@mui/ico
ns-material/esm/Light
bulbRounded.js 
(1:0): Module level 
directives cause 
errors when bundled, 
"use client" in "node
_modules/@mui/icons-m
aterial/esm/Lightbulb
Rounded.js" was 
ignored.
node_modules/@mui/ico
ns-material/esm/LineA
xisRounded.js (1:0): 
Module level 
directives cause 
errors when bundled, 
"use client" in "node
_modules/@mui/icons-m
aterial/esm/LineAxisR
ounded.js" was 
ignored.
node_modules/@mui/ico
ns-material/esm/LineA
xisOutlined.js 
(1:0): Module level 
directives cause 
errors when bundled, 
"use client" in "node
_modules/@mui/icons-m
aterial/esm/LineAxisO
utlined.js" was 
ignored.
node_modules/@mui/ico
ns-material/esm/LineS
tyleOutlined.js 
(1:0): Module level 
directives cause 
errors when bundled, 
"use client" in "node
_modules/@mui/icons-m
aterial/esm/LineStyle
Outlined.js" was 
ignored.
node_modules/@mui/ico
ns-material/esm/LineS
tyle.js (1:0): 
Module level 
directives cause 
errors when bundled, 
"use client" in "node
_modules/@mui/icons-m
aterial/esm/LineStyle
.js" was ignored.
node_modules/@mui/ico
ns-material/esm/LineA
xisSharp.js (1:0): 
Module level 
directives cause 
errors when bundled, 
"use client" in "node
_modules/@mui/icons-m
aterial/esm/LineAxisS
harp.js" was ignored.
node_modules/@mui/ico
ns-material/esm/LineS
tyleRounded.js 
(1:0): Module level 
directives cause 
errors when bundled, 
"use client" in "node
_modules/@mui/icons-m
aterial/esm/LineStyle
Rounded.js" was 
ignored.
node_modules/@mui/ico
ns-material/esm/LineS
tyleSharp.js (1:0): 
Module level 
directives cause 
errors when bundled, 
"use client" in "node
_modules/@mui/icons-m
aterial/esm/LineStyle
Sharp.js" was 
ignored.
node_modules/@mui/ico
ns-material/esm/LineA
xisTwoTone.js (1:0): 
Module level 
directives cause 
errors when bundled, 
"use client" in "node
_modules/@mui/icons-m
aterial/esm/LineAxisT
woTone.js" was 
ignored.
node_modules/@mui/ico
ns-material/esm/LineW
eight.js (1:0): 
Module level 
directives cause 
errors when bundled, 
"use client" in "node
_modules/@mui/icons-m
aterial/esm/LineWeigh
t.js" was ignored.
node_modules/@mui/ico
ns-material/esm/LineW
eightSharp.js (1:0): 
Module level 
directives cause 
errors when bundled, 
"use client" in "node
_modules/@mui/icons-m
aterial/esm/LineWeigh
tSharp.js" was 
ignored.
node_modules/@mui/ico
ns-material/esm/LineS
tyleTwoTone.js 
(1:0): Module level 
directives cause 
errors when bundled, 
"use client" in "node
_modules/@mui/icons-m
aterial/esm/LineStyle
TwoTone.js" was 
ignored.
node_modules/@mui/ico
ns-material/esm/LineW
eightRounded.js 
(1:0): Module level 
directives cause 
errors when bundled, 
"use client" in "node
_modules/@mui/icons-m
aterial/esm/LineWeigh
tRounded.js" was 
ignored.
node_modules/@mui/ico
ns-material/esm/Linea
rScale.js (1:0): 
Module level 
directives cause 
errors when bundled, 
"use client" in "node
_modules/@mui/icons-m
aterial/esm/LinearSca
le.js" was ignored.
node_modules/@mui/ico
ns-material/esm/LineW
eightTwoTone.js 
(1:0): Module level 
directives cause 
errors when bundled, 
"use client" in "node
_modules/@mui/icons-m
aterial/esm/LineWeigh
tTwoTone.js" was 
ignored.
node_modules/@mui/ico
ns-material/esm/LineW
eightOutlined.js 
(1:0): Module level 
directives cause 
errors when bundled, 
"use client" in "node
_modules/@mui/icons-m
aterial/esm/LineWeigh
tOutlined.js" was 
ignored.
node_modules/@mui/ico
ns-material/esm/Linea
rScaleRounded.js 
(1:0): Module level 
directives cause 
errors when bundled, 
"use client" in "node
_modules/@mui/icons-m
aterial/esm/LinearSca
leRounded.js" was 
ignored.
node_modules/@mui/ico
ns-material/esm/Linea
rScaleSharp.js 
(1:0): Module level 
directives cause 
errors when bundled, 
"use client" in "node
_modules/@mui/icons-m
aterial/esm/LinearSca
leSharp.js" was 
ignored.
node_modules/@mui/ico
ns-material/esm/Link.
js (1:0): Module 
level directives 
cause errors when 
bundled, "use 
client" in "node_modu
les/@mui/icons-materi
al/esm/Link.js" was 
ignored.
node_modules/@mui/ico
ns-material/esm/LinkO
ffRounded.js (1:0): 
Module level 
directives cause 
errors when bundled, 
"use client" in "node
_modules/@mui/icons-m
aterial/esm/LinkOffRo
unded.js" was 
ignored.
node_modules/@mui/ico
ns-material/esm/LinkO
ffOutlined.js (1:0): 
Module level 
directives cause 
errors when bundled, 
"use client" in "node
_modules/@mui/icons-m
aterial/esm/LinkOffOu
tlined.js" was 
ignored.
node_modules/@mui/ico
ns-material/esm/LinkO
ffSharp.js (1:0): 
Module level 
directives cause 
errors when bundled, 
"use client" in "node
_modules/@mui/icons-m
aterial/esm/LinkOffSh
arp.js" was ignored.
node_modules/@mui/ico
ns-material/esm/LinkO
ff.js (1:0): Module 
level directives 
cause errors when 
bundled, "use 
client" in "node_modu
les/@mui/icons-materi
al/esm/LinkOff.js" 
was ignored.
node_modules/@mui/ico
ns-material/esm/LinkO
utlined.js (1:0): 
Module level 
directives cause 
errors when bundled, 
"use client" in "node
_modules/@mui/icons-m
aterial/esm/LinkOutli
ned.js" was ignored.
node_modules/@mui/ico
ns-material/esm/Linea
rScaleOutlined.js 
(1:0): Module level 
directives cause 
errors when bundled, 
"use client" in "node
_modules/@mui/icons-m
aterial/esm/LinearSca
leOutlined.js" was 
ignored.
node_modules/@mui/ico
ns-material/esm/LinkT
woTone.js (1:0): 
Module level 
directives cause 
errors when bundled, 
"use client" in "node
_modules/@mui/icons-m
aterial/esm/LinkTwoTo
ne.js" was ignored.
node_modules/@mui/ico
ns-material/esm/Linea
rScaleTwoTone.js 
(1:0): Module level 
directives cause 
errors when bundled, 
"use client" in "node
_modules/@mui/icons-m
aterial/esm/LinearSca
leTwoTone.js" was 
ignored.
node_modules/@mui/ico
ns-material/esm/Linke
dCameraOutlined.js 
(1:0): Module level 
directives cause 
errors when bundled, 
"use client" in "node
_modules/@mui/icons-m
aterial/esm/LinkedCam
eraOutlined.js" was 
ignored.
node_modules/@mui/ico
ns-material/esm/LinkS
harp.js (1:0): 
Module level 
directives cause 
errors when bundled, 
"use client" in "node
_modules/@mui/icons-m
aterial/esm/LinkSharp
.js" was ignored.
node_modules/@mui/ico
ns-material/esm/LinkR
ounded.js (1:0): 
Module level 
directives cause 
errors when bundled, 
"use client" in "node
_modules/@mui/icons-m
aterial/esm/LinkRound
ed.js" was ignored.
node_modules/@mui/ico
ns-material/esm/Linke
dCamera.js (1:0): 
Module level 
directives cause 
errors when bundled, 
"use client" in "node
_modules/@mui/icons-m
aterial/esm/LinkedCam
era.js" was ignored.
node_modules/@mui/ico
ns-material/esm/Linke
dCameraSharp.js 
(1:0): Module level 
directives cause 
errors when bundled, 
"use client" in "node
_modules/@mui/icons-m
aterial/esm/LinkedCam
eraSharp.js" was 
ignored.
node_modules/@mui/ico
ns-material/esm/Linke
dCameraTwoTone.js 
(1:0): Module level 
directives cause 
errors when bundled, 
"use client" in "node
_modules/@mui/icons-m
aterial/esm/LinkedCam
eraTwoTone.js" was 
ignored.
node_modules/@mui/ico
ns-material/esm/Linke
dCameraRounded.js 
(1:0): Module level 
directives cause 
errors when bundled, 
"use client" in "node
_modules/@mui/icons-m
aterial/esm/LinkedCam
eraRounded.js" was 
ignored.
node_modules/@mui/ico
ns-material/esm/LinkO
ffTwoTone.js (1:0): 
Module level 
directives cause 
errors when bundled, 
"use client" in "node
_modules/@mui/icons-m
aterial/esm/LinkOffTw
oTone.js" was 
ignored.
node_modules/@mui/ico
ns-material/esm/Liquo
rOutlined.js (1:0): 
Module level 
directives cause 
errors when bundled, 
"use client" in "node
_modules/@mui/icons-m
aterial/esm/LiquorOut
lined.js" was 
ignored.
node_modules/@mui/ico
ns-material/esm/Liquo
r.js (1:0): Module 
level directives 
cause errors when 
bundled, "use 
client" in "node_modu
les/@mui/icons-materi
al/esm/Liquor.js" 
was ignored.
node_modules/@mui/ico
ns-material/esm/Liquo
rSharp.js (1:0): 
Module level 
directives cause 
errors when bundled, 
"use client" in "node
_modules/@mui/icons-m
aterial/esm/LiquorSha
rp.js" was ignored.
node_modules/@mui/ico
ns-material/esm/Linke
dIn.js (1:0): Module 
level directives 
cause errors when 
bundled, "use 
client" in "node_modu
les/@mui/icons-materi
al/esm/LinkedIn.js" 
was ignored.
node_modules/@mui/ico
ns-material/esm/Liquo
rRounded.js (1:0): 
Module level 
directives cause 
errors when bundled, 
"use client" in "node
_modules/@mui/icons-m
aterial/esm/LiquorRou
nded.js" was ignored.
node_modules/@mui/ico
ns-material/esm/List.
js (1:0): Module 
level directives 
cause errors when 
bundled, "use 
client" in "node_modu
les/@mui/icons-materi
al/esm/List.js" was 
ignored.
node_modules/@mui/ico
ns-material/esm/Liquo
rTwoTone.js (1:0): 
Module level 
directives cause 
errors when bundled, 
"use client" in "node
_modules/@mui/icons-m
aterial/esm/LiquorTwo
Tone.js" was ignored.
node_modules/@mui/ico
ns-material/esm/ListA
ltRounded.js (1:0): 
Module level 
directives cause 
errors when bundled, 
"use client" in "node
_modules/@mui/icons-m
aterial/esm/ListAltRo
unded.js" was 
ignored.
node_modules/@mui/ico
ns-material/esm/ListA
ltOutlined.js (1:0): 
Module level 
directives cause 
errors when bundled, 
"use client" in "node
_modules/@mui/icons-m
aterial/esm/ListAltOu
tlined.js" was 
ignored.
node_modules/@mui/ico
ns-material/esm/ListA
ltTwoTone.js (1:0): 
Module level 
directives cause 
errors when bundled, 
"use client" in "node
_modules/@mui/icons-m
aterial/esm/ListAltTw
oTone.js" was 
ignored.
node_modules/@mui/ico
ns-material/esm/ListS
harp.js (1:0): 
Module level 
directives cause 
errors when bundled, 
"use client" in "node
_modules/@mui/icons-m
aterial/esm/ListSharp
.js" was ignored.
node_modules/@mui/ico
ns-material/esm/ListA
lt.js (1:0): Module 
level directives 
cause errors when 
bundled, "use 
client" in "node_modu
les/@mui/icons-materi
al/esm/ListAlt.js" 
was ignored.
node_modules/@mui/ico
ns-material/esm/ListO
utlined.js (1:0): 
Module level 
directives cause 
errors when bundled, 
"use client" in "node
_modules/@mui/icons-m
aterial/esm/ListOutli
ned.js" was ignored.
node_modules/@mui/ico
ns-material/esm/ListA
ltSharp.js (1:0): 
Module level 
directives cause 
errors when bundled, 
"use client" in "node
_modules/@mui/icons-m
aterial/esm/ListAltSh
arp.js" was ignored.
node_modules/@mui/ico
ns-material/esm/ListR
ounded.js (1:0): 
Module level 
directives cause 
errors when bundled, 
"use client" in "node
_modules/@mui/icons-m
aterial/esm/ListRound
ed.js" was ignored.
node_modules/@mui/ico
ns-material/esm/LiveH
elpOutlined.js 
(1:0): Module level 
directives cause 
errors when bundled, 
"use client" in "node
_modules/@mui/icons-m
aterial/esm/LiveHelpO
utlined.js" was 
ignored.
node_modules/@mui/ico
ns-material/esm/LiveH
elp.js (1:0): Module 
level directives 
cause errors when 
bundled, "use 
client" in "node_modu
les/@mui/icons-materi
al/esm/LiveHelp.js" 
was ignored.
node_modules/@mui/ico
ns-material/esm/LiveH
elpRounded.js (1:0): 
Module level 
directives cause 
errors when bundled, 
"use client" in "node
_modules/@mui/icons-m
aterial/esm/LiveHelpR
ounded.js" was 
ignored.
node_modules/@mui/ico
ns-material/esm/ListT
woTone.js (1:0): 
Module level 
directives cause 
errors when bundled, 
"use client" in "node
_modules/@mui/icons-m
aterial/esm/ListTwoTo
ne.js" was ignored.
node_modules/@mui/ico
ns-material/esm/LiveH
elpSharp.js (1:0): 
Module level 
directives cause 
errors when bundled, 
"use client" in "node
_modules/@mui/icons-m
aterial/esm/LiveHelpS
harp.js" was ignored.
node_modules/@mui/ico
ns-material/esm/LiveH
elpTwoTone.js (1:0): 
Module level 
directives cause 
errors when bundled, 
"use client" in "node
_modules/@mui/icons-m
aterial/esm/LiveHelpT
woTone.js" was 
ignored.
node_modules/@mui/ico
ns-material/esm/LiveT
vOutlined.js (1:0): 
Module level 
directives cause 
errors when bundled, 
"use client" in "node
_modules/@mui/icons-m
aterial/esm/LiveTvOut
lined.js" was 
ignored.
node_modules/@mui/ico
ns-material/esm/LiveT
v.js (1:0): Module 
level directives 
cause errors when 
bundled, "use 
client" in "node_modu
les/@mui/icons-materi
al/esm/LiveTv.js" 
was ignored.
node_modules/@mui/ico
ns-material/esm/Livin
gOutlined.js (1:0): 
Module level 
directives cause 
errors when bundled, 
"use client" in "node
_modules/@mui/icons-m
aterial/esm/LivingOut
lined.js" was 
ignored.
node_modules/@mui/ico
ns-material/esm/LiveT
vTwoTone.js (1:0): 
Module level 
directives cause 
errors when bundled, 
"use client" in "node
_modules/@mui/icons-m
aterial/esm/LiveTvTwo
Tone.js" was ignored.
node_modules/@mui/ico
ns-material/esm/Livin
g.js (1:0): Module 
level directives 
cause errors when 
bundled, "use 
client" in "node_modu
les/@mui/icons-materi
al/esm/Living.js" 
was ignored.
node_modules/@mui/ico
ns-material/esm/LiveT
vSharp.js (1:0): 
Module level 
directives cause 
errors when bundled, 
"use client" in "node
_modules/@mui/icons-m
aterial/esm/LiveTvSha
rp.js" was ignored.
node_modules/@mui/ico
ns-material/esm/Livin
gRounded.js (1:0): 
Module level 
directives cause 
errors when bundled, 
"use client" in "node
_modules/@mui/icons-m
aterial/esm/LivingRou
nded.js" was ignored.
node_modules/@mui/ico
ns-material/esm/LiveT
vRounded.js (1:0): 
Module level 
directives cause 
errors when bundled, 
"use client" in "node
_modules/@mui/icons-m
aterial/esm/LiveTvRou
nded.js" was ignored.
node_modules/@mui/ico
ns-material/esm/Livin
gSharp.js (1:0): 
Module level 
directives cause 
errors when bundled, 
"use client" in "node
_modules/@mui/icons-m
aterial/esm/LivingSha
rp.js" was ignored.
node_modules/@mui/ico
ns-material/esm/Livin
gTwoTone.js (1:0): 
Module level 
directives cause 
errors when bundled, 
"use client" in "node
_modules/@mui/icons-m
aterial/esm/LivingTwo
Tone.js" was ignored.
node_modules/@mui/ico
ns-material/esm/Local
ActivityRounded.js 
(1:0): Module level 
directives cause 
errors when bundled, 
"use client" in "node
_modules/@mui/icons-m
aterial/esm/LocalActi
vityRounded.js" was 
ignored.
node_modules/@mui/ico
ns-material/esm/Local
ActivityOutlined.js 
(1:0): Module level 
directives cause 
errors when bundled, 
"use client" in "node
_modules/@mui/icons-m
aterial/esm/LocalActi
vityOutlined.js" was 
ignored.
node_modules/@mui/ico
ns-material/esm/Local
Activity.js (1:0): 
Module level 
directives cause 
errors when bundled, 
"use client" in "node
_modules/@mui/icons-m
aterial/esm/LocalActi
vity.js" was ignored.
node_modules/@mui/ico
ns-material/esm/Local
ActivitySharp.js 
(1:0): Module level 
directives cause 
errors when bundled, 
"use client" in "node
_modules/@mui/icons-m
aterial/esm/LocalActi
vitySharp.js" was 
ignored.
node_modules/@mui/ico
ns-material/esm/Local
AirportOutlined.js 
(1:0): Module level 
directives cause 
errors when bundled, 
"use client" in "node
_modules/@mui/icons-m
aterial/esm/LocalAirp
ortOutlined.js" was 
ignored.
node_modules/@mui/ico
ns-material/esm/Local
Airport.js (1:0): 
Module level 
directives cause 
errors when bundled, 
"use client" in "node
_modules/@mui/icons-m
aterial/esm/LocalAirp
ort.js" was ignored.
node_modules/@mui/ico
ns-material/esm/Local
AirportTwoTone.js 
(1:0): Module level 
directives cause 
errors when bundled, 
"use client" in "node
_modules/@mui/icons-m
aterial/esm/LocalAirp
ortTwoTone.js" was 
ignored.
node_modules/@mui/ico
ns-material/esm/Local
ActivityTwoTone.js 
(1:0): Module level 
directives cause 
errors when bundled, 
"use client" in "node
_modules/@mui/icons-m
aterial/esm/LocalActi
vityTwoTone.js" was 
ignored.
node_modules/@mui/ico
ns-material/esm/Local
AirportRounded.js 
(1:0): Module level 
directives cause 
errors when bundled, 
"use client" in "node
_modules/@mui/icons-m
aterial/esm/LocalAirp
ortRounded.js" was 
ignored.
node_modules/@mui/ico
ns-material/esm/Local
AtmRounded.js (1:0): 
Module level 
directives cause 
errors when bundled, 
"use client" in "node
_modules/@mui/icons-m
aterial/esm/LocalAtmR
ounded.js" was 
ignored.
node_modules/@mui/ico
ns-material/esm/Local
Atm.js (1:0): Module 
level directives 
cause errors when 
bundled, "use 
client" in "node_modu
les/@mui/icons-materi
al/esm/LocalAtm.js" 
was ignored.
node_modules/@mui/ico
ns-material/esm/Local
AirportSharp.js 
(1:0): Module level 
directives cause 
errors when bundled, 
"use client" in "node
_modules/@mui/icons-m
aterial/esm/LocalAirp
ortSharp.js" was 
ignored.
node_modules/@mui/ico
ns-material/esm/Local
AtmOutlined.js 
(1:0): Module level 
directives cause 
errors when bundled, 
"use client" in "node
_modules/@mui/icons-m
aterial/esm/LocalAtmO
utlined.js" was 
ignored.
node_modules/@mui/ico
ns-material/esm/Local
AtmSharp.js (1:0): 
Module level 
directives cause 
errors when bundled, 
"use client" in "node
_modules/@mui/icons-m
aterial/esm/LocalAtmS
harp.js" was ignored.
node_modules/@mui/ico
ns-material/esm/Local
AtmTwoTone.js (1:0): 
Module level 
directives cause 
errors when bundled, 
"use client" in "node
_modules/@mui/icons-m
aterial/esm/LocalAtmT
woTone.js" was 
ignored.
node_modules/@mui/ico
ns-material/esm/Local
BarOutlined.js 
(1:0): Module level 
directives cause 
errors when bundled, 
"use client" in "node
_modules/@mui/icons-m
aterial/esm/LocalBarO
utlined.js" was 
ignored.
node_modules/@mui/ico
ns-material/esm/Local
BarRounded.js (1:0): 
Module level 
directives cause 
errors when bundled, 
"use client" in "node
_modules/@mui/icons-m
aterial/esm/LocalBarR
ounded.js" was 
ignored.
node_modules/@mui/ico
ns-material/esm/Local
Cafe.js (1:0): 
Module level 
directives cause 
errors when bundled, 
"use client" in "node
_modules/@mui/icons-m
aterial/esm/LocalCafe
.js" was ignored.
node_modules/@mui/ico
ns-material/esm/Local
BarTwoTone.js (1:0): 
Module level 
directives cause 
errors when bundled, 
"use client" in "node
_modules/@mui/icons-m
aterial/esm/LocalBarT
woTone.js" was 
ignored.
node_modules/@mui/ico
ns-material/esm/Local
BarSharp.js (1:0): 
Module level 
directives cause 
errors when bundled, 
"use client" in "node
_modules/@mui/icons-m
aterial/esm/LocalBarS
harp.js" was ignored.
node_modules/@mui/ico
ns-material/esm/Local
Bar.js (1:0): Module 
level directives 
cause errors when 
bundled, "use 
client" in "node_modu
les/@mui/icons-materi
al/esm/LocalBar.js" 
was ignored.
node_modules/@mui/ico
ns-material/esm/Local
CafeRounded.js 
(1:0): Module level 
directives cause 
errors when bundled, 
"use client" in "node
_modules/@mui/icons-m
aterial/esm/LocalCafe
Rounded.js" was 
ignored.
node_modules/@mui/ico
ns-material/esm/Local
CafeOutlined.js 
(1:0): Module level 
directives cause 
errors when bundled, 
"use client" in "node
_modules/@mui/icons-m
aterial/esm/LocalCafe
Outlined.js" was 
ignored.
node_modules/@mui/ico
ns-material/esm/Local
CafeSharp.js (1:0): 
Module level 
directives cause 
errors when bundled, 
"use client" in "node
_modules/@mui/icons-m
aterial/esm/LocalCafe
Sharp.js" was 
ignored.
node_modules/@mui/ico
ns-material/esm/Local
CafeTwoTone.js 
(1:0): Module level 
directives cause 
errors when bundled, 
"use client" in "node
_modules/@mui/icons-m
aterial/esm/LocalCafe
TwoTone.js" was 
ignored.
node_modules/@mui/ico
ns-material/esm/Local
CarWashSharp.js 
(1:0): Module level 
directives cause 
errors when bundled, 
"use client" in "node
_modules/@mui/icons-m
aterial/esm/LocalCarW
ashSharp.js" was 
ignored.
node_modules/@mui/ico
ns-material/esm/Local
CarWash.js (1:0): 
Module level 
directives cause 
errors when bundled, 
"use client" in "node
_modules/@mui/icons-m
aterial/esm/LocalCarW
ash.js" was ignored.
node_modules/@mui/ico
ns-material/esm/Local
CarWashTwoTone.js 
(1:0): Module level 
directives cause 
errors when bundled, 
"use client" in "node
_modules/@mui/icons-m
aterial/esm/LocalCarW
ashTwoTone.js" was 
ignored.
node_modules/@mui/ico
ns-material/esm/Local
CarWashRounded.js 
(1:0): Module level 
directives cause 
errors when bundled, 
"use client" in "node
_modules/@mui/icons-m
aterial/esm/LocalCarW
ashRounded.js" was 
ignored.
node_modules/@mui/ico
ns-material/esm/Local
ConvenienceStore.js 
(1:0): Module level 
directives cause 
errors when bundled, 
"use client" in "node
_modules/@mui/icons-m
aterial/esm/LocalConv
enienceStore.js" was 
ignored.
node_modules/@mui/ico
ns-material/esm/Local
CarWashOutlined.js 
(1:0): Module level 
directives cause 
errors when bundled, 
"use client" in "node
_modules/@mui/icons-m
aterial/esm/LocalCarW
ashOutlined.js" was 
ignored.
node_modules/@mui/ico
ns-material/esm/Local
ConvenienceStoreOutli
ned.js (1:0): Module 
level directives 
cause errors when 
bundled, "use 
client" in "node_modu
les/@mui/icons-materi
al/esm/LocalConvenien
ceStoreOutlined.js" 
was ignored.
node_modules/@mui/ico
ns-material/esm/Local
ConvenienceStoreSharp
.js (1:0): Module 
level directives 
cause errors when 
bundled, "use 
client" in "node_modu
les/@mui/icons-materi
al/esm/LocalConvenien
ceStoreSharp.js" was 
ignored.
node_modules/@mui/ico
ns-material/esm/Local
ConvenienceStoreTwoTo
ne.js (1:0): Module 
level directives 
cause errors when 
bundled, "use 
client" in "node_modu
les/@mui/icons-materi
al/esm/LocalConvenien
ceStoreTwoTone.js" 
was ignored.
node_modules/@mui/ico
ns-material/esm/Local
Dining.js (1:0): 
Module level 
directives cause 
errors when bundled, 
"use client" in "node
_modules/@mui/icons-m
aterial/esm/LocalDini
ng.js" was ignored.
node_modules/@mui/ico
ns-material/esm/Local
ConvenienceStoreRound
ed.js (1:0): Module 
level directives 
cause errors when 
bundled, "use 
client" in "node_modu
les/@mui/icons-materi
al/esm/LocalConvenien
ceStoreRounded.js" 
was ignored.
node_modules/@mui/ico
ns-material/esm/Local
DiningOutlined.js 
(1:0): Module level 
directives cause 
errors when bundled, 
"use client" in "node
_modules/@mui/icons-m
aterial/esm/LocalDini
ngOutlined.js" was 
ignored.
node_modules/@mui/ico
ns-material/esm/Local
DiningRounded.js 
(1:0): Module level 
directives cause 
errors when bundled, 
"use client" in "node
_modules/@mui/icons-m
aterial/esm/LocalDini
ngRounded.js" was 
ignored.
node_modules/@mui/ico
ns-material/esm/Local
DiningSharp.js 
(1:0): Module level 
directives cause 
errors when bundled, 
"use client" in "node
_modules/@mui/icons-m
aterial/esm/LocalDini
ngSharp.js" was 
ignored.
node_modules/@mui/ico
ns-material/esm/Local
Drink.js (1:0): 
Module level 
directives cause 
errors when bundled, 
"use client" in "node
_modules/@mui/icons-m
aterial/esm/LocalDrin
k.js" was ignored.
node_modules/@mui/ico
ns-material/esm/Local
DiningTwoTone.js 
(1:0): Module level 
directives cause 
errors when bundled, 
"use client" in "node
_modules/@mui/icons-m
aterial/esm/LocalDini
ngTwoTone.js" was 
ignored.
node_modules/@mui/ico
ns-material/esm/Local
DrinkOutlined.js 
(1:0): Module level 
directives cause 
errors when bundled, 
"use client" in "node
_modules/@mui/icons-m
aterial/esm/LocalDrin
kOutlined.js" was 
ignored.
node_modules/@mui/ico
ns-material/esm/Local
DrinkSharp.js (1:0): 
Module level 
directives cause 
errors when bundled, 
"use client" in "node
_modules/@mui/icons-m
aterial/esm/LocalDrin
kSharp.js" was 
ignored.
node_modules/@mui/ico
ns-material/esm/Local
FireDepartment.js 
(1:0): Module level 
directives cause 
errors when bundled, 
"use client" in "node
_modules/@mui/icons-m
aterial/esm/LocalFire
Department.js" was 
ignored.
node_modules/@mui/ico
ns-material/esm/Local
DrinkRounded.js 
(1:0): Module level 
directives cause 
errors when bundled, 
"use client" in "node
_modules/@mui/icons-m
aterial/esm/LocalDrin
kRounded.js" was 
ignored.
node_modules/@mui/ico
ns-material/esm/Local
FireDepartmentOutline
d.js (1:0): Module 
level directives 
cause errors when 
bundled, "use 
client" in "node_modu
les/@mui/icons-materi
al/esm/LocalFireDepar
tmentOutlined.js" 
was ignored.
node_modules/@mui/ico
ns-material/esm/Local
DrinkTwoTone.js 
(1:0): Module level 
directives cause 
errors when bundled, 
"use client" in "node
_modules/@mui/icons-m
aterial/esm/LocalDrin
kTwoTone.js" was 
ignored.
node_modules/@mui/ico
ns-material/esm/Local
FireDepartmentSharp.j
s (1:0): Module 
level directives 
cause errors when 
bundled, "use 
client" in "node_modu
les/@mui/icons-materi
al/esm/LocalFireDepar
tmentSharp.js" was 
ignored.
node_modules/@mui/ico
ns-material/esm/Local
FireDepartmentRounded
.js (1:0): Module 
level directives 
cause errors when 
bundled, "use 
client" in "node_modu
les/@mui/icons-materi
al/esm/LocalFireDepar
tmentRounded.js" was 
ignored.
node_modules/@mui/ico
ns-material/esm/Local
FireDepartmentTwoTone
.js (1:0): Module 
level directives 
cause errors when 
bundled, "use 
client" in "node_modu
les/@mui/icons-materi
al/esm/LocalFireDepar
tmentTwoTone.js" was 
ignored.
node_modules/@mui/ico
ns-material/esm/Local
FloristOutlined.js 
(1:0): Module level 
directives cause 
errors when bundled, 
"use client" in "node
_modules/@mui/icons-m
aterial/esm/LocalFlor
istOutlined.js" was 
ignored.
node_modules/@mui/ico
ns-material/esm/Local
FloristRounded.js 
(1:0): Module level 
directives cause 
errors when bundled, 
"use client" in "node
_modules/@mui/icons-m
aterial/esm/LocalFlor
istRounded.js" was 
ignored.
node_modules/@mui/ico
ns-material/esm/Local
FloristTwoTone.js 
(1:0): Module level 
directives cause 
errors when bundled, 
"use client" in "node
_modules/@mui/icons-m
aterial/esm/LocalFlor
istTwoTone.js" was 
ignored.
node_modules/@mui/ico
ns-material/esm/Local
Florist.js (1:0): 
Module level 
directives cause 
errors when bundled, 
"use client" in "node
_modules/@mui/icons-m
aterial/esm/LocalFlor
ist.js" was ignored.
node_modules/@mui/ico
ns-material/esm/Local
GasStation.js (1:0): 
Module level 
directives cause 
errors when bundled, 
"use client" in "node
_modules/@mui/icons-m
aterial/esm/LocalGasS
tation.js" was 
ignored.
node_modules/@mui/ico
ns-material/esm/Local
FloristSharp.js 
(1:0): Module level 
directives cause 
errors when bundled, 
"use client" in "node
_modules/@mui/icons-m
aterial/esm/LocalFlor
istSharp.js" was 
ignored.
node_modules/@mui/ico
ns-material/esm/Local
GasStationOutlined.js
 (1:0): Module level 
directives cause 
errors when bundled, 
"use client" in "node
_modules/@mui/icons-m
aterial/esm/LocalGasS
tationOutlined.js" 
was ignored.
node_modules/@mui/ico
ns-material/esm/Local
GasStationSharp.js 
(1:0): Module level 
directives cause 
errors when bundled, 
"use client" in "node
_modules/@mui/icons-m
aterial/esm/LocalGasS
tationSharp.js" was 
ignored.
node_modules/@mui/ico
ns-material/esm/Local
GasStationRounded.js 
(1:0): Module level 
directives cause 
errors when bundled, 
"use client" in "node
_modules/@mui/icons-m
aterial/esm/LocalGasS
tationRounded.js" 
was ignored.
node_modules/@mui/ico
ns-material/esm/Local
GroceryStore.js 
(1:0): Module level 
directives cause 
errors when bundled, 
"use client" in "node
_modules/@mui/icons-m
aterial/esm/LocalGroc
eryStore.js" was 
ignored.
node_modules/@mui/ico
ns-material/esm/Local
GasStationTwoTone.js 
(1:0): Module level 
directives cause 
errors when bundled, 
"use client" in "node
_modules/@mui/icons-m
aterial/esm/LocalGasS
tationTwoTone.js" 
was ignored.
node_modules/@mui/ico
ns-material/esm/Local
GroceryStoreSharp.js 
(1:0): Module level 
directives cause 
errors when bundled, 
"use client" in "node
_modules/@mui/icons-m
aterial/esm/LocalGroc
eryStoreSharp.js" 
was ignored.
node_modules/@mui/ico
ns-material/esm/Local
GroceryStoreRounded.j
s (1:0): Module 
level directives 
cause errors when 
bundled, "use 
client" in "node_modu
les/@mui/icons-materi
al/esm/LocalGrocerySt
oreRounded.js" was 
ignored.
node_modules/@mui/ico
ns-material/esm/Local
GroceryStoreOutlined.
js (1:0): Module 
level directives 
cause errors when 
bundled, "use 
client" in "node_modu
les/@mui/icons-materi
al/esm/LocalGrocerySt
oreOutlined.js" was 
ignored.
node_modules/@mui/ico
ns-material/esm/Local
HospitalRounded.js 
(1:0): Module level 
directives cause 
errors when bundled, 
"use client" in "node
_modules/@mui/icons-m
aterial/esm/LocalHosp
italRounded.js" was 
ignored.
node_modules/@mui/ico
ns-material/esm/Local
GroceryStoreTwoTone.j
s (1:0): Module 
level directives 
cause errors when 
bundled, "use 
client" in "node_modu
les/@mui/icons-materi
al/esm/LocalGrocerySt
oreTwoTone.js" was 
ignored.
node_modules/@mui/ico
ns-material/esm/Local
Hospital.js (1:0): 
Module level 
directives cause 
errors when bundled, 
"use client" in "node
_modules/@mui/icons-m
aterial/esm/LocalHosp
ital.js" was ignored.
node_modules/@mui/ico
ns-material/esm/Local
HospitalTwoTone.js 
(1:0): Module level 
directives cause 
errors when bundled, 
"use client" in "node
_modules/@mui/icons-m
aterial/esm/LocalHosp
italTwoTone.js" was 
ignored.
node_modules/@mui/ico
ns-material/esm/Local
HospitalOutlined.js 
(1:0): Module level 
directives cause 
errors when bundled, 
"use client" in "node
_modules/@mui/icons-m
aterial/esm/LocalHosp
italOutlined.js" was 
ignored.
node_modules/@mui/ico
ns-material/esm/Local
HospitalSharp.js 
(1:0): Module level 
directives cause 
errors when bundled, 
"use client" in "node
_modules/@mui/icons-m
aterial/esm/LocalHosp
italSharp.js" was 
ignored.
node_modules/@mui/ico
ns-material/esm/Local
HotelRounded.js 
(1:0): Module level 
directives cause 
errors when bundled, 
"use client" in "node
_modules/@mui/icons-m
aterial/esm/LocalHote
lRounded.js" was 
ignored.
node_modules/@mui/ico
ns-material/esm/Local
Hotel.js (1:0): 
Module level 
directives cause 
errors when bundled, 
"use client" in "node
_modules/@mui/icons-m
aterial/esm/LocalHote
l.js" was ignored.
node_modules/@mui/ico
ns-material/esm/Local
HotelSharp.js (1:0): 
Module level 
directives cause 
errors when bundled, 
"use client" in "node
_modules/@mui/icons-m
aterial/esm/LocalHote
lSharp.js" was 
ignored.
node_modules/@mui/ico
ns-material/esm/Local
HotelOutlined.js 
(1:0): Module level 
directives cause 
errors when bundled, 
"use client" in "node
_modules/@mui/icons-m
aterial/esm/LocalHote
lOutlined.js" was 
ignored.
node_modules/@mui/ico
ns-material/esm/Local
HotelTwoTone.js 
(1:0): Module level 
directives cause 
errors when bundled, 
"use client" in "node
_modules/@mui/icons-m
aterial/esm/LocalHote
lTwoTone.js" was 
ignored.
node_modules/@mui/ico
ns-material/esm/Local
LaundryService.js 
(1:0): Module level 
directives cause 
errors when bundled, 
"use client" in "node
_modules/@mui/icons-m
aterial/esm/LocalLaun
dryService.js" was 
ignored.
node_modules/@mui/ico
ns-material/esm/Local
LaundryServiceOutline
d.js (1:0): Module 
level directives 
cause errors when 
bundled, "use 
client" in "node_modu
les/@mui/icons-materi
al/esm/LocalLaundrySe
rviceOutlined.js" 
was ignored.
node_modules/@mui/ico
ns-material/esm/Local
LaundryServiceTwoTone
.js (1:0): Module 
level directives 
cause errors when 
bundled, "use 
client" in "node_modu
les/@mui/icons-materi
al/esm/LocalLaundrySe
rviceTwoTone.js" was 
ignored.
node_modules/@mui/ico
ns-material/esm/Local
LaundryServiceSharp.j
s (1:0): Module 
level directives 
cause errors when 
bundled, "use 
client" in "node_modu
les/@mui/icons-materi
al/esm/LocalLaundrySe
rviceSharp.js" was 
ignored.
node_modules/@mui/ico
ns-material/esm/Local
LaundryServiceRounded
.js (1:0): Module 
level directives 
cause errors when 
bundled, "use 
client" in "node_modu
les/@mui/icons-materi
al/esm/LocalLaundrySe
rviceRounded.js" was 
ignored.
node_modules/@mui/ico
ns-material/esm/Local
LibraryOutlined.js 
(1:0): Module level 
directives cause 
errors when bundled, 
"use client" in "node
_modules/@mui/icons-m
aterial/esm/LocalLibr
aryOutlined.js" was 
ignored.
node_modules/@mui/ico
ns-material/esm/Local
LibraryRounded.js 
(1:0): Module level 
directives cause 
errors when bundled, 
"use client" in "node
_modules/@mui/icons-m
aterial/esm/LocalLibr
aryRounded.js" was 
ignored.
node_modules/@mui/ico
ns-material/esm/Local
Library.js (1:0): 
Module level 
directives cause 
errors when bundled, 
"use client" in "node
_modules/@mui/icons-m
aterial/esm/LocalLibr
ary.js" was ignored.
node_modules/@mui/ico
ns-material/esm/Local
LibrarySharp.js 
(1:0): Module level 
directives cause 
errors when bundled, 
"use client" in "node
_modules/@mui/icons-m
aterial/esm/LocalLibr
arySharp.js" was 
ignored.
node_modules/@mui/ico
ns-material/esm/Local
LibraryTwoTone.js 
(1:0): Module level 
directives cause 
errors when bundled, 
"use client" in "node
_modules/@mui/icons-m
aterial/esm/LocalLibr
aryTwoTone.js" was 
ignored.
node_modules/@mui/ico
ns-material/esm/Local
MallOutlined.js 
(1:0): Module level 
directives cause 
errors when bundled, 
"use client" in "node
_modules/@mui/icons-m
aterial/esm/LocalMall
Outlined.js" was 
ignored.
node_modules/@mui/ico
ns-material/esm/Local
Mall.js (1:0): 
Module level 
directives cause 
errors when bundled, 
"use client" in "node
_modules/@mui/icons-m
aterial/esm/LocalMall
.js" was ignored.
node_modules/@mui/ico
ns-material/esm/Local
MallRounded.js 
(1:0): Module level 
directives cause 
errors when bundled, 
"use client" in "node
_modules/@mui/icons-m
aterial/esm/LocalMall
Rounded.js" was 
ignored.
node_modules/@mui/ico
ns-material/esm/Local
MallSharp.js (1:0): 
Module level 
directives cause 
errors when bundled, 
"use client" in "node
_modules/@mui/icons-m
aterial/esm/LocalMall
Sharp.js" was 
ignored.
node_modules/@mui/ico
ns-material/esm/Local
MallTwoTone.js 
(1:0): Module level 
directives cause 
errors when bundled, 
"use client" in "node
_modules/@mui/icons-m
aterial/esm/LocalMall
TwoTone.js" was 
ignored.
node_modules/@mui/ico
ns-material/esm/Local
MoviesOutlined.js 
(1:0): Module level 
directives cause 
errors when bundled, 
"use client" in "node
_modules/@mui/icons-m
aterial/esm/LocalMovi
esOutlined.js" was 
ignored.
node_modules/@mui/ico
ns-material/esm/Local
Movies.js (1:0): 
Module level 
directives cause 
errors when bundled, 
"use client" in "node
_modules/@mui/icons-m
aterial/esm/LocalMovi
es.js" was ignored.
node_modules/@mui/ico
ns-material/esm/Local
MoviesRounded.js 
(1:0): Module level 
directives cause 
errors when bundled, 
"use client" in "node
_modules/@mui/icons-m
aterial/esm/LocalMovi
esRounded.js" was 
ignored.
node_modules/@mui/ico
ns-material/esm/Local
MoviesSharp.js 
(1:0): Module level 
directives cause 
errors when bundled, 
"use client" in "node
_modules/@mui/icons-m
aterial/esm/LocalMovi
esSharp.js" was 
ignored.
node_modules/@mui/ico
ns-material/esm/Local
MoviesTwoTone.js 
(1:0): Module level 
directives cause 
errors when bundled, 
"use client" in "node
_modules/@mui/icons-m
aterial/esm/LocalMovi
esTwoTone.js" was 
ignored.
node_modules/@mui/ico
ns-material/esm/Local
OfferOutlined.js 
(1:0): Module level 
directives cause 
errors when bundled, 
"use client" in "node
_modules/@mui/icons-m
aterial/esm/LocalOffe
rOutlined.js" was 
ignored.
node_modules/@mui/ico
ns-material/esm/Local
OfferRounded.js 
(1:0): Module level 
directives cause 
errors when bundled, 
"use client" in "node
_modules/@mui/icons-m
aterial/esm/LocalOffe
rRounded.js" was 
ignored.
node_modules/@mui/ico
ns-material/esm/Local
OfferTwoTone.js 
(1:0): Module level 
directives cause 
errors when bundled, 
"use client" in "node
_modules/@mui/icons-m
aterial/esm/LocalOffe
rTwoTone.js" was 
ignored.
node_modules/@mui/ico
ns-material/esm/Local
Offer.js (1:0): 
Module level 
directives cause 
errors when bundled, 
"use client" in "node
_modules/@mui/icons-m
aterial/esm/LocalOffe
r.js" was ignored.
node_modules/@mui/ico
ns-material/esm/Local
Parking.js (1:0): 
Module level 
directives cause 
errors when bundled, 
"use client" in "node
_modules/@mui/icons-m
aterial/esm/LocalPark
ing.js" was ignored.
node_modules/@mui/ico
ns-material/esm/Local
OfferSharp.js (1:0): 
Module level 
directives cause 
errors when bundled, 
"use client" in "node
_modules/@mui/icons-m
aterial/esm/LocalOffe
rSharp.js" was 
ignored.
node_modules/@mui/ico
ns-material/esm/Local
ParkingRounded.js 
(1:0): Module level 
directives cause 
errors when bundled, 
"use client" in "node
_modules/@mui/icons-m
aterial/esm/LocalPark
ingRounded.js" was 
ignored.
node_modules/@mui/ico
ns-material/esm/Local
ParkingOutlined.js 
(1:0): Module level 
directives cause 
errors when bundled, 
"use client" in "node
_modules/@mui/icons-m
aterial/esm/LocalPark
ingOutlined.js" was 
ignored.
node_modules/@mui/ico
ns-material/esm/Local
ParkingTwoTone.js 
(1:0): Module level 
directives cause 
errors when bundled, 
"use client" in "node
_modules/@mui/icons-m
aterial/esm/LocalPark
ingTwoTone.js" was 
ignored.
node_modules/@mui/ico
ns-material/esm/Local
Pharmacy.js (1:0): 
Module level 
directives cause 
errors when bundled, 
"use client" in "node
_modules/@mui/icons-m
aterial/esm/LocalPhar
macy.js" was ignored.
node_modules/@mui/ico
ns-material/esm/Local
PharmacyOutlined.js 
(1:0): Module level 
directives cause 
errors when bundled, 
"use client" in "node
_modules/@mui/icons-m
aterial/esm/LocalPhar
macyOutlined.js" was 
ignored.
node_modules/@mui/ico
ns-material/esm/Local
PharmacySharp.js 
(1:0): Module level 
directives cause 
errors when bundled, 
"use client" in "node
_modules/@mui/icons-m
aterial/esm/LocalPhar
macySharp.js" was 
ignored.
node_modules/@mui/ico
ns-material/esm/Local
PharmacyTwoTone.js 
(1:0): Module level 
directives cause 
errors when bundled, 
"use client" in "node
_modules/@mui/icons-m
aterial/esm/LocalPhar
macyTwoTone.js" was 
ignored.
node_modules/@mui/ico
ns-material/esm/Local
PhoneOutlined.js 
(1:0): Module level 
directives cause 
errors when bundled, 
"use client" in "node
_modules/@mui/icons-m
aterial/esm/LocalPhon
eOutlined.js" was 
ignored.
node_modules/@mui/ico
ns-material/esm/Local
PharmacyRounded.js 
(1:0): Module level 
directives cause 
errors when bundled, 
"use client" in "node
_modules/@mui/icons-m
aterial/esm/LocalPhar
macyRounded.js" was 
ignored.
node_modules/@mui/ico
ns-material/esm/Local
ParkingSharp.js 
(1:0): Module level 
directives cause 
errors when bundled, 
"use client" in "node
_modules/@mui/icons-m
aterial/esm/LocalPark
ingSharp.js" was 
ignored.
node_modules/@mui/ico
ns-material/esm/Local
PhoneSharp.js (1:0): 
Module level 
directives cause 
errors when bundled, 
"use client" in "node
_modules/@mui/icons-m
aterial/esm/LocalPhon
eSharp.js" was 
ignored.
node_modules/@mui/ico
ns-material/esm/Local
Phone.js (1:0): 
Module level 
directives cause 
errors when bundled, 
"use client" in "node
_modules/@mui/icons-m
aterial/esm/LocalPhon
e.js" was ignored.
node_modules/@mui/ico
ns-material/esm/Local
PhoneTwoTone.js 
(1:0): Module level 
directives cause 
errors when bundled, 
"use client" in "node
_modules/@mui/icons-m
aterial/esm/LocalPhon
eTwoTone.js" was 
ignored.
node_modules/@mui/ico
ns-material/esm/Local
Pizza.js (1:0): 
Module level 
directives cause 
errors when bundled, 
"use client" in "node
_modules/@mui/icons-m
aterial/esm/LocalPizz
a.js" was ignored.
node_modules/@mui/ico
ns-material/esm/Local
PizzaOutlined.js 
(1:0): Module level 
directives cause 
errors when bundled, 
"use client" in "node
_modules/@mui/icons-m
aterial/esm/LocalPizz
aOutlined.js" was 
ignored.
node_modules/@mui/ico
ns-material/esm/Local
PhoneRounded.js 
(1:0): Module level 
directives cause 
errors when bundled, 
"use client" in "node
_modules/@mui/icons-m
aterial/esm/LocalPhon
eRounded.js" was 
ignored.
node_modules/@mui/ico
ns-material/esm/Local
PizzaSharp.js (1:0): 
Module level 
directives cause 
errors when bundled, 
"use client" in "node
_modules/@mui/icons-m
aterial/esm/LocalPizz
aSharp.js" was 
ignored.
node_modules/@mui/ico
ns-material/esm/Local
PizzaRounded.js 
(1:0): Module level 
directives cause 
errors when bundled, 
"use client" in "node
_modules/@mui/icons-m
aterial/esm/LocalPizz
aRounded.js" was 
ignored.
node_modules/@mui/ico
ns-material/esm/Local
PlayOutlined.js 
(1:0): Module level 
directives cause 
errors when bundled, 
"use client" in "node
_modules/@mui/icons-m
aterial/esm/LocalPlay
Outlined.js" was 
ignored.
node_modules/@mui/ico
ns-material/esm/Local
PizzaTwoTone.js 
(1:0): Module level 
directives cause 
errors when bundled, 
"use client" in "node
_modules/@mui/icons-m
aterial/esm/LocalPizz
aTwoTone.js" was 
ignored.
node_modules/@mui/ico
ns-material/esm/Local
PlayRounded.js 
(1:0): Module level 
directives cause 
errors when bundled, 
"use client" in "node
_modules/@mui/icons-m
aterial/esm/LocalPlay
Rounded.js" was 
ignored.
node_modules/@mui/ico
ns-material/esm/Local
Play.js (1:0): 
Module level 
directives cause 
errors when bundled, 
"use client" in "node
_modules/@mui/icons-m
aterial/esm/LocalPlay
.js" was ignored.
node_modules/@mui/ico
ns-material/esm/Local
PlayTwoTone.js 
(1:0): Module level 
directives cause 
errors when bundled, 
"use client" in "node
_modules/@mui/icons-m
aterial/esm/LocalPlay
TwoTone.js" was 
ignored.
node_modules/@mui/ico
ns-material/esm/Local
PlaySharp.js (1:0): 
Module level 
directives cause 
errors when bundled, 
"use client" in "node
_modules/@mui/icons-m
aterial/esm/LocalPlay
Sharp.js" was 
ignored.
node_modules/@mui/ico
ns-material/esm/Local
PoliceSharp.js 
(1:0): Module level 
directives cause 
errors when bundled, 
"use client" in "node
_modules/@mui/icons-m
aterial/esm/LocalPoli
ceSharp.js" was 
ignored.
node_modules/@mui/ico
ns-material/esm/Local
Police.js (1:0): 
Module level 
directives cause 
errors when bundled, 
"use client" in "node
_modules/@mui/icons-m
aterial/esm/LocalPoli
ce.js" was ignored.
node_modules/@mui/ico
ns-material/esm/Local
PoliceTwoTone.js 
(1:0): Module level 
directives cause 
errors when bundled, 
"use client" in "node
_modules/@mui/icons-m
aterial/esm/LocalPoli
ceTwoTone.js" was 
ignored.
node_modules/@mui/ico
ns-material/esm/Local
PoliceRounded.js 
(1:0): Module level 
directives cause 
errors when bundled, 
"use client" in "node
_modules/@mui/icons-m
aterial/esm/LocalPoli
ceRounded.js" was 
ignored.
node_modules/@mui/ico
ns-material/esm/Local
PostOfficeOutlined.js
 (1:0): Module level 
directives cause 
errors when bundled, 
"use client" in "node
_modules/@mui/icons-m
aterial/esm/LocalPost
OfficeOutlined.js" 
was ignored.
node_modules/@mui/ico
ns-material/esm/Local
PoliceOutlined.js 
(1:0): Module level 
directives cause 
errors when bundled, 
"use client" in "node
_modules/@mui/icons-m
aterial/esm/LocalPoli
ceOutlined.js" was 
ignored.
node_modules/@mui/ico
ns-material/esm/Local
PostOffice.js (1:0): 
Module level 
directives cause 
errors when bundled, 
"use client" in "node
_modules/@mui/icons-m
aterial/esm/LocalPost
Office.js" was 
ignored.
node_modules/@mui/ico
ns-material/esm/Local
PostOfficeTwoTone.js 
(1:0): Module level 
directives cause 
errors when bundled, 
"use client" in "node
_modules/@mui/icons-m
aterial/esm/LocalPost
OfficeTwoTone.js" 
was ignored.
node_modules/@mui/ico
ns-material/esm/Local
PostOfficeRounded.js 
(1:0): Module level 
directives cause 
errors when bundled, 
"use client" in "node
_modules/@mui/icons-m
aterial/esm/LocalPost
OfficeRounded.js" 
was ignored.
node_modules/@mui/ico
ns-material/esm/Local
Printshop.js (1:0): 
Module level 
directives cause 
errors when bundled, 
"use client" in "node
_modules/@mui/icons-m
aterial/esm/LocalPrin
tshop.js" was 
ignored.
node_modules/@mui/ico
ns-material/esm/Local
PrintshopRounded.js 
(1:0): Module level 
directives cause 
errors when bundled, 
"use client" in "node
_modules/@mui/icons-m
aterial/esm/LocalPrin
tshopRounded.js" was 
ignored.
node_modules/@mui/ico
ns-material/esm/Local
PrintshopTwoTone.js 
(1:0): Module level 
directives cause 
errors when bundled, 
"use client" in "node
_modules/@mui/icons-m
aterial/esm/LocalPrin
tshopTwoTone.js" was 
ignored.
node_modules/@mui/ico
ns-material/esm/Local
PrintshopOutlined.js 
(1:0): Module level 
directives cause 
errors when bundled, 
"use client" in "node
_modules/@mui/icons-m
aterial/esm/LocalPrin
tshopOutlined.js" 
was ignored.
node_modules/@mui/ico
ns-material/esm/Local
SeeOutlined.js 
(1:0): Module level 
directives cause 
errors when bundled, 
"use client" in "node
_modules/@mui/icons-m
aterial/esm/LocalSeeO
utlined.js" was 
ignored.
node_modules/@mui/ico
ns-material/esm/Local
PostOfficeSharp.js 
(1:0): Module level 
directives cause 
errors when bundled, 
"use client" in "node
_modules/@mui/icons-m
aterial/esm/LocalPost
OfficeSharp.js" was 
ignored.
node_modules/@mui/ico
ns-material/esm/Local
SeeRounded.js (1:0): 
Module level 
directives cause 
errors when bundled, 
"use client" in "node
_modules/@mui/icons-m
aterial/esm/LocalSeeR
ounded.js" was 
ignored.
node_modules/@mui/ico
ns-material/esm/Local
PrintshopSharp.js 
(1:0): Module level 
directives cause 
errors when bundled, 
"use client" in "node
_modules/@mui/icons-m
aterial/esm/LocalPrin
tshopSharp.js" was 
ignored.
node_modules/@mui/ico
ns-material/esm/Local
See.js (1:0): Module 
level directives 
cause errors when 
bundled, "use 
client" in "node_modu
les/@mui/icons-materi
al/esm/LocalSee.js" 
was ignored.
node_modules/@mui/ico
ns-material/esm/Local
ShippingOutlined.js 
(1:0): Module level 
directives cause 
errors when bundled, 
"use client" in "node
_modules/@mui/icons-m
aterial/esm/LocalShip
pingOutlined.js" was 
ignored.
node_modules/@mui/ico
ns-material/esm/Local
SeeSharp.js (1:0): 
Module level 
directives cause 
errors when bundled, 
"use client" in "node
_modules/@mui/icons-m
aterial/esm/LocalSeeS
harp.js" was ignored.
node_modules/@mui/ico
ns-material/esm/Local
SeeTwoTone.js (1:0): 
Module level 
directives cause 
errors when bundled, 
"use client" in "node
_modules/@mui/icons-m
aterial/esm/LocalSeeT
woTone.js" was 
ignored.
node_modules/@mui/ico
ns-material/esm/Local
ShippingRounded.js 
(1:0): Module level 
directives cause 
errors when bundled, 
"use client" in "node
_modules/@mui/icons-m
aterial/esm/LocalShip
pingRounded.js" was 
ignored.
node_modules/@mui/ico
ns-material/esm/Local
Shipping.js (1:0): 
Module level 
directives cause 
errors when bundled, 
"use client" in "node
_modules/@mui/icons-m
aterial/esm/LocalShip
ping.js" was ignored.
node_modules/@mui/ico
ns-material/esm/Local
ShippingTwoTone.js 
(1:0): Module level 
directives cause 
errors when bundled, 
"use client" in "node
_modules/@mui/icons-m
aterial/esm/LocalShip
pingTwoTone.js" was 
ignored.
node_modules/@mui/ico
ns-material/esm/Local
ShippingSharp.js 
(1:0): Module level 
directives cause 
errors when bundled, 
"use client" in "node
_modules/@mui/icons-m
aterial/esm/LocalShip
pingSharp.js" was 
ignored.
node_modules/@mui/ico
ns-material/esm/Local
Taxi.js (1:0): 
Module level 
directives cause 
errors when bundled, 
"use client" in "node
_modules/@mui/icons-m
aterial/esm/LocalTaxi
.js" was ignored.
node_modules/@mui/ico
ns-material/esm/Local
TaxiOutlined.js 
(1:0): Module level 
directives cause 
errors when bundled, 
"use client" in "node
_modules/@mui/icons-m
aterial/esm/LocalTaxi
Outlined.js" was 
ignored.
node_modules/@mui/ico
ns-material/esm/Locat
ionCityOutlined.js 
(1:0): Module level 
directives cause 
errors when bundled, 
"use client" in "node
_modules/@mui/icons-m
aterial/esm/LocationC
ityOutlined.js" was 
ignored.
node_modules/@mui/ico
ns-material/esm/Local
TaxiRounded.js 
(1:0): Module level 
directives cause 
errors when bundled, 
"use client" in "node
_modules/@mui/icons-m
aterial/esm/LocalTaxi
Rounded.js" was 
ignored.
node_modules/@mui/ico
ns-material/esm/Locat
ionCityRounded.js 
(1:0): Module level 
directives cause 
errors when bundled, 
"use client" in "node
_modules/@mui/icons-m
aterial/esm/LocationC
ityRounded.js" was 
ignored.
node_modules/@mui/ico
ns-material/esm/Locat
ionDisabled.js 
(1:0): Module level 
directives cause 
errors when bundled, 
"use client" in "node
_modules/@mui/icons-m
aterial/esm/LocationD
isabled.js" was 
ignored.
node_modules/@mui/ico
ns-material/esm/Locat
ionCityTwoTone.js 
(1:0): Module level 
directives cause 
errors when bundled, 
"use client" in "node
_modules/@mui/icons-m
aterial/esm/LocationC
ityTwoTone.js" was 
ignored.
node_modules/@mui/ico
ns-material/esm/Locat
ionCity.js (1:0): 
Module level 
directives cause 
errors when bundled, 
"use client" in "node
_modules/@mui/icons-m
aterial/esm/LocationC
ity.js" was ignored.
node_modules/@mui/ico
ns-material/esm/Local
TaxiSharp.js (1:0): 
Module level 
directives cause 
errors when bundled, 
"use client" in "node
_modules/@mui/icons-m
aterial/esm/LocalTaxi
Sharp.js" was 
ignored.
node_modules/@mui/ico
ns-material/esm/Locat
ionCitySharp.js 
(1:0): Module level 
directives cause 
errors when bundled, 
"use client" in "node
_modules/@mui/icons-m
aterial/esm/LocationC
itySharp.js" was 
ignored.
node_modules/@mui/ico
ns-material/esm/Locat
ionDisabledOutlined.j
s (1:0): Module 
level directives 
cause errors when 
bundled, "use 
client" in "node_modu
les/@mui/icons-materi
al/esm/LocationDisabl
edOutlined.js" was 
ignored.
node_modules/@mui/ico
ns-material/esm/Locat
ionDisabledSharp.js 
(1:0): Module level 
directives cause 
errors when bundled, 
"use client" in "node
_modules/@mui/icons-m
aterial/esm/LocationD
isabledSharp.js" was 
ignored.
node_modules/@mui/ico
ns-material/esm/Locat
ionOff.js (1:0): 
Module level 
directives cause 
errors when bundled, 
"use client" in "node
_modules/@mui/icons-m
aterial/esm/LocationO
ff.js" was ignored.
node_modules/@mui/ico
ns-material/esm/Locat
ionOffRounded.js 
(1:0): Module level 
directives cause 
errors when bundled, 
"use client" in "node
_modules/@mui/icons-m
aterial/esm/LocationO
ffRounded.js" was 
ignored.
node_modules/@mui/ico
ns-material/esm/Locat
ionDisabledTwoTone.js
 (1:0): Module level 
directives cause 
errors when bundled, 
"use client" in "node
_modules/@mui/icons-m
aterial/esm/LocationD
isabledTwoTone.js" 
was ignored.
node_modules/@mui/ico
ns-material/esm/Locat
ionDisabledRounded.js
 (1:0): Module level 
directives cause 
errors when bundled, 
"use client" in "node
_modules/@mui/icons-m
aterial/esm/LocationD
isabledRounded.js" 
was ignored.
node_modules/@mui/ico
ns-material/esm/Locat
ionOffOutlined.js 
(1:0): Module level 
directives cause 
errors when bundled, 
"use client" in "node
_modules/@mui/icons-m
aterial/esm/LocationO
ffOutlined.js" was 
ignored.
node_modules/@mui/ico
ns-material/esm/Locat
ionOffSharp.js 
(1:0): Module level 
directives cause 
errors when bundled, 
"use client" in "node
_modules/@mui/icons-m
aterial/esm/LocationO
ffSharp.js" was 
ignored.
node_modules/@mui/ico
ns-material/esm/Locat
ionOn.js (1:0): 
Module level 
directives cause 
errors when bundled, 
"use client" in "node
_modules/@mui/icons-m
aterial/esm/LocationO
n.js" was ignored.
node_modules/@mui/ico
ns-material/esm/Locat
ionOnOutlined.js 
(1:0): Module level 
directives cause 
errors when bundled, 
"use client" in "node
_modules/@mui/icons-m
aterial/esm/LocationO
nOutlined.js" was 
ignored.
node_modules/@mui/ico
ns-material/esm/Locat
ionOnRounded.js 
(1:0): Module level 
directives cause 
errors when bundled, 
"use client" in "node
_modules/@mui/icons-m
aterial/esm/LocationO
nRounded.js" was 
ignored.
node_modules/@mui/ico
ns-material/esm/Locat
ionOnTwoTone.js 
(1:0): Module level 
directives cause 
errors when bundled, 
"use client" in "node
_modules/@mui/icons-m
aterial/esm/LocationO
nTwoTone.js" was 
ignored.
node_modules/@mui/ico
ns-material/esm/Locat
ionOffTwoTone.js 
(1:0): Module level 
directives cause 
errors when bundled, 
"use client" in "node
_modules/@mui/icons-m
aterial/esm/LocationO
ffTwoTone.js" was 
ignored.
node_modules/@mui/ico
ns-material/esm/Locat
ionSearchingOutlined.
js (1:0): Module 
level directives 
cause errors when 
bundled, "use 
client" in "node_modu
les/@mui/icons-materi
al/esm/LocationSearch
ingOutlined.js" was 
ignored.
node_modules/@mui/ico
ns-material/esm/Locat
ionOnSharp.js (1:0): 
Module level 
directives cause 
errors when bundled, 
"use client" in "node
_modules/@mui/icons-m
aterial/esm/LocationO
nSharp.js" was 
ignored.
node_modules/@mui/ico
ns-material/esm/Locat
ionSearching.js 
(1:0): Module level 
directives cause 
errors when bundled, 
"use client" in "node
_modules/@mui/icons-m
aterial/esm/LocationS
earching.js" was 
ignored.
node_modules/@mui/ico
ns-material/esm/Locat
ionSearchingSharp.js 
(1:0): Module level 
directives cause 
errors when bundled, 
"use client" in "node
_modules/@mui/icons-m
aterial/esm/LocationS
earchingSharp.js" 
was ignored.
node_modules/@mui/ico
ns-material/esm/Locat
ionSearchingRounded.j
s (1:0): Module 
level directives 
cause errors when 
bundled, "use 
client" in "node_modu
les/@mui/icons-materi
al/esm/LocationSearch
ingRounded.js" was 
ignored.
node_modules/@mui/ico
ns-material/esm/Locat
ionSearchingTwoTone.j
s (1:0): Module 
level directives 
cause errors when 
bundled, "use 
client" in "node_modu
les/@mui/icons-materi
al/esm/LocationSearch
ingTwoTone.js" was 
ignored.
node_modules/@mui/ico
ns-material/esm/Local
TaxiTwoTone.js 
(1:0): Module level 
directives cause 
errors when bundled, 
"use client" in "node
_modules/@mui/icons-m
aterial/esm/LocalTaxi
TwoTone.js" was 
ignored.
node_modules/@mui/ico
ns-material/esm/LockC
lock.js (1:0): 
Module level 
directives cause 
errors when bundled, 
"use client" in "node
_modules/@mui/icons-m
aterial/esm/LockClock
.js" was ignored.
node_modules/@mui/ico
ns-material/esm/Lock.
js (1:0): Module 
level directives 
cause errors when 
bundled, "use 
client" in "node_modu
les/@mui/icons-materi
al/esm/Lock.js" was 
ignored.
node_modules/@mui/ico
ns-material/esm/LockC
lockSharp.js (1:0): 
Module level 
directives cause 
errors when bundled, 
"use client" in "node
_modules/@mui/icons-m
aterial/esm/LockClock
Sharp.js" was 
ignored.
node_modules/@mui/ico
ns-material/esm/LockC
lockOutlined.js 
(1:0): Module level 
directives cause 
errors when bundled, 
"use client" in "node
_modules/@mui/icons-m
aterial/esm/LockClock
Outlined.js" was 
ignored.
node_modules/@mui/ico
ns-material/esm/LockC
lockRounded.js 
(1:0): Module level 
directives cause 
errors when bundled, 
"use client" in "node
_modules/@mui/icons-m
aterial/esm/LockClock
Rounded.js" was 
ignored.
node_modules/@mui/ico
ns-material/esm/LockC
lockTwoTone.js 
(1:0): Module level 
directives cause 
errors when bundled, 
"use client" in "node
_modules/@mui/icons-m
aterial/esm/LockClock
TwoTone.js" was 
ignored.
node_modules/@mui/ico
ns-material/esm/LockO
pen.js (1:0): Module 
level directives 
cause errors when 
bundled, "use 
client" in "node_modu
les/@mui/icons-materi
al/esm/LockOpen.js" 
was ignored.
node_modules/@mui/ico
ns-material/esm/LockO
penOutlined.js 
(1:0): Module level 
directives cause 
errors when bundled, 
"use client" in "node
_modules/@mui/icons-m
aterial/esm/LockOpenO
utlined.js" was 
ignored.
node_modules/@mui/ico
ns-material/esm/LockO
penSharp.js (1:0): 
Module level 
directives cause 
errors when bundled, 
"use client" in "node
_modules/@mui/icons-m
aterial/esm/LockOpenS
harp.js" was ignored.
node_modules/@mui/ico
ns-material/esm/LockO
penRounded.js (1:0): 
Module level 
directives cause 
errors when bundled, 
"use client" in "node
_modules/@mui/icons-m
aterial/esm/LockOpenR
ounded.js" was 
ignored.
node_modules/@mui/ico
ns-material/esm/LockP
ersonOutlined.js 
(1:0): Module level 
directives cause 
errors when bundled, 
"use client" in "node
_modules/@mui/icons-m
aterial/esm/LockPerso
nOutlined.js" was 
ignored.
node_modules/@mui/ico
ns-material/esm/LockP
erson.js (1:0): 
Module level 
directives cause 
errors when bundled, 
"use client" in "node
_modules/@mui/icons-m
aterial/esm/LockPerso
n.js" was ignored.
node_modules/@mui/ico
ns-material/esm/LockO
utlined.js (1:0): 
Module level 
directives cause 
errors when bundled, 
"use client" in "node
_modules/@mui/icons-m
aterial/esm/LockOutli
ned.js" was ignored.
node_modules/@mui/ico
ns-material/esm/LockO
penTwoTone.js (1:0): 
Module level 
directives cause 
errors when bundled, 
"use client" in "node
_modules/@mui/icons-m
aterial/esm/LockOpenT
woTone.js" was 
ignored.
node_modules/@mui/ico
ns-material/esm/LockP
ersonRounded.js 
(1:0): Module level 
directives cause 
errors when bundled, 
"use client" in "node
_modules/@mui/icons-m
aterial/esm/LockPerso
nRounded.js" was 
ignored.
node_modules/@mui/ico
ns-material/esm/LockR
eset.js (1:0): 
Module level 
directives cause 
errors when bundled, 
"use client" in "node
_modules/@mui/icons-m
aterial/esm/LockReset
.js" was ignored.
node_modules/@mui/ico
ns-material/esm/LockP
ersonTwoTone.js 
(1:0): Module level 
directives cause 
errors when bundled, 
"use client" in "node
_modules/@mui/icons-m
aterial/esm/LockPerso
nTwoTone.js" was 
ignored.
node_modules/@mui/ico
ns-material/esm/LockR
esetOutlined.js 
(1:0): Module level 
directives cause 
errors when bundled, 
"use client" in "node
_modules/@mui/icons-m
aterial/esm/LockReset
Outlined.js" was 
ignored.
node_modules/@mui/ico
ns-material/esm/LockP
ersonSharp.js (1:0): 
Module level 
directives cause 
errors when bundled, 
"use client" in "node
_modules/@mui/icons-m
aterial/esm/LockPerso
nSharp.js" was 
ignored.
node_modules/@mui/ico
ns-material/esm/LockR
esetRounded.js 
(1:0): Module level 
directives cause 
errors when bundled, 
"use client" in "node
_modules/@mui/icons-m
aterial/esm/LockReset
Rounded.js" was 
ignored.
node_modules/@mui/ico
ns-material/esm/LockR
esetSharp.js (1:0): 
Module level 
directives cause 
errors when bundled, 
"use client" in "node
_modules/@mui/icons-m
aterial/esm/LockReset
Sharp.js" was 
ignored.
node_modules/@mui/ico
ns-material/esm/LockR
ounded.js (1:0): 
Module level 
directives cause 
errors when bundled, 
"use client" in "node
_modules/@mui/icons-m
aterial/esm/LockRound
ed.js" was ignored.
node_modules/@mui/ico
ns-material/esm/LockS
harp.js (1:0): 
Module level 
directives cause 
errors when bundled, 
"use client" in "node
_modules/@mui/icons-m
aterial/esm/LockSharp
.js" was ignored.
node_modules/@mui/ico
ns-material/esm/LockR
esetTwoTone.js 
(1:0): Module level 
directives cause 
errors when bundled, 
"use client" in "node
_modules/@mui/icons-m
aterial/esm/LockReset
TwoTone.js" was 
ignored.
node_modules/@mui/ico
ns-material/esm/Login
Outlined.js (1:0): 
Module level 
directives cause 
errors when bundled, 
"use client" in "node
_modules/@mui/icons-m
aterial/esm/LoginOutl
ined.js" was ignored.
node_modules/@mui/ico
ns-material/esm/LockT
woTone.js (1:0): 
Module level 
directives cause 
errors when bundled, 
"use client" in "node
_modules/@mui/icons-m
aterial/esm/LockTwoTo
ne.js" was ignored.
node_modules/@mui/ico
ns-material/esm/Login
Sharp.js (1:0): 
Module level 
directives cause 
errors when bundled, 
"use client" in "node
_modules/@mui/icons-m
aterial/esm/LoginShar
p.js" was ignored.
node_modules/@mui/ico
ns-material/esm/Login
.js (1:0): Module 
level directives 
cause errors when 
bundled, "use 
client" in "node_modu
les/@mui/icons-materi
al/esm/Login.js" was 
ignored.
node_modules/@mui/ico
ns-material/esm/Login
Rounded.js (1:0): 
Module level 
directives cause 
errors when bundled, 
"use client" in "node
_modules/@mui/icons-m
aterial/esm/LoginRoun
ded.js" was ignored.
node_modules/@mui/ico
ns-material/esm/LogoD
evOutlined.js (1:0): 
Module level 
directives cause 
errors when bundled, 
"use client" in "node
_modules/@mui/icons-m
aterial/esm/LogoDevOu
tlined.js" was 
ignored.
node_modules/@mui/ico
ns-material/esm/Login
TwoTone.js (1:0): 
Module level 
directives cause 
errors when bundled, 
"use client" in "node
_modules/@mui/icons-m
aterial/esm/LoginTwoT
one.js" was ignored.
node_modules/@mui/ico
ns-material/esm/LogoD
evSharp.js (1:0): 
Module level 
directives cause 
errors when bundled, 
"use client" in "node
_modules/@mui/icons-m
aterial/esm/LogoDevSh
arp.js" was ignored.
node_modules/@mui/ico
ns-material/esm/LogoD
evRounded.js (1:0): 
Module level 
directives cause 
errors when bundled, 
"use client" in "node
_modules/@mui/icons-m
aterial/esm/LogoDevRo
unded.js" was 
ignored.
node_modules/@mui/ico
ns-material/esm/LogoD
ev.js (1:0): Module 
level directives 
cause errors when 
bundled, "use 
client" in "node_modu
les/@mui/icons-materi
al/esm/LogoDev.js" 
was ignored.
node_modules/@mui/ico
ns-material/esm/Logou
tRounded.js (1:0): 
Module level 
directives cause 
errors when bundled, 
"use client" in "node
_modules/@mui/icons-m
aterial/esm/LogoutRou
nded.js" was ignored.
node_modules/@mui/ico
ns-material/esm/Logou
t.js (1:0): Module 
level directives 
cause errors when 
bundled, "use 
client" in "node_modu
les/@mui/icons-materi
al/esm/Logout.js" 
was ignored.
node_modules/@mui/ico
ns-material/esm/LogoD
evTwoTone.js (1:0): 
Module level 
directives cause 
errors when bundled, 
"use client" in "node
_modules/@mui/icons-m
aterial/esm/LogoDevTw
oTone.js" was 
ignored.
node_modules/@mui/ico
ns-material/esm/Logou
tOutlined.js (1:0): 
Module level 
directives cause 
errors when bundled, 
"use client" in "node
_modules/@mui/icons-m
aterial/esm/LogoutOut
lined.js" was 
ignored.
node_modules/@mui/ico
ns-material/esm/Logou
tTwoTone.js (1:0): 
Module level 
directives cause 
errors when bundled, 
"use client" in "node
_modules/@mui/icons-m
aterial/esm/LogoutTwo
Tone.js" was ignored.
node_modules/@mui/ico
ns-material/esm/Logou
tSharp.js (1:0): 
Module level 
directives cause 
errors when bundled, 
"use client" in "node
_modules/@mui/icons-m
aterial/esm/LogoutSha
rp.js" was ignored.
node_modules/@mui/ico
ns-material/esm/Looks
3Outlined.js (1:0): 
Module level 
directives cause 
errors when bundled, 
"use client" in "node
_modules/@mui/icons-m
aterial/esm/Looks3Out
lined.js" was 
ignored.
node_modules/@mui/ico
ns-material/esm/Looks
3.js (1:0): Module 
level directives 
cause errors when 
bundled, "use 
client" in "node_modu
les/@mui/icons-materi
al/esm/Looks3.js" 
was ignored.
node_modules/@mui/ico
ns-material/esm/Looks
.js (1:0): Module 
level directives 
cause errors when 
bundled, "use 
client" in "node_modu
les/@mui/icons-materi
al/esm/Looks.js" was 
ignored.
node_modules/@mui/ico
ns-material/esm/Looks
3Sharp.js (1:0): 
Module level 
directives cause 
errors when bundled, 
"use client" in "node
_modules/@mui/icons-m
aterial/esm/Looks3Sha
rp.js" was ignored.
node_modules/@mui/ico
ns-material/esm/Looks
4.js (1:0): Module 
level directives 
cause errors when 
bundled, "use 
client" in "node_modu
les/@mui/icons-materi
al/esm/Looks4.js" 
was ignored.
node_modules/@mui/ico
ns-material/esm/Looks
3Rounded.js (1:0): 
Module level 
directives cause 
errors when bundled, 
"use client" in "node
_modules/@mui/icons-m
aterial/esm/Looks3Rou
nded.js" was ignored.
node_modules/@mui/ico
ns-material/esm/Looks
4Sharp.js (1:0): 
Module level 
directives cause 
errors when bundled, 
"use client" in "node
_modules/@mui/icons-m
aterial/esm/Looks4Sha
rp.js" was ignored.
node_modules/@mui/ico
ns-material/esm/Looks
4TwoTone.js (1:0): 
Module level 
directives cause 
errors when bundled, 
"use client" in "node
_modules/@mui/icons-m
aterial/esm/Looks4Two
Tone.js" was ignored.
node_modules/@mui/ico
ns-material/esm/Looks
4Rounded.js (1:0): 
Module level 
directives cause 
errors when bundled, 
"use client" in "node
_modules/@mui/icons-m
aterial/esm/Looks4Rou
nded.js" was ignored.
node_modules/@mui/ico
ns-material/esm/Looks
5Outlined.js (1:0): 
Module level 
directives cause 
errors when bundled, 
"use client" in "node
_modules/@mui/icons-m
aterial/esm/Looks5Out
lined.js" was 
ignored.
node_modules/@mui/ico
ns-material/esm/Looks
3TwoTone.js (1:0): 
Module level 
directives cause 
errors when bundled, 
"use client" in "node
_modules/@mui/icons-m
aterial/esm/Looks3Two
Tone.js" was ignored.
node_modules/@mui/ico
ns-material/esm/Looks
5.js (1:0): Module 
level directives 
cause errors when 
bundled, "use 
client" in "node_modu
les/@mui/icons-materi
al/esm/Looks5.js" 
was ignored.
node_modules/@mui/ico
ns-material/esm/Looks
5Sharp.js (1:0): 
Module level 
directives cause 
errors when bundled, 
"use client" in "node
_modules/@mui/icons-m
aterial/esm/Looks5Sha
rp.js" was ignored.
node_modules/@mui/ico
ns-material/esm/Looks
4Outlined.js (1:0): 
Module level 
directives cause 
errors when bundled, 
"use client" in "node
_modules/@mui/icons-m
aterial/esm/Looks4Out
lined.js" was 
ignored.
node_modules/@mui/ico
ns-material/esm/Looks
5Rounded.js (1:0): 
Module level 
directives cause 
errors when bundled, 
"use client" in "node
_modules/@mui/icons-m
aterial/esm/Looks5Rou
nded.js" was ignored.
node_modules/@mui/ico
ns-material/esm/Looks
6.js (1:0): Module 
level directives 
cause errors when 
bundled, "use 
client" in "node_modu
les/@mui/icons-materi
al/esm/Looks6.js" 
was ignored.
node_modules/@mui/ico
ns-material/esm/Looks
6Outlined.js (1:0): 
Module level 
directives cause 
errors when bundled, 
"use client" in "node
_modules/@mui/icons-m
aterial/esm/Looks6Out
lined.js" was 
ignored.
node_modules/@mui/ico
ns-material/esm/Looks
6Sharp.js (1:0): 
Module level 
directives cause 
errors when bundled, 
"use client" in "node
_modules/@mui/icons-m
aterial/esm/Looks6Sha
rp.js" was ignored.
node_modules/@mui/ico
ns-material/esm/Looks
6Rounded.js (1:0): 
Module level 
directives cause 
errors when bundled, 
"use client" in "node
_modules/@mui/icons-m
aterial/esm/Looks6Rou
nded.js" was ignored.
node_modules/@mui/ico
ns-material/esm/Looks
5TwoTone.js (1:0): 
Module level 
directives cause 
errors when bundled, 
"use client" in "node
_modules/@mui/icons-m
aterial/esm/Looks5Two
Tone.js" was ignored.
node_modules/@mui/ico
ns-material/esm/Looks
One.js (1:0): Module 
level directives 
cause errors when 
bundled, "use 
client" in "node_modu
les/@mui/icons-materi
al/esm/LooksOne.js" 
was ignored.
node_modules/@mui/ico
ns-material/esm/Looks
6TwoTone.js (1:0): 
Module level 
directives cause 
errors when bundled, 
"use client" in "node
_modules/@mui/icons-m
aterial/esm/Looks6Two
Tone.js" was ignored.
node_modules/@mui/ico
ns-material/esm/Looks
OneOutlined.js 
(1:0): Module level 
directives cause 
errors when bundled, 
"use client" in "node
_modules/@mui/icons-m
aterial/esm/LooksOneO
utlined.js" was 
ignored.
node_modules/@mui/ico
ns-material/esm/Looks
OneSharp.js (1:0): 
Module level 
directives cause 
errors when bundled, 
"use client" in "node
_modules/@mui/icons-m
aterial/esm/LooksOneS
harp.js" was ignored.
node_modules/@mui/ico
ns-material/esm/Looks
OneTwoTone.js (1:0): 
Module level 
directives cause 
errors when bundled, 
"use client" in "node
_modules/@mui/icons-m
aterial/esm/LooksOneT
woTone.js" was 
ignored.
node_modules/@mui/ico
ns-material/esm/Looks
Rounded.js (1:0): 
Module level 
directives cause 
errors when bundled, 
"use client" in "node
_modules/@mui/icons-m
aterial/esm/LooksRoun
ded.js" was ignored.
node_modules/@mui/ico
ns-material/esm/Looks
Outlined.js (1:0): 
Module level 
directives cause 
errors when bundled, 
"use client" in "node
_modules/@mui/icons-m
aterial/esm/LooksOutl
ined.js" was ignored.
node_modules/@mui/ico
ns-material/esm/Looks
Sharp.js (1:0): 
Module level 
directives cause 
errors when bundled, 
"use client" in "node
_modules/@mui/icons-m
aterial/esm/LooksShar
p.js" was ignored.
node_modules/@mui/ico
ns-material/esm/Looks
Two.js (1:0): Module 
level directives 
cause errors when 
bundled, "use 
client" in "node_modu
les/@mui/icons-materi
al/esm/LooksTwo.js" 
was ignored.
node_modules/@mui/ico
ns-material/esm/Looks
OneRounded.js (1:0): 
Module level 
directives cause 
errors when bundled, 
"use client" in "node
_modules/@mui/icons-m
aterial/esm/LooksOneR
ounded.js" was 
ignored.
node_modules/@mui/ico
ns-material/esm/Looks
TwoRounded.js (1:0): 
Module level 
directives cause 
errors when bundled, 
"use client" in "node
_modules/@mui/icons-m
aterial/esm/LooksTwoR
ounded.js" was 
ignored.
node_modules/@mui/ico
ns-material/esm/Looks
TwoSharp.js (1:0): 
Module level 
directives cause 
errors when bundled, 
"use client" in "node
_modules/@mui/icons-m
aterial/esm/LooksTwoS
harp.js" was ignored.
node_modules/@mui/ico
ns-material/esm/Looks
TwoTwoTone.js (1:0): 
Module level 
directives cause 
errors when bundled, 
"use client" in "node
_modules/@mui/icons-m
aterial/esm/LooksTwoT
woTone.js" was 
ignored.
node_modules/@mui/ico
ns-material/esm/Looks
TwoTone.js (1:0): 
Module level 
directives cause 
errors when bundled, 
"use client" in "node
_modules/@mui/icons-m
aterial/esm/LooksTwoT
one.js" was ignored.
node_modules/@mui/ico
ns-material/esm/Looks
TwoOutlined.js 
(1:0): Module level 
directives cause 
errors when bundled, 
"use client" in "node
_modules/@mui/icons-m
aterial/esm/LooksTwoO
utlined.js" was 
ignored.
node_modules/@mui/ico
ns-material/esm/Loop.
js (1:0): Module 
level directives 
cause errors when 
bundled, "use 
client" in "node_modu
les/@mui/icons-materi
al/esm/Loop.js" was 
ignored.
node_modules/@mui/ico
ns-material/esm/LoopR
ounded.js (1:0): 
Module level 
directives cause 
errors when bundled, 
"use client" in "node
_modules/@mui/icons-m
aterial/esm/LoopRound
ed.js" was ignored.
node_modules/@mui/ico
ns-material/esm/LoopO
utlined.js (1:0): 
Module level 
directives cause 
errors when bundled, 
"use client" in "node
_modules/@mui/icons-m
aterial/esm/LoopOutli
ned.js" was ignored.
node_modules/@mui/ico
ns-material/esm/LoopS
harp.js (1:0): 
Module level 
directives cause 
errors when bundled, 
"use client" in "node
_modules/@mui/icons-m
aterial/esm/LoopSharp
.js" was ignored.
node_modules/@mui/ico
ns-material/esm/LoopT
woTone.js (1:0): 
Module level 
directives cause 
errors when bundled, 
"use client" in "node
_modules/@mui/icons-m
aterial/esm/LoopTwoTo
ne.js" was ignored.
node_modules/@mui/ico
ns-material/esm/Loupe
Outlined.js (1:0): 
Module level 
directives cause 
errors when bundled, 
"use client" in "node
_modules/@mui/icons-m
aterial/esm/LoupeOutl
ined.js" was ignored.
node_modules/@mui/ico
ns-material/esm/Loupe
.js (1:0): Module 
level directives 
cause errors when 
bundled, "use 
client" in "node_modu
les/@mui/icons-materi
al/esm/Loupe.js" was 
ignored.
node_modules/@mui/ico
ns-material/esm/Loupe
Rounded.js (1:0): 
Module level 
directives cause 
errors when bundled, 
"use client" in "node
_modules/@mui/icons-m
aterial/esm/LoupeRoun
ded.js" was ignored.
node_modules/@mui/ico
ns-material/esm/Loupe
Sharp.js (1:0): 
Module level 
directives cause 
errors when bundled, 
"use client" in "node
_modules/@mui/icons-m
aterial/esm/LoupeShar
p.js" was ignored.
node_modules/@mui/ico
ns-material/esm/LowPr
iority.js (1:0): 
Module level 
directives cause 
errors when bundled, 
"use client" in "node
_modules/@mui/icons-m
aterial/esm/LowPriori
ty.js" was ignored.
node_modules/@mui/ico
ns-material/esm/Loupe
TwoTone.js (1:0): 
Module level 
directives cause 
errors when bundled, 
"use client" in "node
_modules/@mui/icons-m
aterial/esm/LoupeTwoT
one.js" was ignored.
node_modules/@mui/ico
ns-material/esm/LowPr
ioritySharp.js 
(1:0): Module level 
directives cause 
errors when bundled, 
"use client" in "node
_modules/@mui/icons-m
aterial/esm/LowPriori
tySharp.js" was 
ignored.
node_modules/@mui/ico
ns-material/esm/LowPr
iorityRounded.js 
(1:0): Module level 
directives cause 
errors when bundled, 
"use client" in "node
_modules/@mui/icons-m
aterial/esm/LowPriori
tyRounded.js" was 
ignored.
node_modules/@mui/ico
ns-material/esm/LowPr
iorityOutlined.js 
(1:0): Module level 
directives cause 
errors when bundled, 
"use client" in "node
_modules/@mui/icons-m
aterial/esm/LowPriori
tyOutlined.js" was 
ignored.
node_modules/@mui/ico
ns-material/esm/Loyal
ty.js (1:0): Module 
level directives 
cause errors when 
bundled, "use 
client" in "node_modu
les/@mui/icons-materi
al/esm/Loyalty.js" 
was ignored.
node_modules/@mui/ico
ns-material/esm/Loyal
tyRounded.js (1:0): 
Module level 
directives cause 
errors when bundled, 
"use client" in "node
_modules/@mui/icons-m
aterial/esm/LoyaltyRo
unded.js" was 
ignored.
node_modules/@mui/ico
ns-material/esm/LowPr
iorityTwoTone.js 
(1:0): Module level 
directives cause 
errors when bundled, 
"use client" in "node
_modules/@mui/icons-m
aterial/esm/LowPriori
tyTwoTone.js" was 
ignored.
node_modules/@mui/ico
ns-material/esm/Loyal
tyOutlined.js (1:0): 
Module level 
directives cause 
errors when bundled, 
"use client" in "node
_modules/@mui/icons-m
aterial/esm/LoyaltyOu
tlined.js" was 
ignored.
node_modules/@mui/ico
ns-material/esm/LteMo
biledata.js (1:0): 
Module level 
directives cause 
errors when bundled, 
"use client" in "node
_modules/@mui/icons-m
aterial/esm/LteMobile
data.js" was ignored.
node_modules/@mui/ico
ns-material/esm/Loyal
tyTwoTone.js (1:0): 
Module level 
directives cause 
errors when bundled, 
"use client" in "node
_modules/@mui/icons-m
aterial/esm/LoyaltyTw
oTone.js" was 
ignored.
node_modules/@mui/ico
ns-material/esm/LteMo
biledataOutlined.js 
(1:0): Module level 
directives cause 
errors when bundled, 
"use client" in "node
_modules/@mui/icons-m
aterial/esm/LteMobile
dataOutlined.js" was 
ignored.
node_modules/@mui/ico
ns-material/esm/LteMo
biledataRounded.js 
(1:0): Module level 
directives cause 
errors when bundled, 
"use client" in "node
_modules/@mui/icons-m
aterial/esm/LteMobile
dataRounded.js" was 
ignored.
node_modules/@mui/ico
ns-material/esm/LteMo
biledataTwoTone.js 
(1:0): Module level 
directives cause 
errors when bundled, 
"use client" in "node
_modules/@mui/icons-m
aterial/esm/LteMobile
dataTwoTone.js" was 
ignored.
node_modules/@mui/ico
ns-material/esm/Loyal
tySharp.js (1:0): 
Module level 
directives cause 
errors when bundled, 
"use client" in "node
_modules/@mui/icons-m
aterial/esm/LoyaltySh
arp.js" was ignored.
node_modules/@mui/ico
ns-material/esm/LtePl
usMobiledata.js 
(1:0): Module level 
directives cause 
errors when bundled, 
"use client" in "node
_modules/@mui/icons-m
aterial/esm/LtePlusMo
biledata.js" was 
ignored.
node_modules/@mui/ico
ns-material/esm/LteMo
biledataSharp.js 
(1:0): Module level 
directives cause 
errors when bundled, 
"use client" in "node
_modules/@mui/icons-m
aterial/esm/LteMobile
dataSharp.js" was 
ignored.
node_modules/@mui/ico
ns-material/esm/LtePl
usMobiledataSharp.js 
(1:0): Module level 
directives cause 
errors when bundled, 
"use client" in "node
_modules/@mui/icons-m
aterial/esm/LtePlusMo
biledataSharp.js" 
was ignored.
node_modules/@mui/ico
ns-material/esm/LtePl
usMobiledataRounded.j
s (1:0): Module 
level directives 
cause errors when 
bundled, "use 
client" in "node_modu
les/@mui/icons-materi
al/esm/LtePlusMobiled
ataRounded.js" was 
ignored.
node_modules/@mui/ico
ns-material/esm/Lugga
ge.js (1:0): Module 
level directives 
cause errors when 
bundled, "use 
client" in "node_modu
les/@mui/icons-materi
al/esm/Luggage.js" 
was ignored.
node_modules/@mui/ico
ns-material/esm/Lugga
geOutlined.js (1:0): 
Module level 
directives cause 
errors when bundled, 
"use client" in "node
_modules/@mui/icons-m
aterial/esm/LuggageOu
tlined.js" was 
ignored.
node_modules/@mui/ico
ns-material/esm/LtePl
usMobiledataTwoTone.j
s (1:0): Module 
level directives 
cause errors when 
bundled, "use 
client" in "node_modu
les/@mui/icons-materi
al/esm/LtePlusMobiled
ataTwoTone.js" was 
ignored.
node_modules/@mui/ico
ns-material/esm/LtePl
usMobiledataOutlined.
js (1:0): Module 
level directives 
cause errors when 
bundled, "use 
client" in "node_modu
les/@mui/icons-materi
al/esm/LtePlusMobiled
ataOutlined.js" was 
ignored.
node_modules/@mui/ico
ns-material/esm/Lugga
geSharp.js (1:0): 
Module level 
directives cause 
errors when bundled, 
"use client" in "node
_modules/@mui/icons-m
aterial/esm/LuggageSh
arp.js" was ignored.
node_modules/@mui/ico
ns-material/esm/Lugga
geRounded.js (1:0): 
Module level 
directives cause 
errors when bundled, 
"use client" in "node
_modules/@mui/icons-m
aterial/esm/LuggageRo
unded.js" was 
ignored.
node_modules/@mui/ico
ns-material/esm/Lunch
Dining.js (1:0): 
Module level 
directives cause 
errors when bundled, 
"use client" in "node
_modules/@mui/icons-m
aterial/esm/LunchDini
ng.js" was ignored.
node_modules/@mui/ico
ns-material/esm/Lunch
DiningSharp.js 
(1:0): Module level 
directives cause 
errors when bundled, 
"use client" in "node
_modules/@mui/icons-m
aterial/esm/LunchDini
ngSharp.js" was 
ignored.
node_modules/@mui/ico
ns-material/esm/Lunch
DiningOutlined.js 
(1:0): Module level 
directives cause 
errors when bundled, 
"use client" in "node
_modules/@mui/icons-m
aterial/esm/LunchDini
ngOutlined.js" was 
ignored.
node_modules/@mui/ico
ns-material/esm/Lunch
DiningRounded.js 
(1:0): Module level 
directives cause 
errors when bundled, 
"use client" in "node
_modules/@mui/icons-m
aterial/esm/LunchDini
ngRounded.js" was 
ignored.
node_modules/@mui/ico
ns-material/esm/Lugga
geTwoTone.js (1:0): 
Module level 
directives cause 
errors when bundled, 
"use client" in "node
_modules/@mui/icons-m
aterial/esm/LuggageTw
oTone.js" was 
ignored.
node_modules/@mui/ico
ns-material/esm/Lyric
sOutlined.js (1:0): 
Module level 
directives cause 
errors when bundled, 
"use client" in "node
_modules/@mui/icons-m
aterial/esm/LyricsOut
lined.js" was 
ignored.
node_modules/@mui/ico
ns-material/esm/Lyric
s.js (1:0): Module 
level directives 
cause errors when 
bundled, "use 
client" in "node_modu
les/@mui/icons-materi
al/esm/Lyrics.js" 
was ignored.
node_modules/@mui/ico
ns-material/esm/Lunch
DiningTwoTone.js 
(1:0): Module level 
directives cause 
errors when bundled, 
"use client" in "node
_modules/@mui/icons-m
aterial/esm/LunchDini
ngTwoTone.js" was 
ignored.
node_modules/@mui/ico
ns-material/esm/Lyric
sSharp.js (1:0): 
Module level 
directives cause 
errors when bundled, 
"use client" in "node
_modules/@mui/icons-m
aterial/esm/LyricsSha
rp.js" was ignored.
node_modules/@mui/ico
ns-material/esm/Lyric
sRounded.js (1:0): 
Module level 
directives cause 
errors when bundled, 
"use client" in "node
_modules/@mui/icons-m
aterial/esm/LyricsRou
nded.js" was ignored.
node_modules/@mui/ico
ns-material/esm/Macro
OffOutlined.js 
(1:0): Module level 
directives cause 
errors when bundled, 
"use client" in "node
_modules/@mui/icons-m
aterial/esm/MacroOffO
utlined.js" was 
ignored.
node_modules/@mui/ico
ns-material/esm/Macro
Off.js (1:0): Module 
level directives 
cause errors when 
bundled, "use 
client" in "node_modu
les/@mui/icons-materi
al/esm/MacroOff.js" 
was ignored.
node_modules/@mui/ico
ns-material/esm/Lyric
sTwoTone.js (1:0): 
Module level 
directives cause 
errors when bundled, 
"use client" in "node
_modules/@mui/icons-m
aterial/esm/LyricsTwo
Tone.js" was ignored.
node_modules/@mui/ico
ns-material/esm/Macro
OffSharp.js (1:0): 
Module level 
directives cause 
errors when bundled, 
"use client" in "node
_modules/@mui/icons-m
aterial/esm/MacroOffS
harp.js" was ignored.
node_modules/@mui/ico
ns-material/esm/Macro
OffRounded.js (1:0): 
Module level 
directives cause 
errors when bundled, 
"use client" in "node
_modules/@mui/icons-m
aterial/esm/MacroOffR
ounded.js" was 
ignored.
node_modules/@mui/ico
ns-material/esm/Macro
OffTwoTone.js (1:0): 
Module level 
directives cause 
errors when bundled, 
"use client" in "node
_modules/@mui/icons-m
aterial/esm/MacroOffT
woTone.js" was 
ignored.
node_modules/@mui/ico
ns-material/esm/Mail.
js (1:0): Module 
level directives 
cause errors when 
bundled, "use 
client" in "node_modu
les/@mui/icons-materi
al/esm/Mail.js" was 
ignored.
node_modules/@mui/ico
ns-material/esm/MailL
ockRounded.js (1:0): 
Module level 
directives cause 
errors when bundled, 
"use client" in "node
_modules/@mui/icons-m
aterial/esm/MailLockR
ounded.js" was 
ignored.
node_modules/@mui/ico
ns-material/esm/MailL
ock.js (1:0): Module 
level directives 
cause errors when 
bundled, "use 
client" in "node_modu
les/@mui/icons-materi
al/esm/MailLock.js" 
was ignored.
node_modules/@mui/ico
ns-material/esm/MailL
ockSharp.js (1:0): 
Module level 
directives cause 
errors when bundled, 
"use client" in "node
_modules/@mui/icons-m
aterial/esm/MailLockS
harp.js" was ignored.
node_modules/@mui/ico
ns-material/esm/MailL
ockTwoTone.js (1:0): 
Module level 
directives cause 
errors when bundled, 
"use client" in "node
_modules/@mui/icons-m
aterial/esm/MailLockT
woTone.js" was 
ignored.
node_modules/@mui/ico
ns-material/esm/MailL
ockOutlined.js 
(1:0): Module level 
directives cause 
errors when bundled, 
"use client" in "node
_modules/@mui/icons-m
aterial/esm/MailLockO
utlined.js" was 
ignored.
node_modules/@mui/ico
ns-material/esm/MailO
utline.js (1:0): 
Module level 
directives cause 
errors when bundled, 
"use client" in "node
_modules/@mui/icons-m
aterial/esm/MailOutli
ne.js" was ignored.
node_modules/@mui/ico
ns-material/esm/MailO
utlineRounded.js 
(1:0): Module level 
directives cause 
errors when bundled, 
"use client" in "node
_modules/@mui/icons-m
aterial/esm/MailOutli
neRounded.js" was 
ignored.
node_modules/@mui/ico
ns-material/esm/MailO
utlineSharp.js 
(1:0): Module level 
directives cause 
errors when bundled, 
"use client" in "node
_modules/@mui/icons-m
aterial/esm/MailOutli
neSharp.js" was 
ignored.
node_modules/@mui/ico
ns-material/esm/MailO
utlined.js (1:0): 
Module level 
directives cause 
errors when bundled, 
"use client" in "node
_modules/@mui/icons-m
aterial/esm/MailOutli
ned.js" was ignored.
node_modules/@mui/ico
ns-material/esm/MailO
utlineTwoTone.js 
(1:0): Module level 
directives cause 
errors when bundled, 
"use client" in "node
_modules/@mui/icons-m
aterial/esm/MailOutli
neTwoTone.js" was 
ignored.
node_modules/@mui/ico
ns-material/esm/MailS
harp.js (1:0): 
Module level 
directives cause 
errors when bundled, 
"use client" in "node
_modules/@mui/icons-m
aterial/esm/MailSharp
.js" was ignored.
node_modules/@mui/ico
ns-material/esm/MailR
ounded.js (1:0): 
Module level 
directives cause 
errors when bundled, 
"use client" in "node
_modules/@mui/icons-m
aterial/esm/MailRound
ed.js" was ignored.
node_modules/@mui/ico
ns-material/esm/MailT
woTone.js (1:0): 
Module level 
directives cause 
errors when bundled, 
"use client" in "node
_modules/@mui/icons-m
aterial/esm/MailTwoTo
ne.js" was ignored.
node_modules/@mui/ico
ns-material/esm/MailO
utlineOutlined.js 
(1:0): Module level 
directives cause 
errors when bundled, 
"use client" in "node
_modules/@mui/icons-m
aterial/esm/MailOutli
neOutlined.js" was 
ignored.
node_modules/@mui/ico
ns-material/esm/Male.
js (1:0): Module 
level directives 
cause errors when 
bundled, "use 
client" in "node_modu
les/@mui/icons-materi
al/esm/Male.js" was 
ignored.
node_modules/@mui/ico
ns-material/esm/MaleO
utlined.js (1:0): 
Module level 
directives cause 
errors when bundled, 
"use client" in "node
_modules/@mui/icons-m
aterial/esm/MaleOutli
ned.js" was ignored.
node_modules/@mui/ico
ns-material/esm/Man.j
s (1:0): Module 
level directives 
cause errors when 
bundled, "use 
client" in "node_modu
les/@mui/icons-materi
al/esm/Man.js" was 
ignored.
node_modules/@mui/ico
ns-material/esm/MaleT
woTone.js (1:0): 
Module level 
directives cause 
errors when bundled, 
"use client" in "node
_modules/@mui/icons-m
aterial/esm/MaleTwoTo
ne.js" was ignored.
node_modules/@mui/ico
ns-material/esm/MaleR
ounded.js (1:0): 
Module level 
directives cause 
errors when bundled, 
"use client" in "node
_modules/@mui/icons-m
aterial/esm/MaleRound
ed.js" was ignored.
node_modules/@mui/ico
ns-material/esm/Man2S
harp.js (1:0): 
Module level 
directives cause 
errors when bundled, 
"use client" in "node
_modules/@mui/icons-m
aterial/esm/Man2Sharp
.js" was ignored.
node_modules/@mui/ico
ns-material/esm/MaleS
harp.js (1:0): 
Module level 
directives cause 
errors when bundled, 
"use client" in "node
_modules/@mui/icons-m
aterial/esm/MaleSharp
.js" was ignored.
node_modules/@mui/ico
ns-material/esm/Man2O
utlined.js (1:0): 
Module level 
directives cause 
errors when bundled, 
"use client" in "node
_modules/@mui/icons-m
aterial/esm/Man2Outli
ned.js" was ignored.
node_modules/@mui/ico
ns-material/esm/Man2.
js (1:0): Module 
level directives 
cause errors when 
bundled, "use 
client" in "node_modu
les/@mui/icons-materi
al/esm/Man2.js" was 
ignored.
node_modules/@mui/ico
ns-material/esm/Man2T
woTone.js (1:0): 
Module level 
directives cause 
errors when bundled, 
"use client" in "node
_modules/@mui/icons-m
aterial/esm/Man2TwoTo
ne.js" was ignored.
node_modules/@mui/ico
ns-material/esm/Man3R
ounded.js (1:0): 
Module level 
directives cause 
errors when bundled, 
"use client" in "node
_modules/@mui/icons-m
aterial/esm/Man3Round
ed.js" was ignored.
node_modules/@mui/ico
ns-material/esm/Man2R
ounded.js (1:0): 
Module level 
directives cause 
errors when bundled, 
"use client" in "node
_modules/@mui/icons-m
aterial/esm/Man2Round
ed.js" was ignored.
node_modules/@mui/ico
ns-material/esm/Man3O
utlined.js (1:0): 
Module level 
directives cause 
errors when bundled, 
"use client" in "node
_modules/@mui/icons-m
aterial/esm/Man3Outli
ned.js" was ignored.
node_modules/@mui/ico
ns-material/esm/Man3.
js (1:0): Module 
level directives 
cause errors when 
bundled, "use 
client" in "node_modu
les/@mui/icons-materi
al/esm/Man3.js" was 
ignored.
node_modules/@mui/ico
ns-material/esm/Man3T
woTone.js (1:0): 
Module level 
directives cause 
errors when bundled, 
"use client" in "node
_modules/@mui/icons-m
aterial/esm/Man3TwoTo
ne.js" was ignored.
node_modules/@mui/ico
ns-material/esm/Man3S
harp.js (1:0): 
Module level 
directives cause 
errors when bundled, 
"use client" in "node
_modules/@mui/icons-m
aterial/esm/Man3Sharp
.js" was ignored.
node_modules/@mui/ico
ns-material/esm/Man4R
ounded.js (1:0): 
Module level 
directives cause 
errors when bundled, 
"use client" in "node
_modules/@mui/icons-m
aterial/esm/Man4Round
ed.js" was ignored.
node_modules/@mui/ico
ns-material/esm/Man4T
woTone.js (1:0): 
Module level 
directives cause 
errors when bundled, 
"use client" in "node
_modules/@mui/icons-m
aterial/esm/Man4TwoTo
ne.js" was ignored.
node_modules/@mui/ico
ns-material/esm/Man4.
js (1:0): Module 
level directives 
cause errors when 
bundled, "use 
client" in "node_modu
les/@mui/icons-materi
al/esm/Man4.js" was 
ignored.
node_modules/@mui/ico
ns-material/esm/Man4S
harp.js (1:0): 
Module level 
directives cause 
errors when bundled, 
"use client" in "node
_modules/@mui/icons-m
aterial/esm/Man4Sharp
.js" was ignored.
node_modules/@mui/ico
ns-material/esm/ManOu
tlined.js (1:0): 
Module level 
directives cause 
errors when bundled, 
"use client" in "node
_modules/@mui/icons-m
aterial/esm/ManOutlin
ed.js" was ignored.
node_modules/@mui/ico
ns-material/esm/ManTw
oTone.js (1:0): 
Module level 
directives cause 
errors when bundled, 
"use client" in "node
_modules/@mui/icons-m
aterial/esm/ManTwoTon
e.js" was ignored.
node_modules/@mui/ico
ns-material/esm/Manag
eAccounts.js (1:0): 
Module level 
directives cause 
errors when bundled, 
"use client" in "node
_modules/@mui/icons-m
aterial/esm/ManageAcc
ounts.js" was 
ignored.
node_modules/@mui/ico
ns-material/esm/Man4O
utlined.js (1:0): 
Module level 
directives cause 
errors when bundled, 
"use client" in "node
_modules/@mui/icons-m
aterial/esm/Man4Outli
ned.js" was ignored.
node_modules/@mui/ico
ns-material/esm/Manag
eAccountsOutlined.js 
(1:0): Module level 
directives cause 
errors when bundled, 
"use client" in "node
_modules/@mui/icons-m
aterial/esm/ManageAcc
ountsOutlined.js" 
was ignored.
node_modules/@mui/ico
ns-material/esm/Manag
eAccountsRounded.js 
(1:0): Module level 
directives cause 
errors when bundled, 
"use client" in "node
_modules/@mui/icons-m
aterial/esm/ManageAcc
ountsRounded.js" was 
ignored.
node_modules/@mui/ico
ns-material/esm/Manag
eAccountsTwoTone.js 
(1:0): Module level 
directives cause 
errors when bundled, 
"use client" in "node
_modules/@mui/icons-m
aterial/esm/ManageAcc
ountsTwoTone.js" was 
ignored.
node_modules/@mui/ico
ns-material/esm/ManRo
unded.js (1:0): 
Module level 
directives cause 
errors when bundled, 
"use client" in "node
_modules/@mui/icons-m
aterial/esm/ManRounde
d.js" was ignored.
node_modules/@mui/ico
ns-material/esm/Manag
eAccountsSharp.js 
(1:0): Module level 
directives cause 
errors when bundled, 
"use client" in "node
_modules/@mui/icons-m
aterial/esm/ManageAcc
ountsSharp.js" was 
ignored.
node_modules/@mui/ico
ns-material/esm/Manag
eHistoryRounded.js 
(1:0): Module level 
directives cause 
errors when bundled, 
"use client" in "node
_modules/@mui/icons-m
aterial/esm/ManageHis
toryRounded.js" was 
ignored.
node_modules/@mui/ico
ns-material/esm/Manag
eHistoryOutlined.js 
(1:0): Module level 
directives cause 
errors when bundled, 
"use client" in "node
_modules/@mui/icons-m
aterial/esm/ManageHis
toryOutlined.js" was 
ignored.
node_modules/@mui/ico
ns-material/esm/Manag
eHistoryTwoTone.js 
(1:0): Module level 
directives cause 
errors when bundled, 
"use client" in "node
_modules/@mui/icons-m
aterial/esm/ManageHis
toryTwoTone.js" was 
ignored.
node_modules/@mui/ico
ns-material/esm/Manag
eSearch.js (1:0): 
Module level 
directives cause 
errors when bundled, 
"use client" in "node
_modules/@mui/icons-m
aterial/esm/ManageSea
rch.js" was ignored.
node_modules/@mui/ico
ns-material/esm/Manag
eHistory.js (1:0): 
Module level 
directives cause 
errors when bundled, 
"use client" in "node
_modules/@mui/icons-m
aterial/esm/ManageHis
tory.js" was ignored.
node_modules/@mui/ico
ns-material/esm/Manag
eSearchOutlined.js 
(1:0): Module level 
directives cause 
errors when bundled, 
"use client" in "node
_modules/@mui/icons-m
aterial/esm/ManageSea
rchOutlined.js" was 
ignored.
node_modules/@mui/ico
ns-material/esm/Manag
eHistorySharp.js 
(1:0): Module level 
directives cause 
errors when bundled, 
"use client" in "node
_modules/@mui/icons-m
aterial/esm/ManageHis
torySharp.js" was 
ignored.
node_modules/@mui/ico
ns-material/esm/ManSh
arp.js (1:0): Module 
level directives 
cause errors when 
bundled, "use 
client" in "node_modu
les/@mui/icons-materi
al/esm/ManSharp.js" 
was ignored.
node_modules/@mui/ico
ns-material/esm/Manag
eSearchRounded.js 
(1:0): Module level 
directives cause 
errors when bundled, 
"use client" in "node
_modules/@mui/icons-m
aterial/esm/ManageSea
rchRounded.js" was 
ignored.
node_modules/@mui/ico
ns-material/esm/Manag
eSearchSharp.js 
(1:0): Module level 
directives cause 
errors when bundled, 
"use client" in "node
_modules/@mui/icons-m
aterial/esm/ManageSea
rchSharp.js" was 
ignored.
node_modules/@mui/ico
ns-material/esm/MapOu
tlined.js (1:0): 
Module level 
directives cause 
errors when bundled, 
"use client" in "node
_modules/@mui/icons-m
aterial/esm/MapOutlin
ed.js" was ignored.
node_modules/@mui/ico
ns-material/esm/Manag
eSearchTwoTone.js 
(1:0): Module level 
directives cause 
errors when bundled, 
"use client" in "node
_modules/@mui/icons-m
aterial/esm/ManageSea
rchTwoTone.js" was 
ignored.
node_modules/@mui/ico
ns-material/esm/MapRo
unded.js (1:0): 
Module level 
directives cause 
errors when bundled, 
"use client" in "node
_modules/@mui/icons-m
aterial/esm/MapRounde
d.js" was ignored.
node_modules/@mui/ico
ns-material/esm/Map.j
s (1:0): Module 
level directives 
cause errors when 
bundled, "use 
client" in "node_modu
les/@mui/icons-materi
al/esm/Map.js" was 
ignored.
node_modules/@mui/ico
ns-material/esm/MapSh
arp.js (1:0): Module 
level directives 
cause errors when 
bundled, "use 
client" in "node_modu
les/@mui/icons-materi
al/esm/MapSharp.js" 
was ignored.
node_modules/@mui/ico
ns-material/esm/MapTw
oTone.js (1:0): 
Module level 
directives cause 
errors when bundled, 
"use client" in "node
_modules/@mui/icons-m
aterial/esm/MapTwoTon
e.js" was ignored.
node_modules/@mui/ico
ns-material/esm/MapsH
omeWorkRounded.js 
(1:0): Module level 
directives cause 
errors when bundled, 
"use client" in "node
_modules/@mui/icons-m
aterial/esm/MapsHomeW
orkRounded.js" was 
ignored.
node_modules/@mui/ico
ns-material/esm/MapsH
omeWork.js (1:0): 
Module level 
directives cause 
errors when bundled, 
"use client" in "node
_modules/@mui/icons-m
aterial/esm/MapsHomeW
ork.js" was ignored.
node_modules/@mui/ico
ns-material/esm/MapsH
omeWorkOutlined.js 
(1:0): Module level 
directives cause 
errors when bundled, 
"use client" in "node
_modules/@mui/icons-m
aterial/esm/MapsHomeW
orkOutlined.js" was 
ignored.
node_modules/@mui/ico
ns-material/esm/MapsH
omeWorkSharp.js 
(1:0): Module level 
directives cause 
errors when bundled, 
"use client" in "node
_modules/@mui/icons-m
aterial/esm/MapsHomeW
orkSharp.js" was 
ignored.
node_modules/@mui/ico
ns-material/esm/MapsH
omeWorkTwoTone.js 
(1:0): Module level 
directives cause 
errors when bundled, 
"use client" in "node
_modules/@mui/icons-m
aterial/esm/MapsHomeW
orkTwoTone.js" was 
ignored.
node_modules/@mui/ico
ns-material/esm/MapsU
gc.js (1:0): Module 
level directives 
cause errors when 
bundled, "use 
client" in "node_modu
les/@mui/icons-materi
al/esm/MapsUgc.js" 
was ignored.
node_modules/@mui/ico
ns-material/esm/MapsU
gcOutlined.js (1:0): 
Module level 
directives cause 
errors when bundled, 
"use client" in "node
_modules/@mui/icons-m
aterial/esm/MapsUgcOu
tlined.js" was 
ignored.
node_modules/@mui/ico
ns-material/esm/MapsU
gcSharp.js (1:0): 
Module level 
directives cause 
errors when bundled, 
"use client" in "node
_modules/@mui/icons-m
aterial/esm/MapsUgcSh
arp.js" was ignored.
node_modules/@mui/ico
ns-material/esm/MapsU
gcRounded.js (1:0): 
Module level 
directives cause 
errors when bundled, 
"use client" in "node
_modules/@mui/icons-m
aterial/esm/MapsUgcRo
unded.js" was 
ignored.
node_modules/@mui/ico
ns-material/esm/MapsU
gcTwoTone.js (1:0): 
Module level 
directives cause 
errors when bundled, 
"use client" in "node
_modules/@mui/icons-m
aterial/esm/MapsUgcTw
oTone.js" was 
ignored.
node_modules/@mui/ico
ns-material/esm/Margi
nOutlined.js (1:0): 
Module level 
directives cause 
errors when bundled, 
"use client" in "node
_modules/@mui/icons-m
aterial/esm/MarginOut
lined.js" was 
ignored.
node_modules/@mui/ico
ns-material/esm/Margi
n.js (1:0): Module 
level directives 
cause errors when 
bundled, "use 
client" in "node_modu
les/@mui/icons-materi
al/esm/Margin.js" 
was ignored.
node_modules/@mui/ico
ns-material/esm/Margi
nRounded.js (1:0): 
Module level 
directives cause 
errors when bundled, 
"use client" in "node
_modules/@mui/icons-m
aterial/esm/MarginRou
nded.js" was ignored.
node_modules/@mui/ico
ns-material/esm/Margi
nTwoTone.js (1:0): 
Module level 
directives cause 
errors when bundled, 
"use client" in "node
_modules/@mui/icons-m
aterial/esm/MarginTwo
Tone.js" was ignored.
node_modules/@mui/ico
ns-material/esm/Margi
nSharp.js (1:0): 
Module level 
directives cause 
errors when bundled, 
"use client" in "node
_modules/@mui/icons-m
aterial/esm/MarginSha
rp.js" was ignored.
node_modules/@mui/ico
ns-material/esm/MarkA
sUnreadRounded.js 
(1:0): Module level 
directives cause 
errors when bundled, 
"use client" in "node
_modules/@mui/icons-m
aterial/esm/MarkAsUnr
eadRounded.js" was 
ignored.
node_modules/@mui/ico
ns-material/esm/MarkA
sUnread.js (1:0): 
Module level 
directives cause 
errors when bundled, 
"use client" in "node
_modules/@mui/icons-m
aterial/esm/MarkAsUnr
ead.js" was ignored.
node_modules/@mui/ico
ns-material/esm/MarkA
sUnreadOutlined.js 
(1:0): Module level 
directives cause 
errors when bundled, 
"use client" in "node
_modules/@mui/icons-m
aterial/esm/MarkAsUnr
eadOutlined.js" was 
ignored.
node_modules/@mui/ico
ns-material/esm/MarkA
sUnreadSharp.js 
(1:0): Module level 
directives cause 
errors when bundled, 
"use client" in "node
_modules/@mui/icons-m
aterial/esm/MarkAsUnr
eadSharp.js" was 
ignored.
node_modules/@mui/ico
ns-material/esm/MarkA
sUnreadTwoTone.js 
(1:0): Module level 
directives cause 
errors when bundled, 
"use client" in "node
_modules/@mui/icons-m
aterial/esm/MarkAsUnr
eadTwoTone.js" was 
ignored.
node_modules/@mui/ico
ns-material/esm/MarkC
hatRead.js (1:0): 
Module level 
directives cause 
errors when bundled, 
"use client" in "node
_modules/@mui/icons-m
aterial/esm/MarkChatR
ead.js" was ignored.
node_modules/@mui/ico
ns-material/esm/MarkC
hatReadSharp.js 
(1:0): Module level 
directives cause 
errors when bundled, 
"use client" in "node
_modules/@mui/icons-m
aterial/esm/MarkChatR
eadSharp.js" was 
ignored.
node_modules/@mui/ico
ns-material/esm/MarkC
hatReadRounded.js 
(1:0): Module level 
directives cause 
errors when bundled, 
"use client" in "node
_modules/@mui/icons-m
aterial/esm/MarkChatR
eadRounded.js" was 
ignored.
node_modules/@mui/ico
ns-material/esm/MarkC
hatReadOutlined.js 
(1:0): Module level 
directives cause 
errors when bundled, 
"use client" in "node
_modules/@mui/icons-m
aterial/esm/MarkChatR
eadOutlined.js" was 
ignored.
node_modules/@mui/ico
ns-material/esm/MarkC
hatUnread.js (1:0): 
Module level 
directives cause 
errors when bundled, 
"use client" in "node
_modules/@mui/icons-m
aterial/esm/MarkChatU
nread.js" was 
ignored.
node_modules/@mui/ico
ns-material/esm/MarkC
hatReadTwoTone.js 
(1:0): Module level 
directives cause 
errors when bundled, 
"use client" in "node
_modules/@mui/icons-m
aterial/esm/MarkChatR
eadTwoTone.js" was 
ignored.
node_modules/@mui/ico
ns-material/esm/MarkC
hatUnreadOutlined.js 
(1:0): Module level 
directives cause 
errors when bundled, 
"use client" in "node
_modules/@mui/icons-m
aterial/esm/MarkChatU
nreadOutlined.js" 
was ignored.
node_modules/@mui/ico
ns-material/esm/MarkC
hatUnreadRounded.js 
(1:0): Module level 
directives cause 
errors when bundled, 
"use client" in "node
_modules/@mui/icons-m
aterial/esm/MarkChatU
nreadRounded.js" was 
ignored.
node_modules/@mui/ico
ns-material/esm/MarkC
hatUnreadSharp.js 
(1:0): Module level 
directives cause 
errors when bundled, 
"use client" in "node
_modules/@mui/icons-m
aterial/esm/MarkChatU
nreadSharp.js" was 
ignored.
node_modules/@mui/ico
ns-material/esm/MarkE
mailReadOutlined.js 
(1:0): Module level 
directives cause 
errors when bundled, 
"use client" in "node
_modules/@mui/icons-m
aterial/esm/MarkEmail
ReadOutlined.js" was 
ignored.
node_modules/@mui/ico
ns-material/esm/MarkC
hatUnreadTwoTone.js 
(1:0): Module level 
directives cause 
errors when bundled, 
"use client" in "node
_modules/@mui/icons-m
aterial/esm/MarkChatU
nreadTwoTone.js" was 
ignored.
node_modules/@mui/ico
ns-material/esm/MarkE
mailRead.js (1:0): 
Module level 
directives cause 
errors when bundled, 
"use client" in "node
_modules/@mui/icons-m
aterial/esm/MarkEmail
Read.js" was ignored.
node_modules/@mui/ico
ns-material/esm/MarkE
mailReadRounded.js 
(1:0): Module level 
directives cause 
errors when bundled, 
"use client" in "node
_modules/@mui/icons-m
aterial/esm/MarkEmail
ReadRounded.js" was 
ignored.
node_modules/@mui/ico
ns-material/esm/MarkE
mailUnread.js (1:0): 
Module level 
directives cause 
errors when bundled, 
"use client" in "node
_modules/@mui/icons-m
aterial/esm/MarkEmail
Unread.js" was 
ignored.
node_modules/@mui/ico
ns-material/esm/MarkE
mailReadSharp.js 
(1:0): Module level 
directives cause 
errors when bundled, 
"use client" in "node
_modules/@mui/icons-m
aterial/esm/MarkEmail
ReadSharp.js" was 
ignored.
node_modules/@mui/ico
ns-material/esm/MarkE
mailReadTwoTone.js 
(1:0): Module level 
directives cause 
errors when bundled, 
"use client" in "node
_modules/@mui/icons-m
aterial/esm/MarkEmail
ReadTwoTone.js" was 
ignored.
node_modules/@mui/ico
ns-material/esm/MarkE
mailUnreadRounded.js 
(1:0): Module level 
directives cause 
errors when bundled, 
"use client" in "node
_modules/@mui/icons-m
aterial/esm/MarkEmail
UnreadRounded.js" 
was ignored.
node_modules/@mui/ico
ns-material/esm/MarkE
mailUnreadTwoTone.js 
(1:0): Module level 
directives cause 
errors when bundled, 
"use client" in "node
_modules/@mui/icons-m
aterial/esm/MarkEmail
UnreadTwoTone.js" 
was ignored.
node_modules/@mui/ico
ns-material/esm/MarkE
mailUnreadSharp.js 
(1:0): Module level 
directives cause 
errors when bundled, 
"use client" in "node
_modules/@mui/icons-m
aterial/esm/MarkEmail
UnreadSharp.js" was 
ignored.
node_modules/@mui/ico
ns-material/esm/MarkU
nreadChatAlt.js 
(1:0): Module level 
directives cause 
errors when bundled, 
"use client" in "node
_modules/@mui/icons-m
aterial/esm/MarkUnrea
dChatAlt.js" was 
ignored.
node_modules/@mui/ico
ns-material/esm/MarkU
nreadChatAltOutlined.
js (1:0): Module 
level directives 
cause errors when 
bundled, "use 
client" in "node_modu
les/@mui/icons-materi
al/esm/MarkUnreadChat
AltOutlined.js" was 
ignored.
node_modules/@mui/ico
ns-material/esm/MarkU
nreadChatAltRounded.j
s (1:0): Module 
level directives 
cause errors when 
bundled, "use 
client" in "node_modu
les/@mui/icons-materi
al/esm/MarkUnreadChat
AltRounded.js" was 
ignored.
node_modules/@mui/ico
ns-material/esm/MarkE
mailUnreadOutlined.js
 (1:0): Module level 
directives cause 
errors when bundled, 
"use client" in "node
_modules/@mui/icons-m
aterial/esm/MarkEmail
UnreadOutlined.js" 
was ignored.
node_modules/@mui/ico
ns-material/esm/MarkU
nreadChatAltTwoTone.j
s (1:0): Module 
level directives 
cause errors when 
bundled, "use 
client" in "node_modu
les/@mui/icons-materi
al/esm/MarkUnreadChat
AltTwoTone.js" was 
ignored.
node_modules/@mui/ico
ns-material/esm/MarkU
nreadChatAltSharp.js 
(1:0): Module level 
directives cause 
errors when bundled, 
"use client" in "node
_modules/@mui/icons-m
aterial/esm/MarkUnrea
dChatAltSharp.js" 
was ignored.
node_modules/@mui/ico
ns-material/esm/Marku
nread.js (1:0): 
Module level 
directives cause 
errors when bundled, 
"use client" in "node
_modules/@mui/icons-m
aterial/esm/Markunrea
d.js" was ignored.
node_modules/@mui/ico
ns-material/esm/Marku
nreadMailboxOutlined.
js (1:0): Module 
level directives 
cause errors when 
bundled, "use 
client" in "node_modu
les/@mui/icons-materi
al/esm/MarkunreadMail
boxOutlined.js" was 
ignored.
node_modules/@mui/ico
ns-material/esm/Marku
nreadMailbox.js 
(1:0): Module level 
directives cause 
errors when bundled, 
"use client" in "node
_modules/@mui/icons-m
aterial/esm/Markunrea
dMailbox.js" was 
ignored.
node_modules/@mui/ico
ns-material/esm/Marku
nreadMailboxTwoTone.j
s (1:0): Module 
level directives 
cause errors when 
bundled, "use 
client" in "node_modu
les/@mui/icons-materi
al/esm/MarkunreadMail
boxTwoTone.js" was 
ignored.
node_modules/@mui/ico
ns-material/esm/Marku
nreadMailboxRounded.j
s (1:0): Module 
level directives 
cause errors when 
bundled, "use 
client" in "node_modu
les/@mui/icons-materi
al/esm/MarkunreadMail
boxRounded.js" was 
ignored.
node_modules/@mui/ico
ns-material/esm/Marku
nreadMailboxSharp.js 
(1:0): Module level 
directives cause 
errors when bundled, 
"use client" in "node
_modules/@mui/icons-m
aterial/esm/Markunrea
dMailboxSharp.js" 
was ignored.
node_modules/@mui/ico
ns-material/esm/Marku
nreadOutlined.js 
(1:0): Module level 
directives cause 
errors when bundled, 
"use client" in "node
_modules/@mui/icons-m
aterial/esm/Markunrea
dOutlined.js" was 
ignored.
node_modules/@mui/ico
ns-material/esm/Marku
nreadRounded.js 
(1:0): Module level 
directives cause 
errors when bundled, 
"use client" in "node
_modules/@mui/icons-m
aterial/esm/Markunrea
dRounded.js" was 
ignored.
node_modules/@mui/ico
ns-material/esm/Marku
nreadSharp.js (1:0): 
Module level 
directives cause 
errors when bundled, 
"use client" in "node
_modules/@mui/icons-m
aterial/esm/Markunrea
dSharp.js" was 
ignored.
node_modules/@mui/ico
ns-material/esm/Marku
nreadTwoTone.js 
(1:0): Module level 
directives cause 
errors when bundled, 
"use client" in "node
_modules/@mui/icons-m
aterial/esm/Markunrea
dTwoTone.js" was 
ignored.
node_modules/@mui/ico
ns-material/esm/Masks
Outlined.js (1:0): 
Module level 
directives cause 
errors when bundled, 
"use client" in "node
_modules/@mui/icons-m
aterial/esm/MasksOutl
ined.js" was ignored.
node_modules/@mui/ico
ns-material/esm/Masks
.js (1:0): Module 
level directives 
cause errors when 
bundled, "use 
client" in "node_modu
les/@mui/icons-materi
al/esm/Masks.js" was 
ignored.
node_modules/@mui/ico
ns-material/esm/Masks
TwoTone.js (1:0): 
Module level 
directives cause 
errors when bundled, 
"use client" in "node
_modules/@mui/icons-m
aterial/esm/MasksTwoT
one.js" was ignored.
node_modules/@mui/ico
ns-material/esm/Maxim
ize.js (1:0): Module 
level directives 
cause errors when 
bundled, "use 
client" in "node_modu
les/@mui/icons-materi
al/esm/Maximize.js" 
was ignored.
node_modules/@mui/ico
ns-material/esm/Masks
Rounded.js (1:0): 
Module level 
directives cause 
errors when bundled, 
"use client" in "node
_modules/@mui/icons-m
aterial/esm/MasksRoun
ded.js" was ignored.
node_modules/@mui/ico
ns-material/esm/Masks
Sharp.js (1:0): 
Module level 
directives cause 
errors when bundled, 
"use client" in "node
_modules/@mui/icons-m
aterial/esm/MasksShar
p.js" was ignored.
node_modules/@mui/ico
ns-material/esm/Maxim
izeRounded.js (1:0): 
Module level 
directives cause 
errors when bundled, 
"use client" in "node
_modules/@mui/icons-m
aterial/esm/MaximizeR
ounded.js" was 
ignored.
node_modules/@mui/ico
ns-material/esm/Maxim
izeOutlined.js 
(1:0): Module level 
directives cause 
errors when bundled, 
"use client" in "node
_modules/@mui/icons-m
aterial/esm/MaximizeO
utlined.js" was 
ignored.
node_modules/@mui/ico
ns-material/esm/Media
BluetoothOffOutlined.
js (1:0): Module 
level directives 
cause errors when 
bundled, "use 
client" in "node_modu
les/@mui/icons-materi
al/esm/MediaBluetooth
OffOutlined.js" was 
ignored.
node_modules/@mui/ico
ns-material/esm/Maxim
izeSharp.js (1:0): 
Module level 
directives cause 
errors when bundled, 
"use client" in "node
_modules/@mui/icons-m
aterial/esm/MaximizeS
harp.js" was ignored.
node_modules/@mui/ico
ns-material/esm/Media
BluetoothOffRounded.j
s (1:0): Module 
level directives 
cause errors when 
bundled, "use 
client" in "node_modu
les/@mui/icons-materi
al/esm/MediaBluetooth
OffRounded.js" was 
ignored.
node_modules/@mui/ico
ns-material/esm/Maxim
izeTwoTone.js (1:0): 
Module level 
directives cause 
errors when bundled, 
"use client" in "node
_modules/@mui/icons-m
aterial/esm/MaximizeT
woTone.js" was 
ignored.
node_modules/@mui/ico
ns-material/esm/Media
BluetoothOff.js 
(1:0): Module level 
directives cause 
errors when bundled, 
"use client" in "node
_modules/@mui/icons-m
aterial/esm/MediaBlue
toothOff.js" was 
ignored.
node_modules/@mui/ico
ns-material/esm/Media
BluetoothOn.js 
(1:0): Module level 
directives cause 
errors when bundled, 
"use client" in "node
_modules/@mui/icons-m
aterial/esm/MediaBlue
toothOn.js" was 
ignored.
node_modules/@mui/ico
ns-material/esm/Media
BluetoothOffTwoTone.j
s (1:0): Module 
level directives 
cause errors when 
bundled, "use 
client" in "node_modu
les/@mui/icons-materi
al/esm/MediaBluetooth
OffTwoTone.js" was 
ignored.
node_modules/@mui/ico
ns-material/esm/Media
BluetoothOffSharp.js 
(1:0): Module level 
directives cause 
errors when bundled, 
"use client" in "node
_modules/@mui/icons-m
aterial/esm/MediaBlue
toothOffSharp.js" 
was ignored.
node_modules/@mui/ico
ns-material/esm/Media
BluetoothOnRounded.js
 (1:0): Module level 
directives cause 
errors when bundled, 
"use client" in "node
_modules/@mui/icons-m
aterial/esm/MediaBlue
toothOnRounded.js" 
was ignored.
node_modules/@mui/ico
ns-material/esm/Media
BluetoothOnTwoTone.js
 (1:0): Module level 
directives cause 
errors when bundled, 
"use client" in "node
_modules/@mui/icons-m
aterial/esm/MediaBlue
toothOnTwoTone.js" 
was ignored.
node_modules/@mui/ico
ns-material/esm/Media
BluetoothOnOutlined.j
s (1:0): Module 
level directives 
cause errors when 
bundled, "use 
client" in "node_modu
les/@mui/icons-materi
al/esm/MediaBluetooth
OnOutlined.js" was 
ignored.
node_modules/@mui/ico
ns-material/esm/Media
BluetoothOnSharp.js 
(1:0): Module level 
directives cause 
errors when bundled, 
"use client" in "node
_modules/@mui/icons-m
aterial/esm/MediaBlue
toothOnSharp.js" was 
ignored.
node_modules/@mui/ico
ns-material/esm/Media
tion.js (1:0): 
Module level 
directives cause 
errors when bundled, 
"use client" in "node
_modules/@mui/icons-m
aterial/esm/Mediation
.js" was ignored.
node_modules/@mui/ico
ns-material/esm/Media
tionOutlined.js 
(1:0): Module level 
directives cause 
errors when bundled, 
"use client" in "node
_modules/@mui/icons-m
aterial/esm/Mediation
Outlined.js" was 
ignored.
node_modules/@mui/ico
ns-material/esm/Media
tionSharp.js (1:0): 
Module level 
directives cause 
errors when bundled, 
"use client" in "node
_modules/@mui/icons-m
aterial/esm/Mediation
Sharp.js" was 
ignored.
node_modules/@mui/ico
ns-material/esm/Media
tionRounded.js 
(1:0): Module level 
directives cause 
errors when bundled, 
"use client" in "node
_modules/@mui/icons-m
aterial/esm/Mediation
Rounded.js" was 
ignored.
node_modules/@mui/ico
ns-material/esm/Medic
alInformationOutlined
.js (1:0): Module 
level directives 
cause errors when 
bundled, "use 
client" in "node_modu
les/@mui/icons-materi
al/esm/MedicalInforma
tionOutlined.js" was 
ignored.
node_modules/@mui/ico
ns-material/esm/Media
tionTwoTone.js 
(1:0): Module level 
directives cause 
errors when bundled, 
"use client" in "node
_modules/@mui/icons-m
aterial/esm/Mediation
TwoTone.js" was 
ignored.
node_modules/@mui/ico
ns-material/esm/Medic
alInformation.js 
(1:0): Module level 
directives cause 
errors when bundled, 
"use client" in "node
_modules/@mui/icons-m
aterial/esm/MedicalIn
formation.js" was 
ignored.
node_modules/@mui/ico
ns-material/esm/Medic
alInformationRounded.
js (1:0): Module 
level directives 
cause errors when 
bundled, "use 
client" in "node_modu
les/@mui/icons-materi
al/esm/MedicalInforma
tionRounded.js" was 
ignored.
node_modules/@mui/ico
ns-material/esm/Medic
alInformationTwoTone.
js (1:0): Module 
level directives 
cause errors when 
bundled, "use 
client" in "node_modu
les/@mui/icons-materi
al/esm/MedicalInforma
tionTwoTone.js" was 
ignored.
node_modules/@mui/ico
ns-material/esm/Medic
alInformationSharp.js
 (1:0): Module level 
directives cause 
errors when bundled, 
"use client" in "node
_modules/@mui/icons-m
aterial/esm/MedicalIn
formationSharp.js" 
was ignored.
node_modules/@mui/ico
ns-material/esm/Medic
alServicesOutlined.js
 (1:0): Module level 
directives cause 
errors when bundled, 
"use client" in "node
_modules/@mui/icons-m
aterial/esm/MedicalSe
rvicesOutlined.js" 
was ignored.
node_modules/@mui/ico
ns-material/esm/Medic
alServicesRounded.js 
(1:0): Module level 
directives cause 
errors when bundled, 
"use client" in "node
_modules/@mui/icons-m
aterial/esm/MedicalSe
rvicesRounded.js" 
was ignored.
node_modules/@mui/ico
ns-material/esm/Medic
alServices.js (1:0): 
Module level 
directives cause 
errors when bundled, 
"use client" in "node
_modules/@mui/icons-m
aterial/esm/MedicalSe
rvices.js" was 
ignored.
node_modules/@mui/ico
ns-material/esm/Medic
alServicesTwoTone.js 
(1:0): Module level 
directives cause 
errors when bundled, 
"use client" in "node
_modules/@mui/icons-m
aterial/esm/MedicalSe
rvicesTwoTone.js" 
was ignored.
node_modules/@mui/ico
ns-material/esm/Medic
ation.js (1:0): 
Module level 
directives cause 
errors when bundled, 
"use client" in "node
_modules/@mui/icons-m
aterial/esm/Medicatio
n.js" was ignored.
node_modules/@mui/ico
ns-material/esm/Medic
ationLiquid.js 
(1:0): Module level 
directives cause 
errors when bundled, 
"use client" in "node
_modules/@mui/icons-m
aterial/esm/Medicatio
nLiquid.js" was 
ignored.
node_modules/@mui/ico
ns-material/esm/Medic
ationLiquidRounded.js
 (1:0): Module level 
directives cause 
errors when bundled, 
"use client" in "node
_modules/@mui/icons-m
aterial/esm/Medicatio
nLiquidRounded.js" 
was ignored.
node_modules/@mui/ico
ns-material/esm/Medic
alServicesSharp.js 
(1:0): Module level 
directives cause 
errors when bundled, 
"use client" in "node
_modules/@mui/icons-m
aterial/esm/MedicalSe
rvicesSharp.js" was 
ignored.
node_modules/@mui/ico
ns-material/esm/Medic
ationLiquidTwoTone.js
 (1:0): Module level 
directives cause 
errors when bundled, 
"use client" in "node
_modules/@mui/icons-m
aterial/esm/Medicatio
nLiquidTwoTone.js" 
was ignored.
node_modules/@mui/ico
ns-material/esm/Medic
ationLiquidOutlined.j
s (1:0): Module 
level directives 
cause errors when 
bundled, "use 
client" in "node_modu
les/@mui/icons-materi
al/esm/MedicationLiqu
idOutlined.js" was 
ignored.
node_modules/@mui/ico
ns-material/esm/Medic
ationLiquidSharp.js 
(1:0): Module level 
directives cause 
errors when bundled, 
"use client" in "node
_modules/@mui/icons-m
aterial/esm/Medicatio
nLiquidSharp.js" was 
ignored.
node_modules/@mui/ico
ns-material/esm/Medic
ationRounded.js 
(1:0): Module level 
directives cause 
errors when bundled, 
"use client" in "node
_modules/@mui/icons-m
aterial/esm/Medicatio
nRounded.js" was 
ignored.
node_modules/@mui/ico
ns-material/esm/Medic
ationOutlined.js 
(1:0): Module level 
directives cause 
errors when bundled, 
"use client" in "node
_modules/@mui/icons-m
aterial/esm/Medicatio
nOutlined.js" was 
ignored.
node_modules/@mui/ico
ns-material/esm/Medic
ationTwoTone.js 
(1:0): Module level 
directives cause 
errors when bundled, 
"use client" in "node
_modules/@mui/icons-m
aterial/esm/Medicatio
nTwoTone.js" was 
ignored.
node_modules/@mui/ico
ns-material/esm/Medic
ationSharp.js (1:0): 
Module level 
directives cause 
errors when bundled, 
"use client" in "node
_modules/@mui/icons-m
aterial/esm/Medicatio
nSharp.js" was 
ignored.
node_modules/@mui/ico
ns-material/esm/Meeti
ngRoom.js (1:0): 
Module level 
directives cause 
errors when bundled, 
"use client" in "node
_modules/@mui/icons-m
aterial/esm/MeetingRo
om.js" was ignored.
node_modules/@mui/ico
ns-material/esm/Meeti
ngRoomOutlined.js 
(1:0): Module level 
directives cause 
errors when bundled, 
"use client" in "node
_modules/@mui/icons-m
aterial/esm/MeetingRo
omOutlined.js" was 
ignored.
node_modules/@mui/ico
ns-material/esm/Meeti
ngRoomRounded.js 
(1:0): Module level 
directives cause 
errors when bundled, 
"use client" in "node
_modules/@mui/icons-m
aterial/esm/MeetingRo
omRounded.js" was 
ignored.
node_modules/@mui/ico
ns-material/esm/Meeti
ngRoomTwoTone.js 
(1:0): Module level 
directives cause 
errors when bundled, 
"use client" in "node
_modules/@mui/icons-m
aterial/esm/MeetingRo
omTwoTone.js" was 
ignored.
node_modules/@mui/ico
ns-material/esm/Memor
yOutlined.js (1:0): 
Module level 
directives cause 
errors when bundled, 
"use client" in "node
_modules/@mui/icons-m
aterial/esm/MemoryOut
lined.js" was 
ignored.
node_modules/@mui/ico
ns-material/esm/Meeti
ngRoomSharp.js 
(1:0): Module level 
directives cause 
errors when bundled, 
"use client" in "node
_modules/@mui/icons-m
aterial/esm/MeetingRo
omSharp.js" was 
ignored.
node_modules/@mui/ico
ns-material/esm/Memor
yRounded.js (1:0): 
Module level 
directives cause 
errors when bundled, 
"use client" in "node
_modules/@mui/icons-m
aterial/esm/MemoryRou
nded.js" was ignored.
node_modules/@mui/ico
ns-material/esm/Memor
y.js (1:0): Module 
level directives 
cause errors when 
bundled, "use 
client" in "node_modu
les/@mui/icons-materi
al/esm/Memory.js" 
was ignored.
node_modules/@mui/ico
ns-material/esm/Memor
yTwoTone.js (1:0): 
Module level 
directives cause 
errors when bundled, 
"use client" in "node
_modules/@mui/icons-m
aterial/esm/MemoryTwo
Tone.js" was ignored.
node_modules/@mui/ico
ns-material/esm/Memor
ySharp.js (1:0): 
Module level 
directives cause 
errors when bundled, 
"use client" in "node
_modules/@mui/icons-m
aterial/esm/MemorySha
rp.js" was ignored.
node_modules/@mui/ico
ns-material/esm/MenuB
ook.js (1:0): Module 
level directives 
cause errors when 
bundled, "use 
client" in "node_modu
les/@mui/icons-materi
al/esm/MenuBook.js" 
was ignored.
node_modules/@mui/ico
ns-material/esm/Menu.
js (1:0): Module 
level directives 
cause errors when 
bundled, "use 
client" in "node_modu
les/@mui/icons-materi
al/esm/Menu.js" was 
ignored.
node_modules/@mui/ico
ns-material/esm/MenuB
ookSharp.js (1:0): 
Module level 
directives cause 
errors when bundled, 
"use client" in "node
_modules/@mui/icons-m
aterial/esm/MenuBookS
harp.js" was ignored.
node_modules/@mui/ico
ns-material/esm/MenuB
ookRounded.js (1:0): 
Module level 
directives cause 
errors when bundled, 
"use client" in "node
_modules/@mui/icons-m
aterial/esm/MenuBookR
ounded.js" was 
ignored.
node_modules/@mui/ico
ns-material/esm/MenuB
ookTwoTone.js (1:0): 
Module level 
directives cause 
errors when bundled, 
"use client" in "node
_modules/@mui/icons-m
aterial/esm/MenuBookT
woTone.js" was 
ignored.
node_modules/@mui/ico
ns-material/esm/MenuO
penOutlined.js 
(1:0): Module level 
directives cause 
errors when bundled, 
"use client" in "node
_modules/@mui/icons-m
aterial/esm/MenuOpenO
utlined.js" was 
ignored.
node_modules/@mui/ico
ns-material/esm/MenuO
pen.js (1:0): Module 
level directives 
cause errors when 
bundled, "use 
client" in "node_modu
les/@mui/icons-materi
al/esm/MenuOpen.js" 
was ignored.
node_modules/@mui/ico
ns-material/esm/MenuB
ookOutlined.js 
(1:0): Module level 
directives cause 
errors when bundled, 
"use client" in "node
_modules/@mui/icons-m
aterial/esm/MenuBookO
utlined.js" was 
ignored.
node_modules/@mui/ico
ns-material/esm/MenuO
penSharp.js (1:0): 
Module level 
directives cause 
errors when bundled, 
"use client" in "node
_modules/@mui/icons-m
aterial/esm/MenuOpenS
harp.js" was ignored.
node_modules/@mui/ico
ns-material/esm/MenuO
penRounded.js (1:0): 
Module level 
directives cause 
errors when bundled, 
"use client" in "node
_modules/@mui/icons-m
aterial/esm/MenuOpenR
ounded.js" was 
ignored.
node_modules/@mui/ico
ns-material/esm/MenuO
utlined.js (1:0): 
Module level 
directives cause 
errors when bundled, 
"use client" in "node
_modules/@mui/icons-m
aterial/esm/MenuOutli
ned.js" was ignored.
node_modules/@mui/ico
ns-material/esm/MenuO
penTwoTone.js (1:0): 
Module level 
directives cause 
errors when bundled, 
"use client" in "node
_modules/@mui/icons-m
aterial/esm/MenuOpenT
woTone.js" was 
ignored.
node_modules/@mui/ico
ns-material/esm/MenuS
harp.js (1:0): 
Module level 
directives cause 
errors when bundled, 
"use client" in "node
_modules/@mui/icons-m
aterial/esm/MenuSharp
.js" was ignored.
node_modules/@mui/ico
ns-material/esm/MenuR
ounded.js (1:0): 
Module level 
directives cause 
errors when bundled, 
"use client" in "node
_modules/@mui/icons-m
aterial/esm/MenuRound
ed.js" was ignored.
node_modules/@mui/ico
ns-material/esm/Merge
.js (1:0): Module 
level directives 
cause errors when 
bundled, "use 
client" in "node_modu
les/@mui/icons-materi
al/esm/Merge.js" was 
ignored.
node_modules/@mui/ico
ns-material/esm/MenuT
woTone.js (1:0): 
Module level 
directives cause 
errors when bundled, 
"use client" in "node
_modules/@mui/icons-m
aterial/esm/MenuTwoTo
ne.js" was ignored.
node_modules/@mui/ico
ns-material/esm/Merge
Rounded.js (1:0): 
Module level 
directives cause 
errors when bundled, 
"use client" in "node
_modules/@mui/icons-m
aterial/esm/MergeRoun
ded.js" was ignored.
node_modules/@mui/ico
ns-material/esm/Merge
Outlined.js (1:0): 
Module level 
directives cause 
errors when bundled, 
"use client" in "node
_modules/@mui/icons-m
aterial/esm/MergeOutl
ined.js" was ignored.
node_modules/@mui/ico
ns-material/esm/Merge
Sharp.js (1:0): 
Module level 
directives cause 
errors when bundled, 
"use client" in "node
_modules/@mui/icons-m
aterial/esm/MergeShar
p.js" was ignored.
node_modules/@mui/ico
ns-material/esm/Merge
TypeRounded.js 
(1:0): Module level 
directives cause 
errors when bundled, 
"use client" in "node
_modules/@mui/icons-m
aterial/esm/MergeType
Rounded.js" was 
ignored.
node_modules/@mui/ico
ns-material/esm/Merge
TwoTone.js (1:0): 
Module level 
directives cause 
errors when bundled, 
"use client" in "node
_modules/@mui/icons-m
aterial/esm/MergeTwoT
one.js" was ignored.
node_modules/@mui/ico
ns-material/esm/Merge
TypeOutlined.js 
(1:0): Module level 
directives cause 
errors when bundled, 
"use client" in "node
_modules/@mui/icons-m
aterial/esm/MergeType
Outlined.js" was 
ignored.
node_modules/@mui/ico
ns-material/esm/Merge
TypeTwoTone.js 
(1:0): Module level 
directives cause 
errors when bundled, 
"use client" in "node
_modules/@mui/icons-m
aterial/esm/MergeType
TwoTone.js" was 
ignored.
node_modules/@mui/ico
ns-material/esm/Merge
TypeSharp.js (1:0): 
Module level 
directives cause 
errors when bundled, 
"use client" in "node
_modules/@mui/icons-m
aterial/esm/MergeType
Sharp.js" was 
ignored.
node_modules/@mui/ico
ns-material/esm/Messa
ge.js (1:0): Module 
level directives 
cause errors when 
bundled, "use 
client" in "node_modu
les/@mui/icons-materi
al/esm/Message.js" 
was ignored.
node_modules/@mui/ico
ns-material/esm/Messa
geRounded.js (1:0): 
Module level 
directives cause 
errors when bundled, 
"use client" in "node
_modules/@mui/icons-m
aterial/esm/MessageRo
unded.js" was 
ignored.
node_modules/@mui/ico
ns-material/esm/Messa
geOutlined.js (1:0): 
Module level 
directives cause 
errors when bundled, 
"use client" in "node
_modules/@mui/icons-m
aterial/esm/MessageOu
tlined.js" was 
ignored.
node_modules/@mui/ico
ns-material/esm/Messa
geTwoTone.js (1:0): 
Module level 
directives cause 
errors when bundled, 
"use client" in "node
_modules/@mui/icons-m
aterial/esm/MessageTw
oTone.js" was 
ignored.
node_modules/@mui/ico
ns-material/esm/Messa
geSharp.js (1:0): 
Module level 
directives cause 
errors when bundled, 
"use client" in "node
_modules/@mui/icons-m
aterial/esm/MessageSh
arp.js" was ignored.
node_modules/@mui/ico
ns-material/esm/MicEx
ternalOff.js (1:0): 
Module level 
directives cause 
errors when bundled, 
"use client" in "node
_modules/@mui/icons-m
aterial/esm/MicExtern
alOff.js" was 
ignored.
node_modules/@mui/ico
ns-material/esm/Mic.j
s (1:0): Module 
level directives 
cause errors when 
bundled, "use 
client" in "node_modu
les/@mui/icons-materi
al/esm/Mic.js" was 
ignored.
node_modules/@mui/ico
ns-material/esm/Merge
Type.js (1:0): 
Module level 
directives cause 
errors when bundled, 
"use client" in "node
_modules/@mui/icons-m
aterial/esm/MergeType
.js" was ignored.
node_modules/@mui/ico
ns-material/esm/MicEx
ternalOffRounded.js 
(1:0): Module level 
directives cause 
errors when bundled, 
"use client" in "node
_modules/@mui/icons-m
aterial/esm/MicExtern
alOffRounded.js" was 
ignored.
node_modules/@mui/ico
ns-material/esm/MicEx
ternalOffOutlined.js 
(1:0): Module level 
directives cause 
errors when bundled, 
"use client" in "node
_modules/@mui/icons-m
aterial/esm/MicExtern
alOffOutlined.js" 
was ignored.
node_modules/@mui/ico
ns-material/esm/MicEx
ternalOffTwoTone.js 
(1:0): Module level 
directives cause 
errors when bundled, 
"use client" in "node
_modules/@mui/icons-m
aterial/esm/MicExtern
alOffTwoTone.js" was 
ignored.
node_modules/@mui/ico
ns-material/esm/MicEx
ternalOn.js (1:0): 
Module level 
directives cause 
errors when bundled, 
"use client" in "node
_modules/@mui/icons-m
aterial/esm/MicExtern
alOn.js" was ignored.
node_modules/@mui/ico
ns-material/esm/MicEx
ternalOffSharp.js 
(1:0): Module level 
directives cause 
errors when bundled, 
"use client" in "node
_modules/@mui/icons-m
aterial/esm/MicExtern
alOffSharp.js" was 
ignored.
node_modules/@mui/ico
ns-material/esm/MicEx
ternalOnOutlined.js 
(1:0): Module level 
directives cause 
errors when bundled, 
"use client" in "node
_modules/@mui/icons-m
aterial/esm/MicExtern
alOnOutlined.js" was 
ignored.
node_modules/@mui/ico
ns-material/esm/MicEx
ternalOnRounded.js 
(1:0): Module level 
directives cause 
errors when bundled, 
"use client" in "node
_modules/@mui/icons-m
aterial/esm/MicExtern
alOnRounded.js" was 
ignored.
node_modules/@mui/ico
ns-material/esm/MicNo
ne.js (1:0): Module 
level directives 
cause errors when 
bundled, "use 
client" in "node_modu
les/@mui/icons-materi
al/esm/MicNone.js" 
was ignored.
node_modules/@mui/ico
ns-material/esm/MicNo
neOutlined.js (1:0): 
Module level 
directives cause 
errors when bundled, 
"use client" in "node
_modules/@mui/icons-m
aterial/esm/MicNoneOu
tlined.js" was 
ignored.
node_modules/@mui/ico
ns-material/esm/MicNo
neTwoTone.js (1:0): 
Module level 
directives cause 
errors when bundled, 
"use client" in "node
_modules/@mui/icons-m
aterial/esm/MicNoneTw
oTone.js" was 
ignored.
node_modules/@mui/ico
ns-material/esm/MicEx
ternalOnTwoTone.js 
(1:0): Module level 
directives cause 
errors when bundled, 
"use client" in "node
_modules/@mui/icons-m
aterial/esm/MicExtern
alOnTwoTone.js" was 
ignored.
node_modules/@mui/ico
ns-material/esm/MicEx
ternalOnSharp.js 
(1:0): Module level 
directives cause 
errors when bundled, 
"use client" in "node
_modules/@mui/icons-m
aterial/esm/MicExtern
alOnSharp.js" was 
ignored.
node_modules/@mui/ico
ns-material/esm/MicNo
neRounded.js (1:0): 
Module level 
directives cause 
errors when bundled, 
"use client" in "node
_modules/@mui/icons-m
aterial/esm/MicNoneRo
unded.js" was 
ignored.
node_modules/@mui/ico
ns-material/esm/MicNo
neSharp.js (1:0): 
Module level 
directives cause 
errors when bundled, 
"use client" in "node
_modules/@mui/icons-m
aterial/esm/MicNoneSh
arp.js" was ignored.
node_modules/@mui/ico
ns-material/esm/MicOf
f.js (1:0): Module 
level directives 
cause errors when 
bundled, "use 
client" in "node_modu
les/@mui/icons-materi
al/esm/MicOff.js" 
was ignored.
node_modules/@mui/ico
ns-material/esm/MicOf
fRounded.js (1:0): 
Module level 
directives cause 
errors when bundled, 
"use client" in "node
_modules/@mui/icons-m
aterial/esm/MicOffRou
nded.js" was ignored.
node_modules/@mui/ico
ns-material/esm/MicOf
fOutlined.js (1:0): 
Module level 
directives cause 
errors when bundled, 
"use client" in "node
_modules/@mui/icons-m
aterial/esm/MicOffOut
lined.js" was 
ignored.
node_modules/@mui/ico
ns-material/esm/MicOf
fSharp.js (1:0): 
Module level 
directives cause 
errors when bundled, 
"use client" in "node
_modules/@mui/icons-m
aterial/esm/MicOffSha
rp.js" was ignored.
node_modules/@mui/ico
ns-material/esm/MicOu
tlined.js (1:0): 
Module level 
directives cause 
errors when bundled, 
"use client" in "node
_modules/@mui/icons-m
aterial/esm/MicOutlin
ed.js" was ignored.
node_modules/@mui/ico
ns-material/esm/MicOf
fTwoTone.js (1:0): 
Module level 
directives cause 
errors when bundled, 
"use client" in "node
_modules/@mui/icons-m
aterial/esm/MicOffTwo
Tone.js" was ignored.
node_modules/@mui/ico
ns-material/esm/MicRo
unded.js (1:0): 
Module level 
directives cause 
errors when bundled, 
"use client" in "node
_modules/@mui/icons-m
aterial/esm/MicRounde
d.js" was ignored.
node_modules/@mui/ico
ns-material/esm/MicSh
arp.js (1:0): Module 
level directives 
cause errors when 
bundled, "use 
client" in "node_modu
les/@mui/icons-materi
al/esm/MicSharp.js" 
was ignored.
node_modules/@mui/ico
ns-material/esm/MicTw
oTone.js (1:0): 
Module level 
directives cause 
errors when bundled, 
"use client" in "node
_modules/@mui/icons-m
aterial/esm/MicTwoTon
e.js" was ignored.
node_modules/@mui/ico
ns-material/esm/Micro
waveSharp.js (1:0): 
Module level 
directives cause 
errors when bundled, 
"use client" in "node
_modules/@mui/icons-m
aterial/esm/Microwave
Sharp.js" was 
ignored.
node_modules/@mui/ico
ns-material/esm/Micro
soft.js (1:0): 
Module level 
directives cause 
errors when bundled, 
"use client" in "node
_modules/@mui/icons-m
aterial/esm/Microsoft
.js" was ignored.
node_modules/@mui/ico
ns-material/esm/Micro
waveOutlined.js 
(1:0): Module level 
directives cause 
errors when bundled, 
"use client" in "node
_modules/@mui/icons-m
aterial/esm/Microwave
Outlined.js" was 
ignored.
node_modules/@mui/ico
ns-material/esm/Micro
waveTwoTone.js 
(1:0): Module level 
directives cause 
errors when bundled, 
"use client" in "node
_modules/@mui/icons-m
aterial/esm/Microwave
TwoTone.js" was 
ignored.
node_modules/@mui/ico
ns-material/esm/Milit
aryTech.js (1:0): 
Module level 
directives cause 
errors when bundled, 
"use client" in "node
_modules/@mui/icons-m
aterial/esm/MilitaryT
ech.js" was ignored.
node_modules/@mui/ico
ns-material/esm/Milit
aryTechRounded.js 
(1:0): Module level 
directives cause 
errors when bundled, 
"use client" in "node
_modules/@mui/icons-m
aterial/esm/MilitaryT
echRounded.js" was 
ignored.
node_modules/@mui/ico
ns-material/esm/Milit
aryTechOutlined.js 
(1:0): Module level 
directives cause 
errors when bundled, 
"use client" in "node
_modules/@mui/icons-m
aterial/esm/MilitaryT
echOutlined.js" was 
ignored.
node_modules/@mui/ico
ns-material/esm/Milit
aryTechSharp.js 
(1:0): Module level 
directives cause 
errors when bundled, 
"use client" in "node
_modules/@mui/icons-m
aterial/esm/MilitaryT
echSharp.js" was 
ignored.
node_modules/@mui/ico
ns-material/esm/Minim
ize.js (1:0): Module 
level directives 
cause errors when 
bundled, "use 
client" in "node_modu
les/@mui/icons-materi
al/esm/Minimize.js" 
was ignored.
node_modules/@mui/ico
ns-material/esm/Milit
aryTechTwoTone.js 
(1:0): Module level 
directives cause 
errors when bundled, 
"use client" in "node
_modules/@mui/icons-m
aterial/esm/MilitaryT
echTwoTone.js" was 
ignored.
node_modules/@mui/ico
ns-material/esm/Minim
izeOutlined.js 
(1:0): Module level 
directives cause 
errors when bundled, 
"use client" in "node
_modules/@mui/icons-m
aterial/esm/MinimizeO
utlined.js" was 
ignored.
node_modules/@mui/ico
ns-material/esm/Minim
izeSharp.js (1:0): 
Module level 
directives cause 
errors when bundled, 
"use client" in "node
_modules/@mui/icons-m
aterial/esm/MinimizeS
harp.js" was ignored.
node_modules/@mui/ico
ns-material/esm/Minim
izeRounded.js (1:0): 
Module level 
directives cause 
errors when bundled, 
"use client" in "node
_modules/@mui/icons-m
aterial/esm/MinimizeR
ounded.js" was 
ignored.
node_modules/@mui/ico
ns-material/esm/Minim
izeTwoTone.js (1:0): 
Module level 
directives cause 
errors when bundled, 
"use client" in "node
_modules/@mui/icons-m
aterial/esm/MinimizeT
woTone.js" was 
ignored.
node_modules/@mui/ico
ns-material/esm/Minor
Crash.js (1:0): 
Module level 
directives cause 
errors when bundled, 
"use client" in "node
_modules/@mui/icons-m
aterial/esm/MinorCras
h.js" was ignored.
node_modules/@mui/ico
ns-material/esm/Minor
CrashOutlined.js 
(1:0): Module level 
directives cause 
errors when bundled, 
"use client" in "node
_modules/@mui/icons-m
aterial/esm/MinorCras
hOutlined.js" was 
ignored.
node_modules/@mui/ico
ns-material/esm/Minor
CrashSharp.js (1:0): 
Module level 
directives cause 
errors when bundled, 
"use client" in "node
_modules/@mui/icons-m
aterial/esm/MinorCras
hSharp.js" was 
ignored.
node_modules/@mui/ico
ns-material/esm/Micro
waveRounded.js 
(1:0): Module level 
directives cause 
errors when bundled, 
"use client" in "node
_modules/@mui/icons-m
aterial/esm/Microwave
Rounded.js" was 
ignored.
node_modules/@mui/ico
ns-material/esm/Minor
CrashRounded.js 
(1:0): Module level 
directives cause 
errors when bundled, 
"use client" in "node
_modules/@mui/icons-m
aterial/esm/MinorCras
hRounded.js" was 
ignored.
node_modules/@mui/ico
ns-material/esm/Micro
wave.js (1:0): 
Module level 
directives cause 
errors when bundled, 
"use client" in "node
_modules/@mui/icons-m
aterial/esm/Microwave
.js" was ignored.
node_modules/@mui/ico
ns-material/esm/Minor
CrashTwoTone.js 
(1:0): Module level 
directives cause 
errors when bundled, 
"use client" in "node
_modules/@mui/icons-m
aterial/esm/MinorCras
hTwoTone.js" was 
ignored.
node_modules/@mui/ico
ns-material/esm/Misce
llaneousServicesOutli
ned.js (1:0): Module 
level directives 
cause errors when 
bundled, "use 
client" in "node_modu
les/@mui/icons-materi
al/esm/MiscellaneousS
ervicesOutlined.js" 
was ignored.
node_modules/@mui/ico
ns-material/esm/Misce
llaneousServicesSharp
.js (1:0): Module 
level directives 
cause errors when 
bundled, "use 
client" in "node_modu
les/@mui/icons-materi
al/esm/MiscellaneousS
ervicesSharp.js" was 
ignored.
node_modules/@mui/ico
ns-material/esm/Misce
llaneousServices.js 
(1:0): Module level 
directives cause 
errors when bundled, 
"use client" in "node
_modules/@mui/icons-m
aterial/esm/Miscellan
eousServices.js" was 
ignored.
node_modules/@mui/ico
ns-material/esm/Misce
llaneousServicesRound
ed.js (1:0): Module 
level directives 
cause errors when 
bundled, "use 
client" in "node_modu
les/@mui/icons-materi
al/esm/MiscellaneousS
ervicesRounded.js" 
was ignored.
node_modules/@mui/ico
ns-material/esm/Misse
dVideoCallOutlined.js
 (1:0): Module level 
directives cause 
errors when bundled, 
"use client" in "node
_modules/@mui/icons-m
aterial/esm/MissedVid
eoCallOutlined.js" 
was ignored.
node_modules/@mui/ico
ns-material/esm/Misce
llaneousServicesTwoTo
ne.js (1:0): Module 
level directives 
cause errors when 
bundled, "use 
client" in "node_modu
les/@mui/icons-materi
al/esm/MiscellaneousS
ervicesTwoTone.js" 
was ignored.
node_modules/@mui/ico
ns-material/esm/Misse
dVideoCall.js (1:0): 
Module level 
directives cause 
errors when bundled, 
"use client" in "node
_modules/@mui/icons-m
aterial/esm/MissedVid
eoCall.js" was 
ignored.
node_modules/@mui/ico
ns-material/esm/Misse
dVideoCallRounded.js 
(1:0): Module level 
directives cause 
errors when bundled, 
"use client" in "node
_modules/@mui/icons-m
aterial/esm/MissedVid
eoCallRounded.js" 
was ignored.
node_modules/@mui/ico
ns-material/esm/Misse
dVideoCallSharp.js 
(1:0): Module level 
directives cause 
errors when bundled, 
"use client" in "node
_modules/@mui/icons-m
aterial/esm/MissedVid
eoCallSharp.js" was 
ignored.
node_modules/@mui/ico
ns-material/esm/MmsOu
tlined.js (1:0): 
Module level 
directives cause 
errors when bundled, 
"use client" in "node
_modules/@mui/icons-m
aterial/esm/MmsOutlin
ed.js" was ignored.
node_modules/@mui/ico
ns-material/esm/Misse
dVideoCallTwoTone.js 
(1:0): Module level 
directives cause 
errors when bundled, 
"use client" in "node
_modules/@mui/icons-m
aterial/esm/MissedVid
eoCallTwoTone.js" 
was ignored.
node_modules/@mui/ico
ns-material/esm/Mms.j
s (1:0): Module 
level directives 
cause errors when 
bundled, "use 
client" in "node_modu
les/@mui/icons-materi
al/esm/Mms.js" was 
ignored.
node_modules/@mui/ico
ns-material/esm/MmsRo
unded.js (1:0): 
Module level 
directives cause 
errors when bundled, 
"use client" in "node
_modules/@mui/icons-m
aterial/esm/MmsRounde
d.js" was ignored.
node_modules/@mui/ico
ns-material/esm/MmsSh
arp.js (1:0): Module 
level directives 
cause errors when 
bundled, "use 
client" in "node_modu
les/@mui/icons-materi
al/esm/MmsSharp.js" 
was ignored.
node_modules/@mui/ico
ns-material/esm/MmsTw
oTone.js (1:0): 
Module level 
directives cause 
errors when bundled, 
"use client" in "node
_modules/@mui/icons-m
aterial/esm/MmsTwoTon
e.js" was ignored.
node_modules/@mui/ico
ns-material/esm/Mobil
eFriendly.js (1:0): 
Module level 
directives cause 
errors when bundled, 
"use client" in "node
_modules/@mui/icons-m
aterial/esm/MobileFri
endly.js" was 
ignored.
node_modules/@mui/ico
ns-material/esm/Mobil
eFriendlyTwoTone.js 
(1:0): Module level 
directives cause 
errors when bundled, 
"use client" in "node
_modules/@mui/icons-m
aterial/esm/MobileFri
endlyTwoTone.js" was 
ignored.
node_modules/@mui/ico
ns-material/esm/Mobil
eFriendlyRounded.js 
(1:0): Module level 
directives cause 
errors when bundled, 
"use client" in "node
_modules/@mui/icons-m
aterial/esm/MobileFri
endlyRounded.js" was 
ignored.
node_modules/@mui/ico
ns-material/esm/Mobil
eOff.js (1:0): 
Module level 
directives cause 
errors when bundled, 
"use client" in "node
_modules/@mui/icons-m
aterial/esm/MobileOff
.js" was ignored.
node_modules/@mui/ico
ns-material/esm/Mobil
eFriendlySharp.js 
(1:0): Module level 
directives cause 
errors when bundled, 
"use client" in "node
_modules/@mui/icons-m
aterial/esm/MobileFri
endlySharp.js" was 
ignored.
node_modules/@mui/ico
ns-material/esm/Mobil
eOffSharp.js (1:0): 
Module level 
directives cause 
errors when bundled, 
"use client" in "node
_modules/@mui/icons-m
aterial/esm/MobileOff
Sharp.js" was 
ignored.
node_modules/@mui/ico
ns-material/esm/Mobil
eOffOutlined.js 
(1:0): Module level 
directives cause 
errors when bundled, 
"use client" in "node
_modules/@mui/icons-m
aterial/esm/MobileOff
Outlined.js" was 
ignored.
node_modules/@mui/ico
ns-material/esm/Mobil
eFriendlyOutlined.js 
(1:0): Module level 
directives cause 
errors when bundled, 
"use client" in "node
_modules/@mui/icons-m
aterial/esm/MobileFri
endlyOutlined.js" 
was ignored.
node_modules/@mui/ico
ns-material/esm/Mobil
eScreenShareOutlined.
js (1:0): Module 
level directives 
cause errors when 
bundled, "use 
client" in "node_modu
les/@mui/icons-materi
al/esm/MobileScreenSh
areOutlined.js" was 
ignored.
node_modules/@mui/ico
ns-material/esm/Mobil
eOffRounded.js 
(1:0): Module level 
directives cause 
errors when bundled, 
"use client" in "node
_modules/@mui/icons-m
aterial/esm/MobileOff
Rounded.js" was 
ignored.
node_modules/@mui/ico
ns-material/esm/Mobil
eOffTwoTone.js 
(1:0): Module level 
directives cause 
errors when bundled, 
"use client" in "node
_modules/@mui/icons-m
aterial/esm/MobileOff
TwoTone.js" was 
ignored.
node_modules/@mui/ico
ns-material/esm/Mobil
eScreenShareRounded.j
s (1:0): Module 
level directives 
cause errors when 
bundled, "use 
client" in "node_modu
les/@mui/icons-materi
al/esm/MobileScreenSh
areRounded.js" was 
ignored.
node_modules/@mui/ico
ns-material/esm/Mobil
eScreenShare.js 
(1:0): Module level 
directives cause 
errors when bundled, 
"use client" in "node
_modules/@mui/icons-m
aterial/esm/MobileScr
eenShare.js" was 
ignored.
node_modules/@mui/ico
ns-material/esm/Mobil
eScreenShareSharp.js 
(1:0): Module level 
directives cause 
errors when bundled, 
"use client" in "node
_modules/@mui/icons-m
aterial/esm/MobileScr
eenShareSharp.js" 
was ignored.
node_modules/@mui/ico
ns-material/esm/Mobil
eScreenShareTwoTone.j
s (1:0): Module 
level directives 
cause errors when 
bundled, "use 
client" in "node_modu
les/@mui/icons-materi
al/esm/MobileScreenSh
areTwoTone.js" was 
ignored.
node_modules/@mui/ico
ns-material/esm/Mobil
edataOffRounded.js 
(1:0): Module level 
directives cause 
errors when bundled, 
"use client" in "node
_modules/@mui/icons-m
aterial/esm/Mobiledat
aOffRounded.js" was 
ignored.
node_modules/@mui/ico
ns-material/esm/Mobil
edataOffOutlined.js 
(1:0): Module level 
directives cause 
errors when bundled, 
"use client" in "node
_modules/@mui/icons-m
aterial/esm/Mobiledat
aOffOutlined.js" was 
ignored.
node_modules/@mui/ico
ns-material/esm/Mobil
edataOff.js (1:0): 
Module level 
directives cause 
errors when bundled, 
"use client" in "node
_modules/@mui/icons-m
aterial/esm/Mobiledat
aOff.js" was ignored.
node_modules/@mui/ico
ns-material/esm/Mobil
edataOffTwoTone.js 
(1:0): Module level 
directives cause 
errors when bundled, 
"use client" in "node
_modules/@mui/icons-m
aterial/esm/Mobiledat
aOffTwoTone.js" was 
ignored.
node_modules/@mui/ico
ns-material/esm/Mobil
edataOffSharp.js 
(1:0): Module level 
directives cause 
errors when bundled, 
"use client" in "node
_modules/@mui/icons-m
aterial/esm/Mobiledat
aOffSharp.js" was 
ignored.
node_modules/@mui/ico
ns-material/esm/Mode.
js (1:0): Module 
level directives 
cause errors when 
bundled, "use 
client" in "node_modu
les/@mui/icons-materi
al/esm/Mode.js" was 
ignored.
node_modules/@mui/ico
ns-material/esm/ModeC
ommentOutlined.js 
(1:0): Module level 
directives cause 
errors when bundled, 
"use client" in "node
_modules/@mui/icons-m
aterial/esm/ModeComme
ntOutlined.js" was 
ignored.
node_modules/@mui/ico
ns-material/esm/ModeC
ommentRounded.js 
(1:0): Module level 
directives cause 
errors when bundled, 
"use client" in "node
_modules/@mui/icons-m
aterial/esm/ModeComme
ntRounded.js" was 
ignored.
node_modules/@mui/ico
ns-material/esm/ModeC
omment.js (1:0): 
Module level 
directives cause 
errors when bundled, 
"use client" in "node
_modules/@mui/icons-m
aterial/esm/ModeComme
nt.js" was ignored.
node_modules/@mui/ico
ns-material/esm/ModeC
ommentTwoTone.js 
(1:0): Module level 
directives cause 
errors when bundled, 
"use client" in "node
_modules/@mui/icons-m
aterial/esm/ModeComme
ntTwoTone.js" was 
ignored.
node_modules/@mui/ico
ns-material/esm/ModeC
ommentSharp.js 
(1:0): Module level 
directives cause 
errors when bundled, 
"use client" in "node
_modules/@mui/icons-m
aterial/esm/ModeComme
ntSharp.js" was 
ignored.
node_modules/@mui/ico
ns-material/esm/ModeE
dit.js (1:0): Module 
level directives 
cause errors when 
bundled, "use 
client" in "node_modu
les/@mui/icons-materi
al/esm/ModeEdit.js" 
was ignored.
node_modules/@mui/ico
ns-material/esm/ModeE
ditOutlineOutlined.js
 (1:0): Module level 
directives cause 
errors when bundled, 
"use client" in "node
_modules/@mui/icons-m
aterial/esm/ModeEditO
utlineOutlined.js" 
was ignored.
node_modules/@mui/ico
ns-material/esm/ModeE
ditOutline.js (1:0): 
Module level 
directives cause 
errors when bundled, 
"use client" in "node
_modules/@mui/icons-m
aterial/esm/ModeEditO
utline.js" was 
ignored.
node_modules/@mui/ico
ns-material/esm/ModeE
ditOutlineRounded.js 
(1:0): Module level 
directives cause 
errors when bundled, 
"use client" in "node
_modules/@mui/icons-m
aterial/esm/ModeEditO
utlineRounded.js" 
was ignored.
node_modules/@mui/ico
ns-material/esm/ModeE
ditOutlined.js 
(1:0): Module level 
directives cause 
errors when bundled, 
"use client" in "node
_modules/@mui/icons-m
aterial/esm/ModeEditO
utlined.js" was 
ignored.
node_modules/@mui/ico
ns-material/esm/ModeE
ditOutlineSharp.js 
(1:0): Module level 
directives cause 
errors when bundled, 
"use client" in "node
_modules/@mui/icons-m
aterial/esm/ModeEditO
utlineSharp.js" was 
ignored.
node_modules/@mui/ico
ns-material/esm/ModeE
ditOutlineTwoTone.js 
(1:0): Module level 
directives cause 
errors when bundled, 
"use client" in "node
_modules/@mui/icons-m
aterial/esm/ModeEditO
utlineTwoTone.js" 
was ignored.
node_modules/@mui/ico
ns-material/esm/ModeE
ditSharp.js (1:0): 
Module level 
directives cause 
errors when bundled, 
"use client" in "node
_modules/@mui/icons-m
aterial/esm/ModeEditS
harp.js" was ignored.
node_modules/@mui/ico
ns-material/esm/ModeE
ditRounded.js (1:0): 
Module level 
directives cause 
errors when bundled, 
"use client" in "node
_modules/@mui/icons-m
aterial/esm/ModeEditR
ounded.js" was 
ignored.
node_modules/@mui/ico
ns-material/esm/ModeE
ditTwoTone.js (1:0): 
Module level 
directives cause 
errors when bundled, 
"use client" in "node
_modules/@mui/icons-m
aterial/esm/ModeEditT
woTone.js" was 
ignored.
node_modules/@mui/ico
ns-material/esm/ModeF
anOff.js (1:0): 
Module level 
directives cause 
errors when bundled, 
"use client" in "node
_modules/@mui/icons-m
aterial/esm/ModeFanOf
f.js" was ignored.
node_modules/@mui/ico
ns-material/esm/ModeF
anOffRounded.js 
(1:0): Module level 
directives cause 
errors when bundled, 
"use client" in "node
_modules/@mui/icons-m
aterial/esm/ModeFanOf
fRounded.js" was 
ignored.
node_modules/@mui/ico
ns-material/esm/ModeF
anOffSharp.js (1:0): 
Module level 
directives cause 
errors when bundled, 
"use client" in "node
_modules/@mui/icons-m
aterial/esm/ModeFanOf
fSharp.js" was 
ignored.
node_modules/@mui/ico
ns-material/esm/ModeF
anOffOutlined.js 
(1:0): Module level 
directives cause 
errors when bundled, 
"use client" in "node
_modules/@mui/icons-m
aterial/esm/ModeFanOf
fOutlined.js" was 
ignored.
node_modules/@mui/ico
ns-material/esm/ModeF
anOffTwoTone.js 
(1:0): Module level 
directives cause 
errors when bundled, 
"use client" in "node
_modules/@mui/icons-m
aterial/esm/ModeFanOf
fTwoTone.js" was 
ignored.
node_modules/@mui/ico
ns-material/esm/ModeN
ightRounded.js 
(1:0): Module level 
directives cause 
errors when bundled, 
"use client" in "node
_modules/@mui/icons-m
aterial/esm/ModeNight
Rounded.js" was 
ignored.
node_modules/@mui/ico
ns-material/esm/ModeN
ight.js (1:0): 
Module level 
directives cause 
errors when bundled, 
"use client" in "node
_modules/@mui/icons-m
aterial/esm/ModeNight
.js" was ignored.
node_modules/@mui/ico
ns-material/esm/ModeN
ightOutlined.js 
(1:0): Module level 
directives cause 
errors when bundled, 
"use client" in "node
_modules/@mui/icons-m
aterial/esm/ModeNight
Outlined.js" was 
ignored.
node_modules/@mui/ico
ns-material/esm/ModeN
ightSharp.js (1:0): 
Module level 
directives cause 
errors when bundled, 
"use client" in "node
_modules/@mui/icons-m
aterial/esm/ModeNight
Sharp.js" was 
ignored.
node_modules/@mui/ico
ns-material/esm/ModeN
ightTwoTone.js 
(1:0): Module level 
directives cause 
errors when bundled, 
"use client" in "node
_modules/@mui/icons-m
aterial/esm/ModeNight
TwoTone.js" was 
ignored.
node_modules/@mui/ico
ns-material/esm/ModeO
fTravel.js (1:0): 
Module level 
directives cause 
errors when bundled, 
"use client" in "node
_modules/@mui/icons-m
aterial/esm/ModeOfTra
vel.js" was ignored.
node_modules/@mui/ico
ns-material/esm/ModeO
fTravelOutlined.js 
(1:0): Module level 
directives cause 
errors when bundled, 
"use client" in "node
_modules/@mui/icons-m
aterial/esm/ModeOfTra
velOutlined.js" was 
ignored.
node_modules/@mui/ico
ns-material/esm/ModeO
fTravelSharp.js 
(1:0): Module level 
directives cause 
errors when bundled, 
"use client" in "node
_modules/@mui/icons-m
aterial/esm/ModeOfTra
velSharp.js" was 
ignored.
node_modules/@mui/ico
ns-material/esm/ModeO
fTravelRounded.js 
(1:0): Module level 
directives cause 
errors when bundled, 
"use client" in "node
_modules/@mui/icons-m
aterial/esm/ModeOfTra
velRounded.js" was 
ignored.
node_modules/@mui/ico
ns-material/esm/ModeO
utlined.js (1:0): 
Module level 
directives cause 
errors when bundled, 
"use client" in "node
_modules/@mui/icons-m
aterial/esm/ModeOutli
ned.js" was ignored.
node_modules/@mui/ico
ns-material/esm/ModeO
fTravelTwoTone.js 
(1:0): Module level 
directives cause 
errors when bundled, 
"use client" in "node
_modules/@mui/icons-m
aterial/esm/ModeOfTra
velTwoTone.js" was 
ignored.
node_modules/@mui/ico
ns-material/esm/ModeS
tandby.js (1:0): 
Module level 
directives cause 
errors when bundled, 
"use client" in "node
_modules/@mui/icons-m
aterial/esm/ModeStand
by.js" was ignored.
node_modules/@mui/ico
ns-material/esm/ModeS
harp.js (1:0): 
Module level 
directives cause 
errors when bundled, 
"use client" in "node
_modules/@mui/icons-m
aterial/esm/ModeSharp
.js" was ignored.
node_modules/@mui/ico
ns-material/esm/ModeR
ounded.js (1:0): 
Module level 
directives cause 
errors when bundled, 
"use client" in "node
_modules/@mui/icons-m
aterial/esm/ModeRound
ed.js" was ignored.
node_modules/@mui/ico
ns-material/esm/ModeS
tandbyRounded.js 
(1:0): Module level 
directives cause 
errors when bundled, 
"use client" in "node
_modules/@mui/icons-m
aterial/esm/ModeStand
byRounded.js" was 
ignored.
node_modules/@mui/ico
ns-material/esm/ModeS
tandbyOutlined.js 
(1:0): Module level 
directives cause 
errors when bundled, 
"use client" in "node
_modules/@mui/icons-m
aterial/esm/ModeStand
byOutlined.js" was 
ignored.
node_modules/@mui/ico
ns-material/esm/ModeS
tandbySharp.js 
(1:0): Module level 
directives cause 
errors when bundled, 
"use client" in "node
_modules/@mui/icons-m
aterial/esm/ModeStand
bySharp.js" was 
ignored.
node_modules/@mui/ico
ns-material/esm/ModeT
woTone.js (1:0): 
Module level 
directives cause 
errors when bundled, 
"use client" in "node
_modules/@mui/icons-m
aterial/esm/ModeTwoTo
ne.js" was ignored.
node_modules/@mui/ico
ns-material/esm/Model
Training.js (1:0): 
Module level 
directives cause 
errors when bundled, 
"use client" in "node
_modules/@mui/icons-m
aterial/esm/ModelTrai
ning.js" was ignored.
node_modules/@mui/ico
ns-material/esm/ModeS
tandbyTwoTone.js 
(1:0): Module level 
directives cause 
errors when bundled, 
"use client" in "node
_modules/@mui/icons-m
aterial/esm/ModeStand
byTwoTone.js" was 
ignored.
node_modules/@mui/ico
ns-material/esm/Model
TrainingOutlined.js 
(1:0): Module level 
directives cause 
errors when bundled, 
"use client" in "node
_modules/@mui/icons-m
aterial/esm/ModelTrai
ningOutlined.js" was 
ignored.
node_modules/@mui/ico
ns-material/esm/Model
TrainingTwoTone.js 
(1:0): Module level 
directives cause 
errors when bundled, 
"use client" in "node
_modules/@mui/icons-m
aterial/esm/ModelTrai
ningTwoTone.js" was 
ignored.
node_modules/@mui/ico
ns-material/esm/Model
TrainingSharp.js 
(1:0): Module level 
directives cause 
errors when bundled, 
"use client" in "node
_modules/@mui/icons-m
aterial/esm/ModelTrai
ningSharp.js" was 
ignored.
node_modules/@mui/ico
ns-material/esm/Model
TrainingRounded.js 
(1:0): Module level 
directives cause 
errors when bundled, 
"use client" in "node
_modules/@mui/icons-m
aterial/esm/ModelTrai
ningRounded.js" was 
ignored.
node_modules/@mui/ico
ns-material/esm/Monet
izationOn.js (1:0): 
Module level 
directives cause 
errors when bundled, 
"use client" in "node
_modules/@mui/icons-m
aterial/esm/Monetizat
ionOn.js" was 
ignored.
node_modules/@mui/ico
ns-material/esm/Monet
izationOnSharp.js 
(1:0): Module level 
directives cause 
errors when bundled, 
"use client" in "node
_modules/@mui/icons-m
aterial/esm/Monetizat
ionOnSharp.js" was 
ignored.
node_modules/@mui/ico
ns-material/esm/Monet
izationOnOutlined.js 
(1:0): Module level 
directives cause 
errors when bundled, 
"use client" in "node
_modules/@mui/icons-m
aterial/esm/Monetizat
ionOnOutlined.js" 
was ignored.
node_modules/@mui/ico
ns-material/esm/Monet
izationOnTwoTone.js 
(1:0): Module level 
directives cause 
errors when bundled, 
"use client" in "node
_modules/@mui/icons-m
aterial/esm/Monetizat
ionOnTwoTone.js" was 
ignored.
node_modules/@mui/ico
ns-material/esm/Money
Off.js (1:0): Module 
level directives 
cause errors when 
bundled, "use 
client" in "node_modu
les/@mui/icons-materi
al/esm/MoneyOff.js" 
was ignored.
node_modules/@mui/ico
ns-material/esm/Money
.js (1:0): Module 
level directives 
cause errors when 
bundled, "use 
client" in "node_modu
les/@mui/icons-materi
al/esm/Money.js" was 
ignored.
node_modules/@mui/ico
ns-material/esm/Money
OffCsredRounded.js 
(1:0): Module level 
directives cause 
errors when bundled, 
"use client" in "node
_modules/@mui/icons-m
aterial/esm/MoneyOffC
sredRounded.js" was 
ignored.
node_modules/@mui/ico
ns-material/esm/Money
OffCsredOutlined.js 
(1:0): Module level 
directives cause 
errors when bundled, 
"use client" in "node
_modules/@mui/icons-m
aterial/esm/MoneyOffC
sredOutlined.js" was 
ignored.
node_modules/@mui/ico
ns-material/esm/Money
OffCsredSharp.js 
(1:0): Module level 
directives cause 
errors when bundled, 
"use client" in "node
_modules/@mui/icons-m
aterial/esm/MoneyOffC
sredSharp.js" was 
ignored.
node_modules/@mui/ico
ns-material/esm/Monet
izationOnRounded.js 
(1:0): Module level 
directives cause 
errors when bundled, 
"use client" in "node
_modules/@mui/icons-m
aterial/esm/Monetizat
ionOnRounded.js" was 
ignored.
node_modules/@mui/ico
ns-material/esm/Money
OffCsredTwoTone.js 
(1:0): Module level 
directives cause 
errors when bundled, 
"use client" in "node
_modules/@mui/icons-m
aterial/esm/MoneyOffC
sredTwoTone.js" was 
ignored.
node_modules/@mui/ico
ns-material/esm/Money
OffCsred.js (1:0): 
Module level 
directives cause 
errors when bundled, 
"use client" in "node
_modules/@mui/icons-m
aterial/esm/MoneyOffC
sred.js" was ignored.
node_modules/@mui/ico
ns-material/esm/Money
OffTwoTone.js (1:0): 
Module level 
directives cause 
errors when bundled, 
"use client" in "node
_modules/@mui/icons-m
aterial/esm/MoneyOffT
woTone.js" was 
ignored.
node_modules/@mui/ico
ns-material/esm/Money
OffOutlined.js 
(1:0): Module level 
directives cause 
errors when bundled, 
"use client" in "node
_modules/@mui/icons-m
aterial/esm/MoneyOffO
utlined.js" was 
ignored.
node_modules/@mui/ico
ns-material/esm/Money
OffRounded.js (1:0): 
Module level 
directives cause 
errors when bundled, 
"use client" in "node
_modules/@mui/icons-m
aterial/esm/MoneyOffR
ounded.js" was 
ignored.
node_modules/@mui/ico
ns-material/esm/Money
OffSharp.js (1:0): 
Module level 
directives cause 
errors when bundled, 
"use client" in "node
_modules/@mui/icons-m
aterial/esm/MoneyOffS
harp.js" was ignored.
node_modules/@mui/ico
ns-material/esm/Money
Rounded.js (1:0): 
Module level 
directives cause 
errors when bundled, 
"use client" in "node
_modules/@mui/icons-m
aterial/esm/MoneyRoun
ded.js" was ignored.
node_modules/@mui/ico
ns-material/esm/Money
Outlined.js (1:0): 
Module level 
directives cause 
errors when bundled, 
"use client" in "node
_modules/@mui/icons-m
aterial/esm/MoneyOutl
ined.js" was ignored.
node_modules/@mui/ico
ns-material/esm/Money
Sharp.js (1:0): 
Module level 
directives cause 
errors when bundled, 
"use client" in "node
_modules/@mui/icons-m
aterial/esm/MoneyShar
p.js" was ignored.
node_modules/@mui/ico
ns-material/esm/Money
TwoTone.js (1:0): 
Module level 
directives cause 
errors when bundled, 
"use client" in "node
_modules/@mui/icons-m
aterial/esm/MoneyTwoT
one.js" was ignored.
node_modules/@mui/ico
ns-material/esm/Monit
or.js (1:0): Module 
level directives 
cause errors when 
bundled, "use 
client" in "node_modu
les/@mui/icons-materi
al/esm/Monitor.js" 
was ignored.
node_modules/@mui/ico
ns-material/esm/Monit
orHeart.js (1:0): 
Module level 
directives cause 
errors when bundled, 
"use client" in "node
_modules/@mui/icons-m
aterial/esm/MonitorHe
art.js" was ignored.
node_modules/@mui/ico
ns-material/esm/Monit
orHeartRounded.js 
(1:0): Module level 
directives cause 
errors when bundled, 
"use client" in "node
_modules/@mui/icons-m
aterial/esm/MonitorHe
artRounded.js" was 
ignored.
node_modules/@mui/ico
ns-material/esm/Monit
orHeartSharp.js 
(1:0): Module level 
directives cause 
errors when bundled, 
"use client" in "node
_modules/@mui/icons-m
aterial/esm/MonitorHe
artSharp.js" was 
ignored.
node_modules/@mui/ico
ns-material/esm/Monit
orHeartTwoTone.js 
(1:0): Module level 
directives cause 
errors when bundled, 
"use client" in "node
_modules/@mui/icons-m
aterial/esm/MonitorHe
artTwoTone.js" was 
ignored.
node_modules/@mui/ico
ns-material/esm/Monit
orOutlined.js (1:0): 
Module level 
directives cause 
errors when bundled, 
"use client" in "node
_modules/@mui/icons-m
aterial/esm/MonitorOu
tlined.js" was 
ignored.
node_modules/@mui/ico
ns-material/esm/Monit
orHeartOutlined.js 
(1:0): Module level 
directives cause 
errors when bundled, 
"use client" in "node
_modules/@mui/icons-m
aterial/esm/MonitorHe
artOutlined.js" was 
ignored.
node_modules/@mui/ico
ns-material/esm/Monit
orSharp.js (1:0): 
Module level 
directives cause 
errors when bundled, 
"use client" in "node
_modules/@mui/icons-m
aterial/esm/MonitorSh
arp.js" was ignored.
node_modules/@mui/ico
ns-material/esm/Monit
orRounded.js (1:0): 
Module level 
directives cause 
errors when bundled, 
"use client" in "node
_modules/@mui/icons-m
aterial/esm/MonitorRo
unded.js" was 
ignored.
node_modules/@mui/ico
ns-material/esm/Monit
orWeightOutlined.js 
(1:0): Module level 
directives cause 
errors when bundled, 
"use client" in "node
_modules/@mui/icons-m
aterial/esm/MonitorWe
ightOutlined.js" was 
ignored.
node_modules/@mui/ico
ns-material/esm/Monit
orTwoTone.js (1:0): 
Module level 
directives cause 
errors when bundled, 
"use client" in "node
_modules/@mui/icons-m
aterial/esm/MonitorTw
oTone.js" was 
ignored.
node_modules/@mui/ico
ns-material/esm/Monit
orWeight.js (1:0): 
Module level 
directives cause 
errors when bundled, 
"use client" in "node
_modules/@mui/icons-m
aterial/esm/MonitorWe
ight.js" was ignored.
node_modules/@mui/ico
ns-material/esm/Monit
orWeightRounded.js 
(1:0): Module level 
directives cause 
errors when bundled, 
"use client" in "node
_modules/@mui/icons-m
aterial/esm/MonitorWe
ightRounded.js" was 
ignored.
node_modules/@mui/ico
ns-material/esm/Monit
orWeightTwoTone.js 
(1:0): Module level 
directives cause 
errors when bundled, 
"use client" in "node
_modules/@mui/icons-m
aterial/esm/MonitorWe
ightTwoTone.js" was 
ignored.
node_modules/@mui/ico
ns-material/esm/Monit
orWeightSharp.js 
(1:0): Module level 
directives cause 
errors when bundled, 
"use client" in "node
_modules/@mui/icons-m
aterial/esm/MonitorWe
ightSharp.js" was 
ignored.
node_modules/@mui/ico
ns-material/esm/Monoc
hromePhotosRounded.js
 (1:0): Module level 
directives cause 
errors when bundled, 
"use client" in "node
_modules/@mui/icons-m
aterial/esm/Monochrom
ePhotosRounded.js" 
was ignored.
node_modules/@mui/ico
ns-material/esm/Monoc
hromePhotosOutlined.j
s (1:0): Module 
level directives 
cause errors when 
bundled, "use 
client" in "node_modu
les/@mui/icons-materi
al/esm/MonochromePhot
osOutlined.js" was 
ignored.
node_modules/@mui/ico
ns-material/esm/Monoc
hromePhotosTwoTone.js
 (1:0): Module level 
directives cause 
errors when bundled, 
"use client" in "node
_modules/@mui/icons-m
aterial/esm/Monochrom
ePhotosTwoTone.js" 
was ignored.
node_modules/@mui/ico
ns-material/esm/Mood.
js (1:0): Module 
level directives 
cause errors when 
bundled, "use 
client" in "node_modu
les/@mui/icons-materi
al/esm/Mood.js" was 
ignored.
node_modules/@mui/ico
ns-material/esm/Monoc
hromePhotosSharp.js 
(1:0): Module level 
directives cause 
errors when bundled, 
"use client" in "node
_modules/@mui/icons-m
aterial/esm/Monochrom
ePhotosSharp.js" was 
ignored.
node_modules/@mui/ico
ns-material/esm/Monoc
hromePhotos.js 
(1:0): Module level 
directives cause 
errors when bundled, 
"use client" in "node
_modules/@mui/icons-m
aterial/esm/Monochrom
ePhotos.js" was 
ignored.
node_modules/@mui/ico
ns-material/esm/MoodB
ad.js (1:0): Module 
level directives 
cause errors when 
bundled, "use 
client" in "node_modu
les/@mui/icons-materi
al/esm/MoodBad.js" 
was ignored.
node_modules/@mui/ico
ns-material/esm/MoodB
adOutlined.js (1:0): 
Module level 
directives cause 
errors when bundled, 
"use client" in "node
_modules/@mui/icons-m
aterial/esm/MoodBadOu
tlined.js" was 
ignored.
node_modules/@mui/ico
ns-material/esm/MoodB
adRounded.js (1:0): 
Module level 
directives cause 
errors when bundled, 
"use client" in "node
_modules/@mui/icons-m
aterial/esm/MoodBadRo
unded.js" was 
ignored.
node_modules/@mui/ico
ns-material/esm/MoodB
adSharp.js (1:0): 
Module level 
directives cause 
errors when bundled, 
"use client" in "node
_modules/@mui/icons-m
aterial/esm/MoodBadSh
arp.js" was ignored.
node_modules/@mui/ico
ns-material/esm/MoodB
adTwoTone.js (1:0): 
Module level 
directives cause 
errors when bundled, 
"use client" in "node
_modules/@mui/icons-m
aterial/esm/MoodBadTw
oTone.js" was 
ignored.
node_modules/@mui/ico
ns-material/esm/MoodR
ounded.js (1:0): 
Module level 
directives cause 
errors when bundled, 
"use client" in "node
_modules/@mui/icons-m
aterial/esm/MoodRound
ed.js" was ignored.
node_modules/@mui/ico
ns-material/esm/MoodT
woTone.js (1:0): 
Module level 
directives cause 
errors when bundled, 
"use client" in "node
_modules/@mui/icons-m
aterial/esm/MoodTwoTo
ne.js" was ignored.
node_modules/@mui/ico
ns-material/esm/MoodS
harp.js (1:0): 
Module level 
directives cause 
errors when bundled, 
"use client" in "node
_modules/@mui/icons-m
aterial/esm/MoodSharp
.js" was ignored.
node_modules/@mui/ico
ns-material/esm/Moped
.js (1:0): Module 
level directives 
cause errors when 
bundled, "use 
client" in "node_modu
les/@mui/icons-materi
al/esm/Moped.js" was 
ignored.
node_modules/@mui/ico
ns-material/esm/MoodO
utlined.js (1:0): 
Module level 
directives cause 
errors when bundled, 
"use client" in "node
_modules/@mui/icons-m
aterial/esm/MoodOutli
ned.js" was ignored.
node_modules/@mui/ico
ns-material/esm/Moped
Outlined.js (1:0): 
Module level 
directives cause 
errors when bundled, 
"use client" in "node
_modules/@mui/icons-m
aterial/esm/MopedOutl
ined.js" was ignored.
node_modules/@mui/ico
ns-material/esm/Moped
Sharp.js (1:0): 
Module level 
directives cause 
errors when bundled, 
"use client" in "node
_modules/@mui/icons-m
aterial/esm/MopedShar
p.js" was ignored.
node_modules/@mui/ico
ns-material/esm/More.
js (1:0): Module 
level directives 
cause errors when 
bundled, "use 
client" in "node_modu
les/@mui/icons-materi
al/esm/More.js" was 
ignored.
node_modules/@mui/ico
ns-material/esm/Moped
TwoTone.js (1:0): 
Module level 
directives cause 
errors when bundled, 
"use client" in "node
_modules/@mui/icons-m
aterial/esm/MopedTwoT
one.js" was ignored.
node_modules/@mui/ico
ns-material/esm/Moped
Rounded.js (1:0): 
Module level 
directives cause 
errors when bundled, 
"use client" in "node
_modules/@mui/icons-m
aterial/esm/MopedRoun
ded.js" was ignored.
node_modules/@mui/ico
ns-material/esm/MoreH
oriz.js (1:0): 
Module level 
directives cause 
errors when bundled, 
"use client" in "node
_modules/@mui/icons-m
aterial/esm/MoreHoriz
.js" was ignored.
node_modules/@mui/ico
ns-material/esm/MoreH
orizRounded.js 
(1:0): Module level 
directives cause 
errors when bundled, 
"use client" in "node
_modules/@mui/icons-m
aterial/esm/MoreHoriz
Rounded.js" was 
ignored.
node_modules/@mui/ico
ns-material/esm/MoreH
orizOutlined.js 
(1:0): Module level 
directives cause 
errors when bundled, 
"use client" in "node
_modules/@mui/icons-m
aterial/esm/MoreHoriz
Outlined.js" was 
ignored.
node_modules/@mui/ico
ns-material/esm/MoreH
orizSharp.js (1:0): 
Module level 
directives cause 
errors when bundled, 
"use client" in "node
_modules/@mui/icons-m
aterial/esm/MoreHoriz
Sharp.js" was 
ignored.
node_modules/@mui/ico
ns-material/esm/MoreR
ounded.js (1:0): 
Module level 
directives cause 
errors when bundled, 
"use client" in "node
_modules/@mui/icons-m
aterial/esm/MoreRound
ed.js" was ignored.
node_modules/@mui/ico
ns-material/esm/MoreH
orizTwoTone.js 
(1:0): Module level 
directives cause 
errors when bundled, 
"use client" in "node
_modules/@mui/icons-m
aterial/esm/MoreHoriz
TwoTone.js" was 
ignored.
node_modules/@mui/ico
ns-material/esm/MoreO
utlined.js (1:0): 
Module level 
directives cause 
errors when bundled, 
"use client" in "node
_modules/@mui/icons-m
aterial/esm/MoreOutli
ned.js" was ignored.
node_modules/@mui/ico
ns-material/esm/MoreT
imeOutlined.js 
(1:0): Module level 
directives cause 
errors when bundled, 
"use client" in "node
_modules/@mui/icons-m
aterial/esm/MoreTimeO
utlined.js" was 
ignored.
node_modules/@mui/ico
ns-material/esm/MoreT
imeRounded.js (1:0): 
Module level 
directives cause 
errors when bundled, 
"use client" in "node
_modules/@mui/icons-m
aterial/esm/MoreTimeR
ounded.js" was 
ignored.
node_modules/@mui/ico
ns-material/esm/MoreT
imeSharp.js (1:0): 
Module level 
directives cause 
errors when bundled, 
"use client" in "node
_modules/@mui/icons-m
aterial/esm/MoreTimeS
harp.js" was ignored.
node_modules/@mui/ico
ns-material/esm/MoreT
ime.js (1:0): Module 
level directives 
cause errors when 
bundled, "use 
client" in "node_modu
les/@mui/icons-materi
al/esm/MoreTime.js" 
was ignored.
node_modules/@mui/ico
ns-material/esm/MoreS
harp.js (1:0): 
Module level 
directives cause 
errors when bundled, 
"use client" in "node
_modules/@mui/icons-m
aterial/esm/MoreSharp
.js" was ignored.
node_modules/@mui/ico
ns-material/esm/MoreV
ert.js (1:0): Module 
level directives 
cause errors when 
bundled, "use 
client" in "node_modu
les/@mui/icons-materi
al/esm/MoreVert.js" 
was ignored.
node_modules/@mui/ico
ns-material/esm/MoreT
imeTwoTone.js (1:0): 
Module level 
directives cause 
errors when bundled, 
"use client" in "node
_modules/@mui/icons-m
aterial/esm/MoreTimeT
woTone.js" was 
ignored.
node_modules/@mui/ico
ns-material/esm/MoreT
woTone.js (1:0): 
Module level 
directives cause 
errors when bundled, 
"use client" in "node
_modules/@mui/icons-m
aterial/esm/MoreTwoTo
ne.js" was ignored.
node_modules/@mui/ico
ns-material/esm/MoreV
ertSharp.js (1:0): 
Module level 
directives cause 
errors when bundled, 
"use client" in "node
_modules/@mui/icons-m
aterial/esm/MoreVertS
harp.js" was ignored.
node_modules/@mui/ico
ns-material/esm/MoreV
ertOutlined.js 
(1:0): Module level 
directives cause 
errors when bundled, 
"use client" in "node
_modules/@mui/icons-m
aterial/esm/MoreVertO
utlined.js" was 
ignored.
node_modules/@mui/ico
ns-material/esm/MoreV
ertRounded.js (1:0): 
Module level 
directives cause 
errors when bundled, 
"use client" in "node
_modules/@mui/icons-m
aterial/esm/MoreVertR
ounded.js" was 
ignored.
node_modules/@mui/ico
ns-material/esm/Mosqu
e.js (1:0): Module 
level directives 
cause errors when 
bundled, "use 
client" in "node_modu
les/@mui/icons-materi
al/esm/Mosque.js" 
was ignored.
node_modules/@mui/ico
ns-material/esm/MoreV
ertTwoTone.js (1:0): 
Module level 
directives cause 
errors when bundled, 
"use client" in "node
_modules/@mui/icons-m
aterial/esm/MoreVertT
woTone.js" was 
ignored.
node_modules/@mui/ico
ns-material/esm/Mosqu
eRounded.js (1:0): 
Module level 
directives cause 
errors when bundled, 
"use client" in "node
_modules/@mui/icons-m
aterial/esm/MosqueRou
nded.js" was ignored.
node_modules/@mui/ico
ns-material/esm/Mosqu
eOutlined.js (1:0): 
Module level 
directives cause 
errors when bundled, 
"use client" in "node
_modules/@mui/icons-m
aterial/esm/MosqueOut
lined.js" was 
ignored.
node_modules/@mui/ico
ns-material/esm/Mosqu
eSharp.js (1:0): 
Module level 
directives cause 
errors when bundled, 
"use client" in "node
_modules/@mui/icons-m
aterial/esm/MosqueSha
rp.js" was ignored.
node_modules/@mui/ico
ns-material/esm/Motio
nPhotosAutoOutlined.j
s (1:0): Module 
level directives 
cause errors when 
bundled, "use 
client" in "node_modu
les/@mui/icons-materi
al/esm/MotionPhotosAu
toOutlined.js" was 
ignored.
node_modules/@mui/ico
ns-material/esm/Mosqu
eTwoTone.js (1:0): 
Module level 
directives cause 
errors when bundled, 
"use client" in "node
_modules/@mui/icons-m
aterial/esm/MosqueTwo
Tone.js" was ignored.
node_modules/@mui/ico
ns-material/esm/Motio
nPhotosAutoSharp.js 
(1:0): Module level 
directives cause 
errors when bundled, 
"use client" in "node
_modules/@mui/icons-m
aterial/esm/MotionPho
tosAutoSharp.js" was 
ignored.
node_modules/@mui/ico
ns-material/esm/Motio
nPhotosAutoRounded.js
 (1:0): Module level 
directives cause 
errors when bundled, 
"use client" in "node
_modules/@mui/icons-m
aterial/esm/MotionPho
tosAutoRounded.js" 
was ignored.
node_modules/@mui/ico
ns-material/esm/Motio
nPhotosAuto.js 
(1:0): Module level 
directives cause 
errors when bundled, 
"use client" in "node
_modules/@mui/icons-m
aterial/esm/MotionPho
tosAuto.js" was 
ignored.
node_modules/@mui/ico
ns-material/esm/Motio
nPhotosAutoTwoTone.js
 (1:0): Module level 
directives cause 
errors when bundled, 
"use client" in "node
_modules/@mui/icons-m
aterial/esm/MotionPho
tosAutoTwoTone.js" 
was ignored.
node_modules/@mui/ico
ns-material/esm/Motio
nPhotosOff.js (1:0): 
Module level 
directives cause 
errors when bundled, 
"use client" in "node
_modules/@mui/icons-m
aterial/esm/MotionPho
tosOff.js" was 
ignored.
node_modules/@mui/ico
ns-material/esm/Motio
nPhotosOffTwoTone.js 
(1:0): Module level 
directives cause 
errors when bundled, 
"use client" in "node
_modules/@mui/icons-m
aterial/esm/MotionPho
tosOffTwoTone.js" 
was ignored.
node_modules/@mui/ico
ns-material/esm/Motio
nPhotosOffOutlined.js
 (1:0): Module level 
directives cause 
errors when bundled, 
"use client" in "node
_modules/@mui/icons-m
aterial/esm/MotionPho
tosOffOutlined.js" 
was ignored.
node_modules/@mui/ico
ns-material/esm/Motio
nPhotosOffRounded.js 
(1:0): Module level 
directives cause 
errors when bundled, 
"use client" in "node
_modules/@mui/icons-m
aterial/esm/MotionPho
tosOffRounded.js" 
was ignored.
node_modules/@mui/ico
ns-material/esm/Mouse
Outlined.js (1:0): 
Module level 
directives cause 
errors when bundled, 
"use client" in "node
_modules/@mui/icons-m
aterial/esm/MouseOutl
ined.js" was ignored.
node_modules/@mui/ico
ns-material/esm/Motio
nPhotosOffSharp.js 
(1:0): Module level 
directives cause 
errors when bundled, 
"use client" in "node
_modules/@mui/icons-m
aterial/esm/MotionPho
tosOffSharp.js" was 
ignored.
node_modules/@mui/ico
ns-material/esm/Mouse
.js (1:0): Module 
level directives 
cause errors when 
bundled, "use 
client" in "node_modu
les/@mui/icons-materi
al/esm/Mouse.js" was 
ignored.
node_modules/@mui/ico
ns-material/esm/Mouse
Rounded.js (1:0): 
Module level 
directives cause 
errors when bundled, 
"use client" in "node
_modules/@mui/icons-m
aterial/esm/MouseRoun
ded.js" was ignored.
node_modules/@mui/ico
ns-material/esm/Mouse
Sharp.js (1:0): 
Module level 
directives cause 
errors when bundled, 
"use client" in "node
_modules/@mui/icons-m
aterial/esm/MouseShar
p.js" was ignored.
node_modules/@mui/ico
ns-material/esm/Mouse
TwoTone.js (1:0): 
Module level 
directives cause 
errors when bundled, 
"use client" in "node
_modules/@mui/icons-m
aterial/esm/MouseTwoT
one.js" was ignored.
node_modules/@mui/ico
ns-material/esm/MoveD
ownOutlined.js 
(1:0): Module level 
directives cause 
errors when bundled, 
"use client" in "node
_modules/@mui/icons-m
aterial/esm/MoveDownO
utlined.js" was 
ignored.
node_modules/@mui/ico
ns-material/esm/MoveD
own.js (1:0): Module 
level directives 
cause errors when 
bundled, "use 
client" in "node_modu
les/@mui/icons-materi
al/esm/MoveDown.js" 
was ignored.
node_modules/@mui/ico
ns-material/esm/MoveD
ownRounded.js (1:0): 
Module level 
directives cause 
errors when bundled, 
"use client" in "node
_modules/@mui/icons-m
aterial/esm/MoveDownR
ounded.js" was 
ignored.
node_modules/@mui/ico
ns-material/esm/MoveD
ownSharp.js (1:0): 
Module level 
directives cause 
errors when bundled, 
"use client" in "node
_modules/@mui/icons-m
aterial/esm/MoveDownS
harp.js" was ignored.
node_modules/@mui/ico
ns-material/esm/MoveT
oInbox.js (1:0): 
Module level 
directives cause 
errors when bundled, 
"use client" in "node
_modules/@mui/icons-m
aterial/esm/MoveToInb
ox.js" was ignored.
node_modules/@mui/ico
ns-material/esm/MoveD
ownTwoTone.js (1:0): 
Module level 
directives cause 
errors when bundled, 
"use client" in "node
_modules/@mui/icons-m
aterial/esm/MoveDownT
woTone.js" was 
ignored.
node_modules/@mui/ico
ns-material/esm/MoveT
oInboxOutlined.js 
(1:0): Module level 
directives cause 
errors when bundled, 
"use client" in "node
_modules/@mui/icons-m
aterial/esm/MoveToInb
oxOutlined.js" was 
ignored.
node_modules/@mui/ico
ns-material/esm/MoveT
oInboxRounded.js 
(1:0): Module level 
directives cause 
errors when bundled, 
"use client" in "node
_modules/@mui/icons-m
aterial/esm/MoveToInb
oxRounded.js" was 
ignored.
node_modules/@mui/ico
ns-material/esm/MoveT
oInboxTwoTone.js 
(1:0): Module level 
directives cause 
errors when bundled, 
"use client" in "node
_modules/@mui/icons-m
aterial/esm/MoveToInb
oxTwoTone.js" was 
ignored.
node_modules/@mui/ico
ns-material/esm/MoveU
p.js (1:0): Module 
level directives 
cause errors when 
bundled, "use 
client" in "node_modu
les/@mui/icons-materi
al/esm/MoveUp.js" 
was ignored.
node_modules/@mui/ico
ns-material/esm/MoveT
oInboxSharp.js 
(1:0): Module level 
directives cause 
errors when bundled, 
"use client" in "node
_modules/@mui/icons-m
aterial/esm/MoveToInb
oxSharp.js" was 
ignored.
node_modules/@mui/ico
ns-material/esm/MoveU
pSharp.js (1:0): 
Module level 
directives cause 
errors when bundled, 
"use client" in "node
_modules/@mui/icons-m
aterial/esm/MoveUpSha
rp.js" was ignored.
node_modules/@mui/ico
ns-material/esm/MoveU
pRounded.js (1:0): 
Module level 
directives cause 
errors when bundled, 
"use client" in "node
_modules/@mui/icons-m
aterial/esm/MoveUpRou
nded.js" was ignored.
node_modules/@mui/ico
ns-material/esm/MoveU
pTwoTone.js (1:0): 
Module level 
directives cause 
errors when bundled, 
"use client" in "node
_modules/@mui/icons-m
aterial/esm/MoveUpTwo
Tone.js" was ignored.
node_modules/@mui/ico
ns-material/esm/Movie
.js (1:0): Module 
level directives 
cause errors when 
bundled, "use 
client" in "node_modu
les/@mui/icons-materi
al/esm/Movie.js" was 
ignored.
node_modules/@mui/ico
ns-material/esm/MoveU
pOutlined.js (1:0): 
Module level 
directives cause 
errors when bundled, 
"use client" in "node
_modules/@mui/icons-m
aterial/esm/MoveUpOut
lined.js" was 
ignored.
node_modules/@mui/ico
ns-material/esm/Movie
Creation.js (1:0): 
Module level 
directives cause 
errors when bundled, 
"use client" in "node
_modules/@mui/icons-m
aterial/esm/MovieCrea
tion.js" was ignored.
node_modules/@mui/ico
ns-material/esm/Movie
CreationSharp.js 
(1:0): Module level 
directives cause 
errors when bundled, 
"use client" in "node
_modules/@mui/icons-m
aterial/esm/MovieCrea
tionSharp.js" was 
ignored.
node_modules/@mui/ico
ns-material/esm/Movie
CreationRounded.js 
(1:0): Module level 
directives cause 
errors when bundled, 
"use client" in "node
_modules/@mui/icons-m
aterial/esm/MovieCrea
tionRounded.js" was 
ignored.
node_modules/@mui/ico
ns-material/esm/Movie
CreationOutlined.js 
(1:0): Module level 
directives cause 
errors when bundled, 
"use client" in "node
_modules/@mui/icons-m
aterial/esm/MovieCrea
tionOutlined.js" was 
ignored.
node_modules/@mui/ico
ns-material/esm/Movie
Filter.js (1:0): 
Module level 
directives cause 
errors when bundled, 
"use client" in "node
_modules/@mui/icons-m
aterial/esm/MovieFilt
er.js" was ignored.
node_modules/@mui/ico
ns-material/esm/Movie
CreationTwoTone.js 
(1:0): Module level 
directives cause 
errors when bundled, 
"use client" in "node
_modules/@mui/icons-m
aterial/esm/MovieCrea
tionTwoTone.js" was 
ignored.
node_modules/@mui/ico
ns-material/esm/Movie
FilterOutlined.js 
(1:0): Module level 
directives cause 
errors when bundled, 
"use client" in "node
_modules/@mui/icons-m
aterial/esm/MovieFilt
erOutlined.js" was 
ignored.
node_modules/@mui/ico
ns-material/esm/Movie
FilterTwoTone.js 
(1:0): Module level 
directives cause 
errors when bundled, 
"use client" in "node
_modules/@mui/icons-m
aterial/esm/MovieFilt
erTwoTone.js" was 
ignored.
node_modules/@mui/ico
ns-material/esm/Movie
FilterRounded.js 
(1:0): Module level 
directives cause 
errors when bundled, 
"use client" in "node
_modules/@mui/icons-m
aterial/esm/MovieFilt
erRounded.js" was 
ignored.
node_modules/@mui/ico
ns-material/esm/Movie
Rounded.js (1:0): 
Module level 
directives cause 
errors when bundled, 
"use client" in "node
_modules/@mui/icons-m
aterial/esm/MovieRoun
ded.js" was ignored.
node_modules/@mui/ico
ns-material/esm/Movie
Outlined.js (1:0): 
Module level 
directives cause 
errors when bundled, 
"use client" in "node
_modules/@mui/icons-m
aterial/esm/MovieOutl
ined.js" was ignored.
node_modules/@mui/ico
ns-material/esm/Movie
Sharp.js (1:0): 
Module level 
directives cause 
errors when bundled, 
"use client" in "node
_modules/@mui/icons-m
aterial/esm/MovieShar
p.js" was ignored.
node_modules/@mui/ico
ns-material/esm/Movie
TwoTone.js (1:0): 
Module level 
directives cause 
errors when bundled, 
"use client" in "node
_modules/@mui/icons-m
aterial/esm/MovieTwoT
one.js" was ignored.
node_modules/@mui/ico
ns-material/esm/Movie
FilterSharp.js 
(1:0): Module level 
directives cause 
errors when bundled, 
"use client" in "node
_modules/@mui/icons-m
aterial/esm/MovieFilt
erSharp.js" was 
ignored.
node_modules/@mui/ico
ns-material/esm/Movin
gOutlined.js (1:0): 
Module level 
directives cause 
errors when bundled, 
"use client" in "node
_modules/@mui/icons-m
aterial/esm/MovingOut
lined.js" was 
ignored.
node_modules/@mui/ico
ns-material/esm/Movin
gTwoTone.js (1:0): 
Module level 
directives cause 
errors when bundled, 
"use client" in "node
_modules/@mui/icons-m
aterial/esm/MovingTwo
Tone.js" was ignored.
node_modules/@mui/ico
ns-material/esm/Movin
g.js (1:0): Module 
level directives 
cause errors when 
bundled, "use 
client" in "node_modu
les/@mui/icons-materi
al/esm/Moving.js" 
was ignored.
node_modules/@mui/ico
ns-material/esm/Movin
gSharp.js (1:0): 
Module level 
directives cause 
errors when bundled, 
"use client" in "node
_modules/@mui/icons-m
aterial/esm/MovingSha
rp.js" was ignored.
node_modules/@mui/ico
ns-material/esm/Movin
gRounded.js (1:0): 
Module level 
directives cause 
errors when bundled, 
"use client" in "node
_modules/@mui/icons-m
aterial/esm/MovingRou
nded.js" was ignored.
node_modules/@mui/ico
ns-material/esm/MpOut
lined.js (1:0): 
Module level 
directives cause 
errors when bundled, 
"use client" in "node
_modules/@mui/icons-m
aterial/esm/MpOutline
d.js" was ignored.
node_modules/@mui/ico
ns-material/esm/Mp.js
 (1:0): Module level 
directives cause 
errors when bundled, 
"use client" in "node
_modules/@mui/icons-m
aterial/esm/Mp.js" 
was ignored.
node_modules/@mui/ico
ns-material/esm/MpSha
rp.js (1:0): Module 
level directives 
cause errors when 
bundled, "use 
client" in "node_modu
les/@mui/icons-materi
al/esm/MpSharp.js" 
was ignored.
node_modules/@mui/ico
ns-material/esm/Multi
lineChart.js (1:0): 
Module level 
directives cause 
errors when bundled, 
"use client" in "node
_modules/@mui/icons-m
aterial/esm/Multiline
Chart.js" was 
ignored.
node_modules/@mui/ico
ns-material/esm/MpRou
nded.js (1:0): 
Module level 
directives cause 
errors when bundled, 
"use client" in "node
_modules/@mui/icons-m
aterial/esm/MpRounded
.js" was ignored.
node_modules/@mui/ico
ns-material/esm/MpTwo
Tone.js (1:0): 
Module level 
directives cause 
errors when bundled, 
"use client" in "node
_modules/@mui/icons-m
aterial/esm/MpTwoTone
.js" was ignored.
node_modules/@mui/ico
ns-material/esm/Multi
lineChartSharp.js 
(1:0): Module level 
directives cause 
errors when bundled, 
"use client" in "node
_modules/@mui/icons-m
aterial/esm/Multiline
ChartSharp.js" was 
ignored.
node_modules/@mui/ico
ns-material/esm/Multi
lineChartRounded.js 
(1:0): Module level 
directives cause 
errors when bundled, 
"use client" in "node
_modules/@mui/icons-m
aterial/esm/Multiline
ChartRounded.js" was 
ignored.
node_modules/@mui/ico
ns-material/esm/Multi
pleStop.js (1:0): 
Module level 
directives cause 
errors when bundled, 
"use client" in "node
_modules/@mui/icons-m
aterial/esm/MultipleS
top.js" was ignored.
node_modules/@mui/ico
ns-material/esm/Multi
lineChartOutlined.js 
(1:0): Module level 
directives cause 
errors when bundled, 
"use client" in "node
_modules/@mui/icons-m
aterial/esm/Multiline
ChartOutlined.js" 
was ignored.
node_modules/@mui/ico
ns-material/esm/Multi
lineChartTwoTone.js 
(1:0): Module level 
directives cause 
errors when bundled, 
"use client" in "node
_modules/@mui/icons-m
aterial/esm/Multiline
ChartTwoTone.js" was 
ignored.
node_modules/@mui/ico
ns-material/esm/Multi
pleStopRounded.js 
(1:0): Module level 
directives cause 
errors when bundled, 
"use client" in "node
_modules/@mui/icons-m
aterial/esm/MultipleS
topRounded.js" was 
ignored.
node_modules/@mui/ico
ns-material/esm/Multi
pleStopOutlined.js 
(1:0): Module level 
directives cause 
errors when bundled, 
"use client" in "node
_modules/@mui/icons-m
aterial/esm/MultipleS
topOutlined.js" was 
ignored.
node_modules/@mui/ico
ns-material/esm/Multi
pleStopSharp.js 
(1:0): Module level 
directives cause 
errors when bundled, 
"use client" in "node
_modules/@mui/icons-m
aterial/esm/MultipleS
topSharp.js" was 
ignored.
node_modules/@mui/ico
ns-material/esm/Museu
m.js (1:0): Module 
level directives 
cause errors when 
bundled, "use 
client" in "node_modu
les/@mui/icons-materi
al/esm/Museum.js" 
was ignored.
node_modules/@mui/ico
ns-material/esm/Museu
mRounded.js (1:0): 
Module level 
directives cause 
errors when bundled, 
"use client" in "node
_modules/@mui/icons-m
aterial/esm/MuseumRou
nded.js" was ignored.
node_modules/@mui/ico
ns-material/esm/Museu
mOutlined.js (1:0): 
Module level 
directives cause 
errors when bundled, 
"use client" in "node
_modules/@mui/icons-m
aterial/esm/MuseumOut
lined.js" was 
ignored.
node_modules/@mui/ico
ns-material/esm/Museu
mSharp.js (1:0): 
Module level 
directives cause 
errors when bundled, 
"use client" in "node
_modules/@mui/icons-m
aterial/esm/MuseumSha
rp.js" was ignored.
node_modules/@mui/ico
ns-material/esm/Multi
pleStopTwoTone.js 
(1:0): Module level 
directives cause 
errors when bundled, 
"use client" in "node
_modules/@mui/icons-m
aterial/esm/MultipleS
topTwoTone.js" was 
ignored.
node_modules/@mui/ico
ns-material/esm/Music
Note.js (1:0): 
Module level 
directives cause 
errors when bundled, 
"use client" in "node
_modules/@mui/icons-m
aterial/esm/MusicNote
.js" was ignored.
node_modules/@mui/ico
ns-material/esm/Music
NoteSharp.js (1:0): 
Module level 
directives cause 
errors when bundled, 
"use client" in "node
_modules/@mui/icons-m
aterial/esm/MusicNote
Sharp.js" was 
ignored.
node_modules/@mui/ico
ns-material/esm/Museu
mTwoTone.js (1:0): 
Module level 
directives cause 
errors when bundled, 
"use client" in "node
_modules/@mui/icons-m
aterial/esm/MuseumTwo
Tone.js" was ignored.
node_modules/@mui/ico
ns-material/esm/Music
Off.js (1:0): Module 
level directives 
cause errors when 
bundled, "use 
client" in "node_modu
les/@mui/icons-materi
al/esm/MusicOff.js" 
was ignored.
node_modules/@mui/ico
ns-material/esm/Music
NoteRounded.js 
(1:0): Module level 
directives cause 
errors when bundled, 
"use client" in "node
_modules/@mui/icons-m
aterial/esm/MusicNote
Rounded.js" was 
ignored.
node_modules/@mui/ico
ns-material/esm/Music
OffOutlined.js 
(1:0): Module level 
directives cause 
errors when bundled, 
"use client" in "node
_modules/@mui/icons-m
aterial/esm/MusicOffO
utlined.js" was 
ignored.
node_modules/@mui/ico
ns-material/esm/Music
NoteOutlined.js 
(1:0): Module level 
directives cause 
errors when bundled, 
"use client" in "node
_modules/@mui/icons-m
aterial/esm/MusicNote
Outlined.js" was 
ignored.
node_modules/@mui/ico
ns-material/esm/Music
OffRounded.js (1:0): 
Module level 
directives cause 
errors when bundled, 
"use client" in "node
_modules/@mui/icons-m
aterial/esm/MusicOffR
ounded.js" was 
ignored.
node_modules/@mui/ico
ns-material/esm/Music
OffSharp.js (1:0): 
Module level 
directives cause 
errors when bundled, 
"use client" in "node
_modules/@mui/icons-m
aterial/esm/MusicOffS
harp.js" was ignored.
node_modules/@mui/ico
ns-material/esm/Music
OffTwoTone.js (1:0): 
Module level 
directives cause 
errors when bundled, 
"use client" in "node
_modules/@mui/icons-m
aterial/esm/MusicOffT
woTone.js" was 
ignored.
node_modules/@mui/ico
ns-material/esm/Music
Video.js (1:0): 
Module level 
directives cause 
errors when bundled, 
"use client" in "node
_modules/@mui/icons-m
aterial/esm/MusicVide
o.js" was ignored.
node_modules/@mui/ico
ns-material/esm/Music
VideoRounded.js 
(1:0): Module level 
directives cause 
errors when bundled, 
"use client" in "node
_modules/@mui/icons-m
aterial/esm/MusicVide
oRounded.js" was 
ignored.
node_modules/@mui/ico
ns-material/esm/Music
VideoOutlined.js 
(1:0): Module level 
directives cause 
errors when bundled, 
"use client" in "node
_modules/@mui/icons-m
aterial/esm/MusicVide
oOutlined.js" was 
ignored.
node_modules/@mui/ico
ns-material/esm/Music
NoteTwoTone.js 
(1:0): Module level 
directives cause 
errors when bundled, 
"use client" in "node
_modules/@mui/icons-m
aterial/esm/MusicNote
TwoTone.js" was 
ignored.
node_modules/@mui/ico
ns-material/esm/Music
VideoTwoTone.js 
(1:0): Module level 
directives cause 
errors when bundled, 
"use client" in "node
_modules/@mui/icons-m
aterial/esm/MusicVide
oTwoTone.js" was 
ignored.
node_modules/@mui/ico
ns-material/esm/MyLoc
ationOutlined.js 
(1:0): Module level 
directives cause 
errors when bundled, 
"use client" in "node
_modules/@mui/icons-m
aterial/esm/MyLocatio
nOutlined.js" was 
ignored.
node_modules/@mui/ico
ns-material/esm/Music
VideoSharp.js (1:0): 
Module level 
directives cause 
errors when bundled, 
"use client" in "node
_modules/@mui/icons-m
aterial/esm/MusicVide
oSharp.js" was 
ignored.
node_modules/@mui/ico
ns-material/esm/Nat.j
s (1:0): Module 
level directives 
cause errors when 
bundled, "use 
client" in "node_modu
les/@mui/icons-materi
al/esm/Nat.js" was 
ignored.
node_modules/@mui/ico
ns-material/esm/MyLoc
ationTwoTone.js 
(1:0): Module level 
directives cause 
errors when bundled, 
"use client" in "node
_modules/@mui/icons-m
aterial/esm/MyLocatio
nTwoTone.js" was 
ignored.
node_modules/@mui/ico
ns-material/esm/MyLoc
ationRounded.js 
(1:0): Module level 
directives cause 
errors when bundled, 
"use client" in "node
_modules/@mui/icons-m
aterial/esm/MyLocatio
nRounded.js" was 
ignored.
node_modules/@mui/ico
ns-material/esm/MyLoc
ation.js (1:0): 
Module level 
directives cause 
errors when bundled, 
"use client" in "node
_modules/@mui/icons-m
aterial/esm/MyLocatio
n.js" was ignored.
node_modules/@mui/ico
ns-material/esm/NatOu
tlined.js (1:0): 
Module level 
directives cause 
errors when bundled, 
"use client" in "node
_modules/@mui/icons-m
aterial/esm/NatOutlin
ed.js" was ignored.
node_modules/@mui/ico
ns-material/esm/MyLoc
ationSharp.js (1:0): 
Module level 
directives cause 
errors when bundled, 
"use client" in "node
_modules/@mui/icons-m
aterial/esm/MyLocatio
nSharp.js" was 
ignored.
node_modules/@mui/ico
ns-material/esm/Natur
e.js (1:0): Module 
level directives 
cause errors when 
bundled, "use 
client" in "node_modu
les/@mui/icons-materi
al/esm/Nature.js" 
was ignored.
node_modules/@mui/ico
ns-material/esm/NatRo
unded.js (1:0): 
Module level 
directives cause 
errors when bundled, 
"use client" in "node
_modules/@mui/icons-m
aterial/esm/NatRounde
d.js" was ignored.
node_modules/@mui/ico
ns-material/esm/NatSh
arp.js (1:0): Module 
level directives 
cause errors when 
bundled, "use 
client" in "node_modu
les/@mui/icons-materi
al/esm/NatSharp.js" 
was ignored.
node_modules/@mui/ico
ns-material/esm/Natur
ePeopleOutlined.js 
(1:0): Module level 
directives cause 
errors when bundled, 
"use client" in "node
_modules/@mui/icons-m
aterial/esm/NaturePeo
pleOutlined.js" was 
ignored.
node_modules/@mui/ico
ns-material/esm/NatTw
oTone.js (1:0): 
Module level 
directives cause 
errors when bundled, 
"use client" in "node
_modules/@mui/icons-m
aterial/esm/NatTwoTon
e.js" was ignored.
node_modules/@mui/ico
ns-material/esm/Natur
ePeople.js (1:0): 
Module level 
directives cause 
errors when bundled, 
"use client" in "node
_modules/@mui/icons-m
aterial/esm/NaturePeo
ple.js" was ignored.
node_modules/@mui/ico
ns-material/esm/Natur
ePeopleSharp.js 
(1:0): Module level 
directives cause 
errors when bundled, 
"use client" in "node
_modules/@mui/icons-m
aterial/esm/NaturePeo
pleSharp.js" was 
ignored.
node_modules/@mui/ico
ns-material/esm/Natur
ePeopleRounded.js 
(1:0): Module level 
directives cause 
errors when bundled, 
"use client" in "node
_modules/@mui/icons-m
aterial/esm/NaturePeo
pleRounded.js" was 
ignored.
node_modules/@mui/ico
ns-material/esm/Natur
ePeopleTwoTone.js 
(1:0): Module level 
directives cause 
errors when bundled, 
"use client" in "node
_modules/@mui/icons-m
aterial/esm/NaturePeo
pleTwoTone.js" was 
ignored.
node_modules/@mui/ico
ns-material/esm/Natur
eSharp.js (1:0): 
Module level 
directives cause 
errors when bundled, 
"use client" in "node
_modules/@mui/icons-m
aterial/esm/NatureSha
rp.js" was ignored.
node_modules/@mui/ico
ns-material/esm/Natur
eTwoTone.js (1:0): 
Module level 
directives cause 
errors when bundled, 
"use client" in "node
_modules/@mui/icons-m
aterial/esm/NatureTwo
Tone.js" was ignored.
node_modules/@mui/ico
ns-material/esm/Natur
eRounded.js (1:0): 
Module level 
directives cause 
errors when bundled, 
"use client" in "node
_modules/@mui/icons-m
aterial/esm/NatureRou
nded.js" was ignored.
node_modules/@mui/ico
ns-material/esm/Natur
eOutlined.js (1:0): 
Module level 
directives cause 
errors when bundled, 
"use client" in "node
_modules/@mui/icons-m
aterial/esm/NatureOut
lined.js" was 
ignored.
node_modules/@mui/ico
ns-material/esm/Navig
ateBeforeRounded.js 
(1:0): Module level 
directives cause 
errors when bundled, 
"use client" in "node
_modules/@mui/icons-m
aterial/esm/NavigateB
eforeRounded.js" was 
ignored.
node_modules/@mui/ico
ns-material/esm/Navig
ateBeforeOutlined.js 
(1:0): Module level 
directives cause 
errors when bundled, 
"use client" in "node
_modules/@mui/icons-m
aterial/esm/NavigateB
eforeOutlined.js" 
was ignored.
node_modules/@mui/ico
ns-material/esm/Navig
ateBefore.js (1:0): 
Module level 
directives cause 
errors when bundled, 
"use client" in "node
_modules/@mui/icons-m
aterial/esm/NavigateB
efore.js" was 
ignored.
node_modules/@mui/ico
ns-material/esm/Navig
ateBeforeSharp.js 
(1:0): Module level 
directives cause 
errors when bundled, 
"use client" in "node
_modules/@mui/icons-m
aterial/esm/NavigateB
eforeSharp.js" was 
ignored.
node_modules/@mui/ico
ns-material/esm/Navig
ateBeforeTwoTone.js 
(1:0): Module level 
directives cause 
errors when bundled, 
"use client" in "node
_modules/@mui/icons-m
aterial/esm/NavigateB
eforeTwoTone.js" was 
ignored.
node_modules/@mui/ico
ns-material/esm/Navig
ateNextOutlined.js 
(1:0): Module level 
directives cause 
errors when bundled, 
"use client" in "node
_modules/@mui/icons-m
aterial/esm/NavigateN
extOutlined.js" was 
ignored.
node_modules/@mui/ico
ns-material/esm/Navig
ateNext.js (1:0): 
Module level 
directives cause 
errors when bundled, 
"use client" in "node
_modules/@mui/icons-m
aterial/esm/NavigateN
ext.js" was ignored.
node_modules/@mui/ico
ns-material/esm/Navig
ateNextSharp.js 
(1:0): Module level 
directives cause 
errors when bundled, 
"use client" in "node
_modules/@mui/icons-m
aterial/esm/NavigateN
extSharp.js" was 
ignored.
node_modules/@mui/ico
ns-material/esm/Navig
ateNextRounded.js 
(1:0): Module level 
directives cause 
errors when bundled, 
"use client" in "node
_modules/@mui/icons-m
aterial/esm/NavigateN
extRounded.js" was 
ignored.
node_modules/@mui/ico
ns-material/esm/Navig
ateNextTwoTone.js 
(1:0): Module level 
directives cause 
errors when bundled, 
"use client" in "node
_modules/@mui/icons-m
aterial/esm/NavigateN
extTwoTone.js" was 
ignored.
node_modules/@mui/ico
ns-material/esm/Navig
ationOutlined.js 
(1:0): Module level 
directives cause 
errors when bundled, 
"use client" in "node
_modules/@mui/icons-m
aterial/esm/Navigatio
nOutlined.js" was 
ignored.
node_modules/@mui/ico
ns-material/esm/Navig
ationRounded.js 
(1:0): Module level 
directives cause 
errors when bundled, 
"use client" in "node
_modules/@mui/icons-m
aterial/esm/Navigatio
nRounded.js" was 
ignored.
node_modules/@mui/ico
ns-material/esm/Navig
ation.js (1:0): 
Module level 
directives cause 
errors when bundled, 
"use client" in "node
_modules/@mui/icons-m
aterial/esm/Navigatio
n.js" was ignored.
node_modules/@mui/ico
ns-material/esm/NearM
eDisabledOutlined.js 
(1:0): Module level 
directives cause 
errors when bundled, 
"use client" in "node
_modules/@mui/icons-m
aterial/esm/NearMeDis
abledOutlined.js" 
was ignored.
node_modules/@mui/ico
ns-material/esm/Navig
ationSharp.js (1:0): 
Module level 
directives cause 
errors when bundled, 
"use client" in "node
_modules/@mui/icons-m
aterial/esm/Navigatio
nSharp.js" was 
ignored.
node_modules/@mui/ico
ns-material/esm/Navig
ationTwoTone.js 
(1:0): Module level 
directives cause 
errors when bundled, 
"use client" in "node
_modules/@mui/icons-m
aterial/esm/Navigatio
nTwoTone.js" was 
ignored.
node_modules/@mui/ico
ns-material/esm/NearM
e.js (1:0): Module 
level directives 
cause errors when 
bundled, "use 
client" in "node_modu
les/@mui/icons-materi
al/esm/NearMe.js" 
was ignored.
node_modules/@mui/ico
ns-material/esm/NearM
eDisabled.js (1:0): 
Module level 
directives cause 
errors when bundled, 
"use client" in "node
_modules/@mui/icons-m
aterial/esm/NearMeDis
abled.js" was 
ignored.
node_modules/@mui/ico
ns-material/esm/NearM
eDisabledTwoTone.js 
(1:0): Module level 
directives cause 
errors when bundled, 
"use client" in "node
_modules/@mui/icons-m
aterial/esm/NearMeDis
abledTwoTone.js" was 
ignored.
node_modules/@mui/ico
ns-material/esm/NearM
eDisabledRounded.js 
(1:0): Module level 
directives cause 
errors when bundled, 
"use client" in "node
_modules/@mui/icons-m
aterial/esm/NearMeDis
abledRounded.js" was 
ignored.
node_modules/@mui/ico
ns-material/esm/NearM
eRounded.js (1:0): 
Module level 
directives cause 
errors when bundled, 
"use client" in "node
_modules/@mui/icons-m
aterial/esm/NearMeRou
nded.js" was ignored.
node_modules/@mui/ico
ns-material/esm/NearM
eDisabledSharp.js 
(1:0): Module level 
directives cause 
errors when bundled, 
"use client" in "node
_modules/@mui/icons-m
aterial/esm/NearMeDis
abledSharp.js" was 
ignored.
node_modules/@mui/ico
ns-material/esm/NearM
eOutlined.js (1:0): 
Module level 
directives cause 
errors when bundled, 
"use client" in "node
_modules/@mui/icons-m
aterial/esm/NearMeOut
lined.js" was 
ignored.
node_modules/@mui/ico
ns-material/esm/NearM
eSharp.js (1:0): 
Module level 
directives cause 
errors when bundled, 
"use client" in "node
_modules/@mui/icons-m
aterial/esm/NearMeSha
rp.js" was ignored.
node_modules/@mui/ico
ns-material/esm/NearM
eTwoTone.js (1:0): 
Module level 
directives cause 
errors when bundled, 
"use client" in "node
_modules/@mui/icons-m
aterial/esm/NearMeTwo
Tone.js" was ignored.
node_modules/@mui/ico
ns-material/esm/Nearb
yErrorOutlined.js 
(1:0): Module level 
directives cause 
errors when bundled, 
"use client" in "node
_modules/@mui/icons-m
aterial/esm/NearbyErr
orOutlined.js" was 
ignored.
node_modules/@mui/ico
ns-material/esm/Nearb
yOffOutlined.js 
(1:0): Module level 
directives cause 
errors when bundled, 
"use client" in "node
_modules/@mui/icons-m
aterial/esm/NearbyOff
Outlined.js" was 
ignored.
node_modules/@mui/ico
ns-material/esm/Nearb
yErrorRounded.js 
(1:0): Module level 
directives cause 
errors when bundled, 
"use client" in "node
_modules/@mui/icons-m
aterial/esm/NearbyErr
orRounded.js" was 
ignored.
node_modules/@mui/ico
ns-material/esm/Nearb
yErrorSharp.js 
(1:0): Module level 
directives cause 
errors when bundled, 
"use client" in "node
_modules/@mui/icons-m
aterial/esm/NearbyErr
orSharp.js" was 
ignored.
node_modules/@mui/ico
ns-material/esm/Nearb
yOffRounded.js 
(1:0): Module level 
directives cause 
errors when bundled, 
"use client" in "node
_modules/@mui/icons-m
aterial/esm/NearbyOff
Rounded.js" was 
ignored.
node_modules/@mui/ico
ns-material/esm/Nearb
yOff.js (1:0): 
Module level 
directives cause 
errors when bundled, 
"use client" in "node
_modules/@mui/icons-m
aterial/esm/NearbyOff
.js" was ignored.
node_modules/@mui/ico
ns-material/esm/Nearb
yError.js (1:0): 
Module level 
directives cause 
errors when bundled, 
"use client" in "node
_modules/@mui/icons-m
aterial/esm/NearbyErr
or.js" was ignored.
node_modules/@mui/ico
ns-material/esm/NestC
amWiredStandOutlined.
js (1:0): Module 
level directives 
cause errors when 
bundled, "use 
client" in "node_modu
les/@mui/icons-materi
al/esm/NestCamWiredSt
andOutlined.js" was 
ignored.
node_modules/@mui/ico
ns-material/esm/Nearb
yErrorTwoTone.js 
(1:0): Module level 
directives cause 
errors when bundled, 
"use client" in "node
_modules/@mui/icons-m
aterial/esm/NearbyErr
orTwoTone.js" was 
ignored.
node_modules/@mui/ico
ns-material/esm/Nearb
yOffSharp.js (1:0): 
Module level 
directives cause 
errors when bundled, 
"use client" in "node
_modules/@mui/icons-m
aterial/esm/NearbyOff
Sharp.js" was 
ignored.
node_modules/@mui/ico
ns-material/esm/NestC
amWiredStand.js 
(1:0): Module level 
directives cause 
errors when bundled, 
"use client" in "node
_modules/@mui/icons-m
aterial/esm/NestCamWi
redStand.js" was 
ignored.
node_modules/@mui/ico
ns-material/esm/Nearb
yOffTwoTone.js 
(1:0): Module level 
directives cause 
errors when bundled, 
"use client" in "node
_modules/@mui/icons-m
aterial/esm/NearbyOff
TwoTone.js" was 
ignored.
node_modules/@mui/ico
ns-material/esm/Netwo
rkCellOutlined.js 
(1:0): Module level 
directives cause 
errors when bundled, 
"use client" in "node
_modules/@mui/icons-m
aterial/esm/NetworkCe
llOutlined.js" was 
ignored.
node_modules/@mui/ico
ns-material/esm/NestC
amWiredStandRounded.j
s (1:0): Module 
level directives 
cause errors when 
bundled, "use 
client" in "node_modu
les/@mui/icons-materi
al/esm/NestCamWiredSt
andRounded.js" was 
ignored.
node_modules/@mui/ico
ns-material/esm/NestC
amWiredStandTwoTone.j
s (1:0): Module 
level directives 
cause errors when 
bundled, "use 
client" in "node_modu
les/@mui/icons-materi
al/esm/NestCamWiredSt
andTwoTone.js" was 
ignored.
node_modules/@mui/ico
ns-material/esm/NestC
amWiredStandSharp.js 
(1:0): Module level 
directives cause 
errors when bundled, 
"use client" in "node
_modules/@mui/icons-m
aterial/esm/NestCamWi
redStandSharp.js" 
was ignored.
node_modules/@mui/ico
ns-material/esm/Netwo
rkCellRounded.js 
(1:0): Module level 
directives cause 
errors when bundled, 
"use client" in "node
_modules/@mui/icons-m
aterial/esm/NetworkCe
llRounded.js" was 
ignored.
node_modules/@mui/ico
ns-material/esm/Netwo
rkCell.js (1:0): 
Module level 
directives cause 
errors when bundled, 
"use client" in "node
_modules/@mui/icons-m
aterial/esm/NetworkCe
ll.js" was ignored.
node_modules/@mui/ico
ns-material/esm/Netwo
rkCellSharp.js 
(1:0): Module level 
directives cause 
errors when bundled, 
"use client" in "node
_modules/@mui/icons-m
aterial/esm/NetworkCe
llSharp.js" was 
ignored.
node_modules/@mui/ico
ns-material/esm/Netwo
rkCellTwoTone.js 
(1:0): Module level 
directives cause 
errors when bundled, 
"use client" in "node
_modules/@mui/icons-m
aterial/esm/NetworkCe
llTwoTone.js" was 
ignored.
node_modules/@mui/ico
ns-material/esm/Netwo
rkCheckOutlined.js 
(1:0): Module level 
directives cause 
errors when bundled, 
"use client" in "node
_modules/@mui/icons-m
aterial/esm/NetworkCh
eckOutlined.js" was 
ignored.
node_modules/@mui/ico
ns-material/esm/Netwo
rkCheckSharp.js 
(1:0): Module level 
directives cause 
errors when bundled, 
"use client" in "node
_modules/@mui/icons-m
aterial/esm/NetworkCh
eckSharp.js" was 
ignored.
node_modules/@mui/ico
ns-material/esm/Netwo
rkCheck.js (1:0): 
Module level 
directives cause 
errors when bundled, 
"use client" in "node
_modules/@mui/icons-m
aterial/esm/NetworkCh
eck.js" was ignored.
node_modules/@mui/ico
ns-material/esm/Netwo
rkLockedOutlined.js 
(1:0): Module level 
directives cause 
errors when bundled, 
"use client" in "node
_modules/@mui/icons-m
aterial/esm/NetworkLo
ckedOutlined.js" was 
ignored.
node_modules/@mui/ico
ns-material/esm/Netwo
rkCheckRounded.js 
(1:0): Module level 
directives cause 
errors when bundled, 
"use client" in "node
_modules/@mui/icons-m
aterial/esm/NetworkCh
eckRounded.js" was 
ignored.
node_modules/@mui/ico
ns-material/esm/Netwo
rkLocked.js (1:0): 
Module level 
directives cause 
errors when bundled, 
"use client" in "node
_modules/@mui/icons-m
aterial/esm/NetworkLo
cked.js" was ignored.
node_modules/@mui/ico
ns-material/esm/Netwo
rkCheckTwoTone.js 
(1:0): Module level 
directives cause 
errors when bundled, 
"use client" in "node
_modules/@mui/icons-m
aterial/esm/NetworkCh
eckTwoTone.js" was 
ignored.
node_modules/@mui/ico
ns-material/esm/Netwo
rkLockedRounded.js 
(1:0): Module level 
directives cause 
errors when bundled, 
"use client" in "node
_modules/@mui/icons-m
aterial/esm/NetworkLo
ckedRounded.js" was 
ignored.
node_modules/@mui/ico
ns-material/esm/Netwo
rkPing.js (1:0): 
Module level 
directives cause 
errors when bundled, 
"use client" in "node
_modules/@mui/icons-m
aterial/esm/NetworkPi
ng.js" was ignored.
node_modules/@mui/ico
ns-material/esm/Netwo
rkLockedSharp.js 
(1:0): Module level 
directives cause 
errors when bundled, 
"use client" in "node
_modules/@mui/icons-m
aterial/esm/NetworkLo
ckedSharp.js" was 
ignored.
node_modules/@mui/ico
ns-material/esm/Netwo
rkPingRounded.js 
(1:0): Module level 
directives cause 
errors when bundled, 
"use client" in "node
_modules/@mui/icons-m
aterial/esm/NetworkPi
ngRounded.js" was 
ignored.
node_modules/@mui/ico
ns-material/esm/Netwo
rkLockedTwoTone.js 
(1:0): Module level 
directives cause 
errors when bundled, 
"use client" in "node
_modules/@mui/icons-m
aterial/esm/NetworkLo
ckedTwoTone.js" was 
ignored.
node_modules/@mui/ico
ns-material/esm/Netwo
rkPingOutlined.js 
(1:0): Module level 
directives cause 
errors when bundled, 
"use client" in "node
_modules/@mui/icons-m
aterial/esm/NetworkPi
ngOutlined.js" was 
ignored.
node_modules/@mui/ico
ns-material/esm/Netwo
rkPingSharp.js 
(1:0): Module level 
directives cause 
errors when bundled, 
"use client" in "node
_modules/@mui/icons-m
aterial/esm/NetworkPi
ngSharp.js" was 
ignored.
node_modules/@mui/ico
ns-material/esm/Netwo
rkPingTwoTone.js 
(1:0): Module level 
directives cause 
errors when bundled, 
"use client" in "node
_modules/@mui/icons-m
aterial/esm/NetworkPi
ngTwoTone.js" was 
ignored.
node_modules/@mui/ico
ns-material/esm/Netwo
rkWifi1Bar.js (1:0): 
Module level 
directives cause 
errors when bundled, 
"use client" in "node
_modules/@mui/icons-m
aterial/esm/NetworkWi
fi1Bar.js" was 
ignored.
node_modules/@mui/ico
ns-material/esm/Netwo
rkWifi1BarOutlined.js
 (1:0): Module level 
directives cause 
errors when bundled, 
"use client" in "node
_modules/@mui/icons-m
aterial/esm/NetworkWi
fi1BarOutlined.js" 
was ignored.
node_modules/@mui/ico
ns-material/esm/Netwo
rkWifi1BarTwoTone.js 
(1:0): Module level 
directives cause 
errors when bundled, 
"use client" in "node
_modules/@mui/icons-m
aterial/esm/NetworkWi
fi1BarTwoTone.js" 
was ignored.
node_modules/@mui/ico
ns-material/esm/Netwo
rkWifi2Bar.js (1:0): 
Module level 
directives cause 
errors when bundled, 
"use client" in "node
_modules/@mui/icons-m
aterial/esm/NetworkWi
fi2Bar.js" was 
ignored.
node_modules/@mui/ico
ns-material/esm/Netwo
rkWifi.js (1:0): 
Module level 
directives cause 
errors when bundled, 
"use client" in "node
_modules/@mui/icons-m
aterial/esm/NetworkWi
fi.js" was ignored.
node_modules/@mui/ico
ns-material/esm/Netwo
rkWifi1BarRounded.js 
(1:0): Module level 
directives cause 
errors when bundled, 
"use client" in "node
_modules/@mui/icons-m
aterial/esm/NetworkWi
fi1BarRounded.js" 
was ignored.
node_modules/@mui/ico
ns-material/esm/Netwo
rkWifi2BarRounded.js 
(1:0): Module level 
directives cause 
errors when bundled, 
"use client" in "node
_modules/@mui/icons-m
aterial/esm/NetworkWi
fi2BarRounded.js" 
was ignored.
node_modules/@mui/ico
ns-material/esm/Netwo
rkWifi2BarSharp.js 
(1:0): Module level 
directives cause 
errors when bundled, 
"use client" in "node
_modules/@mui/icons-m
aterial/esm/NetworkWi
fi2BarSharp.js" was 
ignored.
node_modules/@mui/ico
ns-material/esm/Netwo
rkWifi2BarTwoTone.js 
(1:0): Module level 
directives cause 
errors when bundled, 
"use client" in "node
_modules/@mui/icons-m
aterial/esm/NetworkWi
fi2BarTwoTone.js" 
was ignored.
node_modules/@mui/ico
ns-material/esm/Netwo
rkWifi3Bar.js (1:0): 
Module level 
directives cause 
errors when bundled, 
"use client" in "node
_modules/@mui/icons-m
aterial/esm/NetworkWi
fi3Bar.js" was 
ignored.
node_modules/@mui/ico
ns-material/esm/Netwo
rkWifi3BarOutlined.js
 (1:0): Module level 
directives cause 
errors when bundled, 
"use client" in "node
_modules/@mui/icons-m
aterial/esm/NetworkWi
fi3BarOutlined.js" 
was ignored.
node_modules/@mui/ico
ns-material/esm/Netwo
rkWifi3BarRounded.js 
(1:0): Module level 
directives cause 
errors when bundled, 
"use client" in "node
_modules/@mui/icons-m
aterial/esm/NetworkWi
fi3BarRounded.js" 
was ignored.
node_modules/@mui/ico
ns-material/esm/Netwo
rkWifi3BarSharp.js 
(1:0): Module level 
directives cause 
errors when bundled, 
"use client" in "node
_modules/@mui/icons-m
aterial/esm/NetworkWi
fi3BarSharp.js" was 
ignored.
node_modules/@mui/ico
ns-material/esm/Netwo
rkWifiOutlined.js 
(1:0): Module level 
directives cause 
errors when bundled, 
"use client" in "node
_modules/@mui/icons-m
aterial/esm/NetworkWi
fiOutlined.js" was 
ignored.
node_modules/@mui/ico
ns-material/esm/Netwo
rkWifi3BarTwoTone.js 
(1:0): Module level 
directives cause 
errors when bundled, 
"use client" in "node
_modules/@mui/icons-m
aterial/esm/NetworkWi
fi3BarTwoTone.js" 
was ignored.
node_modules/@mui/ico
ns-material/esm/Netwo
rkWifiTwoTone.js 
(1:0): Module level 
directives cause 
errors when bundled, 
"use client" in "node
_modules/@mui/icons-m
aterial/esm/NetworkWi
fiTwoTone.js" was 
ignored.
node_modules/@mui/ico
ns-material/esm/NewRe
leasesOutlined.js 
(1:0): Module level 
directives cause 
errors when bundled, 
"use client" in "node
_modules/@mui/icons-m
aterial/esm/NewReleas
esOutlined.js" was 
ignored.
node_modules/@mui/ico
ns-material/esm/Netwo
rkWifi2BarOutlined.js
 (1:0): Module level 
directives cause 
errors when bundled, 
"use client" in "node
_modules/@mui/icons-m
aterial/esm/NetworkWi
fi2BarOutlined.js" 
was ignored.
node_modules/@mui/ico
ns-material/esm/Netwo
rkWifiSharp.js 
(1:0): Module level 
directives cause 
errors when bundled, 
"use client" in "node
_modules/@mui/icons-m
aterial/esm/NetworkWi
fiSharp.js" was 
ignored.
node_modules/@mui/ico
ns-material/esm/NewRe
leases.js (1:0): 
Module level 
directives cause 
errors when bundled, 
"use client" in "node
_modules/@mui/icons-m
aterial/esm/NewReleas
es.js" was ignored.
node_modules/@mui/ico
ns-material/esm/Netwo
rkWifi1BarSharp.js 
(1:0): Module level 
directives cause 
errors when bundled, 
"use client" in "node
_modules/@mui/icons-m
aterial/esm/NetworkWi
fi1BarSharp.js" was 
ignored.
node_modules/@mui/ico
ns-material/esm/NewRe
leasesRounded.js 
(1:0): Module level 
directives cause 
errors when bundled, 
"use client" in "node
_modules/@mui/icons-m
aterial/esm/NewReleas
esRounded.js" was 
ignored.
node_modules/@mui/ico
ns-material/esm/Netwo
rkWifiRounded.js 
(1:0): Module level 
directives cause 
errors when bundled, 
"use client" in "node
_modules/@mui/icons-m
aterial/esm/NetworkWi
fiRounded.js" was 
ignored.
node_modules/@mui/ico
ns-material/esm/NewRe
leasesSharp.js 
(1:0): Module level 
directives cause 
errors when bundled, 
"use client" in "node
_modules/@mui/icons-m
aterial/esm/NewReleas
esSharp.js" was 
ignored.
node_modules/@mui/ico
ns-material/esm/Newsp
aperOutlined.js 
(1:0): Module level 
directives cause 
errors when bundled, 
"use client" in "node
_modules/@mui/icons-m
aterial/esm/Newspaper
Outlined.js" was 
ignored.
node_modules/@mui/ico
ns-material/esm/NewRe
leasesTwoTone.js 
(1:0): Module level 
directives cause 
errors when bundled, 
"use client" in "node
_modules/@mui/icons-m
aterial/esm/NewReleas
esTwoTone.js" was 
ignored.
node_modules/@mui/ico
ns-material/esm/Newsp
aperTwoTone.js 
(1:0): Module level 
directives cause 
errors when bundled, 
"use client" in "node
_modules/@mui/icons-m
aterial/esm/Newspaper
TwoTone.js" was 
ignored.
node_modules/@mui/ico
ns-material/esm/Newsp
aper.js (1:0): 
Module level 
directives cause 
errors when bundled, 
"use client" in "node
_modules/@mui/icons-m
aterial/esm/Newspaper
.js" was ignored.
node_modules/@mui/ico
ns-material/esm/Newsp
aperRounded.js 
(1:0): Module level 
directives cause 
errors when bundled, 
"use client" in "node
_modules/@mui/icons-m
aterial/esm/Newspaper
Rounded.js" was 
ignored.
node_modules/@mui/ico
ns-material/esm/Newsp
aperSharp.js (1:0): 
Module level 
directives cause 
errors when bundled, 
"use client" in "node
_modules/@mui/icons-m
aterial/esm/Newspaper
Sharp.js" was 
ignored.
node_modules/@mui/ico
ns-material/esm/NextP
lanRounded.js (1:0): 
Module level 
directives cause 
errors when bundled, 
"use client" in "node
_modules/@mui/icons-m
aterial/esm/NextPlanR
ounded.js" was 
ignored.
node_modules/@mui/ico
ns-material/esm/NextP
lanTwoTone.js (1:0): 
Module level 
directives cause 
errors when bundled, 
"use client" in "node
_modules/@mui/icons-m
aterial/esm/NextPlanT
woTone.js" was 
ignored.
node_modules/@mui/ico
ns-material/esm/NextP
lan.js (1:0): Module 
level directives 
cause errors when 
bundled, "use 
client" in "node_modu
les/@mui/icons-materi
al/esm/NextPlan.js" 
was ignored.
node_modules/@mui/ico
ns-material/esm/NextP
lanOutlined.js 
(1:0): Module level 
directives cause 
errors when bundled, 
"use client" in "node
_modules/@mui/icons-m
aterial/esm/NextPlanO
utlined.js" was 
ignored.
node_modules/@mui/ico
ns-material/esm/NextP
lanSharp.js (1:0): 
Module level 
directives cause 
errors when bundled, 
"use client" in "node
_modules/@mui/icons-m
aterial/esm/NextPlanS
harp.js" was ignored.
node_modules/@mui/ico
ns-material/esm/NextW
eek.js (1:0): Module 
level directives 
cause errors when 
bundled, "use 
client" in "node_modu
les/@mui/icons-materi
al/esm/NextWeek.js" 
was ignored.
node_modules/@mui/ico
ns-material/esm/NextW
eekOutlined.js 
(1:0): Module level 
directives cause 
errors when bundled, 
"use client" in "node
_modules/@mui/icons-m
aterial/esm/NextWeekO
utlined.js" was 
ignored.
node_modules/@mui/ico
ns-material/esm/NextW
eekTwoTone.js (1:0): 
Module level 
directives cause 
errors when bundled, 
"use client" in "node
_modules/@mui/icons-m
aterial/esm/NextWeekT
woTone.js" was 
ignored.
node_modules/@mui/ico
ns-material/esm/NextW
eekSharp.js (1:0): 
Module level 
directives cause 
errors when bundled, 
"use client" in "node
_modules/@mui/icons-m
aterial/esm/NextWeekS
harp.js" was ignored.
node_modules/@mui/ico
ns-material/esm/NfcOu
tlined.js (1:0): 
Module level 
directives cause 
errors when bundled, 
"use client" in "node
_modules/@mui/icons-m
aterial/esm/NfcOutlin
ed.js" was ignored.
node_modules/@mui/ico
ns-material/esm/Nfc.j
s (1:0): Module 
level directives 
cause errors when 
bundled, "use 
client" in "node_modu
les/@mui/icons-materi
al/esm/Nfc.js" was 
ignored.
node_modules/@mui/ico
ns-material/esm/NfcSh
arp.js (1:0): Module 
level directives 
cause errors when 
bundled, "use 
client" in "node_modu
les/@mui/icons-materi
al/esm/NfcSharp.js" 
was ignored.
node_modules/@mui/ico
ns-material/esm/NfcRo
unded.js (1:0): 
Module level 
directives cause 
errors when bundled, 
"use client" in "node
_modules/@mui/icons-m
aterial/esm/NfcRounde
d.js" was ignored.
node_modules/@mui/ico
ns-material/esm/NextW
eekRounded.js (1:0): 
Module level 
directives cause 
errors when bundled, 
"use client" in "node
_modules/@mui/icons-m
aterial/esm/NextWeekR
ounded.js" was 
ignored.
node_modules/@mui/ico
ns-material/esm/Night
Shelter.js (1:0): 
Module level 
directives cause 
errors when bundled, 
"use client" in "node
_modules/@mui/icons-m
aterial/esm/NightShel
ter.js" was ignored.
node_modules/@mui/ico
ns-material/esm/NfcTw
oTone.js (1:0): 
Module level 
directives cause 
errors when bundled, 
"use client" in "node
_modules/@mui/icons-m
aterial/esm/NfcTwoTon
e.js" was ignored.
node_modules/@mui/ico
ns-material/esm/Night
ShelterOutlined.js 
(1:0): Module level 
directives cause 
errors when bundled, 
"use client" in "node
_modules/@mui/icons-m
aterial/esm/NightShel
terOutlined.js" was 
ignored.
node_modules/@mui/ico
ns-material/esm/Night
ShelterSharp.js 
(1:0): Module level 
directives cause 
errors when bundled, 
"use client" in "node
_modules/@mui/icons-m
aterial/esm/NightShel
terSharp.js" was 
ignored.
node_modules/@mui/ico
ns-material/esm/Night
ShelterRounded.js 
(1:0): Module level 
directives cause 
errors when bundled, 
"use client" in "node
_modules/@mui/icons-m
aterial/esm/NightShel
terRounded.js" was 
ignored.
node_modules/@mui/ico
ns-material/esm/Night
ShelterTwoTone.js 
(1:0): Module level 
directives cause 
errors when bundled, 
"use client" in "node
_modules/@mui/icons-m
aterial/esm/NightShel
terTwoTone.js" was 
ignored.
node_modules/@mui/ico
ns-material/esm/Night
lifeRounded.js 
(1:0): Module level 
directives cause 
errors when bundled, 
"use client" in "node
_modules/@mui/icons-m
aterial/esm/Nightlife
Rounded.js" was 
ignored.
node_modules/@mui/ico
ns-material/esm/Night
life.js (1:0): 
Module level 
directives cause 
errors when bundled, 
"use client" in "node
_modules/@mui/icons-m
aterial/esm/Nightlife
.js" was ignored.
node_modules/@mui/ico
ns-material/esm/Night
lifeOutlined.js 
(1:0): Module level 
directives cause 
errors when bundled, 
"use client" in "node
_modules/@mui/icons-m
aterial/esm/Nightlife
Outlined.js" was 
ignored.
node_modules/@mui/ico
ns-material/esm/Night
light.js (1:0): 
Module level 
directives cause 
errors when bundled, 
"use client" in "node
_modules/@mui/icons-m
aterial/esm/Nightligh
t.js" was ignored.
node_modules/@mui/ico
ns-material/esm/Night
lifeSharp.js (1:0): 
Module level 
directives cause 
errors when bundled, 
"use client" in "node
_modules/@mui/icons-m
aterial/esm/Nightlife
Sharp.js" was 
ignored.
node_modules/@mui/ico
ns-material/esm/Night
lifeTwoTone.js 
(1:0): Module level 
directives cause 
errors when bundled, 
"use client" in "node
_modules/@mui/icons-m
aterial/esm/Nightlife
TwoTone.js" was 
ignored.
node_modules/@mui/ico
ns-material/esm/Night
lightRound.js (1:0): 
Module level 
directives cause 
errors when bundled, 
"use client" in "node
_modules/@mui/icons-m
aterial/esm/Nightligh
tRound.js" was 
ignored.
node_modules/@mui/ico
ns-material/esm/Night
lightOutlined.js 
(1:0): Module level 
directives cause 
errors when bundled, 
"use client" in "node
_modules/@mui/icons-m
aterial/esm/Nightligh
tOutlined.js" was 
ignored.
node_modules/@mui/ico
ns-material/esm/Night
lightRoundOutlined.js
 (1:0): Module level 
directives cause 
errors when bundled, 
"use client" in "node
_modules/@mui/icons-m
aterial/esm/Nightligh
tRoundOutlined.js" 
was ignored.
node_modules/@mui/ico
ns-material/esm/Night
lightRoundTwoTone.js 
(1:0): Module level 
directives cause 
errors when bundled, 
"use client" in "node
_modules/@mui/icons-m
aterial/esm/Nightligh
tRoundTwoTone.js" 
was ignored.
node_modules/@mui/ico
ns-material/esm/Night
lightRoundSharp.js 
(1:0): Module level 
directives cause 
errors when bundled, 
"use client" in "node
_modules/@mui/icons-m
aterial/esm/Nightligh
tRoundSharp.js" was 
ignored.
node_modules/@mui/ico
ns-material/esm/Night
lightRoundRounded.js 
(1:0): Module level 
directives cause 
errors when bundled, 
"use client" in "node
_modules/@mui/icons-m
aterial/esm/Nightligh
tRoundRounded.js" 
was ignored.
node_modules/@mui/ico
ns-material/esm/Night
lightSharp.js (1:0): 
Module level 
directives cause 
errors when bundled, 
"use client" in "node
_modules/@mui/icons-m
aterial/esm/Nightligh
tSharp.js" was 
ignored.
node_modules/@mui/ico
ns-material/esm/Night
lightTwoTone.js 
(1:0): Module level 
directives cause 
errors when bundled, 
"use client" in "node
_modules/@mui/icons-m
aterial/esm/Nightligh
tTwoTone.js" was 
ignored.
node_modules/@mui/ico
ns-material/esm/Night
lightRounded.js 
(1:0): Module level 
directives cause 
errors when bundled, 
"use client" in "node
_modules/@mui/icons-m
aterial/esm/Nightligh
tRounded.js" was 
ignored.
node_modules/@mui/ico
ns-material/esm/Night
sStayOutlined.js 
(1:0): Module level 
directives cause 
errors when bundled, 
"use client" in "node
_modules/@mui/icons-m
aterial/esm/NightsSta
yOutlined.js" was 
ignored.
node_modules/@mui/ico
ns-material/esm/Night
sStay.js (1:0): 
Module level 
directives cause 
errors when bundled, 
"use client" in "node
_modules/@mui/icons-m
aterial/esm/NightsSta
y.js" was ignored.
node_modules/@mui/ico
ns-material/esm/Night
sStaySharp.js (1:0): 
Module level 
directives cause 
errors when bundled, 
"use client" in "node
_modules/@mui/icons-m
aterial/esm/NightsSta
ySharp.js" was 
ignored.
node_modules/@mui/ico
ns-material/esm/Night
sStayRounded.js 
(1:0): Module level 
directives cause 
errors when bundled, 
"use client" in "node
_modules/@mui/icons-m
aterial/esm/NightsSta
yRounded.js" was 
ignored.
node_modules/@mui/ico
ns-material/esm/Night
sStayTwoTone.js 
(1:0): Module level 
directives cause 
errors when bundled, 
"use client" in "node
_modules/@mui/icons-m
aterial/esm/NightsSta
yTwoTone.js" was 
ignored.
node_modules/@mui/ico
ns-material/esm/NineK
.js (1:0): Module 
level directives 
cause errors when 
bundled, "use 
client" in "node_modu
les/@mui/icons-materi
al/esm/NineK.js" was 
ignored.
node_modules/@mui/ico
ns-material/esm/NineK
PlusOutlined.js 
(1:0): Module level 
directives cause 
errors when bundled, 
"use client" in "node
_modules/@mui/icons-m
aterial/esm/NineKPlus
Outlined.js" was 
ignored.
node_modules/@mui/ico
ns-material/esm/NineK
Plus.js (1:0): 
Module level 
directives cause 
errors when bundled, 
"use client" in "node
_modules/@mui/icons-m
aterial/esm/NineKPlus
.js" was ignored.
node_modules/@mui/ico
ns-material/esm/NineK
Outlined.js (1:0): 
Module level 
directives cause 
errors when bundled, 
"use client" in "node
_modules/@mui/icons-m
aterial/esm/NineKOutl
ined.js" was ignored.
node_modules/@mui/ico
ns-material/esm/NineK
PlusTwoTone.js 
(1:0): Module level 
directives cause 
errors when bundled, 
"use client" in "node
_modules/@mui/icons-m
aterial/esm/NineKPlus
TwoTone.js" was 
ignored.
node_modules/@mui/ico
ns-material/esm/NineK
Sharp.js (1:0): 
Module level 
directives cause 
errors when bundled, 
"use client" in "node
_modules/@mui/icons-m
aterial/esm/NineKShar
p.js" was ignored.
node_modules/@mui/ico
ns-material/esm/NineK
Rounded.js (1:0): 
Module level 
directives cause 
errors when bundled, 
"use client" in "node
_modules/@mui/icons-m
aterial/esm/NineKRoun
ded.js" was ignored.
node_modules/@mui/ico
ns-material/esm/NineK
PlusRounded.js 
(1:0): Module level 
directives cause 
errors when bundled, 
"use client" in "node
_modules/@mui/icons-m
aterial/esm/NineKPlus
Rounded.js" was 
ignored.
node_modules/@mui/ico
ns-material/esm/NineM
pOutlined.js (1:0): 
Module level 
directives cause 
errors when bundled, 
"use client" in "node
_modules/@mui/icons-m
aterial/esm/NineMpOut
lined.js" was 
ignored.
node_modules/@mui/ico
ns-material/esm/NineM
pSharp.js (1:0): 
Module level 
directives cause 
errors when bundled, 
"use client" in "node
_modules/@mui/icons-m
aterial/esm/NineMpSha
rp.js" was ignored.
node_modules/@mui/ico
ns-material/esm/NineK
TwoTone.js (1:0): 
Module level 
directives cause 
errors when bundled, 
"use client" in "node
_modules/@mui/icons-m
aterial/esm/NineKTwoT
one.js" was ignored.
node_modules/@mui/ico
ns-material/esm/NineK
PlusSharp.js (1:0): 
Module level 
directives cause 
errors when bundled, 
"use client" in "node
_modules/@mui/icons-m
aterial/esm/NineKPlus
Sharp.js" was 
ignored.
node_modules/@mui/ico
ns-material/esm/NineM
p.js (1:0): Module 
level directives 
cause errors when 
bundled, "use 
client" in "node_modu
les/@mui/icons-materi
al/esm/NineMp.js" 
was ignored.
node_modules/@mui/ico
ns-material/esm/NineM
pRounded.js (1:0): 
Module level 
directives cause 
errors when bundled, 
"use client" in "node
_modules/@mui/icons-m
aterial/esm/NineMpRou
nded.js" was ignored.
node_modules/@mui/ico
ns-material/esm/NineM
pTwoTone.js (1:0): 
Module level 
directives cause 
errors when bundled, 
"use client" in "node
_modules/@mui/icons-m
aterial/esm/NineMpTwo
Tone.js" was ignored.
node_modules/@mui/ico
ns-material/esm/Ninet
eenMp.js (1:0): 
Module level 
directives cause 
errors when bundled, 
"use client" in "node
_modules/@mui/icons-m
aterial/esm/NineteenM
p.js" was ignored.
node_modules/@mui/ico
ns-material/esm/Ninet
eenMpSharp.js (1:0): 
Module level 
directives cause 
errors when bundled, 
"use client" in "node
_modules/@mui/icons-m
aterial/esm/NineteenM
pSharp.js" was 
ignored.
node_modules/@mui/ico
ns-material/esm/Ninet
eenMpOutlined.js 
(1:0): Module level 
directives cause 
errors when bundled, 
"use client" in "node
_modules/@mui/icons-m
aterial/esm/NineteenM
pOutlined.js" was 
ignored.
node_modules/@mui/ico
ns-material/esm/Ninet
eenMpRounded.js 
(1:0): Module level 
directives cause 
errors when bundled, 
"use client" in "node
_modules/@mui/icons-m
aterial/esm/NineteenM
pRounded.js" was 
ignored.
node_modules/@mui/ico
ns-material/esm/Ninet
eenMpTwoTone.js 
(1:0): Module level 
directives cause 
errors when bundled, 
"use client" in "node
_modules/@mui/icons-m
aterial/esm/NineteenM
pTwoTone.js" was 
ignored.
node_modules/@mui/ico
ns-material/esm/NoAcc
ounts.js (1:0): 
Module level 
directives cause 
errors when bundled, 
"use client" in "node
_modules/@mui/icons-m
aterial/esm/NoAccount
s.js" was ignored.
node_modules/@mui/ico
ns-material/esm/NoAcc
ountsSharp.js (1:0): 
Module level 
directives cause 
errors when bundled, 
"use client" in "node
_modules/@mui/icons-m
aterial/esm/NoAccount
sSharp.js" was 
ignored.
node_modules/@mui/ico
ns-material/esm/NoAcc
ountsRounded.js 
(1:0): Module level 
directives cause 
errors when bundled, 
"use client" in "node
_modules/@mui/icons-m
aterial/esm/NoAccount
sRounded.js" was 
ignored.
node_modules/@mui/ico
ns-material/esm/NoAcc
ountsOutlined.js 
(1:0): Module level 
directives cause 
errors when bundled, 
"use client" in "node
_modules/@mui/icons-m
aterial/esm/NoAccount
sOutlined.js" was 
ignored.
node_modules/@mui/ico
ns-material/esm/NoAdu
ltContent.js (1:0): 
Module level 
directives cause 
errors when bundled, 
"use client" in "node
_modules/@mui/icons-m
aterial/esm/NoAdultCo
ntent.js" was 
ignored.
node_modules/@mui/ico
ns-material/esm/NoAcc
ountsTwoTone.js 
(1:0): Module level 
directives cause 
errors when bundled, 
"use client" in "node
_modules/@mui/icons-m
aterial/esm/NoAccount
sTwoTone.js" was 
ignored.
node_modules/@mui/ico
ns-material/esm/NoAdu
ltContentRounded.js 
(1:0): Module level 
directives cause 
errors when bundled, 
"use client" in "node
_modules/@mui/icons-m
aterial/esm/NoAdultCo
ntentRounded.js" was 
ignored.
node_modules/@mui/ico
ns-material/esm/NoAdu
ltContentTwoTone.js 
(1:0): Module level 
directives cause 
errors when bundled, 
"use client" in "node
_modules/@mui/icons-m
aterial/esm/NoAdultCo
ntentTwoTone.js" was 
ignored.
node_modules/@mui/ico
ns-material/esm/NoAdu
ltContentOutlined.js 
(1:0): Module level 
directives cause 
errors when bundled, 
"use client" in "node
_modules/@mui/icons-m
aterial/esm/NoAdultCo
ntentOutlined.js" 
was ignored.
node_modules/@mui/ico
ns-material/esm/NoBac
kpackRounded.js 
(1:0): Module level 
directives cause 
errors when bundled, 
"use client" in "node
_modules/@mui/icons-m
aterial/esm/NoBackpac
kRounded.js" was 
ignored.
node_modules/@mui/ico
ns-material/esm/NoBac
kpackOutlined.js 
(1:0): Module level 
directives cause 
errors when bundled, 
"use client" in "node
_modules/@mui/icons-m
aterial/esm/NoBackpac
kOutlined.js" was 
ignored.
node_modules/@mui/ico
ns-material/esm/NoAdu
ltContentSharp.js 
(1:0): Module level 
directives cause 
errors when bundled, 
"use client" in "node
_modules/@mui/icons-m
aterial/esm/NoAdultCo
ntentSharp.js" was 
ignored.
node_modules/@mui/ico
ns-material/esm/NoBac
kpackTwoTone.js 
(1:0): Module level 
directives cause 
errors when bundled, 
"use client" in "node
_modules/@mui/icons-m
aterial/esm/NoBackpac
kTwoTone.js" was 
ignored.
node_modules/@mui/ico
ns-material/esm/NoBac
kpack.js (1:0): 
Module level 
directives cause 
errors when bundled, 
"use client" in "node
_modules/@mui/icons-m
aterial/esm/NoBackpac
k.js" was ignored.
node_modules/@mui/ico
ns-material/esm/NoCel
lOutlined.js (1:0): 
Module level 
directives cause 
errors when bundled, 
"use client" in "node
_modules/@mui/icons-m
aterial/esm/NoCellOut
lined.js" was 
ignored.
node_modules/@mui/ico
ns-material/esm/NoBac
kpackSharp.js (1:0): 
Module level 
directives cause 
errors when bundled, 
"use client" in "node
_modules/@mui/icons-m
aterial/esm/NoBackpac
kSharp.js" was 
ignored.
node_modules/@mui/ico
ns-material/esm/NoCel
lSharp.js (1:0): 
Module level 
directives cause 
errors when bundled, 
"use client" in "node
_modules/@mui/icons-m
aterial/esm/NoCellSha
rp.js" was ignored.
node_modules/@mui/ico
ns-material/esm/NoCel
lRounded.js (1:0): 
Module level 
directives cause 
errors when bundled, 
"use client" in "node
_modules/@mui/icons-m
aterial/esm/NoCellRou
nded.js" was ignored.
node_modules/@mui/ico
ns-material/esm/NoCra
shOutlined.js (1:0): 
Module level 
directives cause 
errors when bundled, 
"use client" in "node
_modules/@mui/icons-m
aterial/esm/NoCrashOu
tlined.js" was 
ignored.
node_modules/@mui/ico
ns-material/esm/NoCra
shSharp.js (1:0): 
Module level 
directives cause 
errors when bundled, 
"use client" in "node
_modules/@mui/icons-m
aterial/esm/NoCrashSh
arp.js" was ignored.
node_modules/@mui/ico
ns-material/esm/NoCel
lTwoTone.js (1:0): 
Module level 
directives cause 
errors when bundled, 
"use client" in "node
_modules/@mui/icons-m
aterial/esm/NoCellTwo
Tone.js" was ignored.
node_modules/@mui/ico
ns-material/esm/NoCra
sh.js (1:0): Module 
level directives 
cause errors when 
bundled, "use 
client" in "node_modu
les/@mui/icons-materi
al/esm/NoCrash.js" 
was ignored.
node_modules/@mui/ico
ns-material/esm/NoCra
shRounded.js (1:0): 
Module level 
directives cause 
errors when bundled, 
"use client" in "node
_modules/@mui/icons-m
aterial/esm/NoCrashRo
unded.js" was 
ignored.
node_modules/@mui/ico
ns-material/esm/NoCel
l.js (1:0): Module 
level directives 
cause errors when 
bundled, "use 
client" in "node_modu
les/@mui/icons-materi
al/esm/NoCell.js" 
was ignored.
node_modules/@mui/ico
ns-material/esm/NoDri
nksOutlined.js 
(1:0): Module level 
directives cause 
errors when bundled, 
"use client" in "node
_modules/@mui/icons-m
aterial/esm/NoDrinksO
utlined.js" was 
ignored.
node_modules/@mui/ico
ns-material/esm/NoDri
nksRounded.js (1:0): 
Module level 
directives cause 
errors when bundled, 
"use client" in "node
_modules/@mui/icons-m
aterial/esm/NoDrinksR
ounded.js" was 
ignored.
node_modules/@mui/ico
ns-material/esm/NoDri
nks.js (1:0): Module 
level directives 
cause errors when 
bundled, "use 
client" in "node_modu
les/@mui/icons-materi
al/esm/NoDrinks.js" 
was ignored.
node_modules/@mui/ico
ns-material/esm/NoDri
nksTwoTone.js (1:0): 
Module level 
directives cause 
errors when bundled, 
"use client" in "node
_modules/@mui/icons-m
aterial/esm/NoDrinksT
woTone.js" was 
ignored.
node_modules/@mui/ico
ns-material/esm/NoCra
shTwoTone.js (1:0): 
Module level 
directives cause 
errors when bundled, 
"use client" in "node
_modules/@mui/icons-m
aterial/esm/NoCrashTw
oTone.js" was 
ignored.
node_modules/@mui/ico
ns-material/esm/NoDri
nksSharp.js (1:0): 
Module level 
directives cause 
errors when bundled, 
"use client" in "node
_modules/@mui/icons-m
aterial/esm/NoDrinksS
harp.js" was ignored.
node_modules/@mui/ico
ns-material/esm/NoEnc
ryptionGmailerrorredO
utlined.js (1:0): 
Module level 
directives cause 
errors when bundled, 
"use client" in "node
_modules/@mui/icons-m
aterial/esm/NoEncrypt
ionGmailerrorredOutli
ned.js" was ignored.
node_modules/@mui/ico
ns-material/esm/NoEnc
ryptionGmailerrorred.
js (1:0): Module 
level directives 
cause errors when 
bundled, "use 
client" in "node_modu
les/@mui/icons-materi
al/esm/NoEncryptionGm
ailerrorred.js" was 
ignored.
node_modules/@mui/ico
ns-material/esm/NoEnc
ryptionGmailerrorredS
harp.js (1:0): 
Module level 
directives cause 
errors when bundled, 
"use client" in "node
_modules/@mui/icons-m
aterial/esm/NoEncrypt
ionGmailerrorredSharp
.js" was ignored.
node_modules/@mui/ico
ns-material/esm/NoEnc
ryptionGmailerrorredR
ounded.js (1:0): 
Module level 
directives cause 
errors when bundled, 
"use client" in "node
_modules/@mui/icons-m
aterial/esm/NoEncrypt
ionGmailerrorredRound
ed.js" was ignored.
node_modules/@mui/ico
ns-material/esm/NoEnc
ryptionOutlined.js 
(1:0): Module level 
directives cause 
errors when bundled, 
"use client" in "node
_modules/@mui/icons-m
aterial/esm/NoEncrypt
ionOutlined.js" was 
ignored.
node_modules/@mui/ico
ns-material/esm/NoEnc
ryptionGmailerrorredT
woTone.js (1:0): 
Module level 
directives cause 
errors when bundled, 
"use client" in "node
_modules/@mui/icons-m
aterial/esm/NoEncrypt
ionGmailerrorredTwoTo
ne.js" was ignored.
node_modules/@mui/ico
ns-material/esm/NoEnc
ryptionSharp.js 
(1:0): Module level 
directives cause 
errors when bundled, 
"use client" in "node
_modules/@mui/icons-m
aterial/esm/NoEncrypt
ionSharp.js" was 
ignored.
node_modules/@mui/ico
ns-material/esm/NoEnc
ryption.js (1:0): 
Module level 
directives cause 
errors when bundled, 
"use client" in "node
_modules/@mui/icons-m
aterial/esm/NoEncrypt
ion.js" was ignored.
node_modules/@mui/ico
ns-material/esm/NoFla
sh.js (1:0): Module 
level directives 
cause errors when 
bundled, "use 
client" in "node_modu
les/@mui/icons-materi
al/esm/NoFlash.js" 
was ignored.
node_modules/@mui/ico
ns-material/esm/NoEnc
ryptionTwoTone.js 
(1:0): Module level 
directives cause 
errors when bundled, 
"use client" in "node
_modules/@mui/icons-m
aterial/esm/NoEncrypt
ionTwoTone.js" was 
ignored.
node_modules/@mui/ico
ns-material/esm/NoEnc
ryptionRounded.js 
(1:0): Module level 
directives cause 
errors when bundled, 
"use client" in "node
_modules/@mui/icons-m
aterial/esm/NoEncrypt
ionRounded.js" was 
ignored.
node_modules/@mui/ico
ns-material/esm/NoFla
shRounded.js (1:0): 
Module level 
directives cause 
errors when bundled, 
"use client" in "node
_modules/@mui/icons-m
aterial/esm/NoFlashRo
unded.js" was 
ignored.
node_modules/@mui/ico
ns-material/esm/NoFla
shOutlined.js (1:0): 
Module level 
directives cause 
errors when bundled, 
"use client" in "node
_modules/@mui/icons-m
aterial/esm/NoFlashOu
tlined.js" was 
ignored.
node_modules/@mui/ico
ns-material/esm/NoFla
shSharp.js (1:0): 
Module level 
directives cause 
errors when bundled, 
"use client" in "node
_modules/@mui/icons-m
aterial/esm/NoFlashSh
arp.js" was ignored.
node_modules/@mui/ico
ns-material/esm/NoFla
shTwoTone.js (1:0): 
Module level 
directives cause 
errors when bundled, 
"use client" in "node
_modules/@mui/icons-m
aterial/esm/NoFlashTw
oTone.js" was 
ignored.
node_modules/@mui/ico
ns-material/esm/NoFoo
dOutlined.js (1:0): 
Module level 
directives cause 
errors when bundled, 
"use client" in "node
_modules/@mui/icons-m
aterial/esm/NoFoodOut
lined.js" was 
ignored.
node_modules/@mui/ico
ns-material/esm/NoFoo
d.js (1:0): Module 
level directives 
cause errors when 
bundled, "use 
client" in "node_modu
les/@mui/icons-materi
al/esm/NoFood.js" 
was ignored.
node_modules/@mui/ico
ns-material/esm/NoFoo
dRounded.js (1:0): 
Module level 
directives cause 
errors when bundled, 
"use client" in "node
_modules/@mui/icons-m
aterial/esm/NoFoodRou
nded.js" was ignored.
node_modules/@mui/ico
ns-material/esm/NoFoo
dSharp.js (1:0): 
Module level 
directives cause 
errors when bundled, 
"use client" in "node
_modules/@mui/icons-m
aterial/esm/NoFoodSha
rp.js" was ignored.
node_modules/@mui/ico
ns-material/esm/NoLug
gageOutlined.js 
(1:0): Module level 
directives cause 
errors when bundled, 
"use client" in "node
_modules/@mui/icons-m
aterial/esm/NoLuggage
Outlined.js" was 
ignored.
node_modules/@mui/ico
ns-material/esm/NoFoo
dTwoTone.js (1:0): 
Module level 
directives cause 
errors when bundled, 
"use client" in "node
_modules/@mui/icons-m
aterial/esm/NoFoodTwo
Tone.js" was ignored.
node_modules/@mui/ico
ns-material/esm/NoLug
gage.js (1:0): 
Module level 
directives cause 
errors when bundled, 
"use client" in "node
_modules/@mui/icons-m
aterial/esm/NoLuggage
.js" was ignored.
node_modules/@mui/ico
ns-material/esm/NoLug
gageSharp.js (1:0): 
Module level 
directives cause 
errors when bundled, 
"use client" in "node
_modules/@mui/icons-m
aterial/esm/NoLuggage
Sharp.js" was 
ignored.
node_modules/@mui/ico
ns-material/esm/NoLug
gageTwoTone.js 
(1:0): Module level 
directives cause 
errors when bundled, 
"use client" in "node
_modules/@mui/icons-m
aterial/esm/NoLuggage
TwoTone.js" was 
ignored.
node_modules/@mui/ico
ns-material/esm/NoLug
gageRounded.js 
(1:0): Module level 
directives cause 
errors when bundled, 
"use client" in "node
_modules/@mui/icons-m
aterial/esm/NoLuggage
Rounded.js" was 
ignored.
node_modules/@mui/ico
ns-material/esm/NoMea
lsSharp.js (1:0): 
Module level 
directives cause 
errors when bundled, 
"use client" in "node
_modules/@mui/icons-m
aterial/esm/NoMealsSh
arp.js" was ignored.
node_modules/@mui/ico
ns-material/esm/NoMea
lsOutlined.js (1:0): 
Module level 
directives cause 
errors when bundled, 
"use client" in "node
_modules/@mui/icons-m
aterial/esm/NoMealsOu
tlined.js" was 
ignored.
node_modules/@mui/ico
ns-material/esm/NoMea
ls.js (1:0): Module 
level directives 
cause errors when 
bundled, "use 
client" in "node_modu
les/@mui/icons-materi
al/esm/NoMeals.js" 
was ignored.
node_modules/@mui/ico
ns-material/esm/NoMee
tingRoom.js (1:0): 
Module level 
directives cause 
errors when bundled, 
"use client" in "node
_modules/@mui/icons-m
aterial/esm/NoMeeting
Room.js" was ignored.
node_modules/@mui/ico
ns-material/esm/NoMee
tingRoomOutlined.js 
(1:0): Module level 
directives cause 
errors when bundled, 
"use client" in "node
_modules/@mui/icons-m
aterial/esm/NoMeeting
RoomOutlined.js" was 
ignored.
node_modules/@mui/ico
ns-material/esm/NoMee
tingRoomRounded.js 
(1:0): Module level 
directives cause 
errors when bundled, 
"use client" in "node
_modules/@mui/icons-m
aterial/esm/NoMeeting
RoomRounded.js" was 
ignored.
node_modules/@mui/ico
ns-material/esm/NoMea
lsRounded.js (1:0): 
Module level 
directives cause 
errors when bundled, 
"use client" in "node
_modules/@mui/icons-m
aterial/esm/NoMealsRo
unded.js" was 
ignored.
node_modules/@mui/ico
ns-material/esm/NoMee
tingRoomTwoTone.js 
(1:0): Module level 
directives cause 
errors when bundled, 
"use client" in "node
_modules/@mui/icons-m
aterial/esm/NoMeeting
RoomTwoTone.js" was 
ignored.
node_modules/@mui/ico
ns-material/esm/NoMee
tingRoomSharp.js 
(1:0): Module level 
directives cause 
errors when bundled, 
"use client" in "node
_modules/@mui/icons-m
aterial/esm/NoMeeting
RoomSharp.js" was 
ignored.
node_modules/@mui/ico
ns-material/esm/NoPho
tography.js (1:0): 
Module level 
directives cause 
errors when bundled, 
"use client" in "node
_modules/@mui/icons-m
aterial/esm/NoPhotogr
aphy.js" was ignored.
node_modules/@mui/ico
ns-material/esm/NoMea
lsTwoTone.js (1:0): 
Module level 
directives cause 
errors when bundled, 
"use client" in "node
_modules/@mui/icons-m
aterial/esm/NoMealsTw
oTone.js" was 
ignored.
node_modules/@mui/ico
ns-material/esm/NoPho
tographySharp.js 
(1:0): Module level 
directives cause 
errors when bundled, 
"use client" in "node
_modules/@mui/icons-m
aterial/esm/NoPhotogr
aphySharp.js" was 
ignored.
node_modules/@mui/ico
ns-material/esm/NoPho
tographyOutlined.js 
(1:0): Module level 
directives cause 
errors when bundled, 
"use client" in "node
_modules/@mui/icons-m
aterial/esm/NoPhotogr
aphyOutlined.js" was 
ignored.
node_modules/@mui/ico
ns-material/esm/NoPho
tographyRounded.js 
(1:0): Module level 
directives cause 
errors when bundled, 
"use client" in "node
_modules/@mui/icons-m
aterial/esm/NoPhotogr
aphyRounded.js" was 
ignored.
node_modules/@mui/ico
ns-material/esm/NoSim
.js (1:0): Module 
level directives 
cause errors when 
bundled, "use 
client" in "node_modu
les/@mui/icons-materi
al/esm/NoSim.js" was 
ignored.
node_modules/@mui/ico
ns-material/esm/NoPho
tographyTwoTone.js 
(1:0): Module level 
directives cause 
errors when bundled, 
"use client" in "node
_modules/@mui/icons-m
aterial/esm/NoPhotogr
aphyTwoTone.js" was 
ignored.
node_modules/@mui/ico
ns-material/esm/NoSim
Rounded.js (1:0): 
Module level 
directives cause 
errors when bundled, 
"use client" in "node
_modules/@mui/icons-m
aterial/esm/NoSimRoun
ded.js" was ignored.
node_modules/@mui/ico
ns-material/esm/NoSim
Outlined.js (1:0): 
Module level 
directives cause 
errors when bundled, 
"use client" in "node
_modules/@mui/icons-m
aterial/esm/NoSimOutl
ined.js" was ignored.
node_modules/@mui/ico
ns-material/esm/NoStr
oller.js (1:0): 
Module level 
directives cause 
errors when bundled, 
"use client" in "node
_modules/@mui/icons-m
aterial/esm/NoStrolle
r.js" was ignored.
node_modules/@mui/ico
ns-material/esm/NoSim
TwoTone.js (1:0): 
Module level 
directives cause 
errors when bundled, 
"use client" in "node
_modules/@mui/icons-m
aterial/esm/NoSimTwoT
one.js" was ignored.
node_modules/@mui/ico
ns-material/esm/NoSim
Sharp.js (1:0): 
Module level 
directives cause 
errors when bundled, 
"use client" in "node
_modules/@mui/icons-m
aterial/esm/NoSimShar
p.js" was ignored.
node_modules/@mui/ico
ns-material/esm/NoStr
ollerRounded.js 
(1:0): Module level 
directives cause 
errors when bundled, 
"use client" in "node
_modules/@mui/icons-m
aterial/esm/NoStrolle
rRounded.js" was 
ignored.
node_modules/@mui/ico
ns-material/esm/NoTra
nsfer.js (1:0): 
Module level 
directives cause 
errors when bundled, 
"use client" in "node
_modules/@mui/icons-m
aterial/esm/NoTransfe
r.js" was ignored.
node_modules/@mui/ico
ns-material/esm/NoStr
ollerSharp.js (1:0): 
Module level 
directives cause 
errors when bundled, 
"use client" in "node
_modules/@mui/icons-m
aterial/esm/NoStrolle
rSharp.js" was 
ignored.
node_modules/@mui/ico
ns-material/esm/NoTra
nsferOutlined.js 
(1:0): Module level 
directives cause 
errors when bundled, 
"use client" in "node
_modules/@mui/icons-m
aterial/esm/NoTransfe
rOutlined.js" was 
ignored.
node_modules/@mui/ico
ns-material/esm/NoStr
ollerTwoTone.js 
(1:0): Module level 
directives cause 
errors when bundled, 
"use client" in "node
_modules/@mui/icons-m
aterial/esm/NoStrolle
rTwoTone.js" was 
ignored.
node_modules/@mui/ico
ns-material/esm/NoTra
nsferRounded.js 
(1:0): Module level 
directives cause 
errors when bundled, 
"use client" in "node
_modules/@mui/icons-m
aterial/esm/NoTransfe
rRounded.js" was 
ignored.
node_modules/@mui/ico
ns-material/esm/NoStr
ollerOutlined.js 
(1:0): Module level 
directives cause 
errors when bundled, 
"use client" in "node
_modules/@mui/icons-m
aterial/esm/NoStrolle
rOutlined.js" was 
ignored.
node_modules/@mui/ico
ns-material/esm/NoTra
nsferTwoTone.js 
(1:0): Module level 
directives cause 
errors when bundled, 
"use client" in "node
_modules/@mui/icons-m
aterial/esm/NoTransfe
rTwoTone.js" was 
ignored.
node_modules/@mui/ico
ns-material/esm/NoTra
nsferSharp.js (1:0): 
Module level 
directives cause 
errors when bundled, 
"use client" in "node
_modules/@mui/icons-m
aterial/esm/NoTransfe
rSharp.js" was 
ignored.
node_modules/@mui/ico
ns-material/esm/Noise
AwareSharp.js (1:0): 
Module level 
directives cause 
errors when bundled, 
"use client" in "node
_modules/@mui/icons-m
aterial/esm/NoiseAwar
eSharp.js" was 
ignored.
node_modules/@mui/ico
ns-material/esm/Noise
Aware.js (1:0): 
Module level 
directives cause 
errors when bundled, 
"use client" in "node
_modules/@mui/icons-m
aterial/esm/NoiseAwar
e.js" was ignored.
node_modules/@mui/ico
ns-material/esm/Noise
AwareOutlined.js 
(1:0): Module level 
directives cause 
errors when bundled, 
"use client" in "node
_modules/@mui/icons-m
aterial/esm/NoiseAwar
eOutlined.js" was 
ignored.
node_modules/@mui/ico
ns-material/esm/Noise
AwareTwoTone.js 
(1:0): Module level 
directives cause 
errors when bundled, 
"use client" in "node
_modules/@mui/icons-m
aterial/esm/NoiseAwar
eTwoTone.js" was 
ignored.
node_modules/@mui/ico
ns-material/esm/Noise
AwareRounded.js 
(1:0): Module level 
directives cause 
errors when bundled, 
"use client" in "node
_modules/@mui/icons-m
aterial/esm/NoiseAwar
eRounded.js" was 
ignored.
node_modules/@mui/ico
ns-material/esm/Noise
ControlOffOutlined.js
 (1:0): Module level 
directives cause 
errors when bundled, 
"use client" in "node
_modules/@mui/icons-m
aterial/esm/NoiseCont
rolOffOutlined.js" 
was ignored.
node_modules/@mui/ico
ns-material/esm/Noise
ControlOff.js (1:0): 
Module level 
directives cause 
errors when bundled, 
"use client" in "node
_modules/@mui/icons-m
aterial/esm/NoiseCont
rolOff.js" was 
ignored.
node_modules/@mui/ico
ns-material/esm/Noise
ControlOffRounded.js 
(1:0): Module level 
directives cause 
errors when bundled, 
"use client" in "node
_modules/@mui/icons-m
aterial/esm/NoiseCont
rolOffRounded.js" 
was ignored.
node_modules/@mui/ico
ns-material/esm/Nordi
cWalking.js (1:0): 
Module level 
directives cause 
errors when bundled, 
"use client" in "node
_modules/@mui/icons-m
aterial/esm/NordicWal
king.js" was ignored.
node_modules/@mui/ico
ns-material/esm/Noise
ControlOffTwoTone.js 
(1:0): Module level 
directives cause 
errors when bundled, 
"use client" in "node
_modules/@mui/icons-m
aterial/esm/NoiseCont
rolOffTwoTone.js" 
was ignored.
node_modules/@mui/ico
ns-material/esm/Nordi
cWalkingOutlined.js 
(1:0): Module level 
directives cause 
errors when bundled, 
"use client" in "node
_modules/@mui/icons-m
aterial/esm/NordicWal
kingOutlined.js" was 
ignored.
node_modules/@mui/ico
ns-material/esm/Noise
ControlOffSharp.js 
(1:0): Module level 
directives cause 
errors when bundled, 
"use client" in "node
_modules/@mui/icons-m
aterial/esm/NoiseCont
rolOffSharp.js" was 
ignored.
node_modules/@mui/ico
ns-material/esm/Nordi
cWalkingSharp.js 
(1:0): Module level 
directives cause 
errors when bundled, 
"use client" in "node
_modules/@mui/icons-m
aterial/esm/NordicWal
kingSharp.js" was 
ignored.
node_modules/@mui/ico
ns-material/esm/Nordi
cWalkingRounded.js 
(1:0): Module level 
directives cause 
errors when bundled, 
"use client" in "node
_modules/@mui/icons-m
aterial/esm/NordicWal
kingRounded.js" was 
ignored.
node_modules/@mui/ico
ns-material/esm/North
East.js (1:0): 
Module level 
directives cause 
errors when bundled, 
"use client" in "node
_modules/@mui/icons-m
aterial/esm/NorthEast
.js" was ignored.
node_modules/@mui/ico
ns-material/esm/North
.js (1:0): Module 
level directives 
cause errors when 
bundled, "use 
client" in "node_modu
les/@mui/icons-materi
al/esm/North.js" was 
ignored.
node_modules/@mui/ico
ns-material/esm/North
EastOutlined.js 
(1:0): Module level 
directives cause 
errors when bundled, 
"use client" in "node
_modules/@mui/icons-m
aterial/esm/NorthEast
Outlined.js" was 
ignored.
node_modules/@mui/ico
ns-material/esm/Nordi
cWalkingTwoTone.js 
(1:0): Module level 
directives cause 
errors when bundled, 
"use client" in "node
_modules/@mui/icons-m
aterial/esm/NordicWal
kingTwoTone.js" was 
ignored.
node_modules/@mui/ico
ns-material/esm/North
EastSharp.js (1:0): 
Module level 
directives cause 
errors when bundled, 
"use client" in "node
_modules/@mui/icons-m
aterial/esm/NorthEast
Sharp.js" was 
ignored.
node_modules/@mui/ico
ns-material/esm/North
Outlined.js (1:0): 
Module level 
directives cause 
errors when bundled, 
"use client" in "node
_modules/@mui/icons-m
aterial/esm/NorthOutl
ined.js" was ignored.
node_modules/@mui/ico
ns-material/esm/North
Rounded.js (1:0): 
Module level 
directives cause 
errors when bundled, 
"use client" in "node
_modules/@mui/icons-m
aterial/esm/NorthRoun
ded.js" was ignored.
node_modules/@mui/ico
ns-material/esm/North
EastTwoTone.js 
(1:0): Module level 
directives cause 
errors when bundled, 
"use client" in "node
_modules/@mui/icons-m
aterial/esm/NorthEast
TwoTone.js" was 
ignored.
node_modules/@mui/ico
ns-material/esm/North
Sharp.js (1:0): 
Module level 
directives cause 
errors when bundled, 
"use client" in "node
_modules/@mui/icons-m
aterial/esm/NorthShar
p.js" was ignored.
node_modules/@mui/ico
ns-material/esm/North
West.js (1:0): 
Module level 
directives cause 
errors when bundled, 
"use client" in "node
_modules/@mui/icons-m
aterial/esm/NorthWest
.js" was ignored.
node_modules/@mui/ico
ns-material/esm/North
EastRounded.js 
(1:0): Module level 
directives cause 
errors when bundled, 
"use client" in "node
_modules/@mui/icons-m
aterial/esm/NorthEast
Rounded.js" was 
ignored.
node_modules/@mui/ico
ns-material/esm/North
TwoTone.js (1:0): 
Module level 
directives cause 
errors when bundled, 
"use client" in "node
_modules/@mui/icons-m
aterial/esm/NorthTwoT
one.js" was ignored.
node_modules/@mui/ico
ns-material/esm/North
WestOutlined.js 
(1:0): Module level 
directives cause 
errors when bundled, 
"use client" in "node
_modules/@mui/icons-m
aterial/esm/NorthWest
Outlined.js" was 
ignored.
node_modules/@mui/ico
ns-material/esm/North
WestRounded.js 
(1:0): Module level 
directives cause 
errors when bundled, 
"use client" in "node
_modules/@mui/icons-m
aterial/esm/NorthWest
Rounded.js" was 
ignored.
node_modules/@mui/ico
ns-material/esm/NotAc
cessible.js (1:0): 
Module level 
directives cause 
errors when bundled, 
"use client" in "node
_modules/@mui/icons-m
aterial/esm/NotAccess
ible.js" was ignored.
node_modules/@mui/ico
ns-material/esm/North
WestSharp.js (1:0): 
Module level 
directives cause 
errors when bundled, 
"use client" in "node
_modules/@mui/icons-m
aterial/esm/NorthWest
Sharp.js" was 
ignored.
node_modules/@mui/ico
ns-material/esm/NotAc
cessibleOutlined.js 
(1:0): Module level 
directives cause 
errors when bundled, 
"use client" in "node
_modules/@mui/icons-m
aterial/esm/NotAccess
ibleOutlined.js" was 
ignored.
node_modules/@mui/ico
ns-material/esm/NotAc
cessibleRounded.js 
(1:0): Module level 
directives cause 
errors when bundled, 
"use client" in "node
_modules/@mui/icons-m
aterial/esm/NotAccess
ibleRounded.js" was 
ignored.
node_modules/@mui/ico
ns-material/esm/NotAc
cessibleSharp.js 
(1:0): Module level 
directives cause 
errors when bundled, 
"use client" in "node
_modules/@mui/icons-m
aterial/esm/NotAccess
ibleSharp.js" was 
ignored.
node_modules/@mui/ico
ns-material/esm/NotIn
terested.js (1:0): 
Module level 
directives cause 
errors when bundled, 
"use client" in "node
_modules/@mui/icons-m
aterial/esm/NotIntere
sted.js" was ignored.
node_modules/@mui/ico
ns-material/esm/NotAc
cessibleTwoTone.js 
(1:0): Module level 
directives cause 
errors when bundled, 
"use client" in "node
_modules/@mui/icons-m
aterial/esm/NotAccess
ibleTwoTone.js" was 
ignored.
node_modules/@mui/ico
ns-material/esm/NotIn
terestedOutlined.js 
(1:0): Module level 
directives cause 
errors when bundled, 
"use client" in "node
_modules/@mui/icons-m
aterial/esm/NotIntere
stedOutlined.js" was 
ignored.
node_modules/@mui/ico
ns-material/esm/NotIn
terestedSharp.js 
(1:0): Module level 
directives cause 
errors when bundled, 
"use client" in "node
_modules/@mui/icons-m
aterial/esm/NotIntere
stedSharp.js" was 
ignored.
node_modules/@mui/ico
ns-material/esm/NotIn
terestedRounded.js 
(1:0): Module level 
directives cause 
errors when bundled, 
"use client" in "node
_modules/@mui/icons-m
aterial/esm/NotIntere
stedRounded.js" was 
ignored.
node_modules/@mui/ico
ns-material/esm/NotIn
terestedTwoTone.js 
(1:0): Module level 
directives cause 
errors when bundled, 
"use client" in "node
_modules/@mui/icons-m
aterial/esm/NotIntere
stedTwoTone.js" was 
ignored.
node_modules/@mui/ico
ns-material/esm/NotLi
stedLocationRounded.j
s (1:0): Module 
level directives 
cause errors when 
bundled, "use 
client" in "node_modu
les/@mui/icons-materi
al/esm/NotListedLocat
ionRounded.js" was 
ignored.
node_modules/@mui/ico
ns-material/esm/NotLi
stedLocation.js 
(1:0): Module level 
directives cause 
errors when bundled, 
"use client" in "node
_modules/@mui/icons-m
aterial/esm/NotListed
Location.js" was 
ignored.
node_modules/@mui/ico
ns-material/esm/NotLi
stedLocationOutlined.
js (1:0): Module 
level directives 
cause errors when 
bundled, "use 
client" in "node_modu
les/@mui/icons-materi
al/esm/NotListedLocat
ionOutlined.js" was 
ignored.
node_modules/@mui/ico
ns-material/esm/North
WestTwoTone.js 
(1:0): Module level 
directives cause 
errors when bundled, 
"use client" in "node
_modules/@mui/icons-m
aterial/esm/NorthWest
TwoTone.js" was 
ignored.
node_modules/@mui/ico
ns-material/esm/NotLi
stedLocationTwoTone.j
s (1:0): Module 
level directives 
cause errors when 
bundled, "use 
client" in "node_modu
les/@mui/icons-materi
al/esm/NotListedLocat
ionTwoTone.js" was 
ignored.
node_modules/@mui/ico
ns-material/esm/NotLi
stedLocationSharp.js 
(1:0): Module level 
directives cause 
errors when bundled, 
"use client" in "node
_modules/@mui/icons-m
aterial/esm/NotListed
LocationSharp.js" 
was ignored.
node_modules/@mui/ico
ns-material/esm/NotSt
arted.js (1:0): 
Module level 
directives cause 
errors when bundled, 
"use client" in "node
_modules/@mui/icons-m
aterial/esm/NotStarte
d.js" was ignored.
node_modules/@mui/ico
ns-material/esm/NotSt
artedRounded.js 
(1:0): Module level 
directives cause 
errors when bundled, 
"use client" in "node
_modules/@mui/icons-m
aterial/esm/NotStarte
dRounded.js" was 
ignored.
node_modules/@mui/ico
ns-material/esm/NotSt
artedSharp.js (1:0): 
Module level 
directives cause 
errors when bundled, 
"use client" in "node
_modules/@mui/icons-m
aterial/esm/NotStarte
dSharp.js" was 
ignored.
node_modules/@mui/ico
ns-material/esm/NotSt
artedOutlined.js 
(1:0): Module level 
directives cause 
errors when bundled, 
"use client" in "node
_modules/@mui/icons-m
aterial/esm/NotStarte
dOutlined.js" was 
ignored.
node_modules/@mui/ico
ns-material/esm/NoteA
dd.js (1:0): Module 
level directives 
cause errors when 
bundled, "use 
client" in "node_modu
les/@mui/icons-materi
al/esm/NoteAdd.js" 
was ignored.
node_modules/@mui/ico
ns-material/esm/Note.
js (1:0): Module 
level directives 
cause errors when 
bundled, "use 
client" in "node_modu
les/@mui/icons-materi
al/esm/Note.js" was 
ignored.
node_modules/@mui/ico
ns-material/esm/NotSt
artedTwoTone.js 
(1:0): Module level 
directives cause 
errors when bundled, 
"use client" in "node
_modules/@mui/icons-m
aterial/esm/NotStarte
dTwoTone.js" was 
ignored.
node_modules/@mui/ico
ns-material/esm/NoteA
ddRounded.js (1:0): 
Module level 
directives cause 
errors when bundled, 
"use client" in "node
_modules/@mui/icons-m
aterial/esm/NoteAddRo
unded.js" was 
ignored.
node_modules/@mui/ico
ns-material/esm/NoteA
ddOutlined.js (1:0): 
Module level 
directives cause 
errors when bundled, 
"use client" in "node
_modules/@mui/icons-m
aterial/esm/NoteAddOu
tlined.js" was 
ignored.
node_modules/@mui/ico
ns-material/esm/NoteA
lt.js (1:0): Module 
level directives 
cause errors when 
bundled, "use 
client" in "node_modu
les/@mui/icons-materi
al/esm/NoteAlt.js" 
was ignored.
node_modules/@mui/ico
ns-material/esm/NoteA
ddSharp.js (1:0): 
Module level 
directives cause 
errors when bundled, 
"use client" in "node
_modules/@mui/icons-m
aterial/esm/NoteAddSh
arp.js" was ignored.
node_modules/@mui/ico
ns-material/esm/NoteA
ltOutlined.js (1:0): 
Module level 
directives cause 
errors when bundled, 
"use client" in "node
_modules/@mui/icons-m
aterial/esm/NoteAltOu
tlined.js" was 
ignored.
node_modules/@mui/ico
ns-material/esm/NoteA
ddTwoTone.js (1:0): 
Module level 
directives cause 
errors when bundled, 
"use client" in "node
_modules/@mui/icons-m
aterial/esm/NoteAddTw
oTone.js" was 
ignored.
node_modules/@mui/ico
ns-material/esm/NoteA
ltRounded.js (1:0): 
Module level 
directives cause 
errors when bundled, 
"use client" in "node
_modules/@mui/icons-m
aterial/esm/NoteAltRo
unded.js" was 
ignored.
node_modules/@mui/ico
ns-material/esm/NoteA
ltSharp.js (1:0): 
Module level 
directives cause 
errors when bundled, 
"use client" in "node
_modules/@mui/icons-m
aterial/esm/NoteAltSh
arp.js" was ignored.
node_modules/@mui/ico
ns-material/esm/NoteA
ltTwoTone.js (1:0): 
Module level 
directives cause 
errors when bundled, 
"use client" in "node
_modules/@mui/icons-m
aterial/esm/NoteAltTw
oTone.js" was 
ignored.
node_modules/@mui/ico
ns-material/esm/NoteO
utlined.js (1:0): 
Module level 
directives cause 
errors when bundled, 
"use client" in "node
_modules/@mui/icons-m
aterial/esm/NoteOutli
ned.js" was ignored.
node_modules/@mui/ico
ns-material/esm/NoteR
ounded.js (1:0): 
Module level 
directives cause 
errors when bundled, 
"use client" in "node
_modules/@mui/icons-m
aterial/esm/NoteRound
ed.js" was ignored.
node_modules/@mui/ico
ns-material/esm/NoteT
woTone.js (1:0): 
Module level 
directives cause 
errors when bundled, 
"use client" in "node
_modules/@mui/icons-m
aterial/esm/NoteTwoTo
ne.js" was ignored.
node_modules/@mui/ico
ns-material/esm/NoteS
harp.js (1:0): 
Module level 
directives cause 
errors when bundled, 
"use client" in "node
_modules/@mui/icons-m
aterial/esm/NoteSharp
.js" was ignored.
node_modules/@mui/ico
ns-material/esm/Notes
Outlined.js (1:0): 
Module level 
directives cause 
errors when bundled, 
"use client" in "node
_modules/@mui/icons-m
aterial/esm/NotesOutl
ined.js" was ignored.
node_modules/@mui/ico
ns-material/esm/Notes
.js (1:0): Module 
level directives 
cause errors when 
bundled, "use 
client" in "node_modu
les/@mui/icons-materi
al/esm/Notes.js" was 
ignored.
node_modules/@mui/ico
ns-material/esm/Notes
Rounded.js (1:0): 
Module level 
directives cause 
errors when bundled, 
"use client" in "node
_modules/@mui/icons-m
aterial/esm/NotesRoun
ded.js" was ignored.
node_modules/@mui/ico
ns-material/esm/Notes
Sharp.js (1:0): 
Module level 
directives cause 
errors when bundled, 
"use client" in "node
_modules/@mui/icons-m
aterial/esm/NotesShar
p.js" was ignored.
node_modules/@mui/ico
ns-material/esm/Notif
icationAdd.js (1:0): 
Module level 
directives cause 
errors when bundled, 
"use client" in "node
_modules/@mui/icons-m
aterial/esm/Notificat
ionAdd.js" was 
ignored.
node_modules/@mui/ico
ns-material/esm/Notif
icationAddOutlined.js
 (1:0): Module level 
directives cause 
errors when bundled, 
"use client" in "node
_modules/@mui/icons-m
aterial/esm/Notificat
ionAddOutlined.js" 
was ignored.
node_modules/@mui/ico
ns-material/esm/Notes
TwoTone.js (1:0): 
Module level 
directives cause 
errors when bundled, 
"use client" in "node
_modules/@mui/icons-m
aterial/esm/NotesTwoT
one.js" was ignored.
node_modules/@mui/ico
ns-material/esm/Notif
icationAddRounded.js 
(1:0): Module level 
directives cause 
errors when bundled, 
"use client" in "node
_modules/@mui/icons-m
aterial/esm/Notificat
ionAddRounded.js" 
was ignored.
node_modules/@mui/ico
ns-material/esm/Notif
icationAddTwoTone.js 
(1:0): Module level 
directives cause 
errors when bundled, 
"use client" in "node
_modules/@mui/icons-m
aterial/esm/Notificat
ionAddTwoTone.js" 
was ignored.
node_modules/@mui/ico
ns-material/esm/Notif
icationImportant.js 
(1:0): Module level 
directives cause 
errors when bundled, 
"use client" in "node
_modules/@mui/icons-m
aterial/esm/Notificat
ionImportant.js" was 
ignored.
node_modules/@mui/ico
ns-material/esm/Notif
icationImportantRound
ed.js (1:0): Module 
level directives 
cause errors when 
bundled, "use 
client" in "node_modu
les/@mui/icons-materi
al/esm/NotificationIm
portantRounded.js" 
was ignored.
node_modules/@mui/ico
ns-material/esm/Notif
ications.js (1:0): 
Module level 
directives cause 
errors when bundled, 
"use client" in "node
_modules/@mui/icons-m
aterial/esm/Notificat
ions.js" was ignored.
node_modules/@mui/ico
ns-material/esm/Notif
icationsActive.js 
(1:0): Module level 
directives cause 
errors when bundled, 
"use client" in "node
_modules/@mui/icons-m
aterial/esm/Notificat
ionsActive.js" was 
ignored.
node_modules/@mui/ico
ns-material/esm/Notif
icationImportantOutli
ned.js (1:0): Module 
level directives 
cause errors when 
bundled, "use 
client" in "node_modu
les/@mui/icons-materi
al/esm/NotificationIm
portantOutlined.js" 
was ignored.
node_modules/@mui/ico
ns-material/esm/Notif
icationsActiveOutline
d.js (1:0): Module 
level directives 
cause errors when 
bundled, "use 
client" in "node_modu
les/@mui/icons-materi
al/esm/NotificationsA
ctiveOutlined.js" 
was ignored.
node_modules/@mui/ico
ns-material/esm/Notif
icationsActiveSharp.j
s (1:0): Module 
level directives 
cause errors when 
bundled, "use 
client" in "node_modu
les/@mui/icons-materi
al/esm/NotificationsA
ctiveSharp.js" was 
ignored.
node_modules/@mui/ico
ns-material/esm/Notif
icationsActiveRounded
.js (1:0): Module 
level directives 
cause errors when 
bundled, "use 
client" in "node_modu
les/@mui/icons-materi
al/esm/NotificationsA
ctiveRounded.js" was 
ignored.
node_modules/@mui/ico
ns-material/esm/Notif
icationsActiveTwoTone
.js (1:0): Module 
level directives 
cause errors when 
bundled, "use 
client" in "node_modu
les/@mui/icons-materi
al/esm/NotificationsA
ctiveTwoTone.js" was 
ignored.
node_modules/@mui/ico
ns-material/esm/Notif
icationsNone.js 
(1:0): Module level 
directives cause 
errors when bundled, 
"use client" in "node
_modules/@mui/icons-m
aterial/esm/Notificat
ionsNone.js" was 
ignored.
node_modules/@mui/ico
ns-material/esm/Notif
icationsNoneRounded.j
s (1:0): Module 
level directives 
cause errors when 
bundled, "use 
client" in "node_modu
les/@mui/icons-materi
al/esm/NotificationsN
oneRounded.js" was 
ignored.
node_modules/@mui/ico
ns-material/esm/Notif
icationImportantTwoTo
ne.js (1:0): Module 
level directives 
cause errors when 
bundled, "use 
client" in "node_modu
les/@mui/icons-materi
al/esm/NotificationIm
portantTwoTone.js" 
was ignored.
node_modules/@mui/ico
ns-material/esm/Notif
icationsNoneOutlined.
js (1:0): Module 
level directives 
cause errors when 
bundled, "use 
client" in "node_modu
les/@mui/icons-materi
al/esm/NotificationsN
oneOutlined.js" was 
ignored.
node_modules/@mui/ico
ns-material/esm/Notif
icationAddSharp.js 
(1:0): Module level 
directives cause 
errors when bundled, 
"use client" in "node
_modules/@mui/icons-m
aterial/esm/Notificat
ionAddSharp.js" was 
ignored.
node_modules/@mui/ico
ns-material/esm/Notif
icationsNoneSharp.js 
(1:0): Module level 
directives cause 
errors when bundled, 
"use client" in "node
_modules/@mui/icons-m
aterial/esm/Notificat
ionsNoneSharp.js" 
was ignored.
node_modules/@mui/ico
ns-material/esm/Notif
icationsOff.js 
(1:0): Module level 
directives cause 
errors when bundled, 
"use client" in "node
_modules/@mui/icons-m
aterial/esm/Notificat
ionsOff.js" was 
ignored.
node_modules/@mui/ico
ns-material/esm/Notif
icationImportantSharp
.js (1:0): Module 
level directives 
cause errors when 
bundled, "use 
client" in "node_modu
les/@mui/icons-materi
al/esm/NotificationIm
portantSharp.js" was 
ignored.
node_modules/@mui/ico
ns-material/esm/Notif
icationsOffTwoTone.js
 (1:0): Module level 
directives cause 
errors when bundled, 
"use client" in "node
_modules/@mui/icons-m
aterial/esm/Notificat
ionsOffTwoTone.js" 
was ignored.
node_modules/@mui/ico
ns-material/esm/Notif
icationsNoneTwoTone.j
s (1:0): Module 
level directives 
cause errors when 
bundled, "use 
client" in "node_modu
les/@mui/icons-materi
al/esm/NotificationsN
oneTwoTone.js" was 
ignored.
node_modules/@mui/ico
ns-material/esm/Notif
icationsOffSharp.js 
(1:0): Module level 
directives cause 
errors when bundled, 
"use client" in "node
_modules/@mui/icons-m
aterial/esm/Notificat
ionsOffSharp.js" was 
ignored.
node_modules/@mui/ico
ns-material/esm/Notif
icationsOffOutlined.j
s (1:0): Module 
level directives 
cause errors when 
bundled, "use 
client" in "node_modu
les/@mui/icons-materi
al/esm/NotificationsO
ffOutlined.js" was 
ignored.
node_modules/@mui/ico
ns-material/esm/Notif
icationsOutlined.js 
(1:0): Module level 
directives cause 
errors when bundled, 
"use client" in "node
_modules/@mui/icons-m
aterial/esm/Notificat
ionsOutlined.js" was 
ignored.
node_modules/@mui/ico
ns-material/esm/Notif
icationsOffRounded.js
 (1:0): Module level 
directives cause 
errors when bundled, 
"use client" in "node
_modules/@mui/icons-m
aterial/esm/Notificat
ionsOffRounded.js" 
was ignored.
node_modules/@mui/ico
ns-material/esm/Notif
icationsPaused.js 
(1:0): Module level 
directives cause 
errors when bundled, 
"use client" in "node
_modules/@mui/icons-m
aterial/esm/Notificat
ionsPaused.js" was 
ignored.
node_modules/@mui/ico
ns-material/esm/Notif
icationsPausedOutline
d.js (1:0): Module 
level directives 
cause errors when 
bundled, "use 
client" in "node_modu
les/@mui/icons-materi
al/esm/NotificationsP
ausedOutlined.js" 
was ignored.
node_modules/@mui/ico
ns-material/esm/Notif
icationsPausedTwoTone
.js (1:0): Module 
level directives 
cause errors when 
bundled, "use 
client" in "node_modu
les/@mui/icons-materi
al/esm/NotificationsP
ausedTwoTone.js" was 
ignored.
node_modules/@mui/ico
ns-material/esm/Notif
icationsPausedSharp.j
s (1:0): Module 
level directives 
cause errors when 
bundled, "use 
client" in "node_modu
les/@mui/icons-materi
al/esm/NotificationsP
ausedSharp.js" was 
ignored.
node_modules/@mui/ico
ns-material/esm/Notif
icationsRounded.js 
(1:0): Module level 
directives cause 
errors when bundled, 
"use client" in "node
_modules/@mui/icons-m
aterial/esm/Notificat
ionsRounded.js" was 
ignored.
node_modules/@mui/ico
ns-material/esm/Notif
icationsPausedRounded
.js (1:0): Module 
level directives 
cause errors when 
bundled, "use 
client" in "node_modu
les/@mui/icons-materi
al/esm/NotificationsP
ausedRounded.js" was 
ignored.
node_modules/@mui/ico
ns-material/esm/Notif
icationsSharp.js 
(1:0): Module level 
directives cause 
errors when bundled, 
"use client" in "node
_modules/@mui/icons-m
aterial/esm/Notificat
ionsSharp.js" was 
ignored.
node_modules/@mui/ico
ns-material/esm/Notif
icationsTwoTone.js 
(1:0): Module level 
directives cause 
errors when bundled, 
"use client" in "node
_modules/@mui/icons-m
aterial/esm/Notificat
ionsTwoTone.js" was 
ignored.
node_modules/@mui/ico
ns-material/esm/Numbe
rsOutlined.js (1:0): 
Module level 
directives cause 
errors when bundled, 
"use client" in "node
_modules/@mui/icons-m
aterial/esm/NumbersOu
tlined.js" was 
ignored.
node_modules/@mui/ico
ns-material/esm/Numbe
rs.js (1:0): Module 
level directives 
cause errors when 
bundled, "use 
client" in "node_modu
les/@mui/icons-materi
al/esm/Numbers.js" 
was ignored.
node_modules/@mui/ico
ns-material/esm/Numbe
rsRounded.js (1:0): 
Module level 
directives cause 
errors when bundled, 
"use client" in "node
_modules/@mui/icons-m
aterial/esm/NumbersRo
unded.js" was 
ignored.
node_modules/@mui/ico
ns-material/esm/Numbe
rsSharp.js (1:0): 
Module level 
directives cause 
errors when bundled, 
"use client" in "node
_modules/@mui/icons-m
aterial/esm/NumbersSh
arp.js" was ignored.
node_modules/@mui/ico
ns-material/esm/Offli
neBoltOutlined.js 
(1:0): Module level 
directives cause 
errors when bundled, 
"use client" in "node
_modules/@mui/icons-m
aterial/esm/OfflineBo
ltOutlined.js" was 
ignored.
node_modules/@mui/ico
ns-material/esm/Numbe
rsTwoTone.js (1:0): 
Module level 
directives cause 
errors when bundled, 
"use client" in "node
_modules/@mui/icons-m
aterial/esm/NumbersTw
oTone.js" was 
ignored.
node_modules/@mui/ico
ns-material/esm/Offli
neBoltRounded.js 
(1:0): Module level 
directives cause 
errors when bundled, 
"use client" in "node
_modules/@mui/icons-m
aterial/esm/OfflineBo
ltRounded.js" was 
ignored.
node_modules/@mui/ico
ns-material/esm/Offli
neBolt.js (1:0): 
Module level 
directives cause 
errors when bundled, 
"use client" in "node
_modules/@mui/icons-m
aterial/esm/OfflineBo
lt.js" was ignored.
node_modules/@mui/ico
ns-material/esm/Offli
neBoltSharp.js 
(1:0): Module level 
directives cause 
errors when bundled, 
"use client" in "node
_modules/@mui/icons-m
aterial/esm/OfflineBo
ltSharp.js" was 
ignored.
node_modules/@mui/ico
ns-material/esm/Offli
neBoltTwoTone.js 
(1:0): Module level 
directives cause 
errors when bundled, 
"use client" in "node
_modules/@mui/icons-m
aterial/esm/OfflineBo
ltTwoTone.js" was 
ignored.
node_modules/@mui/ico
ns-material/esm/Offli
nePin.js (1:0): 
Module level 
directives cause 
errors when bundled, 
"use client" in "node
_modules/@mui/icons-m
aterial/esm/OfflinePi
n.js" was ignored.
node_modules/@mui/ico
ns-material/esm/Offli
nePinRounded.js 
(1:0): Module level 
directives cause 
errors when bundled, 
"use client" in "node
_modules/@mui/icons-m
aterial/esm/OfflinePi
nRounded.js" was 
ignored.
node_modules/@mui/ico
ns-material/esm/Offli
nePinSharp.js (1:0): 
Module level 
directives cause 
errors when bundled, 
"use client" in "node
_modules/@mui/icons-m
aterial/esm/OfflinePi
nSharp.js" was 
ignored.
node_modules/@mui/ico
ns-material/esm/Offli
nePinOutlined.js 
(1:0): Module level 
directives cause 
errors when bundled, 
"use client" in "node
_modules/@mui/icons-m
aterial/esm/OfflinePi
nOutlined.js" was 
ignored.
node_modules/@mui/ico
ns-material/esm/Offli
nePinTwoTone.js 
(1:0): Module level 
directives cause 
errors when bundled, 
"use client" in "node
_modules/@mui/icons-m
aterial/esm/OfflinePi
nTwoTone.js" was 
ignored.
node_modules/@mui/ico
ns-material/esm/Offli
neShare.js (1:0): 
Module level 
directives cause 
errors when bundled, 
"use client" in "node
_modules/@mui/icons-m
aterial/esm/OfflineSh
are.js" was ignored.
node_modules/@mui/ico
ns-material/esm/Offli
neShareOutlined.js 
(1:0): Module level 
directives cause 
errors when bundled, 
"use client" in "node
_modules/@mui/icons-m
aterial/esm/OfflineSh
areOutlined.js" was 
ignored.
node_modules/@mui/ico
ns-material/esm/Offli
neShareSharp.js 
(1:0): Module level 
directives cause 
errors when bundled, 
"use client" in "node
_modules/@mui/icons-m
aterial/esm/OfflineSh
areSharp.js" was 
ignored.
node_modules/@mui/ico
ns-material/esm/Offli
neShareTwoTone.js 
(1:0): Module level 
directives cause 
errors when bundled, 
"use client" in "node
_modules/@mui/icons-m
aterial/esm/OfflineSh
areTwoTone.js" was 
ignored.
node_modules/@mui/ico
ns-material/esm/Offli
neShareRounded.js 
(1:0): Module level 
directives cause 
errors when bundled, 
"use client" in "node
_modules/@mui/icons-m
aterial/esm/OfflineSh
areRounded.js" was 
ignored.
node_modules/@mui/ico
ns-material/esm/OilBa
rrelOutlined.js 
(1:0): Module level 
directives cause 
errors when bundled, 
"use client" in "node
_modules/@mui/icons-m
aterial/esm/OilBarrel
Outlined.js" was 
ignored.
node_modules/@mui/ico
ns-material/esm/OilBa
rrel.js (1:0): 
Module level 
directives cause 
errors when bundled, 
"use client" in "node
_modules/@mui/icons-m
aterial/esm/OilBarrel
.js" was ignored.
node_modules/@mui/ico
ns-material/esm/OilBa
rrelTwoTone.js 
(1:0): Module level 
directives cause 
errors when bundled, 
"use client" in "node
_modules/@mui/icons-m
aterial/esm/OilBarrel
TwoTone.js" was 
ignored.
node_modules/@mui/ico
ns-material/esm/OilBa
rrelRounded.js 
(1:0): Module level 
directives cause 
errors when bundled, 
"use client" in "node
_modules/@mui/icons-m
aterial/esm/OilBarrel
Rounded.js" was 
ignored.
node_modules/@mui/ico
ns-material/esm/OilBa
rrelSharp.js (1:0): 
Module level 
directives cause 
errors when bundled, 
"use client" in "node
_modules/@mui/icons-m
aterial/esm/OilBarrel
Sharp.js" was 
ignored.
node_modules/@mui/ico
ns-material/esm/OnDev
iceTrainingRounded.js
 (1:0): Module level 
directives cause 
errors when bundled, 
"use client" in "node
_modules/@mui/icons-m
aterial/esm/OnDeviceT
rainingRounded.js" 
was ignored.
node_modules/@mui/ico
ns-material/esm/OnDev
iceTraining.js 
(1:0): Module level 
directives cause 
errors when bundled, 
"use client" in "node
_modules/@mui/icons-m
aterial/esm/OnDeviceT
raining.js" was 
ignored.
node_modules/@mui/ico
ns-material/esm/OnDev
iceTrainingTwoTone.js
 (1:0): Module level 
directives cause 
errors when bundled, 
"use client" in "node
_modules/@mui/icons-m
aterial/esm/OnDeviceT
rainingTwoTone.js" 
was ignored.
node_modules/@mui/ico
ns-material/esm/OnDev
iceTrainingOutlined.j
s (1:0): Module 
level directives 
cause errors when 
bundled, "use 
client" in "node_modu
les/@mui/icons-materi
al/esm/OnDeviceTraini
ngOutlined.js" was 
ignored.
node_modules/@mui/ico
ns-material/esm/Ondem
andVideo.js (1:0): 
Module level 
directives cause 
errors when bundled, 
"use client" in "node
_modules/@mui/icons-m
aterial/esm/OndemandV
ideo.js" was ignored.
node_modules/@mui/ico
ns-material/esm/OnDev
iceTrainingSharp.js 
(1:0): Module level 
directives cause 
errors when bundled, 
"use client" in "node
_modules/@mui/icons-m
aterial/esm/OnDeviceT
rainingSharp.js" was 
ignored.
node_modules/@mui/ico
ns-material/esm/Ondem
andVideoOutlined.js 
(1:0): Module level 
directives cause 
errors when bundled, 
"use client" in "node
_modules/@mui/icons-m
aterial/esm/OndemandV
ideoOutlined.js" was 
ignored.
node_modules/@mui/ico
ns-material/esm/Ondem
andVideoRounded.js 
(1:0): Module level 
directives cause 
errors when bundled, 
"use client" in "node
_modules/@mui/icons-m
aterial/esm/OndemandV
ideoRounded.js" was 
ignored.
node_modules/@mui/ico
ns-material/esm/OneK.
js (1:0): Module 
level directives 
cause errors when 
bundled, "use 
client" in "node_modu
les/@mui/icons-materi
al/esm/OneK.js" was 
ignored.
node_modules/@mui/ico
ns-material/esm/Ondem
andVideoSharp.js 
(1:0): Module level 
directives cause 
errors when bundled, 
"use client" in "node
_modules/@mui/icons-m
aterial/esm/OndemandV
ideoSharp.js" was 
ignored.
node_modules/@mui/ico
ns-material/esm/OneKO
utlined.js (1:0): 
Module level 
directives cause 
errors when bundled, 
"use client" in "node
_modules/@mui/icons-m
aterial/esm/OneKOutli
ned.js" was ignored.
node_modules/@mui/ico
ns-material/esm/Ondem
andVideoTwoTone.js 
(1:0): Module level 
directives cause 
errors when bundled, 
"use client" in "node
_modules/@mui/icons-m
aterial/esm/OndemandV
ideoTwoTone.js" was 
ignored.
node_modules/@mui/ico
ns-material/esm/OneKP
lus.js (1:0): Module 
level directives 
cause errors when 
bundled, "use 
client" in "node_modu
les/@mui/icons-materi
al/esm/OneKPlus.js" 
was ignored.
node_modules/@mui/ico
ns-material/esm/OneKP
lusOutlined.js 
(1:0): Module level 
directives cause 
errors when bundled, 
"use client" in "node
_modules/@mui/icons-m
aterial/esm/OneKPlusO
utlined.js" was 
ignored.
node_modules/@mui/ico
ns-material/esm/OneKP
lusRounded.js (1:0): 
Module level 
directives cause 
errors when bundled, 
"use client" in "node
_modules/@mui/icons-m
aterial/esm/OneKPlusR
ounded.js" was 
ignored.
node_modules/@mui/ico
ns-material/esm/OneKP
lusTwoTone.js (1:0): 
Module level 
directives cause 
errors when bundled, 
"use client" in "node
_modules/@mui/icons-m
aterial/esm/OneKPlusT
woTone.js" was 
ignored.
node_modules/@mui/ico
ns-material/esm/OneKP
lusSharp.js (1:0): 
Module level 
directives cause 
errors when bundled, 
"use client" in "node
_modules/@mui/icons-m
aterial/esm/OneKPlusS
harp.js" was ignored.
node_modules/@mui/ico
ns-material/esm/OneKT
woTone.js (1:0): 
Module level 
directives cause 
errors when bundled, 
"use client" in "node
_modules/@mui/icons-m
aterial/esm/OneKTwoTo
ne.js" was ignored.
node_modules/@mui/ico
ns-material/esm/OneKR
ounded.js (1:0): 
Module level 
directives cause 
errors when bundled, 
"use client" in "node
_modules/@mui/icons-m
aterial/esm/OneKRound
ed.js" was ignored.
node_modules/@mui/ico
ns-material/esm/OneKk
.js (1:0): Module 
level directives 
cause errors when 
bundled, "use 
client" in "node_modu
les/@mui/icons-materi
al/esm/OneKk.js" was 
ignored.
node_modules/@mui/ico
ns-material/esm/OneKS
harp.js (1:0): 
Module level 
directives cause 
errors when bundled, 
"use client" in "node
_modules/@mui/icons-m
aterial/esm/OneKSharp
.js" was ignored.
node_modules/@mui/ico
ns-material/esm/OneKk
Outlined.js (1:0): 
Module level 
directives cause 
errors when bundled, 
"use client" in "node
_modules/@mui/icons-m
aterial/esm/OneKkOutl
ined.js" was ignored.
node_modules/@mui/ico
ns-material/esm/OneKk
Rounded.js (1:0): 
Module level 
directives cause 
errors when bundled, 
"use client" in "node
_modules/@mui/icons-m
aterial/esm/OneKkRoun
ded.js" was ignored.
node_modules/@mui/ico
ns-material/esm/Onlin
ePrediction.js 
(1:0): Module level 
directives cause 
errors when bundled, 
"use client" in "node
_modules/@mui/icons-m
aterial/esm/OnlinePre
diction.js" was 
ignored.
node_modules/@mui/ico
ns-material/esm/OneKk
TwoTone.js (1:0): 
Module level 
directives cause 
errors when bundled, 
"use client" in "node
_modules/@mui/icons-m
aterial/esm/OneKkTwoT
one.js" was ignored.
node_modules/@mui/ico
ns-material/esm/OneKk
Sharp.js (1:0): 
Module level 
directives cause 
errors when bundled, 
"use client" in "node
_modules/@mui/icons-m
aterial/esm/OneKkShar
p.js" was ignored.
node_modules/@mui/ico
ns-material/esm/Onlin
ePredictionRounded.js
 (1:0): Module level 
directives cause 
errors when bundled, 
"use client" in "node
_modules/@mui/icons-m
aterial/esm/OnlinePre
dictionRounded.js" 
was ignored.
node_modules/@mui/ico
ns-material/esm/Onlin
ePredictionSharp.js 
(1:0): Module level 
directives cause 
errors when bundled, 
"use client" in "node
_modules/@mui/icons-m
aterial/esm/OnlinePre
dictionSharp.js" was 
ignored.
node_modules/@mui/ico
ns-material/esm/Onlin
ePredictionOutlined.j
s (1:0): Module 
level directives 
cause errors when 
bundled, "use 
client" in "node_modu
les/@mui/icons-materi
al/esm/OnlinePredicti
onOutlined.js" was 
ignored.
node_modules/@mui/ico
ns-material/esm/Opaci
ty.js (1:0): Module 
level directives 
cause errors when 
bundled, "use 
client" in "node_modu
les/@mui/icons-materi
al/esm/Opacity.js" 
was ignored.
node_modules/@mui/ico
ns-material/esm/Opaci
tyOutlined.js (1:0): 
Module level 
directives cause 
errors when bundled, 
"use client" in "node
_modules/@mui/icons-m
aterial/esm/OpacityOu
tlined.js" was 
ignored.
node_modules/@mui/ico
ns-material/esm/Opaci
tySharp.js (1:0): 
Module level 
directives cause 
errors when bundled, 
"use client" in "node
_modules/@mui/icons-m
aterial/esm/OpacitySh
arp.js" was ignored.
node_modules/@mui/ico
ns-material/esm/OpenI
nBrowser.js (1:0): 
Module level 
directives cause 
errors when bundled, 
"use client" in "node
_modules/@mui/icons-m
aterial/esm/OpenInBro
wser.js" was ignored.
node_modules/@mui/ico
ns-material/esm/OpenI
nBrowserRounded.js 
(1:0): Module level 
directives cause 
errors when bundled, 
"use client" in "node
_modules/@mui/icons-m
aterial/esm/OpenInBro
wserRounded.js" was 
ignored.
node_modules/@mui/ico
ns-material/esm/Opaci
tyTwoTone.js (1:0): 
Module level 
directives cause 
errors when bundled, 
"use client" in "node
_modules/@mui/icons-m
aterial/esm/OpacityTw
oTone.js" was 
ignored.
node_modules/@mui/ico
ns-material/esm/Onlin
ePredictionTwoTone.js
 (1:0): Module level 
directives cause 
errors when bundled, 
"use client" in "node
_modules/@mui/icons-m
aterial/esm/OnlinePre
dictionTwoTone.js" 
was ignored.
node_modules/@mui/ico
ns-material/esm/Opaci
tyRounded.js (1:0): 
Module level 
directives cause 
errors when bundled, 
"use client" in "node
_modules/@mui/icons-m
aterial/esm/OpacityRo
unded.js" was 
ignored.
node_modules/@mui/ico
ns-material/esm/OpenI
nBrowserOutlined.js 
(1:0): Module level 
directives cause 
errors when bundled, 
"use client" in "node
_modules/@mui/icons-m
aterial/esm/OpenInBro
wserOutlined.js" was 
ignored.
node_modules/@mui/ico
ns-material/esm/OpenI
nBrowserSharp.js 
(1:0): Module level 
directives cause 
errors when bundled, 
"use client" in "node
_modules/@mui/icons-m
aterial/esm/OpenInBro
wserSharp.js" was 
ignored.
node_modules/@mui/ico
ns-material/esm/OpenI
nFullSharp.js (1:0): 
Module level 
directives cause 
errors when bundled, 
"use client" in "node
_modules/@mui/icons-m
aterial/esm/OpenInFul
lSharp.js" was 
ignored.
node_modules/@mui/ico
ns-material/esm/OpenI
nFullOutlined.js 
(1:0): Module level 
directives cause 
errors when bundled, 
"use client" in "node
_modules/@mui/icons-m
aterial/esm/OpenInFul
lOutlined.js" was 
ignored.
node_modules/@mui/ico
ns-material/esm/OpenI
nFullRounded.js 
(1:0): Module level 
directives cause 
errors when bundled, 
"use client" in "node
_modules/@mui/icons-m
aterial/esm/OpenInFul
lRounded.js" was 
ignored.
node_modules/@mui/ico
ns-material/esm/OpenI
nFullTwoTone.js 
(1:0): Module level 
directives cause 
errors when bundled, 
"use client" in "node
_modules/@mui/icons-m
aterial/esm/OpenInFul
lTwoTone.js" was 
ignored.
node_modules/@mui/ico
ns-material/esm/OpenI
nNewOff.js (1:0): 
Module level 
directives cause 
errors when bundled, 
"use client" in "node
_modules/@mui/icons-m
aterial/esm/OpenInNew
Off.js" was ignored.
node_modules/@mui/ico
ns-material/esm/OpenI
nNew.js (1:0): 
Module level 
directives cause 
errors when bundled, 
"use client" in "node
_modules/@mui/icons-m
aterial/esm/OpenInNew
.js" was ignored.
node_modules/@mui/ico
ns-material/esm/OpenI
nFull.js (1:0): 
Module level 
directives cause 
errors when bundled, 
"use client" in "node
_modules/@mui/icons-m
aterial/esm/OpenInFul
l.js" was ignored.
node_modules/@mui/ico
ns-material/esm/OpenI
nNewOffOutlined.js 
(1:0): Module level 
directives cause 
errors when bundled, 
"use client" in "node
_modules/@mui/icons-m
aterial/esm/OpenInNew
OffOutlined.js" was 
ignored.
node_modules/@mui/ico
ns-material/esm/OpenI
nNewOffRounded.js 
(1:0): Module level 
directives cause 
errors when bundled, 
"use client" in "node
_modules/@mui/icons-m
aterial/esm/OpenInNew
OffRounded.js" was 
ignored.
node_modules/@mui/ico
ns-material/esm/OpenI
nNewOffSharp.js 
(1:0): Module level 
directives cause 
errors when bundled, 
"use client" in "node
_modules/@mui/icons-m
aterial/esm/OpenInNew
OffSharp.js" was 
ignored.
node_modules/@mui/ico
ns-material/esm/OpenI
nNewRounded.js 
(1:0): Module level 
directives cause 
errors when bundled, 
"use client" in "node
_modules/@mui/icons-m
aterial/esm/OpenInNew
Rounded.js" was 
ignored.
node_modules/@mui/ico
ns-material/esm/OpenI
nNewOffTwoTone.js 
(1:0): Module level 
directives cause 
errors when bundled, 
"use client" in "node
_modules/@mui/icons-m
aterial/esm/OpenInNew
OffTwoTone.js" was 
ignored.
node_modules/@mui/ico
ns-material/esm/OpenI
nNewOutlined.js 
(1:0): Module level 
directives cause 
errors when bundled, 
"use client" in "node
_modules/@mui/icons-m
aterial/esm/OpenInNew
Outlined.js" was 
ignored.
node_modules/@mui/ico
ns-material/esm/OpenI
nNewSharp.js (1:0): 
Module level 
directives cause 
errors when bundled, 
"use client" in "node
_modules/@mui/icons-m
aterial/esm/OpenInNew
Sharp.js" was 
ignored.
node_modules/@mui/ico
ns-material/esm/OpenI
nBrowserTwoTone.js 
(1:0): Module level 
directives cause 
errors when bundled, 
"use client" in "node
_modules/@mui/icons-m
aterial/esm/OpenInBro
wserTwoTone.js" was 
ignored.
node_modules/@mui/ico
ns-material/esm/OpenW
ithRounded.js (1:0): 
Module level 
directives cause 
errors when bundled, 
"use client" in "node
_modules/@mui/icons-m
aterial/esm/OpenWithR
ounded.js" was 
ignored.
node_modules/@mui/ico
ns-material/esm/OpenI
nNewTwoTone.js 
(1:0): Module level 
directives cause 
errors when bundled, 
"use client" in "node
_modules/@mui/icons-m
aterial/esm/OpenInNew
TwoTone.js" was 
ignored.
node_modules/@mui/ico
ns-material/esm/OpenW
ith.js (1:0): Module 
level directives 
cause errors when 
bundled, "use 
client" in "node_modu
les/@mui/icons-materi
al/esm/OpenWith.js" 
was ignored.
node_modules/@mui/ico
ns-material/esm/OpenW
ithSharp.js (1:0): 
Module level 
directives cause 
errors when bundled, 
"use client" in "node
_modules/@mui/icons-m
aterial/esm/OpenWithS
harp.js" was ignored.
node_modules/@mui/ico
ns-material/esm/OpenW
ithOutlined.js 
(1:0): Module level 
directives cause 
errors when bundled, 
"use client" in "node
_modules/@mui/icons-m
aterial/esm/OpenWithO
utlined.js" was 
ignored.
node_modules/@mui/ico
ns-material/esm/OpenW
ithTwoTone.js (1:0): 
Module level 
directives cause 
errors when bundled, 
"use client" in "node
_modules/@mui/icons-m
aterial/esm/OpenWithT
woTone.js" was 
ignored.
node_modules/@mui/ico
ns-material/esm/Other
Houses.js (1:0): 
Module level 
directives cause 
errors when bundled, 
"use client" in "node
_modules/@mui/icons-m
aterial/esm/OtherHous
es.js" was ignored.
node_modules/@mui/ico
ns-material/esm/Other
HousesOutlined.js 
(1:0): Module level 
directives cause 
errors when bundled, 
"use client" in "node
_modules/@mui/icons-m
aterial/esm/OtherHous
esOutlined.js" was 
ignored.
node_modules/@mui/ico
ns-material/esm/Other
HousesSharp.js 
(1:0): Module level 
directives cause 
errors when bundled, 
"use client" in "node
_modules/@mui/icons-m
aterial/esm/OtherHous
esSharp.js" was 
ignored.
node_modules/@mui/ico
ns-material/esm/Other
HousesRounded.js 
(1:0): Module level 
directives cause 
errors when bundled, 
"use client" in "node
_modules/@mui/icons-m
aterial/esm/OtherHous
esRounded.js" was 
ignored.
node_modules/@mui/ico
ns-material/esm/Outbo
und.js (1:0): Module 
level directives 
cause errors when 
bundled, "use 
client" in "node_modu
les/@mui/icons-materi
al/esm/Outbound.js" 
was ignored.
node_modules/@mui/ico
ns-material/esm/Outbo
undRounded.js (1:0): 
Module level 
directives cause 
errors when bundled, 
"use client" in "node
_modules/@mui/icons-m
aterial/esm/OutboundR
ounded.js" was 
ignored.
node_modules/@mui/ico
ns-material/esm/Outbo
undOutlined.js 
(1:0): Module level 
directives cause 
errors when bundled, 
"use client" in "node
_modules/@mui/icons-m
aterial/esm/OutboundO
utlined.js" was 
ignored.
node_modules/@mui/ico
ns-material/esm/Other
HousesTwoTone.js 
(1:0): Module level 
directives cause 
errors when bundled, 
"use client" in "node
_modules/@mui/icons-m
aterial/esm/OtherHous
esTwoTone.js" was 
ignored.
node_modules/@mui/ico
ns-material/esm/Outbo
undTwoTone.js (1:0): 
Module level 
directives cause 
errors when bundled, 
"use client" in "node
_modules/@mui/icons-m
aterial/esm/OutboundT
woTone.js" was 
ignored.
node_modules/@mui/ico
ns-material/esm/Outbo
xOutlined.js (1:0): 
Module level 
directives cause 
errors when bundled, 
"use client" in "node
_modules/@mui/icons-m
aterial/esm/OutboxOut
lined.js" was 
ignored.
node_modules/@mui/ico
ns-material/esm/Outbo
undSharp.js (1:0): 
Module level 
directives cause 
errors when bundled, 
"use client" in "node
_modules/@mui/icons-m
aterial/esm/OutboundS
harp.js" was ignored.
node_modules/@mui/ico
ns-material/esm/Outbo
xSharp.js (1:0): 
Module level 
directives cause 
errors when bundled, 
"use client" in "node
_modules/@mui/icons-m
aterial/esm/OutboxSha
rp.js" was ignored.
node_modules/@mui/ico
ns-material/esm/Outbo
x.js (1:0): Module 
level directives 
cause errors when 
bundled, "use 
client" in "node_modu
les/@mui/icons-materi
al/esm/Outbox.js" 
was ignored.
node_modules/@mui/ico
ns-material/esm/Outbo
xTwoTone.js (1:0): 
Module level 
directives cause 
errors when bundled, 
"use client" in "node
_modules/@mui/icons-m
aterial/esm/OutboxTwo
Tone.js" was ignored.
node_modules/@mui/ico
ns-material/esm/Outdo
orGrillSharp.js 
(1:0): Module level 
directives cause 
errors when bundled, 
"use client" in "node
_modules/@mui/icons-m
aterial/esm/OutdoorGr
illSharp.js" was 
ignored.
node_modules/@mui/ico
ns-material/esm/Outbo
xRounded.js (1:0): 
Module level 
directives cause 
errors when bundled, 
"use client" in "node
_modules/@mui/icons-m
aterial/esm/OutboxRou
nded.js" was ignored.
node_modules/@mui/ico
ns-material/esm/Outdo
orGrillTwoTone.js 
(1:0): Module level 
directives cause 
errors when bundled, 
"use client" in "node
_modules/@mui/icons-m
aterial/esm/OutdoorGr
illTwoTone.js" was 
ignored.
node_modules/@mui/ico
ns-material/esm/Outdo
orGrill.js (1:0): 
Module level 
directives cause 
errors when bundled, 
"use client" in "node
_modules/@mui/icons-m
aterial/esm/OutdoorGr
ill.js" was ignored.
node_modules/@mui/ico
ns-material/esm/Outle
t.js (1:0): Module 
level directives 
cause errors when 
bundled, "use 
client" in "node_modu
les/@mui/icons-materi
al/esm/Outlet.js" 
was ignored.
node_modules/@mui/ico
ns-material/esm/Outle
tRounded.js (1:0): 
Module level 
directives cause 
errors when bundled, 
"use client" in "node
_modules/@mui/icons-m
aterial/esm/OutletRou
nded.js" was ignored.
node_modules/@mui/ico
ns-material/esm/Outle
tOutlined.js (1:0): 
Module level 
directives cause 
errors when bundled, 
"use client" in "node
_modules/@mui/icons-m
aterial/esm/OutletOut
lined.js" was 
ignored.
node_modules/@mui/ico
ns-material/esm/Outle
tTwoTone.js (1:0): 
Module level 
directives cause 
errors when bundled, 
"use client" in "node
_modules/@mui/icons-m
aterial/esm/OutletTwo
Tone.js" was ignored.
node_modules/@mui/ico
ns-material/esm/Outle
tSharp.js (1:0): 
Module level 
directives cause 
errors when bundled, 
"use client" in "node
_modules/@mui/icons-m
aterial/esm/OutletSha
rp.js" was ignored.
node_modules/@mui/ico
ns-material/esm/Outli
nedFlag.js (1:0): 
Module level 
directives cause 
errors when bundled, 
"use client" in "node
_modules/@mui/icons-m
aterial/esm/OutlinedF
lag.js" was ignored.
node_modules/@mui/ico
ns-material/esm/Outli
nedFlagSharp.js 
(1:0): Module level 
directives cause 
errors when bundled, 
"use client" in "node
_modules/@mui/icons-m
aterial/esm/OutlinedF
lagSharp.js" was 
ignored.
node_modules/@mui/ico
ns-material/esm/Outli
nedFlagOutlined.js 
(1:0): Module level 
directives cause 
errors when bundled, 
"use client" in "node
_modules/@mui/icons-m
aterial/esm/OutlinedF
lagOutlined.js" was 
ignored.
node_modules/@mui/ico
ns-material/esm/Outli
nedFlagRounded.js 
(1:0): Module level 
directives cause 
errors when bundled, 
"use client" in "node
_modules/@mui/icons-m
aterial/esm/OutlinedF
lagRounded.js" was 
ignored.
node_modules/@mui/ico
ns-material/esm/Outpu
tOutlined.js (1:0): 
Module level 
directives cause 
errors when bundled, 
"use client" in "node
_modules/@mui/icons-m
aterial/esm/OutputOut
lined.js" was 
ignored.
node_modules/@mui/ico
ns-material/esm/Outpu
t.js (1:0): Module 
level directives 
cause errors when 
bundled, "use 
client" in "node_modu
les/@mui/icons-materi
al/esm/Output.js" 
was ignored.
node_modules/@mui/ico
ns-material/esm/Outli
nedFlagTwoTone.js 
(1:0): Module level 
directives cause 
errors when bundled, 
"use client" in "node
_modules/@mui/icons-m
aterial/esm/OutlinedF
lagTwoTone.js" was 
ignored.
node_modules/@mui/ico
ns-material/esm/Outpu
tRounded.js (1:0): 
Module level 
directives cause 
errors when bundled, 
"use client" in "node
_modules/@mui/icons-m
aterial/esm/OutputRou
nded.js" was ignored.
node_modules/@mui/ico
ns-material/esm/Outpu
tSharp.js (1:0): 
Module level 
directives cause 
errors when bundled, 
"use client" in "node
_modules/@mui/icons-m
aterial/esm/OutputSha
rp.js" was ignored.
node_modules/@mui/ico
ns-material/esm/Paddi
ng.js (1:0): Module 
level directives 
cause errors when 
bundled, "use 
client" in "node_modu
les/@mui/icons-materi
al/esm/Padding.js" 
was ignored.
node_modules/@mui/ico
ns-material/esm/Paddi
ngOutlined.js (1:0): 
Module level 
directives cause 
errors when bundled, 
"use client" in "node
_modules/@mui/icons-m
aterial/esm/PaddingOu
tlined.js" was 
ignored.
node_modules/@mui/ico
ns-material/esm/Outdo
orGrillOutlined.js 
(1:0): Module level 
directives cause 
errors when bundled, 
"use client" in "node
_modules/@mui/icons-m
aterial/esm/OutdoorGr
illOutlined.js" was 
ignored.
node_modules/@mui/ico
ns-material/esm/Outpu
tTwoTone.js (1:0): 
Module level 
directives cause 
errors when bundled, 
"use client" in "node
_modules/@mui/icons-m
aterial/esm/OutputTwo
Tone.js" was ignored.
node_modules/@mui/ico
ns-material/esm/Paddi
ngSharp.js (1:0): 
Module level 
directives cause 
errors when bundled, 
"use client" in "node
_modules/@mui/icons-m
aterial/esm/PaddingSh
arp.js" was ignored.
node_modules/@mui/ico
ns-material/esm/Paddi
ngTwoTone.js (1:0): 
Module level 
directives cause 
errors when bundled, 
"use client" in "node
_modules/@mui/icons-m
aterial/esm/PaddingTw
oTone.js" was 
ignored.
node_modules/@mui/ico
ns-material/esm/Paddi
ngRounded.js (1:0): 
Module level 
directives cause 
errors when bundled, 
"use client" in "node
_modules/@mui/icons-m
aterial/esm/PaddingRo
unded.js" was 
ignored.
node_modules/@mui/ico
ns-material/esm/Pages
Outlined.js (1:0): 
Module level 
directives cause 
errors when bundled, 
"use client" in "node
_modules/@mui/icons-m
aterial/esm/PagesOutl
ined.js" was ignored.
node_modules/@mui/ico
ns-material/esm/Pages
.js (1:0): Module 
level directives 
cause errors when 
bundled, "use 
client" in "node_modu
les/@mui/icons-materi
al/esm/Pages.js" was 
ignored.
node_modules/@mui/ico
ns-material/esm/Pages
Sharp.js (1:0): 
Module level 
directives cause 
errors when bundled, 
"use client" in "node
_modules/@mui/icons-m
aterial/esm/PagesShar
p.js" was ignored.
node_modules/@mui/ico
ns-material/esm/Pages
Rounded.js (1:0): 
Module level 
directives cause 
errors when bundled, 
"use client" in "node
_modules/@mui/icons-m
aterial/esm/PagesRoun
ded.js" was ignored.
node_modules/@mui/ico
ns-material/esm/Pagev
iew.js (1:0): Module 
level directives 
cause errors when 
bundled, "use 
client" in "node_modu
les/@mui/icons-materi
al/esm/Pageview.js" 
was ignored.
node_modules/@mui/ico
ns-material/esm/Pagev
iewSharp.js (1:0): 
Module level 
directives cause 
errors when bundled, 
"use client" in "node
_modules/@mui/icons-m
aterial/esm/PageviewS
harp.js" was ignored.
node_modules/@mui/ico
ns-material/esm/Pages
TwoTone.js (1:0): 
Module level 
directives cause 
errors when bundled, 
"use client" in "node
_modules/@mui/icons-m
aterial/esm/PagesTwoT
one.js" was ignored.
node_modules/@mui/ico
ns-material/esm/Pagev
iewOutlined.js 
(1:0): Module level 
directives cause 
errors when bundled, 
"use client" in "node
_modules/@mui/icons-m
aterial/esm/PageviewO
utlined.js" was 
ignored.
node_modules/@mui/ico
ns-material/esm/Pagev
iewRounded.js (1:0): 
Module level 
directives cause 
errors when bundled, 
"use client" in "node
_modules/@mui/icons-m
aterial/esm/PageviewR
ounded.js" was 
ignored.
node_modules/@mui/ico
ns-material/esm/Pagev
iewTwoTone.js (1:0): 
Module level 
directives cause 
errors when bundled, 
"use client" in "node
_modules/@mui/icons-m
aterial/esm/PageviewT
woTone.js" was 
ignored.
node_modules/@mui/ico
ns-material/esm/Paid.
js (1:0): Module 
level directives 
cause errors when 
bundled, "use 
client" in "node_modu
les/@mui/icons-materi
al/esm/Paid.js" was 
ignored.
node_modules/@mui/ico
ns-material/esm/Outdo
orGrillRounded.js 
(1:0): Module level 
directives cause 
errors when bundled, 
"use client" in "node
_modules/@mui/icons-m
aterial/esm/OutdoorGr
illRounded.js" was 
ignored.
node_modules/@mui/ico
ns-material/esm/PaidT
woTone.js (1:0): 
Module level 
directives cause 
errors when bundled, 
"use client" in "node
_modules/@mui/icons-m
aterial/esm/PaidTwoTo
ne.js" was ignored.
node_modules/@mui/ico
ns-material/esm/PaidR
ounded.js (1:0): 
Module level 
directives cause 
errors when bundled, 
"use client" in "node
_modules/@mui/icons-m
aterial/esm/PaidRound
ed.js" was ignored.
node_modules/@mui/ico
ns-material/esm/Palet
teRounded.js (1:0): 
Module level 
directives cause 
errors when bundled, 
"use client" in "node
_modules/@mui/icons-m
aterial/esm/PaletteRo
unded.js" was 
ignored.
node_modules/@mui/ico
ns-material/esm/PaidO
utlined.js (1:0): 
Module level 
directives cause 
errors when bundled, 
"use client" in "node
_modules/@mui/icons-m
aterial/esm/PaidOutli
ned.js" was ignored.
node_modules/@mui/ico
ns-material/esm/PaidS
harp.js (1:0): 
Module level 
directives cause 
errors when bundled, 
"use client" in "node
_modules/@mui/icons-m
aterial/esm/PaidSharp
.js" was ignored.
node_modules/@mui/ico
ns-material/esm/Palet
te.js (1:0): Module 
level directives 
cause errors when 
bundled, "use 
client" in "node_modu
les/@mui/icons-materi
al/esm/Palette.js" 
was ignored.
node_modules/@mui/ico
ns-material/esm/Palet
teOutlined.js (1:0): 
Module level 
directives cause 
errors when bundled, 
"use client" in "node
_modules/@mui/icons-m
aterial/esm/PaletteOu
tlined.js" was 
ignored.
node_modules/@mui/ico
ns-material/esm/PanTo
ol.js (1:0): Module 
level directives 
cause errors when 
bundled, "use 
client" in "node_modu
les/@mui/icons-materi
al/esm/PanTool.js" 
was ignored.
node_modules/@mui/ico
ns-material/esm/Palet
teTwoTone.js (1:0): 
Module level 
directives cause 
errors when bundled, 
"use client" in "node
_modules/@mui/icons-m
aterial/esm/PaletteTw
oTone.js" was 
ignored.
node_modules/@mui/ico
ns-material/esm/PanTo
olAlt.js (1:0): 
Module level 
directives cause 
errors when bundled, 
"use client" in "node
_modules/@mui/icons-m
aterial/esm/PanToolAl
t.js" was ignored.
node_modules/@mui/ico
ns-material/esm/Palet
teSharp.js (1:0): 
Module level 
directives cause 
errors when bundled, 
"use client" in "node
_modules/@mui/icons-m
aterial/esm/PaletteSh
arp.js" was ignored.
node_modules/@mui/ico
ns-material/esm/PanTo
olAltTwoTone.js 
(1:0): Module level 
directives cause 
errors when bundled, 
"use client" in "node
_modules/@mui/icons-m
aterial/esm/PanToolAl
tTwoTone.js" was 
ignored.
node_modules/@mui/ico
ns-material/esm/PanTo
olAltRounded.js 
(1:0): Module level 
directives cause 
errors when bundled, 
"use client" in "node
_modules/@mui/icons-m
aterial/esm/PanToolAl
tRounded.js" was 
ignored.
node_modules/@mui/ico
ns-material/esm/PanTo
olAltSharp.js (1:0): 
Module level 
directives cause 
errors when bundled, 
"use client" in "node
_modules/@mui/icons-m
aterial/esm/PanToolAl
tSharp.js" was 
ignored.
node_modules/@mui/ico
ns-material/esm/PanTo
olAltOutlined.js 
(1:0): Module level 
directives cause 
errors when bundled, 
"use client" in "node
_modules/@mui/icons-m
aterial/esm/PanToolAl
tOutlined.js" was 
ignored.
node_modules/@mui/ico
ns-material/esm/PanTo
olSharp.js (1:0): 
Module level 
directives cause 
errors when bundled, 
"use client" in "node
_modules/@mui/icons-m
aterial/esm/PanToolSh
arp.js" was ignored.
node_modules/@mui/ico
ns-material/esm/PanTo
olOutlined.js (1:0): 
Module level 
directives cause 
errors when bundled, 
"use client" in "node
_modules/@mui/icons-m
aterial/esm/PanToolOu
tlined.js" was 
ignored.
node_modules/@mui/ico
ns-material/esm/PanTo
olTwoTone.js (1:0): 
Module level 
directives cause 
errors when bundled, 
"use client" in "node
_modules/@mui/icons-m
aterial/esm/PanToolTw
oTone.js" was 
ignored.
node_modules/@mui/ico
ns-material/esm/PanTo
olRounded.js (1:0): 
Module level 
directives cause 
errors when bundled, 
"use client" in "node
_modules/@mui/icons-m
aterial/esm/PanToolRo
unded.js" was 
ignored.
node_modules/@mui/ico
ns-material/esm/Panor
ama.js (1:0): Module 
level directives 
cause errors when 
bundled, "use 
client" in "node_modu
les/@mui/icons-materi
al/esm/Panorama.js" 
was ignored.
node_modules/@mui/ico
ns-material/esm/Panor
amaFishEye.js (1:0): 
Module level 
directives cause 
errors when bundled, 
"use client" in "node
_modules/@mui/icons-m
aterial/esm/PanoramaF
ishEye.js" was 
ignored.
node_modules/@mui/ico
ns-material/esm/Panor
amaFishEyeSharp.js 
(1:0): Module level 
directives cause 
errors when bundled, 
"use client" in "node
_modules/@mui/icons-m
aterial/esm/PanoramaF
ishEyeSharp.js" was 
ignored.
node_modules/@mui/ico
ns-material/esm/Panor
amaFishEyeOutlined.js
 (1:0): Module level 
directives cause 
errors when bundled, 
"use client" in "node
_modules/@mui/icons-m
aterial/esm/PanoramaF
ishEyeOutlined.js" 
was ignored.
node_modules/@mui/ico
ns-material/esm/Panor
amaFishEyeTwoTone.js 
(1:0): Module level 
directives cause 
errors when bundled, 
"use client" in "node
_modules/@mui/icons-m
aterial/esm/PanoramaF
ishEyeTwoTone.js" 
was ignored.
node_modules/@mui/ico
ns-material/esm/Panor
amaFishEyeRounded.js 
(1:0): Module level 
directives cause 
errors when bundled, 
"use client" in "node
_modules/@mui/icons-m
aterial/esm/PanoramaF
ishEyeRounded.js" 
was ignored.
node_modules/@mui/ico
ns-material/esm/Panor
amaHorizontal.js 
(1:0): Module level 
directives cause 
errors when bundled, 
"use client" in "node
_modules/@mui/icons-m
aterial/esm/PanoramaH
orizontal.js" was 
ignored.
node_modules/@mui/ico
ns-material/esm/Panor
amaHorizontalOutlined
.js (1:0): Module 
level directives 
cause errors when 
bundled, "use 
client" in "node_modu
les/@mui/icons-materi
al/esm/PanoramaHorizo
ntalOutlined.js" was 
ignored.
node_modules/@mui/ico
ns-material/esm/Panor
amaHorizontalSelectOu
tlined.js (1:0): 
Module level 
directives cause 
errors when bundled, 
"use client" in "node
_modules/@mui/icons-m
aterial/esm/PanoramaH
orizontalSelectOutlin
ed.js" was ignored.
node_modules/@mui/ico
ns-material/esm/Panor
amaHorizontalSelect.j
s (1:0): Module 
level directives 
cause errors when 
bundled, "use 
client" in "node_modu
les/@mui/icons-materi
al/esm/PanoramaHorizo
ntalSelect.js" was 
ignored.
node_modules/@mui/ico
ns-material/esm/Panor
amaHorizontalSelectTw
oTone.js (1:0): 
Module level 
directives cause 
errors when bundled, 
"use client" in "node
_modules/@mui/icons-m
aterial/esm/PanoramaH
orizontalSelectTwoTon
e.js" was ignored.
node_modules/@mui/ico
ns-material/esm/Panor
amaHorizontalSelectRo
unded.js (1:0): 
Module level 
directives cause 
errors when bundled, 
"use client" in "node
_modules/@mui/icons-m
aterial/esm/PanoramaH
orizontalSelectRounde
d.js" was ignored.
node_modules/@mui/ico
ns-material/esm/Panor
amaHorizontalTwoTone.
js (1:0): Module 
level directives 
cause errors when 
bundled, "use 
client" in "node_modu
les/@mui/icons-materi
al/esm/PanoramaHorizo
ntalTwoTone.js" was 
ignored.
node_modules/@mui/ico
ns-material/esm/Panor
amaOutlined.js 
(1:0): Module level 
directives cause 
errors when bundled, 
"use client" in "node
_modules/@mui/icons-m
aterial/esm/PanoramaO
utlined.js" was 
ignored.
node_modules/@mui/ico
ns-material/esm/Panor
amaHorizontalSelectSh
arp.js (1:0): Module 
level directives 
cause errors when 
bundled, "use 
client" in "node_modu
les/@mui/icons-materi
al/esm/PanoramaHorizo
ntalSelectSharp.js" 
was ignored.
node_modules/@mui/ico
ns-material/esm/Panor
amaHorizontalSharp.js
 (1:0): Module level 
directives cause 
errors when bundled, 
"use client" in "node
_modules/@mui/icons-m
aterial/esm/PanoramaH
orizontalSharp.js" 
was ignored.
node_modules/@mui/ico
ns-material/esm/Panor
amaPhotosphere.js 
(1:0): Module level 
directives cause 
errors when bundled, 
"use client" in "node
_modules/@mui/icons-m
aterial/esm/PanoramaP
hotosphere.js" was 
ignored.
node_modules/@mui/ico
ns-material/esm/Panor
amaPhotosphereRounded
.js (1:0): Module 
level directives 
cause errors when 
bundled, "use 
client" in "node_modu
les/@mui/icons-materi
al/esm/PanoramaPhotos
phereRounded.js" was 
ignored.
node_modules/@mui/ico
ns-material/esm/Panor
amaPhotosphereOutline
d.js (1:0): Module 
level directives 
cause errors when 
bundled, "use 
client" in "node_modu
les/@mui/icons-materi
al/esm/PanoramaPhotos
phereOutlined.js" 
was ignored.
node_modules/@mui/ico
ns-material/esm/Panor
amaPhotosphereSelect.
js (1:0): Module 
level directives 
cause errors when 
bundled, "use 
client" in "node_modu
les/@mui/icons-materi
al/esm/PanoramaPhotos
phereSelect.js" was 
ignored.
node_modules/@mui/ico
ns-material/esm/Panor
amaPhotosphereSelectO
utlined.js (1:0): 
Module level 
directives cause 
errors when bundled, 
"use client" in "node
_modules/@mui/icons-m
aterial/esm/PanoramaP
hotosphereSelectOutli
ned.js" was ignored.
node_modules/@mui/ico
ns-material/esm/Panor
amaPhotosphereSelectT
woTone.js (1:0): 
Module level 
directives cause 
errors when bundled, 
"use client" in "node
_modules/@mui/icons-m
aterial/esm/PanoramaP
hotosphereSelectTwoTo
ne.js" was ignored.
node_modules/@mui/ico
ns-material/esm/Panor
amaPhotosphereSelectR
ounded.js (1:0): 
Module level 
directives cause 
errors when bundled, 
"use client" in "node
_modules/@mui/icons-m
aterial/esm/PanoramaP
hotosphereSelectRound
ed.js" was ignored.
node_modules/@mui/ico
ns-material/esm/Panor
amaHorizontalRounded.
js (1:0): Module 
level directives 
cause errors when 
bundled, "use 
client" in "node_modu
les/@mui/icons-materi
al/esm/PanoramaHorizo
ntalRounded.js" was 
ignored.
node_modules/@mui/ico
ns-material/esm/Panor
amaPhotosphereSelectS
harp.js (1:0): 
Module level 
directives cause 
errors when bundled, 
"use client" in "node
_modules/@mui/icons-m
aterial/esm/PanoramaP
hotosphereSelectSharp
.js" was ignored.
node_modules/@mui/ico
ns-material/esm/Panor
amaPhotosphereTwoTone
.js (1:0): Module 
level directives 
cause errors when 
bundled, "use 
client" in "node_modu
les/@mui/icons-materi
al/esm/PanoramaPhotos
phereTwoTone.js" was 
ignored.
node_modules/@mui/ico
ns-material/esm/Panor
amaRounded.js (1:0): 
Module level 
directives cause 
errors when bundled, 
"use client" in "node
_modules/@mui/icons-m
aterial/esm/PanoramaR
ounded.js" was 
ignored.
node_modules/@mui/ico
ns-material/esm/Panor
amaPhotosphereSharp.j
s (1:0): Module 
level directives 
cause errors when 
bundled, "use 
client" in "node_modu
les/@mui/icons-materi
al/esm/PanoramaPhotos
phereSharp.js" was 
ignored.
node_modules/@mui/ico
ns-material/esm/Panor
amaSharp.js (1:0): 
Module level 
directives cause 
errors when bundled, 
"use client" in "node
_modules/@mui/icons-m
aterial/esm/PanoramaS
harp.js" was ignored.
node_modules/@mui/ico
ns-material/esm/Panor
amaTwoTone.js (1:0): 
Module level 
directives cause 
errors when bundled, 
"use client" in "node
_modules/@mui/icons-m
aterial/esm/PanoramaT
woTone.js" was 
ignored.
node_modules/@mui/ico
ns-material/esm/Panor
amaVerticalOutlined.j
s (1:0): Module 
level directives 
cause errors when 
bundled, "use 
client" in "node_modu
les/@mui/icons-materi
al/esm/PanoramaVertic
alOutlined.js" was 
ignored.
node_modules/@mui/ico
ns-material/esm/Panor
amaVerticalRounded.js
 (1:0): Module level 
directives cause 
errors when bundled, 
"use client" in "node
_modules/@mui/icons-m
aterial/esm/PanoramaV
erticalRounded.js" 
was ignored.
node_modules/@mui/ico
ns-material/esm/Panor
amaVerticalSelect.js 
(1:0): Module level 
directives cause 
errors when bundled, 
"use client" in "node
_modules/@mui/icons-m
aterial/esm/PanoramaV
erticalSelect.js" 
was ignored.
node_modules/@mui/ico
ns-material/esm/Panor
amaVertical.js 
(1:0): Module level 
directives cause 
errors when bundled, 
"use client" in "node
_modules/@mui/icons-m
aterial/esm/PanoramaV
ertical.js" was 
ignored.
node_modules/@mui/ico
ns-material/esm/Panor
amaVerticalSelectRoun
ded.js (1:0): Module 
level directives 
cause errors when 
bundled, "use 
client" in "node_modu
les/@mui/icons-materi
al/esm/PanoramaVertic
alSelectRounded.js" 
was ignored.
node_modules/@mui/ico
ns-material/esm/Panor
amaVerticalSelectShar
p.js (1:0): Module 
level directives 
cause errors when 
bundled, "use 
client" in "node_modu
les/@mui/icons-materi
al/esm/PanoramaVertic
alSelectSharp.js" 
was ignored.
node_modules/@mui/ico
ns-material/esm/Panor
amaVerticalTwoTone.js
 (1:0): Module level 
directives cause 
errors when bundled, 
"use client" in "node
_modules/@mui/icons-m
aterial/esm/PanoramaV
erticalTwoTone.js" 
was ignored.
node_modules/@mui/ico
ns-material/esm/Panor
amaVerticalSelectOutl
ined.js (1:0): 
Module level 
directives cause 
errors when bundled, 
"use client" in "node
_modules/@mui/icons-m
aterial/esm/PanoramaV
erticalSelectOutlined
.js" was ignored.
node_modules/@mui/ico
ns-material/esm/Panor
amaVerticalSelectTwoT
one.js (1:0): Module 
level directives 
cause errors when 
bundled, "use 
client" in "node_modu
les/@mui/icons-materi
al/esm/PanoramaVertic
alSelectTwoTone.js" 
was ignored.
node_modules/@mui/ico
ns-material/esm/Panor
amaVerticalSharp.js 
(1:0): Module level 
directives cause 
errors when bundled, 
"use client" in "node
_modules/@mui/icons-m
aterial/esm/PanoramaV
erticalSharp.js" was 
ignored.
node_modules/@mui/ico
ns-material/esm/Panor
amaWideAngleOutlined.
js (1:0): Module 
level directives 
cause errors when 
bundled, "use 
client" in "node_modu
les/@mui/icons-materi
al/esm/PanoramaWideAn
gleOutlined.js" was 
ignored.
node_modules/@mui/ico
ns-material/esm/Panor
amaWideAngleRounded.j
s (1:0): Module 
level directives 
cause errors when 
bundled, "use 
client" in "node_modu
les/@mui/icons-materi
al/esm/PanoramaWideAn
gleRounded.js" was 
ignored.
node_modules/@mui/ico
ns-material/esm/Panor
amaWideAngle.js 
(1:0): Module level 
directives cause 
errors when bundled, 
"use client" in "node
_modules/@mui/icons-m
aterial/esm/PanoramaW
ideAngle.js" was 
ignored.
node_modules/@mui/ico
ns-material/esm/Panor
amaWideAngleSelectOut
lined.js (1:0): 
Module level 
directives cause 
errors when bundled, 
"use client" in "node
_modules/@mui/icons-m
aterial/esm/PanoramaW
ideAngleSelectOutline
d.js" was ignored.
node_modules/@mui/ico
ns-material/esm/Panor
amaWideAngleSelectRou
nded.js (1:0): 
Module level 
directives cause 
errors when bundled, 
"use client" in "node
_modules/@mui/icons-m
aterial/esm/PanoramaW
ideAngleSelectRounded
.js" was ignored.
node_modules/@mui/ico
ns-material/esm/Panor
amaWideAngleSelect.js
 (1:0): Module level 
directives cause 
errors when bundled, 
"use client" in "node
_modules/@mui/icons-m
aterial/esm/PanoramaW
ideAngleSelect.js" 
was ignored.
node_modules/@mui/ico
ns-material/esm/Panor
amaWideAngleSelectSha
rp.js (1:0): Module 
level directives 
cause errors when 
bundled, "use 
client" in "node_modu
les/@mui/icons-materi
al/esm/PanoramaWideAn
gleSelectSharp.js" 
was ignored.
node_modules/@mui/ico
ns-material/esm/Panor
amaWideAngleSelectTwo
Tone.js (1:0): 
Module level 
directives cause 
errors when bundled, 
"use client" in "node
_modules/@mui/icons-m
aterial/esm/PanoramaW
ideAngleSelectTwoTone
.js" was ignored.
node_modules/@mui/ico
ns-material/esm/Parag
liding.js (1:0): 
Module level 
directives cause 
errors when bundled, 
"use client" in "node
_modules/@mui/icons-m
aterial/esm/Paraglidi
ng.js" was ignored.
node_modules/@mui/ico
ns-material/esm/Panor
amaWideAngleTwoTone.j
s (1:0): Module 
level directives 
cause errors when 
bundled, "use 
client" in "node_modu
les/@mui/icons-materi
al/esm/PanoramaWideAn
gleTwoTone.js" was 
ignored.
node_modules/@mui/ico
ns-material/esm/Parag
lidingSharp.js 
(1:0): Module level 
directives cause 
errors when bundled, 
"use client" in "node
_modules/@mui/icons-m
aterial/esm/Paraglidi
ngSharp.js" was 
ignored.
node_modules/@mui/ico
ns-material/esm/Panor
amaWideAngleSharp.js 
(1:0): Module level 
directives cause 
errors when bundled, 
"use client" in "node
_modules/@mui/icons-m
aterial/esm/PanoramaW
ideAngleSharp.js" 
was ignored.
node_modules/@mui/ico
ns-material/esm/Parag
lidingTwoTone.js 
(1:0): Module level 
directives cause 
errors when bundled, 
"use client" in "node
_modules/@mui/icons-m
aterial/esm/Paraglidi
ngTwoTone.js" was 
ignored.
node_modules/@mui/ico
ns-material/esm/Parag
lidingRounded.js 
(1:0): Module level 
directives cause 
errors when bundled, 
"use client" in "node
_modules/@mui/icons-m
aterial/esm/Paraglidi
ngRounded.js" was 
ignored.
node_modules/@mui/ico
ns-material/esm/Parag
lidingOutlined.js 
(1:0): Module level 
directives cause 
errors when bundled, 
"use client" in "node
_modules/@mui/icons-m
aterial/esm/Paraglidi
ngOutlined.js" was 
ignored.
node_modules/@mui/ico
ns-material/esm/Park.
js (1:0): Module 
level directives 
cause errors when 
bundled, "use 
client" in "node_modu
les/@mui/icons-materi
al/esm/Park.js" was 
ignored.
node_modules/@mui/ico
ns-material/esm/ParkO
utlined.js (1:0): 
Module level 
directives cause 
errors when bundled, 
"use client" in "node
_modules/@mui/icons-m
aterial/esm/ParkOutli
ned.js" was ignored.
node_modules/@mui/ico
ns-material/esm/ParkR
ounded.js (1:0): 
Module level 
directives cause 
errors when bundled, 
"use client" in "node
_modules/@mui/icons-m
aterial/esm/ParkRound
ed.js" was ignored.
node_modules/@mui/ico
ns-material/esm/ParkT
woTone.js (1:0): 
Module level 
directives cause 
errors when bundled, 
"use client" in "node
_modules/@mui/icons-m
aterial/esm/ParkTwoTo
ne.js" was ignored.
node_modules/@mui/ico
ns-material/esm/Party
ModeOutlined.js 
(1:0): Module level 
directives cause 
errors when bundled, 
"use client" in "node
_modules/@mui/icons-m
aterial/esm/PartyMode
Outlined.js" was 
ignored.
node_modules/@mui/ico
ns-material/esm/ParkS
harp.js (1:0): 
Module level 
directives cause 
errors when bundled, 
"use client" in "node
_modules/@mui/icons-m
aterial/esm/ParkSharp
.js" was ignored.
node_modules/@mui/ico
ns-material/esm/Party
Mode.js (1:0): 
Module level 
directives cause 
errors when bundled, 
"use client" in "node
_modules/@mui/icons-m
aterial/esm/PartyMode
.js" was ignored.
node_modules/@mui/ico
ns-material/esm/Party
ModeRounded.js 
(1:0): Module level 
directives cause 
errors when bundled, 
"use client" in "node
_modules/@mui/icons-m
aterial/esm/PartyMode
Rounded.js" was 
ignored.
node_modules/@mui/ico
ns-material/esm/Party
ModeSharp.js (1:0): 
Module level 
directives cause 
errors when bundled, 
"use client" in "node
_modules/@mui/icons-m
aterial/esm/PartyMode
Sharp.js" was 
ignored.
node_modules/@mui/ico
ns-material/esm/Passw
ordSharp.js (1:0): 
Module level 
directives cause 
errors when bundled, 
"use client" in "node
_modules/@mui/icons-m
aterial/esm/PasswordS
harp.js" was ignored.
node_modules/@mui/ico
ns-material/esm/Party
ModeTwoTone.js 
(1:0): Module level 
directives cause 
errors when bundled, 
"use client" in "node
_modules/@mui/icons-m
aterial/esm/PartyMode
TwoTone.js" was 
ignored.
node_modules/@mui/ico
ns-material/esm/Passw
ord.js (1:0): Module 
level directives 
cause errors when 
bundled, "use 
client" in "node_modu
les/@mui/icons-materi
al/esm/Password.js" 
was ignored.
node_modules/@mui/ico
ns-material/esm/Passw
ordRounded.js (1:0): 
Module level 
directives cause 
errors when bundled, 
"use client" in "node
_modules/@mui/icons-m
aterial/esm/PasswordR
ounded.js" was 
ignored.
node_modules/@mui/ico
ns-material/esm/Passw
ordTwoTone.js (1:0): 
Module level 
directives cause 
errors when bundled, 
"use client" in "node
_modules/@mui/icons-m
aterial/esm/PasswordT
woTone.js" was 
ignored.
node_modules/@mui/ico
ns-material/esm/Patte
rn.js (1:0): Module 
level directives 
cause errors when 
bundled, "use 
client" in "node_modu
les/@mui/icons-materi
al/esm/Pattern.js" 
was ignored.
node_modules/@mui/ico
ns-material/esm/Passw
ordOutlined.js 
(1:0): Module level 
directives cause 
errors when bundled, 
"use client" in "node
_modules/@mui/icons-m
aterial/esm/PasswordO
utlined.js" was 
ignored.
node_modules/@mui/ico
ns-material/esm/Patte
rnRounded.js (1:0): 
Module level 
directives cause 
errors when bundled, 
"use client" in "node
_modules/@mui/icons-m
aterial/esm/PatternRo
unded.js" was 
ignored.
node_modules/@mui/ico
ns-material/esm/Patte
rnOutlined.js (1:0): 
Module level 
directives cause 
errors when bundled, 
"use client" in "node
_modules/@mui/icons-m
aterial/esm/PatternOu
tlined.js" was 
ignored.
node_modules/@mui/ico
ns-material/esm/Pause
.js (1:0): Module 
level directives 
cause errors when 
bundled, "use 
client" in "node_modu
les/@mui/icons-materi
al/esm/Pause.js" was 
ignored.
node_modules/@mui/ico
ns-material/esm/Patte
rnTwoTone.js (1:0): 
Module level 
directives cause 
errors when bundled, 
"use client" in "node
_modules/@mui/icons-m
aterial/esm/PatternTw
oTone.js" was 
ignored.
node_modules/@mui/ico
ns-material/esm/Patte
rnSharp.js (1:0): 
Module level 
directives cause 
errors when bundled, 
"use client" in "node
_modules/@mui/icons-m
aterial/esm/PatternSh
arp.js" was ignored.
node_modules/@mui/ico
ns-material/esm/Pause
CircleFilled.js 
(1:0): Module level 
directives cause 
errors when bundled, 
"use client" in "node
_modules/@mui/icons-m
aterial/esm/PauseCirc
leFilled.js" was 
ignored.
node_modules/@mui/ico
ns-material/esm/Pause
CircleFilledOutlined.
js (1:0): Module 
level directives 
cause errors when 
bundled, "use 
client" in "node_modu
les/@mui/icons-materi
al/esm/PauseCircleFil
ledOutlined.js" was 
ignored.
node_modules/@mui/ico
ns-material/esm/Pause
Circle.js (1:0): 
Module level 
directives cause 
errors when bundled, 
"use client" in "node
_modules/@mui/icons-m
aterial/esm/PauseCirc
le.js" was ignored.
node_modules/@mui/ico
ns-material/esm/Pause
CircleFilledSharp.js 
(1:0): Module level 
directives cause 
errors when bundled, 
"use client" in "node
_modules/@mui/icons-m
aterial/esm/PauseCirc
leFilledSharp.js" 
was ignored.
node_modules/@mui/ico
ns-material/esm/Pause
CircleFilledRounded.j
s (1:0): Module 
level directives 
cause errors when 
bundled, "use 
client" in "node_modu
les/@mui/icons-materi
al/esm/PauseCircleFil
ledRounded.js" was 
ignored.
node_modules/@mui/ico
ns-material/esm/Pause
CircleFilledTwoTone.j
s (1:0): Module 
level directives 
cause errors when 
bundled, "use 
client" in "node_modu
les/@mui/icons-materi
al/esm/PauseCircleFil
ledTwoTone.js" was 
ignored.
node_modules/@mui/ico
ns-material/esm/Pause
CircleOutline.js 
(1:0): Module level 
directives cause 
errors when bundled, 
"use client" in "node
_modules/@mui/icons-m
aterial/esm/PauseCirc
leOutline.js" was 
ignored.
node_modules/@mui/ico
ns-material/esm/Pause
CircleOutlineSharp.js
 (1:0): Module level 
directives cause 
errors when bundled, 
"use client" in "node
_modules/@mui/icons-m
aterial/esm/PauseCirc
leOutlineSharp.js" 
was ignored.
node_modules/@mui/ico
ns-material/esm/Pause
CircleOutlineRounded.
js (1:0): Module 
level directives 
cause errors when 
bundled, "use 
client" in "node_modu
les/@mui/icons-materi
al/esm/PauseCircleOut
lineRounded.js" was 
ignored.
node_modules/@mui/ico
ns-material/esm/Pause
CircleOutlineOutlined
.js (1:0): Module 
level directives 
cause errors when 
bundled, "use 
client" in "node_modu
les/@mui/icons-materi
al/esm/PauseCircleOut
lineOutlined.js" was 
ignored.
node_modules/@mui/ico
ns-material/esm/Pause
CircleOutlined.js 
(1:0): Module level 
directives cause 
errors when bundled, 
"use client" in "node
_modules/@mui/icons-m
aterial/esm/PauseCirc
leOutlined.js" was 
ignored.
node_modules/@mui/ico
ns-material/esm/Pause
CircleSharp.js 
(1:0): Module level 
directives cause 
errors when bundled, 
"use client" in "node
_modules/@mui/icons-m
aterial/esm/PauseCirc
leSharp.js" was 
ignored.
node_modules/@mui/ico
ns-material/esm/Pause
Outlined.js (1:0): 
Module level 
directives cause 
errors when bundled, 
"use client" in "node
_modules/@mui/icons-m
aterial/esm/PauseOutl
ined.js" was ignored.
node_modules/@mui/ico
ns-material/esm/Pause
CircleRounded.js 
(1:0): Module level 
directives cause 
errors when bundled, 
"use client" in "node
_modules/@mui/icons-m
aterial/esm/PauseCirc
leRounded.js" was 
ignored.
node_modules/@mui/ico
ns-material/esm/Pause
CircleOutlineTwoTone.
js (1:0): Module 
level directives 
cause errors when 
bundled, "use 
client" in "node_modu
les/@mui/icons-materi
al/esm/PauseCircleOut
lineTwoTone.js" was 
ignored.
node_modules/@mui/ico
ns-material/esm/Pause
PresentationRounded.j
s (1:0): Module 
level directives 
cause errors when 
bundled, "use 
client" in "node_modu
les/@mui/icons-materi
al/esm/PausePresentat
ionRounded.js" was 
ignored.
node_modules/@mui/ico
ns-material/esm/Pause
CircleTwoTone.js 
(1:0): Module level 
directives cause 
errors when bundled, 
"use client" in "node
_modules/@mui/icons-m
aterial/esm/PauseCirc
leTwoTone.js" was 
ignored.
node_modules/@mui/ico
ns-material/esm/Pause
Presentation.js 
(1:0): Module level 
directives cause 
errors when bundled, 
"use client" in "node
_modules/@mui/icons-m
aterial/esm/PausePres
entation.js" was 
ignored.
node_modules/@mui/ico
ns-material/esm/Pause
PresentationSharp.js 
(1:0): Module level 
directives cause 
errors when bundled, 
"use client" in "node
_modules/@mui/icons-m
aterial/esm/PausePres
entationSharp.js" 
was ignored.
node_modules/@mui/ico
ns-material/esm/Pause
Rounded.js (1:0): 
Module level 
directives cause 
errors when bundled, 
"use client" in "node
_modules/@mui/icons-m
aterial/esm/PauseRoun
ded.js" was ignored.
node_modules/@mui/ico
ns-material/esm/Pause
PresentationOutlined.
js (1:0): Module 
level directives 
cause errors when 
bundled, "use 
client" in "node_modu
les/@mui/icons-materi
al/esm/PausePresentat
ionOutlined.js" was 
ignored.
node_modules/@mui/ico
ns-material/esm/Pause
PresentationTwoTone.j
s (1:0): Module 
level directives 
cause errors when 
bundled, "use 
client" in "node_modu
les/@mui/icons-materi
al/esm/PausePresentat
ionTwoTone.js" was 
ignored.
node_modules/@mui/ico
ns-material/esm/Payme
ntOutlined.js (1:0): 
Module level 
directives cause 
errors when bundled, 
"use client" in "node
_modules/@mui/icons-m
aterial/esm/PaymentOu
tlined.js" was 
ignored.
node_modules/@mui/ico
ns-material/esm/Pause
TwoTone.js (1:0): 
Module level 
directives cause 
errors when bundled, 
"use client" in "node
_modules/@mui/icons-m
aterial/esm/PauseTwoT
one.js" was ignored.
node_modules/@mui/ico
ns-material/esm/Pause
Sharp.js (1:0): 
Module level 
directives cause 
errors when bundled, 
"use client" in "node
_modules/@mui/icons-m
aterial/esm/PauseShar
p.js" was ignored.
node_modules/@mui/ico
ns-material/esm/Payme
nt.js (1:0): Module 
level directives 
cause errors when 
bundled, "use 
client" in "node_modu
les/@mui/icons-materi
al/esm/Payment.js" 
was ignored.
node_modules/@mui/ico
ns-material/esm/Payme
ntRounded.js (1:0): 
Module level 
directives cause 
errors when bundled, 
"use client" in "node
_modules/@mui/icons-m
aterial/esm/PaymentRo
unded.js" was 
ignored.
node_modules/@mui/ico
ns-material/esm/Payme
ntSharp.js (1:0): 
Module level 
directives cause 
errors when bundled, 
"use client" in "node
_modules/@mui/icons-m
aterial/esm/PaymentSh
arp.js" was ignored.
node_modules/@mui/ico
ns-material/esm/Payme
ntTwoTone.js (1:0): 
Module level 
directives cause 
errors when bundled, 
"use client" in "node
_modules/@mui/icons-m
aterial/esm/PaymentTw
oTone.js" was 
ignored.
node_modules/@mui/ico
ns-material/esm/Payme
nts.js (1:0): Module 
level directives 
cause errors when 
bundled, "use 
client" in "node_modu
les/@mui/icons-materi
al/esm/Payments.js" 
was ignored.
node_modules/@mui/ico
ns-material/esm/Payme
ntsOutlined.js 
(1:0): Module level 
directives cause 
errors when bundled, 
"use client" in "node
_modules/@mui/icons-m
aterial/esm/PaymentsO
utlined.js" was 
ignored.
node_modules/@mui/ico
ns-material/esm/Payme
ntsRounded.js (1:0): 
Module level 
directives cause 
errors when bundled, 
"use client" in "node
_modules/@mui/icons-m
aterial/esm/PaymentsR
ounded.js" was 
ignored.
node_modules/@mui/ico
ns-material/esm/Payme
ntsSharp.js (1:0): 
Module level 
directives cause 
errors when bundled, 
"use client" in "node
_modules/@mui/icons-m
aterial/esm/PaymentsS
harp.js" was ignored.
node_modules/@mui/ico
ns-material/esm/Payme
ntsTwoTone.js (1:0): 
Module level 
directives cause 
errors when bundled, 
"use client" in "node
_modules/@mui/icons-m
aterial/esm/PaymentsT
woTone.js" was 
ignored.
node_modules/@mui/ico
ns-material/esm/Pedal
Bike.js (1:0): 
Module level 
directives cause 
errors when bundled, 
"use client" in "node
_modules/@mui/icons-m
aterial/esm/PedalBike
.js" was ignored.
node_modules/@mui/ico
ns-material/esm/Pedal
BikeRounded.js 
(1:0): Module level 
directives cause 
errors when bundled, 
"use client" in "node
_modules/@mui/icons-m
aterial/esm/PedalBike
Rounded.js" was 
ignored.
node_modules/@mui/ico
ns-material/esm/Pedal
BikeOutlined.js 
(1:0): Module level 
directives cause 
errors when bundled, 
"use client" in "node
_modules/@mui/icons-m
aterial/esm/PedalBike
Outlined.js" was 
ignored.
node_modules/@mui/ico
ns-material/esm/Pedal
BikeSharp.js (1:0): 
Module level 
directives cause 
errors when bundled, 
"use client" in "node
_modules/@mui/icons-m
aterial/esm/PedalBike
Sharp.js" was 
ignored.
node_modules/@mui/ico
ns-material/esm/Pendi
ng.js (1:0): Module 
level directives 
cause errors when 
bundled, "use 
client" in "node_modu
les/@mui/icons-materi
al/esm/Pending.js" 
was ignored.
node_modules/@mui/ico
ns-material/esm/Pendi
ngActions.js (1:0): 
Module level 
directives cause 
errors when bundled, 
"use client" in "node
_modules/@mui/icons-m
aterial/esm/PendingAc
tions.js" was 
ignored.
node_modules/@mui/ico
ns-material/esm/Pendi
ngActionsSharp.js 
(1:0): Module level 
directives cause 
errors when bundled, 
"use client" in "node
_modules/@mui/icons-m
aterial/esm/PendingAc
tionsSharp.js" was 
ignored.
node_modules/@mui/ico
ns-material/esm/Pendi
ngActionsRounded.js 
(1:0): Module level 
directives cause 
errors when bundled, 
"use client" in "node
_modules/@mui/icons-m
aterial/esm/PendingAc
tionsRounded.js" was 
ignored.
node_modules/@mui/ico
ns-material/esm/Pendi
ngActionsOutlined.js 
(1:0): Module level 
directives cause 
errors when bundled, 
"use client" in "node
_modules/@mui/icons-m
aterial/esm/PendingAc
tionsOutlined.js" 
was ignored.
node_modules/@mui/ico
ns-material/esm/Pendi
ngActionsTwoTone.js 
(1:0): Module level 
directives cause 
errors when bundled, 
"use client" in "node
_modules/@mui/icons-m
aterial/esm/PendingAc
tionsTwoTone.js" was 
ignored.
node_modules/@mui/ico
ns-material/esm/Pendi
ngRounded.js (1:0): 
Module level 
directives cause 
errors when bundled, 
"use client" in "node
_modules/@mui/icons-m
aterial/esm/PendingRo
unded.js" was 
ignored.
node_modules/@mui/ico
ns-material/esm/Pendi
ngSharp.js (1:0): 
Module level 
directives cause 
errors when bundled, 
"use client" in "node
_modules/@mui/icons-m
aterial/esm/PendingSh
arp.js" was ignored.
node_modules/@mui/ico
ns-material/esm/Penta
gon.js (1:0): Module 
level directives 
cause errors when 
bundled, "use 
client" in "node_modu
les/@mui/icons-materi
al/esm/Pentagon.js" 
was ignored.
node_modules/@mui/ico
ns-material/esm/Pedal
BikeTwoTone.js 
(1:0): Module level 
directives cause 
errors when bundled, 
"use client" in "node
_modules/@mui/icons-m
aterial/esm/PedalBike
TwoTone.js" was 
ignored.
node_modules/@mui/ico
ns-material/esm/Pendi
ngTwoTone.js (1:0): 
Module level 
directives cause 
errors when bundled, 
"use client" in "node
_modules/@mui/icons-m
aterial/esm/PendingTw
oTone.js" was 
ignored.
node_modules/@mui/ico
ns-material/esm/Penta
gonOutlined.js 
(1:0): Module level 
directives cause 
errors when bundled, 
"use client" in "node
_modules/@mui/icons-m
aterial/esm/PentagonO
utlined.js" was 
ignored.
node_modules/@mui/ico
ns-material/esm/Penta
gonRounded.js (1:0): 
Module level 
directives cause 
errors when bundled, 
"use client" in "node
_modules/@mui/icons-m
aterial/esm/PentagonR
ounded.js" was 
ignored.
node_modules/@mui/ico
ns-material/esm/Pendi
ngOutlined.js (1:0): 
Module level 
directives cause 
errors when bundled, 
"use client" in "node
_modules/@mui/icons-m
aterial/esm/PendingOu
tlined.js" was 
ignored.
node_modules/@mui/ico
ns-material/esm/Penta
gonSharp.js (1:0): 
Module level 
directives cause 
errors when bundled, 
"use client" in "node
_modules/@mui/icons-m
aterial/esm/PentagonS
harp.js" was ignored.
node_modules/@mui/ico
ns-material/esm/Peopl
e.js (1:0): Module 
level directives 
cause errors when 
bundled, "use 
client" in "node_modu
les/@mui/icons-materi
al/esm/People.js" 
was ignored.
node_modules/@mui/ico
ns-material/esm/Peopl
eAlt.js (1:0): 
Module level 
directives cause 
errors when bundled, 
"use client" in "node
_modules/@mui/icons-m
aterial/esm/PeopleAlt
.js" was ignored.
node_modules/@mui/ico
ns-material/esm/Penta
gonTwoTone.js (1:0): 
Module level 
directives cause 
errors when bundled, 
"use client" in "node
_modules/@mui/icons-m
aterial/esm/PentagonT
woTone.js" was 
ignored.
node_modules/@mui/ico
ns-material/esm/Peopl
eAltOutlined.js 
(1:0): Module level 
directives cause 
errors when bundled, 
"use client" in "node
_modules/@mui/icons-m
aterial/esm/PeopleAlt
Outlined.js" was 
ignored.
node_modules/@mui/ico
ns-material/esm/Peopl
eAltRounded.js 
(1:0): Module level 
directives cause 
errors when bundled, 
"use client" in "node
_modules/@mui/icons-m
aterial/esm/PeopleAlt
Rounded.js" was 
ignored.
node_modules/@mui/ico
ns-material/esm/Peopl
eAltTwoTone.js 
(1:0): Module level 
directives cause 
errors when bundled, 
"use client" in "node
_modules/@mui/icons-m
aterial/esm/PeopleAlt
TwoTone.js" was 
ignored.
node_modules/@mui/ico
ns-material/esm/Peopl
eAltSharp.js (1:0): 
Module level 
directives cause 
errors when bundled, 
"use client" in "node
_modules/@mui/icons-m
aterial/esm/PeopleAlt
Sharp.js" was 
ignored.
node_modules/@mui/ico
ns-material/esm/Peopl
eOutline.js (1:0): 
Module level 
directives cause 
errors when bundled, 
"use client" in "node
_modules/@mui/icons-m
aterial/esm/PeopleOut
line.js" was ignored.
node_modules/@mui/ico
ns-material/esm/Peopl
eOutlineOutlined.js 
(1:0): Module level 
directives cause 
errors when bundled, 
"use client" in "node
_modules/@mui/icons-m
aterial/esm/PeopleOut
lineOutlined.js" was 
ignored.
node_modules/@mui/ico
ns-material/esm/Peopl
eOutlineRounded.js 
(1:0): Module level 
directives cause 
errors when bundled, 
"use client" in "node
_modules/@mui/icons-m
aterial/esm/PeopleOut
lineRounded.js" was 
ignored.
node_modules/@mui/ico
ns-material/esm/Peopl
eOutlineSharp.js 
(1:0): Module level 
directives cause 
errors when bundled, 
"use client" in "node
_modules/@mui/icons-m
aterial/esm/PeopleOut
lineSharp.js" was 
ignored.
node_modules/@mui/ico
ns-material/esm/Peopl
eOutlined.js (1:0): 
Module level 
directives cause 
errors when bundled, 
"use client" in "node
_modules/@mui/icons-m
aterial/esm/PeopleOut
lined.js" was 
ignored.
node_modules/@mui/ico
ns-material/esm/Peopl
eOutlineTwoTone.js 
(1:0): Module level 
directives cause 
errors when bundled, 
"use client" in "node
_modules/@mui/icons-m
aterial/esm/PeopleOut
lineTwoTone.js" was 
ignored.
node_modules/@mui/ico
ns-material/esm/Peopl
eSharp.js (1:0): 
Module level 
directives cause 
errors when bundled, 
"use client" in "node
_modules/@mui/icons-m
aterial/esm/PeopleSha
rp.js" was ignored.
node_modules/@mui/ico
ns-material/esm/Peopl
eTwoTone.js (1:0): 
Module level 
directives cause 
errors when bundled, 
"use client" in "node
_modules/@mui/icons-m
aterial/esm/PeopleTwo
Tone.js" was ignored.
node_modules/@mui/ico
ns-material/esm/Perce
ntRounded.js (1:0): 
Module level 
directives cause 
errors when bundled, 
"use client" in "node
_modules/@mui/icons-m
aterial/esm/PercentRo
unded.js" was 
ignored.
node_modules/@mui/ico
ns-material/esm/Perce
nt.js (1:0): Module 
level directives 
cause errors when 
bundled, "use 
client" in "node_modu
les/@mui/icons-materi
al/esm/Percent.js" 
was ignored.
node_modules/@mui/ico
ns-material/esm/Perce
ntOutlined.js (1:0): 
Module level 
directives cause 
errors when bundled, 
"use client" in "node
_modules/@mui/icons-m
aterial/esm/PercentOu
tlined.js" was 
ignored.
node_modules/@mui/ico
ns-material/esm/Perce
ntSharp.js (1:0): 
Module level 
directives cause 
errors when bundled, 
"use client" in "node
_modules/@mui/icons-m
aterial/esm/PercentSh
arp.js" was ignored.
node_modules/@mui/ico
ns-material/esm/Peopl
eRounded.js (1:0): 
Module level 
directives cause 
errors when bundled, 
"use client" in "node
_modules/@mui/icons-m
aterial/esm/PeopleRou
nded.js" was ignored.
node_modules/@mui/ico
ns-material/esm/Perce
ntTwoTone.js (1:0): 
Module level 
directives cause 
errors when bundled, 
"use client" in "node
_modules/@mui/icons-m
aterial/esm/PercentTw
oTone.js" was 
ignored.
node_modules/@mui/ico
ns-material/esm/PermC
ameraMicRounded.js 
(1:0): Module level 
directives cause 
errors when bundled, 
"use client" in "node
_modules/@mui/icons-m
aterial/esm/PermCamer
aMicRounded.js" was 
ignored.
node_modules/@mui/ico
ns-material/esm/PermC
ameraMic.js (1:0): 
Module level 
directives cause 
errors when bundled, 
"use client" in "node
_modules/@mui/icons-m
aterial/esm/PermCamer
aMic.js" was ignored.
node_modules/@mui/ico
ns-material/esm/PermC
ontactCalendar.js 
(1:0): Module level 
directives cause 
errors when bundled, 
"use client" in "node
_modules/@mui/icons-m
aterial/esm/PermConta
ctCalendar.js" was 
ignored.
node_modules/@mui/ico
ns-material/esm/PermC
ameraMicOutlined.js 
(1:0): Module level 
directives cause 
errors when bundled, 
"use client" in "node
_modules/@mui/icons-m
aterial/esm/PermCamer
aMicOutlined.js" was 
ignored.
node_modules/@mui/ico
ns-material/esm/PermC
ameraMicSharp.js 
(1:0): Module level 
directives cause 
errors when bundled, 
"use client" in "node
_modules/@mui/icons-m
aterial/esm/PermCamer
aMicSharp.js" was 
ignored.
node_modules/@mui/ico
ns-material/esm/PermC
ontactCalendarOutline
d.js (1:0): Module 
level directives 
cause errors when 
bundled, "use 
client" in "node_modu
les/@mui/icons-materi
al/esm/PermContactCal
endarOutlined.js" 
was ignored.
node_modules/@mui/ico
ns-material/esm/PermC
ontactCalendarSharp.j
s (1:0): Module 
level directives 
cause errors when 
bundled, "use 
client" in "node_modu
les/@mui/icons-materi
al/esm/PermContactCal
endarSharp.js" was 
ignored.
node_modules/@mui/ico
ns-material/esm/PermC
ontactCalendarRounded
.js (1:0): Module 
level directives 
cause errors when 
bundled, "use 
client" in "node_modu
les/@mui/icons-materi
al/esm/PermContactCal
endarRounded.js" was 
ignored.
node_modules/@mui/ico
ns-material/esm/PermD
ataSetting.js (1:0): 
Module level 
directives cause 
errors when bundled, 
"use client" in "node
_modules/@mui/icons-m
aterial/esm/PermDataS
etting.js" was 
ignored.
node_modules/@mui/ico
ns-material/esm/PermC
ameraMicTwoTone.js 
(1:0): Module level 
directives cause 
errors when bundled, 
"use client" in "node
_modules/@mui/icons-m
aterial/esm/PermCamer
aMicTwoTone.js" was 
ignored.
node_modules/@mui/ico
ns-material/esm/PermD
ataSettingRounded.js 
(1:0): Module level 
directives cause 
errors when bundled, 
"use client" in "node
_modules/@mui/icons-m
aterial/esm/PermDataS
ettingRounded.js" 
was ignored.
node_modules/@mui/ico
ns-material/esm/PermC
ontactCalendarTwoTone
.js (1:0): Module 
level directives 
cause errors when 
bundled, "use 
client" in "node_modu
les/@mui/icons-materi
al/esm/PermContactCal
endarTwoTone.js" was 
ignored.
node_modules/@mui/ico
ns-material/esm/PermD
ataSettingOutlined.js
 (1:0): Module level 
directives cause 
errors when bundled, 
"use client" in "node
_modules/@mui/icons-m
aterial/esm/PermDataS
ettingOutlined.js" 
was ignored.
node_modules/@mui/ico
ns-material/esm/PermD
ataSettingTwoTone.js 
(1:0): Module level 
directives cause 
errors when bundled, 
"use client" in "node
_modules/@mui/icons-m
aterial/esm/PermDataS
ettingTwoTone.js" 
was ignored.
node_modules/@mui/ico
ns-material/esm/PermD
ataSettingSharp.js 
(1:0): Module level 
directives cause 
errors when bundled, 
"use client" in "node
_modules/@mui/icons-m
aterial/esm/PermDataS
ettingSharp.js" was 
ignored.
node_modules/@mui/ico
ns-material/esm/PermD
eviceInformation.js 
(1:0): Module level 
directives cause 
errors when bundled, 
"use client" in "node
_modules/@mui/icons-m
aterial/esm/PermDevic
eInformation.js" was 
ignored.
node_modules/@mui/ico
ns-material/esm/PermD
eviceInformationRound
ed.js (1:0): Module 
level directives 
cause errors when 
bundled, "use 
client" in "node_modu
les/@mui/icons-materi
al/esm/PermDeviceInfo
rmationRounded.js" 
was ignored.
node_modules/@mui/ico
ns-material/esm/PermI
dentity.js (1:0): 
Module level 
directives cause 
errors when bundled, 
"use client" in "node
_modules/@mui/icons-m
aterial/esm/PermIdent
ity.js" was ignored.
node_modules/@mui/ico
ns-material/esm/PermD
eviceInformationTwoTo
ne.js (1:0): Module 
level directives 
cause errors when 
bundled, "use 
client" in "node_modu
les/@mui/icons-materi
al/esm/PermDeviceInfo
rmationTwoTone.js" 
was ignored.
node_modules/@mui/ico
ns-material/esm/PermD
eviceInformationOutli
ned.js (1:0): Module 
level directives 
cause errors when 
bundled, "use 
client" in "node_modu
les/@mui/icons-materi
al/esm/PermDeviceInfo
rmationOutlined.js" 
was ignored.
node_modules/@mui/ico
ns-material/esm/PermI
dentityOutlined.js 
(1:0): Module level 
directives cause 
errors when bundled, 
"use client" in "node
_modules/@mui/icons-m
aterial/esm/PermIdent
ityOutlined.js" was 
ignored.
node_modules/@mui/ico
ns-material/esm/PermD
eviceInformationSharp
.js (1:0): Module 
level directives 
cause errors when 
bundled, "use 
client" in "node_modu
les/@mui/icons-materi
al/esm/PermDeviceInfo
rmationSharp.js" was 
ignored.
node_modules/@mui/ico
ns-material/esm/PermM
edia.js (1:0): 
Module level 
directives cause 
errors when bundled, 
"use client" in "node
_modules/@mui/icons-m
aterial/esm/PermMedia
.js" was ignored.
node_modules/@mui/ico
ns-material/esm/PermI
dentityRounded.js 
(1:0): Module level 
directives cause 
errors when bundled, 
"use client" in "node
_modules/@mui/icons-m
aterial/esm/PermIdent
ityRounded.js" was 
ignored.
node_modules/@mui/ico
ns-material/esm/PermI
dentityTwoTone.js 
(1:0): Module level 
directives cause 
errors when bundled, 
"use client" in "node
_modules/@mui/icons-m
aterial/esm/PermIdent
ityTwoTone.js" was 
ignored.
node_modules/@mui/ico
ns-material/esm/PermI
dentitySharp.js 
(1:0): Module level 
directives cause 
errors when bundled, 
"use client" in "node
_modules/@mui/icons-m
aterial/esm/PermIdent
itySharp.js" was 
ignored.
node_modules/@mui/ico
ns-material/esm/PermM
ediaRounded.js 
(1:0): Module level 
directives cause 
errors when bundled, 
"use client" in "node
_modules/@mui/icons-m
aterial/esm/PermMedia
Rounded.js" was 
ignored.
node_modules/@mui/ico
ns-material/esm/PermM
ediaOutlined.js 
(1:0): Module level 
directives cause 
errors when bundled, 
"use client" in "node
_modules/@mui/icons-m
aterial/esm/PermMedia
Outlined.js" was 
ignored.
node_modules/@mui/ico
ns-material/esm/PermM
ediaTwoTone.js 
(1:0): Module level 
directives cause 
errors when bundled, 
"use client" in "node
_modules/@mui/icons-m
aterial/esm/PermMedia
TwoTone.js" was 
ignored.
node_modules/@mui/ico
ns-material/esm/PermM
ediaSharp.js (1:0): 
Module level 
directives cause 
errors when bundled, 
"use client" in "node
_modules/@mui/icons-m
aterial/esm/PermMedia
Sharp.js" was 
ignored.
node_modules/@mui/ico
ns-material/esm/PermP
honeMsg.js (1:0): 
Module level 
directives cause 
errors when bundled, 
"use client" in "node
_modules/@mui/icons-m
aterial/esm/PermPhone
Msg.js" was ignored.
node_modules/@mui/ico
ns-material/esm/PermP
honeMsgRounded.js 
(1:0): Module level 
directives cause 
errors when bundled, 
"use client" in "node
_modules/@mui/icons-m
aterial/esm/PermPhone
MsgRounded.js" was 
ignored.
node_modules/@mui/ico
ns-material/esm/PermP
honeMsgSharp.js 
(1:0): Module level 
directives cause 
errors when bundled, 
"use client" in "node
_modules/@mui/icons-m
aterial/esm/PermPhone
MsgSharp.js" was 
ignored.
node_modules/@mui/ico
ns-material/esm/PermP
honeMsgOutlined.js 
(1:0): Module level 
directives cause 
errors when bundled, 
"use client" in "node
_modules/@mui/icons-m
aterial/esm/PermPhone
MsgOutlined.js" was 
ignored.
node_modules/@mui/ico
ns-material/esm/PermS
canWifi.js (1:0): 
Module level 
directives cause 
errors when bundled, 
"use client" in "node
_modules/@mui/icons-m
aterial/esm/PermScanW
ifi.js" was ignored.
node_modules/@mui/ico
ns-material/esm/PermP
honeMsgTwoTone.js 
(1:0): Module level 
directives cause 
errors when bundled, 
"use client" in "node
_modules/@mui/icons-m
aterial/esm/PermPhone
MsgTwoTone.js" was 
ignored.
node_modules/@mui/ico
ns-material/esm/PermS
canWifiOutlined.js 
(1:0): Module level 
directives cause 
errors when bundled, 
"use client" in "node
_modules/@mui/icons-m
aterial/esm/PermScanW
ifiOutlined.js" was 
ignored.
node_modules/@mui/ico
ns-material/esm/PermS
canWifiRounded.js 
(1:0): Module level 
directives cause 
errors when bundled, 
"use client" in "node
_modules/@mui/icons-m
aterial/esm/PermScanW
ifiRounded.js" was 
ignored.
node_modules/@mui/ico
ns-material/esm/PermS
canWifiSharp.js 
(1:0): Module level 
directives cause 
errors when bundled, 
"use client" in "node
_modules/@mui/icons-m
aterial/esm/PermScanW
ifiSharp.js" was 
ignored.
node_modules/@mui/ico
ns-material/esm/Perso
n.js (1:0): Module 
level directives 
cause errors when 
bundled, "use 
client" in "node_modu
les/@mui/icons-materi
al/esm/Person.js" 
was ignored.
node_modules/@mui/ico
ns-material/esm/Perso
n2Outlined.js (1:0): 
Module level 
directives cause 
errors when bundled, 
"use client" in "node
_modules/@mui/icons-m
aterial/esm/Person2Ou
tlined.js" was 
ignored.
node_modules/@mui/ico
ns-material/esm/PermS
canWifiTwoTone.js 
(1:0): Module level 
directives cause 
errors when bundled, 
"use client" in "node
_modules/@mui/icons-m
aterial/esm/PermScanW
ifiTwoTone.js" was 
ignored.
node_modules/@mui/ico
ns-material/esm/Perso
n2Rounded.js (1:0): 
Module level 
directives cause 
errors when bundled, 
"use client" in "node
_modules/@mui/icons-m
aterial/esm/Person2Ro
unded.js" was 
ignored.
node_modules/@mui/ico
ns-material/esm/Perso
n2Sharp.js (1:0): 
Module level 
directives cause 
errors when bundled, 
"use client" in "node
_modules/@mui/icons-m
aterial/esm/Person2Sh
arp.js" was ignored.
node_modules/@mui/ico
ns-material/esm/Perso
n2TwoTone.js (1:0): 
Module level 
directives cause 
errors when bundled, 
"use client" in "node
_modules/@mui/icons-m
aterial/esm/Person2Tw
oTone.js" was 
ignored.
node_modules/@mui/ico
ns-material/esm/Perso
n2.js (1:0): Module 
level directives 
cause errors when 
bundled, "use 
client" in "node_modu
les/@mui/icons-materi
al/esm/Person2.js" 
was ignored.
node_modules/@mui/ico
ns-material/esm/Perso
n3TwoTone.js (1:0): 
Module level 
directives cause 
errors when bundled, 
"use client" in "node
_modules/@mui/icons-m
aterial/esm/Person3Tw
oTone.js" was 
ignored.
node_modules/@mui/ico
ns-material/esm/Perso
n3.js (1:0): Module 
level directives 
cause errors when 
bundled, "use 
client" in "node_modu
les/@mui/icons-materi
al/esm/Person3.js" 
was ignored.
node_modules/@mui/ico
ns-material/esm/Perso
n4.js (1:0): Module 
level directives 
cause errors when 
bundled, "use 
client" in "node_modu
les/@mui/icons-materi
al/esm/Person4.js" 
was ignored.
node_modules/@mui/ico
ns-material/esm/Perso
n4Outlined.js (1:0): 
Module level 
directives cause 
errors when bundled, 
"use client" in "node
_modules/@mui/icons-m
aterial/esm/Person4Ou
tlined.js" was 
ignored.
node_modules/@mui/ico
ns-material/esm/Perso
n4Rounded.js (1:0): 
Module level 
directives cause 
errors when bundled, 
"use client" in "node
_modules/@mui/icons-m
aterial/esm/Person4Ro
unded.js" was 
ignored.
node_modules/@mui/ico
ns-material/esm/Perso
n4TwoTone.js (1:0): 
Module level 
directives cause 
errors when bundled, 
"use client" in "node
_modules/@mui/icons-m
aterial/esm/Person4Tw
oTone.js" was 
ignored.
node_modules/@mui/ico
ns-material/esm/Perso
n4Sharp.js (1:0): 
Module level 
directives cause 
errors when bundled, 
"use client" in "node
_modules/@mui/icons-m
aterial/esm/Person4Sh
arp.js" was ignored.
node_modules/@mui/ico
ns-material/esm/Perso
nAddAlt.js (1:0): 
Module level 
directives cause 
errors when bundled, 
"use client" in "node
_modules/@mui/icons-m
aterial/esm/PersonAdd
Alt.js" was ignored.
node_modules/@mui/ico
ns-material/esm/Perso
nAdd.js (1:0): 
Module level 
directives cause 
errors when bundled, 
"use client" in "node
_modules/@mui/icons-m
aterial/esm/PersonAdd
.js" was ignored.
node_modules/@mui/ico
ns-material/esm/Perso
nAddAlt1Outlined.js 
(1:0): Module level 
directives cause 
errors when bundled, 
"use client" in "node
_modules/@mui/icons-m
aterial/esm/PersonAdd
Alt1Outlined.js" was 
ignored.
node_modules/@mui/ico
ns-material/esm/Perso
nAddAlt1.js (1:0): 
Module level 
directives cause 
errors when bundled, 
"use client" in "node
_modules/@mui/icons-m
aterial/esm/PersonAdd
Alt1.js" was ignored.
node_modules/@mui/ico
ns-material/esm/Perso
nAddAlt1Rounded.js 
(1:0): Module level 
directives cause 
errors when bundled, 
"use client" in "node
_modules/@mui/icons-m
aterial/esm/PersonAdd
Alt1Rounded.js" was 
ignored.
node_modules/@mui/ico
ns-material/esm/Perso
n3Rounded.js (1:0): 
Module level 
directives cause 
errors when bundled, 
"use client" in "node
_modules/@mui/icons-m
aterial/esm/Person3Ro
unded.js" was 
ignored.
node_modules/@mui/ico
ns-material/esm/Perso
nAddAlt1Sharp.js 
(1:0): Module level 
directives cause 
errors when bundled, 
"use client" in "node
_modules/@mui/icons-m
aterial/esm/PersonAdd
Alt1Sharp.js" was 
ignored.
node_modules/@mui/ico
ns-material/esm/Perso
nAddAlt1TwoTone.js 
(1:0): Module level 
directives cause 
errors when bundled, 
"use client" in "node
_modules/@mui/icons-m
aterial/esm/PersonAdd
Alt1TwoTone.js" was 
ignored.
node_modules/@mui/ico
ns-material/esm/Perso
nAddAltSharp.js 
(1:0): Module level 
directives cause 
errors when bundled, 
"use client" in "node
_modules/@mui/icons-m
aterial/esm/PersonAdd
AltSharp.js" was 
ignored.
node_modules/@mui/ico
ns-material/esm/Perso
nAddAltOutlined.js 
(1:0): Module level 
directives cause 
errors when bundled, 
"use client" in "node
_modules/@mui/icons-m
aterial/esm/PersonAdd
AltOutlined.js" was 
ignored.
node_modules/@mui/ico
ns-material/esm/Perso
nAddAltRounded.js 
(1:0): Module level 
directives cause 
errors when bundled, 
"use client" in "node
_modules/@mui/icons-m
aterial/esm/PersonAdd
AltRounded.js" was 
ignored.
node_modules/@mui/ico
ns-material/esm/Perso
nAddDisabled.js 
(1:0): Module level 
directives cause 
errors when bundled, 
"use client" in "node
_modules/@mui/icons-m
aterial/esm/PersonAdd
Disabled.js" was 
ignored.
node_modules/@mui/ico
ns-material/esm/Perso
nAddDisabledOutlined.
js (1:0): Module 
level directives 
cause errors when 
bundled, "use 
client" in "node_modu
les/@mui/icons-materi
al/esm/PersonAddDisab
ledOutlined.js" was 
ignored.
node_modules/@mui/ico
ns-material/esm/Perso
nAddDisabledSharp.js 
(1:0): Module level 
directives cause 
errors when bundled, 
"use client" in "node
_modules/@mui/icons-m
aterial/esm/PersonAdd
DisabledSharp.js" 
was ignored.
node_modules/@mui/ico
ns-material/esm/Perso
nAddDisabledRounded.j
s (1:0): Module 
level directives 
cause errors when 
bundled, "use 
client" in "node_modu
les/@mui/icons-materi
al/esm/PersonAddDisab
ledRounded.js" was 
ignored.
node_modules/@mui/ico
ns-material/esm/Perso
nAddOutlined.js 
(1:0): Module level 
directives cause 
errors when bundled, 
"use client" in "node
_modules/@mui/icons-m
aterial/esm/PersonAdd
Outlined.js" was 
ignored.
node_modules/@mui/ico
ns-material/esm/Perso
n3Outlined.js (1:0): 
Module level 
directives cause 
errors when bundled, 
"use client" in "node
_modules/@mui/icons-m
aterial/esm/Person3Ou
tlined.js" was 
ignored.
node_modules/@mui/ico
ns-material/esm/Perso
nAddAltTwoTone.js 
(1:0): Module level 
directives cause 
errors when bundled, 
"use client" in "node
_modules/@mui/icons-m
aterial/esm/PersonAdd
AltTwoTone.js" was 
ignored.
node_modules/@mui/ico
ns-material/esm/Perso
nAddSharp.js (1:0): 
Module level 
directives cause 
errors when bundled, 
"use client" in "node
_modules/@mui/icons-m
aterial/esm/PersonAdd
Sharp.js" was 
ignored.
node_modules/@mui/ico
ns-material/esm/Perso
nAddDisabledTwoTone.j
s (1:0): Module 
level directives 
cause errors when 
bundled, "use 
client" in "node_modu
les/@mui/icons-materi
al/esm/PersonAddDisab
ledTwoTone.js" was 
ignored.
node_modules/@mui/ico
ns-material/esm/Perso
nAddRounded.js 
(1:0): Module level 
directives cause 
errors when bundled, 
"use client" in "node
_modules/@mui/icons-m
aterial/esm/PersonAdd
Rounded.js" was 
ignored.
node_modules/@mui/ico
ns-material/esm/Perso
nAddTwoTone.js 
(1:0): Module level 
directives cause 
errors when bundled, 
"use client" in "node
_modules/@mui/icons-m
aterial/esm/PersonAdd
TwoTone.js" was 
ignored.
node_modules/@mui/ico
ns-material/esm/Perso
nOff.js (1:0): 
Module level 
directives cause 
errors when bundled, 
"use client" in "node
_modules/@mui/icons-m
aterial/esm/PersonOff
.js" was ignored.
node_modules/@mui/ico
ns-material/esm/Perso
nOffOutlined.js 
(1:0): Module level 
directives cause 
errors when bundled, 
"use client" in "node
_modules/@mui/icons-m
aterial/esm/PersonOff
Outlined.js" was 
ignored.
node_modules/@mui/ico
ns-material/esm/Perso
nOffRounded.js 
(1:0): Module level 
directives cause 
errors when bundled, 
"use client" in "node
_modules/@mui/icons-m
aterial/esm/PersonOff
Rounded.js" was 
ignored.
node_modules/@mui/ico
ns-material/esm/Perso
nOffSharp.js (1:0): 
Module level 
directives cause 
errors when bundled, 
"use client" in "node
_modules/@mui/icons-m
aterial/esm/PersonOff
Sharp.js" was 
ignored.
node_modules/@mui/ico
ns-material/esm/Perso
nOutline.js (1:0): 
Module level 
directives cause 
errors when bundled, 
"use client" in "node
_modules/@mui/icons-m
aterial/esm/PersonOut
line.js" was ignored.
node_modules/@mui/ico
ns-material/esm/Perso
nOutlineRounded.js 
(1:0): Module level 
directives cause 
errors when bundled, 
"use client" in "node
_modules/@mui/icons-m
aterial/esm/PersonOut
lineRounded.js" was 
ignored.
node_modules/@mui/ico
ns-material/esm/Perso
nOffTwoTone.js 
(1:0): Module level 
directives cause 
errors when bundled, 
"use client" in "node
_modules/@mui/icons-m
aterial/esm/PersonOff
TwoTone.js" was 
ignored.
node_modules/@mui/ico
ns-material/esm/Perso
nOutlineSharp.js 
(1:0): Module level 
directives cause 
errors when bundled, 
"use client" in "node
_modules/@mui/icons-m
aterial/esm/PersonOut
lineSharp.js" was 
ignored.
node_modules/@mui/ico
ns-material/esm/Perso
nOutlineOutlined.js 
(1:0): Module level 
directives cause 
errors when bundled, 
"use client" in "node
_modules/@mui/icons-m
aterial/esm/PersonOut
lineOutlined.js" was 
ignored.
node_modules/@mui/ico
ns-material/esm/Perso
nOutlineTwoTone.js 
(1:0): Module level 
directives cause 
errors when bundled, 
"use client" in "node
_modules/@mui/icons-m
aterial/esm/PersonOut
lineTwoTone.js" was 
ignored.
node_modules/@mui/ico
ns-material/esm/Perso
nPinCircle.js (1:0): 
Module level 
directives cause 
errors when bundled, 
"use client" in "node
_modules/@mui/icons-m
aterial/esm/PersonPin
Circle.js" was 
ignored.
node_modules/@mui/ico
ns-material/esm/Perso
nPinCircleRounded.js 
(1:0): Module level 
directives cause 
errors when bundled, 
"use client" in "node
_modules/@mui/icons-m
aterial/esm/PersonPin
CircleRounded.js" 
was ignored.
node_modules/@mui/ico
ns-material/esm/Perso
nOutlined.js (1:0): 
Module level 
directives cause 
errors when bundled, 
"use client" in "node
_modules/@mui/icons-m
aterial/esm/PersonOut
lined.js" was 
ignored.
node_modules/@mui/ico
ns-material/esm/Perso
nPinCircleTwoTone.js 
(1:0): Module level 
directives cause 
errors when bundled, 
"use client" in "node
_modules/@mui/icons-m
aterial/esm/PersonPin
CircleTwoTone.js" 
was ignored.
node_modules/@mui/ico
ns-material/esm/Perso
nPin.js (1:0): 
Module level 
directives cause 
errors when bundled, 
"use client" in "node
_modules/@mui/icons-m
aterial/esm/PersonPin
.js" was ignored.
node_modules/@mui/ico
ns-material/esm/Perso
n3Sharp.js (1:0): 
Module level 
directives cause 
errors when bundled, 
"use client" in "node
_modules/@mui/icons-m
aterial/esm/Person3Sh
arp.js" was ignored.
node_modules/@mui/ico
ns-material/esm/Perso
nPinCircleOutlined.js
 (1:0): Module level 
directives cause 
errors when bundled, 
"use client" in "node
_modules/@mui/icons-m
aterial/esm/PersonPin
CircleOutlined.js" 
was ignored.
node_modules/@mui/ico
ns-material/esm/Perso
nPinOutlined.js 
(1:0): Module level 
directives cause 
errors when bundled, 
"use client" in "node
_modules/@mui/icons-m
aterial/esm/PersonPin
Outlined.js" was 
ignored.
node_modules/@mui/ico
ns-material/esm/Perso
nPinCircleSharp.js 
(1:0): Module level 
directives cause 
errors when bundled, 
"use client" in "node
_modules/@mui/icons-m
aterial/esm/PersonPin
CircleSharp.js" was 
ignored.
node_modules/@mui/ico
ns-material/esm/Perso
nPinRounded.js 
(1:0): Module level 
directives cause 
errors when bundled, 
"use client" in "node
_modules/@mui/icons-m
aterial/esm/PersonPin
Rounded.js" was 
ignored.
node_modules/@mui/ico
ns-material/esm/Perso
nRemove.js (1:0): 
Module level 
directives cause 
errors when bundled, 
"use client" in "node
_modules/@mui/icons-m
aterial/esm/PersonRem
ove.js" was ignored.
node_modules/@mui/ico
ns-material/esm/Perso
nPinSharp.js (1:0): 
Module level 
directives cause 
errors when bundled, 
"use client" in "node
_modules/@mui/icons-m
aterial/esm/PersonPin
Sharp.js" was 
ignored.
node_modules/@mui/ico
ns-material/esm/Perso
nRemoveAlt1Rounded.js
 (1:0): Module level 
directives cause 
errors when bundled, 
"use client" in "node
_modules/@mui/icons-m
aterial/esm/PersonRem
oveAlt1Rounded.js" 
was ignored.
node_modules/@mui/ico
ns-material/esm/Perso
nPinTwoTone.js 
(1:0): Module level 
directives cause 
errors when bundled, 
"use client" in "node
_modules/@mui/icons-m
aterial/esm/PersonPin
TwoTone.js" was 
ignored.
node_modules/@mui/ico
ns-material/esm/Perso
nRemoveAlt1.js 
(1:0): Module level 
directives cause 
errors when bundled, 
"use client" in "node
_modules/@mui/icons-m
aterial/esm/PersonRem
oveAlt1.js" was 
ignored.
node_modules/@mui/ico
ns-material/esm/Perso
nRemoveAlt1Outlined.j
s (1:0): Module 
level directives 
cause errors when 
bundled, "use 
client" in "node_modu
les/@mui/icons-materi
al/esm/PersonRemoveAl
t1Outlined.js" was 
ignored.
node_modules/@mui/ico
ns-material/esm/Perso
nRemoveAlt1Sharp.js 
(1:0): Module level 
directives cause 
errors when bundled, 
"use client" in "node
_modules/@mui/icons-m
aterial/esm/PersonRem
oveAlt1Sharp.js" was 
ignored.
node_modules/@mui/ico
ns-material/esm/Perso
nRemoveSharp.js 
(1:0): Module level 
directives cause 
errors when bundled, 
"use client" in "node
_modules/@mui/icons-m
aterial/esm/PersonRem
oveSharp.js" was 
ignored.
node_modules/@mui/ico
ns-material/esm/Perso
nRemoveAlt1TwoTone.js
 (1:0): Module level 
directives cause 
errors when bundled, 
"use client" in "node
_modules/@mui/icons-m
aterial/esm/PersonRem
oveAlt1TwoTone.js" 
was ignored.
node_modules/@mui/ico
ns-material/esm/Perso
nRemoveTwoTone.js 
(1:0): Module level 
directives cause 
errors when bundled, 
"use client" in "node
_modules/@mui/icons-m
aterial/esm/PersonRem
oveTwoTone.js" was 
ignored.
node_modules/@mui/ico
ns-material/esm/Perso
nRemoveRounded.js 
(1:0): Module level 
directives cause 
errors when bundled, 
"use client" in "node
_modules/@mui/icons-m
aterial/esm/PersonRem
oveRounded.js" was 
ignored.
node_modules/@mui/ico
ns-material/esm/Perso
nRounded.js (1:0): 
Module level 
directives cause 
errors when bundled, 
"use client" in "node
_modules/@mui/icons-m
aterial/esm/PersonRou
nded.js" was ignored.
node_modules/@mui/ico
ns-material/esm/Perso
nSearch.js (1:0): 
Module level 
directives cause 
errors when bundled, 
"use client" in "node
_modules/@mui/icons-m
aterial/esm/PersonSea
rch.js" was ignored.
node_modules/@mui/ico
ns-material/esm/Perso
nRemoveOutlined.js 
(1:0): Module level 
directives cause 
errors when bundled, 
"use client" in "node
_modules/@mui/icons-m
aterial/esm/PersonRem
oveOutlined.js" was 
ignored.
node_modules/@mui/ico
ns-material/esm/Perso
nSearchSharp.js 
(1:0): Module level 
directives cause 
errors when bundled, 
"use client" in "node
_modules/@mui/icons-m
aterial/esm/PersonSea
rchSharp.js" was 
ignored.
node_modules/@mui/ico
ns-material/esm/Perso
nSearchOutlined.js 
(1:0): Module level 
directives cause 
errors when bundled, 
"use client" in "node
_modules/@mui/icons-m
aterial/esm/PersonSea
rchOutlined.js" was 
ignored.
node_modules/@mui/ico
ns-material/esm/Perso
nSearchTwoTone.js 
(1:0): Module level 
directives cause 
errors when bundled, 
"use client" in "node
_modules/@mui/icons-m
aterial/esm/PersonSea
rchTwoTone.js" was 
ignored.
node_modules/@mui/ico
ns-material/esm/Perso
nSearchRounded.js 
(1:0): Module level 
directives cause 
errors when bundled, 
"use client" in "node
_modules/@mui/icons-m
aterial/esm/PersonSea
rchRounded.js" was 
ignored.
node_modules/@mui/ico
ns-material/esm/Perso
nTwoTone.js (1:0): 
Module level 
directives cause 
errors when bundled, 
"use client" in "node
_modules/@mui/icons-m
aterial/esm/PersonTwo
Tone.js" was ignored.
node_modules/@mui/ico
ns-material/esm/Perso
nalVideo.js (1:0): 
Module level 
directives cause 
errors when bundled, 
"use client" in "node
_modules/@mui/icons-m
aterial/esm/PersonalV
ideo.js" was ignored.
node_modules/@mui/ico
ns-material/esm/Perso
nSharp.js (1:0): 
Module level 
directives cause 
errors when bundled, 
"use client" in "node
_modules/@mui/icons-m
aterial/esm/PersonSha
rp.js" was ignored.
node_modules/@mui/ico
ns-material/esm/Perso
nalVideoOutlined.js 
(1:0): Module level 
directives cause 
errors when bundled, 
"use client" in "node
_modules/@mui/icons-m
aterial/esm/PersonalV
ideoOutlined.js" was 
ignored.
node_modules/@mui/ico
ns-material/esm/Perso
nalVideoRounded.js 
(1:0): Module level 
directives cause 
errors when bundled, 
"use client" in "node
_modules/@mui/icons-m
aterial/esm/PersonalV
ideoRounded.js" was 
ignored.
node_modules/@mui/ico
ns-material/esm/PestC
ontrol.js (1:0): 
Module level 
directives cause 
errors when bundled, 
"use client" in "node
_modules/@mui/icons-m
aterial/esm/PestContr
ol.js" was ignored.
node_modules/@mui/ico
ns-material/esm/Perso
nalVideoSharp.js 
(1:0): Module level 
directives cause 
errors when bundled, 
"use client" in "node
_modules/@mui/icons-m
aterial/esm/PersonalV
ideoSharp.js" was 
ignored.
node_modules/@mui/ico
ns-material/esm/PestC
ontrolOutlined.js 
(1:0): Module level 
directives cause 
errors when bundled, 
"use client" in "node
_modules/@mui/icons-m
aterial/esm/PestContr
olOutlined.js" was 
ignored.
node_modules/@mui/ico
ns-material/esm/Perso
nalVideoTwoTone.js 
(1:0): Module level 
directives cause 
errors when bundled, 
"use client" in "node
_modules/@mui/icons-m
aterial/esm/PersonalV
ideoTwoTone.js" was 
ignored.
node_modules/@mui/ico
ns-material/esm/PestC
ontrolRodent.js 
(1:0): Module level 
directives cause 
errors when bundled, 
"use client" in "node
_modules/@mui/icons-m
aterial/esm/PestContr
olRodent.js" was 
ignored.
node_modules/@mui/ico
ns-material/esm/PestC
ontrolRodentOutlined.
js (1:0): Module 
level directives 
cause errors when 
bundled, "use 
client" in "node_modu
les/@mui/icons-materi
al/esm/PestControlRod
entOutlined.js" was 
ignored.
node_modules/@mui/ico
ns-material/esm/PestC
ontrolRodentTwoTone.j
s (1:0): Module 
level directives 
cause errors when 
bundled, "use 
client" in "node_modu
les/@mui/icons-materi
al/esm/PestControlRod
entTwoTone.js" was 
ignored.
node_modules/@mui/ico
ns-material/esm/PestC
ontrolRodentRounded.j
s (1:0): Module 
level directives 
cause errors when 
bundled, "use 
client" in "node_modu
les/@mui/icons-materi
al/esm/PestControlRod
entRounded.js" was 
ignored.
node_modules/@mui/ico
ns-material/esm/PestC
ontrolTwoTone.js 
(1:0): Module level 
directives cause 
errors when bundled, 
"use client" in "node
_modules/@mui/icons-m
aterial/esm/PestContr
olTwoTone.js" was 
ignored.
node_modules/@mui/ico
ns-material/esm/PestC
ontrolRodentSharp.js 
(1:0): Module level 
directives cause 
errors when bundled, 
"use client" in "node
_modules/@mui/icons-m
aterial/esm/PestContr
olRodentSharp.js" 
was ignored.
node_modules/@mui/ico
ns-material/esm/PestC
ontrolSharp.js 
(1:0): Module level 
directives cause 
errors when bundled, 
"use client" in "node
_modules/@mui/icons-m
aterial/esm/PestContr
olSharp.js" was 
ignored.
node_modules/@mui/ico
ns-material/esm/PestC
ontrolRounded.js 
(1:0): Module level 
directives cause 
errors when bundled, 
"use client" in "node
_modules/@mui/icons-m
aterial/esm/PestContr
olRounded.js" was 
ignored.
node_modules/@mui/ico
ns-material/esm/PetsO
utlined.js (1:0): 
Module level 
directives cause 
errors when bundled, 
"use client" in "node
_modules/@mui/icons-m
aterial/esm/PetsOutli
ned.js" was ignored.
node_modules/@mui/ico
ns-material/esm/Pets.
js (1:0): Module 
level directives 
cause errors when 
bundled, "use 
client" in "node_modu
les/@mui/icons-materi
al/esm/Pets.js" was 
ignored.
node_modules/@mui/ico
ns-material/esm/PetsS
harp.js (1:0): 
Module level 
directives cause 
errors when bundled, 
"use client" in "node
_modules/@mui/icons-m
aterial/esm/PetsSharp
.js" was ignored.
node_modules/@mui/ico
ns-material/esm/Phish
ing.js (1:0): Module 
level directives 
cause errors when 
bundled, "use 
client" in "node_modu
les/@mui/icons-materi
al/esm/Phishing.js" 
was ignored.
node_modules/@mui/ico
ns-material/esm/PetsT
woTone.js (1:0): 
Module level 
directives cause 
errors when bundled, 
"use client" in "node
_modules/@mui/icons-m
aterial/esm/PetsTwoTo
ne.js" was ignored.
node_modules/@mui/ico
ns-material/esm/Phish
ingOutlined.js 
(1:0): Module level 
directives cause 
errors when bundled, 
"use client" in "node
_modules/@mui/icons-m
aterial/esm/PhishingO
utlined.js" was 
ignored.
node_modules/@mui/ico
ns-material/esm/Phish
ingSharp.js (1:0): 
Module level 
directives cause 
errors when bundled, 
"use client" in "node
_modules/@mui/icons-m
aterial/esm/PhishingS
harp.js" was ignored.
node_modules/@mui/ico
ns-material/esm/Phish
ingRounded.js (1:0): 
Module level 
directives cause 
errors when bundled, 
"use client" in "node
_modules/@mui/icons-m
aterial/esm/PhishingR
ounded.js" was 
ignored.
node_modules/@mui/ico
ns-material/esm/PetsR
ounded.js (1:0): 
Module level 
directives cause 
errors when bundled, 
"use client" in "node
_modules/@mui/icons-m
aterial/esm/PetsRound
ed.js" was ignored.
node_modules/@mui/ico
ns-material/esm/Phish
ingTwoTone.js (1:0): 
Module level 
directives cause 
errors when bundled, 
"use client" in "node
_modules/@mui/icons-m
aterial/esm/PhishingT
woTone.js" was 
ignored.
node_modules/@mui/ico
ns-material/esm/Phone
Android.js (1:0): 
Module level 
directives cause 
errors when bundled, 
"use client" in "node
_modules/@mui/icons-m
aterial/esm/PhoneAndr
oid.js" was ignored.
node_modules/@mui/ico
ns-material/esm/Phone
AndroidOutlined.js 
(1:0): Module level 
directives cause 
errors when bundled, 
"use client" in "node
_modules/@mui/icons-m
aterial/esm/PhoneAndr
oidOutlined.js" was 
ignored.
node_modules/@mui/ico
ns-material/esm/Phone
AndroidSharp.js 
(1:0): Module level 
directives cause 
errors when bundled, 
"use client" in "node
_modules/@mui/icons-m
aterial/esm/PhoneAndr
oidSharp.js" was 
ignored.
node_modules/@mui/ico
ns-material/esm/Phone
AndroidRounded.js 
(1:0): Module level 
directives cause 
errors when bundled, 
"use client" in "node
_modules/@mui/icons-m
aterial/esm/PhoneAndr
oidRounded.js" was 
ignored.
node_modules/@mui/ico
ns-material/esm/Phone
.js (1:0): Module 
level directives 
cause errors when 
bundled, "use 
client" in "node_modu
les/@mui/icons-materi
al/esm/Phone.js" was 
ignored.
node_modules/@mui/ico
ns-material/esm/Phone
BluetoothSpeakerOutli
ned.js (1:0): Module 
level directives 
cause errors when 
bundled, "use 
client" in "node_modu
les/@mui/icons-materi
al/esm/PhoneBluetooth
SpeakerOutlined.js" 
was ignored.
node_modules/@mui/ico
ns-material/esm/Phone
AndroidTwoTone.js 
(1:0): Module level 
directives cause 
errors when bundled, 
"use client" in "node
_modules/@mui/icons-m
aterial/esm/PhoneAndr
oidTwoTone.js" was 
ignored.
node_modules/@mui/ico
ns-material/esm/Phone
BluetoothSpeakerSharp
.js (1:0): Module 
level directives 
cause errors when 
bundled, "use 
client" in "node_modu
les/@mui/icons-materi
al/esm/PhoneBluetooth
SpeakerSharp.js" was 
ignored.
node_modules/@mui/ico
ns-material/esm/Phone
BluetoothSpeaker.js 
(1:0): Module level 
directives cause 
errors when bundled, 
"use client" in "node
_modules/@mui/icons-m
aterial/esm/PhoneBlue
toothSpeaker.js" was 
ignored.
node_modules/@mui/ico
ns-material/esm/Phone
BluetoothSpeakerTwoTo
ne.js (1:0): Module 
level directives 
cause errors when 
bundled, "use 
client" in "node_modu
les/@mui/icons-materi
al/esm/PhoneBluetooth
SpeakerTwoTone.js" 
was ignored.
node_modules/@mui/ico
ns-material/esm/Phone
BluetoothSpeakerRound
ed.js (1:0): Module 
level directives 
cause errors when 
bundled, "use 
client" in "node_modu
les/@mui/icons-materi
al/esm/PhoneBluetooth
SpeakerRounded.js" 
was ignored.
node_modules/@mui/ico
ns-material/esm/Phone
CallbackOutlined.js 
(1:0): Module level 
directives cause 
errors when bundled, 
"use client" in "node
_modules/@mui/icons-m
aterial/esm/PhoneCall
backOutlined.js" was 
ignored.
node_modules/@mui/ico
ns-material/esm/Phone
Callback.js (1:0): 
Module level 
directives cause 
errors when bundled, 
"use client" in "node
_modules/@mui/icons-m
aterial/esm/PhoneCall
back.js" was ignored.
node_modules/@mui/ico
ns-material/esm/Phone
Disabled.js (1:0): 
Module level 
directives cause 
errors when bundled, 
"use client" in "node
_modules/@mui/icons-m
aterial/esm/PhoneDisa
bled.js" was ignored.
node_modules/@mui/ico
ns-material/esm/Phone
CallbackRounded.js 
(1:0): Module level 
directives cause 
errors when bundled, 
"use client" in "node
_modules/@mui/icons-m
aterial/esm/PhoneCall
backRounded.js" was 
ignored.
node_modules/@mui/ico
ns-material/esm/Phone
DisabledRounded.js 
(1:0): Module level 
directives cause 
errors when bundled, 
"use client" in "node
_modules/@mui/icons-m
aterial/esm/PhoneDisa
bledRounded.js" was 
ignored.
node_modules/@mui/ico
ns-material/esm/Phone
CallbackSharp.js 
(1:0): Module level 
directives cause 
errors when bundled, 
"use client" in "node
_modules/@mui/icons-m
aterial/esm/PhoneCall
backSharp.js" was 
ignored.
node_modules/@mui/ico
ns-material/esm/Phone
DisabledSharp.js 
(1:0): Module level 
directives cause 
errors when bundled, 
"use client" in "node
_modules/@mui/icons-m
aterial/esm/PhoneDisa
bledSharp.js" was 
ignored.
node_modules/@mui/ico
ns-material/esm/Phone
DisabledOutlined.js 
(1:0): Module level 
directives cause 
errors when bundled, 
"use client" in "node
_modules/@mui/icons-m
aterial/esm/PhoneDisa
bledOutlined.js" was 
ignored.
node_modules/@mui/ico
ns-material/esm/Phone
Enabled.js (1:0): 
Module level 
directives cause 
errors when bundled, 
"use client" in "node
_modules/@mui/icons-m
aterial/esm/PhoneEnab
led.js" was ignored.
node_modules/@mui/ico
ns-material/esm/Phone
DisabledTwoTone.js 
(1:0): Module level 
directives cause 
errors when bundled, 
"use client" in "node
_modules/@mui/icons-m
aterial/esm/PhoneDisa
bledTwoTone.js" was 
ignored.
node_modules/@mui/ico
ns-material/esm/Phone
CallbackTwoTone.js 
(1:0): Module level 
directives cause 
errors when bundled, 
"use client" in "node
_modules/@mui/icons-m
aterial/esm/PhoneCall
backTwoTone.js" was 
ignored.
node_modules/@mui/ico
ns-material/esm/Phone
EnabledRounded.js 
(1:0): Module level 
directives cause 
errors when bundled, 
"use client" in "node
_modules/@mui/icons-m
aterial/esm/PhoneEnab
ledRounded.js" was 
ignored.
node_modules/@mui/ico
ns-material/esm/Phone
EnabledOutlined.js 
(1:0): Module level 
directives cause 
errors when bundled, 
"use client" in "node
_modules/@mui/icons-m
aterial/esm/PhoneEnab
ledOutlined.js" was 
ignored.
node_modules/@mui/ico
ns-material/esm/Phone
EnabledSharp.js 
(1:0): Module level 
directives cause 
errors when bundled, 
"use client" in "node
_modules/@mui/icons-m
aterial/esm/PhoneEnab
ledSharp.js" was 
ignored.
node_modules/@mui/ico
ns-material/esm/Phone
EnabledTwoTone.js 
(1:0): Module level 
directives cause 
errors when bundled, 
"use client" in "node
_modules/@mui/icons-m
aterial/esm/PhoneEnab
ledTwoTone.js" was 
ignored.
node_modules/@mui/ico
ns-material/esm/Phone
Forwarded.js (1:0): 
Module level 
directives cause 
errors when bundled, 
"use client" in "node
_modules/@mui/icons-m
aterial/esm/PhoneForw
arded.js" was 
ignored.
node_modules/@mui/ico
ns-material/esm/Phone
ForwardedSharp.js 
(1:0): Module level 
directives cause 
errors when bundled, 
"use client" in "node
_modules/@mui/icons-m
aterial/esm/PhoneForw
ardedSharp.js" was 
ignored.
node_modules/@mui/ico
ns-material/esm/Phone
ForwardedOutlined.js 
(1:0): Module level 
directives cause 
errors when bundled, 
"use client" in "node
_modules/@mui/icons-m
aterial/esm/PhoneForw
ardedOutlined.js" 
was ignored.
node_modules/@mui/ico
ns-material/esm/Phone
ForwardedRounded.js 
(1:0): Module level 
directives cause 
errors when bundled, 
"use client" in "node
_modules/@mui/icons-m
aterial/esm/PhoneForw
ardedRounded.js" was 
ignored.
node_modules/@mui/ico
ns-material/esm/Phone
ForwardedTwoTone.js 
(1:0): Module level 
directives cause 
errors when bundled, 
"use client" in "node
_modules/@mui/icons-m
aterial/esm/PhoneForw
ardedTwoTone.js" was 
ignored.
node_modules/@mui/ico
ns-material/esm/Phone
Iphone.js (1:0): 
Module level 
directives cause 
errors when bundled, 
"use client" in "node
_modules/@mui/icons-m
aterial/esm/PhoneIpho
ne.js" was ignored.
node_modules/@mui/ico
ns-material/esm/Phone
IphoneOutlined.js 
(1:0): Module level 
directives cause 
errors when bundled, 
"use client" in "node
_modules/@mui/icons-m
aterial/esm/PhoneIpho
neOutlined.js" was 
ignored.
node_modules/@mui/ico
ns-material/esm/Phone
IphoneSharp.js 
(1:0): Module level 
directives cause 
errors when bundled, 
"use client" in "node
_modules/@mui/icons-m
aterial/esm/PhoneIpho
neSharp.js" was 
ignored.
node_modules/@mui/ico
ns-material/esm/Phone
Locked.js (1:0): 
Module level 
directives cause 
errors when bundled, 
"use client" in "node
_modules/@mui/icons-m
aterial/esm/PhoneLock
ed.js" was ignored.
node_modules/@mui/ico
ns-material/esm/Phone
IphoneTwoTone.js 
(1:0): Module level 
directives cause 
errors when bundled, 
"use client" in "node
_modules/@mui/icons-m
aterial/esm/PhoneIpho
neTwoTone.js" was 
ignored.
node_modules/@mui/ico
ns-material/esm/Phone
LockedOutlined.js 
(1:0): Module level 
directives cause 
errors when bundled, 
"use client" in "node
_modules/@mui/icons-m
aterial/esm/PhoneLock
edOutlined.js" was 
ignored.
node_modules/@mui/ico
ns-material/esm/Phone
IphoneRounded.js 
(1:0): Module level 
directives cause 
errors when bundled, 
"use client" in "node
_modules/@mui/icons-m
aterial/esm/PhoneIpho
neRounded.js" was 
ignored.
node_modules/@mui/ico
ns-material/esm/Phone
LockedRounded.js 
(1:0): Module level 
directives cause 
errors when bundled, 
"use client" in "node
_modules/@mui/icons-m
aterial/esm/PhoneLock
edRounded.js" was 
ignored.
node_modules/@mui/ico
ns-material/esm/Phone
LockedSharp.js 
(1:0): Module level 
directives cause 
errors when bundled, 
"use client" in "node
_modules/@mui/icons-m
aterial/esm/PhoneLock
edSharp.js" was 
ignored.
node_modules/@mui/ico
ns-material/esm/Phone
Missed.js (1:0): 
Module level 
directives cause 
errors when bundled, 
"use client" in "node
_modules/@mui/icons-m
aterial/esm/PhoneMiss
ed.js" was ignored.
node_modules/@mui/ico
ns-material/esm/Phone
MissedOutlined.js 
(1:0): Module level 
directives cause 
errors when bundled, 
"use client" in "node
_modules/@mui/icons-m
aterial/esm/PhoneMiss
edOutlined.js" was 
ignored.
node_modules/@mui/ico
ns-material/esm/Phone
LockedTwoTone.js 
(1:0): Module level 
directives cause 
errors when bundled, 
"use client" in "node
_modules/@mui/icons-m
aterial/esm/PhoneLock
edTwoTone.js" was 
ignored.
node_modules/@mui/ico
ns-material/esm/Phone
MissedSharp.js 
(1:0): Module level 
directives cause 
errors when bundled, 
"use client" in "node
_modules/@mui/icons-m
aterial/esm/PhoneMiss
edSharp.js" was 
ignored.
node_modules/@mui/ico
ns-material/esm/Phone
MissedRounded.js 
(1:0): Module level 
directives cause 
errors when bundled, 
"use client" in "node
_modules/@mui/icons-m
aterial/esm/PhoneMiss
edRounded.js" was 
ignored.
node_modules/@mui/ico
ns-material/esm/Phone
Outlined.js (1:0): 
Module level 
directives cause 
errors when bundled, 
"use client" in "node
_modules/@mui/icons-m
aterial/esm/PhoneOutl
ined.js" was ignored.
node_modules/@mui/ico
ns-material/esm/Phone
MissedTwoTone.js 
(1:0): Module level 
directives cause 
errors when bundled, 
"use client" in "node
_modules/@mui/icons-m
aterial/esm/PhoneMiss
edTwoTone.js" was 
ignored.
node_modules/@mui/ico
ns-material/esm/Phone
PausedOutlined.js 
(1:0): Module level 
directives cause 
errors when bundled, 
"use client" in "node
_modules/@mui/icons-m
aterial/esm/PhonePaus
edOutlined.js" was 
ignored.
node_modules/@mui/ico
ns-material/esm/Phone
Paused.js (1:0): 
Module level 
directives cause 
errors when bundled, 
"use client" in "node
_modules/@mui/icons-m
aterial/esm/PhonePaus
ed.js" was ignored.
node_modules/@mui/ico
ns-material/esm/Phone
PausedSharp.js 
(1:0): Module level 
directives cause 
errors when bundled, 
"use client" in "node
_modules/@mui/icons-m
aterial/esm/PhonePaus
edSharp.js" was 
ignored.
node_modules/@mui/ico
ns-material/esm/Phone
PausedRounded.js 
(1:0): Module level 
directives cause 
errors when bundled, 
"use client" in "node
_modules/@mui/icons-m
aterial/esm/PhonePaus
edRounded.js" was 
ignored.
node_modules/@mui/ico
ns-material/esm/Phone
PausedTwoTone.js 
(1:0): Module level 
directives cause 
errors when bundled, 
"use client" in "node
_modules/@mui/icons-m
aterial/esm/PhonePaus
edTwoTone.js" was 
ignored.
node_modules/@mui/ico
ns-material/esm/Phone
TwoTone.js (1:0): 
Module level 
directives cause 
errors when bundled, 
"use client" in "node
_modules/@mui/icons-m
aterial/esm/PhoneTwoT
one.js" was ignored.
node_modules/@mui/ico
ns-material/esm/Phone
Sharp.js (1:0): 
Module level 
directives cause 
errors when bundled, 
"use client" in "node
_modules/@mui/icons-m
aterial/esm/PhoneShar
p.js" was ignored.
node_modules/@mui/ico
ns-material/esm/Phone
Rounded.js (1:0): 
Module level 
directives cause 
errors when bundled, 
"use client" in "node
_modules/@mui/icons-m
aterial/esm/PhoneRoun
ded.js" was ignored.
node_modules/@mui/ico
ns-material/esm/Phone
link.js (1:0): 
Module level 
directives cause 
errors when bundled, 
"use client" in "node
_modules/@mui/icons-m
aterial/esm/Phonelink
.js" was ignored.
node_modules/@mui/ico
ns-material/esm/Phone
linkEraseOutlined.js 
(1:0): Module level 
directives cause 
errors when bundled, 
"use client" in "node
_modules/@mui/icons-m
aterial/esm/Phonelink
EraseOutlined.js" 
was ignored.
node_modules/@mui/ico
ns-material/esm/Phone
linkEraseRounded.js 
(1:0): Module level 
directives cause 
errors when bundled, 
"use client" in "node
_modules/@mui/icons-m
aterial/esm/Phonelink
EraseRounded.js" was 
ignored.
node_modules/@mui/ico
ns-material/esm/Phone
linkEraseSharp.js 
(1:0): Module level 
directives cause 
errors when bundled, 
"use client" in "node
_modules/@mui/icons-m
aterial/esm/Phonelink
EraseSharp.js" was 
ignored.
node_modules/@mui/ico
ns-material/esm/Phone
linkErase.js (1:0): 
Module level 
directives cause 
errors when bundled, 
"use client" in "node
_modules/@mui/icons-m
aterial/esm/Phonelink
Erase.js" was 
ignored.
node_modules/@mui/ico
ns-material/esm/Phone
linkLockOutlined.js 
(1:0): Module level 
directives cause 
errors when bundled, 
"use client" in "node
_modules/@mui/icons-m
aterial/esm/Phonelink
LockOutlined.js" was 
ignored.
node_modules/@mui/ico
ns-material/esm/Phone
linkEraseTwoTone.js 
(1:0): Module level 
directives cause 
errors when bundled, 
"use client" in "node
_modules/@mui/icons-m
aterial/esm/Phonelink
EraseTwoTone.js" was 
ignored.
node_modules/@mui/ico
ns-material/esm/Phone
linkLockSharp.js 
(1:0): Module level 
directives cause 
errors when bundled, 
"use client" in "node
_modules/@mui/icons-m
aterial/esm/Phonelink
LockSharp.js" was 
ignored.
node_modules/@mui/ico
ns-material/esm/Phone
linkLock.js (1:0): 
Module level 
directives cause 
errors when bundled, 
"use client" in "node
_modules/@mui/icons-m
aterial/esm/Phonelink
Lock.js" was ignored.
node_modules/@mui/ico
ns-material/esm/Phone
linkOff.js (1:0): 
Module level 
directives cause 
errors when bundled, 
"use client" in "node
_modules/@mui/icons-m
aterial/esm/Phonelink
Off.js" was ignored.
node_modules/@mui/ico
ns-material/esm/Phone
linkOffSharp.js 
(1:0): Module level 
directives cause 
errors when bundled, 
"use client" in "node
_modules/@mui/icons-m
aterial/esm/Phonelink
OffSharp.js" was 
ignored.
node_modules/@mui/ico
ns-material/esm/Phone
linkLockRounded.js 
(1:0): Module level 
directives cause 
errors when bundled, 
"use client" in "node
_modules/@mui/icons-m
aterial/esm/Phonelink
LockRounded.js" was 
ignored.
node_modules/@mui/ico
ns-material/esm/Phone
linkOffTwoTone.js 
(1:0): Module level 
directives cause 
errors when bundled, 
"use client" in "node
_modules/@mui/icons-m
aterial/esm/Phonelink
OffTwoTone.js" was 
ignored.
node_modules/@mui/ico
ns-material/esm/Phone
linkOffOutlined.js 
(1:0): Module level 
directives cause 
errors when bundled, 
"use client" in "node
_modules/@mui/icons-m
aterial/esm/Phonelink
OffOutlined.js" was 
ignored.
node_modules/@mui/ico
ns-material/esm/Phone
linkOffRounded.js 
(1:0): Module level 
directives cause 
errors when bundled, 
"use client" in "node
_modules/@mui/icons-m
aterial/esm/Phonelink
OffRounded.js" was 
ignored.
node_modules/@mui/ico
ns-material/esm/Phone
linkOutlined.js 
(1:0): Module level 
directives cause 
errors when bundled, 
"use client" in "node
_modules/@mui/icons-m
aterial/esm/Phonelink
Outlined.js" was 
ignored.
node_modules/@mui/ico
ns-material/esm/Phone
linkLockTwoTone.js 
(1:0): Module level 
directives cause 
errors when bundled, 
"use client" in "node
_modules/@mui/icons-m
aterial/esm/Phonelink
LockTwoTone.js" was 
ignored.
node_modules/@mui/ico
ns-material/esm/Phone
linkRing.js (1:0): 
Module level 
directives cause 
errors when bundled, 
"use client" in "node
_modules/@mui/icons-m
aterial/esm/Phonelink
Ring.js" was ignored.
node_modules/@mui/ico
ns-material/esm/Phone
linkRingOutlined.js 
(1:0): Module level 
directives cause 
errors when bundled, 
"use client" in "node
_modules/@mui/icons-m
aterial/esm/Phonelink
RingOutlined.js" was 
ignored.
node_modules/@mui/ico
ns-material/esm/Phone
linkRingSharp.js 
(1:0): Module level 
directives cause 
errors when bundled, 
"use client" in "node
_modules/@mui/icons-m
aterial/esm/Phonelink
RingSharp.js" was 
ignored.
node_modules/@mui/ico
ns-material/esm/Phone
linkRingRounded.js 
(1:0): Module level 
directives cause 
errors when bundled, 
"use client" in "node
_modules/@mui/icons-m
aterial/esm/Phonelink
RingRounded.js" was 
ignored.
node_modules/@mui/ico
ns-material/esm/Phone
linkRingTwoTone.js 
(1:0): Module level 
directives cause 
errors when bundled, 
"use client" in "node
_modules/@mui/icons-m
aterial/esm/Phonelink
RingTwoTone.js" was 
ignored.
node_modules/@mui/ico
ns-material/esm/Phone
linkRounded.js 
(1:0): Module level 
directives cause 
errors when bundled, 
"use client" in "node
_modules/@mui/icons-m
aterial/esm/Phonelink
Rounded.js" was 
ignored.
node_modules/@mui/ico
ns-material/esm/Phone
linkSetupSharp.js 
(1:0): Module level 
directives cause 
errors when bundled, 
"use client" in "node
_modules/@mui/icons-m
aterial/esm/Phonelink
SetupSharp.js" was 
ignored.
node_modules/@mui/ico
ns-material/esm/Phone
linkSetupOutlined.js 
(1:0): Module level 
directives cause 
errors when bundled, 
"use client" in "node
_modules/@mui/icons-m
aterial/esm/Phonelink
SetupOutlined.js" 
was ignored.
node_modules/@mui/ico
ns-material/esm/Phone
linkSetupRounded.js 
(1:0): Module level 
directives cause 
errors when bundled, 
"use client" in "node
_modules/@mui/icons-m
aterial/esm/Phonelink
SetupRounded.js" was 
ignored.
node_modules/@mui/ico
ns-material/esm/Phone
linkSetup.js (1:0): 
Module level 
directives cause 
errors when bundled, 
"use client" in "node
_modules/@mui/icons-m
aterial/esm/Phonelink
Setup.js" was 
ignored.
node_modules/@mui/ico
ns-material/esm/Phone
linkSetupTwoTone.js 
(1:0): Module level 
directives cause 
errors when bundled, 
"use client" in "node
_modules/@mui/icons-m
aterial/esm/Phonelink
SetupTwoTone.js" was 
ignored.
node_modules/@mui/ico
ns-material/esm/Phone
linkSharp.js (1:0): 
Module level 
directives cause 
errors when bundled, 
"use client" in "node
_modules/@mui/icons-m
aterial/esm/Phonelink
Sharp.js" was 
ignored.
node_modules/@mui/ico
ns-material/esm/Photo
AlbumRounded.js 
(1:0): Module level 
directives cause 
errors when bundled, 
"use client" in "node
_modules/@mui/icons-m
aterial/esm/PhotoAlbu
mRounded.js" was 
ignored.
node_modules/@mui/ico
ns-material/esm/Phone
linkTwoTone.js 
(1:0): Module level 
directives cause 
errors when bundled, 
"use client" in "node
_modules/@mui/icons-m
aterial/esm/Phonelink
TwoTone.js" was 
ignored.
node_modules/@mui/ico
ns-material/esm/Photo
.js (1:0): Module 
level directives 
cause errors when 
bundled, "use 
client" in "node_modu
les/@mui/icons-materi
al/esm/Photo.js" was 
ignored.
node_modules/@mui/ico
ns-material/esm/Photo
Album.js (1:0): 
Module level 
directives cause 
errors when bundled, 
"use client" in "node
_modules/@mui/icons-m
aterial/esm/PhotoAlbu
m.js" was ignored.
node_modules/@mui/ico
ns-material/esm/Photo
AlbumOutlined.js 
(1:0): Module level 
directives cause 
errors when bundled, 
"use client" in "node
_modules/@mui/icons-m
aterial/esm/PhotoAlbu
mOutlined.js" was 
ignored.
node_modules/@mui/ico
ns-material/esm/Photo
AlbumTwoTone.js 
(1:0): Module level 
directives cause 
errors when bundled, 
"use client" in "node
_modules/@mui/icons-m
aterial/esm/PhotoAlbu
mTwoTone.js" was 
ignored.
node_modules/@mui/ico
ns-material/esm/Photo
AlbumSharp.js (1:0): 
Module level 
directives cause 
errors when bundled, 
"use client" in "node
_modules/@mui/icons-m
aterial/esm/PhotoAlbu
mSharp.js" was 
ignored.
node_modules/@mui/ico
ns-material/esm/Photo
CameraBackRounded.js 
(1:0): Module level 
directives cause 
errors when bundled, 
"use client" in "node
_modules/@mui/icons-m
aterial/esm/PhotoCame
raBackRounded.js" 
was ignored.
node_modules/@mui/ico
ns-material/esm/Photo
Camera.js (1:0): 
Module level 
directives cause 
errors when bundled, 
"use client" in "node
_modules/@mui/icons-m
aterial/esm/PhotoCame
ra.js" was ignored.
node_modules/@mui/ico
ns-material/esm/Photo
CameraBack.js (1:0): 
Module level 
directives cause 
errors when bundled, 
"use client" in "node
_modules/@mui/icons-m
aterial/esm/PhotoCame
raBack.js" was 
ignored.
node_modules/@mui/ico
ns-material/esm/Photo
CameraBackOutlined.js
 (1:0): Module level 
directives cause 
errors when bundled, 
"use client" in "node
_modules/@mui/icons-m
aterial/esm/PhotoCame
raBackOutlined.js" 
was ignored.
node_modules/@mui/ico
ns-material/esm/Photo
CameraBackTwoTone.js 
(1:0): Module level 
directives cause 
errors when bundled, 
"use client" in "node
_modules/@mui/icons-m
aterial/esm/PhotoCame
raBackTwoTone.js" 
was ignored.
node_modules/@mui/ico
ns-material/esm/Photo
CameraBackSharp.js 
(1:0): Module level 
directives cause 
errors when bundled, 
"use client" in "node
_modules/@mui/icons-m
aterial/esm/PhotoCame
raBackSharp.js" was 
ignored.
node_modules/@mui/ico
ns-material/esm/Photo
CameraFront.js 
(1:0): Module level 
directives cause 
errors when bundled, 
"use client" in "node
_modules/@mui/icons-m
aterial/esm/PhotoCame
raFront.js" was 
ignored.
node_modules/@mui/ico
ns-material/esm/Photo
CameraFrontOutlined.j
s (1:0): Module 
level directives 
cause errors when 
bundled, "use 
client" in "node_modu
les/@mui/icons-materi
al/esm/PhotoCameraFro
ntOutlined.js" was 
ignored.
node_modules/@mui/ico
ns-material/esm/Photo
CameraFrontSharp.js 
(1:0): Module level 
directives cause 
errors when bundled, 
"use client" in "node
_modules/@mui/icons-m
aterial/esm/PhotoCame
raFrontSharp.js" was 
ignored.
node_modules/@mui/ico
ns-material/esm/Photo
CameraFrontTwoTone.js
 (1:0): Module level 
directives cause 
errors when bundled, 
"use client" in "node
_modules/@mui/icons-m
aterial/esm/PhotoCame
raFrontTwoTone.js" 
was ignored.
node_modules/@mui/ico
ns-material/esm/Photo
CameraFrontRounded.js
 (1:0): Module level 
directives cause 
errors when bundled, 
"use client" in "node
_modules/@mui/icons-m
aterial/esm/PhotoCame
raFrontRounded.js" 
was ignored.
node_modules/@mui/ico
ns-material/esm/Photo
CameraOutlined.js 
(1:0): Module level 
directives cause 
errors when bundled, 
"use client" in "node
_modules/@mui/icons-m
aterial/esm/PhotoCame
raOutlined.js" was 
ignored.
node_modules/@mui/ico
ns-material/esm/Photo
CameraSharp.js 
(1:0): Module level 
directives cause 
errors when bundled, 
"use client" in "node
_modules/@mui/icons-m
aterial/esm/PhotoCame
raSharp.js" was 
ignored.
node_modules/@mui/ico
ns-material/esm/Photo
CameraRounded.js 
(1:0): Module level 
directives cause 
errors when bundled, 
"use client" in "node
_modules/@mui/icons-m
aterial/esm/PhotoCame
raRounded.js" was 
ignored.
node_modules/@mui/ico
ns-material/esm/Photo
CameraTwoTone.js 
(1:0): Module level 
directives cause 
errors when bundled, 
"use client" in "node
_modules/@mui/icons-m
aterial/esm/PhotoCame
raTwoTone.js" was 
ignored.
node_modules/@mui/ico
ns-material/esm/Photo
FilterRounded.js 
(1:0): Module level 
directives cause 
errors when bundled, 
"use client" in "node
_modules/@mui/icons-m
aterial/esm/PhotoFilt
erRounded.js" was 
ignored.
node_modules/@mui/ico
ns-material/esm/Photo
FilterSharp.js 
(1:0): Module level 
directives cause 
errors when bundled, 
"use client" in "node
_modules/@mui/icons-m
aterial/esm/PhotoFilt
erSharp.js" was 
ignored.
node_modules/@mui/ico
ns-material/esm/Photo
Filter.js (1:0): 
Module level 
directives cause 
errors when bundled, 
"use client" in "node
_modules/@mui/icons-m
aterial/esm/PhotoFilt
er.js" was ignored.
node_modules/@mui/ico
ns-material/esm/Photo
FilterTwoTone.js 
(1:0): Module level 
directives cause 
errors when bundled, 
"use client" in "node
_modules/@mui/icons-m
aterial/esm/PhotoFilt
erTwoTone.js" was 
ignored.
node_modules/@mui/ico
ns-material/esm/Photo
FilterOutlined.js 
(1:0): Module level 
directives cause 
errors when bundled, 
"use client" in "node
_modules/@mui/icons-m
aterial/esm/PhotoFilt
erOutlined.js" was 
ignored.
node_modules/@mui/ico
ns-material/esm/Photo
LibraryOutlined.js 
(1:0): Module level 
directives cause 
errors when bundled, 
"use client" in "node
_modules/@mui/icons-m
aterial/esm/PhotoLibr
aryOutlined.js" was 
ignored.
node_modules/@mui/ico
ns-material/esm/Photo
LibrarySharp.js 
(1:0): Module level 
directives cause 
errors when bundled, 
"use client" in "node
_modules/@mui/icons-m
aterial/esm/PhotoLibr
arySharp.js" was 
ignored.
node_modules/@mui/ico
ns-material/esm/Photo
Library.js (1:0): 
Module level 
directives cause 
errors when bundled, 
"use client" in "node
_modules/@mui/icons-m
aterial/esm/PhotoLibr
ary.js" was ignored.
node_modules/@mui/ico
ns-material/esm/Photo
LibraryTwoTone.js 
(1:0): Module level 
directives cause 
errors when bundled, 
"use client" in "node
_modules/@mui/icons-m
aterial/esm/PhotoLibr
aryTwoTone.js" was 
ignored.
node_modules/@mui/ico
ns-material/esm/Photo
LibraryRounded.js 
(1:0): Module level 
directives cause 
errors when bundled, 
"use client" in "node
_modules/@mui/icons-m
aterial/esm/PhotoLibr
aryRounded.js" was 
ignored.
node_modules/@mui/ico
ns-material/esm/Photo
Outlined.js (1:0): 
Module level 
directives cause 
errors when bundled, 
"use client" in "node
_modules/@mui/icons-m
aterial/esm/PhotoOutl
ined.js" was ignored.
node_modules/@mui/ico
ns-material/esm/Photo
Rounded.js (1:0): 
Module level 
directives cause 
errors when bundled, 
"use client" in "node
_modules/@mui/icons-m
aterial/esm/PhotoRoun
ded.js" was ignored.
node_modules/@mui/ico
ns-material/esm/Photo
SizeSelectActualOutli
ned.js (1:0): Module 
level directives 
cause errors when 
bundled, "use 
client" in "node_modu
les/@mui/icons-materi
al/esm/PhotoSizeSelec
tActualOutlined.js" 
was ignored.
node_modules/@mui/ico
ns-material/esm/Photo
Sharp.js (1:0): 
Module level 
directives cause 
errors when bundled, 
"use client" in "node
_modules/@mui/icons-m
aterial/esm/PhotoShar
p.js" was ignored.
node_modules/@mui/ico
ns-material/esm/Photo
SizeSelectActualRound
ed.js (1:0): Module 
level directives 
cause errors when 
bundled, "use 
client" in "node_modu
les/@mui/icons-materi
al/esm/PhotoSizeSelec
tActualRounded.js" 
was ignored.
node_modules/@mui/ico
ns-material/esm/Photo
SizeSelectActual.js 
(1:0): Module level 
directives cause 
errors when bundled, 
"use client" in "node
_modules/@mui/icons-m
aterial/esm/PhotoSize
SelectActual.js" was 
ignored.
node_modules/@mui/ico
ns-material/esm/Photo
SizeSelectActualSharp
.js (1:0): Module 
level directives 
cause errors when 
bundled, "use 
client" in "node_modu
les/@mui/icons-materi
al/esm/PhotoSizeSelec
tActualSharp.js" was 
ignored.
node_modules/@mui/ico
ns-material/esm/Photo
SizeSelectLarge.js 
(1:0): Module level 
directives cause 
errors when bundled, 
"use client" in "node
_modules/@mui/icons-m
aterial/esm/PhotoSize
SelectLarge.js" was 
ignored.
node_modules/@mui/ico
ns-material/esm/Photo
SizeSelectActualTwoTo
ne.js (1:0): Module 
level directives 
cause errors when 
bundled, "use 
client" in "node_modu
les/@mui/icons-materi
al/esm/PhotoSizeSelec
tActualTwoTone.js" 
was ignored.
node_modules/@mui/ico
ns-material/esm/Photo
SizeSelectSmall.js 
(1:0): Module level 
directives cause 
errors when bundled, 
"use client" in "node
_modules/@mui/icons-m
aterial/esm/PhotoSize
SelectSmall.js" was 
ignored.
node_modules/@mui/ico
ns-material/esm/Photo
SizeSelectLargeOutlin
ed.js (1:0): Module 
level directives 
cause errors when 
bundled, "use 
client" in "node_modu
les/@mui/icons-materi
al/esm/PhotoSizeSelec
tLargeOutlined.js" 
was ignored.
node_modules/@mui/ico
ns-material/esm/Photo
SizeSelectSmallOutlin
ed.js (1:0): Module 
level directives 
cause errors when 
bundled, "use 
client" in "node_modu
les/@mui/icons-materi
al/esm/PhotoSizeSelec
tSmallOutlined.js" 
was ignored.
node_modules/@mui/ico
ns-material/esm/Photo
SizeSelectLargeSharp.
js (1:0): Module 
level directives 
cause errors when 
bundled, "use 
client" in "node_modu
les/@mui/icons-materi
al/esm/PhotoSizeSelec
tLargeSharp.js" was 
ignored.
node_modules/@mui/ico
ns-material/esm/Photo
SizeSelectSmallSharp.
js (1:0): Module 
level directives 
cause errors when 
bundled, "use 
client" in "node_modu
les/@mui/icons-materi
al/esm/PhotoSizeSelec
tSmallSharp.js" was 
ignored.
node_modules/@mui/ico
ns-material/esm/Photo
SizeSelectSmallRounde
d.js (1:0): Module 
level directives 
cause errors when 
bundled, "use 
client" in "node_modu
les/@mui/icons-materi
al/esm/PhotoSizeSelec
tSmallRounded.js" 
was ignored.
node_modules/@mui/ico
ns-material/esm/Photo
SizeSelectLargeRounde
d.js (1:0): Module 
level directives 
cause errors when 
bundled, "use 
client" in "node_modu
les/@mui/icons-materi
al/esm/PhotoSizeSelec
tLargeRounded.js" 
was ignored.
node_modules/@mui/ico
ns-material/esm/Photo
SizeSelectSmallTwoTon
e.js (1:0): Module 
level directives 
cause errors when 
bundled, "use 
client" in "node_modu
les/@mui/icons-materi
al/esm/PhotoSizeSelec
tSmallTwoTone.js" 
was ignored.
node_modules/@mui/ico
ns-material/esm/Photo
SizeSelectLargeTwoTon
e.js (1:0): Module 
level directives 
cause errors when 
bundled, "use 
client" in "node_modu
les/@mui/icons-materi
al/esm/PhotoSizeSelec
tLargeTwoTone.js" 
was ignored.
node_modules/@mui/ico
ns-material/esm/Photo
TwoTone.js (1:0): 
Module level 
directives cause 
errors when bundled, 
"use client" in "node
_modules/@mui/icons-m
aterial/esm/PhotoTwoT
one.js" was ignored.
node_modules/@mui/ico
ns-material/esm/PhpOu
tlined.js (1:0): 
Module level 
directives cause 
errors when bundled, 
"use client" in "node
_modules/@mui/icons-m
aterial/esm/PhpOutlin
ed.js" was ignored.
node_modules/@mui/ico
ns-material/esm/Php.j
s (1:0): Module 
level directives 
cause errors when 
bundled, "use 
client" in "node_modu
les/@mui/icons-materi
al/esm/Php.js" was 
ignored.
node_modules/@mui/ico
ns-material/esm/PhpRo
unded.js (1:0): 
Module level 
directives cause 
errors when bundled, 
"use client" in "node
_modules/@mui/icons-m
aterial/esm/PhpRounde
d.js" was ignored.
node_modules/@mui/ico
ns-material/esm/PhpSh
arp.js (1:0): Module 
level directives 
cause errors when 
bundled, "use 
client" in "node_modu
les/@mui/icons-materi
al/esm/PhpSharp.js" 
was ignored.
node_modules/@mui/ico
ns-material/esm/PhpTw
oTone.js (1:0): 
Module level 
directives cause 
errors when bundled, 
"use client" in "node
_modules/@mui/icons-m
aterial/esm/PhpTwoTon
e.js" was ignored.
node_modules/@mui/ico
ns-material/esm/Piano
Off.js (1:0): Module 
level directives 
cause errors when 
bundled, "use 
client" in "node_modu
les/@mui/icons-materi
al/esm/PianoOff.js" 
was ignored.
node_modules/@mui/ico
ns-material/esm/Piano
OffOutlined.js 
(1:0): Module level 
directives cause 
errors when bundled, 
"use client" in "node
_modules/@mui/icons-m
aterial/esm/PianoOffO
utlined.js" was 
ignored.
node_modules/@mui/ico
ns-material/esm/Piano
.js (1:0): Module 
level directives 
cause errors when 
bundled, "use 
client" in "node_modu
les/@mui/icons-materi
al/esm/Piano.js" was 
ignored.
node_modules/@mui/ico
ns-material/esm/Piano
OffRounded.js (1:0): 
Module level 
directives cause 
errors when bundled, 
"use client" in "node
_modules/@mui/icons-m
aterial/esm/PianoOffR
ounded.js" was 
ignored.
node_modules/@mui/ico
ns-material/esm/Piano
OffSharp.js (1:0): 
Module level 
directives cause 
errors when bundled, 
"use client" in "node
_modules/@mui/icons-m
aterial/esm/PianoOffS
harp.js" was ignored.
node_modules/@mui/ico
ns-material/esm/Piano
OffTwoTone.js (1:0): 
Module level 
directives cause 
errors when bundled, 
"use client" in "node
_modules/@mui/icons-m
aterial/esm/PianoOffT
woTone.js" was 
ignored.
node_modules/@mui/ico
ns-material/esm/Piano
Outlined.js (1:0): 
Module level 
directives cause 
errors when bundled, 
"use client" in "node
_modules/@mui/icons-m
aterial/esm/PianoOutl
ined.js" was ignored.
node_modules/@mui/ico
ns-material/esm/Piano
Sharp.js (1:0): 
Module level 
directives cause 
errors when bundled, 
"use client" in "node
_modules/@mui/icons-m
aterial/esm/PianoShar
p.js" was ignored.
node_modules/@mui/ico
ns-material/esm/Piano
TwoTone.js (1:0): 
Module level 
directives cause 
errors when bundled, 
"use client" in "node
_modules/@mui/icons-m
aterial/esm/PianoTwoT
one.js" was ignored.
node_modules/@mui/ico
ns-material/esm/Pictu
reAsPdfOutlined.js 
(1:0): Module level 
directives cause 
errors when bundled, 
"use client" in "node
_modules/@mui/icons-m
aterial/esm/PictureAs
PdfOutlined.js" was 
ignored.
node_modules/@mui/ico
ns-material/esm/Pictu
reAsPdfRounded.js 
(1:0): Module level 
directives cause 
errors when bundled, 
"use client" in "node
_modules/@mui/icons-m
aterial/esm/PictureAs
PdfRounded.js" was 
ignored.
node_modules/@mui/ico
ns-material/esm/Piano
Rounded.js (1:0): 
Module level 
directives cause 
errors when bundled, 
"use client" in "node
_modules/@mui/icons-m
aterial/esm/PianoRoun
ded.js" was ignored.
node_modules/@mui/ico
ns-material/esm/Pictu
reAsPdf.js (1:0): 
Module level 
directives cause 
errors when bundled, 
"use client" in "node
_modules/@mui/icons-m
aterial/esm/PictureAs
Pdf.js" was ignored.
node_modules/@mui/ico
ns-material/esm/Pictu
reAsPdfSharp.js 
(1:0): Module level 
directives cause 
errors when bundled, 
"use client" in "node
_modules/@mui/icons-m
aterial/esm/PictureAs
PdfSharp.js" was 
ignored.
node_modules/@mui/ico
ns-material/esm/Pictu
reInPictureAltRounded
.js (1:0): Module 
level directives 
cause errors when 
bundled, "use 
client" in "node_modu
les/@mui/icons-materi
al/esm/PictureInPictu
reAltRounded.js" was 
ignored.
node_modules/@mui/ico
ns-material/esm/Pictu
reInPictureAltTwoTone
.js (1:0): Module 
level directives 
cause errors when 
bundled, "use 
client" in "node_modu
les/@mui/icons-materi
al/esm/PictureInPictu
reAltTwoTone.js" was 
ignored.
node_modules/@mui/ico
ns-material/esm/Pictu
reInPictureAltSharp.j
s (1:0): Module 
level directives 
cause errors when 
bundled, "use 
client" in "node_modu
les/@mui/icons-materi
al/esm/PictureInPictu
reAltSharp.js" was 
ignored.
node_modules/@mui/ico
ns-material/esm/Pictu
reInPictureAltOutline
d.js (1:0): Module 
level directives 
cause errors when 
bundled, "use 
client" in "node_modu
les/@mui/icons-materi
al/esm/PictureInPictu
reAltOutlined.js" 
was ignored.
node_modules/@mui/ico
ns-material/esm/Pictu
reInPictureOutlined.j
s (1:0): Module 
level directives 
cause errors when 
bundled, "use 
client" in "node_modu
les/@mui/icons-materi
al/esm/PictureInPictu
reOutlined.js" was 
ignored.
node_modules/@mui/ico
ns-material/esm/Pictu
reInPictureRounded.js
 (1:0): Module level 
directives cause 
errors when bundled, 
"use client" in "node
_modules/@mui/icons-m
aterial/esm/PictureIn
PictureRounded.js" 
was ignored.
node_modules/@mui/ico
ns-material/esm/Pictu
reInPicture.js 
(1:0): Module level 
directives cause 
errors when bundled, 
"use client" in "node
_modules/@mui/icons-m
aterial/esm/PictureIn
Picture.js" was 
ignored.
node_modules/@mui/ico
ns-material/esm/Pictu
reInPictureSharp.js 
(1:0): Module level 
directives cause 
errors when bundled, 
"use client" in "node
_modules/@mui/icons-m
aterial/esm/PictureIn
PictureSharp.js" was 
ignored.
node_modules/@mui/ico
ns-material/esm/Pictu
reInPictureTwoTone.js
 (1:0): Module level 
directives cause 
errors when bundled, 
"use client" in "node
_modules/@mui/icons-m
aterial/esm/PictureIn
PictureTwoTone.js" 
was ignored.
node_modules/@mui/ico
ns-material/esm/PieCh
art.js (1:0): Module 
level directives 
cause errors when 
bundled, "use 
client" in "node_modu
les/@mui/icons-materi
al/esm/PieChart.js" 
was ignored.
node_modules/@mui/ico
ns-material/esm/PieCh
artOutline.js (1:0): 
Module level 
directives cause 
errors when bundled, 
"use client" in "node
_modules/@mui/icons-m
aterial/esm/PieChartO
utline.js" was 
ignored.
node_modules/@mui/ico
ns-material/esm/PieCh
artOutlineOutlined.js
 (1:0): Module level 
directives cause 
errors when bundled, 
"use client" in "node
_modules/@mui/icons-m
aterial/esm/PieChartO
utlineOutlined.js" 
was ignored.
node_modules/@mui/ico
ns-material/esm/PieCh
artOutlineRounded.js 
(1:0): Module level 
directives cause 
errors when bundled, 
"use client" in "node
_modules/@mui/icons-m
aterial/esm/PieChartO
utlineRounded.js" 
was ignored.
node_modules/@mui/ico
ns-material/esm/PieCh
artOutlineSharp.js 
(1:0): Module level 
directives cause 
errors when bundled, 
"use client" in "node
_modules/@mui/icons-m
aterial/esm/PieChartO
utlineSharp.js" was 
ignored.
node_modules/@mui/ico
ns-material/esm/Pictu
reAsPdfTwoTone.js 
(1:0): Module level 
directives cause 
errors when bundled, 
"use client" in "node
_modules/@mui/icons-m
aterial/esm/PictureAs
PdfTwoTone.js" was 
ignored.
node_modules/@mui/ico
ns-material/esm/PieCh
artOutlineTwoTone.js 
(1:0): Module level 
directives cause 
errors when bundled, 
"use client" in "node
_modules/@mui/icons-m
aterial/esm/PieChartO
utlineTwoTone.js" 
was ignored.
node_modules/@mui/ico
ns-material/esm/PieCh
artOutlined.js 
(1:0): Module level 
directives cause 
errors when bundled, 
"use client" in "node
_modules/@mui/icons-m
aterial/esm/PieChartO
utlined.js" was 
ignored.
node_modules/@mui/ico
ns-material/esm/PieCh
artRounded.js (1:0): 
Module level 
directives cause 
errors when bundled, 
"use client" in "node
_modules/@mui/icons-m
aterial/esm/PieChartR
ounded.js" was 
ignored.
node_modules/@mui/ico
ns-material/esm/PieCh
artSharp.js (1:0): 
Module level 
directives cause 
errors when bundled, 
"use client" in "node
_modules/@mui/icons-m
aterial/esm/PieChartS
harp.js" was ignored.
node_modules/@mui/ico
ns-material/esm/PieCh
artTwoTone.js (1:0): 
Module level 
directives cause 
errors when bundled, 
"use client" in "node
_modules/@mui/icons-m
aterial/esm/PieChartT
woTone.js" was 
ignored.
node_modules/@mui/ico
ns-material/esm/Pin.j
s (1:0): Module 
level directives 
cause errors when 
bundled, "use 
client" in "node_modu
les/@mui/icons-materi
al/esm/Pin.js" was 
ignored.
node_modules/@mui/ico
ns-material/esm/PinDr
opOutlined.js (1:0): 
Module level 
directives cause 
errors when bundled, 
"use client" in "node
_modules/@mui/icons-m
aterial/esm/PinDropOu
tlined.js" was 
ignored.
node_modules/@mui/ico
ns-material/esm/PinDr
op.js (1:0): Module 
level directives 
cause errors when 
bundled, "use 
client" in "node_modu
les/@mui/icons-materi
al/esm/PinDrop.js" 
was ignored.
node_modules/@mui/ico
ns-material/esm/PinDr
opRounded.js (1:0): 
Module level 
directives cause 
errors when bundled, 
"use client" in "node
_modules/@mui/icons-m
aterial/esm/PinDropRo
unded.js" was 
ignored.
node_modules/@mui/ico
ns-material/esm/PinDr
opSharp.js (1:0): 
Module level 
directives cause 
errors when bundled, 
"use client" in "node
_modules/@mui/icons-m
aterial/esm/PinDropSh
arp.js" was ignored.
node_modules/@mui/ico
ns-material/esm/PinDr
opTwoTone.js (1:0): 
Module level 
directives cause 
errors when bundled, 
"use client" in "node
_modules/@mui/icons-m
aterial/esm/PinDropTw
oTone.js" was 
ignored.
node_modules/@mui/ico
ns-material/esm/PinOu
tlined.js (1:0): 
Module level 
directives cause 
errors when bundled, 
"use client" in "node
_modules/@mui/icons-m
aterial/esm/PinOutlin
ed.js" was ignored.
node_modules/@mui/ico
ns-material/esm/PinRo
unded.js (1:0): 
Module level 
directives cause 
errors when bundled, 
"use client" in "node
_modules/@mui/icons-m
aterial/esm/PinRounde
d.js" was ignored.
node_modules/@mui/ico
ns-material/esm/PinTw
oTone.js (1:0): 
Module level 
directives cause 
errors when bundled, 
"use client" in "node
_modules/@mui/icons-m
aterial/esm/PinTwoTon
e.js" was ignored.
node_modules/@mui/ico
ns-material/esm/PinSh
arp.js (1:0): Module 
level directives 
cause errors when 
bundled, "use 
client" in "node_modu
les/@mui/icons-materi
al/esm/PinSharp.js" 
was ignored.
node_modules/@mui/ico
ns-material/esm/Pinch
.js (1:0): Module 
level directives 
cause errors when 
bundled, "use 
client" in "node_modu
les/@mui/icons-materi
al/esm/Pinch.js" was 
ignored.
node_modules/@mui/ico
ns-material/esm/Pictu
reInPictureAlt.js 
(1:0): Module level 
directives cause 
errors when bundled, 
"use client" in "node
_modules/@mui/icons-m
aterial/esm/PictureIn
PictureAlt.js" was 
ignored.
node_modules/@mui/ico
ns-material/esm/Pinch
Rounded.js (1:0): 
Module level 
directives cause 
errors when bundled, 
"use client" in "node
_modules/@mui/icons-m
aterial/esm/PinchRoun
ded.js" was ignored.
node_modules/@mui/ico
ns-material/esm/Pinch
Sharp.js (1:0): 
Module level 
directives cause 
errors when bundled, 
"use client" in "node
_modules/@mui/icons-m
aterial/esm/PinchShar
p.js" was ignored.
node_modules/@mui/ico
ns-material/esm/Pivot
TableChart.js (1:0): 
Module level 
directives cause 
errors when bundled, 
"use client" in "node
_modules/@mui/icons-m
aterial/esm/PivotTabl
eChart.js" was 
ignored.
node_modules/@mui/ico
ns-material/esm/Pinch
Outlined.js (1:0): 
Module level 
directives cause 
errors when bundled, 
"use client" in "node
_modules/@mui/icons-m
aterial/esm/PinchOutl
ined.js" was ignored.
node_modules/@mui/ico
ns-material/esm/Pinte
rest.js (1:0): 
Module level 
directives cause 
errors when bundled, 
"use client" in "node
_modules/@mui/icons-m
aterial/esm/Pinterest
.js" was ignored.
node_modules/@mui/ico
ns-material/esm/Pivot
TableChartOutlined.js
 (1:0): Module level 
directives cause 
errors when bundled, 
"use client" in "node
_modules/@mui/icons-m
aterial/esm/PivotTabl
eChartOutlined.js" 
was ignored.
node_modules/@mui/ico
ns-material/esm/Pinch
TwoTone.js (1:0): 
Module level 
directives cause 
errors when bundled, 
"use client" in "node
_modules/@mui/icons-m
aterial/esm/PinchTwoT
one.js" was ignored.
node_modules/@mui/ico
ns-material/esm/Pivot
TableChartSharp.js 
(1:0): Module level 
directives cause 
errors when bundled, 
"use client" in "node
_modules/@mui/icons-m
aterial/esm/PivotTabl
eChartSharp.js" was 
ignored.
node_modules/@mui/ico
ns-material/esm/Pivot
TableChartRounded.js 
(1:0): Module level 
directives cause 
errors when bundled, 
"use client" in "node
_modules/@mui/icons-m
aterial/esm/PivotTabl
eChartRounded.js" 
was ignored.
node_modules/@mui/ico
ns-material/esm/Pivot
TableChartTwoTone.js 
(1:0): Module level 
directives cause 
errors when bundled, 
"use client" in "node
_modules/@mui/icons-m
aterial/esm/PivotTabl
eChartTwoTone.js" 
was ignored.
node_modules/@mui/ico
ns-material/esm/PixOu
tlined.js (1:0): 
Module level 
directives cause 
errors when bundled, 
"use client" in "node
_modules/@mui/icons-m
aterial/esm/PixOutlin
ed.js" was ignored.
node_modules/@mui/ico
ns-material/esm/Pix.j
s (1:0): Module 
level directives 
cause errors when 
bundled, "use 
client" in "node_modu
les/@mui/icons-materi
al/esm/Pix.js" was 
ignored.
node_modules/@mui/ico
ns-material/esm/PixTw
oTone.js (1:0): 
Module level 
directives cause 
errors when bundled, 
"use client" in "node
_modules/@mui/icons-m
aterial/esm/PixTwoTon
e.js" was ignored.
node_modules/@mui/ico
ns-material/esm/PixRo
unded.js (1:0): 
Module level 
directives cause 
errors when bundled, 
"use client" in "node
_modules/@mui/icons-m
aterial/esm/PixRounde
d.js" was ignored.
node_modules/@mui/ico
ns-material/esm/PixSh
arp.js (1:0): Module 
level directives 
cause errors when 
bundled, "use 
client" in "node_modu
les/@mui/icons-materi
al/esm/PixSharp.js" 
was ignored.
node_modules/@mui/ico
ns-material/esm/Place
Outlined.js (1:0): 
Module level 
directives cause 
errors when bundled, 
"use client" in "node
_modules/@mui/icons-m
aterial/esm/PlaceOutl
ined.js" was ignored.
node_modules/@mui/ico
ns-material/esm/Place
.js (1:0): Module 
level directives 
cause errors when 
bundled, "use 
client" in "node_modu
les/@mui/icons-materi
al/esm/Place.js" was 
ignored.
node_modules/@mui/ico
ns-material/esm/Plagi
arism.js (1:0): 
Module level 
directives cause 
errors when bundled, 
"use client" in "node
_modules/@mui/icons-m
aterial/esm/Plagiaris
m.js" was ignored.
node_modules/@mui/ico
ns-material/esm/Place
Sharp.js (1:0): 
Module level 
directives cause 
errors when bundled, 
"use client" in "node
_modules/@mui/icons-m
aterial/esm/PlaceShar
p.js" was ignored.
node_modules/@mui/ico
ns-material/esm/Place
TwoTone.js (1:0): 
Module level 
directives cause 
errors when bundled, 
"use client" in "node
_modules/@mui/icons-m
aterial/esm/PlaceTwoT
one.js" was ignored.
node_modules/@mui/ico
ns-material/esm/Plagi
arismSharp.js (1:0): 
Module level 
directives cause 
errors when bundled, 
"use client" in "node
_modules/@mui/icons-m
aterial/esm/Plagiaris
mSharp.js" was 
ignored.
node_modules/@mui/ico
ns-material/esm/Plagi
arismRounded.js 
(1:0): Module level 
directives cause 
errors when bundled, 
"use client" in "node
_modules/@mui/icons-m
aterial/esm/Plagiaris
mRounded.js" was 
ignored.
node_modules/@mui/ico
ns-material/esm/Plagi
arismOutlined.js 
(1:0): Module level 
directives cause 
errors when bundled, 
"use client" in "node
_modules/@mui/icons-m
aterial/esm/Plagiaris
mOutlined.js" was 
ignored.
node_modules/@mui/ico
ns-material/esm/Place
Rounded.js (1:0): 
Module level 
directives cause 
errors when bundled, 
"use client" in "node
_modules/@mui/icons-m
aterial/esm/PlaceRoun
ded.js" was ignored.
node_modules/@mui/ico
ns-material/esm/Plagi
arismTwoTone.js 
(1:0): Module level 
directives cause 
errors when bundled, 
"use client" in "node
_modules/@mui/icons-m
aterial/esm/Plagiaris
mTwoTone.js" was 
ignored.
node_modules/@mui/ico
ns-material/esm/PlayA
rrow.js (1:0): 
Module level 
directives cause 
errors when bundled, 
"use client" in "node
_modules/@mui/icons-m
aterial/esm/PlayArrow
.js" was ignored.
node_modules/@mui/ico
ns-material/esm/PlayA
rrowRounded.js 
(1:0): Module level 
directives cause 
errors when bundled, 
"use client" in "node
_modules/@mui/icons-m
aterial/esm/PlayArrow
Rounded.js" was 
ignored.
node_modules/@mui/ico
ns-material/esm/PlayA
rrowSharp.js (1:0): 
Module level 
directives cause 
errors when bundled, 
"use client" in "node
_modules/@mui/icons-m
aterial/esm/PlayArrow
Sharp.js" was 
ignored.
node_modules/@mui/ico
ns-material/esm/PlayA
rrowOutlined.js 
(1:0): Module level 
directives cause 
errors when bundled, 
"use client" in "node
_modules/@mui/icons-m
aterial/esm/PlayArrow
Outlined.js" was 
ignored.
node_modules/@mui/ico
ns-material/esm/PlayA
rrowTwoTone.js 
(1:0): Module level 
directives cause 
errors when bundled, 
"use client" in "node
_modules/@mui/icons-m
aterial/esm/PlayArrow
TwoTone.js" was 
ignored.
node_modules/@mui/ico
ns-material/esm/PlayC
ircle.js (1:0): 
Module level 
directives cause 
errors when bundled, 
"use client" in "node
_modules/@mui/icons-m
aterial/esm/PlayCircl
e.js" was ignored.
node_modules/@mui/ico
ns-material/esm/PlayC
ircleFilled.js 
(1:0): Module level 
directives cause 
errors when bundled, 
"use client" in "node
_modules/@mui/icons-m
aterial/esm/PlayCircl
eFilled.js" was 
ignored.
node_modules/@mui/ico
ns-material/esm/PlayC
ircleFilledOutlined.j
s (1:0): Module 
level directives 
cause errors when 
bundled, "use 
client" in "node_modu
les/@mui/icons-materi
al/esm/PlayCircleFill
edOutlined.js" was 
ignored.
node_modules/@mui/ico
ns-material/esm/PlayC
ircleFilledTwoTone.js
 (1:0): Module level 
directives cause 
errors when bundled, 
"use client" in "node
_modules/@mui/icons-m
aterial/esm/PlayCircl
eFilledTwoTone.js" 
was ignored.
node_modules/@mui/ico
ns-material/esm/PlayC
ircleFilledRounded.js
 (1:0): Module level 
directives cause 
errors when bundled, 
"use client" in "node
_modules/@mui/icons-m
aterial/esm/PlayCircl
eFilledRounded.js" 
was ignored.
node_modules/@mui/ico
ns-material/esm/PlayC
ircleFilledSharp.js 
(1:0): Module level 
directives cause 
errors when bundled, 
"use client" in "node
_modules/@mui/icons-m
aterial/esm/PlayCircl
eFilledSharp.js" was 
ignored.
node_modules/@mui/ico
ns-material/esm/PlayC
ircleOutline.js 
(1:0): Module level 
directives cause 
errors when bundled, 
"use client" in "node
_modules/@mui/icons-m
aterial/esm/PlayCircl
eOutline.js" was 
ignored.
node_modules/@mui/ico
ns-material/esm/PlayC
ircleOutlineRounded.j
s (1:0): Module 
level directives 
cause errors when 
bundled, "use 
client" in "node_modu
les/@mui/icons-materi
al/esm/PlayCircleOutl
ineRounded.js" was 
ignored.
node_modules/@mui/ico
ns-material/esm/PlayC
ircleOutlineOutlined.
js (1:0): Module 
level directives 
cause errors when 
bundled, "use 
client" in "node_modu
les/@mui/icons-materi
al/esm/PlayCircleOutl
ineOutlined.js" was 
ignored.
node_modules/@mui/ico
ns-material/esm/PlayC
ircleOutlineSharp.js 
(1:0): Module level 
directives cause 
errors when bundled, 
"use client" in "node
_modules/@mui/icons-m
aterial/esm/PlayCircl
eOutlineSharp.js" 
was ignored.
node_modules/@mui/ico
ns-material/esm/PlayC
ircleOutlineTwoTone.j
s (1:0): Module 
level directives 
cause errors when 
bundled, "use 
client" in "node_modu
les/@mui/icons-materi
al/esm/PlayCircleOutl
ineTwoTone.js" was 
ignored.
node_modules/@mui/ico
ns-material/esm/PlayC
ircleOutlined.js 
(1:0): Module level 
directives cause 
errors when bundled, 
"use client" in "node
_modules/@mui/icons-m
aterial/esm/PlayCircl
eOutlined.js" was 
ignored.
node_modules/@mui/ico
ns-material/esm/PlayC
ircleSharp.js (1:0): 
Module level 
directives cause 
errors when bundled, 
"use client" in "node
_modules/@mui/icons-m
aterial/esm/PlayCircl
eSharp.js" was 
ignored.
node_modules/@mui/ico
ns-material/esm/PlayC
ircleRounded.js 
(1:0): Module level 
directives cause 
errors when bundled, 
"use client" in "node
_modules/@mui/icons-m
aterial/esm/PlayCircl
eRounded.js" was 
ignored.
node_modules/@mui/ico
ns-material/esm/PlayD
isabled.js (1:0): 
Module level 
directives cause 
errors when bundled, 
"use client" in "node
_modules/@mui/icons-m
aterial/esm/PlayDisab
led.js" was ignored.
node_modules/@mui/ico
ns-material/esm/PlayD
isabledRounded.js 
(1:0): Module level 
directives cause 
errors when bundled, 
"use client" in "node
_modules/@mui/icons-m
aterial/esm/PlayDisab
ledRounded.js" was 
ignored.
node_modules/@mui/ico
ns-material/esm/PlayC
ircleTwoTone.js 
(1:0): Module level 
directives cause 
errors when bundled, 
"use client" in "node
_modules/@mui/icons-m
aterial/esm/PlayCircl
eTwoTone.js" was 
ignored.
node_modules/@mui/ico
ns-material/esm/PlayD
isabledOutlined.js 
(1:0): Module level 
directives cause 
errors when bundled, 
"use client" in "node
_modules/@mui/icons-m
aterial/esm/PlayDisab
ledOutlined.js" was 
ignored.
node_modules/@mui/ico
ns-material/esm/PlayD
isabledTwoTone.js 
(1:0): Module level 
directives cause 
errors when bundled, 
"use client" in "node
_modules/@mui/icons-m
aterial/esm/PlayDisab
ledTwoTone.js" was 
ignored.
node_modules/@mui/ico
ns-material/esm/PlayF
orWork.js (1:0): 
Module level 
directives cause 
errors when bundled, 
"use client" in "node
_modules/@mui/icons-m
aterial/esm/PlayForWo
rk.js" was ignored.
node_modules/@mui/ico
ns-material/esm/PlayF
orWorkRounded.js 
(1:0): Module level 
directives cause 
errors when bundled, 
"use client" in "node
_modules/@mui/icons-m
aterial/esm/PlayForWo
rkRounded.js" was 
ignored.
node_modules/@mui/ico
ns-material/esm/PlayD
isabledSharp.js 
(1:0): Module level 
directives cause 
errors when bundled, 
"use client" in "node
_modules/@mui/icons-m
aterial/esm/PlayDisab
ledSharp.js" was 
ignored.
node_modules/@mui/ico
ns-material/esm/PlayL
esson.js (1:0): 
Module level 
directives cause 
errors when bundled, 
"use client" in "node
_modules/@mui/icons-m
aterial/esm/PlayLesso
n.js" was ignored.
node_modules/@mui/ico
ns-material/esm/PlayF
orWorkSharp.js 
(1:0): Module level 
directives cause 
errors when bundled, 
"use client" in "node
_modules/@mui/icons-m
aterial/esm/PlayForWo
rkSharp.js" was 
ignored.
node_modules/@mui/ico
ns-material/esm/PlayL
essonOutlined.js 
(1:0): Module level 
directives cause 
errors when bundled, 
"use client" in "node
_modules/@mui/icons-m
aterial/esm/PlayLesso
nOutlined.js" was 
ignored.
node_modules/@mui/ico
ns-material/esm/PlayF
orWorkTwoTone.js 
(1:0): Module level 
directives cause 
errors when bundled, 
"use client" in "node
_modules/@mui/icons-m
aterial/esm/PlayForWo
rkTwoTone.js" was 
ignored.
node_modules/@mui/ico
ns-material/esm/PlayL
essonSharp.js (1:0): 
Module level 
directives cause 
errors when bundled, 
"use client" in "node
_modules/@mui/icons-m
aterial/esm/PlayLesso
nSharp.js" was 
ignored.
node_modules/@mui/ico
ns-material/esm/PlayL
essonRounded.js 
(1:0): Module level 
directives cause 
errors when bundled, 
"use client" in "node
_modules/@mui/icons-m
aterial/esm/PlayLesso
nRounded.js" was 
ignored.
node_modules/@mui/ico
ns-material/esm/PlayF
orWorkOutlined.js 
(1:0): Module level 
directives cause 
errors when bundled, 
"use client" in "node
_modules/@mui/icons-m
aterial/esm/PlayForWo
rkOutlined.js" was 
ignored.
node_modules/@mui/ico
ns-material/esm/Playl
istAdd.js (1:0): 
Module level 
directives cause 
errors when bundled, 
"use client" in "node
_modules/@mui/icons-m
aterial/esm/PlaylistA
dd.js" was ignored.
node_modules/@mui/ico
ns-material/esm/PlayL
essonTwoTone.js 
(1:0): Module level 
directives cause 
errors when bundled, 
"use client" in "node
_modules/@mui/icons-m
aterial/esm/PlayLesso
nTwoTone.js" was 
ignored.
node_modules/@mui/ico
ns-material/esm/Playl
istAddCheck.js 
(1:0): Module level 
directives cause 
errors when bundled, 
"use client" in "node
_modules/@mui/icons-m
aterial/esm/PlaylistA
ddCheck.js" was 
ignored.
node_modules/@mui/ico
ns-material/esm/Playl
istAddCheckCircleOutl
ined.js (1:0): 
Module level 
directives cause 
errors when bundled, 
"use client" in "node
_modules/@mui/icons-m
aterial/esm/PlaylistA
ddCheckCircleOutlined
.js" was ignored.
node_modules/@mui/ico
ns-material/esm/Playl
istAddCheckCircle.js 
(1:0): Module level 
directives cause 
errors when bundled, 
"use client" in "node
_modules/@mui/icons-m
aterial/esm/PlaylistA
ddCheckCircle.js" 
was ignored.
node_modules/@mui/ico
ns-material/esm/Playl
istAddCheckCircleRoun
ded.js (1:0): Module 
level directives 
cause errors when 
bundled, "use 
client" in "node_modu
les/@mui/icons-materi
al/esm/PlaylistAddChe
ckCircleRounded.js" 
was ignored.
node_modules/@mui/ico
ns-material/esm/Playl
istAddCheckCircleShar
p.js (1:0): Module 
level directives 
cause errors when 
bundled, "use 
client" in "node_modu
les/@mui/icons-materi
al/esm/PlaylistAddChe
ckCircleSharp.js" 
was ignored.
node_modules/@mui/ico
ns-material/esm/Playl
istAddCheckCircleTwoT
one.js (1:0): Module 
level directives 
cause errors when 
bundled, "use 
client" in "node_modu
les/@mui/icons-materi
al/esm/PlaylistAddChe
ckCircleTwoTone.js" 
was ignored.
node_modules/@mui/ico
ns-material/esm/Playl
istAddCheckOutlined.j
s (1:0): Module 
level directives 
cause errors when 
bundled, "use 
client" in "node_modu
les/@mui/icons-materi
al/esm/PlaylistAddChe
ckOutlined.js" was 
ignored.
node_modules/@mui/ico
ns-material/esm/Playl
istAddCheckTwoTone.js
 (1:0): Module level 
directives cause 
errors when bundled, 
"use client" in "node
_modules/@mui/icons-m
aterial/esm/PlaylistA
ddCheckTwoTone.js" 
was ignored.
node_modules/@mui/ico
ns-material/esm/Playl
istAddCheckSharp.js 
(1:0): Module level 
directives cause 
errors when bundled, 
"use client" in "node
_modules/@mui/icons-m
aterial/esm/PlaylistA
ddCheckSharp.js" was 
ignored.
node_modules/@mui/ico
ns-material/esm/Playl
istAddCheckRounded.js
 (1:0): Module level 
directives cause 
errors when bundled, 
"use client" in "node
_modules/@mui/icons-m
aterial/esm/PlaylistA
ddCheckRounded.js" 
was ignored.
node_modules/@mui/ico
ns-material/esm/Playl
istAddCircleSharp.js 
(1:0): Module level 
directives cause 
errors when bundled, 
"use client" in "node
_modules/@mui/icons-m
aterial/esm/PlaylistA
ddCircleSharp.js" 
was ignored.
node_modules/@mui/ico
ns-material/esm/Playl
istAddCircleRounded.j
s (1:0): Module 
level directives 
cause errors when 
bundled, "use 
client" in "node_modu
les/@mui/icons-materi
al/esm/PlaylistAddCir
cleRounded.js" was 
ignored.
node_modules/@mui/ico
ns-material/esm/Playl
istAddCircle.js 
(1:0): Module level 
directives cause 
errors when bundled, 
"use client" in "node
_modules/@mui/icons-m
aterial/esm/PlaylistA
ddCircle.js" was 
ignored.
node_modules/@mui/ico
ns-material/esm/Playl
istAddCircleTwoTone.j
s (1:0): Module 
level directives 
cause errors when 
bundled, "use 
client" in "node_modu
les/@mui/icons-materi
al/esm/PlaylistAddCir
cleTwoTone.js" was 
ignored.
node_modules/@mui/ico
ns-material/esm/Playl
istAddOutlined.js 
(1:0): Module level 
directives cause 
errors when bundled, 
"use client" in "node
_modules/@mui/icons-m
aterial/esm/PlaylistA
ddOutlined.js" was 
ignored.
node_modules/@mui/ico
ns-material/esm/Playl
istAddCircleOutlined.
js (1:0): Module 
level directives 
cause errors when 
bundled, "use 
client" in "node_modu
les/@mui/icons-materi
al/esm/PlaylistAddCir
cleOutlined.js" was 
ignored.
node_modules/@mui/ico
ns-material/esm/Playl
istAddRounded.js 
(1:0): Module level 
directives cause 
errors when bundled, 
"use client" in "node
_modules/@mui/icons-m
aterial/esm/PlaylistA
ddRounded.js" was 
ignored.
node_modules/@mui/ico
ns-material/esm/Playl
istAddSharp.js 
(1:0): Module level 
directives cause 
errors when bundled, 
"use client" in "node
_modules/@mui/icons-m
aterial/esm/PlaylistA
ddSharp.js" was 
ignored.
node_modules/@mui/ico
ns-material/esm/Playl
istPlay.js (1:0): 
Module level 
directives cause 
errors when bundled, 
"use client" in "node
_modules/@mui/icons-m
aterial/esm/PlaylistP
lay.js" was ignored.
node_modules/@mui/ico
ns-material/esm/Playl
istPlayOutlined.js 
(1:0): Module level 
directives cause 
errors when bundled, 
"use client" in "node
_modules/@mui/icons-m
aterial/esm/PlaylistP
layOutlined.js" was 
ignored.
node_modules/@mui/ico
ns-material/esm/Playl
istAddTwoTone.js 
(1:0): Module level 
directives cause 
errors when bundled, 
"use client" in "node
_modules/@mui/icons-m
aterial/esm/PlaylistA
ddTwoTone.js" was 
ignored.
node_modules/@mui/ico
ns-material/esm/Playl
istPlayTwoTone.js 
(1:0): Module level 
directives cause 
errors when bundled, 
"use client" in "node
_modules/@mui/icons-m
aterial/esm/PlaylistP
layTwoTone.js" was 
ignored.
node_modules/@mui/ico
ns-material/esm/Playl
istRemoveRounded.js 
(1:0): Module level 
directives cause 
errors when bundled, 
"use client" in "node
_modules/@mui/icons-m
aterial/esm/PlaylistR
emoveRounded.js" was 
ignored.
node_modules/@mui/ico
ns-material/esm/Playl
istRemoveOutlined.js 
(1:0): Module level 
directives cause 
errors when bundled, 
"use client" in "node
_modules/@mui/icons-m
aterial/esm/PlaylistR
emoveOutlined.js" 
was ignored.
node_modules/@mui/ico
ns-material/esm/Playl
istPlaySharp.js 
(1:0): Module level 
directives cause 
errors when bundled, 
"use client" in "node
_modules/@mui/icons-m
aterial/esm/PlaylistP
laySharp.js" was 
ignored.
node_modules/@mui/ico
ns-material/esm/Playl
istRemoveSharp.js 
(1:0): Module level 
directives cause 
errors when bundled, 
"use client" in "node
_modules/@mui/icons-m
aterial/esm/PlaylistR
emoveSharp.js" was 
ignored.
node_modules/@mui/ico
ns-material/esm/Plumb
ingOutlined.js 
(1:0): Module level 
directives cause 
errors when bundled, 
"use client" in "node
_modules/@mui/icons-m
aterial/esm/PlumbingO
utlined.js" was 
ignored.
node_modules/@mui/ico
ns-material/esm/Playl
istRemove.js (1:0): 
Module level 
directives cause 
errors when bundled, 
"use client" in "node
_modules/@mui/icons-m
aterial/esm/PlaylistR
emove.js" was 
ignored.
node_modules/@mui/ico
ns-material/esm/Playl
istPlayRounded.js 
(1:0): Module level 
directives cause 
errors when bundled, 
"use client" in "node
_modules/@mui/icons-m
aterial/esm/PlaylistP
layRounded.js" was 
ignored.
node_modules/@mui/ico
ns-material/esm/Playl
istRemoveTwoTone.js 
(1:0): Module level 
directives cause 
errors when bundled, 
"use client" in "node
_modules/@mui/icons-m
aterial/esm/PlaylistR
emoveTwoTone.js" was 
ignored.
node_modules/@mui/ico
ns-material/esm/Plumb
ing.js (1:0): Module 
level directives 
cause errors when 
bundled, "use 
client" in "node_modu
les/@mui/icons-materi
al/esm/Plumbing.js" 
was ignored.
node_modules/@mui/ico
ns-material/esm/Plumb
ingRounded.js (1:0): 
Module level 
directives cause 
errors when bundled, 
"use client" in "node
_modules/@mui/icons-m
aterial/esm/PlumbingR
ounded.js" was 
ignored.
node_modules/@mui/ico
ns-material/esm/PlusO
ne.js (1:0): Module 
level directives 
cause errors when 
bundled, "use 
client" in "node_modu
les/@mui/icons-materi
al/esm/PlusOne.js" 
was ignored.
node_modules/@mui/ico
ns-material/esm/Plumb
ingTwoTone.js (1:0): 
Module level 
directives cause 
errors when bundled, 
"use client" in "node
_modules/@mui/icons-m
aterial/esm/PlumbingT
woTone.js" was 
ignored.
node_modules/@mui/ico
ns-material/esm/PlusO
neOutlined.js (1:0): 
Module level 
directives cause 
errors when bundled, 
"use client" in "node
_modules/@mui/icons-m
aterial/esm/PlusOneOu
tlined.js" was 
ignored.
node_modules/@mui/ico
ns-material/esm/PlusO
neRounded.js (1:0): 
Module level 
directives cause 
errors when bundled, 
"use client" in "node
_modules/@mui/icons-m
aterial/esm/PlusOneRo
unded.js" was 
ignored.
node_modules/@mui/ico
ns-material/esm/PlusO
neSharp.js (1:0): 
Module level 
directives cause 
errors when bundled, 
"use client" in "node
_modules/@mui/icons-m
aterial/esm/PlusOneSh
arp.js" was ignored.
node_modules/@mui/ico
ns-material/esm/Plumb
ingSharp.js (1:0): 
Module level 
directives cause 
errors when bundled, 
"use client" in "node
_modules/@mui/icons-m
aterial/esm/PlumbingS
harp.js" was ignored.
node_modules/@mui/ico
ns-material/esm/Podca
stsOutlined.js 
(1:0): Module level 
directives cause 
errors when bundled, 
"use client" in "node
_modules/@mui/icons-m
aterial/esm/PodcastsO
utlined.js" was 
ignored.
node_modules/@mui/ico
ns-material/esm/Podca
sts.js (1:0): Module 
level directives 
cause errors when 
bundled, "use 
client" in "node_modu
les/@mui/icons-materi
al/esm/Podcasts.js" 
was ignored.
node_modules/@mui/ico
ns-material/esm/Podca
stsSharp.js (1:0): 
Module level 
directives cause 
errors when bundled, 
"use client" in "node
_modules/@mui/icons-m
aterial/esm/PodcastsS
harp.js" was ignored.
node_modules/@mui/ico
ns-material/esm/Podca
stsRounded.js (1:0): 
Module level 
directives cause 
errors when bundled, 
"use client" in "node
_modules/@mui/icons-m
aterial/esm/PodcastsR
ounded.js" was 
ignored.
node_modules/@mui/ico
ns-material/esm/Point
OfSale.js (1:0): 
Module level 
directives cause 
errors when bundled, 
"use client" in "node
_modules/@mui/icons-m
aterial/esm/PointOfSa
le.js" was ignored.
node_modules/@mui/ico
ns-material/esm/Podca
stsTwoTone.js (1:0): 
Module level 
directives cause 
errors when bundled, 
"use client" in "node
_modules/@mui/icons-m
aterial/esm/PodcastsT
woTone.js" was 
ignored.
node_modules/@mui/ico
ns-material/esm/Point
OfSaleOutlined.js 
(1:0): Module level 
directives cause 
errors when bundled, 
"use client" in "node
_modules/@mui/icons-m
aterial/esm/PointOfSa
leOutlined.js" was 
ignored.
node_modules/@mui/ico
ns-material/esm/Point
OfSaleRounded.js 
(1:0): Module level 
directives cause 
errors when bundled, 
"use client" in "node
_modules/@mui/icons-m
aterial/esm/PointOfSa
leRounded.js" was 
ignored.
node_modules/@mui/ico
ns-material/esm/Point
OfSaleSharp.js 
(1:0): Module level 
directives cause 
errors when bundled, 
"use client" in "node
_modules/@mui/icons-m
aterial/esm/PointOfSa
leSharp.js" was 
ignored.
node_modules/@mui/ico
ns-material/esm/Polic
y.js (1:0): Module 
level directives 
cause errors when 
bundled, "use 
client" in "node_modu
les/@mui/icons-materi
al/esm/Policy.js" 
was ignored.
node_modules/@mui/ico
ns-material/esm/Point
OfSaleTwoTone.js 
(1:0): Module level 
directives cause 
errors when bundled, 
"use client" in "node
_modules/@mui/icons-m
aterial/esm/PointOfSa
leTwoTone.js" was 
ignored.
node_modules/@mui/ico
ns-material/esm/Polic
yRounded.js (1:0): 
Module level 
directives cause 
errors when bundled, 
"use client" in "node
_modules/@mui/icons-m
aterial/esm/PolicyRou
nded.js" was ignored.
node_modules/@mui/ico
ns-material/esm/Polic
yOutlined.js (1:0): 
Module level 
directives cause 
errors when bundled, 
"use client" in "node
_modules/@mui/icons-m
aterial/esm/PolicyOut
lined.js" was 
ignored.
node_modules/@mui/ico
ns-material/esm/Polic
ySharp.js (1:0): 
Module level 
directives cause 
errors when bundled, 
"use client" in "node
_modules/@mui/icons-m
aterial/esm/PolicySha
rp.js" was ignored.
node_modules/@mui/ico
ns-material/esm/Polic
yTwoTone.js (1:0): 
Module level 
directives cause 
errors when bundled, 
"use client" in "node
_modules/@mui/icons-m
aterial/esm/PolicyTwo
Tone.js" was ignored.
node_modules/@mui/ico
ns-material/esm/PlusO
neTwoTone.js (1:0): 
Module level 
directives cause 
errors when bundled, 
"use client" in "node
_modules/@mui/icons-m
aterial/esm/PlusOneTw
oTone.js" was 
ignored.
node_modules/@mui/ico
ns-material/esm/Poll.
js (1:0): Module 
level directives 
cause errors when 
bundled, "use 
client" in "node_modu
les/@mui/icons-materi
al/esm/Poll.js" was 
ignored.
node_modules/@mui/ico
ns-material/esm/PollR
ounded.js (1:0): 
Module level 
directives cause 
errors when bundled, 
"use client" in "node
_modules/@mui/icons-m
aterial/esm/PollRound
ed.js" was ignored.
node_modules/@mui/ico
ns-material/esm/PollO
utlined.js (1:0): 
Module level 
directives cause 
errors when bundled, 
"use client" in "node
_modules/@mui/icons-m
aterial/esm/PollOutli
ned.js" was ignored.
node_modules/@mui/ico
ns-material/esm/Polyl
ine.js (1:0): Module 
level directives 
cause errors when 
bundled, "use 
client" in "node_modu
les/@mui/icons-materi
al/esm/Polyline.js" 
was ignored.
node_modules/@mui/ico
ns-material/esm/PollT
woTone.js (1:0): 
Module level 
directives cause 
errors when bundled, 
"use client" in "node
_modules/@mui/icons-m
aterial/esm/PollTwoTo
ne.js" was ignored.
node_modules/@mui/ico
ns-material/esm/Polyl
ineOutlined.js 
(1:0): Module level 
directives cause 
errors when bundled, 
"use client" in "node
_modules/@mui/icons-m
aterial/esm/PolylineO
utlined.js" was 
ignored.
node_modules/@mui/ico
ns-material/esm/Polyl
ineRounded.js (1:0): 
Module level 
directives cause 
errors when bundled, 
"use client" in "node
_modules/@mui/icons-m
aterial/esm/PolylineR
ounded.js" was 
ignored.
node_modules/@mui/ico
ns-material/esm/PollS
harp.js (1:0): 
Module level 
directives cause 
errors when bundled, 
"use client" in "node
_modules/@mui/icons-m
aterial/esm/PollSharp
.js" was ignored.
node_modules/@mui/ico
ns-material/esm/Polyl
ineSharp.js (1:0): 
Module level 
directives cause 
errors when bundled, 
"use client" in "node
_modules/@mui/icons-m
aterial/esm/PolylineS
harp.js" was ignored.
node_modules/@mui/ico
ns-material/esm/Pool.
js (1:0): Module 
level directives 
cause errors when 
bundled, "use 
client" in "node_modu
les/@mui/icons-materi
al/esm/Pool.js" was 
ignored.
node_modules/@mui/ico
ns-material/esm/Polyl
ineTwoTone.js (1:0): 
Module level 
directives cause 
errors when bundled, 
"use client" in "node
_modules/@mui/icons-m
aterial/esm/PolylineT
woTone.js" was 
ignored.
node_modules/@mui/ico
ns-material/esm/PoolR
ounded.js (1:0): 
Module level 
directives cause 
errors when bundled, 
"use client" in "node
_modules/@mui/icons-m
aterial/esm/PoolRound
ed.js" was ignored.
node_modules/@mui/ico
ns-material/esm/PoolT
woTone.js (1:0): 
Module level 
directives cause 
errors when bundled, 
"use client" in "node
_modules/@mui/icons-m
aterial/esm/PoolTwoTo
ne.js" was ignored.
node_modules/@mui/ico
ns-material/esm/PoolS
harp.js (1:0): 
Module level 
directives cause 
errors when bundled, 
"use client" in "node
_modules/@mui/icons-m
aterial/esm/PoolSharp
.js" was ignored.
node_modules/@mui/ico
ns-material/esm/Porta
bleWifiOff.js (1:0): 
Module level 
directives cause 
errors when bundled, 
"use client" in "node
_modules/@mui/icons-m
aterial/esm/PortableW
ifiOff.js" was 
ignored.
node_modules/@mui/ico
ns-material/esm/PoolO
utlined.js (1:0): 
Module level 
directives cause 
errors when bundled, 
"use client" in "node
_modules/@mui/icons-m
aterial/esm/PoolOutli
ned.js" was ignored.
node_modules/@mui/ico
ns-material/esm/Porta
bleWifiOffSharp.js 
(1:0): Module level 
directives cause 
errors when bundled, 
"use client" in "node
_modules/@mui/icons-m
aterial/esm/PortableW
ifiOffSharp.js" was 
ignored.
node_modules/@mui/ico
ns-material/esm/Porta
bleWifiOffOutlined.js
 (1:0): Module level 
directives cause 
errors when bundled, 
"use client" in "node
_modules/@mui/icons-m
aterial/esm/PortableW
ifiOffOutlined.js" 
was ignored.
node_modules/@mui/ico
ns-material/esm/Porta
bleWifiOffRounded.js 
(1:0): Module level 
directives cause 
errors when bundled, 
"use client" in "node
_modules/@mui/icons-m
aterial/esm/PortableW
ifiOffRounded.js" 
was ignored.
node_modules/@mui/ico
ns-material/esm/Portr
ait.js (1:0): Module 
level directives 
cause errors when 
bundled, "use 
client" in "node_modu
les/@mui/icons-materi
al/esm/Portrait.js" 
was ignored.
node_modules/@mui/ico
ns-material/esm/Portr
aitOutlined.js 
(1:0): Module level 
directives cause 
errors when bundled, 
"use client" in "node
_modules/@mui/icons-m
aterial/esm/PortraitO
utlined.js" was 
ignored.
node_modules/@mui/ico
ns-material/esm/Porta
bleWifiOffTwoTone.js 
(1:0): Module level 
directives cause 
errors when bundled, 
"use client" in "node
_modules/@mui/icons-m
aterial/esm/PortableW
ifiOffTwoTone.js" 
was ignored.
node_modules/@mui/ico
ns-material/esm/Portr
aitSharp.js (1:0): 
Module level 
directives cause 
errors when bundled, 
"use client" in "node
_modules/@mui/icons-m
aterial/esm/PortraitS
harp.js" was ignored.
node_modules/@mui/ico
ns-material/esm/Portr
aitTwoTone.js (1:0): 
Module level 
directives cause 
errors when bundled, 
"use client" in "node
_modules/@mui/icons-m
aterial/esm/PortraitT
woTone.js" was 
ignored.
node_modules/@mui/ico
ns-material/esm/PostA
ddRounded.js (1:0): 
Module level 
directives cause 
errors when bundled, 
"use client" in "node
_modules/@mui/icons-m
aterial/esm/PostAddRo
unded.js" was 
ignored.
node_modules/@mui/ico
ns-material/esm/PostA
ddOutlined.js (1:0): 
Module level 
directives cause 
errors when bundled, 
"use client" in "node
_modules/@mui/icons-m
aterial/esm/PostAddOu
tlined.js" was 
ignored.
node_modules/@mui/ico
ns-material/esm/PostA
dd.js (1:0): Module 
level directives 
cause errors when 
bundled, "use 
client" in "node_modu
les/@mui/icons-materi
al/esm/PostAdd.js" 
was ignored.
node_modules/@mui/ico
ns-material/esm/Portr
aitRounded.js (1:0): 
Module level 
directives cause 
errors when bundled, 
"use client" in "node
_modules/@mui/icons-m
aterial/esm/PortraitR
ounded.js" was 
ignored.
node_modules/@mui/ico
ns-material/esm/PostA
ddTwoTone.js (1:0): 
Module level 
directives cause 
errors when bundled, 
"use client" in "node
_modules/@mui/icons-m
aterial/esm/PostAddTw
oTone.js" was 
ignored.
node_modules/@mui/ico
ns-material/esm/PostA
ddSharp.js (1:0): 
Module level 
directives cause 
errors when bundled, 
"use client" in "node
_modules/@mui/icons-m
aterial/esm/PostAddSh
arp.js" was ignored.
node_modules/@mui/ico
ns-material/esm/Power
.js (1:0): Module 
level directives 
cause errors when 
bundled, "use 
client" in "node_modu
les/@mui/icons-materi
al/esm/Power.js" was 
ignored.
node_modules/@mui/ico
ns-material/esm/Power
Input.js (1:0): 
Module level 
directives cause 
errors when bundled, 
"use client" in "node
_modules/@mui/icons-m
aterial/esm/PowerInpu
t.js" was ignored.
node_modules/@mui/ico
ns-material/esm/Power
InputOutlined.js 
(1:0): Module level 
directives cause 
errors when bundled, 
"use client" in "node
_modules/@mui/icons-m
aterial/esm/PowerInpu
tOutlined.js" was 
ignored.
node_modules/@mui/ico
ns-material/esm/Power
InputRounded.js 
(1:0): Module level 
directives cause 
errors when bundled, 
"use client" in "node
_modules/@mui/icons-m
aterial/esm/PowerInpu
tRounded.js" was 
ignored.
node_modules/@mui/ico
ns-material/esm/Power
InputTwoTone.js 
(1:0): Module level 
directives cause 
errors when bundled, 
"use client" in "node
_modules/@mui/icons-m
aterial/esm/PowerInpu
tTwoTone.js" was 
ignored.
node_modules/@mui/ico
ns-material/esm/Power
Off.js (1:0): Module 
level directives 
cause errors when 
bundled, "use 
client" in "node_modu
les/@mui/icons-materi
al/esm/PowerOff.js" 
was ignored.
node_modules/@mui/ico
ns-material/esm/Power
InputSharp.js (1:0): 
Module level 
directives cause 
errors when bundled, 
"use client" in "node
_modules/@mui/icons-m
aterial/esm/PowerInpu
tSharp.js" was 
ignored.
node_modules/@mui/ico
ns-material/esm/Power
OffRounded.js (1:0): 
Module level 
directives cause 
errors when bundled, 
"use client" in "node
_modules/@mui/icons-m
aterial/esm/PowerOffR
ounded.js" was 
ignored.
node_modules/@mui/ico
ns-material/esm/Power
OffOutlined.js 
(1:0): Module level 
directives cause 
errors when bundled, 
"use client" in "node
_modules/@mui/icons-m
aterial/esm/PowerOffO
utlined.js" was 
ignored.
node_modules/@mui/ico
ns-material/esm/Power
OffSharp.js (1:0): 
Module level 
directives cause 
errors when bundled, 
"use client" in "node
_modules/@mui/icons-m
aterial/esm/PowerOffS
harp.js" was ignored.
node_modules/@mui/ico
ns-material/esm/Power
OffTwoTone.js (1:0): 
Module level 
directives cause 
errors when bundled, 
"use client" in "node
_modules/@mui/icons-m
aterial/esm/PowerOffT
woTone.js" was 
ignored.
node_modules/@mui/ico
ns-material/esm/Power
Rounded.js (1:0): 
Module level 
directives cause 
errors when bundled, 
"use client" in "node
_modules/@mui/icons-m
aterial/esm/PowerRoun
ded.js" was ignored.
node_modules/@mui/ico
ns-material/esm/Power
Outlined.js (1:0): 
Module level 
directives cause 
errors when bundled, 
"use client" in "node
_modules/@mui/icons-m
aterial/esm/PowerOutl
ined.js" was ignored.
node_modules/@mui/ico
ns-material/esm/Power
SettingsNewOutlined.j
s (1:0): Module 
level directives 
cause errors when 
bundled, "use 
client" in "node_modu
les/@mui/icons-materi
al/esm/PowerSettingsN
ewOutlined.js" was 
ignored.
node_modules/@mui/ico
ns-material/esm/Power
SettingsNew.js 
(1:0): Module level 
directives cause 
errors when bundled, 
"use client" in "node
_modules/@mui/icons-m
aterial/esm/PowerSett
ingsNew.js" was 
ignored.
node_modules/@mui/ico
ns-material/esm/Power
SettingsNewRounded.js
 (1:0): Module level 
directives cause 
errors when bundled, 
"use client" in "node
_modules/@mui/icons-m
aterial/esm/PowerSett
ingsNewRounded.js" 
was ignored.
node_modules/@mui/ico
ns-material/esm/Power
SettingsNewSharp.js 
(1:0): Module level 
directives cause 
errors when bundled, 
"use client" in "node
_modules/@mui/icons-m
aterial/esm/PowerSett
ingsNewSharp.js" was 
ignored.
node_modules/@mui/ico
ns-material/esm/Power
SettingsNewTwoTone.js
 (1:0): Module level 
directives cause 
errors when bundled, 
"use client" in "node
_modules/@mui/icons-m
aterial/esm/PowerSett
ingsNewTwoTone.js" 
was ignored.
node_modules/@mui/ico
ns-material/esm/Power
Sharp.js (1:0): 
Module level 
directives cause 
errors when bundled, 
"use client" in "node
_modules/@mui/icons-m
aterial/esm/PowerShar
p.js" was ignored.
node_modules/@mui/ico
ns-material/esm/Power
TwoTone.js (1:0): 
Module level 
directives cause 
errors when bundled, 
"use client" in "node
_modules/@mui/icons-m
aterial/esm/PowerTwoT
one.js" was ignored.
node_modules/@mui/ico
ns-material/esm/Preci
sionManufacturing.js 
(1:0): Module level 
directives cause 
errors when bundled, 
"use client" in "node
_modules/@mui/icons-m
aterial/esm/Precision
Manufacturing.js" 
was ignored.
node_modules/@mui/ico
ns-material/esm/Preci
sionManufacturingOutl
ined.js (1:0): 
Module level 
directives cause 
errors when bundled, 
"use client" in "node
_modules/@mui/icons-m
aterial/esm/Precision
ManufacturingOutlined
.js" was ignored.
node_modules/@mui/ico
ns-material/esm/Preci
sionManufacturingRoun
ded.js (1:0): Module 
level directives 
cause errors when 
bundled, "use 
client" in "node_modu
les/@mui/icons-materi
al/esm/PrecisionManuf
acturingRounded.js" 
was ignored.
node_modules/@mui/ico
ns-material/esm/Preci
sionManufacturingShar
p.js (1:0): Module 
level directives 
cause errors when 
bundled, "use 
client" in "node_modu
les/@mui/icons-materi
al/esm/PrecisionManuf
acturingSharp.js" 
was ignored.
node_modules/@mui/ico
ns-material/esm/Preci
sionManufacturingTwoT
one.js (1:0): Module 
level directives 
cause errors when 
bundled, "use 
client" in "node_modu
les/@mui/icons-materi
al/esm/PrecisionManuf
acturingTwoTone.js" 
was ignored.
node_modules/@mui/ico
ns-material/esm/Pregn
antWoman.js (1:0): 
Module level 
directives cause 
errors when bundled, 
"use client" in "node
_modules/@mui/icons-m
aterial/esm/PregnantW
oman.js" was ignored.
node_modules/@mui/ico
ns-material/esm/Pregn
antWomanOutlined.js 
(1:0): Module level 
directives cause 
errors when bundled, 
"use client" in "node
_modules/@mui/icons-m
aterial/esm/PregnantW
omanOutlined.js" was 
ignored.
node_modules/@mui/ico
ns-material/esm/Pregn
antWomanSharp.js 
(1:0): Module level 
directives cause 
errors when bundled, 
"use client" in "node
_modules/@mui/icons-m
aterial/esm/PregnantW
omanSharp.js" was 
ignored.
node_modules/@mui/ico
ns-material/esm/Pregn
antWomanRounded.js 
(1:0): Module level 
directives cause 
errors when bundled, 
"use client" in "node
_modules/@mui/icons-m
aterial/esm/PregnantW
omanRounded.js" was 
ignored.
node_modules/@mui/ico
ns-material/esm/Pregn
antWomanTwoTone.js 
(1:0): Module level 
directives cause 
errors when bundled, 
"use client" in "node
_modules/@mui/icons-m
aterial/esm/PregnantW
omanTwoTone.js" was 
ignored.
node_modules/@mui/ico
ns-material/esm/Prese
ntToAll.js (1:0): 
Module level 
directives cause 
errors when bundled, 
"use client" in "node
_modules/@mui/icons-m
aterial/esm/PresentTo
All.js" was ignored.
node_modules/@mui/ico
ns-material/esm/Prese
ntToAllSharp.js 
(1:0): Module level 
directives cause 
errors when bundled, 
"use client" in "node
_modules/@mui/icons-m
aterial/esm/PresentTo
AllSharp.js" was 
ignored.
node_modules/@mui/ico
ns-material/esm/Prese
ntToAllOutlined.js 
(1:0): Module level 
directives cause 
errors when bundled, 
"use client" in "node
_modules/@mui/icons-m
aterial/esm/PresentTo
AllOutlined.js" was 
ignored.
node_modules/@mui/ico
ns-material/esm/Prese
ntToAllRounded.js 
(1:0): Module level 
directives cause 
errors when bundled, 
"use client" in "node
_modules/@mui/icons-m
aterial/esm/PresentTo
AllRounded.js" was 
ignored.
node_modules/@mui/ico
ns-material/esm/Prese
ntToAllTwoTone.js 
(1:0): Module level 
directives cause 
errors when bundled, 
"use client" in "node
_modules/@mui/icons-m
aterial/esm/PresentTo
AllTwoTone.js" was 
ignored.
node_modules/@mui/ico
ns-material/esm/Previ
ew.js (1:0): Module 
level directives 
cause errors when 
bundled, "use 
client" in "node_modu
les/@mui/icons-materi
al/esm/Preview.js" 
was ignored.
node_modules/@mui/ico
ns-material/esm/Previ
ewOutlined.js (1:0): 
Module level 
directives cause 
errors when bundled, 
"use client" in "node
_modules/@mui/icons-m
aterial/esm/PreviewOu
tlined.js" was 
ignored.
node_modules/@mui/ico
ns-material/esm/Previ
ewSharp.js (1:0): 
Module level 
directives cause 
errors when bundled, 
"use client" in "node
_modules/@mui/icons-m
aterial/esm/PreviewSh
arp.js" was ignored.
node_modules/@mui/ico
ns-material/esm/Previ
ewRounded.js (1:0): 
Module level 
directives cause 
errors when bundled, 
"use client" in "node
_modules/@mui/icons-m
aterial/esm/PreviewRo
unded.js" was 
ignored.
node_modules/@mui/ico
ns-material/esm/Price
Change.js (1:0): 
Module level 
directives cause 
errors when bundled, 
"use client" in "node
_modules/@mui/icons-m
aterial/esm/PriceChan
ge.js" was ignored.
node_modules/@mui/ico
ns-material/esm/Previ
ewTwoTone.js (1:0): 
Module level 
directives cause 
errors when bundled, 
"use client" in "node
_modules/@mui/icons-m
aterial/esm/PreviewTw
oTone.js" was 
ignored.
node_modules/@mui/ico
ns-material/esm/Price
ChangeOutlined.js 
(1:0): Module level 
directives cause 
errors when bundled, 
"use client" in "node
_modules/@mui/icons-m
aterial/esm/PriceChan
geOutlined.js" was 
ignored.
node_modules/@mui/ico
ns-material/esm/Price
ChangeRounded.js 
(1:0): Module level 
directives cause 
errors when bundled, 
"use client" in "node
_modules/@mui/icons-m
aterial/esm/PriceChan
geRounded.js" was 
ignored.
node_modules/@mui/ico
ns-material/esm/Price
ChangeSharp.js 
(1:0): Module level 
directives cause 
errors when bundled, 
"use client" in "node
_modules/@mui/icons-m
aterial/esm/PriceChan
geSharp.js" was 
ignored.
node_modules/@mui/ico
ns-material/esm/Price
Check.js (1:0): 
Module level 
directives cause 
errors when bundled, 
"use client" in "node
_modules/@mui/icons-m
aterial/esm/PriceChec
k.js" was ignored.
node_modules/@mui/ico
ns-material/esm/Price
ChangeTwoTone.js 
(1:0): Module level 
directives cause 
errors when bundled, 
"use client" in "node
_modules/@mui/icons-m
aterial/esm/PriceChan
geTwoTone.js" was 
ignored.
node_modules/@mui/ico
ns-material/esm/Price
CheckOutlined.js 
(1:0): Module level 
directives cause 
errors when bundled, 
"use client" in "node
_modules/@mui/icons-m
aterial/esm/PriceChec
kOutlined.js" was 
ignored.
node_modules/@mui/ico
ns-material/esm/Price
CheckSharp.js (1:0): 
Module level 
directives cause 
errors when bundled, 
"use client" in "node
_modules/@mui/icons-m
aterial/esm/PriceChec
kSharp.js" was 
ignored.
node_modules/@mui/ico
ns-material/esm/Print
DisabledRounded.js 
(1:0): Module level 
directives cause 
errors when bundled, 
"use client" in "node
_modules/@mui/icons-m
aterial/esm/PrintDisa
bledRounded.js" was 
ignored.
node_modules/@mui/ico
ns-material/esm/Print
Disabled.js (1:0): 
Module level 
directives cause 
errors when bundled, 
"use client" in "node
_modules/@mui/icons-m
aterial/esm/PrintDisa
bled.js" was ignored.
node_modules/@mui/ico
ns-material/esm/Print
Outlined.js (1:0): 
Module level 
directives cause 
errors when bundled, 
"use client" in "node
_modules/@mui/icons-m
aterial/esm/PrintOutl
ined.js" was ignored.
node_modules/@mui/ico
ns-material/esm/Print
DisabledTwoTone.js 
(1:0): Module level 
directives cause 
errors when bundled, 
"use client" in "node
_modules/@mui/icons-m
aterial/esm/PrintDisa
bledTwoTone.js" was 
ignored.
node_modules/@mui/ico
ns-material/esm/Print
Rounded.js (1:0): 
Module level 
directives cause 
errors when bundled, 
"use client" in "node
_modules/@mui/icons-m
aterial/esm/PrintRoun
ded.js" was ignored.
node_modules/@mui/ico
ns-material/esm/Prior
ityHigh.js (1:0): 
Module level 
directives cause 
errors when bundled, 
"use client" in "node
_modules/@mui/icons-m
aterial/esm/PriorityH
igh.js" was ignored.
node_modules/@mui/ico
ns-material/esm/Print
TwoTone.js (1:0): 
Module level 
directives cause 
errors when bundled, 
"use client" in "node
_modules/@mui/icons-m
aterial/esm/PrintTwoT
one.js" was ignored.
node_modules/@mui/ico
ns-material/esm/Price
CheckRounded.js 
(1:0): Module level 
directives cause 
errors when bundled, 
"use client" in "node
_modules/@mui/icons-m
aterial/esm/PriceChec
kRounded.js" was 
ignored.
node_modules/@mui/ico
ns-material/esm/Print
Sharp.js (1:0): 
Module level 
directives cause 
errors when bundled, 
"use client" in "node
_modules/@mui/icons-m
aterial/esm/PrintShar
p.js" was ignored.
node_modules/@mui/ico
ns-material/esm/Prior
ityHighSharp.js 
(1:0): Module level 
directives cause 
errors when bundled, 
"use client" in "node
_modules/@mui/icons-m
aterial/esm/PriorityH
ighSharp.js" was 
ignored.
node_modules/@mui/ico
ns-material/esm/Price
CheckTwoTone.js 
(1:0): Module level 
directives cause 
errors when bundled, 
"use client" in "node
_modules/@mui/icons-m
aterial/esm/PriceChec
kTwoTone.js" was 
ignored.
node_modules/@mui/ico
ns-material/esm/Prior
ityHighOutlined.js 
(1:0): Module level 
directives cause 
errors when bundled, 
"use client" in "node
_modules/@mui/icons-m
aterial/esm/PriorityH
ighOutlined.js" was 
ignored.
node_modules/@mui/ico
ns-material/esm/Print
DisabledOutlined.js 
(1:0): Module level 
directives cause 
errors when bundled, 
"use client" in "node
_modules/@mui/icons-m
aterial/esm/PrintDisa
bledOutlined.js" was 
ignored.
node_modules/@mui/ico
ns-material/esm/Prior
ityHighTwoTone.js 
(1:0): Module level 
directives cause 
errors when bundled, 
"use client" in "node
_modules/@mui/icons-m
aterial/esm/PriorityH
ighTwoTone.js" was 
ignored.
node_modules/@mui/ico
ns-material/esm/Priva
cyTip.js (1:0): 
Module level 
directives cause 
errors when bundled, 
"use client" in "node
_modules/@mui/icons-m
aterial/esm/PrivacyTi
p.js" was ignored.
node_modules/@mui/ico
ns-material/esm/Print
DisabledSharp.js 
(1:0): Module level 
directives cause 
errors when bundled, 
"use client" in "node
_modules/@mui/icons-m
aterial/esm/PrintDisa
bledSharp.js" was 
ignored.
node_modules/@mui/ico
ns-material/esm/Prior
ityHighRounded.js 
(1:0): Module level 
directives cause 
errors when bundled, 
"use client" in "node
_modules/@mui/icons-m
aterial/esm/PriorityH
ighRounded.js" was 
ignored.
node_modules/@mui/ico
ns-material/esm/Priva
cyTipTwoTone.js 
(1:0): Module level 
directives cause 
errors when bundled, 
"use client" in "node
_modules/@mui/icons-m
aterial/esm/PrivacyTi
pTwoTone.js" was 
ignored.
node_modules/@mui/ico
ns-material/esm/Priva
cyTipOutlined.js 
(1:0): Module level 
directives cause 
errors when bundled, 
"use client" in "node
_modules/@mui/icons-m
aterial/esm/PrivacyTi
pOutlined.js" was 
ignored.
node_modules/@mui/ico
ns-material/esm/Produ
ctionQuantityLimitsOu
tlined.js (1:0): 
Module level 
directives cause 
errors when bundled, 
"use client" in "node
_modules/@mui/icons-m
aterial/esm/Productio
nQuantityLimitsOutlin
ed.js" was ignored.
node_modules/@mui/ico
ns-material/esm/Priva
cyTipRounded.js 
(1:0): Module level 
directives cause 
errors when bundled, 
"use client" in "node
_modules/@mui/icons-m
aterial/esm/PrivacyTi
pRounded.js" was 
ignored.
node_modules/@mui/ico
ns-material/esm/Priva
cyTipSharp.js (1:0): 
Module level 
directives cause 
errors when bundled, 
"use client" in "node
_modules/@mui/icons-m
aterial/esm/PrivacyTi
pSharp.js" was 
ignored.
node_modules/@mui/ico
ns-material/esm/Produ
ctionQuantityLimitsTw
oTone.js (1:0): 
Module level 
directives cause 
errors when bundled, 
"use client" in "node
_modules/@mui/icons-m
aterial/esm/Productio
nQuantityLimitsTwoTon
e.js" was ignored.
node_modules/@mui/ico
ns-material/esm/Propa
ne.js (1:0): Module 
level directives 
cause errors when 
bundled, "use 
client" in "node_modu
les/@mui/icons-materi
al/esm/Propane.js" 
was ignored.
node_modules/@mui/ico
ns-material/esm/Propa
neOutlined.js (1:0): 
Module level 
directives cause 
errors when bundled, 
"use client" in "node
_modules/@mui/icons-m
aterial/esm/PropaneOu
tlined.js" was 
ignored.
node_modules/@mui/ico
ns-material/esm/Propa
neTank.js (1:0): 
Module level 
directives cause 
errors when bundled, 
"use client" in "node
_modules/@mui/icons-m
aterial/esm/PropaneTa
nk.js" was ignored.
node_modules/@mui/ico
ns-material/esm/Propa
neRounded.js (1:0): 
Module level 
directives cause 
errors when bundled, 
"use client" in "node
_modules/@mui/icons-m
aterial/esm/PropaneRo
unded.js" was 
ignored.
node_modules/@mui/ico
ns-material/esm/Propa
neSharp.js (1:0): 
Module level 
directives cause 
errors when bundled, 
"use client" in "node
_modules/@mui/icons-m
aterial/esm/PropaneSh
arp.js" was ignored.
node_modules/@mui/ico
ns-material/esm/Propa
neTankRounded.js 
(1:0): Module level 
directives cause 
errors when bundled, 
"use client" in "node
_modules/@mui/icons-m
aterial/esm/PropaneTa
nkRounded.js" was 
ignored.
node_modules/@mui/ico
ns-material/esm/Propa
neTankOutlined.js 
(1:0): Module level 
directives cause 
errors when bundled, 
"use client" in "node
_modules/@mui/icons-m
aterial/esm/PropaneTa
nkOutlined.js" was 
ignored.
node_modules/@mui/ico
ns-material/esm/Propa
neTankSharp.js 
(1:0): Module level 
directives cause 
errors when bundled, 
"use client" in "node
_modules/@mui/icons-m
aterial/esm/PropaneTa
nkSharp.js" was 
ignored.
node_modules/@mui/ico
ns-material/esm/Propa
neTankTwoTone.js 
(1:0): Module level 
directives cause 
errors when bundled, 
"use client" in "node
_modules/@mui/icons-m
aterial/esm/PropaneTa
nkTwoTone.js" was 
ignored.
node_modules/@mui/ico
ns-material/esm/Propa
neTwoTone.js (1:0): 
Module level 
directives cause 
errors when bundled, 
"use client" in "node
_modules/@mui/icons-m
aterial/esm/PropaneTw
oTone.js" was 
ignored.
node_modules/@mui/ico
ns-material/esm/Psych
ology.js (1:0): 
Module level 
directives cause 
errors when bundled, 
"use client" in "node
_modules/@mui/icons-m
aterial/esm/Psycholog
y.js" was ignored.
node_modules/@mui/ico
ns-material/esm/Produ
ctionQuantityLimitsRo
unded.js (1:0): 
Module level 
directives cause 
errors when bundled, 
"use client" in "node
_modules/@mui/icons-m
aterial/esm/Productio
nQuantityLimitsRounde
d.js" was ignored.
node_modules/@mui/ico
ns-material/esm/Psych
ologyAlt.js (1:0): 
Module level 
directives cause 
errors when bundled, 
"use client" in "node
_modules/@mui/icons-m
aterial/esm/Psycholog
yAlt.js" was ignored.
node_modules/@mui/ico
ns-material/esm/Psych
ologyAltOutlined.js 
(1:0): Module level 
directives cause 
errors when bundled, 
"use client" in "node
_modules/@mui/icons-m
aterial/esm/Psycholog
yAltOutlined.js" was 
ignored.
node_modules/@mui/ico
ns-material/esm/Psych
ologyAltTwoTone.js 
(1:0): Module level 
directives cause 
errors when bundled, 
"use client" in "node
_modules/@mui/icons-m
aterial/esm/Psycholog
yAltTwoTone.js" was 
ignored.
node_modules/@mui/ico
ns-material/esm/Psych
ologyAltRounded.js 
(1:0): Module level 
directives cause 
errors when bundled, 
"use client" in "node
_modules/@mui/icons-m
aterial/esm/Psycholog
yAltRounded.js" was 
ignored.
node_modules/@mui/ico
ns-material/esm/Psych
ologySharp.js (1:0): 
Module level 
directives cause 
errors when bundled, 
"use client" in "node
_modules/@mui/icons-m
aterial/esm/Psycholog
ySharp.js" was 
ignored.
node_modules/@mui/ico
ns-material/esm/Psych
ologyAltSharp.js 
(1:0): Module level 
directives cause 
errors when bundled, 
"use client" in "node
_modules/@mui/icons-m
aterial/esm/Psycholog
yAltSharp.js" was 
ignored.
node_modules/@mui/ico
ns-material/esm/Psych
ologyOutlined.js 
(1:0): Module level 
directives cause 
errors when bundled, 
"use client" in "node
_modules/@mui/icons-m
aterial/esm/Psycholog
yOutlined.js" was 
ignored.
node_modules/@mui/ico
ns-material/esm/Psych
ologyTwoTone.js 
(1:0): Module level 
directives cause 
errors when bundled, 
"use client" in "node
_modules/@mui/icons-m
aterial/esm/Psycholog
yTwoTone.js" was 
ignored.
node_modules/@mui/ico
ns-material/esm/Psych
ologyRounded.js 
(1:0): Module level 
directives cause 
errors when bundled, 
"use client" in "node
_modules/@mui/icons-m
aterial/esm/Psycholog
yRounded.js" was 
ignored.
node_modules/@mui/ico
ns-material/esm/Publi
c.js (1:0): Module 
level directives 
cause errors when 
bundled, "use 
client" in "node_modu
les/@mui/icons-materi
al/esm/Public.js" 
was ignored.
node_modules/@mui/ico
ns-material/esm/Publi
cOffRounded.js 
(1:0): Module level 
directives cause 
errors when bundled, 
"use client" in "node
_modules/@mui/icons-m
aterial/esm/PublicOff
Rounded.js" was 
ignored.
node_modules/@mui/ico
ns-material/esm/Publi
cOff.js (1:0): 
Module level 
directives cause 
errors when bundled, 
"use client" in "node
_modules/@mui/icons-m
aterial/esm/PublicOff
.js" was ignored.
node_modules/@mui/ico
ns-material/esm/Publi
cOffOutlined.js 
(1:0): Module level 
directives cause 
errors when bundled, 
"use client" in "node
_modules/@mui/icons-m
aterial/esm/PublicOff
Outlined.js" was 
ignored.
node_modules/@mui/ico
ns-material/esm/Publi
cOffTwoTone.js 
(1:0): Module level 
directives cause 
errors when bundled, 
"use client" in "node
_modules/@mui/icons-m
aterial/esm/PublicOff
TwoTone.js" was 
ignored.
node_modules/@mui/ico
ns-material/esm/Publi
cOffSharp.js (1:0): 
Module level 
directives cause 
errors when bundled, 
"use client" in "node
_modules/@mui/icons-m
aterial/esm/PublicOff
Sharp.js" was 
ignored.
node_modules/@mui/ico
ns-material/esm/Publi
cOutlined.js (1:0): 
Module level 
directives cause 
errors when bundled, 
"use client" in "node
_modules/@mui/icons-m
aterial/esm/PublicOut
lined.js" was 
ignored.
node_modules/@mui/ico
ns-material/esm/Publi
cRounded.js (1:0): 
Module level 
directives cause 
errors when bundled, 
"use client" in "node
_modules/@mui/icons-m
aterial/esm/PublicRou
nded.js" was ignored.
node_modules/@mui/ico
ns-material/esm/Publi
cSharp.js (1:0): 
Module level 
directives cause 
errors when bundled, 
"use client" in "node
_modules/@mui/icons-m
aterial/esm/PublicSha
rp.js" was ignored.
node_modules/@mui/ico
ns-material/esm/Publi
cTwoTone.js (1:0): 
Module level 
directives cause 
errors when bundled, 
"use client" in "node
_modules/@mui/icons-m
aterial/esm/PublicTwo
Tone.js" was ignored.
node_modules/@mui/ico
ns-material/esm/Publi
shOutlined.js (1:0): 
Module level 
directives cause 
errors when bundled, 
"use client" in "node
_modules/@mui/icons-m
aterial/esm/PublishOu
tlined.js" was 
ignored.
node_modules/@mui/ico
ns-material/esm/Produ
ctionQuantityLimits.j
s (1:0): Module 
level directives 
cause errors when 
bundled, "use 
client" in "node_modu
les/@mui/icons-materi
al/esm/ProductionQuan
tityLimits.js" was 
ignored.
node_modules/@mui/ico
ns-material/esm/Publi
sh.js (1:0): Module 
level directives 
cause errors when 
bundled, "use 
client" in "node_modu
les/@mui/icons-materi
al/esm/Publish.js" 
was ignored.
node_modules/@mui/ico
ns-material/esm/Publi
shRounded.js (1:0): 
Module level 
directives cause 
errors when bundled, 
"use client" in "node
_modules/@mui/icons-m
aterial/esm/PublishRo
unded.js" was 
ignored.
node_modules/@mui/ico
ns-material/esm/Publi
shSharp.js (1:0): 
Module level 
directives cause 
errors when bundled, 
"use client" in "node
_modules/@mui/icons-m
aterial/esm/PublishSh
arp.js" was ignored.
node_modules/@mui/ico
ns-material/esm/Publi
shedWithChangesOutlin
ed.js (1:0): Module 
level directives 
cause errors when 
bundled, "use 
client" in "node_modu
les/@mui/icons-materi
al/esm/PublishedWithC
hangesOutlined.js" 
was ignored.
node_modules/@mui/ico
ns-material/esm/Publi
shedWithChanges.js 
(1:0): Module level 
directives cause 
errors when bundled, 
"use client" in "node
_modules/@mui/icons-m
aterial/esm/Published
WithChanges.js" was 
ignored.
node_modules/@mui/ico
ns-material/esm/Publi
shTwoTone.js (1:0): 
Module level 
directives cause 
errors when bundled, 
"use client" in "node
_modules/@mui/icons-m
aterial/esm/PublishTw
oTone.js" was 
ignored.
node_modules/@mui/ico
ns-material/esm/Publi
shedWithChangesRounde
d.js (1:0): Module 
level directives 
cause errors when 
bundled, "use 
client" in "node_modu
les/@mui/icons-materi
al/esm/PublishedWithC
hangesRounded.js" 
was ignored.
node_modules/@mui/ico
ns-material/esm/Publi
shedWithChangesSharp.
js (1:0): Module 
level directives 
cause errors when 
bundled, "use 
client" in "node_modu
les/@mui/icons-materi
al/esm/PublishedWithC
hangesSharp.js" was 
ignored.
node_modules/@mui/ico
ns-material/esm/Punch
ClockOutlined.js 
(1:0): Module level 
directives cause 
errors when bundled, 
"use client" in "node
_modules/@mui/icons-m
aterial/esm/PunchCloc
kOutlined.js" was 
ignored.
node_modules/@mui/ico
ns-material/esm/Punch
Clock.js (1:0): 
Module level 
directives cause 
errors when bundled, 
"use client" in "node
_modules/@mui/icons-m
aterial/esm/PunchCloc
k.js" was ignored.
node_modules/@mui/ico
ns-material/esm/Publi
shedWithChangesTwoTon
e.js (1:0): Module 
level directives 
cause errors when 
bundled, "use 
client" in "node_modu
les/@mui/icons-materi
al/esm/PublishedWithC
hangesTwoTone.js" 
was ignored.
node_modules/@mui/ico
ns-material/esm/Punch
ClockSharp.js (1:0): 
Module level 
directives cause 
errors when bundled, 
"use client" in "node
_modules/@mui/icons-m
aterial/esm/PunchCloc
kSharp.js" was 
ignored.
node_modules/@mui/ico
ns-material/esm/Punch
ClockRounded.js 
(1:0): Module level 
directives cause 
errors when bundled, 
"use client" in "node
_modules/@mui/icons-m
aterial/esm/PunchCloc
kRounded.js" was 
ignored.
node_modules/@mui/ico
ns-material/esm/PushP
in.js (1:0): Module 
level directives 
cause errors when 
bundled, "use 
client" in "node_modu
les/@mui/icons-materi
al/esm/PushPin.js" 
was ignored.
node_modules/@mui/ico
ns-material/esm/Produ
ctionQuantityLimitsSh
arp.js (1:0): Module 
level directives 
cause errors when 
bundled, "use 
client" in "node_modu
les/@mui/icons-materi
al/esm/ProductionQuan
tityLimitsSharp.js" 
was ignored.
node_modules/@mui/ico
ns-material/esm/Punch
ClockTwoTone.js 
(1:0): Module level 
directives cause 
errors when bundled, 
"use client" in "node
_modules/@mui/icons-m
aterial/esm/PunchCloc
kTwoTone.js" was 
ignored.
node_modules/@mui/ico
ns-material/esm/PushP
inSharp.js (1:0): 
Module level 
directives cause 
errors when bundled, 
"use client" in "node
_modules/@mui/icons-m
aterial/esm/PushPinSh
arp.js" was ignored.
node_modules/@mui/ico
ns-material/esm/PushP
inRounded.js (1:0): 
Module level 
directives cause 
errors when bundled, 
"use client" in "node
_modules/@mui/icons-m
aterial/esm/PushPinRo
unded.js" was 
ignored.
node_modules/@mui/ico
ns-material/esm/PushP
inOutlined.js (1:0): 
Module level 
directives cause 
errors when bundled, 
"use client" in "node
_modules/@mui/icons-m
aterial/esm/PushPinOu
tlined.js" was 
ignored.
node_modules/@mui/ico
ns-material/esm/PushP
inTwoTone.js (1:0): 
Module level 
directives cause 
errors when bundled, 
"use client" in "node
_modules/@mui/icons-m
aterial/esm/PushPinTw
oTone.js" was 
ignored.
node_modules/@mui/ico
ns-material/esm/QrCod
e.js (1:0): Module 
level directives 
cause errors when 
bundled, "use 
client" in "node_modu
les/@mui/icons-materi
al/esm/QrCode.js" 
was ignored.
node_modules/@mui/ico
ns-material/esm/QrCod
e2.js (1:0): Module 
level directives 
cause errors when 
bundled, "use 
client" in "node_modu
les/@mui/icons-materi
al/esm/QrCode2.js" 
was ignored.
node_modules/@mui/ico
ns-material/esm/QrCod
e2Outlined.js (1:0): 
Module level 
directives cause 
errors when bundled, 
"use client" in "node
_modules/@mui/icons-m
aterial/esm/QrCode2Ou
tlined.js" was 
ignored.
node_modules/@mui/ico
ns-material/esm/QrCod
e2Rounded.js (1:0): 
Module level 
directives cause 
errors when bundled, 
"use client" in "node
_modules/@mui/icons-m
aterial/esm/QrCode2Ro
unded.js" was 
ignored.
node_modules/@mui/ico
ns-material/esm/QrCod
eOutlined.js (1:0): 
Module level 
directives cause 
errors when bundled, 
"use client" in "node
_modules/@mui/icons-m
aterial/esm/QrCodeOut
lined.js" was 
ignored.
node_modules/@mui/ico
ns-material/esm/QrCod
e2Sharp.js (1:0): 
Module level 
directives cause 
errors when bundled, 
"use client" in "node
_modules/@mui/icons-m
aterial/esm/QrCode2Sh
arp.js" was ignored.
node_modules/@mui/ico
ns-material/esm/QrCod
e2TwoTone.js (1:0): 
Module level 
directives cause 
errors when bundled, 
"use client" in "node
_modules/@mui/icons-m
aterial/esm/QrCode2Tw
oTone.js" was 
ignored.
node_modules/@mui/ico
ns-material/esm/QrCod
eRounded.js (1:0): 
Module level 
directives cause 
errors when bundled, 
"use client" in "node
_modules/@mui/icons-m
aterial/esm/QrCodeRou
nded.js" was ignored.
node_modules/@mui/ico
ns-material/esm/QrCod
eScanner.js (1:0): 
Module level 
directives cause 
errors when bundled, 
"use client" in "node
_modules/@mui/icons-m
aterial/esm/QrCodeSca
nner.js" was ignored.
node_modules/@mui/ico
ns-material/esm/QrCod
eScannerRounded.js 
(1:0): Module level 
directives cause 
errors when bundled, 
"use client" in "node
_modules/@mui/icons-m
aterial/esm/QrCodeSca
nnerRounded.js" was 
ignored.
node_modules/@mui/ico
ns-material/esm/QrCod
eScannerOutlined.js 
(1:0): Module level 
directives cause 
errors when bundled, 
"use client" in "node
_modules/@mui/icons-m
aterial/esm/QrCodeSca
nnerOutlined.js" was 
ignored.
node_modules/@mui/ico
ns-material/esm/QrCod
eScannerSharp.js 
(1:0): Module level 
directives cause 
errors when bundled, 
"use client" in "node
_modules/@mui/icons-m
aterial/esm/QrCodeSca
nnerSharp.js" was 
ignored.
node_modules/@mui/ico
ns-material/esm/QrCod
eScannerTwoTone.js 
(1:0): Module level 
directives cause 
errors when bundled, 
"use client" in "node
_modules/@mui/icons-m
aterial/esm/QrCodeSca
nnerTwoTone.js" was 
ignored.
node_modules/@mui/ico
ns-material/esm/Query
Builder.js (1:0): 
Module level 
directives cause 
errors when bundled, 
"use client" in "node
_modules/@mui/icons-m
aterial/esm/QueryBuil
der.js" was ignored.
node_modules/@mui/ico
ns-material/esm/QrCod
eTwoTone.js (1:0): 
Module level 
directives cause 
errors when bundled, 
"use client" in "node
_modules/@mui/icons-m
aterial/esm/QrCodeTwo
Tone.js" was ignored.
node_modules/@mui/ico
ns-material/esm/QrCod
eSharp.js (1:0): 
Module level 
directives cause 
errors when bundled, 
"use client" in "node
_modules/@mui/icons-m
aterial/esm/QrCodeSha
rp.js" was ignored.
node_modules/@mui/ico
ns-material/esm/Query
BuilderOutlined.js 
(1:0): Module level 
directives cause 
errors when bundled, 
"use client" in "node
_modules/@mui/icons-m
aterial/esm/QueryBuil
derOutlined.js" was 
ignored.
node_modules/@mui/ico
ns-material/esm/Query
BuilderRounded.js 
(1:0): Module level 
directives cause 
errors when bundled, 
"use client" in "node
_modules/@mui/icons-m
aterial/esm/QueryBuil
derRounded.js" was 
ignored.
node_modules/@mui/ico
ns-material/esm/Query
BuilderTwoTone.js 
(1:0): Module level 
directives cause 
errors when bundled, 
"use client" in "node
_modules/@mui/icons-m
aterial/esm/QueryBuil
derTwoTone.js" was 
ignored.
node_modules/@mui/ico
ns-material/esm/Query
Stats.js (1:0): 
Module level 
directives cause 
errors when bundled, 
"use client" in "node
_modules/@mui/icons-m
aterial/esm/QueryStat
s.js" was ignored.
node_modules/@mui/ico
ns-material/esm/Query
StatsRounded.js 
(1:0): Module level 
directives cause 
errors when bundled, 
"use client" in "node
_modules/@mui/icons-m
aterial/esm/QueryStat
sRounded.js" was 
ignored.
node_modules/@mui/ico
ns-material/esm/Query
StatsOutlined.js 
(1:0): Module level 
directives cause 
errors when bundled, 
"use client" in "node
_modules/@mui/icons-m
aterial/esm/QueryStat
sOutlined.js" was 
ignored.
node_modules/@mui/ico
ns-material/esm/Query
StatsTwoTone.js 
(1:0): Module level 
directives cause 
errors when bundled, 
"use client" in "node
_modules/@mui/icons-m
aterial/esm/QueryStat
sTwoTone.js" was 
ignored.
node_modules/@mui/ico
ns-material/esm/Query
StatsSharp.js (1:0): 
Module level 
directives cause 
errors when bundled, 
"use client" in "node
_modules/@mui/icons-m
aterial/esm/QueryStat
sSharp.js" was 
ignored.
node_modules/@mui/ico
ns-material/esm/Quest
ionAnswer.js (1:0): 
Module level 
directives cause 
errors when bundled, 
"use client" in "node
_modules/@mui/icons-m
aterial/esm/QuestionA
nswer.js" was 
ignored.
node_modules/@mui/ico
ns-material/esm/Quest
ionAnswerOutlined.js 
(1:0): Module level 
directives cause 
errors when bundled, 
"use client" in "node
_modules/@mui/icons-m
aterial/esm/QuestionA
nswerOutlined.js" 
was ignored.
node_modules/@mui/ico
ns-material/esm/Query
BuilderSharp.js 
(1:0): Module level 
directives cause 
errors when bundled, 
"use client" in "node
_modules/@mui/icons-m
aterial/esm/QueryBuil
derSharp.js" was 
ignored.
node_modules/@mui/ico
ns-material/esm/Quest
ionAnswerSharp.js 
(1:0): Module level 
directives cause 
errors when bundled, 
"use client" in "node
_modules/@mui/icons-m
aterial/esm/QuestionA
nswerSharp.js" was 
ignored.
node_modules/@mui/ico
ns-material/esm/Quest
ionAnswerRounded.js 
(1:0): Module level 
directives cause 
errors when bundled, 
"use client" in "node
_modules/@mui/icons-m
aterial/esm/QuestionA
nswerRounded.js" was 
ignored.
node_modules/@mui/ico
ns-material/esm/Quest
ionMark.js (1:0): 
Module level 
directives cause 
errors when bundled, 
"use client" in "node
_modules/@mui/icons-m
aterial/esm/QuestionM
ark.js" was ignored.
node_modules/@mui/ico
ns-material/esm/Quest
ionMarkOutlined.js 
(1:0): Module level 
directives cause 
errors when bundled, 
"use client" in "node
_modules/@mui/icons-m
aterial/esm/QuestionM
arkOutlined.js" was 
ignored.
node_modules/@mui/ico
ns-material/esm/Quest
ionAnswerTwoTone.js 
(1:0): Module level 
directives cause 
errors when bundled, 
"use client" in "node
_modules/@mui/icons-m
aterial/esm/QuestionA
nswerTwoTone.js" was 
ignored.
node_modules/@mui/ico
ns-material/esm/Quest
ionMarkRounded.js 
(1:0): Module level 
directives cause 
errors when bundled, 
"use client" in "node
_modules/@mui/icons-m
aterial/esm/QuestionM
arkRounded.js" was 
ignored.
node_modules/@mui/ico
ns-material/esm/Queue
Music.js (1:0): 
Module level 
directives cause 
errors when bundled, 
"use client" in "node
_modules/@mui/icons-m
aterial/esm/QueueMusi
c.js" was ignored.
node_modules/@mui/ico
ns-material/esm/Quest
ionMarkSharp.js 
(1:0): Module level 
directives cause 
errors when bundled, 
"use client" in "node
_modules/@mui/icons-m
aterial/esm/QuestionM
arkSharp.js" was 
ignored.
node_modules/@mui/ico
ns-material/esm/Quest
ionMarkTwoTone.js 
(1:0): Module level 
directives cause 
errors when bundled, 
"use client" in "node
_modules/@mui/icons-m
aterial/esm/QuestionM
arkTwoTone.js" was 
ignored.
node_modules/@mui/ico
ns-material/esm/Queue
.js (1:0): Module 
level directives 
cause errors when 
bundled, "use 
client" in "node_modu
les/@mui/icons-materi
al/esm/Queue.js" was 
ignored.
node_modules/@mui/ico
ns-material/esm/Queue
MusicSharp.js (1:0): 
Module level 
directives cause 
errors when bundled, 
"use client" in "node
_modules/@mui/icons-m
aterial/esm/QueueMusi
cSharp.js" was 
ignored.
node_modules/@mui/ico
ns-material/esm/Queue
MusicOutlined.js 
(1:0): Module level 
directives cause 
errors when bundled, 
"use client" in "node
_modules/@mui/icons-m
aterial/esm/QueueMusi
cOutlined.js" was 
ignored.
node_modules/@mui/ico
ns-material/esm/Queue
PlayNext.js (1:0): 
Module level 
directives cause 
errors when bundled, 
"use client" in "node
_modules/@mui/icons-m
aterial/esm/QueuePlay
Next.js" was ignored.
node_modules/@mui/ico
ns-material/esm/Queue
MusicRounded.js 
(1:0): Module level 
directives cause 
errors when bundled, 
"use client" in "node
_modules/@mui/icons-m
aterial/esm/QueueMusi
cRounded.js" was 
ignored.
node_modules/@mui/ico
ns-material/esm/Queue
MusicTwoTone.js 
(1:0): Module level 
directives cause 
errors when bundled, 
"use client" in "node
_modules/@mui/icons-m
aterial/esm/QueueMusi
cTwoTone.js" was 
ignored.
node_modules/@mui/ico
ns-material/esm/Queue
PlayNextRounded.js 
(1:0): Module level 
directives cause 
errors when bundled, 
"use client" in "node
_modules/@mui/icons-m
aterial/esm/QueuePlay
NextRounded.js" was 
ignored.
node_modules/@mui/ico
ns-material/esm/Queue
Outlined.js (1:0): 
Module level 
directives cause 
errors when bundled, 
"use client" in "node
_modules/@mui/icons-m
aterial/esm/QueueOutl
ined.js" was ignored.
node_modules/@mui/ico
ns-material/esm/Queue
PlayNextOutlined.js 
(1:0): Module level 
directives cause 
errors when bundled, 
"use client" in "node
_modules/@mui/icons-m
aterial/esm/QueuePlay
NextOutlined.js" was 
ignored.
node_modules/@mui/ico
ns-material/esm/Queue
PlayNextTwoTone.js 
(1:0): Module level 
directives cause 
errors when bundled, 
"use client" in "node
_modules/@mui/icons-m
aterial/esm/QueuePlay
NextTwoTone.js" was 
ignored.
node_modules/@mui/ico
ns-material/esm/Queue
PlayNextSharp.js 
(1:0): Module level 
directives cause 
errors when bundled, 
"use client" in "node
_modules/@mui/icons-m
aterial/esm/QueuePlay
NextSharp.js" was 
ignored.
node_modules/@mui/ico
ns-material/esm/Queue
Sharp.js (1:0): 
Module level 
directives cause 
errors when bundled, 
"use client" in "node
_modules/@mui/icons-m
aterial/esm/QueueShar
p.js" was ignored.
node_modules/@mui/ico
ns-material/esm/Queue
Rounded.js (1:0): 
Module level 
directives cause 
errors when bundled, 
"use client" in "node
_modules/@mui/icons-m
aterial/esm/QueueRoun
ded.js" was ignored.
node_modules/@mui/ico
ns-material/esm/Quick
replyOutlined.js 
(1:0): Module level 
directives cause 
errors when bundled, 
"use client" in "node
_modules/@mui/icons-m
aterial/esm/Quickrepl
yOutlined.js" was 
ignored.
node_modules/@mui/ico
ns-material/esm/Queue
TwoTone.js (1:0): 
Module level 
directives cause 
errors when bundled, 
"use client" in "node
_modules/@mui/icons-m
aterial/esm/QueueTwoT
one.js" was ignored.
node_modules/@mui/ico
ns-material/esm/Quick
reply.js (1:0): 
Module level 
directives cause 
errors when bundled, 
"use client" in "node
_modules/@mui/icons-m
aterial/esm/Quickrepl
y.js" was ignored.
node_modules/@mui/ico
ns-material/esm/Quick
replySharp.js (1:0): 
Module level 
directives cause 
errors when bundled, 
"use client" in "node
_modules/@mui/icons-m
aterial/esm/Quickrepl
ySharp.js" was 
ignored.
node_modules/@mui/ico
ns-material/esm/Quick
replyTwoTone.js 
(1:0): Module level 
directives cause 
errors when bundled, 
"use client" in "node
_modules/@mui/icons-m
aterial/esm/Quickrepl
yTwoTone.js" was 
ignored.
node_modules/@mui/ico
ns-material/esm/QuizO
utlined.js (1:0): 
Module level 
directives cause 
errors when bundled, 
"use client" in "node
_modules/@mui/icons-m
aterial/esm/QuizOutli
ned.js" was ignored.
node_modules/@mui/ico
ns-material/esm/Quick
replyRounded.js 
(1:0): Module level 
directives cause 
errors when bundled, 
"use client" in "node
_modules/@mui/icons-m
aterial/esm/Quickrepl
yRounded.js" was 
ignored.
node_modules/@mui/ico
ns-material/esm/QuizT
woTone.js (1:0): 
Module level 
directives cause 
errors when bundled, 
"use client" in "node
_modules/@mui/icons-m
aterial/esm/QuizTwoTo
ne.js" was ignored.
node_modules/@mui/ico
ns-material/esm/QuizR
ounded.js (1:0): 
Module level 
directives cause 
errors when bundled, 
"use client" in "node
_modules/@mui/icons-m
aterial/esm/QuizRound
ed.js" was ignored.
node_modules/@mui/ico
ns-material/esm/Quiz.
js (1:0): Module 
level directives 
cause errors when 
bundled, "use 
client" in "node_modu
les/@mui/icons-materi
al/esm/Quiz.js" was 
ignored.
node_modules/@mui/ico
ns-material/esm/QuizS
harp.js (1:0): 
Module level 
directives cause 
errors when bundled, 
"use client" in "node
_modules/@mui/icons-m
aterial/esm/QuizSharp
.js" was ignored.
node_modules/@mui/ico
ns-material/esm/RMobi
ledataOutlined.js 
(1:0): Module level 
directives cause 
errors when bundled, 
"use client" in "node
_modules/@mui/icons-m
aterial/esm/RMobileda
taOutlined.js" was 
ignored.
node_modules/@mui/ico
ns-material/esm/RMobi
ledataSharp.js 
(1:0): Module level 
directives cause 
errors when bundled, 
"use client" in "node
_modules/@mui/icons-m
aterial/esm/RMobileda
taSharp.js" was 
ignored.
node_modules/@mui/ico
ns-material/esm/Radar
.js (1:0): Module 
level directives 
cause errors when 
bundled, "use 
client" in "node_modu
les/@mui/icons-materi
al/esm/Radar.js" was 
ignored.
node_modules/@mui/ico
ns-material/esm/RMobi
ledata.js (1:0): 
Module level 
directives cause 
errors when bundled, 
"use client" in "node
_modules/@mui/icons-m
aterial/esm/RMobileda
ta.js" was ignored.
node_modules/@mui/ico
ns-material/esm/RMobi
ledataTwoTone.js 
(1:0): Module level 
directives cause 
errors when bundled, 
"use client" in "node
_modules/@mui/icons-m
aterial/esm/RMobileda
taTwoTone.js" was 
ignored.
node_modules/@mui/ico
ns-material/esm/RMobi
ledataRounded.js 
(1:0): Module level 
directives cause 
errors when bundled, 
"use client" in "node
_modules/@mui/icons-m
aterial/esm/RMobileda
taRounded.js" was 
ignored.
node_modules/@mui/ico
ns-material/esm/Radar
Rounded.js (1:0): 
Module level 
directives cause 
errors when bundled, 
"use client" in "node
_modules/@mui/icons-m
aterial/esm/RadarRoun
ded.js" was ignored.
node_modules/@mui/ico
ns-material/esm/Radar
Sharp.js (1:0): 
Module level 
directives cause 
errors when bundled, 
"use client" in "node
_modules/@mui/icons-m
aterial/esm/RadarShar
p.js" was ignored.
node_modules/@mui/ico
ns-material/esm/Radar
TwoTone.js (1:0): 
Module level 
directives cause 
errors when bundled, 
"use client" in "node
_modules/@mui/icons-m
aterial/esm/RadarTwoT
one.js" was ignored.
node_modules/@mui/ico
ns-material/esm/Radio
.js (1:0): Module 
level directives 
cause errors when 
bundled, "use 
client" in "node_modu
les/@mui/icons-materi
al/esm/Radio.js" was 
ignored.
node_modules/@mui/ico
ns-material/esm/Radio
ButtonChecked.js 
(1:0): Module level 
directives cause 
errors when bundled, 
"use client" in "node
_modules/@mui/icons-m
aterial/esm/RadioButt
onChecked.js" was 
ignored.
node_modules/@mui/ico
ns-material/esm/Radio
ButtonCheckedRounded.
js (1:0): Module 
level directives 
cause errors when 
bundled, "use 
client" in "node_modu
les/@mui/icons-materi
al/esm/RadioButtonChe
ckedRounded.js" was 
ignored.
node_modules/@mui/ico
ns-material/esm/Radio
ButtonCheckedOutlined
.js (1:0): Module 
level directives 
cause errors when 
bundled, "use 
client" in "node_modu
les/@mui/icons-materi
al/esm/RadioButtonChe
ckedOutlined.js" was 
ignored.
node_modules/@mui/ico
ns-material/esm/Radio
ButtonCheckedSharp.js
 (1:0): Module level 
directives cause 
errors when bundled, 
"use client" in "node
_modules/@mui/icons-m
aterial/esm/RadioButt
onCheckedSharp.js" 
was ignored.
node_modules/@mui/ico
ns-material/esm/Radio
ButtonCheckedTwoTone.
js (1:0): Module 
level directives 
cause errors when 
bundled, "use 
client" in "node_modu
les/@mui/icons-materi
al/esm/RadioButtonChe
ckedTwoTone.js" was 
ignored.
node_modules/@mui/ico
ns-material/esm/Radio
ButtonUnchecked.js 
(1:0): Module level 
directives cause 
errors when bundled, 
"use client" in "node
_modules/@mui/icons-m
aterial/esm/RadioButt
onUnchecked.js" was 
ignored.
node_modules/@mui/ico
ns-material/esm/Radio
ButtonUncheckedOutlin
ed.js (1:0): Module 
level directives 
cause errors when 
bundled, "use 
client" in "node_modu
les/@mui/icons-materi
al/esm/RadioButtonUnc
heckedOutlined.js" 
was ignored.
node_modules/@mui/ico
ns-material/esm/Radar
Outlined.js (1:0): 
Module level 
directives cause 
errors when bundled, 
"use client" in "node
_modules/@mui/icons-m
aterial/esm/RadarOutl
ined.js" was ignored.
node_modules/@mui/ico
ns-material/esm/Radio
ButtonUncheckedRounde
d.js (1:0): Module 
level directives 
cause errors when 
bundled, "use 
client" in "node_modu
les/@mui/icons-materi
al/esm/RadioButtonUnc
heckedRounded.js" 
was ignored.
node_modules/@mui/ico
ns-material/esm/Radio
ButtonUncheckedTwoTon
e.js (1:0): Module 
level directives 
cause errors when 
bundled, "use 
client" in "node_modu
les/@mui/icons-materi
al/esm/RadioButtonUnc
heckedTwoTone.js" 
was ignored.
node_modules/@mui/ico
ns-material/esm/Radio
ButtonUncheckedSharp.
js (1:0): Module 
level directives 
cause errors when 
bundled, "use 
client" in "node_modu
les/@mui/icons-materi
al/esm/RadioButtonUnc
heckedSharp.js" was 
ignored.
node_modules/@mui/ico
ns-material/esm/Radio
Outlined.js (1:0): 
Module level 
directives cause 
errors when bundled, 
"use client" in "node
_modules/@mui/icons-m
aterial/esm/RadioOutl
ined.js" was ignored.
node_modules/@mui/ico
ns-material/esm/Radio
Sharp.js (1:0): 
Module level 
directives cause 
errors when bundled, 
"use client" in "node
_modules/@mui/icons-m
aterial/esm/RadioShar
p.js" was ignored.
node_modules/@mui/ico
ns-material/esm/Radio
Rounded.js (1:0): 
Module level 
directives cause 
errors when bundled, 
"use client" in "node
_modules/@mui/icons-m
aterial/esm/RadioRoun
ded.js" was ignored.
node_modules/@mui/ico
ns-material/esm/Railw
ayAlert.js (1:0): 
Module level 
directives cause 
errors when bundled, 
"use client" in "node
_modules/@mui/icons-m
aterial/esm/RailwayAl
ert.js" was ignored.
node_modules/@mui/ico
ns-material/esm/Railw
ayAlertTwoTone.js 
(1:0): Module level 
directives cause 
errors when bundled, 
"use client" in "node
_modules/@mui/icons-m
aterial/esm/RailwayAl
ertTwoTone.js" was 
ignored.
node_modules/@mui/ico
ns-material/esm/Railw
ayAlertOutlined.js 
(1:0): Module level 
directives cause 
errors when bundled, 
"use client" in "node
_modules/@mui/icons-m
aterial/esm/RailwayAl
ertOutlined.js" was 
ignored.
node_modules/@mui/ico
ns-material/esm/Ramen
Dining.js (1:0): 
Module level 
directives cause 
errors when bundled, 
"use client" in "node
_modules/@mui/icons-m
aterial/esm/RamenDini
ng.js" was ignored.
node_modules/@mui/ico
ns-material/esm/Railw
ayAlertRounded.js 
(1:0): Module level 
directives cause 
errors when bundled, 
"use client" in "node
_modules/@mui/icons-m
aterial/esm/RailwayAl
ertRounded.js" was 
ignored.
node_modules/@mui/ico
ns-material/esm/Railw
ayAlertSharp.js 
(1:0): Module level 
directives cause 
errors when bundled, 
"use client" in "node
_modules/@mui/icons-m
aterial/esm/RailwayAl
ertSharp.js" was 
ignored.
node_modules/@mui/ico
ns-material/esm/Radio
TwoTone.js (1:0): 
Module level 
directives cause 
errors when bundled, 
"use client" in "node
_modules/@mui/icons-m
aterial/esm/RadioTwoT
one.js" was ignored.
node_modules/@mui/ico
ns-material/esm/Ramen
DiningOutlined.js 
(1:0): Module level 
directives cause 
errors when bundled, 
"use client" in "node
_modules/@mui/icons-m
aterial/esm/RamenDini
ngOutlined.js" was 
ignored.
node_modules/@mui/ico
ns-material/esm/Ramen
DiningRounded.js 
(1:0): Module level 
directives cause 
errors when bundled, 
"use client" in "node
_modules/@mui/icons-m
aterial/esm/RamenDini
ngRounded.js" was 
ignored.
node_modules/@mui/ico
ns-material/esm/Ramen
DiningSharp.js 
(1:0): Module level 
directives cause 
errors when bundled, 
"use client" in "node
_modules/@mui/icons-m
aterial/esm/RamenDini
ngSharp.js" was 
ignored.
node_modules/@mui/ico
ns-material/esm/Ramen
DiningTwoTone.js 
(1:0): Module level 
directives cause 
errors when bundled, 
"use client" in "node
_modules/@mui/icons-m
aterial/esm/RamenDini
ngTwoTone.js" was 
ignored.
node_modules/@mui/ico
ns-material/esm/RampL
eftOutlined.js 
(1:0): Module level 
directives cause 
errors when bundled, 
"use client" in "node
_modules/@mui/icons-m
aterial/esm/RampLeftO
utlined.js" was 
ignored.
node_modules/@mui/ico
ns-material/esm/RampL
eft.js (1:0): Module 
level directives 
cause errors when 
bundled, "use 
client" in "node_modu
les/@mui/icons-materi
al/esm/RampLeft.js" 
was ignored.
node_modules/@mui/ico
ns-material/esm/RampR
ight.js (1:0): 
Module level 
directives cause 
errors when bundled, 
"use client" in "node
_modules/@mui/icons-m
aterial/esm/RampRight
.js" was ignored.
node_modules/@mui/ico
ns-material/esm/RampL
eftSharp.js (1:0): 
Module level 
directives cause 
errors when bundled, 
"use client" in "node
_modules/@mui/icons-m
aterial/esm/RampLeftS
harp.js" was ignored.
node_modules/@mui/ico
ns-material/esm/RampR
ightOutlined.js 
(1:0): Module level 
directives cause 
errors when bundled, 
"use client" in "node
_modules/@mui/icons-m
aterial/esm/RampRight
Outlined.js" was 
ignored.
node_modules/@mui/ico
ns-material/esm/RampR
ightRounded.js 
(1:0): Module level 
directives cause 
errors when bundled, 
"use client" in "node
_modules/@mui/icons-m
aterial/esm/RampRight
Rounded.js" was 
ignored.
node_modules/@mui/ico
ns-material/esm/RampL
eftTwoTone.js (1:0): 
Module level 
directives cause 
errors when bundled, 
"use client" in "node
_modules/@mui/icons-m
aterial/esm/RampLeftT
woTone.js" was 
ignored.
node_modules/@mui/ico
ns-material/esm/RampR
ightSharp.js (1:0): 
Module level 
directives cause 
errors when bundled, 
"use client" in "node
_modules/@mui/icons-m
aterial/esm/RampRight
Sharp.js" was 
ignored.
node_modules/@mui/ico
ns-material/esm/RampR
ightTwoTone.js 
(1:0): Module level 
directives cause 
errors when bundled, 
"use client" in "node
_modules/@mui/icons-m
aterial/esm/RampRight
TwoTone.js" was 
ignored.
node_modules/@mui/ico
ns-material/esm/RateR
eview.js (1:0): 
Module level 
directives cause 
errors when bundled, 
"use client" in "node
_modules/@mui/icons-m
aterial/esm/RateRevie
w.js" was ignored.
node_modules/@mui/ico
ns-material/esm/RateR
eviewRounded.js 
(1:0): Module level 
directives cause 
errors when bundled, 
"use client" in "node
_modules/@mui/icons-m
aterial/esm/RateRevie
wRounded.js" was 
ignored.
node_modules/@mui/ico
ns-material/esm/RateR
eviewOutlined.js 
(1:0): Module level 
directives cause 
errors when bundled, 
"use client" in "node
_modules/@mui/icons-m
aterial/esm/RateRevie
wOutlined.js" was 
ignored.
node_modules/@mui/ico
ns-material/esm/RateR
eviewTwoTone.js 
(1:0): Module level 
directives cause 
errors when bundled, 
"use client" in "node
_modules/@mui/icons-m
aterial/esm/RateRevie
wTwoTone.js" was 
ignored.
node_modules/@mui/ico
ns-material/esm/RampL
eftRounded.js (1:0): 
Module level 
directives cause 
errors when bundled, 
"use client" in "node
_modules/@mui/icons-m
aterial/esm/RampLeftR
ounded.js" was 
ignored.
node_modules/@mui/ico
ns-material/esm/RawOf
f.js (1:0): Module 
level directives 
cause errors when 
bundled, "use 
client" in "node_modu
les/@mui/icons-materi
al/esm/RawOff.js" 
was ignored.
node_modules/@mui/ico
ns-material/esm/RateR
eviewSharp.js (1:0): 
Module level 
directives cause 
errors when bundled, 
"use client" in "node
_modules/@mui/icons-m
aterial/esm/RateRevie
wSharp.js" was 
ignored.
node_modules/@mui/ico
ns-material/esm/RawOf
fSharp.js (1:0): 
Module level 
directives cause 
errors when bundled, 
"use client" in "node
_modules/@mui/icons-m
aterial/esm/RawOffSha
rp.js" was ignored.
node_modules/@mui/ico
ns-material/esm/RawOf
fOutlined.js (1:0): 
Module level 
directives cause 
errors when bundled, 
"use client" in "node
_modules/@mui/icons-m
aterial/esm/RawOffOut
lined.js" was 
ignored.
node_modules/@mui/ico
ns-material/esm/RawOn
.js (1:0): Module 
level directives 
cause errors when 
bundled, "use 
client" in "node_modu
les/@mui/icons-materi
al/esm/RawOn.js" was 
ignored.
node_modules/@mui/ico
ns-material/esm/RawOn
Outlined.js (1:0): 
Module level 
directives cause 
errors when bundled, 
"use client" in "node
_modules/@mui/icons-m
aterial/esm/RawOnOutl
ined.js" was ignored.
node_modules/@mui/ico
ns-material/esm/RawOf
fTwoTone.js (1:0): 
Module level 
directives cause 
errors when bundled, 
"use client" in "node
_modules/@mui/icons-m
aterial/esm/RawOffTwo
Tone.js" was ignored.
node_modules/@mui/ico
ns-material/esm/RawOf
fRounded.js (1:0): 
Module level 
directives cause 
errors when bundled, 
"use client" in "node
_modules/@mui/icons-m
aterial/esm/RawOffRou
nded.js" was ignored.
node_modules/@mui/ico
ns-material/esm/RawOn
Sharp.js (1:0): 
Module level 
directives cause 
errors when bundled, 
"use client" in "node
_modules/@mui/icons-m
aterial/esm/RawOnShar
p.js" was ignored.
node_modules/@mui/ico
ns-material/esm/ReadM
ore.js (1:0): Module 
level directives 
cause errors when 
bundled, "use 
client" in "node_modu
les/@mui/icons-materi
al/esm/ReadMore.js" 
was ignored.
node_modules/@mui/ico
ns-material/esm/ReadM
oreOutlined.js 
(1:0): Module level 
directives cause 
errors when bundled, 
"use client" in "node
_modules/@mui/icons-m
aterial/esm/ReadMoreO
utlined.js" was 
ignored.
node_modules/@mui/ico
ns-material/esm/ReadM
oreRounded.js (1:0): 
Module level 
directives cause 
errors when bundled, 
"use client" in "node
_modules/@mui/icons-m
aterial/esm/ReadMoreR
ounded.js" was 
ignored.
node_modules/@mui/ico
ns-material/esm/RawOn
Rounded.js (1:0): 
Module level 
directives cause 
errors when bundled, 
"use client" in "node
_modules/@mui/icons-m
aterial/esm/RawOnRoun
ded.js" was ignored.
node_modules/@mui/ico
ns-material/esm/RawOn
TwoTone.js (1:0): 
Module level 
directives cause 
errors when bundled, 
"use client" in "node
_modules/@mui/icons-m
aterial/esm/RawOnTwoT
one.js" was ignored.
node_modules/@mui/ico
ns-material/esm/ReadM
oreSharp.js (1:0): 
Module level 
directives cause 
errors when bundled, 
"use client" in "node
_modules/@mui/icons-m
aterial/esm/ReadMoreS
harp.js" was ignored.
node_modules/@mui/ico
ns-material/esm/Recei
pt.js (1:0): Module 
level directives 
cause errors when 
bundled, "use 
client" in "node_modu
les/@mui/icons-materi
al/esm/Receipt.js" 
was ignored.
node_modules/@mui/ico
ns-material/esm/ReadM
oreTwoTone.js (1:0): 
Module level 
directives cause 
errors when bundled, 
"use client" in "node
_modules/@mui/icons-m
aterial/esm/ReadMoreT
woTone.js" was 
ignored.
node_modules/@mui/ico
ns-material/esm/Recei
ptLongOutlined.js 
(1:0): Module level 
directives cause 
errors when bundled, 
"use client" in "node
_modules/@mui/icons-m
aterial/esm/ReceiptLo
ngOutlined.js" was 
ignored.
node_modules/@mui/ico
ns-material/esm/Recei
ptLong.js (1:0): 
Module level 
directives cause 
errors when bundled, 
"use client" in "node
_modules/@mui/icons-m
aterial/esm/ReceiptLo
ng.js" was ignored.
node_modules/@mui/ico
ns-material/esm/Recei
ptLongSharp.js 
(1:0): Module level 
directives cause 
errors when bundled, 
"use client" in "node
_modules/@mui/icons-m
aterial/esm/ReceiptLo
ngSharp.js" was 
ignored.
node_modules/@mui/ico
ns-material/esm/Recei
ptLongRounded.js 
(1:0): Module level 
directives cause 
errors when bundled, 
"use client" in "node
_modules/@mui/icons-m
aterial/esm/ReceiptLo
ngRounded.js" was 
ignored.
node_modules/@mui/ico
ns-material/esm/Recei
ptOutlined.js (1:0): 
Module level 
directives cause 
errors when bundled, 
"use client" in "node
_modules/@mui/icons-m
aterial/esm/ReceiptOu
tlined.js" was 
ignored.
node_modules/@mui/ico
ns-material/esm/Recei
ptLongTwoTone.js 
(1:0): Module level 
directives cause 
errors when bundled, 
"use client" in "node
_modules/@mui/icons-m
aterial/esm/ReceiptLo
ngTwoTone.js" was 
ignored.
node_modules/@mui/ico
ns-material/esm/Recen
tActors.js (1:0): 
Module level 
directives cause 
errors when bundled, 
"use client" in "node
_modules/@mui/icons-m
aterial/esm/RecentAct
ors.js" was ignored.
node_modules/@mui/ico
ns-material/esm/Recei
ptRounded.js (1:0): 
Module level 
directives cause 
errors when bundled, 
"use client" in "node
_modules/@mui/icons-m
aterial/esm/ReceiptRo
unded.js" was 
ignored.
node_modules/@mui/ico
ns-material/esm/Recei
ptSharp.js (1:0): 
Module level 
directives cause 
errors when bundled, 
"use client" in "node
_modules/@mui/icons-m
aterial/esm/ReceiptSh
arp.js" was ignored.
node_modules/@mui/ico
ns-material/esm/Recei
ptTwoTone.js (1:0): 
Module level 
directives cause 
errors when bundled, 
"use client" in "node
_modules/@mui/icons-m
aterial/esm/ReceiptTw
oTone.js" was 
ignored.
node_modules/@mui/ico
ns-material/esm/Recen
tActorsSharp.js 
(1:0): Module level 
directives cause 
errors when bundled, 
"use client" in "node
_modules/@mui/icons-m
aterial/esm/RecentAct
orsSharp.js" was 
ignored.
node_modules/@mui/ico
ns-material/esm/Recen
tActorsOutlined.js 
(1:0): Module level 
directives cause 
errors when bundled, 
"use client" in "node
_modules/@mui/icons-m
aterial/esm/RecentAct
orsOutlined.js" was 
ignored.
node_modules/@mui/ico
ns-material/esm/Recen
tActorsTwoTone.js 
(1:0): Module level 
directives cause 
errors when bundled, 
"use client" in "node
_modules/@mui/icons-m
aterial/esm/RecentAct
orsTwoTone.js" was 
ignored.
node_modules/@mui/ico
ns-material/esm/Recen
tActorsRounded.js 
(1:0): Module level 
directives cause 
errors when bundled, 
"use client" in "node
_modules/@mui/icons-m
aterial/esm/RecentAct
orsRounded.js" was 
ignored.
node_modules/@mui/ico
ns-material/esm/Recom
mendRounded.js 
(1:0): Module level 
directives cause 
errors when bundled, 
"use client" in "node
_modules/@mui/icons-m
aterial/esm/Recommend
Rounded.js" was 
ignored.
node_modules/@mui/ico
ns-material/esm/Recom
mend.js (1:0): 
Module level 
directives cause 
errors when bundled, 
"use client" in "node
_modules/@mui/icons-m
aterial/esm/Recommend
.js" was ignored.
node_modules/@mui/ico
ns-material/esm/Recom
mendOutlined.js 
(1:0): Module level 
directives cause 
errors when bundled, 
"use client" in "node
_modules/@mui/icons-m
aterial/esm/Recommend
Outlined.js" was 
ignored.
node_modules/@mui/ico
ns-material/esm/Recom
mendTwoTone.js 
(1:0): Module level 
directives cause 
errors when bundled, 
"use client" in "node
_modules/@mui/icons-m
aterial/esm/Recommend
TwoTone.js" was 
ignored.
node_modules/@mui/ico
ns-material/esm/Recor
dVoiceOver.js (1:0): 
Module level 
directives cause 
errors when bundled, 
"use client" in "node
_modules/@mui/icons-m
aterial/esm/RecordVoi
ceOver.js" was 
ignored.
node_modules/@mui/ico
ns-material/esm/Recor
dVoiceOverRounded.js 
(1:0): Module level 
directives cause 
errors when bundled, 
"use client" in "node
_modules/@mui/icons-m
aterial/esm/RecordVoi
ceOverRounded.js" 
was ignored.
node_modules/@mui/ico
ns-material/esm/Recom
mendSharp.js (1:0): 
Module level 
directives cause 
errors when bundled, 
"use client" in "node
_modules/@mui/icons-m
aterial/esm/Recommend
Sharp.js" was 
ignored.
node_modules/@mui/ico
ns-material/esm/Recor
dVoiceOverSharp.js 
(1:0): Module level 
directives cause 
errors when bundled, 
"use client" in "node
_modules/@mui/icons-m
aterial/esm/RecordVoi
ceOverSharp.js" was 
ignored.
node_modules/@mui/ico
ns-material/esm/Recor
dVoiceOverTwoTone.js 
(1:0): Module level 
directives cause 
errors when bundled, 
"use client" in "node
_modules/@mui/icons-m
aterial/esm/RecordVoi
ceOverTwoTone.js" 
was ignored.
node_modules/@mui/ico
ns-material/esm/Recta
ngleOutlined.js 
(1:0): Module level 
directives cause 
errors when bundled, 
"use client" in "node
_modules/@mui/icons-m
aterial/esm/Rectangle
Outlined.js" was 
ignored.
node_modules/@mui/ico
ns-material/esm/Recta
ngleSharp.js (1:0): 
Module level 
directives cause 
errors when bundled, 
"use client" in "node
_modules/@mui/icons-m
aterial/esm/Rectangle
Sharp.js" was 
ignored.
node_modules/@mui/ico
ns-material/esm/Recta
ngle.js (1:0): 
Module level 
directives cause 
errors when bundled, 
"use client" in "node
_modules/@mui/icons-m
aterial/esm/Rectangle
.js" was ignored.
node_modules/@mui/ico
ns-material/esm/Recta
ngleRounded.js 
(1:0): Module level 
directives cause 
errors when bundled, 
"use client" in "node
_modules/@mui/icons-m
aterial/esm/Rectangle
Rounded.js" was 
ignored.
node_modules/@mui/ico
ns-material/esm/Recyc
lingOutlined.js 
(1:0): Module level 
directives cause 
errors when bundled, 
"use client" in "node
_modules/@mui/icons-m
aterial/esm/Recycling
Outlined.js" was 
ignored.
node_modules/@mui/ico
ns-material/esm/Recta
ngleTwoTone.js 
(1:0): Module level 
directives cause 
errors when bundled, 
"use client" in "node
_modules/@mui/icons-m
aterial/esm/Rectangle
TwoTone.js" was 
ignored.
node_modules/@mui/ico
ns-material/esm/Recyc
ling.js (1:0): 
Module level 
directives cause 
errors when bundled, 
"use client" in "node
_modules/@mui/icons-m
aterial/esm/Recycling
.js" was ignored.
node_modules/@mui/ico
ns-material/esm/Recyc
lingSharp.js (1:0): 
Module level 
directives cause 
errors when bundled, 
"use client" in "node
_modules/@mui/icons-m
aterial/esm/Recycling
Sharp.js" was 
ignored.
node_modules/@mui/ico
ns-material/esm/Recyc
lingRounded.js 
(1:0): Module level 
directives cause 
errors when bundled, 
"use client" in "node
_modules/@mui/icons-m
aterial/esm/Recycling
Rounded.js" was 
ignored.
node_modules/@mui/ico
ns-material/esm/Recor
dVoiceOverOutlined.js
 (1:0): Module level 
directives cause 
errors when bundled, 
"use client" in "node
_modules/@mui/icons-m
aterial/esm/RecordVoi
ceOverOutlined.js" 
was ignored.
node_modules/@mui/ico
ns-material/esm/Recyc
lingTwoTone.js 
(1:0): Module level 
directives cause 
errors when bundled, 
"use client" in "node
_modules/@mui/icons-m
aterial/esm/Recycling
TwoTone.js" was 
ignored.
node_modules/@mui/ico
ns-material/esm/Reddi
t.js (1:0): Module 
level directives 
cause errors when 
bundled, "use 
client" in "node_modu
les/@mui/icons-materi
al/esm/Reddit.js" 
was ignored.
node_modules/@mui/ico
ns-material/esm/Redee
m.js (1:0): Module 
level directives 
cause errors when 
bundled, "use 
client" in "node_modu
les/@mui/icons-materi
al/esm/Redeem.js" 
was ignored.
node_modules/@mui/ico
ns-material/esm/Redee
mOutlined.js (1:0): 
Module level 
directives cause 
errors when bundled, 
"use client" in "node
_modules/@mui/icons-m
aterial/esm/RedeemOut
lined.js" was 
ignored.
node_modules/@mui/ico
ns-material/esm/Redee
mSharp.js (1:0): 
Module level 
directives cause 
errors when bundled, 
"use client" in "node
_modules/@mui/icons-m
aterial/esm/RedeemSha
rp.js" was ignored.
node_modules/@mui/ico
ns-material/esm/Redee
mRounded.js (1:0): 
Module level 
directives cause 
errors when bundled, 
"use client" in "node
_modules/@mui/icons-m
aterial/esm/RedeemRou
nded.js" was ignored.
node_modules/@mui/ico
ns-material/esm/Redo.
js (1:0): Module 
level directives 
cause errors when 
bundled, "use 
client" in "node_modu
les/@mui/icons-materi
al/esm/Redo.js" was 
ignored.
node_modules/@mui/ico
ns-material/esm/Redee
mTwoTone.js (1:0): 
Module level 
directives cause 
errors when bundled, 
"use client" in "node
_modules/@mui/icons-m
aterial/esm/RedeemTwo
Tone.js" was ignored.
node_modules/@mui/ico
ns-material/esm/RedoS
harp.js (1:0): 
Module level 
directives cause 
errors when bundled, 
"use client" in "node
_modules/@mui/icons-m
aterial/esm/RedoSharp
.js" was ignored.
node_modules/@mui/ico
ns-material/esm/RedoO
utlined.js (1:0): 
Module level 
directives cause 
errors when bundled, 
"use client" in "node
_modules/@mui/icons-m
aterial/esm/RedoOutli
ned.js" was ignored.
node_modules/@mui/ico
ns-material/esm/Reduc
eCapacity.js (1:0): 
Module level 
directives cause 
errors when bundled, 
"use client" in "node
_modules/@mui/icons-m
aterial/esm/ReduceCap
acity.js" was 
ignored.
node_modules/@mui/ico
ns-material/esm/RedoT
woTone.js (1:0): 
Module level 
directives cause 
errors when bundled, 
"use client" in "node
_modules/@mui/icons-m
aterial/esm/RedoTwoTo
ne.js" was ignored.
node_modules/@mui/ico
ns-material/esm/Reduc
eCapacityOutlined.js 
(1:0): Module level 
directives cause 
errors when bundled, 
"use client" in "node
_modules/@mui/icons-m
aterial/esm/ReduceCap
acityOutlined.js" 
was ignored.
node_modules/@mui/ico
ns-material/esm/Reduc
eCapacityRounded.js 
(1:0): Module level 
directives cause 
errors when bundled, 
"use client" in "node
_modules/@mui/icons-m
aterial/esm/ReduceCap
acityRounded.js" was 
ignored.
node_modules/@mui/ico
ns-material/esm/RedoR
ounded.js (1:0): 
Module level 
directives cause 
errors when bundled, 
"use client" in "node
_modules/@mui/icons-m
aterial/esm/RedoRound
ed.js" was ignored.
node_modules/@mui/ico
ns-material/esm/Reduc
eCapacitySharp.js 
(1:0): Module level 
directives cause 
errors when bundled, 
"use client" in "node
_modules/@mui/icons-m
aterial/esm/ReduceCap
acitySharp.js" was 
ignored.
node_modules/@mui/ico
ns-material/esm/Refre
sh.js (1:0): Module 
level directives 
cause errors when 
bundled, "use 
client" in "node_modu
les/@mui/icons-materi
al/esm/Refresh.js" 
was ignored.
node_modules/@mui/ico
ns-material/esm/Refre
shTwoTone.js (1:0): 
Module level 
directives cause 
errors when bundled, 
"use client" in "node
_modules/@mui/icons-m
aterial/esm/RefreshTw
oTone.js" was 
ignored.
node_modules/@mui/ico
ns-material/esm/Reduc
eCapacityTwoTone.js 
(1:0): Module level 
directives cause 
errors when bundled, 
"use client" in "node
_modules/@mui/icons-m
aterial/esm/ReduceCap
acityTwoTone.js" was 
ignored.
node_modules/@mui/ico
ns-material/esm/Refre
shRounded.js (1:0): 
Module level 
directives cause 
errors when bundled, 
"use client" in "node
_modules/@mui/icons-m
aterial/esm/RefreshRo
unded.js" was 
ignored.
node_modules/@mui/ico
ns-material/esm/Refre
shOutlined.js (1:0): 
Module level 
directives cause 
errors when bundled, 
"use client" in "node
_modules/@mui/icons-m
aterial/esm/RefreshOu
tlined.js" was 
ignored.
node_modules/@mui/ico
ns-material/esm/Remem
berMeOutlined.js 
(1:0): Module level 
directives cause 
errors when bundled, 
"use client" in "node
_modules/@mui/icons-m
aterial/esm/RememberM
eOutlined.js" was 
ignored.
node_modules/@mui/ico
ns-material/esm/Remem
berMe.js (1:0): 
Module level 
directives cause 
errors when bundled, 
"use client" in "node
_modules/@mui/icons-m
aterial/esm/RememberM
e.js" was ignored.
node_modules/@mui/ico
ns-material/esm/Remem
berMeSharp.js (1:0): 
Module level 
directives cause 
errors when bundled, 
"use client" in "node
_modules/@mui/icons-m
aterial/esm/RememberM
eSharp.js" was 
ignored.
node_modules/@mui/ico
ns-material/esm/Refre
shSharp.js (1:0): 
Module level 
directives cause 
errors when bundled, 
"use client" in "node
_modules/@mui/icons-m
aterial/esm/RefreshSh
arp.js" was ignored.
node_modules/@mui/ico
ns-material/esm/Remov
e.js (1:0): Module 
level directives 
cause errors when 
bundled, "use 
client" in "node_modu
les/@mui/icons-materi
al/esm/Remove.js" 
was ignored.
node_modules/@mui/ico
ns-material/esm/Remem
berMeRounded.js 
(1:0): Module level 
directives cause 
errors when bundled, 
"use client" in "node
_modules/@mui/icons-m
aterial/esm/RememberM
eRounded.js" was 
ignored.
node_modules/@mui/ico
ns-material/esm/Remov
eCircle.js (1:0): 
Module level 
directives cause 
errors when bundled, 
"use client" in "node
_modules/@mui/icons-m
aterial/esm/RemoveCir
cle.js" was ignored.
node_modules/@mui/ico
ns-material/esm/Remem
berMeTwoTone.js 
(1:0): Module level 
directives cause 
errors when bundled, 
"use client" in "node
_modules/@mui/icons-m
aterial/esm/RememberM
eTwoTone.js" was 
ignored.
node_modules/@mui/ico
ns-material/esm/Remov
eCircleOutline.js 
(1:0): Module level 
directives cause 
errors when bundled, 
"use client" in "node
_modules/@mui/icons-m
aterial/esm/RemoveCir
cleOutline.js" was 
ignored.
node_modules/@mui/ico
ns-material/esm/Remov
eCircleOutlineOutline
d.js (1:0): Module 
level directives 
cause errors when 
bundled, "use 
client" in "node_modu
les/@mui/icons-materi
al/esm/RemoveCircleOu
tlineOutlined.js" 
was ignored.
node_modules/@mui/ico
ns-material/esm/Remov
eCircleOutlineSharp.j
s (1:0): Module 
level directives 
cause errors when 
bundled, "use 
client" in "node_modu
les/@mui/icons-materi
al/esm/RemoveCircleOu
tlineSharp.js" was 
ignored.
node_modules/@mui/ico
ns-material/esm/Remov
eCircleOutlineRounded
.js (1:0): Module 
level directives 
cause errors when 
bundled, "use 
client" in "node_modu
les/@mui/icons-materi
al/esm/RemoveCircleOu
tlineRounded.js" was 
ignored.
node_modules/@mui/ico
ns-material/esm/Remov
eCircleRounded.js 
(1:0): Module level 
directives cause 
errors when bundled, 
"use client" in "node
_modules/@mui/icons-m
aterial/esm/RemoveCir
cleRounded.js" was 
ignored.
node_modules/@mui/ico
ns-material/esm/Remov
eCircleOutlineTwoTone
.js (1:0): Module 
level directives 
cause errors when 
bundled, "use 
client" in "node_modu
les/@mui/icons-materi
al/esm/RemoveCircleOu
tlineTwoTone.js" was 
ignored.
node_modules/@mui/ico
ns-material/esm/Remov
eCircleOutlined.js 
(1:0): Module level 
directives cause 
errors when bundled, 
"use client" in "node
_modules/@mui/icons-m
aterial/esm/RemoveCir
cleOutlined.js" was 
ignored.
node_modules/@mui/ico
ns-material/esm/Remov
eCircleTwoTone.js 
(1:0): Module level 
directives cause 
errors when bundled, 
"use client" in "node
_modules/@mui/icons-m
aterial/esm/RemoveCir
cleTwoTone.js" was 
ignored.
node_modules/@mui/ico
ns-material/esm/Remov
eCircleSharp.js 
(1:0): Module level 
directives cause 
errors when bundled, 
"use client" in "node
_modules/@mui/icons-m
aterial/esm/RemoveCir
cleSharp.js" was 
ignored.
node_modules/@mui/ico
ns-material/esm/Remov
eDone.js (1:0): 
Module level 
directives cause 
errors when bundled, 
"use client" in "node
_modules/@mui/icons-m
aterial/esm/RemoveDon
e.js" was ignored.
node_modules/@mui/ico
ns-material/esm/Remov
eDoneTwoTone.js 
(1:0): Module level 
directives cause 
errors when bundled, 
"use client" in "node
_modules/@mui/icons-m
aterial/esm/RemoveDon
eTwoTone.js" was 
ignored.
node_modules/@mui/ico
ns-material/esm/Remov
eFromQueueOutlined.js
 (1:0): Module level 
directives cause 
errors when bundled, 
"use client" in "node
_modules/@mui/icons-m
aterial/esm/RemoveFro
mQueueOutlined.js" 
was ignored.
node_modules/@mui/ico
ns-material/esm/Remov
eFromQueueSharp.js 
(1:0): Module level 
directives cause 
errors when bundled, 
"use client" in "node
_modules/@mui/icons-m
aterial/esm/RemoveFro
mQueueSharp.js" was 
ignored.
node_modules/@mui/ico
ns-material/esm/Remov
eFromQueueRounded.js 
(1:0): Module level 
directives cause 
errors when bundled, 
"use client" in "node
_modules/@mui/icons-m
aterial/esm/RemoveFro
mQueueRounded.js" 
was ignored.
node_modules/@mui/ico
ns-material/esm/Remov
eFromQueueTwoTone.js 
(1:0): Module level 
directives cause 
errors when bundled, 
"use client" in "node
_modules/@mui/icons-m
aterial/esm/RemoveFro
mQueueTwoTone.js" 
was ignored.
node_modules/@mui/ico
ns-material/esm/Remov
eFromQueue.js (1:0): 
Module level 
directives cause 
errors when bundled, 
"use client" in "node
_modules/@mui/icons-m
aterial/esm/RemoveFro
mQueue.js" was 
ignored.
node_modules/@mui/ico
ns-material/esm/Remov
eModeratorOutlined.js
 (1:0): Module level 
directives cause 
errors when bundled, 
"use client" in "node
_modules/@mui/icons-m
aterial/esm/RemoveMod
eratorOutlined.js" 
was ignored.
node_modules/@mui/ico
ns-material/esm/Remov
eModerator.js (1:0): 
Module level 
directives cause 
errors when bundled, 
"use client" in "node
_modules/@mui/icons-m
aterial/esm/RemoveMod
erator.js" was 
ignored.
node_modules/@mui/ico
ns-material/esm/Remov
eDoneSharp.js (1:0): 
Module level 
directives cause 
errors when bundled, 
"use client" in "node
_modules/@mui/icons-m
aterial/esm/RemoveDon
eSharp.js" was 
ignored.
node_modules/@mui/ico
ns-material/esm/Remov
eOutlined.js (1:0): 
Module level 
directives cause 
errors when bundled, 
"use client" in "node
_modules/@mui/icons-m
aterial/esm/RemoveOut
lined.js" was 
ignored.
node_modules/@mui/ico
ns-material/esm/Remov
eModeratorRounded.js 
(1:0): Module level 
directives cause 
errors when bundled, 
"use client" in "node
_modules/@mui/icons-m
aterial/esm/RemoveMod
eratorRounded.js" 
was ignored.
node_modules/@mui/ico
ns-material/esm/Remov
eModeratorSharp.js 
(1:0): Module level 
directives cause 
errors when bundled, 
"use client" in "node
_modules/@mui/icons-m
aterial/esm/RemoveMod
eratorSharp.js" was 
ignored.
node_modules/@mui/ico
ns-material/esm/Remov
eModeratorTwoTone.js 
(1:0): Module level 
directives cause 
errors when bundled, 
"use client" in "node
_modules/@mui/icons-m
aterial/esm/RemoveMod
eratorTwoTone.js" 
was ignored.
node_modules/@mui/ico
ns-material/esm/Remov
eRedEye.js (1:0): 
Module level 
directives cause 
errors when bundled, 
"use client" in "node
_modules/@mui/icons-m
aterial/esm/RemoveRed
Eye.js" was ignored.
node_modules/@mui/ico
ns-material/esm/Remov
eRedEyeOutlined.js 
(1:0): Module level 
directives cause 
errors when bundled, 
"use client" in "node
_modules/@mui/icons-m
aterial/esm/RemoveRed
EyeOutlined.js" was 
ignored.
node_modules/@mui/ico
ns-material/esm/Remov
eRedEyeRounded.js 
(1:0): Module level 
directives cause 
errors when bundled, 
"use client" in "node
_modules/@mui/icons-m
aterial/esm/RemoveRed
EyeRounded.js" was 
ignored.
node_modules/@mui/ico
ns-material/esm/Remov
eDoneOutlined.js 
(1:0): Module level 
directives cause 
errors when bundled, 
"use client" in "node
_modules/@mui/icons-m
aterial/esm/RemoveDon
eOutlined.js" was 
ignored.
node_modules/@mui/ico
ns-material/esm/Remov
eRedEyeSharp.js 
(1:0): Module level 
directives cause 
errors when bundled, 
"use client" in "node
_modules/@mui/icons-m
aterial/esm/RemoveRed
EyeSharp.js" was 
ignored.
node_modules/@mui/ico
ns-material/esm/Remov
eRedEyeTwoTone.js 
(1:0): Module level 
directives cause 
errors when bundled, 
"use client" in "node
_modules/@mui/icons-m
aterial/esm/RemoveRed
EyeTwoTone.js" was 
ignored.
node_modules/@mui/ico
ns-material/esm/Remov
eRoadOutlined.js 
(1:0): Module level 
directives cause 
errors when bundled, 
"use client" in "node
_modules/@mui/icons-m
aterial/esm/RemoveRoa
dOutlined.js" was 
ignored.
node_modules/@mui/ico
ns-material/esm/Remov
eRoad.js (1:0): 
Module level 
directives cause 
errors when bundled, 
"use client" in "node
_modules/@mui/icons-m
aterial/esm/RemoveRoa
d.js" was ignored.
node_modules/@mui/ico
ns-material/esm/Remov
eRoadTwoTone.js 
(1:0): Module level 
directives cause 
errors when bundled, 
"use client" in "node
_modules/@mui/icons-m
aterial/esm/RemoveRoa
dTwoTone.js" was 
ignored.
node_modules/@mui/ico
ns-material/esm/Remov
eRounded.js (1:0): 
Module level 
directives cause 
errors when bundled, 
"use client" in "node
_modules/@mui/icons-m
aterial/esm/RemoveRou
nded.js" was ignored.
node_modules/@mui/ico
ns-material/esm/Remov
eDoneRounded.js 
(1:0): Module level 
directives cause 
errors when bundled, 
"use client" in "node
_modules/@mui/icons-m
aterial/esm/RemoveDon
eRounded.js" was 
ignored.
node_modules/@mui/ico
ns-material/esm/Remov
eSharp.js (1:0): 
Module level 
directives cause 
errors when bundled, 
"use client" in "node
_modules/@mui/icons-m
aterial/esm/RemoveSha
rp.js" was ignored.
node_modules/@mui/ico
ns-material/esm/Remov
eRoadSharp.js (1:0): 
Module level 
directives cause 
errors when bundled, 
"use client" in "node
_modules/@mui/icons-m
aterial/esm/RemoveRoa
dSharp.js" was 
ignored.
node_modules/@mui/ico
ns-material/esm/Remov
eRoadRounded.js 
(1:0): Module level 
directives cause 
errors when bundled, 
"use client" in "node
_modules/@mui/icons-m
aterial/esm/RemoveRoa
dRounded.js" was 
ignored.
node_modules/@mui/ico
ns-material/esm/Remov
eShoppingCart.js 
(1:0): Module level 
directives cause 
errors when bundled, 
"use client" in "node
_modules/@mui/icons-m
aterial/esm/RemoveSho
ppingCart.js" was 
ignored.
node_modules/@mui/ico
ns-material/esm/Remov
eShoppingCartSharp.js
 (1:0): Module level 
directives cause 
errors when bundled, 
"use client" in "node
_modules/@mui/icons-m
aterial/esm/RemoveSho
ppingCartSharp.js" 
was ignored.
node_modules/@mui/ico
ns-material/esm/Remov
eShoppingCartRounded.
js (1:0): Module 
level directives 
cause errors when 
bundled, "use 
client" in "node_modu
les/@mui/icons-materi
al/esm/RemoveShopping
CartRounded.js" was 
ignored.
node_modules/@mui/ico
ns-material/esm/Remov
eTwoTone.js (1:0): 
Module level 
directives cause 
errors when bundled, 
"use client" in "node
_modules/@mui/icons-m
aterial/esm/RemoveTwo
Tone.js" was ignored.
node_modules/@mui/ico
ns-material/esm/Reord
erOutlined.js (1:0): 
Module level 
directives cause 
errors when bundled, 
"use client" in "node
_modules/@mui/icons-m
aterial/esm/ReorderOu
tlined.js" was 
ignored.
node_modules/@mui/ico
ns-material/esm/Remov
eShoppingCartOutlined
.js (1:0): Module 
level directives 
cause errors when 
bundled, "use 
client" in "node_modu
les/@mui/icons-materi
al/esm/RemoveShopping
CartOutlined.js" was 
ignored.
node_modules/@mui/ico
ns-material/esm/Reord
er.js (1:0): Module 
level directives 
cause errors when 
bundled, "use 
client" in "node_modu
les/@mui/icons-materi
al/esm/Reorder.js" 
was ignored.
node_modules/@mui/ico
ns-material/esm/Reord
erSharp.js (1:0): 
Module level 
directives cause 
errors when bundled, 
"use client" in "node
_modules/@mui/icons-m
aterial/esm/ReorderSh
arp.js" was ignored.
node_modules/@mui/ico
ns-material/esm/Reord
erRounded.js (1:0): 
Module level 
directives cause 
errors when bundled, 
"use client" in "node
_modules/@mui/icons-m
aterial/esm/ReorderRo
unded.js" was 
ignored.
node_modules/@mui/ico
ns-material/esm/Repar
tition.js (1:0): 
Module level 
directives cause 
errors when bundled, 
"use client" in "node
_modules/@mui/icons-m
aterial/esm/Repartiti
on.js" was ignored.
node_modules/@mui/ico
ns-material/esm/Reord
erTwoTone.js (1:0): 
Module level 
directives cause 
errors when bundled, 
"use client" in "node
_modules/@mui/icons-m
aterial/esm/ReorderTw
oTone.js" was 
ignored.
node_modules/@mui/ico
ns-material/esm/Repar
titionRounded.js 
(1:0): Module level 
directives cause 
errors when bundled, 
"use client" in "node
_modules/@mui/icons-m
aterial/esm/Repartiti
onRounded.js" was 
ignored.
node_modules/@mui/ico
ns-material/esm/Repar
titionTwoTone.js 
(1:0): Module level 
directives cause 
errors when bundled, 
"use client" in "node
_modules/@mui/icons-m
aterial/esm/Repartiti
onTwoTone.js" was 
ignored.
node_modules/@mui/ico
ns-material/esm/Repar
titionOutlined.js 
(1:0): Module level 
directives cause 
errors when bundled, 
"use client" in "node
_modules/@mui/icons-m
aterial/esm/Repartiti
onOutlined.js" was 
ignored.
node_modules/@mui/ico
ns-material/esm/Remov
eShoppingCartTwoTone.
js (1:0): Module 
level directives 
cause errors when 
bundled, "use 
client" in "node_modu
les/@mui/icons-materi
al/esm/RemoveShopping
CartTwoTone.js" was 
ignored.
node_modules/@mui/ico
ns-material/esm/Repar
titionSharp.js 
(1:0): Module level 
directives cause 
errors when bundled, 
"use client" in "node
_modules/@mui/icons-m
aterial/esm/Repartiti
onSharp.js" was 
ignored.
node_modules/@mui/ico
ns-material/esm/Repea
t.js (1:0): Module 
level directives 
cause errors when 
bundled, "use 
client" in "node_modu
les/@mui/icons-materi
al/esm/Repeat.js" 
was ignored.
node_modules/@mui/ico
ns-material/esm/Repea
tOn.js (1:0): Module 
level directives 
cause errors when 
bundled, "use 
client" in "node_modu
les/@mui/icons-materi
al/esm/RepeatOn.js" 
was ignored.
node_modules/@mui/ico
ns-material/esm/Repea
tOnOutlined.js 
(1:0): Module level 
directives cause 
errors when bundled, 
"use client" in "node
_modules/@mui/icons-m
aterial/esm/RepeatOnO
utlined.js" was 
ignored.
node_modules/@mui/ico
ns-material/esm/Repea
tOnSharp.js (1:0): 
Module level 
directives cause 
errors when bundled, 
"use client" in "node
_modules/@mui/icons-m
aterial/esm/RepeatOnS
harp.js" was ignored.
node_modules/@mui/ico
ns-material/esm/Repea
tOnRounded.js (1:0): 
Module level 
directives cause 
errors when bundled, 
"use client" in "node
_modules/@mui/icons-m
aterial/esm/RepeatOnR
ounded.js" was 
ignored.
node_modules/@mui/ico
ns-material/esm/Repea
tOne.js (1:0): 
Module level 
directives cause 
errors when bundled, 
"use client" in "node
_modules/@mui/icons-m
aterial/esm/RepeatOne
.js" was ignored.
node_modules/@mui/ico
ns-material/esm/Repea
tOnTwoTone.js (1:0): 
Module level 
directives cause 
errors when bundled, 
"use client" in "node
_modules/@mui/icons-m
aterial/esm/RepeatOnT
woTone.js" was 
ignored.
node_modules/@mui/ico
ns-material/esm/Repea
tOneOn.js (1:0): 
Module level 
directives cause 
errors when bundled, 
"use client" in "node
_modules/@mui/icons-m
aterial/esm/RepeatOne
On.js" was ignored.
node_modules/@mui/ico
ns-material/esm/Repea
tOneOnOutlined.js 
(1:0): Module level 
directives cause 
errors when bundled, 
"use client" in "node
_modules/@mui/icons-m
aterial/esm/RepeatOne
OnOutlined.js" was 
ignored.
node_modules/@mui/ico
ns-material/esm/Repea
tOneOnSharp.js 
(1:0): Module level 
directives cause 
errors when bundled, 
"use client" in "node
_modules/@mui/icons-m
aterial/esm/RepeatOne
OnSharp.js" was 
ignored.
node_modules/@mui/ico
ns-material/esm/Repea
tOneOnTwoTone.js 
(1:0): Module level 
directives cause 
errors when bundled, 
"use client" in "node
_modules/@mui/icons-m
aterial/esm/RepeatOne
OnTwoTone.js" was 
ignored.
node_modules/@mui/ico
ns-material/esm/Repea
tOneOnRounded.js 
(1:0): Module level 
directives cause 
errors when bundled, 
"use client" in "node
_modules/@mui/icons-m
aterial/esm/RepeatOne
OnRounded.js" was 
ignored.
node_modules/@mui/ico
ns-material/esm/Repea
tOneOutlined.js 
(1:0): Module level 
directives cause 
errors when bundled, 
"use client" in "node
_modules/@mui/icons-m
aterial/esm/RepeatOne
Outlined.js" was 
ignored.
node_modules/@mui/ico
ns-material/esm/Repea
tOneRounded.js 
(1:0): Module level 
directives cause 
errors when bundled, 
"use client" in "node
_modules/@mui/icons-m
aterial/esm/RepeatOne
Rounded.js" was 
ignored.
node_modules/@mui/ico
ns-material/esm/Repea
tOneTwoTone.js 
(1:0): Module level 
directives cause 
errors when bundled, 
"use client" in "node
_modules/@mui/icons-m
aterial/esm/RepeatOne
TwoTone.js" was 
ignored.
node_modules/@mui/ico
ns-material/esm/Repea
tOneSharp.js (1:0): 
Module level 
directives cause 
errors when bundled, 
"use client" in "node
_modules/@mui/icons-m
aterial/esm/RepeatOne
Sharp.js" was 
ignored.
node_modules/@mui/ico
ns-material/esm/Repea
tSharp.js (1:0): 
Module level 
directives cause 
errors when bundled, 
"use client" in "node
_modules/@mui/icons-m
aterial/esm/RepeatSha
rp.js" was ignored.
node_modules/@mui/ico
ns-material/esm/Repea
tOutlined.js (1:0): 
Module level 
directives cause 
errors when bundled, 
"use client" in "node
_modules/@mui/icons-m
aterial/esm/RepeatOut
lined.js" was 
ignored.
node_modules/@mui/ico
ns-material/esm/Repea
tTwoTone.js (1:0): 
Module level 
directives cause 
errors when bundled, 
"use client" in "node
_modules/@mui/icons-m
aterial/esm/RepeatTwo
Tone.js" was ignored.
node_modules/@mui/ico
ns-material/esm/Repla
y10.js (1:0): Module 
level directives 
cause errors when 
bundled, "use 
client" in "node_modu
les/@mui/icons-materi
al/esm/Replay10.js" 
was ignored.
node_modules/@mui/ico
ns-material/esm/Repla
y.js (1:0): Module 
level directives 
cause errors when 
bundled, "use 
client" in "node_modu
les/@mui/icons-materi
al/esm/Replay.js" 
was ignored.
node_modules/@mui/ico
ns-material/esm/Repla
y10Outlined.js 
(1:0): Module level 
directives cause 
errors when bundled, 
"use client" in "node
_modules/@mui/icons-m
aterial/esm/Replay10O
utlined.js" was 
ignored.
node_modules/@mui/ico
ns-material/esm/Repea
tRounded.js (1:0): 
Module level 
directives cause 
errors when bundled, 
"use client" in "node
_modules/@mui/icons-m
aterial/esm/RepeatRou
nded.js" was ignored.
node_modules/@mui/ico
ns-material/esm/Repla
y10TwoTone.js (1:0): 
Module level 
directives cause 
errors when bundled, 
"use client" in "node
_modules/@mui/icons-m
aterial/esm/Replay10T
woTone.js" was 
ignored.
node_modules/@mui/ico
ns-material/esm/Repla
y10Rounded.js (1:0): 
Module level 
directives cause 
errors when bundled, 
"use client" in "node
_modules/@mui/icons-m
aterial/esm/Replay10R
ounded.js" was 
ignored.
node_modules/@mui/ico
ns-material/esm/Repla
y10Sharp.js (1:0): 
Module level 
directives cause 
errors when bundled, 
"use client" in "node
_modules/@mui/icons-m
aterial/esm/Replay10S
harp.js" was ignored.
node_modules/@mui/ico
ns-material/esm/Repla
y30.js (1:0): Module 
level directives 
cause errors when 
bundled, "use 
client" in "node_modu
les/@mui/icons-materi
al/esm/Replay30.js" 
was ignored.
node_modules/@mui/ico
ns-material/esm/Repla
y30Sharp.js (1:0): 
Module level 
directives cause 
errors when bundled, 
"use client" in "node
_modules/@mui/icons-m
aterial/esm/Replay30S
harp.js" was ignored.
node_modules/@mui/ico
ns-material/esm/Repla
y30Outlined.js 
(1:0): Module level 
directives cause 
errors when bundled, 
"use client" in "node
_modules/@mui/icons-m
aterial/esm/Replay30O
utlined.js" was 
ignored.
node_modules/@mui/ico
ns-material/esm/Repla
y30TwoTone.js (1:0): 
Module level 
directives cause 
errors when bundled, 
"use client" in "node
_modules/@mui/icons-m
aterial/esm/Replay30T
woTone.js" was 
ignored.
node_modules/@mui/ico
ns-material/esm/Repla
y30Rounded.js (1:0): 
Module level 
directives cause 
errors when bundled, 
"use client" in "node
_modules/@mui/icons-m
aterial/esm/Replay30R
ounded.js" was 
ignored.
node_modules/@mui/ico
ns-material/esm/Repla
y5.js (1:0): Module 
level directives 
cause errors when 
bundled, "use 
client" in "node_modu
les/@mui/icons-materi
al/esm/Replay5.js" 
was ignored.
node_modules/@mui/ico
ns-material/esm/Repla
y5Outlined.js (1:0): 
Module level 
directives cause 
errors when bundled, 
"use client" in "node
_modules/@mui/icons-m
aterial/esm/Replay5Ou
tlined.js" was 
ignored.
node_modules/@mui/ico
ns-material/esm/Repla
y5TwoTone.js (1:0): 
Module level 
directives cause 
errors when bundled, 
"use client" in "node
_modules/@mui/icons-m
aterial/esm/Replay5Tw
oTone.js" was 
ignored.
node_modules/@mui/ico
ns-material/esm/Repla
y5Rounded.js (1:0): 
Module level 
directives cause 
errors when bundled, 
"use client" in "node
_modules/@mui/icons-m
aterial/esm/Replay5Ro
unded.js" was 
ignored.
node_modules/@mui/ico
ns-material/esm/Repla
yCircleFilled.js 
(1:0): Module level 
directives cause 
errors when bundled, 
"use client" in "node
_modules/@mui/icons-m
aterial/esm/ReplayCir
cleFilled.js" was 
ignored.
node_modules/@mui/ico
ns-material/esm/Repla
y5Sharp.js (1:0): 
Module level 
directives cause 
errors when bundled, 
"use client" in "node
_modules/@mui/icons-m
aterial/esm/Replay5Sh
arp.js" was ignored.
node_modules/@mui/ico
ns-material/esm/Repla
yCircleFilledTwoTone.
js (1:0): Module 
level directives 
cause errors when 
bundled, "use 
client" in "node_modu
les/@mui/icons-materi
al/esm/ReplayCircleFi
lledTwoTone.js" was 
ignored.
node_modules/@mui/ico
ns-material/esm/Repla
yCircleFilledRounded.
js (1:0): Module 
level directives 
cause errors when 
bundled, "use 
client" in "node_modu
les/@mui/icons-materi
al/esm/ReplayCircleFi
lledRounded.js" was 
ignored.
node_modules/@mui/ico
ns-material/esm/Repla
yCircleFilledOutlined
.js (1:0): Module 
level directives 
cause errors when 
bundled, "use 
client" in "node_modu
les/@mui/icons-materi
al/esm/ReplayCircleFi
lledOutlined.js" was 
ignored.
node_modules/@mui/ico
ns-material/esm/Repla
yCircleFilledSharp.js
 (1:0): Module level 
directives cause 
errors when bundled, 
"use client" in "node
_modules/@mui/icons-m
aterial/esm/ReplayCir
cleFilledSharp.js" 
was ignored.
node_modules/@mui/ico
ns-material/esm/Repla
yRounded.js (1:0): 
Module level 
directives cause 
errors when bundled, 
"use client" in "node
_modules/@mui/icons-m
aterial/esm/ReplayRou
nded.js" was ignored.
node_modules/@mui/ico
ns-material/esm/Repla
ySharp.js (1:0): 
Module level 
directives cause 
errors when bundled, 
"use client" in "node
_modules/@mui/icons-m
aterial/esm/ReplaySha
rp.js" was ignored.
node_modules/@mui/ico
ns-material/esm/Repla
yTwoTone.js (1:0): 
Module level 
directives cause 
errors when bundled, 
"use client" in "node
_modules/@mui/icons-m
aterial/esm/ReplayTwo
Tone.js" was ignored.
node_modules/@mui/ico
ns-material/esm/Reply
All.js (1:0): Module 
level directives 
cause errors when 
bundled, "use 
client" in "node_modu
les/@mui/icons-materi
al/esm/ReplyAll.js" 
was ignored.
node_modules/@mui/ico
ns-material/esm/Repla
yOutlined.js (1:0): 
Module level 
directives cause 
errors when bundled, 
"use client" in "node
_modules/@mui/icons-m
aterial/esm/ReplayOut
lined.js" was 
ignored.
node_modules/@mui/ico
ns-material/esm/Reply
AllOutlined.js 
(1:0): Module level 
directives cause 
errors when bundled, 
"use client" in "node
_modules/@mui/icons-m
aterial/esm/ReplyAllO
utlined.js" was 
ignored.
node_modules/@mui/ico
ns-material/esm/Reply
AllRounded.js (1:0): 
Module level 
directives cause 
errors when bundled, 
"use client" in "node
_modules/@mui/icons-m
aterial/esm/ReplyAllR
ounded.js" was 
ignored.
node_modules/@mui/ico
ns-material/esm/Reply
AllSharp.js (1:0): 
Module level 
directives cause 
errors when bundled, 
"use client" in "node
_modules/@mui/icons-m
aterial/esm/ReplyAllS
harp.js" was ignored.
node_modules/@mui/ico
ns-material/esm/Reply
AllTwoTone.js (1:0): 
Module level 
directives cause 
errors when bundled, 
"use client" in "node
_modules/@mui/icons-m
aterial/esm/ReplyAllT
woTone.js" was 
ignored.
node_modules/@mui/ico
ns-material/esm/Reply
.js (1:0): Module 
level directives 
cause errors when 
bundled, "use 
client" in "node_modu
les/@mui/icons-materi
al/esm/Reply.js" was 
ignored.
node_modules/@mui/ico
ns-material/esm/Reply
Outlined.js (1:0): 
Module level 
directives cause 
errors when bundled, 
"use client" in "node
_modules/@mui/icons-m
aterial/esm/ReplyOutl
ined.js" was ignored.
node_modules/@mui/ico
ns-material/esm/Reply
Sharp.js (1:0): 
Module level 
directives cause 
errors when bundled, 
"use client" in "node
_modules/@mui/icons-m
aterial/esm/ReplyShar
p.js" was ignored.
node_modules/@mui/ico
ns-material/esm/Reply
Rounded.js (1:0): 
Module level 
directives cause 
errors when bundled, 
"use client" in "node
_modules/@mui/icons-m
aterial/esm/ReplyRoun
ded.js" was ignored.
node_modules/@mui/ico
ns-material/esm/Repor
t.js (1:0): Module 
level directives 
cause errors when 
bundled, "use 
client" in "node_modu
les/@mui/icons-materi
al/esm/Report.js" 
was ignored.
node_modules/@mui/ico
ns-material/esm/Reply
TwoTone.js (1:0): 
Module level 
directives cause 
errors when bundled, 
"use client" in "node
_modules/@mui/icons-m
aterial/esm/ReplyTwoT
one.js" was ignored.
node_modules/@mui/ico
ns-material/esm/Repor
tGmailerrorredOutline
d.js (1:0): Module 
level directives 
cause errors when 
bundled, "use 
client" in "node_modu
les/@mui/icons-materi
al/esm/ReportGmailerr
orredOutlined.js" 
was ignored.
node_modules/@mui/ico
ns-material/esm/Repor
tGmailerrorredRounded
.js (1:0): Module 
level directives 
cause errors when 
bundled, "use 
client" in "node_modu
les/@mui/icons-materi
al/esm/ReportGmailerr
orredRounded.js" was 
ignored.
node_modules/@mui/ico
ns-material/esm/Repor
tGmailerrorred.js 
(1:0): Module level 
directives cause 
errors when bundled, 
"use client" in "node
_modules/@mui/icons-m
aterial/esm/ReportGma
ilerrorred.js" was 
ignored.
node_modules/@mui/ico
ns-material/esm/Repor
tGmailerrorredTwoTone
.js (1:0): Module 
level directives 
cause errors when 
bundled, "use 
client" in "node_modu
les/@mui/icons-materi
al/esm/ReportGmailerr
orredTwoTone.js" was 
ignored.
node_modules/@mui/ico
ns-material/esm/Repor
tOff.js (1:0): 
Module level 
directives cause 
errors when bundled, 
"use client" in "node
_modules/@mui/icons-m
aterial/esm/ReportOff
.js" was ignored.
node_modules/@mui/ico
ns-material/esm/Repor
tOffOutlined.js 
(1:0): Module level 
directives cause 
errors when bundled, 
"use client" in "node
_modules/@mui/icons-m
aterial/esm/ReportOff
Outlined.js" was 
ignored.
node_modules/@mui/ico
ns-material/esm/Repor
tOffSharp.js (1:0): 
Module level 
directives cause 
errors when bundled, 
"use client" in "node
_modules/@mui/icons-m
aterial/esm/ReportOff
Sharp.js" was 
ignored.
node_modules/@mui/ico
ns-material/esm/Repor
tOffRounded.js 
(1:0): Module level 
directives cause 
errors when bundled, 
"use client" in "node
_modules/@mui/icons-m
aterial/esm/ReportOff
Rounded.js" was 
ignored.
node_modules/@mui/ico
ns-material/esm/Repor
tOffTwoTone.js 
(1:0): Module level 
directives cause 
errors when bundled, 
"use client" in "node
_modules/@mui/icons-m
aterial/esm/ReportOff
TwoTone.js" was 
ignored.
node_modules/@mui/ico
ns-material/esm/Repor
tGmailerrorredSharp.j
s (1:0): Module 
level directives 
cause errors when 
bundled, "use 
client" in "node_modu
les/@mui/icons-materi
al/esm/ReportGmailerr
orredSharp.js" was 
ignored.
node_modules/@mui/ico
ns-material/esm/Repor
tProblem.js (1:0): 
Module level 
directives cause 
errors when bundled, 
"use client" in "node
_modules/@mui/icons-m
aterial/esm/ReportPro
blem.js" was ignored.
node_modules/@mui/ico
ns-material/esm/Repor
tProblemOutlined.js 
(1:0): Module level 
directives cause 
errors when bundled, 
"use client" in "node
_modules/@mui/icons-m
aterial/esm/ReportPro
blemOutlined.js" was 
ignored.
node_modules/@mui/ico
ns-material/esm/Repor
tProblemRounded.js 
(1:0): Module level 
directives cause 
errors when bundled, 
"use client" in "node
_modules/@mui/icons-m
aterial/esm/ReportPro
blemRounded.js" was 
ignored.
node_modules/@mui/ico
ns-material/esm/Repor
tProblemSharp.js 
(1:0): Module level 
directives cause 
errors when bundled, 
"use client" in "node
_modules/@mui/icons-m
aterial/esm/ReportPro
blemSharp.js" was 
ignored.
node_modules/@mui/ico
ns-material/esm/Repor
tProblemTwoTone.js 
(1:0): Module level 
directives cause 
errors when bundled, 
"use client" in "node
_modules/@mui/icons-m
aterial/esm/ReportPro
blemTwoTone.js" was 
ignored.
node_modules/@mui/ico
ns-material/esm/Repor
tSharp.js (1:0): 
Module level 
directives cause 
errors when bundled, 
"use client" in "node
_modules/@mui/icons-m
aterial/esm/ReportSha
rp.js" was ignored.
node_modules/@mui/ico
ns-material/esm/Repor
tOutlined.js (1:0): 
Module level 
directives cause 
errors when bundled, 
"use client" in "node
_modules/@mui/icons-m
aterial/esm/ReportOut
lined.js" was 
ignored.
node_modules/@mui/ico
ns-material/esm/Repor
tRounded.js (1:0): 
Module level 
directives cause 
errors when bundled, 
"use client" in "node
_modules/@mui/icons-m
aterial/esm/ReportRou
nded.js" was ignored.
node_modules/@mui/ico
ns-material/esm/Reque
stPage.js (1:0): 
Module level 
directives cause 
errors when bundled, 
"use client" in "node
_modules/@mui/icons-m
aterial/esm/RequestPa
ge.js" was ignored.
node_modules/@mui/ico
ns-material/esm/Repor
tTwoTone.js (1:0): 
Module level 
directives cause 
errors when bundled, 
"use client" in "node
_modules/@mui/icons-m
aterial/esm/ReportTwo
Tone.js" was ignored.
node_modules/@mui/ico
ns-material/esm/Reque
stPageOutlined.js 
(1:0): Module level 
directives cause 
errors when bundled, 
"use client" in "node
_modules/@mui/icons-m
aterial/esm/RequestPa
geOutlined.js" was 
ignored.
node_modules/@mui/ico
ns-material/esm/Reque
stPageSharp.js 
(1:0): Module level 
directives cause 
errors when bundled, 
"use client" in "node
_modules/@mui/icons-m
aterial/esm/RequestPa
geSharp.js" was 
ignored.
node_modules/@mui/ico
ns-material/esm/Reque
stPageRounded.js 
(1:0): Module level 
directives cause 
errors when bundled, 
"use client" in "node
_modules/@mui/icons-m
aterial/esm/RequestPa
geRounded.js" was 
ignored.
node_modules/@mui/ico
ns-material/esm/Reque
stQuote.js (1:0): 
Module level 
directives cause 
errors when bundled, 
"use client" in "node
_modules/@mui/icons-m
aterial/esm/RequestQu
ote.js" was ignored.
node_modules/@mui/ico
ns-material/esm/Reque
stQuoteOutlined.js 
(1:0): Module level 
directives cause 
errors when bundled, 
"use client" in "node
_modules/@mui/icons-m
aterial/esm/RequestQu
oteOutlined.js" was 
ignored.
node_modules/@mui/ico
ns-material/esm/Reque
stQuoteRounded.js 
(1:0): Module level 
directives cause 
errors when bundled, 
"use client" in "node
_modules/@mui/icons-m
aterial/esm/RequestQu
oteRounded.js" was 
ignored.
node_modules/@mui/ico
ns-material/esm/Reque
stQuoteTwoTone.js 
(1:0): Module level 
directives cause 
errors when bundled, 
"use client" in "node
_modules/@mui/icons-m
aterial/esm/RequestQu
oteTwoTone.js" was 
ignored.
node_modules/@mui/ico
ns-material/esm/Reset
Tv.js (1:0): Module 
level directives 
cause errors when 
bundled, "use 
client" in "node_modu
les/@mui/icons-materi
al/esm/ResetTv.js" 
was ignored.
node_modules/@mui/ico
ns-material/esm/Reque
stQuoteSharp.js 
(1:0): Module level 
directives cause 
errors when bundled, 
"use client" in "node
_modules/@mui/icons-m
aterial/esm/RequestQu
oteSharp.js" was 
ignored.
node_modules/@mui/ico
ns-material/esm/Reset
TvOutlined.js (1:0): 
Module level 
directives cause 
errors when bundled, 
"use client" in "node
_modules/@mui/icons-m
aterial/esm/ResetTvOu
tlined.js" was 
ignored.
node_modules/@mui/ico
ns-material/esm/Resta
rtAltOutlined.js 
(1:0): Module level 
directives cause 
errors when bundled, 
"use client" in "node
_modules/@mui/icons-m
aterial/esm/RestartAl
tOutlined.js" was 
ignored.
node_modules/@mui/ico
ns-material/esm/Reset
TvTwoTone.js (1:0): 
Module level 
directives cause 
errors when bundled, 
"use client" in "node
_modules/@mui/icons-m
aterial/esm/ResetTvTw
oTone.js" was 
ignored.
node_modules/@mui/ico
ns-material/esm/Resta
rtAlt.js (1:0): 
Module level 
directives cause 
errors when bundled, 
"use client" in "node
_modules/@mui/icons-m
aterial/esm/RestartAl
t.js" was ignored.
node_modules/@mui/ico
ns-material/esm/Resta
rtAltRounded.js 
(1:0): Module level 
directives cause 
errors when bundled, 
"use client" in "node
_modules/@mui/icons-m
aterial/esm/RestartAl
tRounded.js" was 
ignored.
node_modules/@mui/ico
ns-material/esm/Resta
rtAltSharp.js (1:0): 
Module level 
directives cause 
errors when bundled, 
"use client" in "node
_modules/@mui/icons-m
aterial/esm/RestartAl
tSharp.js" was 
ignored.
node_modules/@mui/ico
ns-material/esm/Resta
rtAltTwoTone.js 
(1:0): Module level 
directives cause 
errors when bundled, 
"use client" in "node
_modules/@mui/icons-m
aterial/esm/RestartAl
tTwoTone.js" was 
ignored.
node_modules/@mui/ico
ns-material/esm/Reset
TvSharp.js (1:0): 
Module level 
directives cause 
errors when bundled, 
"use client" in "node
_modules/@mui/icons-m
aterial/esm/ResetTvSh
arp.js" was ignored.
node_modules/@mui/ico
ns-material/esm/Resta
urantMenu.js (1:0): 
Module level 
directives cause 
errors when bundled, 
"use client" in "node
_modules/@mui/icons-m
aterial/esm/Restauran
tMenu.js" was 
ignored.
node_modules/@mui/ico
ns-material/esm/Reset
TvRounded.js (1:0): 
Module level 
directives cause 
errors when bundled, 
"use client" in "node
_modules/@mui/icons-m
aterial/esm/ResetTvRo
unded.js" was 
ignored.
node_modules/@mui/ico
ns-material/esm/Resta
urant.js (1:0): 
Module level 
directives cause 
errors when bundled, 
"use client" in "node
_modules/@mui/icons-m
aterial/esm/Restauran
t.js" was ignored.
node_modules/@mui/ico
ns-material/esm/Resta
urantMenuOutlined.js 
(1:0): Module level 
directives cause 
errors when bundled, 
"use client" in "node
_modules/@mui/icons-m
aterial/esm/Restauran
tMenuOutlined.js" 
was ignored.
node_modules/@mui/ico
ns-material/esm/Resta
urantMenuRounded.js 
(1:0): Module level 
directives cause 
errors when bundled, 
"use client" in "node
_modules/@mui/icons-m
aterial/esm/Restauran
tMenuRounded.js" was 
ignored.
node_modules/@mui/ico
ns-material/esm/Reque
stPageTwoTone.js 
(1:0): Module level 
directives cause 
errors when bundled, 
"use client" in "node
_modules/@mui/icons-m
aterial/esm/RequestPa
geTwoTone.js" was 
ignored.
node_modules/@mui/ico
ns-material/esm/Resta
urantMenuTwoTone.js 
(1:0): Module level 
directives cause 
errors when bundled, 
"use client" in "node
_modules/@mui/icons-m
aterial/esm/Restauran
tMenuTwoTone.js" was 
ignored.
node_modules/@mui/ico
ns-material/esm/Resta
urantMenuSharp.js 
(1:0): Module level 
directives cause 
errors when bundled, 
"use client" in "node
_modules/@mui/icons-m
aterial/esm/Restauran
tMenuSharp.js" was 
ignored.
node_modules/@mui/ico
ns-material/esm/Resta
urantSharp.js (1:0): 
Module level 
directives cause 
errors when bundled, 
"use client" in "node
_modules/@mui/icons-m
aterial/esm/Restauran
tSharp.js" was 
ignored.
node_modules/@mui/ico
ns-material/esm/Resta
urantOutlined.js 
(1:0): Module level 
directives cause 
errors when bundled, 
"use client" in "node
_modules/@mui/icons-m
aterial/esm/Restauran
tOutlined.js" was 
ignored.
node_modules/@mui/ico
ns-material/esm/Resta
urantTwoTone.js 
(1:0): Module level 
directives cause 
errors when bundled, 
"use client" in "node
_modules/@mui/icons-m
aterial/esm/Restauran
tTwoTone.js" was 
ignored.
node_modules/@mui/ico
ns-material/esm/Resta
urantRounded.js 
(1:0): Module level 
directives cause 
errors when bundled, 
"use client" in "node
_modules/@mui/icons-m
aterial/esm/Restauran
tRounded.js" was 
ignored.
node_modules/@mui/ico
ns-material/esm/Resto
re.js (1:0): Module 
level directives 
cause errors when 
bundled, "use 
client" in "node_modu
les/@mui/icons-materi
al/esm/Restore.js" 
was ignored.
node_modules/@mui/ico
ns-material/esm/Resto
reFromTrash.js 
(1:0): Module level 
directives cause 
errors when bundled, 
"use client" in "node
_modules/@mui/icons-m
aterial/esm/RestoreFr
omTrash.js" was 
ignored.
node_modules/@mui/ico
ns-material/esm/Resto
reFromTrashOutlined.j
s (1:0): Module 
level directives 
cause errors when 
bundled, "use 
client" in "node_modu
les/@mui/icons-materi
al/esm/RestoreFromTra
shOutlined.js" was 
ignored.
node_modules/@mui/ico
ns-material/esm/Resto
reFromTrashRounded.js
 (1:0): Module level 
directives cause 
errors when bundled, 
"use client" in "node
_modules/@mui/icons-m
aterial/esm/RestoreFr
omTrashRounded.js" 
was ignored.
node_modules/@mui/ico
ns-material/esm/Resto
reOutlined.js (1:0): 
Module level 
directives cause 
errors when bundled, 
"use client" in "node
_modules/@mui/icons-m
aterial/esm/RestoreOu
tlined.js" was 
ignored.
node_modules/@mui/ico
ns-material/esm/Resto
reFromTrashTwoTone.js
 (1:0): Module level 
directives cause 
errors when bundled, 
"use client" in "node
_modules/@mui/icons-m
aterial/esm/RestoreFr
omTrashTwoTone.js" 
was ignored.
node_modules/@mui/ico
ns-material/esm/Resto
reFromTrashSharp.js 
(1:0): Module level 
directives cause 
errors when bundled, 
"use client" in "node
_modules/@mui/icons-m
aterial/esm/RestoreFr
omTrashSharp.js" was 
ignored.
node_modules/@mui/ico
ns-material/esm/Resto
rePage.js (1:0): 
Module level 
directives cause 
errors when bundled, 
"use client" in "node
_modules/@mui/icons-m
aterial/esm/RestorePa
ge.js" was ignored.
node_modules/@mui/ico
ns-material/esm/Resto
rePageOutlined.js 
(1:0): Module level 
directives cause 
errors when bundled, 
"use client" in "node
_modules/@mui/icons-m
aterial/esm/RestorePa
geOutlined.js" was 
ignored.
node_modules/@mui/ico
ns-material/esm/Resto
rePageSharp.js 
(1:0): Module level 
directives cause 
errors when bundled, 
"use client" in "node
_modules/@mui/icons-m
aterial/esm/RestorePa
geSharp.js" was 
ignored.
node_modules/@mui/ico
ns-material/esm/Resto
rePageRounded.js 
(1:0): Module level 
directives cause 
errors when bundled, 
"use client" in "node
_modules/@mui/icons-m
aterial/esm/RestorePa
geRounded.js" was 
ignored.
node_modules/@mui/ico
ns-material/esm/Resto
rePageTwoTone.js 
(1:0): Module level 
directives cause 
errors when bundled, 
"use client" in "node
_modules/@mui/icons-m
aterial/esm/RestorePa
geTwoTone.js" was 
ignored.
node_modules/@mui/ico
ns-material/esm/Revie
wsRounded.js (1:0): 
Module level 
directives cause 
errors when bundled, 
"use client" in "node
_modules/@mui/icons-m
aterial/esm/ReviewsRo
unded.js" was 
ignored.
node_modules/@mui/ico
ns-material/esm/Resto
reRounded.js (1:0): 
Module level 
directives cause 
errors when bundled, 
"use client" in "node
_modules/@mui/icons-m
aterial/esm/RestoreRo
unded.js" was 
ignored.
node_modules/@mui/ico
ns-material/esm/Revie
ws.js (1:0): Module 
level directives 
cause errors when 
bundled, "use 
client" in "node_modu
les/@mui/icons-materi
al/esm/Reviews.js" 
was ignored.
node_modules/@mui/ico
ns-material/esm/Revie
wsOutlined.js (1:0): 
Module level 
directives cause 
errors when bundled, 
"use client" in "node
_modules/@mui/icons-m
aterial/esm/ReviewsOu
tlined.js" was 
ignored.
node_modules/@mui/ico
ns-material/esm/Resto
reSharp.js (1:0): 
Module level 
directives cause 
errors when bundled, 
"use client" in "node
_modules/@mui/icons-m
aterial/esm/RestoreSh
arp.js" was ignored.
node_modules/@mui/ico
ns-material/esm/Revie
wsSharp.js (1:0): 
Module level 
directives cause 
errors when bundled, 
"use client" in "node
_modules/@mui/icons-m
aterial/esm/ReviewsSh
arp.js" was ignored.
node_modules/@mui/ico
ns-material/esm/Revie
wsTwoTone.js (1:0): 
Module level 
directives cause 
errors when bundled, 
"use client" in "node
_modules/@mui/icons-m
aterial/esm/ReviewsTw
oTone.js" was 
ignored.
node_modules/@mui/ico
ns-material/esm/RiceB
owl.js (1:0): Module 
level directives 
cause errors when 
bundled, "use 
client" in "node_modu
les/@mui/icons-materi
al/esm/RiceBowl.js" 
was ignored.
node_modules/@mui/ico
ns-material/esm/Resto
reTwoTone.js (1:0): 
Module level 
directives cause 
errors when bundled, 
"use client" in "node
_modules/@mui/icons-m
aterial/esm/RestoreTw
oTone.js" was 
ignored.
node_modules/@mui/ico
ns-material/esm/RiceB
owlOutlined.js 
(1:0): Module level 
directives cause 
errors when bundled, 
"use client" in "node
_modules/@mui/icons-m
aterial/esm/RiceBowlO
utlined.js" was 
ignored.
node_modules/@mui/ico
ns-material/esm/RiceB
owlSharp.js (1:0): 
Module level 
directives cause 
errors when bundled, 
"use client" in "node
_modules/@mui/icons-m
aterial/esm/RiceBowlS
harp.js" was ignored.
node_modules/@mui/ico
ns-material/esm/RingV
olumeOutlined.js 
(1:0): Module level 
directives cause 
errors when bundled, 
"use client" in "node
_modules/@mui/icons-m
aterial/esm/RingVolum
eOutlined.js" was 
ignored.
node_modules/@mui/ico
ns-material/esm/RingV
olume.js (1:0): 
Module level 
directives cause 
errors when bundled, 
"use client" in "node
_modules/@mui/icons-m
aterial/esm/RingVolum
e.js" was ignored.
node_modules/@mui/ico
ns-material/esm/RiceB
owlTwoTone.js (1:0): 
Module level 
directives cause 
errors when bundled, 
"use client" in "node
_modules/@mui/icons-m
aterial/esm/RiceBowlT
woTone.js" was 
ignored.
node_modules/@mui/ico
ns-material/esm/Rocke
tLaunch.js (1:0): 
Module level 
directives cause 
errors when bundled, 
"use client" in "node
_modules/@mui/icons-m
aterial/esm/RocketLau
nch.js" was ignored.
node_modules/@mui/ico
ns-material/esm/RingV
olumeSharp.js (1:0): 
Module level 
directives cause 
errors when bundled, 
"use client" in "node
_modules/@mui/icons-m
aterial/esm/RingVolum
eSharp.js" was 
ignored.
node_modules/@mui/ico
ns-material/esm/RingV
olumeRounded.js 
(1:0): Module level 
directives cause 
errors when bundled, 
"use client" in "node
_modules/@mui/icons-m
aterial/esm/RingVolum
eRounded.js" was 
ignored.
node_modules/@mui/ico
ns-material/esm/RingV
olumeTwoTone.js 
(1:0): Module level 
directives cause 
errors when bundled, 
"use client" in "node
_modules/@mui/icons-m
aterial/esm/RingVolum
eTwoTone.js" was 
ignored.
node_modules/@mui/ico
ns-material/esm/Rocke
tLaunchOutlined.js 
(1:0): Module level 
directives cause 
errors when bundled, 
"use client" in "node
_modules/@mui/icons-m
aterial/esm/RocketLau
nchOutlined.js" was 
ignored.
node_modules/@mui/ico
ns-material/esm/Rocke
t.js (1:0): Module 
level directives 
cause errors when 
bundled, "use 
client" in "node_modu
les/@mui/icons-materi
al/esm/Rocket.js" 
was ignored.
node_modules/@mui/ico
ns-material/esm/Rocke
tLaunchRounded.js 
(1:0): Module level 
directives cause 
errors when bundled, 
"use client" in "node
_modules/@mui/icons-m
aterial/esm/RocketLau
nchRounded.js" was 
ignored.
node_modules/@mui/ico
ns-material/esm/RiceB
owlRounded.js (1:0): 
Module level 
directives cause 
errors when bundled, 
"use client" in "node
_modules/@mui/icons-m
aterial/esm/RiceBowlR
ounded.js" was 
ignored.
node_modules/@mui/ico
ns-material/esm/Rocke
tOutlined.js (1:0): 
Module level 
directives cause 
errors when bundled, 
"use client" in "node
_modules/@mui/icons-m
aterial/esm/RocketOut
lined.js" was 
ignored.
node_modules/@mui/ico
ns-material/esm/Rocke
tLaunchSharp.js 
(1:0): Module level 
directives cause 
errors when bundled, 
"use client" in "node
_modules/@mui/icons-m
aterial/esm/RocketLau
nchSharp.js" was 
ignored.
node_modules/@mui/ico
ns-material/esm/Rocke
tLaunchTwoTone.js 
(1:0): Module level 
directives cause 
errors when bundled, 
"use client" in "node
_modules/@mui/icons-m
aterial/esm/RocketLau
nchTwoTone.js" was 
ignored.
node_modules/@mui/ico
ns-material/esm/Rocke
tRounded.js (1:0): 
Module level 
directives cause 
errors when bundled, 
"use client" in "node
_modules/@mui/icons-m
aterial/esm/RocketRou
nded.js" was ignored.
node_modules/@mui/ico
ns-material/esm/Rocke
tTwoTone.js (1:0): 
Module level 
directives cause 
errors when bundled, 
"use client" in "node
_modules/@mui/icons-m
aterial/esm/RocketTwo
Tone.js" was ignored.
node_modules/@mui/ico
ns-material/esm/Rocke
tSharp.js (1:0): 
Module level 
directives cause 
errors when bundled, 
"use client" in "node
_modules/@mui/icons-m
aterial/esm/RocketSha
rp.js" was ignored.
node_modules/@mui/ico
ns-material/esm/Rolle
rShades.js (1:0): 
Module level 
directives cause 
errors when bundled, 
"use client" in "node
_modules/@mui/icons-m
aterial/esm/RollerSha
des.js" was ignored.
node_modules/@mui/ico
ns-material/esm/Rolle
rShadesClosed.js 
(1:0): Module level 
directives cause 
errors when bundled, 
"use client" in "node
_modules/@mui/icons-m
aterial/esm/RollerSha
desClosed.js" was 
ignored.
node_modules/@mui/ico
ns-material/esm/Rolle
rShadesClosedRounded.
js (1:0): Module 
level directives 
cause errors when 
bundled, "use 
client" in "node_modu
les/@mui/icons-materi
al/esm/RollerShadesCl
osedRounded.js" was 
ignored.
node_modules/@mui/ico
ns-material/esm/Rolle
rShadesRounded.js 
(1:0): Module level 
directives cause 
errors when bundled, 
"use client" in "node
_modules/@mui/icons-m
aterial/esm/RollerSha
desRounded.js" was 
ignored.
node_modules/@mui/ico
ns-material/esm/Rolle
rShadesClosedTwoTone.
js (1:0): Module 
level directives 
cause errors when 
bundled, "use 
client" in "node_modu
les/@mui/icons-materi
al/esm/RollerShadesCl
osedTwoTone.js" was 
ignored.
node_modules/@mui/ico
ns-material/esm/Rolle
rShadesClosedOutlined
.js (1:0): Module 
level directives 
cause errors when 
bundled, "use 
client" in "node_modu
les/@mui/icons-materi
al/esm/RollerShadesCl
osedOutlined.js" was 
ignored.
node_modules/@mui/ico
ns-material/esm/Rolle
rShadesClosedSharp.js
 (1:0): Module level 
directives cause 
errors when bundled, 
"use client" in "node
_modules/@mui/icons-m
aterial/esm/RollerSha
desClosedSharp.js" 
was ignored.
node_modules/@mui/ico
ns-material/esm/Rolle
rShadesOutlined.js 
(1:0): Module level 
directives cause 
errors when bundled, 
"use client" in "node
_modules/@mui/icons-m
aterial/esm/RollerSha
desOutlined.js" was 
ignored.
node_modules/@mui/ico
ns-material/esm/Rolle
rShadesTwoTone.js 
(1:0): Module level 
directives cause 
errors when bundled, 
"use client" in "node
_modules/@mui/icons-m
aterial/esm/RollerSha
desTwoTone.js" was 
ignored.
node_modules/@mui/ico
ns-material/esm/Rolle
rShadesSharp.js 
(1:0): Module level 
directives cause 
errors when bundled, 
"use client" in "node
_modules/@mui/icons-m
aterial/esm/RollerSha
desSharp.js" was 
ignored.
node_modules/@mui/ico
ns-material/esm/Rolle
rSkating.js (1:0): 
Module level 
directives cause 
errors when bundled, 
"use client" in "node
_modules/@mui/icons-m
aterial/esm/RollerSka
ting.js" was ignored.
node_modules/@mui/ico
ns-material/esm/Rolle
rSkatingRounded.js 
(1:0): Module level 
directives cause 
errors when bundled, 
"use client" in "node
_modules/@mui/icons-m
aterial/esm/RollerSka
tingRounded.js" was 
ignored.
node_modules/@mui/ico
ns-material/esm/Rolle
rSkatingOutlined.js 
(1:0): Module level 
directives cause 
errors when bundled, 
"use client" in "node
_modules/@mui/icons-m
aterial/esm/RollerSka
tingOutlined.js" was 
ignored.
node_modules/@mui/ico
ns-material/esm/Rolle
rSkatingSharp.js 
(1:0): Module level 
directives cause 
errors when bundled, 
"use client" in "node
_modules/@mui/icons-m
aterial/esm/RollerSka
tingSharp.js" was 
ignored.
node_modules/@mui/ico
ns-material/esm/Roofi
ng.js (1:0): Module 
level directives 
cause errors when 
bundled, "use 
client" in "node_modu
les/@mui/icons-materi
al/esm/Roofing.js" 
was ignored.
node_modules/@mui/ico
ns-material/esm/Rolle
rSkatingTwoTone.js 
(1:0): Module level 
directives cause 
errors when bundled, 
"use client" in "node
_modules/@mui/icons-m
aterial/esm/RollerSka
tingTwoTone.js" was 
ignored.
node_modules/@mui/ico
ns-material/esm/Roofi
ngOutlined.js (1:0): 
Module level 
directives cause 
errors when bundled, 
"use client" in "node
_modules/@mui/icons-m
aterial/esm/RoofingOu
tlined.js" was 
ignored.
node_modules/@mui/ico
ns-material/esm/Roofi
ngRounded.js (1:0): 
Module level 
directives cause 
errors when bundled, 
"use client" in "node
_modules/@mui/icons-m
aterial/esm/RoofingRo
unded.js" was 
ignored.
node_modules/@mui/ico
ns-material/esm/Roofi
ngTwoTone.js (1:0): 
Module level 
directives cause 
errors when bundled, 
"use client" in "node
_modules/@mui/icons-m
aterial/esm/RoofingTw
oTone.js" was 
ignored.
node_modules/@mui/ico
ns-material/esm/Roofi
ngSharp.js (1:0): 
Module level 
directives cause 
errors when bundled, 
"use client" in "node
_modules/@mui/icons-m
aterial/esm/RoofingSh
arp.js" was ignored.
node_modules/@mui/ico
ns-material/esm/Room.
js (1:0): Module 
level directives 
cause errors when 
bundled, "use 
client" in "node_modu
les/@mui/icons-materi
al/esm/Room.js" was 
ignored.
node_modules/@mui/ico
ns-material/esm/RoomP
references.js (1:0): 
Module level 
directives cause 
errors when bundled, 
"use client" in "node
_modules/@mui/icons-m
aterial/esm/RoomPrefe
rences.js" was 
ignored.
node_modules/@mui/ico
ns-material/esm/RoomP
referencesRounded.js 
(1:0): Module level 
directives cause 
errors when bundled, 
"use client" in "node
_modules/@mui/icons-m
aterial/esm/RoomPrefe
rencesRounded.js" 
was ignored.
node_modules/@mui/ico
ns-material/esm/RoomP
referencesOutlined.js
 (1:0): Module level 
directives cause 
errors when bundled, 
"use client" in "node
_modules/@mui/icons-m
aterial/esm/RoomPrefe
rencesOutlined.js" 
was ignored.
node_modules/@mui/ico
ns-material/esm/RoomO
utlined.js (1:0): 
Module level 
directives cause 
errors when bundled, 
"use client" in "node
_modules/@mui/icons-m
aterial/esm/RoomOutli
ned.js" was ignored.
node_modules/@mui/ico
ns-material/esm/RoomP
referencesTwoTone.js 
(1:0): Module level 
directives cause 
errors when bundled, 
"use client" in "node
_modules/@mui/icons-m
aterial/esm/RoomPrefe
rencesTwoTone.js" 
was ignored.
node_modules/@mui/ico
ns-material/esm/RoomP
referencesSharp.js 
(1:0): Module level 
directives cause 
errors when bundled, 
"use client" in "node
_modules/@mui/icons-m
aterial/esm/RoomPrefe
rencesSharp.js" was 
ignored.
node_modules/@mui/ico
ns-material/esm/RoomR
ounded.js (1:0): 
Module level 
directives cause 
errors when bundled, 
"use client" in "node
_modules/@mui/icons-m
aterial/esm/RoomRound
ed.js" was ignored.
node_modules/@mui/ico
ns-material/esm/RoomS
ervice.js (1:0): 
Module level 
directives cause 
errors when bundled, 
"use client" in "node
_modules/@mui/icons-m
aterial/esm/RoomServi
ce.js" was ignored.
node_modules/@mui/ico
ns-material/esm/RoomS
erviceOutlined.js 
(1:0): Module level 
directives cause 
errors when bundled, 
"use client" in "node
_modules/@mui/icons-m
aterial/esm/RoomServi
ceOutlined.js" was 
ignored.
node_modules/@mui/ico
ns-material/esm/RoomS
erviceRounded.js 
(1:0): Module level 
directives cause 
errors when bundled, 
"use client" in "node
_modules/@mui/icons-m
aterial/esm/RoomServi
ceRounded.js" was 
ignored.
node_modules/@mui/ico
ns-material/esm/RoomS
harp.js (1:0): 
Module level 
directives cause 
errors when bundled, 
"use client" in "node
_modules/@mui/icons-m
aterial/esm/RoomSharp
.js" was ignored.
node_modules/@mui/ico
ns-material/esm/RoomS
erviceTwoTone.js 
(1:0): Module level 
directives cause 
errors when bundled, 
"use client" in "node
_modules/@mui/icons-m
aterial/esm/RoomServi
ceTwoTone.js" was 
ignored.
node_modules/@mui/ico
ns-material/esm/RoomS
erviceSharp.js 
(1:0): Module level 
directives cause 
errors when bundled, 
"use client" in "node
_modules/@mui/icons-m
aterial/esm/RoomServi
ceSharp.js" was 
ignored.
node_modules/@mui/ico
ns-material/esm/RoomT
woTone.js (1:0): 
Module level 
directives cause 
errors when bundled, 
"use client" in "node
_modules/@mui/icons-m
aterial/esm/RoomTwoTo
ne.js" was ignored.
node_modules/@mui/ico
ns-material/esm/Rotat
e90DegreesCcw.js 
(1:0): Module level 
directives cause 
errors when bundled, 
"use client" in "node
_modules/@mui/icons-m
aterial/esm/Rotate90D
egreesCcw.js" was 
ignored.
node_modules/@mui/ico
ns-material/esm/Rotat
e90DegreesCcwOutlined
.js (1:0): Module 
level directives 
cause errors when 
bundled, "use 
client" in "node_modu
les/@mui/icons-materi
al/esm/Rotate90Degree
sCcwOutlined.js" was 
ignored.
node_modules/@mui/ico
ns-material/esm/Rotat
e90DegreesCcwSharp.js
 (1:0): Module level 
directives cause 
errors when bundled, 
"use client" in "node
_modules/@mui/icons-m
aterial/esm/Rotate90D
egreesCcwSharp.js" 
was ignored.
node_modules/@mui/ico
ns-material/esm/Rotat
e90DegreesCcwRounded.
js (1:0): Module 
level directives 
cause errors when 
bundled, "use 
client" in "node_modu
les/@mui/icons-materi
al/esm/Rotate90Degree
sCcwRounded.js" was 
ignored.
node_modules/@mui/ico
ns-material/esm/Rotat
e90DegreesCcwTwoTone.
js (1:0): Module 
level directives 
cause errors when 
bundled, "use 
client" in "node_modu
les/@mui/icons-materi
al/esm/Rotate90Degree
sCcwTwoTone.js" was 
ignored.
node_modules/@mui/ico
ns-material/esm/Rotat
e90DegreesCwOutlined.
js (1:0): Module 
level directives 
cause errors when 
bundled, "use 
client" in "node_modu
les/@mui/icons-materi
al/esm/Rotate90Degree
sCwOutlined.js" was 
ignored.
node_modules/@mui/ico
ns-material/esm/Rotat
e90DegreesCw.js 
(1:0): Module level 
directives cause 
errors when bundled, 
"use client" in "node
_modules/@mui/icons-m
aterial/esm/Rotate90D
egreesCw.js" was 
ignored.
node_modules/@mui/ico
ns-material/esm/Rotat
e90DegreesCwSharp.js 
(1:0): Module level 
directives cause 
errors when bundled, 
"use client" in "node
_modules/@mui/icons-m
aterial/esm/Rotate90D
egreesCwSharp.js" 
was ignored.
node_modules/@mui/ico
ns-material/esm/Rotat
e90DegreesCwTwoTone.j
s (1:0): Module 
level directives 
cause errors when 
bundled, "use 
client" in "node_modu
les/@mui/icons-materi
al/esm/Rotate90Degree
sCwTwoTone.js" was 
ignored.
node_modules/@mui/ico
ns-material/esm/Rotat
e90DegreesCwRounded.j
s (1:0): Module 
level directives 
cause errors when 
bundled, "use 
client" in "node_modu
les/@mui/icons-materi
al/esm/Rotate90Degree
sCwRounded.js" was 
ignored.
node_modules/@mui/ico
ns-material/esm/Rotat
eLeft.js (1:0): 
Module level 
directives cause 
errors when bundled, 
"use client" in "node
_modules/@mui/icons-m
aterial/esm/RotateLef
t.js" was ignored.
node_modules/@mui/ico
ns-material/esm/Rotat
eLeftRounded.js 
(1:0): Module level 
directives cause 
errors when bundled, 
"use client" in "node
_modules/@mui/icons-m
aterial/esm/RotateLef
tRounded.js" was 
ignored.
node_modules/@mui/ico
ns-material/esm/Rotat
eLeftOutlined.js 
(1:0): Module level 
directives cause 
errors when bundled, 
"use client" in "node
_modules/@mui/icons-m
aterial/esm/RotateLef
tOutlined.js" was 
ignored.
node_modules/@mui/ico
ns-material/esm/Rotat
eLeftTwoTone.js 
(1:0): Module level 
directives cause 
errors when bundled, 
"use client" in "node
_modules/@mui/icons-m
aterial/esm/RotateLef
tTwoTone.js" was 
ignored.
node_modules/@mui/ico
ns-material/esm/Rotat
eRight.js (1:0): 
Module level 
directives cause 
errors when bundled, 
"use client" in "node
_modules/@mui/icons-m
aterial/esm/RotateRig
ht.js" was ignored.
node_modules/@mui/ico
ns-material/esm/Rotat
eLeftSharp.js (1:0): 
Module level 
directives cause 
errors when bundled, 
"use client" in "node
_modules/@mui/icons-m
aterial/esm/RotateLef
tSharp.js" was 
ignored.
node_modules/@mui/ico
ns-material/esm/Rotat
eRightOutlined.js 
(1:0): Module level 
directives cause 
errors when bundled, 
"use client" in "node
_modules/@mui/icons-m
aterial/esm/RotateRig
htOutlined.js" was 
ignored.
node_modules/@mui/ico
ns-material/esm/Rotat
eRightSharp.js 
(1:0): Module level 
directives cause 
errors when bundled, 
"use client" in "node
_modules/@mui/icons-m
aterial/esm/RotateRig
htSharp.js" was 
ignored.
node_modules/@mui/ico
ns-material/esm/Rotat
eRightTwoTone.js 
(1:0): Module level 
directives cause 
errors when bundled, 
"use client" in "node
_modules/@mui/icons-m
aterial/esm/RotateRig
htTwoTone.js" was 
ignored.
node_modules/@mui/ico
ns-material/esm/Round
aboutLeft.js (1:0): 
Module level 
directives cause 
errors when bundled, 
"use client" in "node
_modules/@mui/icons-m
aterial/esm/Roundabou
tLeft.js" was 
ignored.
node_modules/@mui/ico
ns-material/esm/Round
aboutLeftRounded.js 
(1:0): Module level 
directives cause 
errors when bundled, 
"use client" in "node
_modules/@mui/icons-m
aterial/esm/Roundabou
tLeftRounded.js" was 
ignored.
node_modules/@mui/ico
ns-material/esm/Rotat
eRightRounded.js 
(1:0): Module level 
directives cause 
errors when bundled, 
"use client" in "node
_modules/@mui/icons-m
aterial/esm/RotateRig
htRounded.js" was 
ignored.
node_modules/@mui/ico
ns-material/esm/Round
aboutLeftSharp.js 
(1:0): Module level 
directives cause 
errors when bundled, 
"use client" in "node
_modules/@mui/icons-m
aterial/esm/Roundabou
tLeftSharp.js" was 
ignored.
node_modules/@mui/ico
ns-material/esm/Round
aboutLeftOutlined.js 
(1:0): Module level 
directives cause 
errors when bundled, 
"use client" in "node
_modules/@mui/icons-m
aterial/esm/Roundabou
tLeftOutlined.js" 
was ignored.
node_modules/@mui/ico
ns-material/esm/Round
aboutRight.js (1:0): 
Module level 
directives cause 
errors when bundled, 
"use client" in "node
_modules/@mui/icons-m
aterial/esm/Roundabou
tRight.js" was 
ignored.
node_modules/@mui/ico
ns-material/esm/Round
aboutRightRounded.js 
(1:0): Module level 
directives cause 
errors when bundled, 
"use client" in "node
_modules/@mui/icons-m
aterial/esm/Roundabou
tRightRounded.js" 
was ignored.
node_modules/@mui/ico
ns-material/esm/Round
aboutLeftTwoTone.js 
(1:0): Module level 
directives cause 
errors when bundled, 
"use client" in "node
_modules/@mui/icons-m
aterial/esm/Roundabou
tLeftTwoTone.js" was 
ignored.
node_modules/@mui/ico
ns-material/esm/Round
aboutRightOutlined.js
 (1:0): Module level 
directives cause 
errors when bundled, 
"use client" in "node
_modules/@mui/icons-m
aterial/esm/Roundabou
tRightOutlined.js" 
was ignored.
node_modules/@mui/ico
ns-material/esm/Round
edCornerOutlined.js 
(1:0): Module level 
directives cause 
errors when bundled, 
"use client" in "node
_modules/@mui/icons-m
aterial/esm/RoundedCo
rnerOutlined.js" was 
ignored.
node_modules/@mui/ico
ns-material/esm/Round
aboutRightSharp.js 
(1:0): Module level 
directives cause 
errors when bundled, 
"use client" in "node
_modules/@mui/icons-m
aterial/esm/Roundabou
tRightSharp.js" was 
ignored.
node_modules/@mui/ico
ns-material/esm/Round
edCornerSharp.js 
(1:0): Module level 
directives cause 
errors when bundled, 
"use client" in "node
_modules/@mui/icons-m
aterial/esm/RoundedCo
rnerSharp.js" was 
ignored.
node_modules/@mui/ico
ns-material/esm/Route
.js (1:0): Module 
level directives 
cause errors when 
bundled, "use 
client" in "node_modu
les/@mui/icons-materi
al/esm/Route.js" was 
ignored.
node_modules/@mui/ico
ns-material/esm/Round
edCornerRounded.js 
(1:0): Module level 
directives cause 
errors when bundled, 
"use client" in "node
_modules/@mui/icons-m
aterial/esm/RoundedCo
rnerRounded.js" was 
ignored.
node_modules/@mui/ico
ns-material/esm/Route
Rounded.js (1:0): 
Module level 
directives cause 
errors when bundled, 
"use client" in "node
_modules/@mui/icons-m
aterial/esm/RouteRoun
ded.js" was ignored.
node_modules/@mui/ico
ns-material/esm/Route
Sharp.js (1:0): 
Module level 
directives cause 
errors when bundled, 
"use client" in "node
_modules/@mui/icons-m
aterial/esm/RouteShar
p.js" was ignored.
node_modules/@mui/ico
ns-material/esm/Round
edCornerTwoTone.js 
(1:0): Module level 
directives cause 
errors when bundled, 
"use client" in "node
_modules/@mui/icons-m
aterial/esm/RoundedCo
rnerTwoTone.js" was 
ignored.
node_modules/@mui/ico
ns-material/esm/Round
edCorner.js (1:0): 
Module level 
directives cause 
errors when bundled, 
"use client" in "node
_modules/@mui/icons-m
aterial/esm/RoundedCo
rner.js" was ignored.
node_modules/@mui/ico
ns-material/esm/Route
rOutlined.js (1:0): 
Module level 
directives cause 
errors when bundled, 
"use client" in "node
_modules/@mui/icons-m
aterial/esm/RouterOut
lined.js" was 
ignored.
node_modules/@mui/ico
ns-material/esm/Route
Outlined.js (1:0): 
Module level 
directives cause 
errors when bundled, 
"use client" in "node
_modules/@mui/icons-m
aterial/esm/RouteOutl
ined.js" was ignored.
node_modules/@mui/ico
ns-material/esm/Route
rRounded.js (1:0): 
Module level 
directives cause 
errors when bundled, 
"use client" in "node
_modules/@mui/icons-m
aterial/esm/RouterRou
nded.js" was ignored.
node_modules/@mui/ico
ns-material/esm/Route
r.js (1:0): Module 
level directives 
cause errors when 
bundled, "use 
client" in "node_modu
les/@mui/icons-materi
al/esm/Router.js" 
was ignored.
node_modules/@mui/ico
ns-material/esm/Rowin
g.js (1:0): Module 
level directives 
cause errors when 
bundled, "use 
client" in "node_modu
les/@mui/icons-materi
al/esm/Rowing.js" 
was ignored.
node_modules/@mui/ico
ns-material/esm/Route
rSharp.js (1:0): 
Module level 
directives cause 
errors when bundled, 
"use client" in "node
_modules/@mui/icons-m
aterial/esm/RouterSha
rp.js" was ignored.
node_modules/@mui/ico
ns-material/esm/Route
TwoTone.js (1:0): 
Module level 
directives cause 
errors when bundled, 
"use client" in "node
_modules/@mui/icons-m
aterial/esm/RouteTwoT
one.js" was ignored.
node_modules/@mui/ico
ns-material/esm/Rowin
gRounded.js (1:0): 
Module level 
directives cause 
errors when bundled, 
"use client" in "node
_modules/@mui/icons-m
aterial/esm/RowingRou
nded.js" was ignored.
node_modules/@mui/ico
ns-material/esm/Route
rTwoTone.js (1:0): 
Module level 
directives cause 
errors when bundled, 
"use client" in "node
_modules/@mui/icons-m
aterial/esm/RouterTwo
Tone.js" was ignored.
node_modules/@mui/ico
ns-material/esm/Rowin
gOutlined.js (1:0): 
Module level 
directives cause 
errors when bundled, 
"use client" in "node
_modules/@mui/icons-m
aterial/esm/RowingOut
lined.js" was 
ignored.
node_modules/@mui/ico
ns-material/esm/Rowin
gTwoTone.js (1:0): 
Module level 
directives cause 
errors when bundled, 
"use client" in "node
_modules/@mui/icons-m
aterial/esm/RowingTwo
Tone.js" was ignored.
node_modules/@mui/ico
ns-material/esm/Rowin
gSharp.js (1:0): 
Module level 
directives cause 
errors when bundled, 
"use client" in "node
_modules/@mui/icons-m
aterial/esm/RowingSha
rp.js" was ignored.
node_modules/@mui/ico
ns-material/esm/RssFe
ed.js (1:0): Module 
level directives 
cause errors when 
bundled, "use 
client" in "node_modu
les/@mui/icons-materi
al/esm/RssFeed.js" 
was ignored.
node_modules/@mui/ico
ns-material/esm/RssFe
edRounded.js (1:0): 
Module level 
directives cause 
errors when bundled, 
"use client" in "node
_modules/@mui/icons-m
aterial/esm/RssFeedRo
unded.js" was 
ignored.
node_modules/@mui/ico
ns-material/esm/Round
aboutRightTwoTone.js 
(1:0): Module level 
directives cause 
errors when bundled, 
"use client" in "node
_modules/@mui/icons-m
aterial/esm/Roundabou
tRightTwoTone.js" 
was ignored.
node_modules/@mui/ico
ns-material/esm/RssFe
edOutlined.js (1:0): 
Module level 
directives cause 
errors when bundled, 
"use client" in "node
_modules/@mui/icons-m
aterial/esm/RssFeedOu
tlined.js" was 
ignored.
node_modules/@mui/ico
ns-material/esm/RssFe
edSharp.js (1:0): 
Module level 
directives cause 
errors when bundled, 
"use client" in "node
_modules/@mui/icons-m
aterial/esm/RssFeedSh
arp.js" was ignored.
node_modules/@mui/ico
ns-material/esm/RssFe
edTwoTone.js (1:0): 
Module level 
directives cause 
errors when bundled, 
"use client" in "node
_modules/@mui/icons-m
aterial/esm/RssFeedTw
oTone.js" was 
ignored.
node_modules/@mui/ico
ns-material/esm/RsvpR
ounded.js (1:0): 
Module level 
directives cause 
errors when bundled, 
"use client" in "node
_modules/@mui/icons-m
aterial/esm/RsvpRound
ed.js" was ignored.
node_modules/@mui/ico
ns-material/esm/Rsvp.
js (1:0): Module 
level directives 
cause errors when 
bundled, "use 
client" in "node_modu
les/@mui/icons-materi
al/esm/Rsvp.js" was 
ignored.
node_modules/@mui/ico
ns-material/esm/RsvpS
harp.js (1:0): 
Module level 
directives cause 
errors when bundled, 
"use client" in "node
_modules/@mui/icons-m
aterial/esm/RsvpSharp
.js" was ignored.
node_modules/@mui/ico
ns-material/esm/RsvpO
utlined.js (1:0): 
Module level 
directives cause 
errors when bundled, 
"use client" in "node
_modules/@mui/icons-m
aterial/esm/RsvpOutli
ned.js" was ignored.
node_modules/@mui/ico
ns-material/esm/Rtt.j
s (1:0): Module 
level directives 
cause errors when 
bundled, "use 
client" in "node_modu
les/@mui/icons-materi
al/esm/Rtt.js" was 
ignored.
node_modules/@mui/ico
ns-material/esm/RsvpT
woTone.js (1:0): 
Module level 
directives cause 
errors when bundled, 
"use client" in "node
_modules/@mui/icons-m
aterial/esm/RsvpTwoTo
ne.js" was ignored.
node_modules/@mui/ico
ns-material/esm/RttTw
oTone.js (1:0): 
Module level 
directives cause 
errors when bundled, 
"use client" in "node
_modules/@mui/icons-m
aterial/esm/RttTwoTon
e.js" was ignored.
node_modules/@mui/ico
ns-material/esm/RttOu
tlined.js (1:0): 
Module level 
directives cause 
errors when bundled, 
"use client" in "node
_modules/@mui/icons-m
aterial/esm/RttOutlin
ed.js" was ignored.
node_modules/@mui/ico
ns-material/esm/RttRo
unded.js (1:0): 
Module level 
directives cause 
errors when bundled, 
"use client" in "node
_modules/@mui/icons-m
aterial/esm/RttRounde
d.js" was ignored.
node_modules/@mui/ico
ns-material/esm/RttSh
arp.js (1:0): Module 
level directives 
cause errors when 
bundled, "use 
client" in "node_modu
les/@mui/icons-materi
al/esm/RttSharp.js" 
was ignored.
node_modules/@mui/ico
ns-material/esm/RuleF
older.js (1:0): 
Module level 
directives cause 
errors when bundled, 
"use client" in "node
_modules/@mui/icons-m
aterial/esm/RuleFolde
r.js" was ignored.
node_modules/@mui/ico
ns-material/esm/RuleF
olderSharp.js (1:0): 
Module level 
directives cause 
errors when bundled, 
"use client" in "node
_modules/@mui/icons-m
aterial/esm/RuleFolde
rSharp.js" was 
ignored.
node_modules/@mui/ico
ns-material/esm/RuleF
olderTwoTone.js 
(1:0): Module level 
directives cause 
errors when bundled, 
"use client" in "node
_modules/@mui/icons-m
aterial/esm/RuleFolde
rTwoTone.js" was 
ignored.
node_modules/@mui/ico
ns-material/esm/RuleF
olderRounded.js 
(1:0): Module level 
directives cause 
errors when bundled, 
"use client" in "node
_modules/@mui/icons-m
aterial/esm/RuleFolde
rRounded.js" was 
ignored.
node_modules/@mui/ico
ns-material/esm/RuleS
harp.js (1:0): 
Module level 
directives cause 
errors when bundled, 
"use client" in "node
_modules/@mui/icons-m
aterial/esm/RuleSharp
.js" was ignored.
node_modules/@mui/ico
ns-material/esm/RuleO
utlined.js (1:0): 
Module level 
directives cause 
errors when bundled, 
"use client" in "node
_modules/@mui/icons-m
aterial/esm/RuleOutli
ned.js" was ignored.
node_modules/@mui/ico
ns-material/esm/RuleF
olderOutlined.js 
(1:0): Module level 
directives cause 
errors when bundled, 
"use client" in "node
_modules/@mui/icons-m
aterial/esm/RuleFolde
rOutlined.js" was 
ignored.
node_modules/@mui/ico
ns-material/esm/RuleR
ounded.js (1:0): 
Module level 
directives cause 
errors when bundled, 
"use client" in "node
_modules/@mui/icons-m
aterial/esm/RuleRound
ed.js" was ignored.
node_modules/@mui/ico
ns-material/esm/RunCi
rcleOutlined.js 
(1:0): Module level 
directives cause 
errors when bundled, 
"use client" in "node
_modules/@mui/icons-m
aterial/esm/RunCircle
Outlined.js" was 
ignored.
node_modules/@mui/ico
ns-material/esm/RunCi
rcle.js (1:0): 
Module level 
directives cause 
errors when bundled, 
"use client" in "node
_modules/@mui/icons-m
aterial/esm/RunCircle
.js" was ignored.
node_modules/@mui/ico
ns-material/esm/RunCi
rcleRounded.js 
(1:0): Module level 
directives cause 
errors when bundled, 
"use client" in "node
_modules/@mui/icons-m
aterial/esm/RunCircle
Rounded.js" was 
ignored.
node_modules/@mui/ico
ns-material/esm/Rule.
js (1:0): Module 
level directives 
cause errors when 
bundled, "use 
client" in "node_modu
les/@mui/icons-materi
al/esm/Rule.js" was 
ignored.
node_modules/@mui/ico
ns-material/esm/RunCi
rcleTwoTone.js 
(1:0): Module level 
directives cause 
errors when bundled, 
"use client" in "node
_modules/@mui/icons-m
aterial/esm/RunCircle
TwoTone.js" was 
ignored.
node_modules/@mui/ico
ns-material/esm/RunCi
rcleSharp.js (1:0): 
Module level 
directives cause 
errors when bundled, 
"use client" in "node
_modules/@mui/icons-m
aterial/esm/RunCircle
Sharp.js" was 
ignored.
node_modules/@mui/ico
ns-material/esm/RuleT
woTone.js (1:0): 
Module level 
directives cause 
errors when bundled, 
"use client" in "node
_modules/@mui/icons-m
aterial/esm/RuleTwoTo
ne.js" was ignored.
node_modules/@mui/ico
ns-material/esm/Runni
ngWithErrors.js 
(1:0): Module level 
directives cause 
errors when bundled, 
"use client" in "node
_modules/@mui/icons-m
aterial/esm/RunningWi
thErrors.js" was 
ignored.
node_modules/@mui/ico
ns-material/esm/Runni
ngWithErrorsOutlined.
js (1:0): Module 
level directives 
cause errors when 
bundled, "use 
client" in "node_modu
les/@mui/icons-materi
al/esm/RunningWithErr
orsOutlined.js" was 
ignored.
node_modules/@mui/ico
ns-material/esm/Runni
ngWithErrorsSharp.js 
(1:0): Module level 
directives cause 
errors when bundled, 
"use client" in "node
_modules/@mui/icons-m
aterial/esm/RunningWi
thErrorsSharp.js" 
was ignored.
node_modules/@mui/ico
ns-material/esm/Runni
ngWithErrorsTwoTone.j
s (1:0): Module 
level directives 
cause errors when 
bundled, "use 
client" in "node_modu
les/@mui/icons-materi
al/esm/RunningWithErr
orsTwoTone.js" was 
ignored.
node_modules/@mui/ico
ns-material/esm/RvHoo
kupRounded.js (1:0): 
Module level 
directives cause 
errors when bundled, 
"use client" in "node
_modules/@mui/icons-m
aterial/esm/RvHookupR
ounded.js" was 
ignored.
node_modules/@mui/ico
ns-material/esm/Runni
ngWithErrorsRounded.j
s (1:0): Module 
level directives 
cause errors when 
bundled, "use 
client" in "node_modu
les/@mui/icons-materi
al/esm/RunningWithErr
orsRounded.js" was 
ignored.
node_modules/@mui/ico
ns-material/esm/RvHoo
kup.js (1:0): Module 
level directives 
cause errors when 
bundled, "use 
client" in "node_modu
les/@mui/icons-materi
al/esm/RvHookup.js" 
was ignored.
node_modules/@mui/ico
ns-material/esm/RvHoo
kupSharp.js (1:0): 
Module level 
directives cause 
errors when bundled, 
"use client" in "node
_modules/@mui/icons-m
aterial/esm/RvHookupS
harp.js" was ignored.
node_modules/@mui/ico
ns-material/esm/RvHoo
kupOutlined.js 
(1:0): Module level 
directives cause 
errors when bundled, 
"use client" in "node
_modules/@mui/icons-m
aterial/esm/RvHookupO
utlined.js" was 
ignored.
node_modules/@mui/ico
ns-material/esm/Safet
yCheckOutlined.js 
(1:0): Module level 
directives cause 
errors when bundled, 
"use client" in "node
_modules/@mui/icons-m
aterial/esm/SafetyChe
ckOutlined.js" was 
ignored.
node_modules/@mui/ico
ns-material/esm/RvHoo
kupTwoTone.js (1:0): 
Module level 
directives cause 
errors when bundled, 
"use client" in "node
_modules/@mui/icons-m
aterial/esm/RvHookupT
woTone.js" was 
ignored.
node_modules/@mui/ico
ns-material/esm/Safet
yCheck.js (1:0): 
Module level 
directives cause 
errors when bundled, 
"use client" in "node
_modules/@mui/icons-m
aterial/esm/SafetyChe
ck.js" was ignored.
node_modules/@mui/ico
ns-material/esm/Safet
yCheckRounded.js 
(1:0): Module level 
directives cause 
errors when bundled, 
"use client" in "node
_modules/@mui/icons-m
aterial/esm/SafetyChe
ckRounded.js" was 
ignored.
node_modules/@mui/ico
ns-material/esm/Safet
yCheckSharp.js 
(1:0): Module level 
directives cause 
errors when bundled, 
"use client" in "node
_modules/@mui/icons-m
aterial/esm/SafetyChe
ckSharp.js" was 
ignored.
node_modules/@mui/ico
ns-material/esm/Safet
yCheckTwoTone.js 
(1:0): Module level 
directives cause 
errors when bundled, 
"use client" in "node
_modules/@mui/icons-m
aterial/esm/SafetyChe
ckTwoTone.js" was 
ignored.
node_modules/@mui/ico
ns-material/esm/Safet
yDividerOutlined.js 
(1:0): Module level 
directives cause 
errors when bundled, 
"use client" in "node
_modules/@mui/icons-m
aterial/esm/SafetyDiv
iderOutlined.js" was 
ignored.
node_modules/@mui/ico
ns-material/esm/Safet
yDivider.js (1:0): 
Module level 
directives cause 
errors when bundled, 
"use client" in "node
_modules/@mui/icons-m
aterial/esm/SafetyDiv
ider.js" was ignored.
node_modules/@mui/ico
ns-material/esm/Safet
yDividerTwoTone.js 
(1:0): Module level 
directives cause 
errors when bundled, 
"use client" in "node
_modules/@mui/icons-m
aterial/esm/SafetyDiv
iderTwoTone.js" was 
ignored.
node_modules/@mui/ico
ns-material/esm/Safet
yDividerRounded.js 
(1:0): Module level 
directives cause 
errors when bundled, 
"use client" in "node
_modules/@mui/icons-m
aterial/esm/SafetyDiv
iderRounded.js" was 
ignored.
node_modules/@mui/ico
ns-material/esm/Saili
ng.js (1:0): Module 
level directives 
cause errors when 
bundled, "use 
client" in "node_modu
les/@mui/icons-materi
al/esm/Sailing.js" 
was ignored.
node_modules/@mui/ico
ns-material/esm/Safet
yDividerSharp.js 
(1:0): Module level 
directives cause 
errors when bundled, 
"use client" in "node
_modules/@mui/icons-m
aterial/esm/SafetyDiv
iderSharp.js" was 
ignored.
node_modules/@mui/ico
ns-material/esm/Saili
ngOutlined.js (1:0): 
Module level 
directives cause 
errors when bundled, 
"use client" in "node
_modules/@mui/icons-m
aterial/esm/SailingOu
tlined.js" was 
ignored.
node_modules/@mui/ico
ns-material/esm/Saili
ngRounded.js (1:0): 
Module level 
directives cause 
errors when bundled, 
"use client" in "node
_modules/@mui/icons-m
aterial/esm/SailingRo
unded.js" was 
ignored.
node_modules/@mui/ico
ns-material/esm/Sanit
izer.js (1:0): 
Module level 
directives cause 
errors when bundled, 
"use client" in "node
_modules/@mui/icons-m
aterial/esm/Sanitizer
.js" was ignored.
node_modules/@mui/ico
ns-material/esm/Saili
ngTwoTone.js (1:0): 
Module level 
directives cause 
errors when bundled, 
"use client" in "node
_modules/@mui/icons-m
aterial/esm/SailingTw
oTone.js" was 
ignored.
node_modules/@mui/ico
ns-material/esm/Saili
ngSharp.js (1:0): 
Module level 
directives cause 
errors when bundled, 
"use client" in "node
_modules/@mui/icons-m
aterial/esm/SailingSh
arp.js" was ignored.
node_modules/@mui/ico
ns-material/esm/Sanit
izerOutlined.js 
(1:0): Module level 
directives cause 
errors when bundled, 
"use client" in "node
_modules/@mui/icons-m
aterial/esm/Sanitizer
Outlined.js" was 
ignored.
node_modules/@mui/ico
ns-material/esm/Sanit
izerSharp.js (1:0): 
Module level 
directives cause 
errors when bundled, 
"use client" in "node
_modules/@mui/icons-m
aterial/esm/Sanitizer
Sharp.js" was 
ignored.
node_modules/@mui/ico
ns-material/esm/Sanit
izerTwoTone.js 
(1:0): Module level 
directives cause 
errors when bundled, 
"use client" in "node
_modules/@mui/icons-m
aterial/esm/Sanitizer
TwoTone.js" was 
ignored.
node_modules/@mui/ico
ns-material/esm/Satel
liteAlt.js (1:0): 
Module level 
directives cause 
errors when bundled, 
"use client" in "node
_modules/@mui/icons-m
aterial/esm/Satellite
Alt.js" was ignored.
node_modules/@mui/ico
ns-material/esm/Sanit
izerRounded.js 
(1:0): Module level 
directives cause 
errors when bundled, 
"use client" in "node
_modules/@mui/icons-m
aterial/esm/Sanitizer
Rounded.js" was 
ignored.
node_modules/@mui/ico
ns-material/esm/Satel
liteAltOutlined.js 
(1:0): Module level 
directives cause 
errors when bundled, 
"use client" in "node
_modules/@mui/icons-m
aterial/esm/Satellite
AltOutlined.js" was 
ignored.
node_modules/@mui/ico
ns-material/esm/Satel
liteAltSharp.js 
(1:0): Module level 
directives cause 
errors when bundled, 
"use client" in "node
_modules/@mui/icons-m
aterial/esm/Satellite
AltSharp.js" was 
ignored.
node_modules/@mui/ico
ns-material/esm/Satel
lite.js (1:0): 
Module level 
directives cause 
errors when bundled, 
"use client" in "node
_modules/@mui/icons-m
aterial/esm/Satellite
.js" was ignored.
node_modules/@mui/ico
ns-material/esm/Satel
liteAltRounded.js 
(1:0): Module level 
directives cause 
errors when bundled, 
"use client" in "node
_modules/@mui/icons-m
aterial/esm/Satellite
AltRounded.js" was 
ignored.
node_modules/@mui/ico
ns-material/esm/Satel
liteAltTwoTone.js 
(1:0): Module level 
directives cause 
errors when bundled, 
"use client" in "node
_modules/@mui/icons-m
aterial/esm/Satellite
AltTwoTone.js" was 
ignored.
node_modules/@mui/ico
ns-material/esm/Satel
liteRounded.js 
(1:0): Module level 
directives cause 
errors when bundled, 
"use client" in "node
_modules/@mui/icons-m
aterial/esm/Satellite
Rounded.js" was 
ignored.
node_modules/@mui/ico
ns-material/esm/Satel
liteOutlined.js 
(1:0): Module level 
directives cause 
errors when bundled, 
"use client" in "node
_modules/@mui/icons-m
aterial/esm/Satellite
Outlined.js" was 
ignored.
node_modules/@mui/ico
ns-material/esm/Satel
liteTwoTone.js 
(1:0): Module level 
directives cause 
errors when bundled, 
"use client" in "node
_modules/@mui/icons-m
aterial/esm/Satellite
TwoTone.js" was 
ignored.
node_modules/@mui/ico
ns-material/esm/Satel
liteSharp.js (1:0): 
Module level 
directives cause 
errors when bundled, 
"use client" in "node
_modules/@mui/icons-m
aterial/esm/Satellite
Sharp.js" was 
ignored.
node_modules/@mui/ico
ns-material/esm/Save.
js (1:0): Module 
level directives 
cause errors when 
bundled, "use 
client" in "node_modu
les/@mui/icons-materi
al/esm/Save.js" was 
ignored.
node_modules/@mui/ico
ns-material/esm/SaveA
lt.js (1:0): Module 
level directives 
cause errors when 
bundled, "use 
client" in "node_modu
les/@mui/icons-materi
al/esm/SaveAlt.js" 
was ignored.
node_modules/@mui/ico
ns-material/esm/SaveA
ltRounded.js (1:0): 
Module level 
directives cause 
errors when bundled, 
"use client" in "node
_modules/@mui/icons-m
aterial/esm/SaveAltRo
unded.js" was 
ignored.
node_modules/@mui/ico
ns-material/esm/SaveA
ltTwoTone.js (1:0): 
Module level 
directives cause 
errors when bundled, 
"use client" in "node
_modules/@mui/icons-m
aterial/esm/SaveAltTw
oTone.js" was 
ignored.
node_modules/@mui/ico
ns-material/esm/SaveA
ltSharp.js (1:0): 
Module level 
directives cause 
errors when bundled, 
"use client" in "node
_modules/@mui/icons-m
aterial/esm/SaveAltSh
arp.js" was ignored.
node_modules/@mui/ico
ns-material/esm/SaveA
ltOutlined.js (1:0): 
Module level 
directives cause 
errors when bundled, 
"use client" in "node
_modules/@mui/icons-m
aterial/esm/SaveAltOu
tlined.js" was 
ignored.
node_modules/@mui/ico
ns-material/esm/SaveA
s.js (1:0): Module 
level directives 
cause errors when 
bundled, "use 
client" in "node_modu
les/@mui/icons-materi
al/esm/SaveAs.js" 
was ignored.
node_modules/@mui/ico
ns-material/esm/SaveA
sTwoTone.js (1:0): 
Module level 
directives cause 
errors when bundled, 
"use client" in "node
_modules/@mui/icons-m
aterial/esm/SaveAsTwo
Tone.js" was ignored.
node_modules/@mui/ico
ns-material/esm/SaveA
sRounded.js (1:0): 
Module level 
directives cause 
errors when bundled, 
"use client" in "node
_modules/@mui/icons-m
aterial/esm/SaveAsRou
nded.js" was ignored.
node_modules/@mui/ico
ns-material/esm/SaveA
sOutlined.js (1:0): 
Module level 
directives cause 
errors when bundled, 
"use client" in "node
_modules/@mui/icons-m
aterial/esm/SaveAsOut
lined.js" was 
ignored.
node_modules/@mui/ico
ns-material/esm/SaveO
utlined.js (1:0): 
Module level 
directives cause 
errors when bundled, 
"use client" in "node
_modules/@mui/icons-m
aterial/esm/SaveOutli
ned.js" was ignored.
node_modules/@mui/ico
ns-material/esm/SaveA
sSharp.js (1:0): 
Module level 
directives cause 
errors when bundled, 
"use client" in "node
_modules/@mui/icons-m
aterial/esm/SaveAsSha
rp.js" was ignored.
node_modules/@mui/ico
ns-material/esm/SaveR
ounded.js (1:0): 
Module level 
directives cause 
errors when bundled, 
"use client" in "node
_modules/@mui/icons-m
aterial/esm/SaveRound
ed.js" was ignored.
node_modules/@mui/ico
ns-material/esm/SaveT
woTone.js (1:0): 
Module level 
directives cause 
errors when bundled, 
"use client" in "node
_modules/@mui/icons-m
aterial/esm/SaveTwoTo
ne.js" was ignored.
node_modules/@mui/ico
ns-material/esm/SaveS
harp.js (1:0): 
Module level 
directives cause 
errors when bundled, 
"use client" in "node
_modules/@mui/icons-m
aterial/esm/SaveSharp
.js" was ignored.
node_modules/@mui/ico
ns-material/esm/Saved
SearchOutlined.js 
(1:0): Module level 
directives cause 
errors when bundled, 
"use client" in "node
_modules/@mui/icons-m
aterial/esm/SavedSear
chOutlined.js" was 
ignored.
node_modules/@mui/ico
ns-material/esm/Saved
SearchRounded.js 
(1:0): Module level 
directives cause 
errors when bundled, 
"use client" in "node
_modules/@mui/icons-m
aterial/esm/SavedSear
chRounded.js" was 
ignored.
node_modules/@mui/ico
ns-material/esm/Saved
SearchSharp.js 
(1:0): Module level 
directives cause 
errors when bundled, 
"use client" in "node
_modules/@mui/icons-m
aterial/esm/SavedSear
chSharp.js" was 
ignored.
node_modules/@mui/ico
ns-material/esm/Saved
Search.js (1:0): 
Module level 
directives cause 
errors when bundled, 
"use client" in "node
_modules/@mui/icons-m
aterial/esm/SavedSear
ch.js" was ignored.
node_modules/@mui/ico
ns-material/esm/Savin
gs.js (1:0): Module 
level directives 
cause errors when 
bundled, "use 
client" in "node_modu
les/@mui/icons-materi
al/esm/Savings.js" 
was ignored.
node_modules/@mui/ico
ns-material/esm/Savin
gsOutlined.js (1:0): 
Module level 
directives cause 
errors when bundled, 
"use client" in "node
_modules/@mui/icons-m
aterial/esm/SavingsOu
tlined.js" was 
ignored.
node_modules/@mui/ico
ns-material/esm/Savin
gsSharp.js (1:0): 
Module level 
directives cause 
errors when bundled, 
"use client" in "node
_modules/@mui/icons-m
aterial/esm/SavingsSh
arp.js" was ignored.
node_modules/@mui/ico
ns-material/esm/Saved
SearchTwoTone.js 
(1:0): Module level 
directives cause 
errors when bundled, 
"use client" in "node
_modules/@mui/icons-m
aterial/esm/SavedSear
chTwoTone.js" was 
ignored.
node_modules/@mui/ico
ns-material/esm/Savin
gsRounded.js (1:0): 
Module level 
directives cause 
errors when bundled, 
"use client" in "node
_modules/@mui/icons-m
aterial/esm/SavingsRo
unded.js" was 
ignored.
node_modules/@mui/ico
ns-material/esm/Scale
.js (1:0): Module 
level directives 
cause errors when 
bundled, "use 
client" in "node_modu
les/@mui/icons-materi
al/esm/Scale.js" was 
ignored.
node_modules/@mui/ico
ns-material/esm/Savin
gsTwoTone.js (1:0): 
Module level 
directives cause 
errors when bundled, 
"use client" in "node
_modules/@mui/icons-m
aterial/esm/SavingsTw
oTone.js" was 
ignored.
node_modules/@mui/ico
ns-material/esm/Scale
Outlined.js (1:0): 
Module level 
directives cause 
errors when bundled, 
"use client" in "node
_modules/@mui/icons-m
aterial/esm/ScaleOutl
ined.js" was ignored.
node_modules/@mui/ico
ns-material/esm/Scale
Rounded.js (1:0): 
Module level 
directives cause 
errors when bundled, 
"use client" in "node
_modules/@mui/icons-m
aterial/esm/ScaleRoun
ded.js" was ignored.
node_modules/@mui/ico
ns-material/esm/Scann
er.js (1:0): Module 
level directives 
cause errors when 
bundled, "use 
client" in "node_modu
les/@mui/icons-materi
al/esm/Scanner.js" 
was ignored.
node_modules/@mui/ico
ns-material/esm/Scale
TwoTone.js (1:0): 
Module level 
directives cause 
errors when bundled, 
"use client" in "node
_modules/@mui/icons-m
aterial/esm/ScaleTwoT
one.js" was ignored.
node_modules/@mui/ico
ns-material/esm/Scale
Sharp.js (1:0): 
Module level 
directives cause 
errors when bundled, 
"use client" in "node
_modules/@mui/icons-m
aterial/esm/ScaleShar
p.js" was ignored.
node_modules/@mui/ico
ns-material/esm/Scann
erTwoTone.js (1:0): 
Module level 
directives cause 
errors when bundled, 
"use client" in "node
_modules/@mui/icons-m
aterial/esm/ScannerTw
oTone.js" was 
ignored.
node_modules/@mui/ico
ns-material/esm/Scann
erSharp.js (1:0): 
Module level 
directives cause 
errors when bundled, 
"use client" in "node
_modules/@mui/icons-m
aterial/esm/ScannerSh
arp.js" was ignored.
node_modules/@mui/ico
ns-material/esm/Scann
erOutlined.js (1:0): 
Module level 
directives cause 
errors when bundled, 
"use client" in "node
_modules/@mui/icons-m
aterial/esm/ScannerOu
tlined.js" was 
ignored.
node_modules/@mui/ico
ns-material/esm/Scatt
erPlot.js (1:0): 
Module level 
directives cause 
errors when bundled, 
"use client" in "node
_modules/@mui/icons-m
aterial/esm/ScatterPl
ot.js" was ignored.
node_modules/@mui/ico
ns-material/esm/Scann
erRounded.js (1:0): 
Module level 
directives cause 
errors when bundled, 
"use client" in "node
_modules/@mui/icons-m
aterial/esm/ScannerRo
unded.js" was 
ignored.
node_modules/@mui/ico
ns-material/esm/Scatt
erPlotOutlined.js 
(1:0): Module level 
directives cause 
errors when bundled, 
"use client" in "node
_modules/@mui/icons-m
aterial/esm/ScatterPl
otOutlined.js" was 
ignored.
node_modules/@mui/ico
ns-material/esm/Scatt
erPlotRounded.js 
(1:0): Module level 
directives cause 
errors when bundled, 
"use client" in "node
_modules/@mui/icons-m
aterial/esm/ScatterPl
otRounded.js" was 
ignored.
node_modules/@mui/ico
ns-material/esm/Sched
uleOutlined.js 
(1:0): Module level 
directives cause 
errors when bundled, 
"use client" in "node
_modules/@mui/icons-m
aterial/esm/ScheduleO
utlined.js" was 
ignored.
node_modules/@mui/ico
ns-material/esm/Sched
uleRounded.js (1:0): 
Module level 
directives cause 
errors when bundled, 
"use client" in "node
_modules/@mui/icons-m
aterial/esm/ScheduleR
ounded.js" was 
ignored.
node_modules/@mui/ico
ns-material/esm/Scatt
erPlotSharp.js 
(1:0): Module level 
directives cause 
errors when bundled, 
"use client" in "node
_modules/@mui/icons-m
aterial/esm/ScatterPl
otSharp.js" was 
ignored.
node_modules/@mui/ico
ns-material/esm/Scatt
erPlotTwoTone.js 
(1:0): Module level 
directives cause 
errors when bundled, 
"use client" in "node
_modules/@mui/icons-m
aterial/esm/ScatterPl
otTwoTone.js" was 
ignored.
node_modules/@mui/ico
ns-material/esm/Sched
uleSend.js (1:0): 
Module level 
directives cause 
errors when bundled, 
"use client" in "node
_modules/@mui/icons-m
aterial/esm/ScheduleS
end.js" was ignored.
node_modules/@mui/ico
ns-material/esm/Sched
ule.js (1:0): Module 
level directives 
cause errors when 
bundled, "use 
client" in "node_modu
les/@mui/icons-materi
al/esm/Schedule.js" 
was ignored.
node_modules/@mui/ico
ns-material/esm/Sched
uleSendRounded.js 
(1:0): Module level 
directives cause 
errors when bundled, 
"use client" in "node
_modules/@mui/icons-m
aterial/esm/ScheduleS
endRounded.js" was 
ignored.
node_modules/@mui/ico
ns-material/esm/Sched
uleSendOutlined.js 
(1:0): Module level 
directives cause 
errors when bundled, 
"use client" in "node
_modules/@mui/icons-m
aterial/esm/ScheduleS
endOutlined.js" was 
ignored.
node_modules/@mui/ico
ns-material/esm/Sched
uleSendTwoTone.js 
(1:0): Module level 
directives cause 
errors when bundled, 
"use client" in "node
_modules/@mui/icons-m
aterial/esm/ScheduleS
endTwoTone.js" was 
ignored.
node_modules/@mui/ico
ns-material/esm/Sched
uleSendSharp.js 
(1:0): Module level 
directives cause 
errors when bundled, 
"use client" in "node
_modules/@mui/icons-m
aterial/esm/ScheduleS
endSharp.js" was 
ignored.
node_modules/@mui/ico
ns-material/esm/Schem
a.js (1:0): Module 
level directives 
cause errors when 
bundled, "use 
client" in "node_modu
les/@mui/icons-materi
al/esm/Schema.js" 
was ignored.
node_modules/@mui/ico
ns-material/esm/Sched
uleTwoTone.js (1:0): 
Module level 
directives cause 
errors when bundled, 
"use client" in "node
_modules/@mui/icons-m
aterial/esm/ScheduleT
woTone.js" was 
ignored.
node_modules/@mui/ico
ns-material/esm/Schem
aRounded.js (1:0): 
Module level 
directives cause 
errors when bundled, 
"use client" in "node
_modules/@mui/icons-m
aterial/esm/SchemaRou
nded.js" was ignored.
node_modules/@mui/ico
ns-material/esm/Sched
uleSharp.js (1:0): 
Module level 
directives cause 
errors when bundled, 
"use client" in "node
_modules/@mui/icons-m
aterial/esm/ScheduleS
harp.js" was ignored.
node_modules/@mui/ico
ns-material/esm/Schem
aOutlined.js (1:0): 
Module level 
directives cause 
errors when bundled, 
"use client" in "node
_modules/@mui/icons-m
aterial/esm/SchemaOut
lined.js" was 
ignored.
node_modules/@mui/ico
ns-material/esm/Schem
aSharp.js (1:0): 
Module level 
directives cause 
errors when bundled, 
"use client" in "node
_modules/@mui/icons-m
aterial/esm/SchemaSha
rp.js" was ignored.
node_modules/@mui/ico
ns-material/esm/Schoo
lOutlined.js (1:0): 
Module level 
directives cause 
errors when bundled, 
"use client" in "node
_modules/@mui/icons-m
aterial/esm/SchoolOut
lined.js" was 
ignored.
node_modules/@mui/ico
ns-material/esm/Schem
aTwoTone.js (1:0): 
Module level 
directives cause 
errors when bundled, 
"use client" in "node
_modules/@mui/icons-m
aterial/esm/SchemaTwo
Tone.js" was ignored.
node_modules/@mui/ico
ns-material/esm/Schoo
lSharp.js (1:0): 
Module level 
directives cause 
errors when bundled, 
"use client" in "node
_modules/@mui/icons-m
aterial/esm/SchoolSha
rp.js" was ignored.
node_modules/@mui/ico
ns-material/esm/Schoo
lTwoTone.js (1:0): 
Module level 
directives cause 
errors when bundled, 
"use client" in "node
_modules/@mui/icons-m
aterial/esm/SchoolTwo
Tone.js" was ignored.
node_modules/@mui/ico
ns-material/esm/Scien
ceOutlined.js (1:0): 
Module level 
directives cause 
errors when bundled, 
"use client" in "node
_modules/@mui/icons-m
aterial/esm/ScienceOu
tlined.js" was 
ignored.
node_modules/@mui/ico
ns-material/esm/Scien
ceRounded.js (1:0): 
Module level 
directives cause 
errors when bundled, 
"use client" in "node
_modules/@mui/icons-m
aterial/esm/ScienceRo
unded.js" was 
ignored.
node_modules/@mui/ico
ns-material/esm/Schoo
l.js (1:0): Module 
level directives 
cause errors when 
bundled, "use 
client" in "node_modu
les/@mui/icons-materi
al/esm/School.js" 
was ignored.
node_modules/@mui/ico
ns-material/esm/Scien
ceTwoTone.js (1:0): 
Module level 
directives cause 
errors when bundled, 
"use client" in "node
_modules/@mui/icons-m
aterial/esm/ScienceTw
oTone.js" was 
ignored.
node_modules/@mui/ico
ns-material/esm/Scien
ce.js (1:0): Module 
level directives 
cause errors when 
bundled, "use 
client" in "node_modu
les/@mui/icons-materi
al/esm/Science.js" 
was ignored.
node_modules/@mui/ico
ns-material/esm/Scien
ceSharp.js (1:0): 
Module level 
directives cause 
errors when bundled, 
"use client" in "node
_modules/@mui/icons-m
aterial/esm/ScienceSh
arp.js" was ignored.
node_modules/@mui/ico
ns-material/esm/Schoo
lRounded.js (1:0): 
Module level 
directives cause 
errors when bundled, 
"use client" in "node
_modules/@mui/icons-m
aterial/esm/SchoolRou
nded.js" was ignored.
node_modules/@mui/ico
ns-material/esm/Score
Rounded.js (1:0): 
Module level 
directives cause 
errors when bundled, 
"use client" in "node
_modules/@mui/icons-m
aterial/esm/ScoreRoun
ded.js" was ignored.
node_modules/@mui/ico
ns-material/esm/Score
Outlined.js (1:0): 
Module level 
directives cause 
errors when bundled, 
"use client" in "node
_modules/@mui/icons-m
aterial/esm/ScoreOutl
ined.js" was ignored.
node_modules/@mui/ico
ns-material/esm/Score
Sharp.js (1:0): 
Module level 
directives cause 
errors when bundled, 
"use client" in "node
_modules/@mui/icons-m
aterial/esm/ScoreShar
p.js" was ignored.
node_modules/@mui/ico
ns-material/esm/Score
TwoTone.js (1:0): 
Module level 
directives cause 
errors when bundled, 
"use client" in "node
_modules/@mui/icons-m
aterial/esm/ScoreTwoT
one.js" was ignored.
node_modules/@mui/ico
ns-material/esm/Score
boardRounded.js 
(1:0): Module level 
directives cause 
errors when bundled, 
"use client" in "node
_modules/@mui/icons-m
aterial/esm/Scoreboar
dRounded.js" was 
ignored.
node_modules/@mui/ico
ns-material/esm/Score
boardOutlined.js 
(1:0): Module level 
directives cause 
errors when bundled, 
"use client" in "node
_modules/@mui/icons-m
aterial/esm/Scoreboar
dOutlined.js" was 
ignored.
node_modules/@mui/ico
ns-material/esm/Score
.js (1:0): Module 
level directives 
cause errors when 
bundled, "use 
client" in "node_modu
les/@mui/icons-materi
al/esm/Score.js" was 
ignored.
node_modules/@mui/ico
ns-material/esm/Score
board.js (1:0): 
Module level 
directives cause 
errors when bundled, 
"use client" in "node
_modules/@mui/icons-m
aterial/esm/Scoreboar
d.js" was ignored.
node_modules/@mui/ico
ns-material/esm/Score
boardTwoTone.js 
(1:0): Module level 
directives cause 
errors when bundled, 
"use client" in "node
_modules/@mui/icons-m
aterial/esm/Scoreboar
dTwoTone.js" was 
ignored.
node_modules/@mui/ico
ns-material/esm/Score
boardSharp.js (1:0): 
Module level 
directives cause 
errors when bundled, 
"use client" in "node
_modules/@mui/icons-m
aterial/esm/Scoreboar
dSharp.js" was 
ignored.
node_modules/@mui/ico
ns-material/esm/Scree
nLockLandscape.js 
(1:0): Module level 
directives cause 
errors when bundled, 
"use client" in "node
_modules/@mui/icons-m
aterial/esm/ScreenLoc
kLandscape.js" was 
ignored.
node_modules/@mui/ico
ns-material/esm/Scree
nLockLandscapeOutline
d.js (1:0): Module 
level directives 
cause errors when 
bundled, "use 
client" in "node_modu
les/@mui/icons-materi
al/esm/ScreenLockLand
scapeOutlined.js" 
was ignored.
node_modules/@mui/ico
ns-material/esm/Scree
nLockLandscapeSharp.j
s (1:0): Module 
level directives 
cause errors when 
bundled, "use 
client" in "node_modu
les/@mui/icons-materi
al/esm/ScreenLockLand
scapeSharp.js" was 
ignored.
node_modules/@mui/ico
ns-material/esm/Scree
nLockLandscapeTwoTone
.js (1:0): Module 
level directives 
cause errors when 
bundled, "use 
client" in "node_modu
les/@mui/icons-materi
al/esm/ScreenLockLand
scapeTwoTone.js" was 
ignored.
node_modules/@mui/ico
ns-material/esm/Scree
nLockPortraitOutlined
.js (1:0): Module 
level directives 
cause errors when 
bundled, "use 
client" in "node_modu
les/@mui/icons-materi
al/esm/ScreenLockPort
raitOutlined.js" was 
ignored.
node_modules/@mui/ico
ns-material/esm/Scree
nLockLandscapeRounded
.js (1:0): Module 
level directives 
cause errors when 
bundled, "use 
client" in "node_modu
les/@mui/icons-materi
al/esm/ScreenLockLand
scapeRounded.js" was 
ignored.
node_modules/@mui/ico
ns-material/esm/Scree
nLockPortraitRounded.
js (1:0): Module 
level directives 
cause errors when 
bundled, "use 
client" in "node_modu
les/@mui/icons-materi
al/esm/ScreenLockPort
raitRounded.js" was 
ignored.
node_modules/@mui/ico
ns-material/esm/Scree
nLockPortrait.js 
(1:0): Module level 
directives cause 
errors when bundled, 
"use client" in "node
_modules/@mui/icons-m
aterial/esm/ScreenLoc
kPortrait.js" was 
ignored.
node_modules/@mui/ico
ns-material/esm/Scree
nLockPortraitSharp.js
 (1:0): Module level 
directives cause 
errors when bundled, 
"use client" in "node
_modules/@mui/icons-m
aterial/esm/ScreenLoc
kPortraitSharp.js" 
was ignored.
node_modules/@mui/ico
ns-material/esm/Scree
nLockPortraitTwoTone.
js (1:0): Module 
level directives 
cause errors when 
bundled, "use 
client" in "node_modu
les/@mui/icons-materi
al/esm/ScreenLockPort
raitTwoTone.js" was 
ignored.
node_modules/@mui/ico
ns-material/esm/Scree
nLockRotation.js 
(1:0): Module level 
directives cause 
errors when bundled, 
"use client" in "node
_modules/@mui/icons-m
aterial/esm/ScreenLoc
kRotation.js" was 
ignored.
node_modules/@mui/ico
ns-material/esm/Scree
nLockRotationTwoTone.
js (1:0): Module 
level directives 
cause errors when 
bundled, "use 
client" in "node_modu
les/@mui/icons-materi
al/esm/ScreenLockRota
tionTwoTone.js" was 
ignored.
node_modules/@mui/ico
ns-material/esm/Scree
nLockRotationOutlined
.js (1:0): Module 
level directives 
cause errors when 
bundled, "use 
client" in "node_modu
les/@mui/icons-materi
al/esm/ScreenLockRota
tionOutlined.js" was 
ignored.
node_modules/@mui/ico
ns-material/esm/Scree
nRotation.js (1:0): 
Module level 
directives cause 
errors when bundled, 
"use client" in "node
_modules/@mui/icons-m
aterial/esm/ScreenRot
ation.js" was 
ignored.
node_modules/@mui/ico
ns-material/esm/Scree
nLockRotationRounded.
js (1:0): Module 
level directives 
cause errors when 
bundled, "use 
client" in "node_modu
les/@mui/icons-materi
al/esm/ScreenLockRota
tionRounded.js" was 
ignored.
node_modules/@mui/ico
ns-material/esm/Scree
nLockRotationSharp.js
 (1:0): Module level 
directives cause 
errors when bundled, 
"use client" in "node
_modules/@mui/icons-m
aterial/esm/ScreenLoc
kRotationSharp.js" 
was ignored.
node_modules/@mui/ico
ns-material/esm/Scree
nRotationAlt.js 
(1:0): Module level 
directives cause 
errors when bundled, 
"use client" in "node
_modules/@mui/icons-m
aterial/esm/ScreenRot
ationAlt.js" was 
ignored.
node_modules/@mui/ico
ns-material/esm/Scree
nRotationAltOutlined.
js (1:0): Module 
level directives 
cause errors when 
bundled, "use 
client" in "node_modu
les/@mui/icons-materi
al/esm/ScreenRotation
AltOutlined.js" was 
ignored.
node_modules/@mui/ico
ns-material/esm/Scree
nRotationAltSharp.js 
(1:0): Module level 
directives cause 
errors when bundled, 
"use client" in "node
_modules/@mui/icons-m
aterial/esm/ScreenRot
ationAltSharp.js" 
was ignored.
node_modules/@mui/ico
ns-material/esm/Scree
nRotationAltTwoTone.j
s (1:0): Module 
level directives 
cause errors when 
bundled, "use 
client" in "node_modu
les/@mui/icons-materi
al/esm/ScreenRotation
AltTwoTone.js" was 
ignored.
node_modules/@mui/ico
ns-material/esm/Scree
nRotationAltRounded.j
s (1:0): Module 
level directives 
cause errors when 
bundled, "use 
client" in "node_modu
les/@mui/icons-materi
al/esm/ScreenRotation
AltRounded.js" was 
ignored.
node_modules/@mui/ico
ns-material/esm/Scree
nRotationOutlined.js 
(1:0): Module level 
directives cause 
errors when bundled, 
"use client" in "node
_modules/@mui/icons-m
aterial/esm/ScreenRot
ationOutlined.js" 
was ignored.
node_modules/@mui/ico
ns-material/esm/Scree
nRotationRounded.js 
(1:0): Module level 
directives cause 
errors when bundled, 
"use client" in "node
_modules/@mui/icons-m
aterial/esm/ScreenRot
ationRounded.js" was 
ignored.
node_modules/@mui/ico
ns-material/esm/Scree
nSearchDesktopOutline
d.js (1:0): Module 
level directives 
cause errors when 
bundled, "use 
client" in "node_modu
les/@mui/icons-materi
al/esm/ScreenSearchDe
sktopOutlined.js" 
was ignored.
node_modules/@mui/ico
ns-material/esm/Scree
nSearchDesktopSharp.j
s (1:0): Module 
level directives 
cause errors when 
bundled, "use 
client" in "node_modu
les/@mui/icons-materi
al/esm/ScreenSearchDe
sktopSharp.js" was 
ignored.
node_modules/@mui/ico
ns-material/esm/Scree
nShare.js (1:0): 
Module level 
directives cause 
errors when bundled, 
"use client" in "node
_modules/@mui/icons-m
aterial/esm/ScreenSha
re.js" was ignored.
node_modules/@mui/ico
ns-material/esm/Scree
nSearchDesktopRounded
.js (1:0): Module 
level directives 
cause errors when 
bundled, "use 
client" in "node_modu
les/@mui/icons-materi
al/esm/ScreenSearchDe
sktopRounded.js" was 
ignored.
node_modules/@mui/ico
ns-material/esm/Scree
nRotationSharp.js 
(1:0): Module level 
directives cause 
errors when bundled, 
"use client" in "node
_modules/@mui/icons-m
aterial/esm/ScreenRot
ationSharp.js" was 
ignored.
node_modules/@mui/ico
ns-material/esm/Scree
nSearchDesktopTwoTone
.js (1:0): Module 
level directives 
cause errors when 
bundled, "use 
client" in "node_modu
les/@mui/icons-materi
al/esm/ScreenSearchDe
sktopTwoTone.js" was 
ignored.
node_modules/@mui/ico
ns-material/esm/Scree
nShareOutlined.js 
(1:0): Module level 
directives cause 
errors when bundled, 
"use client" in "node
_modules/@mui/icons-m
aterial/esm/ScreenSha
reOutlined.js" was 
ignored.
node_modules/@mui/ico
ns-material/esm/Scree
nShareTwoTone.js 
(1:0): Module level 
directives cause 
errors when bundled, 
"use client" in "node
_modules/@mui/icons-m
aterial/esm/ScreenSha
reTwoTone.js" was 
ignored.
node_modules/@mui/ico
ns-material/esm/Scree
nShareRounded.js 
(1:0): Module level 
directives cause 
errors when bundled, 
"use client" in "node
_modules/@mui/icons-m
aterial/esm/ScreenSha
reRounded.js" was 
ignored.
node_modules/@mui/ico
ns-material/esm/Scree
nshot.js (1:0): 
Module level 
directives cause 
errors when bundled, 
"use client" in "node
_modules/@mui/icons-m
aterial/esm/Screensho
t.js" was ignored.
node_modules/@mui/ico
ns-material/esm/Scree
nShareSharp.js 
(1:0): Module level 
directives cause 
errors when bundled, 
"use client" in "node
_modules/@mui/icons-m
aterial/esm/ScreenSha
reSharp.js" was 
ignored.
node_modules/@mui/ico
ns-material/esm/Scree
nshotMonitorRounded.j
s (1:0): Module 
level directives 
cause errors when 
bundled, "use 
client" in "node_modu
les/@mui/icons-materi
al/esm/ScreenshotMoni
torRounded.js" was 
ignored.
node_modules/@mui/ico
ns-material/esm/Scree
nshotMonitor.js 
(1:0): Module level 
directives cause 
errors when bundled, 
"use client" in "node
_modules/@mui/icons-m
aterial/esm/Screensho
tMonitor.js" was 
ignored.
node_modules/@mui/ico
ns-material/esm/Scree
nshotMonitorOutlined.
js (1:0): Module 
level directives 
cause errors when 
bundled, "use 
client" in "node_modu
les/@mui/icons-materi
al/esm/ScreenshotMoni
torOutlined.js" was 
ignored.
node_modules/@mui/ico
ns-material/esm/Scree
nshotRounded.js 
(1:0): Module level 
directives cause 
errors when bundled, 
"use client" in "node
_modules/@mui/icons-m
aterial/esm/Screensho
tRounded.js" was 
ignored.
node_modules/@mui/ico
ns-material/esm/Scree
nshotMonitorTwoTone.j
s (1:0): Module 
level directives 
cause errors when 
bundled, "use 
client" in "node_modu
les/@mui/icons-materi
al/esm/ScreenshotMoni
torTwoTone.js" was 
ignored.
node_modules/@mui/ico
ns-material/esm/Scree
nshotSharp.js (1:0): 
Module level 
directives cause 
errors when bundled, 
"use client" in "node
_modules/@mui/icons-m
aterial/esm/Screensho
tSharp.js" was 
ignored.
node_modules/@mui/ico
ns-material/esm/Scree
nshotOutlined.js 
(1:0): Module level 
directives cause 
errors when bundled, 
"use client" in "node
_modules/@mui/icons-m
aterial/esm/Screensho
tOutlined.js" was 
ignored.
node_modules/@mui/ico
ns-material/esm/Scuba
Diving.js (1:0): 
Module level 
directives cause 
errors when bundled, 
"use client" in "node
_modules/@mui/icons-m
aterial/esm/ScubaDivi
ng.js" was ignored.
node_modules/@mui/ico
ns-material/esm/Scree
nRotationTwoTone.js 
(1:0): Module level 
directives cause 
errors when bundled, 
"use client" in "node
_modules/@mui/icons-m
aterial/esm/ScreenRot
ationTwoTone.js" was 
ignored.
node_modules/@mui/ico
ns-material/esm/Scuba
DivingOutlined.js 
(1:0): Module level 
directives cause 
errors when bundled, 
"use client" in "node
_modules/@mui/icons-m
aterial/esm/ScubaDivi
ngOutlined.js" was 
ignored.
node_modules/@mui/ico
ns-material/esm/Scree
nshotTwoTone.js 
(1:0): Module level 
directives cause 
errors when bundled, 
"use client" in "node
_modules/@mui/icons-m
aterial/esm/Screensho
tTwoTone.js" was 
ignored.
node_modules/@mui/ico
ns-material/esm/Scuba
DivingSharp.js 
(1:0): Module level 
directives cause 
errors when bundled, 
"use client" in "node
_modules/@mui/icons-m
aterial/esm/ScubaDivi
ngSharp.js" was 
ignored.
node_modules/@mui/ico
ns-material/esm/Scuba
DivingRounded.js 
(1:0): Module level 
directives cause 
errors when bundled, 
"use client" in "node
_modules/@mui/icons-m
aterial/esm/ScubaDivi
ngRounded.js" was 
ignored.
node_modules/@mui/ico
ns-material/esm/Scuba
DivingTwoTone.js 
(1:0): Module level 
directives cause 
errors when bundled, 
"use client" in "node
_modules/@mui/icons-m
aterial/esm/ScubaDivi
ngTwoTone.js" was 
ignored.
node_modules/@mui/ico
ns-material/esm/Sd.js
 (1:0): Module level 
directives cause 
errors when bundled, 
"use client" in "node
_modules/@mui/icons-m
aterial/esm/Sd.js" 
was ignored.
node_modules/@mui/ico
ns-material/esm/SdCar
d.js (1:0): Module 
level directives 
cause errors when 
bundled, "use 
client" in "node_modu
les/@mui/icons-materi
al/esm/SdCard.js" 
was ignored.
node_modules/@mui/ico
ns-material/esm/SdCar
dAlert.js (1:0): 
Module level 
directives cause 
errors when bundled, 
"use client" in "node
_modules/@mui/icons-m
aterial/esm/SdCardAle
rt.js" was ignored.
node_modules/@mui/ico
ns-material/esm/Scree
nshotMonitorSharp.js 
(1:0): Module level 
directives cause 
errors when bundled, 
"use client" in "node
_modules/@mui/icons-m
aterial/esm/Screensho
tMonitorSharp.js" 
was ignored.
node_modules/@mui/ico
ns-material/esm/Scree
nSearchDesktop.js 
(1:0): Module level 
directives cause 
errors when bundled, 
"use client" in "node
_modules/@mui/icons-m
aterial/esm/ScreenSea
rchDesktop.js" was 
ignored.
node_modules/@mui/ico
ns-material/esm/SdCar
dAlertOutlined.js 
(1:0): Module level 
directives cause 
errors when bundled, 
"use client" in "node
_modules/@mui/icons-m
aterial/esm/SdCardAle
rtOutlined.js" was 
ignored.
node_modules/@mui/ico
ns-material/esm/SdCar
dAlertRounded.js 
(1:0): Module level 
directives cause 
errors when bundled, 
"use client" in "node
_modules/@mui/icons-m
aterial/esm/SdCardAle
rtRounded.js" was 
ignored.
node_modules/@mui/ico
ns-material/esm/SdCar
dAlertTwoTone.js 
(1:0): Module level 
directives cause 
errors when bundled, 
"use client" in "node
_modules/@mui/icons-m
aterial/esm/SdCardAle
rtTwoTone.js" was 
ignored.
node_modules/@mui/ico
ns-material/esm/SdCar
dAlertSharp.js 
(1:0): Module level 
directives cause 
errors when bundled, 
"use client" in "node
_modules/@mui/icons-m
aterial/esm/SdCardAle
rtSharp.js" was 
ignored.
node_modules/@mui/ico
ns-material/esm/SdCar
dOutlined.js (1:0): 
Module level 
directives cause 
errors when bundled, 
"use client" in "node
_modules/@mui/icons-m
aterial/esm/SdCardOut
lined.js" was 
ignored.
node_modules/@mui/ico
ns-material/esm/SdCar
dRounded.js (1:0): 
Module level 
directives cause 
errors when bundled, 
"use client" in "node
_modules/@mui/icons-m
aterial/esm/SdCardRou
nded.js" was ignored.
node_modules/@mui/ico
ns-material/esm/SdOut
lined.js (1:0): 
Module level 
directives cause 
errors when bundled, 
"use client" in "node
_modules/@mui/icons-m
aterial/esm/SdOutline
d.js" was ignored.
node_modules/@mui/ico
ns-material/esm/SdCar
dSharp.js (1:0): 
Module level 
directives cause 
errors when bundled, 
"use client" in "node
_modules/@mui/icons-m
aterial/esm/SdCardSha
rp.js" was ignored.
node_modules/@mui/ico
ns-material/esm/SdRou
nded.js (1:0): 
Module level 
directives cause 
errors when bundled, 
"use client" in "node
_modules/@mui/icons-m
aterial/esm/SdRounded
.js" was ignored.
node_modules/@mui/ico
ns-material/esm/SdSto
rage.js (1:0): 
Module level 
directives cause 
errors when bundled, 
"use client" in "node
_modules/@mui/icons-m
aterial/esm/SdStorage
.js" was ignored.
node_modules/@mui/ico
ns-material/esm/SdCar
dTwoTone.js (1:0): 
Module level 
directives cause 
errors when bundled, 
"use client" in "node
_modules/@mui/icons-m
aterial/esm/SdCardTwo
Tone.js" was ignored.
node_modules/@mui/ico
ns-material/esm/SdSto
rageOutlined.js 
(1:0): Module level 
directives cause 
errors when bundled, 
"use client" in "node
_modules/@mui/icons-m
aterial/esm/SdStorage
Outlined.js" was 
ignored.
node_modules/@mui/ico
ns-material/esm/SdSha
rp.js (1:0): Module 
level directives 
cause errors when 
bundled, "use 
client" in "node_modu
les/@mui/icons-materi
al/esm/SdSharp.js" 
was ignored.
node_modules/@mui/ico
ns-material/esm/SdSto
rageRounded.js 
(1:0): Module level 
directives cause 
errors when bundled, 
"use client" in "node
_modules/@mui/icons-m
aterial/esm/SdStorage
Rounded.js" was 
ignored.
node_modules/@mui/ico
ns-material/esm/SdSto
rageSharp.js (1:0): 
Module level 
directives cause 
errors when bundled, 
"use client" in "node
_modules/@mui/icons-m
aterial/esm/SdStorage
Sharp.js" was 
ignored.
node_modules/@mui/ico
ns-material/esm/SdSto
rageTwoTone.js 
(1:0): Module level 
directives cause 
errors when bundled, 
"use client" in "node
_modules/@mui/icons-m
aterial/esm/SdStorage
TwoTone.js" was 
ignored.
node_modules/@mui/ico
ns-material/esm/Searc
h.js (1:0): Module 
level directives 
cause errors when 
bundled, "use 
client" in "node_modu
les/@mui/icons-materi
al/esm/Search.js" 
was ignored.
node_modules/@mui/ico
ns-material/esm/SdTwo
Tone.js (1:0): 
Module level 
directives cause 
errors when bundled, 
"use client" in "node
_modules/@mui/icons-m
aterial/esm/SdTwoTone
.js" was ignored.
node_modules/@mui/ico
ns-material/esm/Searc
hOffRounded.js 
(1:0): Module level 
directives cause 
errors when bundled, 
"use client" in "node
_modules/@mui/icons-m
aterial/esm/SearchOff
Rounded.js" was 
ignored.
node_modules/@mui/ico
ns-material/esm/Searc
hOff.js (1:0): 
Module level 
directives cause 
errors when bundled, 
"use client" in "node
_modules/@mui/icons-m
aterial/esm/SearchOff
.js" was ignored.
node_modules/@mui/ico
ns-material/esm/Searc
hOffSharp.js (1:0): 
Module level 
directives cause 
errors when bundled, 
"use client" in "node
_modules/@mui/icons-m
aterial/esm/SearchOff
Sharp.js" was 
ignored.
node_modules/@mui/ico
ns-material/esm/Searc
hSharp.js (1:0): 
Module level 
directives cause 
errors when bundled, 
"use client" in "node
_modules/@mui/icons-m
aterial/esm/SearchSha
rp.js" was ignored.
node_modules/@mui/ico
ns-material/esm/Searc
hOutlined.js (1:0): 
Module level 
directives cause 
errors when bundled, 
"use client" in "node
_modules/@mui/icons-m
aterial/esm/SearchOut
lined.js" was 
ignored.
node_modules/@mui/ico
ns-material/esm/Searc
hOffTwoTone.js 
(1:0): Module level 
directives cause 
errors when bundled, 
"use client" in "node
_modules/@mui/icons-m
aterial/esm/SearchOff
TwoTone.js" was 
ignored.
node_modules/@mui/ico
ns-material/esm/Searc
hRounded.js (1:0): 
Module level 
directives cause 
errors when bundled, 
"use client" in "node
_modules/@mui/icons-m
aterial/esm/SearchRou
nded.js" was ignored.
node_modules/@mui/ico
ns-material/esm/Searc
hOffOutlined.js 
(1:0): Module level 
directives cause 
errors when bundled, 
"use client" in "node
_modules/@mui/icons-m
aterial/esm/SearchOff
Outlined.js" was 
ignored.
node_modules/@mui/ico
ns-material/esm/Searc
hTwoTone.js (1:0): 
Module level 
directives cause 
errors when bundled, 
"use client" in "node
_modules/@mui/icons-m
aterial/esm/SearchTwo
Tone.js" was ignored.
node_modules/@mui/ico
ns-material/esm/Secur
ity.js (1:0): Module 
level directives 
cause errors when 
bundled, "use 
client" in "node_modu
les/@mui/icons-materi
al/esm/Security.js" 
was ignored.
node_modules/@mui/ico
ns-material/esm/Secur
ityOutlined.js 
(1:0): Module level 
directives cause 
errors when bundled, 
"use client" in "node
_modules/@mui/icons-m
aterial/esm/SecurityO
utlined.js" was 
ignored.
node_modules/@mui/ico
ns-material/esm/Secur
ityRounded.js (1:0): 
Module level 
directives cause 
errors when bundled, 
"use client" in "node
_modules/@mui/icons-m
aterial/esm/SecurityR
ounded.js" was 
ignored.
node_modules/@mui/ico
ns-material/esm/Secur
ityTwoTone.js (1:0): 
Module level 
directives cause 
errors when bundled, 
"use client" in "node
_modules/@mui/icons-m
aterial/esm/SecurityT
woTone.js" was 
ignored.
node_modules/@mui/ico
ns-material/esm/Secur
ityUpdate.js (1:0): 
Module level 
directives cause 
errors when bundled, 
"use client" in "node
_modules/@mui/icons-m
aterial/esm/SecurityU
pdate.js" was 
ignored.
node_modules/@mui/ico
ns-material/esm/Secur
ityUpdateGoodRounded.
js (1:0): Module 
level directives 
cause errors when 
bundled, "use 
client" in "node_modu
les/@mui/icons-materi
al/esm/SecurityUpdate
GoodRounded.js" was 
ignored.
node_modules/@mui/ico
ns-material/esm/Secur
ityUpdateGood.js 
(1:0): Module level 
directives cause 
errors when bundled, 
"use client" in "node
_modules/@mui/icons-m
aterial/esm/SecurityU
pdateGood.js" was 
ignored.
node_modules/@mui/ico
ns-material/esm/Secur
ityUpdateGoodOutlined
.js (1:0): Module 
level directives 
cause errors when 
bundled, "use 
client" in "node_modu
les/@mui/icons-materi
al/esm/SecurityUpdate
GoodOutlined.js" was 
ignored.
node_modules/@mui/ico
ns-material/esm/Secur
itySharp.js (1:0): 
Module level 
directives cause 
errors when bundled, 
"use client" in "node
_modules/@mui/icons-m
aterial/esm/SecurityS
harp.js" was ignored.
node_modules/@mui/ico
ns-material/esm/Secur
ityUpdateGoodSharp.js
 (1:0): Module level 
directives cause 
errors when bundled, 
"use client" in "node
_modules/@mui/icons-m
aterial/esm/SecurityU
pdateGoodSharp.js" 
was ignored.
node_modules/@mui/ico
ns-material/esm/Secur
ityUpdateOutlined.js 
(1:0): Module level 
directives cause 
errors when bundled, 
"use client" in "node
_modules/@mui/icons-m
aterial/esm/SecurityU
pdateOutlined.js" 
was ignored.
node_modules/@mui/ico
ns-material/esm/Secur
ityUpdateRounded.js 
(1:0): Module level 
directives cause 
errors when bundled, 
"use client" in "node
_modules/@mui/icons-m
aterial/esm/SecurityU
pdateRounded.js" was 
ignored.
node_modules/@mui/ico
ns-material/esm/Secur
ityUpdateSharp.js 
(1:0): Module level 
directives cause 
errors when bundled, 
"use client" in "node
_modules/@mui/icons-m
aterial/esm/SecurityU
pdateSharp.js" was 
ignored.
node_modules/@mui/ico
ns-material/esm/Secur
ityUpdateGoodTwoTone.
js (1:0): Module 
level directives 
cause errors when 
bundled, "use 
client" in "node_modu
les/@mui/icons-materi
al/esm/SecurityUpdate
GoodTwoTone.js" was 
ignored.
node_modules/@mui/ico
ns-material/esm/Secur
ityUpdateWarning.js 
(1:0): Module level 
directives cause 
errors when bundled, 
"use client" in "node
_modules/@mui/icons-m
aterial/esm/SecurityU
pdateWarning.js" was 
ignored.
node_modules/@mui/ico
ns-material/esm/Secur
ityUpdateTwoTone.js 
(1:0): Module level 
directives cause 
errors when bundled, 
"use client" in "node
_modules/@mui/icons-m
aterial/esm/SecurityU
pdateTwoTone.js" was 
ignored.
node_modules/@mui/ico
ns-material/esm/Secur
ityUpdateWarningOutli
ned.js (1:0): Module 
level directives 
cause errors when 
bundled, "use 
client" in "node_modu
les/@mui/icons-materi
al/esm/SecurityUpdate
WarningOutlined.js" 
was ignored.
node_modules/@mui/ico
ns-material/esm/Secur
ityUpdateWarningSharp
.js (1:0): Module 
level directives 
cause errors when 
bundled, "use 
client" in "node_modu
les/@mui/icons-materi
al/esm/SecurityUpdate
WarningSharp.js" was 
ignored.
node_modules/@mui/ico
ns-material/esm/Secur
ityUpdateWarningRound
ed.js (1:0): Module 
level directives 
cause errors when 
bundled, "use 
client" in "node_modu
les/@mui/icons-materi
al/esm/SecurityUpdate
WarningRounded.js" 
was ignored.
node_modules/@mui/ico
ns-material/esm/Secur
ityUpdateWarningTwoTo
ne.js (1:0): Module 
level directives 
cause errors when 
bundled, "use 
client" in "node_modu
les/@mui/icons-materi
al/esm/SecurityUpdate
WarningTwoTone.js" 
was ignored.
node_modules/@mui/ico
ns-material/esm/Segme
nt.js (1:0): Module 
level directives 
cause errors when 
bundled, "use 
client" in "node_modu
les/@mui/icons-materi
al/esm/Segment.js" 
was ignored.
node_modules/@mui/ico
ns-material/esm/Segme
ntSharp.js (1:0): 
Module level 
directives cause 
errors when bundled, 
"use client" in "node
_modules/@mui/icons-m
aterial/esm/SegmentSh
arp.js" was ignored.
node_modules/@mui/ico
ns-material/esm/Segme
ntRounded.js (1:0): 
Module level 
directives cause 
errors when bundled, 
"use client" in "node
_modules/@mui/icons-m
aterial/esm/SegmentRo
unded.js" was 
ignored.
node_modules/@mui/ico
ns-material/esm/Segme
ntOutlined.js (1:0): 
Module level 
directives cause 
errors when bundled, 
"use client" in "node
_modules/@mui/icons-m
aterial/esm/SegmentOu
tlined.js" was 
ignored.
node_modules/@mui/ico
ns-material/esm/Segme
ntTwoTone.js (1:0): 
Module level 
directives cause 
errors when bundled, 
"use client" in "node
_modules/@mui/icons-m
aterial/esm/SegmentTw
oTone.js" was 
ignored.
node_modules/@mui/ico
ns-material/esm/Selec
tAllOutlined.js 
(1:0): Module level 
directives cause 
errors when bundled, 
"use client" in "node
_modules/@mui/icons-m
aterial/esm/SelectAll
Outlined.js" was 
ignored.
node_modules/@mui/ico
ns-material/esm/Selec
tAll.js (1:0): 
Module level 
directives cause 
errors when bundled, 
"use client" in "node
_modules/@mui/icons-m
aterial/esm/SelectAll
.js" was ignored.
node_modules/@mui/ico
ns-material/esm/Selec
tAllRounded.js 
(1:0): Module level 
directives cause 
errors when bundled, 
"use client" in "node
_modules/@mui/icons-m
aterial/esm/SelectAll
Rounded.js" was 
ignored.
node_modules/@mui/ico
ns-material/esm/Selec
tAllSharp.js (1:0): 
Module level 
directives cause 
errors when bundled, 
"use client" in "node
_modules/@mui/icons-m
aterial/esm/SelectAll
Sharp.js" was 
ignored.
node_modules/@mui/ico
ns-material/esm/SelfI
mprovementOutlined.js
 (1:0): Module level 
directives cause 
errors when bundled, 
"use client" in "node
_modules/@mui/icons-m
aterial/esm/SelfImpro
vementOutlined.js" 
was ignored.
node_modules/@mui/ico
ns-material/esm/SelfI
mprovementRounded.js 
(1:0): Module level 
directives cause 
errors when bundled, 
"use client" in "node
_modules/@mui/icons-m
aterial/esm/SelfImpro
vementRounded.js" 
was ignored.
node_modules/@mui/ico
ns-material/esm/Selec
tAllTwoTone.js 
(1:0): Module level 
directives cause 
errors when bundled, 
"use client" in "node
_modules/@mui/icons-m
aterial/esm/SelectAll
TwoTone.js" was 
ignored.
node_modules/@mui/ico
ns-material/esm/SelfI
mprovementSharp.js 
(1:0): Module level 
directives cause 
errors when bundled, 
"use client" in "node
_modules/@mui/icons-m
aterial/esm/SelfImpro
vementSharp.js" was 
ignored.
node_modules/@mui/ico
ns-material/esm/Sell.
js (1:0): Module 
level directives 
cause errors when 
bundled, "use 
client" in "node_modu
les/@mui/icons-materi
al/esm/Sell.js" was 
ignored.
node_modules/@mui/ico
ns-material/esm/SelfI
mprovement.js (1:0): 
Module level 
directives cause 
errors when bundled, 
"use client" in "node
_modules/@mui/icons-m
aterial/esm/SelfImpro
vement.js" was 
ignored.
node_modules/@mui/ico
ns-material/esm/SelfI
mprovementTwoTone.js 
(1:0): Module level 
directives cause 
errors when bundled, 
"use client" in "node
_modules/@mui/icons-m
aterial/esm/SelfImpro
vementTwoTone.js" 
was ignored.
node_modules/@mui/ico
ns-material/esm/SellO
utlined.js (1:0): 
Module level 
directives cause 
errors when bundled, 
"use client" in "node
_modules/@mui/icons-m
aterial/esm/SellOutli
ned.js" was ignored.
node_modules/@mui/ico
ns-material/esm/SellR
ounded.js (1:0): 
Module level 
directives cause 
errors when bundled, 
"use client" in "node
_modules/@mui/icons-m
aterial/esm/SellRound
ed.js" was ignored.
node_modules/@mui/ico
ns-material/esm/Send.
js (1:0): Module 
level directives 
cause errors when 
bundled, "use 
client" in "node_modu
les/@mui/icons-materi
al/esm/Send.js" was 
ignored.
node_modules/@mui/ico
ns-material/esm/SellS
harp.js (1:0): 
Module level 
directives cause 
errors when bundled, 
"use client" in "node
_modules/@mui/icons-m
aterial/esm/SellSharp
.js" was ignored.
node_modules/@mui/ico
ns-material/esm/SellT
woTone.js (1:0): 
Module level 
directives cause 
errors when bundled, 
"use client" in "node
_modules/@mui/icons-m
aterial/esm/SellTwoTo
ne.js" was ignored.
node_modules/@mui/ico
ns-material/esm/SendA
ndArchiveOutlined.js 
(1:0): Module level 
directives cause 
errors when bundled, 
"use client" in "node
_modules/@mui/icons-m
aterial/esm/SendAndAr
chiveOutlined.js" 
was ignored.
node_modules/@mui/ico
ns-material/esm/SendA
ndArchiveTwoTone.js 
(1:0): Module level 
directives cause 
errors when bundled, 
"use client" in "node
_modules/@mui/icons-m
aterial/esm/SendAndAr
chiveTwoTone.js" was 
ignored.
node_modules/@mui/ico
ns-material/esm/SendA
ndArchiveRounded.js 
(1:0): Module level 
directives cause 
errors when bundled, 
"use client" in "node
_modules/@mui/icons-m
aterial/esm/SendAndAr
chiveRounded.js" was 
ignored.
node_modules/@mui/ico
ns-material/esm/SendA
ndArchiveSharp.js 
(1:0): Module level 
directives cause 
errors when bundled, 
"use client" in "node
_modules/@mui/icons-m
aterial/esm/SendAndAr
chiveSharp.js" was 
ignored.
node_modules/@mui/ico
ns-material/esm/SendA
ndArchive.js (1:0): 
Module level 
directives cause 
errors when bundled, 
"use client" in "node
_modules/@mui/icons-m
aterial/esm/SendAndAr
chive.js" was 
ignored.
node_modules/@mui/ico
ns-material/esm/SendS
harp.js (1:0): 
Module level 
directives cause 
errors when bundled, 
"use client" in "node
_modules/@mui/icons-m
aterial/esm/SendSharp
.js" was ignored.
node_modules/@mui/ico
ns-material/esm/SendO
utlined.js (1:0): 
Module level 
directives cause 
errors when bundled, 
"use client" in "node
_modules/@mui/icons-m
aterial/esm/SendOutli
ned.js" was ignored.
node_modules/@mui/ico
ns-material/esm/SendT
imeExtensionOutlined.
js (1:0): Module 
level directives 
cause errors when 
bundled, "use 
client" in "node_modu
les/@mui/icons-materi
al/esm/SendTimeExtens
ionOutlined.js" was 
ignored.
node_modules/@mui/ico
ns-material/esm/SendR
ounded.js (1:0): 
Module level 
directives cause 
errors when bundled, 
"use client" in "node
_modules/@mui/icons-m
aterial/esm/SendRound
ed.js" was ignored.
node_modules/@mui/ico
ns-material/esm/SendT
imeExtensionRounded.j
s (1:0): Module 
level directives 
cause errors when 
bundled, "use 
client" in "node_modu
les/@mui/icons-materi
al/esm/SendTimeExtens
ionRounded.js" was 
ignored.
node_modules/@mui/ico
ns-material/esm/SendT
imeExtension.js 
(1:0): Module level 
directives cause 
errors when bundled, 
"use client" in "node
_modules/@mui/icons-m
aterial/esm/SendTimeE
xtension.js" was 
ignored.
node_modules/@mui/ico
ns-material/esm/SendT
imeExtensionTwoTone.j
s (1:0): Module 
level directives 
cause errors when 
bundled, "use 
client" in "node_modu
les/@mui/icons-materi
al/esm/SendTimeExtens
ionTwoTone.js" was 
ignored.
node_modules/@mui/ico
ns-material/esm/SendT
imeExtensionSharp.js 
(1:0): Module level 
directives cause 
errors when bundled, 
"use client" in "node
_modules/@mui/icons-m
aterial/esm/SendTimeE
xtensionSharp.js" 
was ignored.
node_modules/@mui/ico
ns-material/esm/SendT
oMobileOutlined.js 
(1:0): Module level 
directives cause 
errors when bundled, 
"use client" in "node
_modules/@mui/icons-m
aterial/esm/SendToMob
ileOutlined.js" was 
ignored.
node_modules/@mui/ico
ns-material/esm/SendT
oMobile.js (1:0): 
Module level 
directives cause 
errors when bundled, 
"use client" in "node
_modules/@mui/icons-m
aterial/esm/SendToMob
ile.js" was ignored.
node_modules/@mui/ico
ns-material/esm/SendT
oMobileRounded.js 
(1:0): Module level 
directives cause 
errors when bundled, 
"use client" in "node
_modules/@mui/icons-m
aterial/esm/SendToMob
ileRounded.js" was 
ignored.
node_modules/@mui/ico
ns-material/esm/SendT
oMobileTwoTone.js 
(1:0): Module level 
directives cause 
errors when bundled, 
"use client" in "node
_modules/@mui/icons-m
aterial/esm/SendToMob
ileTwoTone.js" was 
ignored.
node_modules/@mui/ico
ns-material/esm/SendT
woTone.js (1:0): 
Module level 
directives cause 
errors when bundled, 
"use client" in "node
_modules/@mui/icons-m
aterial/esm/SendTwoTo
ne.js" was ignored.
node_modules/@mui/ico
ns-material/esm/SendT
oMobileSharp.js 
(1:0): Module level 
directives cause 
errors when bundled, 
"use client" in "node
_modules/@mui/icons-m
aterial/esm/SendToMob
ileSharp.js" was 
ignored.
node_modules/@mui/ico
ns-material/esm/Senso
rDoor.js (1:0): 
Module level 
directives cause 
errors when bundled, 
"use client" in "node
_modules/@mui/icons-m
aterial/esm/SensorDoo
r.js" was ignored.
node_modules/@mui/ico
ns-material/esm/Senso
rDoorRounded.js 
(1:0): Module level 
directives cause 
errors when bundled, 
"use client" in "node
_modules/@mui/icons-m
aterial/esm/SensorDoo
rRounded.js" was 
ignored.
node_modules/@mui/ico
ns-material/esm/Senso
rDoorOutlined.js 
(1:0): Module level 
directives cause 
errors when bundled, 
"use client" in "node
_modules/@mui/icons-m
aterial/esm/SensorDoo
rOutlined.js" was 
ignored.
node_modules/@mui/ico
ns-material/esm/Senso
rDoorSharp.js (1:0): 
Module level 
directives cause 
errors when bundled, 
"use client" in "node
_modules/@mui/icons-m
aterial/esm/SensorDoo
rSharp.js" was 
ignored.
node_modules/@mui/ico
ns-material/esm/Senso
rDoorTwoTone.js 
(1:0): Module level 
directives cause 
errors when bundled, 
"use client" in "node
_modules/@mui/icons-m
aterial/esm/SensorDoo
rTwoTone.js" was 
ignored.
node_modules/@mui/ico
ns-material/esm/Senso
rOccupied.js (1:0): 
Module level 
directives cause 
errors when bundled, 
"use client" in "node
_modules/@mui/icons-m
aterial/esm/SensorOcc
upied.js" was 
ignored.
node_modules/@mui/ico
ns-material/esm/Senso
rOccupiedSharp.js 
(1:0): Module level 
directives cause 
errors when bundled, 
"use client" in "node
_modules/@mui/icons-m
aterial/esm/SensorOcc
upiedSharp.js" was 
ignored.
node_modules/@mui/ico
ns-material/esm/Senso
rOccupiedRounded.js 
(1:0): Module level 
directives cause 
errors when bundled, 
"use client" in "node
_modules/@mui/icons-m
aterial/esm/SensorOcc
upiedRounded.js" was 
ignored.
node_modules/@mui/ico
ns-material/esm/Senso
rOccupiedTwoTone.js 
(1:0): Module level 
directives cause 
errors when bundled, 
"use client" in "node
_modules/@mui/icons-m
aterial/esm/SensorOcc
upiedTwoTone.js" was 
ignored.
node_modules/@mui/ico
ns-material/esm/Senso
rOccupiedOutlined.js 
(1:0): Module level 
directives cause 
errors when bundled, 
"use client" in "node
_modules/@mui/icons-m
aterial/esm/SensorOcc
upiedOutlined.js" 
was ignored.
node_modules/@mui/ico
ns-material/esm/Senso
rWindowRounded.js 
(1:0): Module level 
directives cause 
errors when bundled, 
"use client" in "node
_modules/@mui/icons-m
aterial/esm/SensorWin
dowRounded.js" was 
ignored.
node_modules/@mui/ico
ns-material/esm/Senso
rWindow.js (1:0): 
Module level 
directives cause 
errors when bundled, 
"use client" in "node
_modules/@mui/icons-m
aterial/esm/SensorWin
dow.js" was ignored.
node_modules/@mui/ico
ns-material/esm/Senso
rWindowOutlined.js 
(1:0): Module level 
directives cause 
errors when bundled, 
"use client" in "node
_modules/@mui/icons-m
aterial/esm/SensorWin
dowOutlined.js" was 
ignored.
node_modules/@mui/ico
ns-material/esm/Senso
rWindowSharp.js 
(1:0): Module level 
directives cause 
errors when bundled, 
"use client" in "node
_modules/@mui/icons-m
aterial/esm/SensorWin
dowSharp.js" was 
ignored.
node_modules/@mui/ico
ns-material/esm/Senso
rWindowTwoTone.js 
(1:0): Module level 
directives cause 
errors when bundled, 
"use client" in "node
_modules/@mui/icons-m
aterial/esm/SensorWin
dowTwoTone.js" was 
ignored.
node_modules/@mui/ico
ns-material/esm/Senso
rsOff.js (1:0): 
Module level 
directives cause 
errors when bundled, 
"use client" in "node
_modules/@mui/icons-m
aterial/esm/SensorsOf
f.js" was ignored.
node_modules/@mui/ico
ns-material/esm/Senso
rsOffRounded.js 
(1:0): Module level 
directives cause 
errors when bundled, 
"use client" in "node
_modules/@mui/icons-m
aterial/esm/SensorsOf
fRounded.js" was 
ignored.
node_modules/@mui/ico
ns-material/esm/Senso
rs.js (1:0): Module 
level directives 
cause errors when 
bundled, "use 
client" in "node_modu
les/@mui/icons-materi
al/esm/Sensors.js" 
was ignored.
node_modules/@mui/ico
ns-material/esm/Senso
rsOffSharp.js (1:0): 
Module level 
directives cause 
errors when bundled, 
"use client" in "node
_modules/@mui/icons-m
aterial/esm/SensorsOf
fSharp.js" was 
ignored.
node_modules/@mui/ico
ns-material/esm/Senso
rsOffTwoTone.js 
(1:0): Module level 
directives cause 
errors when bundled, 
"use client" in "node
_modules/@mui/icons-m
aterial/esm/SensorsOf
fTwoTone.js" was 
ignored.
node_modules/@mui/ico
ns-material/esm/Senso
rsOffOutlined.js 
(1:0): Module level 
directives cause 
errors when bundled, 
"use client" in "node
_modules/@mui/icons-m
aterial/esm/SensorsOf
fOutlined.js" was 
ignored.
node_modules/@mui/ico
ns-material/esm/Senso
rsOutlined.js (1:0): 
Module level 
directives cause 
errors when bundled, 
"use client" in "node
_modules/@mui/icons-m
aterial/esm/SensorsOu
tlined.js" was 
ignored.
node_modules/@mui/ico
ns-material/esm/Senso
rsTwoTone.js (1:0): 
Module level 
directives cause 
errors when bundled, 
"use client" in "node
_modules/@mui/icons-m
aterial/esm/SensorsTw
oTone.js" was 
ignored.
node_modules/@mui/ico
ns-material/esm/Senso
rsSharp.js (1:0): 
Module level 
directives cause 
errors when bundled, 
"use client" in "node
_modules/@mui/icons-m
aterial/esm/SensorsSh
arp.js" was ignored.
node_modules/@mui/ico
ns-material/esm/Senso
rsRounded.js (1:0): 
Module level 
directives cause 
errors when bundled, 
"use client" in "node
_modules/@mui/icons-m
aterial/esm/SensorsRo
unded.js" was 
ignored.
node_modules/@mui/ico
ns-material/esm/Senti
mentDissatisfiedSharp
.js (1:0): Module 
level directives 
cause errors when 
bundled, "use 
client" in "node_modu
les/@mui/icons-materi
al/esm/SentimentDissa
tisfiedSharp.js" was 
ignored.
node_modules/@mui/ico
ns-material/esm/Senti
mentDissatisfied.js 
(1:0): Module level 
directives cause 
errors when bundled, 
"use client" in "node
_modules/@mui/icons-m
aterial/esm/Sentiment
Dissatisfied.js" was 
ignored.
node_modules/@mui/ico
ns-material/esm/Senti
mentDissatisfiedOutli
ned.js (1:0): Module 
level directives 
cause errors when 
bundled, "use 
client" in "node_modu
les/@mui/icons-materi
al/esm/SentimentDissa
tisfiedOutlined.js" 
was ignored.
node_modules/@mui/ico
ns-material/esm/Senti
mentDissatisfiedTwoTo
ne.js (1:0): Module 
level directives 
cause errors when 
bundled, "use 
client" in "node_modu
les/@mui/icons-materi
al/esm/SentimentDissa
tisfiedTwoTone.js" 
was ignored.
node_modules/@mui/ico
ns-material/esm/Senti
mentDissatisfiedRound
ed.js (1:0): Module 
level directives 
cause errors when 
bundled, "use 
client" in "node_modu
les/@mui/icons-materi
al/esm/SentimentDissa
tisfiedRounded.js" 
was ignored.
node_modules/@mui/ico
ns-material/esm/Senti
mentNeutral.js 
(1:0): Module level 
directives cause 
errors when bundled, 
"use client" in "node
_modules/@mui/icons-m
aterial/esm/Sentiment
Neutral.js" was 
ignored.
node_modules/@mui/ico
ns-material/esm/Senti
mentNeutralRounded.js
 (1:0): Module level 
directives cause 
errors when bundled, 
"use client" in "node
_modules/@mui/icons-m
aterial/esm/Sentiment
NeutralRounded.js" 
was ignored.
node_modules/@mui/ico
ns-material/esm/Senti
mentNeutralOutlined.j
s (1:0): Module 
level directives 
cause errors when 
bundled, "use 
client" in "node_modu
les/@mui/icons-materi
al/esm/SentimentNeutr
alOutlined.js" was 
ignored.
node_modules/@mui/ico
ns-material/esm/Senti
mentNeutralTwoTone.js
 (1:0): Module level 
directives cause 
errors when bundled, 
"use client" in "node
_modules/@mui/icons-m
aterial/esm/Sentiment
NeutralTwoTone.js" 
was ignored.
node_modules/@mui/ico
ns-material/esm/Senti
mentSatisfied.js 
(1:0): Module level 
directives cause 
errors when bundled, 
"use client" in "node
_modules/@mui/icons-m
aterial/esm/Sentiment
Satisfied.js" was 
ignored.
node_modules/@mui/ico
ns-material/esm/Senti
mentNeutralSharp.js 
(1:0): Module level 
directives cause 
errors when bundled, 
"use client" in "node
_modules/@mui/icons-m
aterial/esm/Sentiment
NeutralSharp.js" was 
ignored.
node_modules/@mui/ico
ns-material/esm/Senti
mentSatisfiedAlt.js 
(1:0): Module level 
directives cause 
errors when bundled, 
"use client" in "node
_modules/@mui/icons-m
aterial/esm/Sentiment
SatisfiedAlt.js" was 
ignored.
node_modules/@mui/ico
ns-material/esm/Senti
mentSatisfiedAltRound
ed.js (1:0): Module 
level directives 
cause errors when 
bundled, "use 
client" in "node_modu
les/@mui/icons-materi
al/esm/SentimentSatis
fiedAltRounded.js" 
was ignored.
node_modules/@mui/ico
ns-material/esm/Senti
mentSatisfiedAltOutli
ned.js (1:0): Module 
level directives 
cause errors when 
bundled, "use 
client" in "node_modu
les/@mui/icons-materi
al/esm/SentimentSatis
fiedAltOutlined.js" 
was ignored.
node_modules/@mui/ico
ns-material/esm/Senti
mentSatisfiedAltSharp
.js (1:0): Module 
level directives 
cause errors when 
bundled, "use 
client" in "node_modu
les/@mui/icons-materi
al/esm/SentimentSatis
fiedAltSharp.js" was 
ignored.
node_modules/@mui/ico
ns-material/esm/Senti
mentSatisfiedAltTwoTo
ne.js (1:0): Module 
level directives 
cause errors when 
bundled, "use 
client" in "node_modu
les/@mui/icons-materi
al/esm/SentimentSatis
fiedAltTwoTone.js" 
was ignored.
node_modules/@mui/ico
ns-material/esm/Senti
mentSatisfiedOutlined
.js (1:0): Module 
level directives 
cause errors when 
bundled, "use 
client" in "node_modu
les/@mui/icons-materi
al/esm/SentimentSatis
fiedOutlined.js" was 
ignored.
node_modules/@mui/ico
ns-material/esm/Senti
mentVeryDissatisfied.
js (1:0): Module 
level directives 
cause errors when 
bundled, "use 
client" in "node_modu
les/@mui/icons-materi
al/esm/SentimentVeryD
issatisfied.js" was 
ignored.
node_modules/@mui/ico
ns-material/esm/Senti
mentSatisfiedSharp.js
 (1:0): Module level 
directives cause 
errors when bundled, 
"use client" in "node
_modules/@mui/icons-m
aterial/esm/Sentiment
SatisfiedSharp.js" 
was ignored.
node_modules/@mui/ico
ns-material/esm/Senti
mentSatisfiedTwoTone.
js (1:0): Module 
level directives 
cause errors when 
bundled, "use 
client" in "node_modu
les/@mui/icons-materi
al/esm/SentimentSatis
fiedTwoTone.js" was 
ignored.
node_modules/@mui/ico
ns-material/esm/Senti
mentVeryDissatisfiedR
ounded.js (1:0): 
Module level 
directives cause 
errors when bundled, 
"use client" in "node
_modules/@mui/icons-m
aterial/esm/Sentiment
VeryDissatisfiedRound
ed.js" was ignored.
node_modules/@mui/ico
ns-material/esm/Senti
mentVeryDissatisfiedO
utlined.js (1:0): 
Module level 
directives cause 
errors when bundled, 
"use client" in "node
_modules/@mui/icons-m
aterial/esm/Sentiment
VeryDissatisfiedOutli
ned.js" was ignored.
node_modules/@mui/ico
ns-material/esm/Senti
mentVeryDissatisfiedS
harp.js (1:0): 
Module level 
directives cause 
errors when bundled, 
"use client" in "node
_modules/@mui/icons-m
aterial/esm/Sentiment
VeryDissatisfiedSharp
.js" was ignored.
node_modules/@mui/ico
ns-material/esm/Senti
mentSatisfiedRounded.
js (1:0): Module 
level directives 
cause errors when 
bundled, "use 
client" in "node_modu
les/@mui/icons-materi
al/esm/SentimentSatis
fiedRounded.js" was 
ignored.
node_modules/@mui/ico
ns-material/esm/Senti
mentVeryDissatisfiedT
woTone.js (1:0): 
Module level 
directives cause 
errors when bundled, 
"use client" in "node
_modules/@mui/icons-m
aterial/esm/Sentiment
VeryDissatisfiedTwoTo
ne.js" was ignored.
node_modules/@mui/ico
ns-material/esm/Senti
mentVerySatisfied.js 
(1:0): Module level 
directives cause 
errors when bundled, 
"use client" in "node
_modules/@mui/icons-m
aterial/esm/Sentiment
VerySatisfied.js" 
was ignored.
node_modules/@mui/ico
ns-material/esm/Senti
mentVerySatisfiedOutl
ined.js (1:0): 
Module level 
directives cause 
errors when bundled, 
"use client" in "node
_modules/@mui/icons-m
aterial/esm/Sentiment
VerySatisfiedOutlined
.js" was ignored.
node_modules/@mui/ico
ns-material/esm/Senti
mentVerySatisfiedRoun
ded.js (1:0): Module 
level directives 
cause errors when 
bundled, "use 
client" in "node_modu
les/@mui/icons-materi
al/esm/SentimentVeryS
atisfiedRounded.js" 
was ignored.
node_modules/@mui/ico
ns-material/esm/Senti
mentVerySatisfiedTwoT
one.js (1:0): Module 
level directives 
cause errors when 
bundled, "use 
client" in "node_modu
les/@mui/icons-materi
al/esm/SentimentVeryS
atisfiedTwoTone.js" 
was ignored.
node_modules/@mui/ico
ns-material/esm/SetMe
alOutlined.js (1:0): 
Module level 
directives cause 
errors when bundled, 
"use client" in "node
_modules/@mui/icons-m
aterial/esm/SetMealOu
tlined.js" was 
ignored.
node_modules/@mui/ico
ns-material/esm/Senti
mentVerySatisfiedShar
p.js (1:0): Module 
level directives 
cause errors when 
bundled, "use 
client" in "node_modu
les/@mui/icons-materi
al/esm/SentimentVeryS
atisfiedSharp.js" 
was ignored.
node_modules/@mui/ico
ns-material/esm/SetMe
alRounded.js (1:0): 
Module level 
directives cause 
errors when bundled, 
"use client" in "node
_modules/@mui/icons-m
aterial/esm/SetMealRo
unded.js" was 
ignored.
node_modules/@mui/ico
ns-material/esm/SetMe
al.js (1:0): Module 
level directives 
cause errors when 
bundled, "use 
client" in "node_modu
les/@mui/icons-materi
al/esm/SetMeal.js" 
was ignored.
node_modules/@mui/ico
ns-material/esm/Setti
ngsAccessibility.js 
(1:0): Module level 
directives cause 
errors when bundled, 
"use client" in "node
_modules/@mui/icons-m
aterial/esm/SettingsA
ccessibility.js" was 
ignored.
node_modules/@mui/ico
ns-material/esm/SetMe
alSharp.js (1:0): 
Module level 
directives cause 
errors when bundled, 
"use client" in "node
_modules/@mui/icons-m
aterial/esm/SetMealSh
arp.js" was ignored.
node_modules/@mui/ico
ns-material/esm/Setti
ngs.js (1:0): Module 
level directives 
cause errors when 
bundled, "use 
client" in "node_modu
les/@mui/icons-materi
al/esm/Settings.js" 
was ignored.
node_modules/@mui/ico
ns-material/esm/Setti
ngsApplications.js 
(1:0): Module level 
directives cause 
errors when bundled, 
"use client" in "node
_modules/@mui/icons-m
aterial/esm/SettingsA
pplications.js" was 
ignored.
node_modules/@mui/ico
ns-material/esm/Setti
ngsAccessibilityOutli
ned.js (1:0): Module 
level directives 
cause errors when 
bundled, "use 
client" in "node_modu
les/@mui/icons-materi
al/esm/SettingsAccess
ibilityOutlined.js" 
was ignored.
node_modules/@mui/ico
ns-material/esm/Setti
ngsAccessibilityRound
ed.js (1:0): Module 
level directives 
cause errors when 
bundled, "use 
client" in "node_modu
les/@mui/icons-materi
al/esm/SettingsAccess
ibilityRounded.js" 
was ignored.
node_modules/@mui/ico
ns-material/esm/SetMe
alTwoTone.js (1:0): 
Module level 
directives cause 
errors when bundled, 
"use client" in "node
_modules/@mui/icons-m
aterial/esm/SetMealTw
oTone.js" was 
ignored.
node_modules/@mui/ico
ns-material/esm/Setti
ngsApplicationsRounde
d.js (1:0): Module 
level directives 
cause errors when 
bundled, "use 
client" in "node_modu
les/@mui/icons-materi
al/esm/SettingsApplic
ationsRounded.js" 
was ignored.
node_modules/@mui/ico
ns-material/esm/Setti
ngsApplicationsOutlin
ed.js (1:0): Module 
level directives 
cause errors when 
bundled, "use 
client" in "node_modu
les/@mui/icons-materi
al/esm/SettingsApplic
ationsOutlined.js" 
was ignored.
node_modules/@mui/ico
ns-material/esm/Setti
ngsApplicationsSharp.
js (1:0): Module 
level directives 
cause errors when 
bundled, "use 
client" in "node_modu
les/@mui/icons-materi
al/esm/SettingsApplic
ationsSharp.js" was 
ignored.
node_modules/@mui/ico
ns-material/esm/Setti
ngsAccessibilityTwoTo
ne.js (1:0): Module 
level directives 
cause errors when 
bundled, "use 
client" in "node_modu
les/@mui/icons-materi
al/esm/SettingsAccess
ibilityTwoTone.js" 
was ignored.
node_modules/@mui/ico
ns-material/esm/Setti
ngsAccessibilitySharp
.js (1:0): Module 
level directives 
cause errors when 
bundled, "use 
client" in "node_modu
les/@mui/icons-materi
al/esm/SettingsAccess
ibilitySharp.js" was 
ignored.
node_modules/@mui/ico
ns-material/esm/Setti
ngsApplicationsTwoTon
e.js (1:0): Module 
level directives 
cause errors when 
bundled, "use 
client" in "node_modu
les/@mui/icons-materi
al/esm/SettingsApplic
ationsTwoTone.js" 
was ignored.
node_modules/@mui/ico
ns-material/esm/Setti
ngsBackupRestore.js 
(1:0): Module level 
directives cause 
errors when bundled, 
"use client" in "node
_modules/@mui/icons-m
aterial/esm/SettingsB
ackupRestore.js" was 
ignored.
node_modules/@mui/ico
ns-material/esm/Setti
ngsBackupRestoreOutli
ned.js (1:0): Module 
level directives 
cause errors when 
bundled, "use 
client" in "node_modu
les/@mui/icons-materi
al/esm/SettingsBackup
RestoreOutlined.js" 
was ignored.
node_modules/@mui/ico
ns-material/esm/Setti
ngsBackupRestoreSharp
.js (1:0): Module 
level directives 
cause errors when 
bundled, "use 
client" in "node_modu
les/@mui/icons-materi
al/esm/SettingsBackup
RestoreSharp.js" was 
ignored.
node_modules/@mui/ico
ns-material/esm/Setti
ngsBackupRestoreRound
ed.js (1:0): Module 
level directives 
cause errors when 
bundled, "use 
client" in "node_modu
les/@mui/icons-materi
al/esm/SettingsBackup
RestoreRounded.js" 
was ignored.
node_modules/@mui/ico
ns-material/esm/Setti
ngsBackupRestoreTwoTo
ne.js (1:0): Module 
level directives 
cause errors when 
bundled, "use 
client" in "node_modu
les/@mui/icons-materi
al/esm/SettingsBackup
RestoreTwoTone.js" 
was ignored.
node_modules/@mui/ico
ns-material/esm/Setti
ngsBluetoothOutlined.
js (1:0): Module 
level directives 
cause errors when 
bundled, "use 
client" in "node_modu
les/@mui/icons-materi
al/esm/SettingsBlueto
othOutlined.js" was 
ignored.
node_modules/@mui/ico
ns-material/esm/Setti
ngsBluetooth.js 
(1:0): Module level 
directives cause 
errors when bundled, 
"use client" in "node
_modules/@mui/icons-m
aterial/esm/SettingsB
luetooth.js" was 
ignored.
node_modules/@mui/ico
ns-material/esm/Setti
ngsBluetoothRounded.j
s (1:0): Module 
level directives 
cause errors when 
bundled, "use 
client" in "node_modu
les/@mui/icons-materi
al/esm/SettingsBlueto
othRounded.js" was 
ignored.
node_modules/@mui/ico
ns-material/esm/Setti
ngsBluetoothSharp.js 
(1:0): Module level 
directives cause 
errors when bundled, 
"use client" in "node
_modules/@mui/icons-m
aterial/esm/SettingsB
luetoothSharp.js" 
was ignored.
node_modules/@mui/ico
ns-material/esm/Setti
ngsBrightness.js 
(1:0): Module level 
directives cause 
errors when bundled, 
"use client" in "node
_modules/@mui/icons-m
aterial/esm/SettingsB
rightness.js" was 
ignored.
node_modules/@mui/ico
ns-material/esm/Setti
ngsBluetoothTwoTone.j
s (1:0): Module 
level directives 
cause errors when 
bundled, "use 
client" in "node_modu
les/@mui/icons-materi
al/esm/SettingsBlueto
othTwoTone.js" was 
ignored.
node_modules/@mui/ico
ns-material/esm/Setti
ngsBrightnessRounded.
js (1:0): Module 
level directives 
cause errors when 
bundled, "use 
client" in "node_modu
les/@mui/icons-materi
al/esm/SettingsBright
nessRounded.js" was 
ignored.
node_modules/@mui/ico
ns-material/esm/Setti
ngsBrightnessOutlined
.js (1:0): Module 
level directives 
cause errors when 
bundled, "use 
client" in "node_modu
les/@mui/icons-materi
al/esm/SettingsBright
nessOutlined.js" was 
ignored.
node_modules/@mui/ico
ns-material/esm/Setti
ngsCell.js (1:0): 
Module level 
directives cause 
errors when bundled, 
"use client" in "node
_modules/@mui/icons-m
aterial/esm/SettingsC
ell.js" was ignored.
node_modules/@mui/ico
ns-material/esm/Setti
ngsBrightnessTwoTone.
js (1:0): Module 
level directives 
cause errors when 
bundled, "use 
client" in "node_modu
les/@mui/icons-materi
al/esm/SettingsBright
nessTwoTone.js" was 
ignored.
node_modules/@mui/ico
ns-material/esm/Setti
ngsBrightnessSharp.js
 (1:0): Module level 
directives cause 
errors when bundled, 
"use client" in "node
_modules/@mui/icons-m
aterial/esm/SettingsB
rightnessSharp.js" 
was ignored.
node_modules/@mui/ico
ns-material/esm/Setti
ngsCellOutlined.js 
(1:0): Module level 
directives cause 
errors when bundled, 
"use client" in "node
_modules/@mui/icons-m
aterial/esm/SettingsC
ellOutlined.js" was 
ignored.
node_modules/@mui/ico
ns-material/esm/Setti
ngsCellRounded.js 
(1:0): Module level 
directives cause 
errors when bundled, 
"use client" in "node
_modules/@mui/icons-m
aterial/esm/SettingsC
ellRounded.js" was 
ignored.
node_modules/@mui/ico
ns-material/esm/Setti
ngsCellTwoTone.js 
(1:0): Module level 
directives cause 
errors when bundled, 
"use client" in "node
_modules/@mui/icons-m
aterial/esm/SettingsC
ellTwoTone.js" was 
ignored.
node_modules/@mui/ico
ns-material/esm/Setti
ngsEthernetOutlined.j
s (1:0): Module 
level directives 
cause errors when 
bundled, "use 
client" in "node_modu
les/@mui/icons-materi
al/esm/SettingsEthern
etOutlined.js" was 
ignored.
node_modules/@mui/ico
ns-material/esm/Setti
ngsCellSharp.js 
(1:0): Module level 
directives cause 
errors when bundled, 
"use client" in "node
_modules/@mui/icons-m
aterial/esm/SettingsC
ellSharp.js" was 
ignored.
node_modules/@mui/ico
ns-material/esm/Setti
ngsEthernet.js 
(1:0): Module level 
directives cause 
errors when bundled, 
"use client" in "node
_modules/@mui/icons-m
aterial/esm/SettingsE
thernet.js" was 
ignored.
node_modules/@mui/ico
ns-material/esm/Setti
ngsEthernetRounded.js
 (1:0): Module level 
directives cause 
errors when bundled, 
"use client" in "node
_modules/@mui/icons-m
aterial/esm/SettingsE
thernetRounded.js" 
was ignored.
node_modules/@mui/ico
ns-material/esm/Setti
ngsEthernetSharp.js 
(1:0): Module level 
directives cause 
errors when bundled, 
"use client" in "node
_modules/@mui/icons-m
aterial/esm/SettingsE
thernetSharp.js" was 
ignored.
node_modules/@mui/ico
ns-material/esm/Setti
ngsEthernetTwoTone.js
 (1:0): Module level 
directives cause 
errors when bundled, 
"use client" in "node
_modules/@mui/icons-m
aterial/esm/SettingsE
thernetTwoTone.js" 
was ignored.
node_modules/@mui/ico
ns-material/esm/Setti
ngsInputAntenna.js 
(1:0): Module level 
directives cause 
errors when bundled, 
"use client" in "node
_modules/@mui/icons-m
aterial/esm/SettingsI
nputAntenna.js" was 
ignored.
node_modules/@mui/ico
ns-material/esm/Setti
ngsInputAntennaRounde
d.js (1:0): Module 
level directives 
cause errors when 
bundled, "use 
client" in "node_modu
les/@mui/icons-materi
al/esm/SettingsInputA
ntennaRounded.js" 
was ignored.
node_modules/@mui/ico
ns-material/esm/Setti
ngsInputAntennaOutlin
ed.js (1:0): Module 
level directives 
cause errors when 
bundled, "use 
client" in "node_modu
les/@mui/icons-materi
al/esm/SettingsInputA
ntennaOutlined.js" 
was ignored.
node_modules/@mui/ico
ns-material/esm/Setti
ngsInputAntennaSharp.
js (1:0): Module 
level directives 
cause errors when 
bundled, "use 
client" in "node_modu
les/@mui/icons-materi
al/esm/SettingsInputA
ntennaSharp.js" was 
ignored.
node_modules/@mui/ico
ns-material/esm/Setti
ngsInputComponent.js 
(1:0): Module level 
directives cause 
errors when bundled, 
"use client" in "node
_modules/@mui/icons-m
aterial/esm/SettingsI
nputComponent.js" 
was ignored.
node_modules/@mui/ico
ns-material/esm/Setti
ngsInputAntennaTwoTon
e.js (1:0): Module 
level directives 
cause errors when 
bundled, "use 
client" in "node_modu
les/@mui/icons-materi
al/esm/SettingsInputA
ntennaTwoTone.js" 
was ignored.
node_modules/@mui/ico
ns-material/esm/Setti
ngsInputComponentRoun
ded.js (1:0): Module 
level directives 
cause errors when 
bundled, "use 
client" in "node_modu
les/@mui/icons-materi
al/esm/SettingsInputC
omponentRounded.js" 
was ignored.
node_modules/@mui/ico
ns-material/esm/Setti
ngsInputComponentOutl
ined.js (1:0): 
Module level 
directives cause 
errors when bundled, 
"use client" in "node
_modules/@mui/icons-m
aterial/esm/SettingsI
nputComponentOutlined
.js" was ignored.
node_modules/@mui/ico
ns-material/esm/Setti
ngsInputComponentTwoT
one.js (1:0): Module 
level directives 
cause errors when 
bundled, "use 
client" in "node_modu
les/@mui/icons-materi
al/esm/SettingsInputC
omponentTwoTone.js" 
was ignored.
node_modules/@mui/ico
ns-material/esm/Setti
ngsInputComponentShar
p.js (1:0): Module 
level directives 
cause errors when 
bundled, "use 
client" in "node_modu
les/@mui/icons-materi
al/esm/SettingsInputC
omponentSharp.js" 
was ignored.
node_modules/@mui/ico
ns-material/esm/Setti
ngsInputCompositeOutl
ined.js (1:0): 
Module level 
directives cause 
errors when bundled, 
"use client" in "node
_modules/@mui/icons-m
aterial/esm/SettingsI
nputCompositeOutlined
.js" was ignored.
node_modules/@mui/ico
ns-material/esm/Setti
ngsInputComposite.js 
(1:0): Module level 
directives cause 
errors when bundled, 
"use client" in "node
_modules/@mui/icons-m
aterial/esm/SettingsI
nputComposite.js" 
was ignored.
node_modules/@mui/ico
ns-material/esm/Setti
ngsInputCompositeRoun
ded.js (1:0): Module 
level directives 
cause errors when 
bundled, "use 
client" in "node_modu
les/@mui/icons-materi
al/esm/SettingsInputC
ompositeRounded.js" 
was ignored.
node_modules/@mui/ico
ns-material/esm/Setti
ngsInputCompositeTwoT
one.js (1:0): Module 
level directives 
cause errors when 
bundled, "use 
client" in "node_modu
les/@mui/icons-materi
al/esm/SettingsInputC
ompositeTwoTone.js" 
was ignored.
node_modules/@mui/ico
ns-material/esm/Setti
ngsInputCompositeShar
p.js (1:0): Module 
level directives 
cause errors when 
bundled, "use 
client" in "node_modu
les/@mui/icons-materi
al/esm/SettingsInputC
ompositeSharp.js" 
was ignored.
node_modules/@mui/ico
ns-material/esm/Setti
ngsInputHdmi.js 
(1:0): Module level 
directives cause 
errors when bundled, 
"use client" in "node
_modules/@mui/icons-m
aterial/esm/SettingsI
nputHdmi.js" was 
ignored.
node_modules/@mui/ico
ns-material/esm/Setti
ngsInputHdmiOutlined.
js (1:0): Module 
level directives 
cause errors when 
bundled, "use 
client" in "node_modu
les/@mui/icons-materi
al/esm/SettingsInputH
dmiOutlined.js" was 
ignored.
node_modules/@mui/ico
ns-material/esm/Setti
ngsInputHdmiSharp.js 
(1:0): Module level 
directives cause 
errors when bundled, 
"use client" in "node
_modules/@mui/icons-m
aterial/esm/SettingsI
nputHdmiSharp.js" 
was ignored.
node_modules/@mui/ico
ns-material/esm/Setti
ngsInputHdmiTwoTone.j
s (1:0): Module 
level directives 
cause errors when 
bundled, "use 
client" in "node_modu
les/@mui/icons-materi
al/esm/SettingsInputH
dmiTwoTone.js" was 
ignored.
node_modules/@mui/ico
ns-material/esm/Setti
ngsInputHdmiRounded.j
s (1:0): Module 
level directives 
cause errors when 
bundled, "use 
client" in "node_modu
les/@mui/icons-materi
al/esm/SettingsInputH
dmiRounded.js" was 
ignored.
node_modules/@mui/ico
ns-material/esm/Setti
ngsInputSvideoOutline
d.js (1:0): Module 
level directives 
cause errors when 
bundled, "use 
client" in "node_modu
les/@mui/icons-materi
al/esm/SettingsInputS
videoOutlined.js" 
was ignored.
node_modules/@mui/ico
ns-material/esm/Setti
ngsInputSvideoSharp.j
s (1:0): Module 
level directives 
cause errors when 
bundled, "use 
client" in "node_modu
les/@mui/icons-materi
al/esm/SettingsInputS
videoSharp.js" was 
ignored.
node_modules/@mui/ico
ns-material/esm/Setti
ngsInputSvideoTwoTone
.js (1:0): Module 
level directives 
cause errors when 
bundled, "use 
client" in "node_modu
les/@mui/icons-materi
al/esm/SettingsInputS
videoTwoTone.js" was 
ignored.
node_modules/@mui/ico
ns-material/esm/Setti
ngsOutlined.js 
(1:0): Module level 
directives cause 
errors when bundled, 
"use client" in "node
_modules/@mui/icons-m
aterial/esm/SettingsO
utlined.js" was 
ignored.
node_modules/@mui/ico
ns-material/esm/Setti
ngsInputSvideoRounded
.js (1:0): Module 
level directives 
cause errors when 
bundled, "use 
client" in "node_modu
les/@mui/icons-materi
al/esm/SettingsInputS
videoRounded.js" was 
ignored.
node_modules/@mui/ico
ns-material/esm/Setti
ngsOverscan.js 
(1:0): Module level 
directives cause 
errors when bundled, 
"use client" in "node
_modules/@mui/icons-m
aterial/esm/SettingsO
verscan.js" was 
ignored.
node_modules/@mui/ico
ns-material/esm/Setti
ngsInputSvideo.js 
(1:0): Module level 
directives cause 
errors when bundled, 
"use client" in "node
_modules/@mui/icons-m
aterial/esm/SettingsI
nputSvideo.js" was 
ignored.
node_modules/@mui/ico
ns-material/esm/Setti
ngsOverscanRounded.js
 (1:0): Module level 
directives cause 
errors when bundled, 
"use client" in "node
_modules/@mui/icons-m
aterial/esm/SettingsO
verscanRounded.js" 
was ignored.
node_modules/@mui/ico
ns-material/esm/Setti
ngsOverscanOutlined.j
s (1:0): Module 
level directives 
cause errors when 
bundled, "use 
client" in "node_modu
les/@mui/icons-materi
al/esm/SettingsOversc
anOutlined.js" was 
ignored.
node_modules/@mui/ico
ns-material/esm/Setti
ngsOverscanTwoTone.js
 (1:0): Module level 
directives cause 
errors when bundled, 
"use client" in "node
_modules/@mui/icons-m
aterial/esm/SettingsO
verscanTwoTone.js" 
was ignored.
node_modules/@mui/ico
ns-material/esm/Setti
ngsOverscanSharp.js 
(1:0): Module level 
directives cause 
errors when bundled, 
"use client" in "node
_modules/@mui/icons-m
aterial/esm/SettingsO
verscanSharp.js" was 
ignored.
node_modules/@mui/ico
ns-material/esm/Setti
ngsPhone.js (1:0): 
Module level 
directives cause 
errors when bundled, 
"use client" in "node
_modules/@mui/icons-m
aterial/esm/SettingsP
hone.js" was ignored.
node_modules/@mui/ico
ns-material/esm/Setti
ngsPhoneOutlined.js 
(1:0): Module level 
directives cause 
errors when bundled, 
"use client" in "node
_modules/@mui/icons-m
aterial/esm/SettingsP
honeOutlined.js" was 
ignored.
node_modules/@mui/ico
ns-material/esm/Setti
ngsPhoneRounded.js 
(1:0): Module level 
directives cause 
errors when bundled, 
"use client" in "node
_modules/@mui/icons-m
aterial/esm/SettingsP
honeRounded.js" was 
ignored.
node_modules/@mui/ico
ns-material/esm/Setti
ngsPower.js (1:0): 
Module level 
directives cause 
errors when bundled, 
"use client" in "node
_modules/@mui/icons-m
aterial/esm/SettingsP
ower.js" was ignored.
node_modules/@mui/ico
ns-material/esm/Setti
ngsPhoneSharp.js 
(1:0): Module level 
directives cause 
errors when bundled, 
"use client" in "node
_modules/@mui/icons-m
aterial/esm/SettingsP
honeSharp.js" was 
ignored.
node_modules/@mui/ico
ns-material/esm/Setti
ngsPowerOutlined.js 
(1:0): Module level 
directives cause 
errors when bundled, 
"use client" in "node
_modules/@mui/icons-m
aterial/esm/SettingsP
owerOutlined.js" was 
ignored.
node_modules/@mui/ico
ns-material/esm/Setti
ngsPowerRounded.js 
(1:0): Module level 
directives cause 
errors when bundled, 
"use client" in "node
_modules/@mui/icons-m
aterial/esm/SettingsP
owerRounded.js" was 
ignored.
node_modules/@mui/ico
ns-material/esm/Setti
ngsPhoneTwoTone.js 
(1:0): Module level 
directives cause 
errors when bundled, 
"use client" in "node
_modules/@mui/icons-m
aterial/esm/SettingsP
honeTwoTone.js" was 
ignored.
node_modules/@mui/ico
ns-material/esm/Setti
ngsRemoteOutlined.js 
(1:0): Module level 
directives cause 
errors when bundled, 
"use client" in "node
_modules/@mui/icons-m
aterial/esm/SettingsR
emoteOutlined.js" 
was ignored.
node_modules/@mui/ico
ns-material/esm/Setti
ngsPowerTwoTone.js 
(1:0): Module level 
directives cause 
errors when bundled, 
"use client" in "node
_modules/@mui/icons-m
aterial/esm/SettingsP
owerTwoTone.js" was 
ignored.
node_modules/@mui/ico
ns-material/esm/Setti
ngsRemoteRounded.js 
(1:0): Module level 
directives cause 
errors when bundled, 
"use client" in "node
_modules/@mui/icons-m
aterial/esm/SettingsR
emoteRounded.js" was 
ignored.
node_modules/@mui/ico
ns-material/esm/Setti
ngsRemoteTwoTone.js 
(1:0): Module level 
directives cause 
errors when bundled, 
"use client" in "node
_modules/@mui/icons-m
aterial/esm/SettingsR
emoteTwoTone.js" was 
ignored.
node_modules/@mui/ico
ns-material/esm/Setti
ngsRemoteSharp.js 
(1:0): Module level 
directives cause 
errors when bundled, 
"use client" in "node
_modules/@mui/icons-m
aterial/esm/SettingsR
emoteSharp.js" was 
ignored.
node_modules/@mui/ico
ns-material/esm/Setti
ngsRounded.js (1:0): 
Module level 
directives cause 
errors when bundled, 
"use client" in "node
_modules/@mui/icons-m
aterial/esm/SettingsR
ounded.js" was 
ignored.
node_modules/@mui/ico
ns-material/esm/Setti
ngsSharp.js (1:0): 
Module level 
directives cause 
errors when bundled, 
"use client" in "node
_modules/@mui/icons-m
aterial/esm/SettingsS
harp.js" was ignored.
node_modules/@mui/ico
ns-material/esm/Setti
ngsSuggest.js (1:0): 
Module level 
directives cause 
errors when bundled, 
"use client" in "node
_modules/@mui/icons-m
aterial/esm/SettingsS
uggest.js" was 
ignored.
node_modules/@mui/ico
ns-material/esm/Setti
ngsPowerSharp.js 
(1:0): Module level 
directives cause 
errors when bundled, 
"use client" in "node
_modules/@mui/icons-m
aterial/esm/SettingsP
owerSharp.js" was 
ignored.
node_modules/@mui/ico
ns-material/esm/Setti
ngsSuggestOutlined.js
 (1:0): Module level 
directives cause 
errors when bundled, 
"use client" in "node
_modules/@mui/icons-m
aterial/esm/SettingsS
uggestOutlined.js" 
was ignored.
node_modules/@mui/ico
ns-material/esm/Setti
ngsSuggestSharp.js 
(1:0): Module level 
directives cause 
errors when bundled, 
"use client" in "node
_modules/@mui/icons-m
aterial/esm/SettingsS
uggestSharp.js" was 
ignored.
node_modules/@mui/ico
ns-material/esm/Setti
ngsSuggestRounded.js 
(1:0): Module level 
directives cause 
errors when bundled, 
"use client" in "node
_modules/@mui/icons-m
aterial/esm/SettingsS
uggestRounded.js" 
was ignored.
node_modules/@mui/ico
ns-material/esm/Setti
ngsRemote.js (1:0): 
Module level 
directives cause 
errors when bundled, 
"use client" in "node
_modules/@mui/icons-m
aterial/esm/SettingsR
emote.js" was 
ignored.
node_modules/@mui/ico
ns-material/esm/Setti
ngsSuggestTwoTone.js 
(1:0): Module level 
directives cause 
errors when bundled, 
"use client" in "node
_modules/@mui/icons-m
aterial/esm/SettingsS
uggestTwoTone.js" 
was ignored.
node_modules/@mui/ico
ns-material/esm/Setti
ngsSystemDaydream.js 
(1:0): Module level 
directives cause 
errors when bundled, 
"use client" in "node
_modules/@mui/icons-m
aterial/esm/SettingsS
ystemDaydream.js" 
was ignored.
node_modules/@mui/ico
ns-material/esm/Setti
ngsSystemDaydreamOutl
ined.js (1:0): 
Module level 
directives cause 
errors when bundled, 
"use client" in "node
_modules/@mui/icons-m
aterial/esm/SettingsS
ystemDaydreamOutlined
.js" was ignored.
node_modules/@mui/ico
ns-material/esm/Setti
ngsSystemDaydreamRoun
ded.js (1:0): Module 
level directives 
cause errors when 
bundled, "use 
client" in "node_modu
les/@mui/icons-materi
al/esm/SettingsSystem
DaydreamRounded.js" 
was ignored.
node_modules/@mui/ico
ns-material/esm/Setti
ngsSystemDaydreamTwoT
one.js (1:0): Module 
level directives 
cause errors when 
bundled, "use 
client" in "node_modu
les/@mui/icons-materi
al/esm/SettingsSystem
DaydreamTwoTone.js" 
was ignored.
node_modules/@mui/ico
ns-material/esm/Setti
ngsSystemDaydreamShar
p.js (1:0): Module 
level directives 
cause errors when 
bundled, "use 
client" in "node_modu
les/@mui/icons-materi
al/esm/SettingsSystem
DaydreamSharp.js" 
was ignored.
node_modules/@mui/ico
ns-material/esm/Setti
ngsTwoTone.js (1:0): 
Module level 
directives cause 
errors when bundled, 
"use client" in "node
_modules/@mui/icons-m
aterial/esm/SettingsT
woTone.js" was 
ignored.
node_modules/@mui/ico
ns-material/esm/Setti
ngsVoiceOutlined.js 
(1:0): Module level 
directives cause 
errors when bundled, 
"use client" in "node
_modules/@mui/icons-m
aterial/esm/SettingsV
oiceOutlined.js" was 
ignored.
node_modules/@mui/ico
ns-material/esm/Setti
ngsVoice.js (1:0): 
Module level 
directives cause 
errors when bundled, 
"use client" in "node
_modules/@mui/icons-m
aterial/esm/SettingsV
oice.js" was ignored.
node_modules/@mui/ico
ns-material/esm/Setti
ngsVoiceTwoTone.js 
(1:0): Module level 
directives cause 
errors when bundled, 
"use client" in "node
_modules/@mui/icons-m
aterial/esm/SettingsV
oiceTwoTone.js" was 
ignored.
node_modules/@mui/ico
ns-material/esm/Setti
ngsVoiceRounded.js 
(1:0): Module level 
directives cause 
errors when bundled, 
"use client" in "node
_modules/@mui/icons-m
aterial/esm/SettingsV
oiceRounded.js" was 
ignored.
node_modules/@mui/ico
ns-material/esm/Setti
ngsVoiceSharp.js 
(1:0): Module level 
directives cause 
errors when bundled, 
"use client" in "node
_modules/@mui/icons-m
aterial/esm/SettingsV
oiceSharp.js" was 
ignored.
node_modules/@mui/ico
ns-material/esm/Seven
K.js (1:0): Module 
level directives 
cause errors when 
bundled, "use 
client" in "node_modu
les/@mui/icons-materi
al/esm/SevenK.js" 
was ignored.
node_modules/@mui/ico
ns-material/esm/Seven
KOutlined.js (1:0): 
Module level 
directives cause 
errors when bundled, 
"use client" in "node
_modules/@mui/icons-m
aterial/esm/SevenKOut
lined.js" was 
ignored.
node_modules/@mui/ico
ns-material/esm/Seven
KPlus.js (1:0): 
Module level 
directives cause 
errors when bundled, 
"use client" in "node
_modules/@mui/icons-m
aterial/esm/SevenKPlu
s.js" was ignored.
node_modules/@mui/ico
ns-material/esm/Seven
KPlusSharp.js (1:0): 
Module level 
directives cause 
errors when bundled, 
"use client" in "node
_modules/@mui/icons-m
aterial/esm/SevenKPlu
sSharp.js" was 
ignored.
node_modules/@mui/ico
ns-material/esm/Seven
KPlusOutlined.js 
(1:0): Module level 
directives cause 
errors when bundled, 
"use client" in "node
_modules/@mui/icons-m
aterial/esm/SevenKPlu
sOutlined.js" was 
ignored.
node_modules/@mui/ico
ns-material/esm/Seven
KPlusRounded.js 
(1:0): Module level 
directives cause 
errors when bundled, 
"use client" in "node
_modules/@mui/icons-m
aterial/esm/SevenKPlu
sRounded.js" was 
ignored.
node_modules/@mui/ico
ns-material/esm/Seven
KRounded.js (1:0): 
Module level 
directives cause 
errors when bundled, 
"use client" in "node
_modules/@mui/icons-m
aterial/esm/SevenKRou
nded.js" was ignored.
node_modules/@mui/ico
ns-material/esm/Seven
KPlusTwoTone.js 
(1:0): Module level 
directives cause 
errors when bundled, 
"use client" in "node
_modules/@mui/icons-m
aterial/esm/SevenKPlu
sTwoTone.js" was 
ignored.
node_modules/@mui/ico
ns-material/esm/Seven
KSharp.js (1:0): 
Module level 
directives cause 
errors when bundled, 
"use client" in "node
_modules/@mui/icons-m
aterial/esm/SevenKSha
rp.js" was ignored.
node_modules/@mui/ico
ns-material/esm/Seven
Mp.js (1:0): Module 
level directives 
cause errors when 
bundled, "use 
client" in "node_modu
les/@mui/icons-materi
al/esm/SevenMp.js" 
was ignored.
node_modules/@mui/ico
ns-material/esm/Seven
KTwoTone.js (1:0): 
Module level 
directives cause 
errors when bundled, 
"use client" in "node
_modules/@mui/icons-m
aterial/esm/SevenKTwo
Tone.js" was ignored.
node_modules/@mui/ico
ns-material/esm/Seven
MpOutlined.js (1:0): 
Module level 
directives cause 
errors when bundled, 
"use client" in "node
_modules/@mui/icons-m
aterial/esm/SevenMpOu
tlined.js" was 
ignored.
node_modules/@mui/ico
ns-material/esm/Seven
MpRounded.js (1:0): 
Module level 
directives cause 
errors when bundled, 
"use client" in "node
_modules/@mui/icons-m
aterial/esm/SevenMpRo
unded.js" was 
ignored.
node_modules/@mui/ico
ns-material/esm/Seven
MpSharp.js (1:0): 
Module level 
directives cause 
errors when bundled, 
"use client" in "node
_modules/@mui/icons-m
aterial/esm/SevenMpSh
arp.js" was ignored.
node_modules/@mui/ico
ns-material/esm/Seven
MpTwoTone.js (1:0): 
Module level 
directives cause 
errors when bundled, 
"use client" in "node
_modules/@mui/icons-m
aterial/esm/SevenMpTw
oTone.js" was 
ignored.
node_modules/@mui/ico
ns-material/esm/Seven
teenMpOutlined.js 
(1:0): Module level 
directives cause 
errors when bundled, 
"use client" in "node
_modules/@mui/icons-m
aterial/esm/Seventeen
MpOutlined.js" was 
ignored.
node_modules/@mui/ico
ns-material/esm/Seven
teenMp.js (1:0): 
Module level 
directives cause 
errors when bundled, 
"use client" in "node
_modules/@mui/icons-m
aterial/esm/Seventeen
Mp.js" was ignored.
node_modules/@mui/ico
ns-material/esm/Seven
teenMpTwoTone.js 
(1:0): Module level 
directives cause 
errors when bundled, 
"use client" in "node
_modules/@mui/icons-m
aterial/esm/Seventeen
MpTwoTone.js" was 
ignored.
node_modules/@mui/ico
ns-material/esm/Seven
teenMpRounded.js 
(1:0): Module level 
directives cause 
errors when bundled, 
"use client" in "node
_modules/@mui/icons-m
aterial/esm/Seventeen
MpRounded.js" was 
ignored.
node_modules/@mui/ico
ns-material/esm/Seven
teenMpSharp.js 
(1:0): Module level 
directives cause 
errors when bundled, 
"use client" in "node
_modules/@mui/icons-m
aterial/esm/Seventeen
MpSharp.js" was 
ignored.
node_modules/@mui/ico
ns-material/esm/Sever
eCold.js (1:0): 
Module level 
directives cause 
errors when bundled, 
"use client" in "node
_modules/@mui/icons-m
aterial/esm/SevereCol
d.js" was ignored.
node_modules/@mui/ico
ns-material/esm/Sever
eColdOutlined.js 
(1:0): Module level 
directives cause 
errors when bundled, 
"use client" in "node
_modules/@mui/icons-m
aterial/esm/SevereCol
dOutlined.js" was 
ignored.
node_modules/@mui/ico
ns-material/esm/Sever
eColdRounded.js 
(1:0): Module level 
directives cause 
errors when bundled, 
"use client" in "node
_modules/@mui/icons-m
aterial/esm/SevereCol
dRounded.js" was 
ignored.
node_modules/@mui/ico
ns-material/esm/Shape
Line.js (1:0): 
Module level 
directives cause 
errors when bundled, 
"use client" in "node
_modules/@mui/icons-m
aterial/esm/ShapeLine
.js" was ignored.
node_modules/@mui/ico
ns-material/esm/Sever
eColdSharp.js (1:0): 
Module level 
directives cause 
errors when bundled, 
"use client" in "node
_modules/@mui/icons-m
aterial/esm/SevereCol
dSharp.js" was 
ignored.
node_modules/@mui/ico
ns-material/esm/Sever
eColdTwoTone.js 
(1:0): Module level 
directives cause 
errors when bundled, 
"use client" in "node
_modules/@mui/icons-m
aterial/esm/SevereCol
dTwoTone.js" was 
ignored.
node_modules/@mui/ico
ns-material/esm/Shape
LineOutlined.js 
(1:0): Module level 
directives cause 
errors when bundled, 
"use client" in "node
_modules/@mui/icons-m
aterial/esm/ShapeLine
Outlined.js" was 
ignored.
node_modules/@mui/ico
ns-material/esm/Shape
LineRounded.js 
(1:0): Module level 
directives cause 
errors when bundled, 
"use client" in "node
_modules/@mui/icons-m
aterial/esm/ShapeLine
Rounded.js" was 
ignored.
node_modules/@mui/ico
ns-material/esm/Shape
LineSharp.js (1:0): 
Module level 
directives cause 
errors when bundled, 
"use client" in "node
_modules/@mui/icons-m
aterial/esm/ShapeLine
Sharp.js" was 
ignored.
node_modules/@mui/ico
ns-material/esm/Share
.js (1:0): Module 
level directives 
cause errors when 
bundled, "use 
client" in "node_modu
les/@mui/icons-materi
al/esm/Share.js" was 
ignored.
node_modules/@mui/ico
ns-material/esm/Shape
LineTwoTone.js 
(1:0): Module level 
directives cause 
errors when bundled, 
"use client" in "node
_modules/@mui/icons-m
aterial/esm/ShapeLine
TwoTone.js" was 
ignored.
node_modules/@mui/ico
ns-material/esm/Share
LocationRounded.js 
(1:0): Module level 
directives cause 
errors when bundled, 
"use client" in "node
_modules/@mui/icons-m
aterial/esm/ShareLoca
tionRounded.js" was 
ignored.
node_modules/@mui/ico
ns-material/esm/Share
Location.js (1:0): 
Module level 
directives cause 
errors when bundled, 
"use client" in "node
_modules/@mui/icons-m
aterial/esm/ShareLoca
tion.js" was ignored.
node_modules/@mui/ico
ns-material/esm/Share
LocationOutlined.js 
(1:0): Module level 
directives cause 
errors when bundled, 
"use client" in "node
_modules/@mui/icons-m
aterial/esm/ShareLoca
tionOutlined.js" was 
ignored.
node_modules/@mui/ico
ns-material/esm/Share
LocationSharp.js 
(1:0): Module level 
directives cause 
errors when bundled, 
"use client" in "node
_modules/@mui/icons-m
aterial/esm/ShareLoca
tionSharp.js" was 
ignored.
node_modules/@mui/ico
ns-material/esm/Share
LocationTwoTone.js 
(1:0): Module level 
directives cause 
errors when bundled, 
"use client" in "node
_modules/@mui/icons-m
aterial/esm/ShareLoca
tionTwoTone.js" was 
ignored.
node_modules/@mui/ico
ns-material/esm/Share
Outlined.js (1:0): 
Module level 
directives cause 
errors when bundled, 
"use client" in "node
_modules/@mui/icons-m
aterial/esm/ShareOutl
ined.js" was ignored.
node_modules/@mui/ico
ns-material/esm/Share
Rounded.js (1:0): 
Module level 
directives cause 
errors when bundled, 
"use client" in "node
_modules/@mui/icons-m
aterial/esm/ShareRoun
ded.js" was ignored.
node_modules/@mui/ico
ns-material/esm/Share
TwoTone.js (1:0): 
Module level 
directives cause 
errors when bundled, 
"use client" in "node
_modules/@mui/icons-m
aterial/esm/ShareTwoT
one.js" was ignored.
node_modules/@mui/ico
ns-material/esm/Share
Sharp.js (1:0): 
Module level 
directives cause 
errors when bundled, 
"use client" in "node
_modules/@mui/icons-m
aterial/esm/ShareShar
p.js" was ignored.
node_modules/@mui/ico
ns-material/esm/Shiel
dMoonOutlined.js 
(1:0): Module level 
directives cause 
errors when bundled, 
"use client" in "node
_modules/@mui/icons-m
aterial/esm/ShieldMoo
nOutlined.js" was 
ignored.
node_modules/@mui/ico
ns-material/esm/Shiel
d.js (1:0): Module 
level directives 
cause errors when 
bundled, "use 
client" in "node_modu
les/@mui/icons-materi
al/esm/Shield.js" 
was ignored.
node_modules/@mui/ico
ns-material/esm/Shiel
dMoon.js (1:0): 
Module level 
directives cause 
errors when bundled, 
"use client" in "node
_modules/@mui/icons-m
aterial/esm/ShieldMoo
n.js" was ignored.
node_modules/@mui/ico
ns-material/esm/Shiel
dMoonRounded.js 
(1:0): Module level 
directives cause 
errors when bundled, 
"use client" in "node
_modules/@mui/icons-m
aterial/esm/ShieldMoo
nRounded.js" was 
ignored.
node_modules/@mui/ico
ns-material/esm/Shiel
dMoonSharp.js (1:0): 
Module level 
directives cause 
errors when bundled, 
"use client" in "node
_modules/@mui/icons-m
aterial/esm/ShieldMoo
nSharp.js" was 
ignored.
node_modules/@mui/ico
ns-material/esm/Shiel
dMoonTwoTone.js 
(1:0): Module level 
directives cause 
errors when bundled, 
"use client" in "node
_modules/@mui/icons-m
aterial/esm/ShieldMoo
nTwoTone.js" was 
ignored.
node_modules/@mui/ico
ns-material/esm/Shiel
dSharp.js (1:0): 
Module level 
directives cause 
errors when bundled, 
"use client" in "node
_modules/@mui/icons-m
aterial/esm/ShieldSha
rp.js" was ignored.
node_modules/@mui/ico
ns-material/esm/Shiel
dOutlined.js (1:0): 
Module level 
directives cause 
errors when bundled, 
"use client" in "node
_modules/@mui/icons-m
aterial/esm/ShieldOut
lined.js" was 
ignored.
node_modules/@mui/ico
ns-material/esm/Shiel
dRounded.js (1:0): 
Module level 
directives cause 
errors when bundled, 
"use client" in "node
_modules/@mui/icons-m
aterial/esm/ShieldRou
nded.js" was ignored.
node_modules/@mui/ico
ns-material/esm/Shop.
js (1:0): Module 
level directives 
cause errors when 
bundled, "use 
client" in "node_modu
les/@mui/icons-materi
al/esm/Shop.js" was 
ignored.
node_modules/@mui/ico
ns-material/esm/Shop2
.js (1:0): Module 
level directives 
cause errors when 
bundled, "use 
client" in "node_modu
les/@mui/icons-materi
al/esm/Shop2.js" was 
ignored.
node_modules/@mui/ico
ns-material/esm/Shop2
Outlined.js (1:0): 
Module level 
directives cause 
errors when bundled, 
"use client" in "node
_modules/@mui/icons-m
aterial/esm/Shop2Outl
ined.js" was ignored.
node_modules/@mui/ico
ns-material/esm/Shop2
Sharp.js (1:0): 
Module level 
directives cause 
errors when bundled, 
"use client" in "node
_modules/@mui/icons-m
aterial/esm/Shop2Shar
p.js" was ignored.
node_modules/@mui/ico
ns-material/esm/Shiel
dTwoTone.js (1:0): 
Module level 
directives cause 
errors when bundled, 
"use client" in "node
_modules/@mui/icons-m
aterial/esm/ShieldTwo
Tone.js" was ignored.
node_modules/@mui/ico
ns-material/esm/Shop2
Rounded.js (1:0): 
Module level 
directives cause 
errors when bundled, 
"use client" in "node
_modules/@mui/icons-m
aterial/esm/Shop2Roun
ded.js" was ignored.
node_modules/@mui/ico
ns-material/esm/ShopO
utlined.js (1:0): 
Module level 
directives cause 
errors when bundled, 
"use client" in "node
_modules/@mui/icons-m
aterial/esm/ShopOutli
ned.js" was ignored.
node_modules/@mui/ico
ns-material/esm/Shop2
TwoTone.js (1:0): 
Module level 
directives cause 
errors when bundled, 
"use client" in "node
_modules/@mui/icons-m
aterial/esm/Shop2TwoT
one.js" was ignored.
node_modules/@mui/ico
ns-material/esm/ShopS
harp.js (1:0): 
Module level 
directives cause 
errors when bundled, 
"use client" in "node
_modules/@mui/icons-m
aterial/esm/ShopSharp
.js" was ignored.
node_modules/@mui/ico
ns-material/esm/ShopR
ounded.js (1:0): 
Module level 
directives cause 
errors when bundled, 
"use client" in "node
_modules/@mui/icons-m
aterial/esm/ShopRound
ed.js" was ignored.
node_modules/@mui/ico
ns-material/esm/ShopT
wo.js (1:0): Module 
level directives 
cause errors when 
bundled, "use 
client" in "node_modu
les/@mui/icons-materi
al/esm/ShopTwo.js" 
was ignored.
node_modules/@mui/ico
ns-material/esm/ShopT
woOutlined.js (1:0): 
Module level 
directives cause 
errors when bundled, 
"use client" in "node
_modules/@mui/icons-m
aterial/esm/ShopTwoOu
tlined.js" was 
ignored.
node_modules/@mui/ico
ns-material/esm/ShopT
woRounded.js (1:0): 
Module level 
directives cause 
errors when bundled, 
"use client" in "node
_modules/@mui/icons-m
aterial/esm/ShopTwoRo
unded.js" was 
ignored.
node_modules/@mui/ico
ns-material/esm/ShopT
woSharp.js (1:0): 
Module level 
directives cause 
errors when bundled, 
"use client" in "node
_modules/@mui/icons-m
aterial/esm/ShopTwoSh
arp.js" was ignored.
node_modules/@mui/ico
ns-material/esm/ShopT
woTwoTone.js (1:0): 
Module level 
directives cause 
errors when bundled, 
"use client" in "node
_modules/@mui/icons-m
aterial/esm/ShopTwoTw
oTone.js" was 
ignored.
node_modules/@mui/ico
ns-material/esm/Shopp
ingBagOutlined.js 
(1:0): Module level 
directives cause 
errors when bundled, 
"use client" in "node
_modules/@mui/icons-m
aterial/esm/ShoppingB
agOutlined.js" was 
ignored.
node_modules/@mui/ico
ns-material/esm/ShopT
woTone.js (1:0): 
Module level 
directives cause 
errors when bundled, 
"use client" in "node
_modules/@mui/icons-m
aterial/esm/ShopTwoTo
ne.js" was ignored.
node_modules/@mui/ico
ns-material/esm/Shopp
ingBagRounded.js 
(1:0): Module level 
directives cause 
errors when bundled, 
"use client" in "node
_modules/@mui/icons-m
aterial/esm/ShoppingB
agRounded.js" was 
ignored.
node_modules/@mui/ico
ns-material/esm/Shopp
ingBag.js (1:0): 
Module level 
directives cause 
errors when bundled, 
"use client" in "node
_modules/@mui/icons-m
aterial/esm/ShoppingB
ag.js" was ignored.
node_modules/@mui/ico
ns-material/esm/Shopp
ingBagSharp.js 
(1:0): Module level 
directives cause 
errors when bundled, 
"use client" in "node
_modules/@mui/icons-m
aterial/esm/ShoppingB
agSharp.js" was 
ignored.
node_modules/@mui/ico
ns-material/esm/Shopp
ingBagTwoTone.js 
(1:0): Module level 
directives cause 
errors when bundled, 
"use client" in "node
_modules/@mui/icons-m
aterial/esm/ShoppingB
agTwoTone.js" was 
ignored.
node_modules/@mui/ico
ns-material/esm/Shopp
ingBasket.js (1:0): 
Module level 
directives cause 
errors when bundled, 
"use client" in "node
_modules/@mui/icons-m
aterial/esm/ShoppingB
asket.js" was 
ignored.
node_modules/@mui/ico
ns-material/esm/Shopp
ingBasketOutlined.js 
(1:0): Module level 
directives cause 
errors when bundled, 
"use client" in "node
_modules/@mui/icons-m
aterial/esm/ShoppingB
asketOutlined.js" 
was ignored.
node_modules/@mui/ico
ns-material/esm/Shopp
ingBasketRounded.js 
(1:0): Module level 
directives cause 
errors when bundled, 
"use client" in "node
_modules/@mui/icons-m
aterial/esm/ShoppingB
asketRounded.js" was 
ignored.
node_modules/@mui/ico
ns-material/esm/Shopp
ingBasketTwoTone.js 
(1:0): Module level 
directives cause 
errors when bundled, 
"use client" in "node
_modules/@mui/icons-m
aterial/esm/ShoppingB
asketTwoTone.js" was 
ignored.
node_modules/@mui/ico
ns-material/esm/Shopp
ingBasketSharp.js 
(1:0): Module level 
directives cause 
errors when bundled, 
"use client" in "node
_modules/@mui/icons-m
aterial/esm/ShoppingB
asketSharp.js" was 
ignored.
node_modules/@mui/ico
ns-material/esm/Shopp
ingCartCheckout.js 
(1:0): Module level 
directives cause 
errors when bundled, 
"use client" in "node
_modules/@mui/icons-m
aterial/esm/ShoppingC
artCheckout.js" was 
ignored.
node_modules/@mui/ico
ns-material/esm/Shopp
ingCart.js (1:0): 
Module level 
directives cause 
errors when bundled, 
"use client" in "node
_modules/@mui/icons-m
aterial/esm/ShoppingC
art.js" was ignored.
node_modules/@mui/ico
ns-material/esm/Shopp
ingCartCheckoutSharp.
js (1:0): Module 
level directives 
cause errors when 
bundled, "use 
client" in "node_modu
les/@mui/icons-materi
al/esm/ShoppingCartCh
eckoutSharp.js" was 
ignored.
node_modules/@mui/ico
ns-material/esm/Shopp
ingCartOutlined.js 
(1:0): Module level 
directives cause 
errors when bundled, 
"use client" in "node
_modules/@mui/icons-m
aterial/esm/ShoppingC
artOutlined.js" was 
ignored.
node_modules/@mui/ico
ns-material/esm/Shopp
ingCartCheckoutOutlin
ed.js (1:0): Module 
level directives 
cause errors when 
bundled, "use 
client" in "node_modu
les/@mui/icons-materi
al/esm/ShoppingCartCh
eckoutOutlined.js" 
was ignored.
node_modules/@mui/ico
ns-material/esm/Shopp
ingCartCheckoutTwoTon
e.js (1:0): Module 
level directives 
cause errors when 
bundled, "use 
client" in "node_modu
les/@mui/icons-materi
al/esm/ShoppingCartCh
eckoutTwoTone.js" 
was ignored.
node_modules/@mui/ico
ns-material/esm/Shopp
ingCartRounded.js 
(1:0): Module level 
directives cause 
errors when bundled, 
"use client" in "node
_modules/@mui/icons-m
aterial/esm/ShoppingC
artRounded.js" was 
ignored.
node_modules/@mui/ico
ns-material/esm/Shopp
ingCartSharp.js 
(1:0): Module level 
directives cause 
errors when bundled, 
"use client" in "node
_modules/@mui/icons-m
aterial/esm/ShoppingC
artSharp.js" was 
ignored.
node_modules/@mui/ico
ns-material/esm/Shopp
ingCartCheckoutRounde
d.js (1:0): Module 
level directives 
cause errors when 
bundled, "use 
client" in "node_modu
les/@mui/icons-materi
al/esm/ShoppingCartCh
eckoutRounded.js" 
was ignored.
node_modules/@mui/ico
ns-material/esm/Shopp
ingCartTwoTone.js 
(1:0): Module level 
directives cause 
errors when bundled, 
"use client" in "node
_modules/@mui/icons-m
aterial/esm/ShoppingC
artTwoTone.js" was 
ignored.
node_modules/@mui/ico
ns-material/esm/Short
Text.js (1:0): 
Module level 
directives cause 
errors when bundled, 
"use client" in "node
_modules/@mui/icons-m
aterial/esm/ShortText
.js" was ignored.
node_modules/@mui/ico
ns-material/esm/Short
TextOutlined.js 
(1:0): Module level 
directives cause 
errors when bundled, 
"use client" in "node
_modules/@mui/icons-m
aterial/esm/ShortText
Outlined.js" was 
ignored.
node_modules/@mui/ico
ns-material/esm/Short
TextSharp.js (1:0): 
Module level 
directives cause 
errors when bundled, 
"use client" in "node
_modules/@mui/icons-m
aterial/esm/ShortText
Sharp.js" was 
ignored.
node_modules/@mui/ico
ns-material/esm/Short
TextRounded.js 
(1:0): Module level 
directives cause 
errors when bundled, 
"use client" in "node
_modules/@mui/icons-m
aterial/esm/ShortText
Rounded.js" was 
ignored.
node_modules/@mui/ico
ns-material/esm/Short
TextTwoTone.js 
(1:0): Module level 
directives cause 
errors when bundled, 
"use client" in "node
_modules/@mui/icons-m
aterial/esm/ShortText
TwoTone.js" was 
ignored.
node_modules/@mui/ico
ns-material/esm/Short
cut.js (1:0): Module 
level directives 
cause errors when 
bundled, "use 
client" in "node_modu
les/@mui/icons-materi
al/esm/Shortcut.js" 
was ignored.
node_modules/@mui/ico
ns-material/esm/Short
cutOutlined.js 
(1:0): Module level 
directives cause 
errors when bundled, 
"use client" in "node
_modules/@mui/icons-m
aterial/esm/ShortcutO
utlined.js" was 
ignored.
node_modules/@mui/ico
ns-material/esm/Short
cutSharp.js (1:0): 
Module level 
directives cause 
errors when bundled, 
"use client" in "node
_modules/@mui/icons-m
aterial/esm/ShortcutS
harp.js" was ignored.
node_modules/@mui/ico
ns-material/esm/Short
cutRounded.js (1:0): 
Module level 
directives cause 
errors when bundled, 
"use client" in "node
_modules/@mui/icons-m
aterial/esm/ShortcutR
ounded.js" was 
ignored.
node_modules/@mui/ico
ns-material/esm/Short
cutTwoTone.js (1:0): 
Module level 
directives cause 
errors when bundled, 
"use client" in "node
_modules/@mui/icons-m
aterial/esm/ShortcutT
woTone.js" was 
ignored.
node_modules/@mui/ico
ns-material/esm/ShowC
hart.js (1:0): 
Module level 
directives cause 
errors when bundled, 
"use client" in "node
_modules/@mui/icons-m
aterial/esm/ShowChart
.js" was ignored.
node_modules/@mui/ico
ns-material/esm/ShowC
hartOutlined.js 
(1:0): Module level 
directives cause 
errors when bundled, 
"use client" in "node
_modules/@mui/icons-m
aterial/esm/ShowChart
Outlined.js" was 
ignored.
node_modules/@mui/ico
ns-material/esm/ShowC
hartRounded.js 
(1:0): Module level 
directives cause 
errors when bundled, 
"use client" in "node
_modules/@mui/icons-m
aterial/esm/ShowChart
Rounded.js" was 
ignored.
node_modules/@mui/ico
ns-material/esm/ShowC
hartTwoTone.js 
(1:0): Module level 
directives cause 
errors when bundled, 
"use client" in "node
_modules/@mui/icons-m
aterial/esm/ShowChart
TwoTone.js" was 
ignored.
node_modules/@mui/ico
ns-material/esm/ShowC
hartSharp.js (1:0): 
Module level 
directives cause 
errors when bundled, 
"use client" in "node
_modules/@mui/icons-m
aterial/esm/ShowChart
Sharp.js" was 
ignored.
node_modules/@mui/ico
ns-material/esm/Showe
rOutlined.js (1:0): 
Module level 
directives cause 
errors when bundled, 
"use client" in "node
_modules/@mui/icons-m
aterial/esm/ShowerOut
lined.js" was 
ignored.
node_modules/@mui/ico
ns-material/esm/Showe
r.js (1:0): Module 
level directives 
cause errors when 
bundled, "use 
client" in "node_modu
les/@mui/icons-materi
al/esm/Shower.js" 
was ignored.
node_modules/@mui/ico
ns-material/esm/Showe
rRounded.js (1:0): 
Module level 
directives cause 
errors when bundled, 
"use client" in "node
_modules/@mui/icons-m
aterial/esm/ShowerRou
nded.js" was ignored.
node_modules/@mui/ico
ns-material/esm/Showe
rTwoTone.js (1:0): 
Module level 
directives cause 
errors when bundled, 
"use client" in "node
_modules/@mui/icons-m
aterial/esm/ShowerTwo
Tone.js" was ignored.
node_modules/@mui/ico
ns-material/esm/Showe
rSharp.js (1:0): 
Module level 
directives cause 
errors when bundled, 
"use client" in "node
_modules/@mui/icons-m
aterial/esm/ShowerSha
rp.js" was ignored.
node_modules/@mui/ico
ns-material/esm/Shuff
le.js (1:0): Module 
level directives 
cause errors when 
bundled, "use 
client" in "node_modu
les/@mui/icons-materi
al/esm/Shuffle.js" 
was ignored.
node_modules/@mui/ico
ns-material/esm/Shuff
leOnOutlined.js 
(1:0): Module level 
directives cause 
errors when bundled, 
"use client" in "node
_modules/@mui/icons-m
aterial/esm/ShuffleOn
Outlined.js" was 
ignored.
node_modules/@mui/ico
ns-material/esm/Shuff
leOn.js (1:0): 
Module level 
directives cause 
errors when bundled, 
"use client" in "node
_modules/@mui/icons-m
aterial/esm/ShuffleOn
.js" was ignored.
node_modules/@mui/ico
ns-material/esm/Shuff
leOnTwoTone.js 
(1:0): Module level 
directives cause 
errors when bundled, 
"use client" in "node
_modules/@mui/icons-m
aterial/esm/ShuffleOn
TwoTone.js" was 
ignored.
node_modules/@mui/ico
ns-material/esm/Shuff
leOnRounded.js 
(1:0): Module level 
directives cause 
errors when bundled, 
"use client" in "node
_modules/@mui/icons-m
aterial/esm/ShuffleOn
Rounded.js" was 
ignored.
node_modules/@mui/ico
ns-material/esm/Shuff
leRounded.js (1:0): 
Module level 
directives cause 
errors when bundled, 
"use client" in "node
_modules/@mui/icons-m
aterial/esm/ShuffleRo
unded.js" was 
ignored.
node_modules/@mui/ico
ns-material/esm/Shuff
leOutlined.js (1:0): 
Module level 
directives cause 
errors when bundled, 
"use client" in "node
_modules/@mui/icons-m
aterial/esm/ShuffleOu
tlined.js" was 
ignored.
node_modules/@mui/ico
ns-material/esm/Shuff
leSharp.js (1:0): 
Module level 
directives cause 
errors when bundled, 
"use client" in "node
_modules/@mui/icons-m
aterial/esm/ShuffleSh
arp.js" was ignored.
node_modules/@mui/ico
ns-material/esm/Shuff
leTwoTone.js (1:0): 
Module level 
directives cause 
errors when bundled, 
"use client" in "node
_modules/@mui/icons-m
aterial/esm/ShuffleTw
oTone.js" was 
ignored.
node_modules/@mui/ico
ns-material/esm/Shutt
erSpeedOutlined.js 
(1:0): Module level 
directives cause 
errors when bundled, 
"use client" in "node
_modules/@mui/icons-m
aterial/esm/ShutterSp
eedOutlined.js" was 
ignored.
node_modules/@mui/ico
ns-material/esm/Shutt
erSpeed.js (1:0): 
Module level 
directives cause 
errors when bundled, 
"use client" in "node
_modules/@mui/icons-m
aterial/esm/ShutterSp
eed.js" was ignored.
node_modules/@mui/ico
ns-material/esm/Shutt
erSpeedRounded.js 
(1:0): Module level 
directives cause 
errors when bundled, 
"use client" in "node
_modules/@mui/icons-m
aterial/esm/ShutterSp
eedRounded.js" was 
ignored.
node_modules/@mui/ico
ns-material/esm/Shutt
erSpeedSharp.js 
(1:0): Module level 
directives cause 
errors when bundled, 
"use client" in "node
_modules/@mui/icons-m
aterial/esm/ShutterSp
eedSharp.js" was 
ignored.
node_modules/@mui/ico
ns-material/esm/Shutt
erSpeedTwoTone.js 
(1:0): Module level 
directives cause 
errors when bundled, 
"use client" in "node
_modules/@mui/icons-m
aterial/esm/ShutterSp
eedTwoTone.js" was 
ignored.
node_modules/@mui/ico
ns-material/esm/Sick.
js (1:0): Module 
level directives 
cause errors when 
bundled, "use 
client" in "node_modu
les/@mui/icons-materi
al/esm/Sick.js" was 
ignored.
node_modules/@mui/ico
ns-material/esm/SickO
utlined.js (1:0): 
Module level 
directives cause 
errors when bundled, 
"use client" in "node
_modules/@mui/icons-m
aterial/esm/SickOutli
ned.js" was ignored.
node_modules/@mui/ico
ns-material/esm/Shuff
leOnSharp.js (1:0): 
Module level 
directives cause 
errors when bundled, 
"use client" in "node
_modules/@mui/icons-m
aterial/esm/ShuffleOn
Sharp.js" was 
ignored.
node_modules/@mui/ico
ns-material/esm/SickR
ounded.js (1:0): 
Module level 
directives cause 
errors when bundled, 
"use client" in "node
_modules/@mui/icons-m
aterial/esm/SickRound
ed.js" was ignored.
node_modules/@mui/ico
ns-material/esm/SickT
woTone.js (1:0): 
Module level 
directives cause 
errors when bundled, 
"use client" in "node
_modules/@mui/icons-m
aterial/esm/SickTwoTo
ne.js" was ignored.
node_modules/@mui/ico
ns-material/esm/SickS
harp.js (1:0): 
Module level 
directives cause 
errors when bundled, 
"use client" in "node
_modules/@mui/icons-m
aterial/esm/SickSharp
.js" was ignored.
node_modules/@mui/ico
ns-material/esm/SignL
anguage.js (1:0): 
Module level 
directives cause 
errors when bundled, 
"use client" in "node
_modules/@mui/icons-m
aterial/esm/SignLangu
age.js" was ignored.
node_modules/@mui/ico
ns-material/esm/SignL
anguageRounded.js 
(1:0): Module level 
directives cause 
errors when bundled, 
"use client" in "node
_modules/@mui/icons-m
aterial/esm/SignLangu
ageRounded.js" was 
ignored.
node_modules/@mui/ico
ns-material/esm/SignL
anguageOutlined.js 
(1:0): Module level 
directives cause 
errors when bundled, 
"use client" in "node
_modules/@mui/icons-m
aterial/esm/SignLangu
ageOutlined.js" was 
ignored.
node_modules/@mui/ico
ns-material/esm/SignL
anguageSharp.js 
(1:0): Module level 
directives cause 
errors when bundled, 
"use client" in "node
_modules/@mui/icons-m
aterial/esm/SignLangu
ageSharp.js" was 
ignored.
node_modules/@mui/ico
ns-material/esm/Signa
lCellular0Bar.js 
(1:0): Module level 
directives cause 
errors when bundled, 
"use client" in "node
_modules/@mui/icons-m
aterial/esm/SignalCel
lular0Bar.js" was 
ignored.
node_modules/@mui/ico
ns-material/esm/SignL
anguageTwoTone.js 
(1:0): Module level 
directives cause 
errors when bundled, 
"use client" in "node
_modules/@mui/icons-m
aterial/esm/SignLangu
ageTwoTone.js" was 
ignored.
node_modules/@mui/ico
ns-material/esm/Signa
lCellular0BarTwoTone.
js (1:0): Module 
level directives 
cause errors when 
bundled, "use 
client" in "node_modu
les/@mui/icons-materi
al/esm/SignalCellular
0BarTwoTone.js" was 
ignored.
node_modules/@mui/ico
ns-material/esm/Signa
lCellular0BarOutlined
.js (1:0): Module 
level directives 
cause errors when 
bundled, "use 
client" in "node_modu
les/@mui/icons-materi
al/esm/SignalCellular
0BarOutlined.js" was 
ignored.
node_modules/@mui/ico
ns-material/esm/Signa
lCellular0BarSharp.js
 (1:0): Module level 
directives cause 
errors when bundled, 
"use client" in "node
_modules/@mui/icons-m
aterial/esm/SignalCel
lular0BarSharp.js" 
was ignored.
node_modules/@mui/ico
ns-material/esm/Signa
lCellular0BarRounded.
js (1:0): Module 
level directives 
cause errors when 
bundled, "use 
client" in "node_modu
les/@mui/icons-materi
al/esm/SignalCellular
0BarRounded.js" was 
ignored.
node_modules/@mui/ico
ns-material/esm/Signa
lCellular4BarOutlined
.js (1:0): Module 
level directives 
cause errors when 
bundled, "use 
client" in "node_modu
les/@mui/icons-materi
al/esm/SignalCellular
4BarOutlined.js" was 
ignored.
node_modules/@mui/ico
ns-material/esm/Signa
lCellular4Bar.js 
(1:0): Module level 
directives cause 
errors when bundled, 
"use client" in "node
_modules/@mui/icons-m
aterial/esm/SignalCel
lular4Bar.js" was 
ignored.
node_modules/@mui/ico
ns-material/esm/Signa
lCellular4BarTwoTone.
js (1:0): Module 
level directives 
cause errors when 
bundled, "use 
client" in "node_modu
les/@mui/icons-materi
al/esm/SignalCellular
4BarTwoTone.js" was 
ignored.
node_modules/@mui/ico
ns-material/esm/Signa
lCellular4BarRounded.
js (1:0): Module 
level directives 
cause errors when 
bundled, "use 
client" in "node_modu
les/@mui/icons-materi
al/esm/SignalCellular
4BarRounded.js" was 
ignored.
node_modules/@mui/ico
ns-material/esm/Signa
lCellular4BarSharp.js
 (1:0): Module level 
directives cause 
errors when bundled, 
"use client" in "node
_modules/@mui/icons-m
aterial/esm/SignalCel
lular4BarSharp.js" 
was ignored.
node_modules/@mui/ico
ns-material/esm/Signa
lCellularAlt.js 
(1:0): Module level 
directives cause 
errors when bundled, 
"use client" in "node
_modules/@mui/icons-m
aterial/esm/SignalCel
lularAlt.js" was 
ignored.
node_modules/@mui/ico
ns-material/esm/Signa
lCellularAlt1Bar.js 
(1:0): Module level 
directives cause 
errors when bundled, 
"use client" in "node
_modules/@mui/icons-m
aterial/esm/SignalCel
lularAlt1Bar.js" was 
ignored.
node_modules/@mui/ico
ns-material/esm/Signa
lCellularAlt1BarOutli
ned.js (1:0): Module 
level directives 
cause errors when 
bundled, "use 
client" in "node_modu
les/@mui/icons-materi
al/esm/SignalCellular
Alt1BarOutlined.js" 
was ignored.
node_modules/@mui/ico
ns-material/esm/Signa
lCellularAlt1BarSharp
.js (1:0): Module 
level directives 
cause errors when 
bundled, "use 
client" in "node_modu
les/@mui/icons-materi
al/esm/SignalCellular
Alt1BarSharp.js" was 
ignored.
node_modules/@mui/ico
ns-material/esm/Signa
lCellularAlt1BarRound
ed.js (1:0): Module 
level directives 
cause errors when 
bundled, "use 
client" in "node_modu
les/@mui/icons-materi
al/esm/SignalCellular
Alt1BarRounded.js" 
was ignored.
node_modules/@mui/ico
ns-material/esm/Signa
lCellularAlt1BarTwoTo
ne.js (1:0): Module 
level directives 
cause errors when 
bundled, "use 
client" in "node_modu
les/@mui/icons-materi
al/esm/SignalCellular
Alt1BarTwoTone.js" 
was ignored.
node_modules/@mui/ico
ns-material/esm/Signa
lCellularAlt2Bar.js 
(1:0): Module level 
directives cause 
errors when bundled, 
"use client" in "node
_modules/@mui/icons-m
aterial/esm/SignalCel
lularAlt2Bar.js" was 
ignored.
node_modules/@mui/ico
ns-material/esm/Signa
lCellularAlt2BarSharp
.js (1:0): Module 
level directives 
cause errors when 
bundled, "use 
client" in "node_modu
les/@mui/icons-materi
al/esm/SignalCellular
Alt2BarSharp.js" was 
ignored.
node_modules/@mui/ico
ns-material/esm/Signa
lCellularAlt2BarOutli
ned.js (1:0): Module 
level directives 
cause errors when 
bundled, "use 
client" in "node_modu
les/@mui/icons-materi
al/esm/SignalCellular
Alt2BarOutlined.js" 
was ignored.
node_modules/@mui/ico
ns-material/esm/Signa
lCellularAlt2BarRound
ed.js (1:0): Module 
level directives 
cause errors when 
bundled, "use 
client" in "node_modu
les/@mui/icons-materi
al/esm/SignalCellular
Alt2BarRounded.js" 
was ignored.
node_modules/@mui/ico
ns-material/esm/Signa
lCellularAltOutlined.
js (1:0): Module 
level directives 
cause errors when 
bundled, "use 
client" in "node_modu
les/@mui/icons-materi
al/esm/SignalCellular
AltOutlined.js" was 
ignored.
node_modules/@mui/ico
ns-material/esm/Signa
lCellularAlt2BarTwoTo
ne.js (1:0): Module 
level directives 
cause errors when 
bundled, "use 
client" in "node_modu
les/@mui/icons-materi
al/esm/SignalCellular
Alt2BarTwoTone.js" 
was ignored.
node_modules/@mui/ico
ns-material/esm/Signa
lCellularAltRounded.j
s (1:0): Module 
level directives 
cause errors when 
bundled, "use 
client" in "node_modu
les/@mui/icons-materi
al/esm/SignalCellular
AltRounded.js" was 
ignored.
node_modules/@mui/ico
ns-material/esm/Signa
lCellularAltTwoTone.j
s (1:0): Module 
level directives 
cause errors when 
bundled, "use 
client" in "node_modu
les/@mui/icons-materi
al/esm/SignalCellular
AltTwoTone.js" was 
ignored.
node_modules/@mui/ico
ns-material/esm/Signa
lCellularAltSharp.js 
(1:0): Module level 
directives cause 
errors when bundled, 
"use client" in "node
_modules/@mui/icons-m
aterial/esm/SignalCel
lularAltSharp.js" 
was ignored.
node_modules/@mui/ico
ns-material/esm/Signa
lCellularConnectedNoI
nternet0Bar.js 
(1:0): Module level 
directives cause 
errors when bundled, 
"use client" in "node
_modules/@mui/icons-m
aterial/esm/SignalCel
lularConnectedNoInter
net0Bar.js" was 
ignored.
node_modules/@mui/ico
ns-material/esm/Signa
lCellularConnectedNoI
nternet0BarOutlined.j
s (1:0): Module 
level directives 
cause errors when 
bundled, "use 
client" in "node_modu
les/@mui/icons-materi
al/esm/SignalCellular
ConnectedNoInternet0B
arOutlined.js" was 
ignored.
node_modules/@mui/ico
ns-material/esm/Signa
lCellularConnectedNoI
nternet0BarRounded.js
 (1:0): Module level 
directives cause 
errors when bundled, 
"use client" in "node
_modules/@mui/icons-m
aterial/esm/SignalCel
lularConnectedNoInter
net0BarRounded.js" 
was ignored.
node_modules/@mui/ico
ns-material/esm/Signa
lCellularConnectedNoI
nternet0BarTwoTone.js
 (1:0): Module level 
directives cause 
errors when bundled, 
"use client" in "node
_modules/@mui/icons-m
aterial/esm/SignalCel
lularConnectedNoInter
net0BarTwoTone.js" 
was ignored.
node_modules/@mui/ico
ns-material/esm/Signa
lCellularConnectedNoI
nternet0BarSharp.js 
(1:0): Module level 
directives cause 
errors when bundled, 
"use client" in "node
_modules/@mui/icons-m
aterial/esm/SignalCel
lularConnectedNoInter
net0BarSharp.js" was 
ignored.
node_modules/@mui/ico
ns-material/esm/Signa
lCellularConnectedNoI
nternet4BarOutlined.j
s (1:0): Module 
level directives 
cause errors when 
bundled, "use 
client" in "node_modu
les/@mui/icons-materi
al/esm/SignalCellular
ConnectedNoInternet4B
arOutlined.js" was 
ignored.
node_modules/@mui/ico
ns-material/esm/Signa
lCellularConnectedNoI
nternet4Bar.js 
(1:0): Module level 
directives cause 
errors when bundled, 
"use client" in "node
_modules/@mui/icons-m
aterial/esm/SignalCel
lularConnectedNoInter
net4Bar.js" was 
ignored.
node_modules/@mui/ico
ns-material/esm/Signa
lCellularConnectedNoI
nternet4BarRounded.js
 (1:0): Module level 
directives cause 
errors when bundled, 
"use client" in "node
_modules/@mui/icons-m
aterial/esm/SignalCel
lularConnectedNoInter
net4BarRounded.js" 
was ignored.
node_modules/@mui/ico
ns-material/esm/Signa
lCellularConnectedNoI
nternet4BarSharp.js 
(1:0): Module level 
directives cause 
errors when bundled, 
"use client" in "node
_modules/@mui/icons-m
aterial/esm/SignalCel
lularConnectedNoInter
net4BarSharp.js" was 
ignored.
node_modules/@mui/ico
ns-material/esm/Signa
lCellularNoSimOutline
d.js (1:0): Module 
level directives 
cause errors when 
bundled, "use 
client" in "node_modu
les/@mui/icons-materi
al/esm/SignalCellular
NoSimOutlined.js" 
was ignored.
node_modules/@mui/ico
ns-material/esm/Signa
lCellularConnectedNoI
nternet4BarTwoTone.js
 (1:0): Module level 
directives cause 
errors when bundled, 
"use client" in "node
_modules/@mui/icons-m
aterial/esm/SignalCel
lularConnectedNoInter
net4BarTwoTone.js" 
was ignored.
node_modules/@mui/ico
ns-material/esm/Signa
lCellularNoSim.js 
(1:0): Module level 
directives cause 
errors when bundled, 
"use client" in "node
_modules/@mui/icons-m
aterial/esm/SignalCel
lularNoSim.js" was 
ignored.
node_modules/@mui/ico
ns-material/esm/Signa
lCellularNoSimRounded
.js (1:0): Module 
level directives 
cause errors when 
bundled, "use 
client" in "node_modu
les/@mui/icons-materi
al/esm/SignalCellular
NoSimRounded.js" was 
ignored.
node_modules/@mui/ico
ns-material/esm/Signa
lCellularNoSimSharp.j
s (1:0): Module 
level directives 
cause errors when 
bundled, "use 
client" in "node_modu
les/@mui/icons-materi
al/esm/SignalCellular
NoSimSharp.js" was 
ignored.
node_modules/@mui/ico
ns-material/esm/Signa
lCellularNodataOutlin
ed.js (1:0): Module 
level directives 
cause errors when 
bundled, "use 
client" in "node_modu
les/@mui/icons-materi
al/esm/SignalCellular
NodataOutlined.js" 
was ignored.
node_modules/@mui/ico
ns-material/esm/Signa
lCellularNoSimTwoTone
.js (1:0): Module 
level directives 
cause errors when 
bundled, "use 
client" in "node_modu
les/@mui/icons-materi
al/esm/SignalCellular
NoSimTwoTone.js" was 
ignored.
node_modules/@mui/ico
ns-material/esm/Signa
lCellularNodata.js 
(1:0): Module level 
directives cause 
errors when bundled, 
"use client" in "node
_modules/@mui/icons-m
aterial/esm/SignalCel
lularNodata.js" was 
ignored.
node_modules/@mui/ico
ns-material/esm/Signa
lCellularNodataSharp.
js (1:0): Module 
level directives 
cause errors when 
bundled, "use 
client" in "node_modu
les/@mui/icons-materi
al/esm/SignalCellular
NodataSharp.js" was 
ignored.
node_modules/@mui/ico
ns-material/esm/Signa
lCellularNodataRounde
d.js (1:0): Module 
level directives 
cause errors when 
bundled, "use 
client" in "node_modu
les/@mui/icons-materi
al/esm/SignalCellular
NodataRounded.js" 
was ignored.
node_modules/@mui/ico
ns-material/esm/Signa
lCellularNodataTwoTon
e.js (1:0): Module 
level directives 
cause errors when 
bundled, "use 
client" in "node_modu
les/@mui/icons-materi
al/esm/SignalCellular
NodataTwoTone.js" 
was ignored.
node_modules/@mui/ico
ns-material/esm/Signa
lCellularNullOutlined
.js (1:0): Module 
level directives 
cause errors when 
bundled, "use 
client" in "node_modu
les/@mui/icons-materi
al/esm/SignalCellular
NullOutlined.js" was 
ignored.
node_modules/@mui/ico
ns-material/esm/Signa
lCellularNull.js 
(1:0): Module level 
directives cause 
errors when bundled, 
"use client" in "node
_modules/@mui/icons-m
aterial/esm/SignalCel
lularNull.js" was 
ignored.
node_modules/@mui/ico
ns-material/esm/Signa
lCellularNullSharp.js
 (1:0): Module level 
directives cause 
errors when bundled, 
"use client" in "node
_modules/@mui/icons-m
aterial/esm/SignalCel
lularNullSharp.js" 
was ignored.
node_modules/@mui/ico
ns-material/esm/Signa
lCellularNullRounded.
js (1:0): Module 
level directives 
cause errors when 
bundled, "use 
client" in "node_modu
les/@mui/icons-materi
al/esm/SignalCellular
NullRounded.js" was 
ignored.
node_modules/@mui/ico
ns-material/esm/Signa
lCellularNullTwoTone.
js (1:0): Module 
level directives 
cause errors when 
bundled, "use 
client" in "node_modu
les/@mui/icons-materi
al/esm/SignalCellular
NullTwoTone.js" was 
ignored.
node_modules/@mui/ico
ns-material/esm/Signa
lCellularOff.js 
(1:0): Module level 
directives cause 
errors when bundled, 
"use client" in "node
_modules/@mui/icons-m
aterial/esm/SignalCel
lularOff.js" was 
ignored.
node_modules/@mui/ico
ns-material/esm/Signa
lCellularOffOutlined.
js (1:0): Module 
level directives 
cause errors when 
bundled, "use 
client" in "node_modu
les/@mui/icons-materi
al/esm/SignalCellular
OffOutlined.js" was 
ignored.
node_modules/@mui/ico
ns-material/esm/Signa
lCellularOffRounded.j
s (1:0): Module 
level directives 
cause errors when 
bundled, "use 
client" in "node_modu
les/@mui/icons-materi
al/esm/SignalCellular
OffRounded.js" was 
ignored.
node_modules/@mui/ico
ns-material/esm/Signa
lWifi0Bar.js (1:0): 
Module level 
directives cause 
errors when bundled, 
"use client" in "node
_modules/@mui/icons-m
aterial/esm/SignalWif
i0Bar.js" was 
ignored.
node_modules/@mui/ico
ns-material/esm/Signa
lCellularOffSharp.js 
(1:0): Module level 
directives cause 
errors when bundled, 
"use client" in "node
_modules/@mui/icons-m
aterial/esm/SignalCel
lularOffSharp.js" 
was ignored.
node_modules/@mui/ico
ns-material/esm/Signa
lCellularOffTwoTone.j
s (1:0): Module 
level directives 
cause errors when 
bundled, "use 
client" in "node_modu
les/@mui/icons-materi
al/esm/SignalCellular
OffTwoTone.js" was 
ignored.
node_modules/@mui/ico
ns-material/esm/Signa
lWifi0BarRounded.js 
(1:0): Module level 
directives cause 
errors when bundled, 
"use client" in "node
_modules/@mui/icons-m
aterial/esm/SignalWif
i0BarRounded.js" was 
ignored.
node_modules/@mui/ico
ns-material/esm/Signa
lWifi0BarOutlined.js 
(1:0): Module level 
directives cause 
errors when bundled, 
"use client" in "node
_modules/@mui/icons-m
aterial/esm/SignalWif
i0BarOutlined.js" 
was ignored.
node_modules/@mui/ico
ns-material/esm/Signa
lWifi0BarSharp.js 
(1:0): Module level 
directives cause 
errors when bundled, 
"use client" in "node
_modules/@mui/icons-m
aterial/esm/SignalWif
i0BarSharp.js" was 
ignored.
node_modules/@mui/ico
ns-material/esm/Signa
lWifi0BarTwoTone.js 
(1:0): Module level 
directives cause 
errors when bundled, 
"use client" in "node
_modules/@mui/icons-m
aterial/esm/SignalWif
i0BarTwoTone.js" was 
ignored.
node_modules/@mui/ico
ns-material/esm/Signa
lWifi4BarLock.js 
(1:0): Module level 
directives cause 
errors when bundled, 
"use client" in "node
_modules/@mui/icons-m
aterial/esm/SignalWif
i4BarLock.js" was 
ignored.
node_modules/@mui/ico
ns-material/esm/Signa
lWifi4Bar.js (1:0): 
Module level 
directives cause 
errors when bundled, 
"use client" in "node
_modules/@mui/icons-m
aterial/esm/SignalWif
i4Bar.js" was 
ignored.
node_modules/@mui/ico
ns-material/esm/Signa
lWifi4BarLockRounded.
js (1:0): Module 
level directives 
cause errors when 
bundled, "use 
client" in "node_modu
les/@mui/icons-materi
al/esm/SignalWifi4Bar
LockRounded.js" was 
ignored.
node_modules/@mui/ico
ns-material/esm/Signa
lWifi4BarLockOutlined
.js (1:0): Module 
level directives 
cause errors when 
bundled, "use 
client" in "node_modu
les/@mui/icons-materi
al/esm/SignalWifi4Bar
LockOutlined.js" was 
ignored.
node_modules/@mui/ico
ns-material/esm/Signa
lWifi4BarLockTwoTone.
js (1:0): Module 
level directives 
cause errors when 
bundled, "use 
client" in "node_modu
les/@mui/icons-materi
al/esm/SignalWifi4Bar
LockTwoTone.js" was 
ignored.
node_modules/@mui/ico
ns-material/esm/Signa
lWifi4BarLockSharp.js
 (1:0): Module level 
directives cause 
errors when bundled, 
"use client" in "node
_modules/@mui/icons-m
aterial/esm/SignalWif
i4BarLockSharp.js" 
was ignored.
node_modules/@mui/ico
ns-material/esm/Signa
lWifi4BarOutlined.js 
(1:0): Module level 
directives cause 
errors when bundled, 
"use client" in "node
_modules/@mui/icons-m
aterial/esm/SignalWif
i4BarOutlined.js" 
was ignored.
node_modules/@mui/ico
ns-material/esm/Signa
lWifi4BarRounded.js 
(1:0): Module level 
directives cause 
errors when bundled, 
"use client" in "node
_modules/@mui/icons-m
aterial/esm/SignalWif
i4BarRounded.js" was 
ignored.
node_modules/@mui/ico
ns-material/esm/Signa
lWifi4BarSharp.js 
(1:0): Module level 
directives cause 
errors when bundled, 
"use client" in "node
_modules/@mui/icons-m
aterial/esm/SignalWif
i4BarSharp.js" was 
ignored.
node_modules/@mui/ico
ns-material/esm/Signa
lWifiBad.js (1:0): 
Module level 
directives cause 
errors when bundled, 
"use client" in "node
_modules/@mui/icons-m
aterial/esm/SignalWif
iBad.js" was ignored.
node_modules/@mui/ico
ns-material/esm/Signa
lWifi4BarTwoTone.js 
(1:0): Module level 
directives cause 
errors when bundled, 
"use client" in "node
_modules/@mui/icons-m
aterial/esm/SignalWif
i4BarTwoTone.js" was 
ignored.
node_modules/@mui/ico
ns-material/esm/Signa
lWifiBadRounded.js 
(1:0): Module level 
directives cause 
errors when bundled, 
"use client" in "node
_modules/@mui/icons-m
aterial/esm/SignalWif
iBadRounded.js" was 
ignored.
node_modules/@mui/ico
ns-material/esm/Signa
lWifiBadOutlined.js 
(1:0): Module level 
directives cause 
errors when bundled, 
"use client" in "node
_modules/@mui/icons-m
aterial/esm/SignalWif
iBadOutlined.js" was 
ignored.
node_modules/@mui/ico
ns-material/esm/Signa
lWifiBadTwoTone.js 
(1:0): Module level 
directives cause 
errors when bundled, 
"use client" in "node
_modules/@mui/icons-m
aterial/esm/SignalWif
iBadTwoTone.js" was 
ignored.
node_modules/@mui/ico
ns-material/esm/Signa
lWifiBadSharp.js 
(1:0): Module level 
directives cause 
errors when bundled, 
"use client" in "node
_modules/@mui/icons-m
aterial/esm/SignalWif
iBadSharp.js" was 
ignored.
node_modules/@mui/ico
ns-material/esm/Signa
lWifiConnectedNoInter
net4Outlined.js 
(1:0): Module level 
directives cause 
errors when bundled, 
"use client" in "node
_modules/@mui/icons-m
aterial/esm/SignalWif
iConnectedNoInternet4
Outlined.js" was 
ignored.
node_modules/@mui/ico
ns-material/esm/Signa
lWifiConnectedNoInter
net4.js (1:0): 
Module level 
directives cause 
errors when bundled, 
"use client" in "node
_modules/@mui/icons-m
aterial/esm/SignalWif
iConnectedNoInternet4
.js" was ignored.
node_modules/@mui/ico
ns-material/esm/Signa
lWifiConnectedNoInter
net4Rounded.js 
(1:0): Module level 
directives cause 
errors when bundled, 
"use client" in "node
_modules/@mui/icons-m
aterial/esm/SignalWif
iConnectedNoInternet4
Rounded.js" was 
ignored.
node_modules/@mui/ico
ns-material/esm/Signa
lWifiConnectedNoInter
net4Sharp.js (1:0): 
Module level 
directives cause 
errors when bundled, 
"use client" in "node
_modules/@mui/icons-m
aterial/esm/SignalWif
iConnectedNoInternet4
Sharp.js" was 
ignored.
node_modules/@mui/ico
ns-material/esm/Signa
lWifiConnectedNoInter
net4TwoTone.js 
(1:0): Module level 
directives cause 
errors when bundled, 
"use client" in "node
_modules/@mui/icons-m
aterial/esm/SignalWif
iConnectedNoInternet4
TwoTone.js" was 
ignored.
node_modules/@mui/ico
ns-material/esm/Signa
lWifiOffRounded.js 
(1:0): Module level 
directives cause 
errors when bundled, 
"use client" in "node
_modules/@mui/icons-m
aterial/esm/SignalWif
iOffRounded.js" was 
ignored.
node_modules/@mui/ico
ns-material/esm/Signa
lWifiOffOutlined.js 
(1:0): Module level 
directives cause 
errors when bundled, 
"use client" in "node
_modules/@mui/icons-m
aterial/esm/SignalWif
iOffOutlined.js" was 
ignored.
node_modules/@mui/ico
ns-material/esm/Signa
lWifiOffTwoTone.js 
(1:0): Module level 
directives cause 
errors when bundled, 
"use client" in "node
_modules/@mui/icons-m
aterial/esm/SignalWif
iOffTwoTone.js" was 
ignored.
node_modules/@mui/ico
ns-material/esm/Signa
lWifiOffSharp.js 
(1:0): Module level 
directives cause 
errors when bundled, 
"use client" in "node
_modules/@mui/icons-m
aterial/esm/SignalWif
iOffSharp.js" was 
ignored.
node_modules/@mui/ico
ns-material/esm/Signa
lWifiStatusbar4BarOut
lined.js (1:0): 
Module level 
directives cause 
errors when bundled, 
"use client" in "node
_modules/@mui/icons-m
aterial/esm/SignalWif
iStatusbar4BarOutline
d.js" was ignored.
node_modules/@mui/ico
ns-material/esm/Signa
lWifiStatusbar4Bar.js
 (1:0): Module level 
directives cause 
errors when bundled, 
"use client" in "node
_modules/@mui/icons-m
aterial/esm/SignalWif
iStatusbar4Bar.js" 
was ignored.
node_modules/@mui/ico
ns-material/esm/Signa
lWifiOff.js (1:0): 
Module level 
directives cause 
errors when bundled, 
"use client" in "node
_modules/@mui/icons-m
aterial/esm/SignalWif
iOff.js" was ignored.
node_modules/@mui/ico
ns-material/esm/Signa
lWifiStatusbar4BarSha
rp.js (1:0): Module 
level directives 
cause errors when 
bundled, "use 
client" in "node_modu
les/@mui/icons-materi
al/esm/SignalWifiStat
usbar4BarSharp.js" 
was ignored.
node_modules/@mui/ico
ns-material/esm/Signa
lWifiStatusbar4BarRou
nded.js (1:0): 
Module level 
directives cause 
errors when bundled, 
"use client" in "node
_modules/@mui/icons-m
aterial/esm/SignalWif
iStatusbar4BarRounded
.js" was ignored.
node_modules/@mui/ico
ns-material/esm/Signa
lWifiStatusbar4BarTwo
Tone.js (1:0): 
Module level 
directives cause 
errors when bundled, 
"use client" in "node
_modules/@mui/icons-m
aterial/esm/SignalWif
iStatusbar4BarTwoTone
.js" was ignored.
node_modules/@mui/ico
ns-material/esm/Signa
lWifiStatusbarConnect
edNoInternet4Outlined
.js (1:0): Module 
level directives 
cause errors when 
bundled, "use 
client" in "node_modu
les/@mui/icons-materi
al/esm/SignalWifiStat
usbarConnectedNoInter
net4Outlined.js" was 
ignored.
node_modules/@mui/ico
ns-material/esm/Signa
lWifiStatusbarConnect
edNoInternet4Rounded.
js (1:0): Module 
level directives 
cause errors when 
bundled, "use 
client" in "node_modu
les/@mui/icons-materi
al/esm/SignalWifiStat
usbarConnectedNoInter
net4Rounded.js" was 
ignored.
node_modules/@mui/ico
ns-material/esm/Signa
lWifiStatusbarConnect
edNoInternet4.js 
(1:0): Module level 
directives cause 
errors when bundled, 
"use client" in "node
_modules/@mui/icons-m
aterial/esm/SignalWif
iStatusbarConnectedNo
Internet4.js" was 
ignored.
node_modules/@mui/ico
ns-material/esm/Signa
lWifiStatusbarConnect
edNoInternet4TwoTone.
js (1:0): Module 
level directives 
cause errors when 
bundled, "use 
client" in "node_modu
les/@mui/icons-materi
al/esm/SignalWifiStat
usbarConnectedNoInter
net4TwoTone.js" was 
ignored.
node_modules/@mui/ico
ns-material/esm/Signa
lWifiStatusbarConnect
edNoInternet4Sharp.js
 (1:0): Module level 
directives cause 
errors when bundled, 
"use client" in "node
_modules/@mui/icons-m
aterial/esm/SignalWif
iStatusbarConnectedNo
Internet4Sharp.js" 
was ignored.
node_modules/@mui/ico
ns-material/esm/Signa
lWifiStatusbarNullRou
nded.js (1:0): 
Module level 
directives cause 
errors when bundled, 
"use client" in "node
_modules/@mui/icons-m
aterial/esm/SignalWif
iStatusbarNullRounded
.js" was ignored.
node_modules/@mui/ico
ns-material/esm/Signa
lWifiStatusbarNullOut
lined.js (1:0): 
Module level 
directives cause 
errors when bundled, 
"use client" in "node
_modules/@mui/icons-m
aterial/esm/SignalWif
iStatusbarNullOutline
d.js" was ignored.
node_modules/@mui/ico
ns-material/esm/Signa
lWifiStatusbarNull.js
 (1:0): Module level 
directives cause 
errors when bundled, 
"use client" in "node
_modules/@mui/icons-m
aterial/esm/SignalWif
iStatusbarNull.js" 
was ignored.
node_modules/@mui/ico
ns-material/esm/Signa
lWifiStatusbarNullTwo
Tone.js (1:0): 
Module level 
directives cause 
errors when bundled, 
"use client" in "node
_modules/@mui/icons-m
aterial/esm/SignalWif
iStatusbarNullTwoTone
.js" was ignored.
node_modules/@mui/ico
ns-material/esm/Signa
lWifiStatusbarNullSha
rp.js (1:0): Module 
level directives 
cause errors when 
bundled, "use 
client" in "node_modu
les/@mui/icons-materi
al/esm/SignalWifiStat
usbarNullSharp.js" 
was ignored.
node_modules/@mui/ico
ns-material/esm/Signp
ost.js (1:0): Module 
level directives 
cause errors when 
bundled, "use 
client" in "node_modu
les/@mui/icons-materi
al/esm/Signpost.js" 
was ignored.
node_modules/@mui/ico
ns-material/esm/Signp
ostRounded.js (1:0): 
Module level 
directives cause 
errors when bundled, 
"use client" in "node
_modules/@mui/icons-m
aterial/esm/SignpostR
ounded.js" was 
ignored.
node_modules/@mui/ico
ns-material/esm/Signp
ostSharp.js (1:0): 
Module level 
directives cause 
errors when bundled, 
"use client" in "node
_modules/@mui/icons-m
aterial/esm/SignpostS
harp.js" was ignored.
node_modules/@mui/ico
ns-material/esm/Signp
ostOutlined.js 
(1:0): Module level 
directives cause 
errors when bundled, 
"use client" in "node
_modules/@mui/icons-m
aterial/esm/SignpostO
utlined.js" was 
ignored.
node_modules/@mui/ico
ns-material/esm/SimCa
rd.js (1:0): Module 
level directives 
cause errors when 
bundled, "use 
client" in "node_modu
les/@mui/icons-materi
al/esm/SimCard.js" 
was ignored.
node_modules/@mui/ico
ns-material/esm/Signp
ostTwoTone.js (1:0): 
Module level 
directives cause 
errors when bundled, 
"use client" in "node
_modules/@mui/icons-m
aterial/esm/SignpostT
woTone.js" was 
ignored.
node_modules/@mui/ico
ns-material/esm/SimCa
rdAlert.js (1:0): 
Module level 
directives cause 
errors when bundled, 
"use client" in "node
_modules/@mui/icons-m
aterial/esm/SimCardAl
ert.js" was ignored.
node_modules/@mui/ico
ns-material/esm/SimCa
rdAlertRounded.js 
(1:0): Module level 
directives cause 
errors when bundled, 
"use client" in "node
_modules/@mui/icons-m
aterial/esm/SimCardAl
ertRounded.js" was 
ignored.
node_modules/@mui/ico
ns-material/esm/SimCa
rdAlertOutlined.js 
(1:0): Module level 
directives cause 
errors when bundled, 
"use client" in "node
_modules/@mui/icons-m
aterial/esm/SimCardAl
ertOutlined.js" was 
ignored.
node_modules/@mui/ico
ns-material/esm/SimCa
rdAlertSharp.js 
(1:0): Module level 
directives cause 
errors when bundled, 
"use client" in "node
_modules/@mui/icons-m
aterial/esm/SimCardAl
ertSharp.js" was 
ignored.
node_modules/@mui/ico
ns-material/esm/SimCa
rdDownload.js (1:0): 
Module level 
directives cause 
errors when bundled, 
"use client" in "node
_modules/@mui/icons-m
aterial/esm/SimCardDo
wnload.js" was 
ignored.
node_modules/@mui/ico
ns-material/esm/SimCa
rdAlertTwoTone.js 
(1:0): Module level 
directives cause 
errors when bundled, 
"use client" in "node
_modules/@mui/icons-m
aterial/esm/SimCardAl
ertTwoTone.js" was 
ignored.
node_modules/@mui/ico
ns-material/esm/SimCa
rdDownloadOutlined.js
 (1:0): Module level 
directives cause 
errors when bundled, 
"use client" in "node
_modules/@mui/icons-m
aterial/esm/SimCardDo
wnloadOutlined.js" 
was ignored.
node_modules/@mui/ico
ns-material/esm/SimCa
rdDownloadSharp.js 
(1:0): Module level 
directives cause 
errors when bundled, 
"use client" in "node
_modules/@mui/icons-m
aterial/esm/SimCardDo
wnloadSharp.js" was 
ignored.
node_modules/@mui/ico
ns-material/esm/SimCa
rdDownloadRounded.js 
(1:0): Module level 
directives cause 
errors when bundled, 
"use client" in "node
_modules/@mui/icons-m
aterial/esm/SimCardDo
wnloadRounded.js" 
was ignored.
node_modules/@mui/ico
ns-material/esm/SimCa
rdDownloadTwoTone.js 
(1:0): Module level 
directives cause 
errors when bundled, 
"use client" in "node
_modules/@mui/icons-m
aterial/esm/SimCardDo
wnloadTwoTone.js" 
was ignored.
node_modules/@mui/ico
ns-material/esm/SimCa
rdRounded.js (1:0): 
Module level 
directives cause 
errors when bundled, 
"use client" in "node
_modules/@mui/icons-m
aterial/esm/SimCardRo
unded.js" was 
ignored.
node_modules/@mui/ico
ns-material/esm/SimCa
rdOutlined.js (1:0): 
Module level 
directives cause 
errors when bundled, 
"use client" in "node
_modules/@mui/icons-m
aterial/esm/SimCardOu
tlined.js" was 
ignored.
node_modules/@mui/ico
ns-material/esm/SimCa
rdSharp.js (1:0): 
Module level 
directives cause 
errors when bundled, 
"use client" in "node
_modules/@mui/icons-m
aterial/esm/SimCardSh
arp.js" was ignored.
node_modules/@mui/ico
ns-material/esm/Singl
eBed.js (1:0): 
Module level 
directives cause 
errors when bundled, 
"use client" in "node
_modules/@mui/icons-m
aterial/esm/SingleBed
.js" was ignored.
node_modules/@mui/ico
ns-material/esm/SimCa
rdTwoTone.js (1:0): 
Module level 
directives cause 
errors when bundled, 
"use client" in "node
_modules/@mui/icons-m
aterial/esm/SimCardTw
oTone.js" was 
ignored.
node_modules/@mui/ico
ns-material/esm/Singl
eBedOutlined.js 
(1:0): Module level 
directives cause 
errors when bundled, 
"use client" in "node
_modules/@mui/icons-m
aterial/esm/SingleBed
Outlined.js" was 
ignored.
node_modules/@mui/ico
ns-material/esm/Singl
eBedSharp.js (1:0): 
Module level 
directives cause 
errors when bundled, 
"use client" in "node
_modules/@mui/icons-m
aterial/esm/SingleBed
Sharp.js" was 
ignored.
node_modules/@mui/ico
ns-material/esm/Singl
eBedRounded.js 
(1:0): Module level 
directives cause 
errors when bundled, 
"use client" in "node
_modules/@mui/icons-m
aterial/esm/SingleBed
Rounded.js" was 
ignored.
node_modules/@mui/ico
ns-material/esm/SipOu
tlined.js (1:0): 
Module level 
directives cause 
errors when bundled, 
"use client" in "node
_modules/@mui/icons-m
aterial/esm/SipOutlin
ed.js" was ignored.
node_modules/@mui/ico
ns-material/esm/Singl
eBedTwoTone.js 
(1:0): Module level 
directives cause 
errors when bundled, 
"use client" in "node
_modules/@mui/icons-m
aterial/esm/SingleBed
TwoTone.js" was 
ignored.
node_modules/@mui/ico
ns-material/esm/Sip.j
s (1:0): Module 
level directives 
cause errors when 
bundled, "use 
client" in "node_modu
les/@mui/icons-materi
al/esm/Sip.js" was 
ignored.
node_modules/@mui/ico
ns-material/esm/SipRo
unded.js (1:0): 
Module level 
directives cause 
errors when bundled, 
"use client" in "node
_modules/@mui/icons-m
aterial/esm/SipRounde
d.js" was ignored.
node_modules/@mui/ico
ns-material/esm/SipSh
arp.js (1:0): Module 
level directives 
cause errors when 
bundled, "use 
client" in "node_modu
les/@mui/icons-materi
al/esm/SipSharp.js" 
was ignored.
node_modules/@mui/ico
ns-material/esm/SixKP
lus.js (1:0): Module 
level directives 
cause errors when 
bundled, "use 
client" in "node_modu
les/@mui/icons-materi
al/esm/SixKPlus.js" 
was ignored.
node_modules/@mui/ico
ns-material/esm/SipTw
oTone.js (1:0): 
Module level 
directives cause 
errors when bundled, 
"use client" in "node
_modules/@mui/icons-m
aterial/esm/SipTwoTon
e.js" was ignored.
node_modules/@mui/ico
ns-material/esm/SixKO
utlined.js (1:0): 
Module level 
directives cause 
errors when bundled, 
"use client" in "node
_modules/@mui/icons-m
aterial/esm/SixKOutli
ned.js" was ignored.
node_modules/@mui/ico
ns-material/esm/SixKP
lusOutlined.js 
(1:0): Module level 
directives cause 
errors when bundled, 
"use client" in "node
_modules/@mui/icons-m
aterial/esm/SixKPlusO
utlined.js" was 
ignored.
node_modules/@mui/ico
ns-material/esm/SixKP
lusSharp.js (1:0): 
Module level 
directives cause 
errors when bundled, 
"use client" in "node
_modules/@mui/icons-m
aterial/esm/SixKPlusS
harp.js" was ignored.
node_modules/@mui/ico
ns-material/esm/SixKP
lusRounded.js (1:0): 
Module level 
directives cause 
errors when bundled, 
"use client" in "node
_modules/@mui/icons-m
aterial/esm/SixKPlusR
ounded.js" was 
ignored.
node_modules/@mui/ico
ns-material/esm/SixKP
lusTwoTone.js (1:0): 
Module level 
directives cause 
errors when bundled, 
"use client" in "node
_modules/@mui/icons-m
aterial/esm/SixKPlusT
woTone.js" was 
ignored.
node_modules/@mui/ico
ns-material/esm/SixKT
woTone.js (1:0): 
Module level 
directives cause 
errors when bundled, 
"use client" in "node
_modules/@mui/icons-m
aterial/esm/SixKTwoTo
ne.js" was ignored.
node_modules/@mui/ico
ns-material/esm/SixKR
ounded.js (1:0): 
Module level 
directives cause 
errors when bundled, 
"use client" in "node
_modules/@mui/icons-m
aterial/esm/SixKRound
ed.js" was ignored.
node_modules/@mui/ico
ns-material/esm/SixKS
harp.js (1:0): 
Module level 
directives cause 
errors when bundled, 
"use client" in "node
_modules/@mui/icons-m
aterial/esm/SixKSharp
.js" was ignored.
node_modules/@mui/ico
ns-material/esm/SixMp
.js (1:0): Module 
level directives 
cause errors when 
bundled, "use 
client" in "node_modu
les/@mui/icons-materi
al/esm/SixMp.js" was 
ignored.
node_modules/@mui/ico
ns-material/esm/SixMp
Outlined.js (1:0): 
Module level 
directives cause 
errors when bundled, 
"use client" in "node
_modules/@mui/icons-m
aterial/esm/SixMpOutl
ined.js" was ignored.
node_modules/@mui/ico
ns-material/esm/SixMp
Sharp.js (1:0): 
Module level 
directives cause 
errors when bundled, 
"use client" in "node
_modules/@mui/icons-m
aterial/esm/SixMpShar
p.js" was ignored.
node_modules/@mui/ico
ns-material/esm/SixMp
Rounded.js (1:0): 
Module level 
directives cause 
errors when bundled, 
"use client" in "node
_modules/@mui/icons-m
aterial/esm/SixMpRoun
ded.js" was ignored.
node_modules/@mui/ico
ns-material/esm/SixK.
js (1:0): Module 
level directives 
cause errors when 
bundled, "use 
client" in "node_modu
les/@mui/icons-materi
al/esm/SixK.js" was 
ignored.
node_modules/@mui/ico
ns-material/esm/Sixte
enMp.js (1:0): 
Module level 
directives cause 
errors when bundled, 
"use client" in "node
_modules/@mui/icons-m
aterial/esm/SixteenMp
.js" was ignored.
node_modules/@mui/ico
ns-material/esm/SixMp
TwoTone.js (1:0): 
Module level 
directives cause 
errors when bundled, 
"use client" in "node
_modules/@mui/icons-m
aterial/esm/SixMpTwoT
one.js" was ignored.
node_modules/@mui/ico
ns-material/esm/Sixte
enMpSharp.js (1:0): 
Module level 
directives cause 
errors when bundled, 
"use client" in "node
_modules/@mui/icons-m
aterial/esm/SixteenMp
Sharp.js" was 
ignored.
node_modules/@mui/ico
ns-material/esm/Sixte
enMpOutlined.js 
(1:0): Module level 
directives cause 
errors when bundled, 
"use client" in "node
_modules/@mui/icons-m
aterial/esm/SixteenMp
Outlined.js" was 
ignored.
node_modules/@mui/ico
ns-material/esm/Sixte
enMpRounded.js 
(1:0): Module level 
directives cause 
errors when bundled, 
"use client" in "node
_modules/@mui/icons-m
aterial/esm/SixteenMp
Rounded.js" was 
ignored.
node_modules/@mui/ico
ns-material/esm/Sixty
Fps.js (1:0): Module 
level directives 
cause errors when 
bundled, "use 
client" in "node_modu
les/@mui/icons-materi
al/esm/SixtyFps.js" 
was ignored.
node_modules/@mui/ico
ns-material/esm/Sixte
enMpTwoTone.js 
(1:0): Module level 
directives cause 
errors when bundled, 
"use client" in "node
_modules/@mui/icons-m
aterial/esm/SixteenMp
TwoTone.js" was 
ignored.
node_modules/@mui/ico
ns-material/esm/Sixty
FpsSelect.js (1:0): 
Module level 
directives cause 
errors when bundled, 
"use client" in "node
_modules/@mui/icons-m
aterial/esm/SixtyFpsS
elect.js" was 
ignored.
node_modules/@mui/ico
ns-material/esm/Sixty
FpsOutlined.js 
(1:0): Module level 
directives cause 
errors when bundled, 
"use client" in "node
_modules/@mui/icons-m
aterial/esm/SixtyFpsO
utlined.js" was 
ignored.
node_modules/@mui/ico
ns-material/esm/Sixty
FpsRounded.js (1:0): 
Module level 
directives cause 
errors when bundled, 
"use client" in "node
_modules/@mui/icons-m
aterial/esm/SixtyFpsR
ounded.js" was 
ignored.
node_modules/@mui/ico
ns-material/esm/Sixty
FpsSelectOutlined.js 
(1:0): Module level 
directives cause 
errors when bundled, 
"use client" in "node
_modules/@mui/icons-m
aterial/esm/SixtyFpsS
electOutlined.js" 
was ignored.
node_modules/@mui/ico
ns-material/esm/Sixty
FpsSelectRounded.js 
(1:0): Module level 
directives cause 
errors when bundled, 
"use client" in "node
_modules/@mui/icons-m
aterial/esm/SixtyFpsS
electRounded.js" was 
ignored.
node_modules/@mui/ico
ns-material/esm/Sixty
FpsSelectSharp.js 
(1:0): Module level 
directives cause 
errors when bundled, 
"use client" in "node
_modules/@mui/icons-m
aterial/esm/SixtyFpsS
electSharp.js" was 
ignored.
node_modules/@mui/ico
ns-material/esm/Sixty
FpsSelectTwoTone.js 
(1:0): Module level 
directives cause 
errors when bundled, 
"use client" in "node
_modules/@mui/icons-m
aterial/esm/SixtyFpsS
electTwoTone.js" was 
ignored.
node_modules/@mui/ico
ns-material/esm/Sixty
FpsSharp.js (1:0): 
Module level 
directives cause 
errors when bundled, 
"use client" in "node
_modules/@mui/icons-m
aterial/esm/SixtyFpsS
harp.js" was ignored.
node_modules/@mui/ico
ns-material/esm/Sixty
FpsTwoTone.js (1:0): 
Module level 
directives cause 
errors when bundled, 
"use client" in "node
_modules/@mui/icons-m
aterial/esm/SixtyFpsT
woTone.js" was 
ignored.
node_modules/@mui/ico
ns-material/esm/Skate
boarding.js (1:0): 
Module level 
directives cause 
errors when bundled, 
"use client" in "node
_modules/@mui/icons-m
aterial/esm/Skateboar
ding.js" was ignored.
node_modules/@mui/ico
ns-material/esm/Skate
boardingOutlined.js 
(1:0): Module level 
directives cause 
errors when bundled, 
"use client" in "node
_modules/@mui/icons-m
aterial/esm/Skateboar
dingOutlined.js" was 
ignored.
node_modules/@mui/ico
ns-material/esm/Skate
boardingRounded.js 
(1:0): Module level 
directives cause 
errors when bundled, 
"use client" in "node
_modules/@mui/icons-m
aterial/esm/Skateboar
dingRounded.js" was 
ignored.
node_modules/@mui/ico
ns-material/esm/Skate
boardingTwoTone.js 
(1:0): Module level 
directives cause 
errors when bundled, 
"use client" in "node
_modules/@mui/icons-m
aterial/esm/Skateboar
dingTwoTone.js" was 
ignored.
node_modules/@mui/ico
ns-material/esm/SkipN
ext.js (1:0): Module 
level directives 
cause errors when 
bundled, "use 
client" in "node_modu
les/@mui/icons-materi
al/esm/SkipNext.js" 
was ignored.
node_modules/@mui/ico
ns-material/esm/Skate
boardingSharp.js 
(1:0): Module level 
directives cause 
errors when bundled, 
"use client" in "node
_modules/@mui/icons-m
aterial/esm/Skateboar
dingSharp.js" was 
ignored.
node_modules/@mui/ico
ns-material/esm/SkipN
extRounded.js (1:0): 
Module level 
directives cause 
errors when bundled, 
"use client" in "node
_modules/@mui/icons-m
aterial/esm/SkipNextR
ounded.js" was 
ignored.
node_modules/@mui/ico
ns-material/esm/SkipN
extSharp.js (1:0): 
Module level 
directives cause 
errors when bundled, 
"use client" in "node
_modules/@mui/icons-m
aterial/esm/SkipNextS
harp.js" was ignored.
node_modules/@mui/ico
ns-material/esm/SkipN
extTwoTone.js (1:0): 
Module level 
directives cause 
errors when bundled, 
"use client" in "node
_modules/@mui/icons-m
aterial/esm/SkipNextT
woTone.js" was 
ignored.
node_modules/@mui/ico
ns-material/esm/SkipN
extOutlined.js 
(1:0): Module level 
directives cause 
errors when bundled, 
"use client" in "node
_modules/@mui/icons-m
aterial/esm/SkipNextO
utlined.js" was 
ignored.
node_modules/@mui/ico
ns-material/esm/SkipP
revious.js (1:0): 
Module level 
directives cause 
errors when bundled, 
"use client" in "node
_modules/@mui/icons-m
aterial/esm/SkipPrevi
ous.js" was ignored.
node_modules/@mui/ico
ns-material/esm/SkipP
reviousRounded.js 
(1:0): Module level 
directives cause 
errors when bundled, 
"use client" in "node
_modules/@mui/icons-m
aterial/esm/SkipPrevi
ousRounded.js" was 
ignored.
node_modules/@mui/ico
ns-material/esm/SkipP
reviousTwoTone.js 
(1:0): Module level 
directives cause 
errors when bundled, 
"use client" in "node
_modules/@mui/icons-m
aterial/esm/SkipPrevi
ousTwoTone.js" was 
ignored.
node_modules/@mui/ico
ns-material/esm/SkipP
reviousSharp.js 
(1:0): Module level 
directives cause 
errors when bundled, 
"use client" in "node
_modules/@mui/icons-m
aterial/esm/SkipPrevi
ousSharp.js" was 
ignored.
node_modules/@mui/ico
ns-material/esm/Sledd
ing.js (1:0): Module 
level directives 
cause errors when 
bundled, "use 
client" in "node_modu
les/@mui/icons-materi
al/esm/Sledding.js" 
was ignored.
node_modules/@mui/ico
ns-material/esm/SkipP
reviousOutlined.js 
(1:0): Module level 
directives cause 
errors when bundled, 
"use client" in "node
_modules/@mui/icons-m
aterial/esm/SkipPrevi
ousOutlined.js" was 
ignored.
node_modules/@mui/ico
ns-material/esm/Sledd
ingSharp.js (1:0): 
Module level 
directives cause 
errors when bundled, 
"use client" in "node
_modules/@mui/icons-m
aterial/esm/SleddingS
harp.js" was ignored.
node_modules/@mui/ico
ns-material/esm/Sledd
ingRounded.js (1:0): 
Module level 
directives cause 
errors when bundled, 
"use client" in "node
_modules/@mui/icons-m
aterial/esm/SleddingR
ounded.js" was 
ignored.
node_modules/@mui/ico
ns-material/esm/Sledd
ingTwoTone.js (1:0): 
Module level 
directives cause 
errors when bundled, 
"use client" in "node
_modules/@mui/icons-m
aterial/esm/SleddingT
woTone.js" was 
ignored.
node_modules/@mui/ico
ns-material/esm/Slide
show.js (1:0): 
Module level 
directives cause 
errors when bundled, 
"use client" in "node
_modules/@mui/icons-m
aterial/esm/Slideshow
.js" was ignored.
node_modules/@mui/ico
ns-material/esm/Slide
showRounded.js 
(1:0): Module level 
directives cause 
errors when bundled, 
"use client" in "node
_modules/@mui/icons-m
aterial/esm/Slideshow
Rounded.js" was 
ignored.
node_modules/@mui/ico
ns-material/esm/Sledd
ingOutlined.js 
(1:0): Module level 
directives cause 
errors when bundled, 
"use client" in "node
_modules/@mui/icons-m
aterial/esm/SleddingO
utlined.js" was 
ignored.
node_modules/@mui/ico
ns-material/esm/Slide
showTwoTone.js 
(1:0): Module level 
directives cause 
errors when bundled, 
"use client" in "node
_modules/@mui/icons-m
aterial/esm/Slideshow
TwoTone.js" was 
ignored.
node_modules/@mui/ico
ns-material/esm/Slide
showSharp.js (1:0): 
Module level 
directives cause 
errors when bundled, 
"use client" in "node
_modules/@mui/icons-m
aterial/esm/Slideshow
Sharp.js" was 
ignored.
node_modules/@mui/ico
ns-material/esm/SlowM
otionVideo.js (1:0): 
Module level 
directives cause 
errors when bundled, 
"use client" in "node
_modules/@mui/icons-m
aterial/esm/SlowMotio
nVideo.js" was 
ignored.
node_modules/@mui/ico
ns-material/esm/Slide
showOutlined.js 
(1:0): Module level 
directives cause 
errors when bundled, 
"use client" in "node
_modules/@mui/icons-m
aterial/esm/Slideshow
Outlined.js" was 
ignored.
node_modules/@mui/ico
ns-material/esm/SlowM
otionVideoSharp.js 
(1:0): Module level 
directives cause 
errors when bundled, 
"use client" in "node
_modules/@mui/icons-m
aterial/esm/SlowMotio
nVideoSharp.js" was 
ignored.
node_modules/@mui/ico
ns-material/esm/SlowM
otionVideoRounded.js 
(1:0): Module level 
directives cause 
errors when bundled, 
"use client" in "node
_modules/@mui/icons-m
aterial/esm/SlowMotio
nVideoRounded.js" 
was ignored.
node_modules/@mui/ico
ns-material/esm/SlowM
otionVideoOutlined.js
 (1:0): Module level 
directives cause 
errors when bundled, 
"use client" in "node
_modules/@mui/icons-m
aterial/esm/SlowMotio
nVideoOutlined.js" 
was ignored.
node_modules/@mui/ico
ns-material/esm/Smart
Button.js (1:0): 
Module level 
directives cause 
errors when bundled, 
"use client" in "node
_modules/@mui/icons-m
aterial/esm/SmartButt
on.js" was ignored.
node_modules/@mui/ico
ns-material/esm/SlowM
otionVideoTwoTone.js 
(1:0): Module level 
directives cause 
errors when bundled, 
"use client" in "node
_modules/@mui/icons-m
aterial/esm/SlowMotio
nVideoTwoTone.js" 
was ignored.
node_modules/@mui/ico
ns-material/esm/Smart
ButtonOutlined.js 
(1:0): Module level 
directives cause 
errors when bundled, 
"use client" in "node
_modules/@mui/icons-m
aterial/esm/SmartButt
onOutlined.js" was 
ignored.
node_modules/@mui/ico
ns-material/esm/Smart
ButtonSharp.js 
(1:0): Module level 
directives cause 
errors when bundled, 
"use client" in "node
_modules/@mui/icons-m
aterial/esm/SmartButt
onSharp.js" was 
ignored.
node_modules/@mui/ico
ns-material/esm/Smart
ButtonRounded.js 
(1:0): Module level 
directives cause 
errors when bundled, 
"use client" in "node
_modules/@mui/icons-m
aterial/esm/SmartButt
onRounded.js" was 
ignored.
node_modules/@mui/ico
ns-material/esm/Smart
ButtonTwoTone.js 
(1:0): Module level 
directives cause 
errors when bundled, 
"use client" in "node
_modules/@mui/icons-m
aterial/esm/SmartButt
onTwoTone.js" was 
ignored.
node_modules/@mui/ico
ns-material/esm/Smart
DisplayOutlined.js 
(1:0): Module level 
directives cause 
errors when bundled, 
"use client" in "node
_modules/@mui/icons-m
aterial/esm/SmartDisp
layOutlined.js" was 
ignored.
node_modules/@mui/ico
ns-material/esm/Smart
Display.js (1:0): 
Module level 
directives cause 
errors when bundled, 
"use client" in "node
_modules/@mui/icons-m
aterial/esm/SmartDisp
lay.js" was ignored.
node_modules/@mui/ico
ns-material/esm/Smart
DisplayRounded.js 
(1:0): Module level 
directives cause 
errors when bundled, 
"use client" in "node
_modules/@mui/icons-m
aterial/esm/SmartDisp
layRounded.js" was 
ignored.
node_modules/@mui/ico
ns-material/esm/Smart
DisplaySharp.js 
(1:0): Module level 
directives cause 
errors when bundled, 
"use client" in "node
_modules/@mui/icons-m
aterial/esm/SmartDisp
laySharp.js" was 
ignored.
node_modules/@mui/ico
ns-material/esm/Smart
DisplayTwoTone.js 
(1:0): Module level 
directives cause 
errors when bundled, 
"use client" in "node
_modules/@mui/icons-m
aterial/esm/SmartDisp
layTwoTone.js" was 
ignored.
node_modules/@mui/ico
ns-material/esm/Smart
Screen.js (1:0): 
Module level 
directives cause 
errors when bundled, 
"use client" in "node
_modules/@mui/icons-m
aterial/esm/SmartScre
en.js" was ignored.
node_modules/@mui/ico
ns-material/esm/Smart
ScreenOutlined.js 
(1:0): Module level 
directives cause 
errors when bundled, 
"use client" in "node
_modules/@mui/icons-m
aterial/esm/SmartScre
enOutlined.js" was 
ignored.
node_modules/@mui/ico
ns-material/esm/Smart
ScreenSharp.js 
(1:0): Module level 
directives cause 
errors when bundled, 
"use client" in "node
_modules/@mui/icons-m
aterial/esm/SmartScre
enSharp.js" was 
ignored.
node_modules/@mui/ico
ns-material/esm/Smart
ScreenRounded.js 
(1:0): Module level 
directives cause 
errors when bundled, 
"use client" in "node
_modules/@mui/icons-m
aterial/esm/SmartScre
enRounded.js" was 
ignored.
node_modules/@mui/ico
ns-material/esm/Smart
Toy.js (1:0): Module 
level directives 
cause errors when 
bundled, "use 
client" in "node_modu
les/@mui/icons-materi
al/esm/SmartToy.js" 
was ignored.
node_modules/@mui/ico
ns-material/esm/Smart
ScreenTwoTone.js 
(1:0): Module level 
directives cause 
errors when bundled, 
"use client" in "node
_modules/@mui/icons-m
aterial/esm/SmartScre
enTwoTone.js" was 
ignored.
node_modules/@mui/ico
ns-material/esm/Smart
ToyOutlined.js 
(1:0): Module level 
directives cause 
errors when bundled, 
"use client" in "node
_modules/@mui/icons-m
aterial/esm/SmartToyO
utlined.js" was 
ignored.
node_modules/@mui/ico
ns-material/esm/Smart
ToySharp.js (1:0): 
Module level 
directives cause 
errors when bundled, 
"use client" in "node
_modules/@mui/icons-m
aterial/esm/SmartToyS
harp.js" was ignored.
node_modules/@mui/ico
ns-material/esm/Smart
ToyRounded.js (1:0): 
Module level 
directives cause 
errors when bundled, 
"use client" in "node
_modules/@mui/icons-m
aterial/esm/SmartToyR
ounded.js" was 
ignored.
node_modules/@mui/ico
ns-material/esm/Smart
phone.js (1:0): 
Module level 
directives cause 
errors when bundled, 
"use client" in "node
_modules/@mui/icons-m
aterial/esm/Smartphon
e.js" was ignored.
node_modules/@mui/ico
ns-material/esm/Smart
ToyTwoTone.js (1:0): 
Module level 
directives cause 
errors when bundled, 
"use client" in "node
_modules/@mui/icons-m
aterial/esm/SmartToyT
woTone.js" was 
ignored.
node_modules/@mui/ico
ns-material/esm/Smart
phoneOutlined.js 
(1:0): Module level 
directives cause 
errors when bundled, 
"use client" in "node
_modules/@mui/icons-m
aterial/esm/Smartphon
eOutlined.js" was 
ignored.
node_modules/@mui/ico
ns-material/esm/Smart
phoneSharp.js (1:0): 
Module level 
directives cause 
errors when bundled, 
"use client" in "node
_modules/@mui/icons-m
aterial/esm/Smartphon
eSharp.js" was 
ignored.
node_modules/@mui/ico
ns-material/esm/Smart
phoneRounded.js 
(1:0): Module level 
directives cause 
errors when bundled, 
"use client" in "node
_modules/@mui/icons-m
aterial/esm/Smartphon
eRounded.js" was 
ignored.
node_modules/@mui/ico
ns-material/esm/Smoke
Free.js (1:0): 
Module level 
directives cause 
errors when bundled, 
"use client" in "node
_modules/@mui/icons-m
aterial/esm/SmokeFree
.js" was ignored.
node_modules/@mui/ico
ns-material/esm/Smart
phoneTwoTone.js 
(1:0): Module level 
directives cause 
errors when bundled, 
"use client" in "node
_modules/@mui/icons-m
aterial/esm/Smartphon
eTwoTone.js" was 
ignored.
node_modules/@mui/ico
ns-material/esm/Smoke
FreeOutlined.js 
(1:0): Module level 
directives cause 
errors when bundled, 
"use client" in "node
_modules/@mui/icons-m
aterial/esm/SmokeFree
Outlined.js" was 
ignored.
node_modules/@mui/ico
ns-material/esm/Smoke
FreeRounded.js 
(1:0): Module level 
directives cause 
errors when bundled, 
"use client" in "node
_modules/@mui/icons-m
aterial/esm/SmokeFree
Rounded.js" was 
ignored.
node_modules/@mui/ico
ns-material/esm/Smoke
FreeSharp.js (1:0): 
Module level 
directives cause 
errors when bundled, 
"use client" in "node
_modules/@mui/icons-m
aterial/esm/SmokeFree
Sharp.js" was 
ignored.
node_modules/@mui/ico
ns-material/esm/Smoki
ngRooms.js (1:0): 
Module level 
directives cause 
errors when bundled, 
"use client" in "node
_modules/@mui/icons-m
aterial/esm/SmokingRo
oms.js" was ignored.
node_modules/@mui/ico
ns-material/esm/Smoke
FreeTwoTone.js 
(1:0): Module level 
directives cause 
errors when bundled, 
"use client" in "node
_modules/@mui/icons-m
aterial/esm/SmokeFree
TwoTone.js" was 
ignored.
node_modules/@mui/ico
ns-material/esm/Smoki
ngRoomsOutlined.js 
(1:0): Module level 
directives cause 
errors when bundled, 
"use client" in "node
_modules/@mui/icons-m
aterial/esm/SmokingRo
omsOutlined.js" was 
ignored.
node_modules/@mui/ico
ns-material/esm/Smoki
ngRoomsRounded.js 
(1:0): Module level 
directives cause 
errors when bundled, 
"use client" in "node
_modules/@mui/icons-m
aterial/esm/SmokingRo
omsRounded.js" was 
ignored.
node_modules/@mui/ico
ns-material/esm/Smoki
ngRoomsSharp.js 
(1:0): Module level 
directives cause 
errors when bundled, 
"use client" in "node
_modules/@mui/icons-m
aterial/esm/SmokingRo
omsSharp.js" was 
ignored.
node_modules/@mui/ico
ns-material/esm/Smoki
ngRoomsTwoTone.js 
(1:0): Module level 
directives cause 
errors when bundled, 
"use client" in "node
_modules/@mui/icons-m
aterial/esm/SmokingRo
omsTwoTone.js" was 
ignored.
node_modules/@mui/ico
ns-material/esm/SmsFa
iled.js (1:0): 
Module level 
directives cause 
errors when bundled, 
"use client" in "node
_modules/@mui/icons-m
aterial/esm/SmsFailed
.js" was ignored.
node_modules/@mui/ico
ns-material/esm/SmsFa
iledSharp.js (1:0): 
Module level 
directives cause 
errors when bundled, 
"use client" in "node
_modules/@mui/icons-m
aterial/esm/SmsFailed
Sharp.js" was 
ignored.
node_modules/@mui/ico
ns-material/esm/SmsFa
iledTwoTone.js 
(1:0): Module level 
directives cause 
errors when bundled, 
"use client" in "node
_modules/@mui/icons-m
aterial/esm/SmsFailed
TwoTone.js" was 
ignored.
node_modules/@mui/ico
ns-material/esm/SmsOu
tlined.js (1:0): 
Module level 
directives cause 
errors when bundled, 
"use client" in "node
_modules/@mui/icons-m
aterial/esm/SmsOutlin
ed.js" was ignored.
node_modules/@mui/ico
ns-material/esm/SmsRo
unded.js (1:0): 
Module level 
directives cause 
errors when bundled, 
"use client" in "node
_modules/@mui/icons-m
aterial/esm/SmsRounde
d.js" was ignored.
node_modules/@mui/ico
ns-material/esm/SmsSh
arp.js (1:0): Module 
level directives 
cause errors when 
bundled, "use 
client" in "node_modu
les/@mui/icons-materi
al/esm/SmsSharp.js" 
was ignored.
node_modules/@mui/ico
ns-material/esm/SmsFa
iledOutlined.js 
(1:0): Module level 
directives cause 
errors when bundled, 
"use client" in "node
_modules/@mui/icons-m
aterial/esm/SmsFailed
Outlined.js" was 
ignored.
node_modules/@mui/ico
ns-material/esm/SmsTw
oTone.js (1:0): 
Module level 
directives cause 
errors when bundled, 
"use client" in "node
_modules/@mui/icons-m
aterial/esm/SmsTwoTon
e.js" was ignored.
node_modules/@mui/ico
ns-material/esm/Snipp
etFolderOutlined.js 
(1:0): Module level 
directives cause 
errors when bundled, 
"use client" in "node
_modules/@mui/icons-m
aterial/esm/SnippetFo
lderOutlined.js" was 
ignored.
node_modules/@mui/ico
ns-material/esm/Snipp
etFolder.js (1:0): 
Module level 
directives cause 
errors when bundled, 
"use client" in "node
_modules/@mui/icons-m
aterial/esm/SnippetFo
lder.js" was ignored.
node_modules/@mui/ico
ns-material/esm/Snipp
etFolderRounded.js 
(1:0): Module level 
directives cause 
errors when bundled, 
"use client" in "node
_modules/@mui/icons-m
aterial/esm/SnippetFo
lderRounded.js" was 
ignored.
node_modules/@mui/ico
ns-material/esm/Snipp
etFolderTwoTone.js 
(1:0): Module level 
directives cause 
errors when bundled, 
"use client" in "node
_modules/@mui/icons-m
aterial/esm/SnippetFo
lderTwoTone.js" was 
ignored.
node_modules/@mui/ico
ns-material/esm/Snooz
e.js (1:0): Module 
level directives 
cause errors when 
bundled, "use 
client" in "node_modu
les/@mui/icons-materi
al/esm/Snooze.js" 
was ignored.
node_modules/@mui/ico
ns-material/esm/SmsFa
iledRounded.js 
(1:0): Module level 
directives cause 
errors when bundled, 
"use client" in "node
_modules/@mui/icons-m
aterial/esm/SmsFailed
Rounded.js" was 
ignored.
node_modules/@mui/ico
ns-material/esm/Sms.j
s (1:0): Module 
level directives 
cause errors when 
bundled, "use 
client" in "node_modu
les/@mui/icons-materi
al/esm/Sms.js" was 
ignored.
node_modules/@mui/ico
ns-material/esm/Snooz
eOutlined.js (1:0): 
Module level 
directives cause 
errors when bundled, 
"use client" in "node
_modules/@mui/icons-m
aterial/esm/SnoozeOut
lined.js" was 
ignored.
node_modules/@mui/ico
ns-material/esm/Snipp
etFolderSharp.js 
(1:0): Module level 
directives cause 
errors when bundled, 
"use client" in "node
_modules/@mui/icons-m
aterial/esm/SnippetFo
lderSharp.js" was 
ignored.
node_modules/@mui/ico
ns-material/esm/Snooz
eRounded.js (1:0): 
Module level 
directives cause 
errors when bundled, 
"use client" in "node
_modules/@mui/icons-m
aterial/esm/SnoozeRou
nded.js" was ignored.
node_modules/@mui/ico
ns-material/esm/Snooz
eSharp.js (1:0): 
Module level 
directives cause 
errors when bundled, 
"use client" in "node
_modules/@mui/icons-m
aterial/esm/SnoozeSha
rp.js" was ignored.
node_modules/@mui/ico
ns-material/esm/Snowb
oarding.js (1:0): 
Module level 
directives cause 
errors when bundled, 
"use client" in "node
_modules/@mui/icons-m
aterial/esm/Snowboard
ing.js" was ignored.
node_modules/@mui/ico
ns-material/esm/Snooz
eTwoTone.js (1:0): 
Module level 
directives cause 
errors when bundled, 
"use client" in "node
_modules/@mui/icons-m
aterial/esm/SnoozeTwo
Tone.js" was ignored.
node_modules/@mui/ico
ns-material/esm/Snowb
oardingOutlined.js 
(1:0): Module level 
directives cause 
errors when bundled, 
"use client" in "node
_modules/@mui/icons-m
aterial/esm/Snowboard
ingOutlined.js" was 
ignored.
node_modules/@mui/ico
ns-material/esm/Snowb
oardingRounded.js 
(1:0): Module level 
directives cause 
errors when bundled, 
"use client" in "node
_modules/@mui/icons-m
aterial/esm/Snowboard
ingRounded.js" was 
ignored.
node_modules/@mui/ico
ns-material/esm/Snowb
oardingSharp.js 
(1:0): Module level 
directives cause 
errors when bundled, 
"use client" in "node
_modules/@mui/icons-m
aterial/esm/Snowboard
ingSharp.js" was 
ignored.
node_modules/@mui/ico
ns-material/esm/Snowb
oardingTwoTone.js 
(1:0): Module level 
directives cause 
errors when bundled, 
"use client" in "node
_modules/@mui/icons-m
aterial/esm/Snowboard
ingTwoTone.js" was 
ignored.
node_modules/@mui/ico
ns-material/esm/Snowm
obile.js (1:0): 
Module level 
directives cause 
errors when bundled, 
"use client" in "node
_modules/@mui/icons-m
aterial/esm/Snowmobil
e.js" was ignored.
node_modules/@mui/ico
ns-material/esm/Snowm
obileOutlined.js 
(1:0): Module level 
directives cause 
errors when bundled, 
"use client" in "node
_modules/@mui/icons-m
aterial/esm/Snowmobil
eOutlined.js" was 
ignored.
node_modules/@mui/ico
ns-material/esm/Snowm
obileRounded.js 
(1:0): Module level 
directives cause 
errors when bundled, 
"use client" in "node
_modules/@mui/icons-m
aterial/esm/Snowmobil
eRounded.js" was 
ignored.
node_modules/@mui/ico
ns-material/esm/Snows
hoeing.js (1:0): 
Module level 
directives cause 
errors when bundled, 
"use client" in "node
_modules/@mui/icons-m
aterial/esm/Snowshoei
ng.js" was ignored.
node_modules/@mui/ico
ns-material/esm/Snows
hoeingOutlined.js 
(1:0): Module level 
directives cause 
errors when bundled, 
"use client" in "node
_modules/@mui/icons-m
aterial/esm/Snowshoei
ngOutlined.js" was 
ignored.
node_modules/@mui/ico
ns-material/esm/Snowm
obileSharp.js (1:0): 
Module level 
directives cause 
errors when bundled, 
"use client" in "node
_modules/@mui/icons-m
aterial/esm/Snowmobil
eSharp.js" was 
ignored.
node_modules/@mui/ico
ns-material/esm/Snowm
obileTwoTone.js 
(1:0): Module level 
directives cause 
errors when bundled, 
"use client" in "node
_modules/@mui/icons-m
aterial/esm/Snowmobil
eTwoTone.js" was 
ignored.
node_modules/@mui/ico
ns-material/esm/Snows
hoeingRounded.js 
(1:0): Module level 
directives cause 
errors when bundled, 
"use client" in "node
_modules/@mui/icons-m
aterial/esm/Snowshoei
ngRounded.js" was 
ignored.
node_modules/@mui/ico
ns-material/esm/Soap.
js (1:0): Module 
level directives 
cause errors when 
bundled, "use 
client" in "node_modu
les/@mui/icons-materi
al/esm/Soap.js" was 
ignored.
node_modules/@mui/ico
ns-material/esm/Snows
hoeingSharp.js 
(1:0): Module level 
directives cause 
errors when bundled, 
"use client" in "node
_modules/@mui/icons-m
aterial/esm/Snowshoei
ngSharp.js" was 
ignored.
node_modules/@mui/ico
ns-material/esm/Snows
hoeingTwoTone.js 
(1:0): Module level 
directives cause 
errors when bundled, 
"use client" in "node
_modules/@mui/icons-m
aterial/esm/Snowshoei
ngTwoTone.js" was 
ignored.
node_modules/@mui/ico
ns-material/esm/SoapO
utlined.js (1:0): 
Module level 
directives cause 
errors when bundled, 
"use client" in "node
_modules/@mui/icons-m
aterial/esm/SoapOutli
ned.js" was ignored.
node_modules/@mui/ico
ns-material/esm/SoapS
harp.js (1:0): 
Module level 
directives cause 
errors when bundled, 
"use client" in "node
_modules/@mui/icons-m
aterial/esm/SoapSharp
.js" was ignored.
node_modules/@mui/ico
ns-material/esm/SoapR
ounded.js (1:0): 
Module level 
directives cause 
errors when bundled, 
"use client" in "node
_modules/@mui/icons-m
aterial/esm/SoapRound
ed.js" was ignored.
node_modules/@mui/ico
ns-material/esm/SoapT
woTone.js (1:0): 
Module level 
directives cause 
errors when bundled, 
"use client" in "node
_modules/@mui/icons-m
aterial/esm/SoapTwoTo
ne.js" was ignored.
node_modules/@mui/ico
ns-material/esm/Socia
lDistance.js (1:0): 
Module level 
directives cause 
errors when bundled, 
"use client" in "node
_modules/@mui/icons-m
aterial/esm/SocialDis
tance.js" was 
ignored.
node_modules/@mui/ico
ns-material/esm/Socia
lDistanceOutlined.js 
(1:0): Module level 
directives cause 
errors when bundled, 
"use client" in "node
_modules/@mui/icons-m
aterial/esm/SocialDis
tanceOutlined.js" 
was ignored.
node_modules/@mui/ico
ns-material/esm/Socia
lDistanceRounded.js 
(1:0): Module level 
directives cause 
errors when bundled, 
"use client" in "node
_modules/@mui/icons-m
aterial/esm/SocialDis
tanceRounded.js" was 
ignored.
node_modules/@mui/ico
ns-material/esm/Socia
lDistanceSharp.js 
(1:0): Module level 
directives cause 
errors when bundled, 
"use client" in "node
_modules/@mui/icons-m
aterial/esm/SocialDis
tanceSharp.js" was 
ignored.
node_modules/@mui/ico
ns-material/esm/Socia
lDistanceTwoTone.js 
(1:0): Module level 
directives cause 
errors when bundled, 
"use client" in "node
_modules/@mui/icons-m
aterial/esm/SocialDis
tanceTwoTone.js" was 
ignored.
node_modules/@mui/ico
ns-material/esm/Solar
PowerOutlined.js 
(1:0): Module level 
directives cause 
errors when bundled, 
"use client" in "node
_modules/@mui/icons-m
aterial/esm/SolarPowe
rOutlined.js" was 
ignored.
node_modules/@mui/ico
ns-material/esm/Solar
Power.js (1:0): 
Module level 
directives cause 
errors when bundled, 
"use client" in "node
_modules/@mui/icons-m
aterial/esm/SolarPowe
r.js" was ignored.
node_modules/@mui/ico
ns-material/esm/Solar
PowerRounded.js 
(1:0): Module level 
directives cause 
errors when bundled, 
"use client" in "node
_modules/@mui/icons-m
aterial/esm/SolarPowe
rRounded.js" was 
ignored.
node_modules/@mui/ico
ns-material/esm/Solar
PowerSharp.js (1:0): 
Module level 
directives cause 
errors when bundled, 
"use client" in "node
_modules/@mui/icons-m
aterial/esm/SolarPowe
rSharp.js" was 
ignored.
node_modules/@mui/ico
ns-material/esm/Sort.
js (1:0): Module 
level directives 
cause errors when 
bundled, "use 
client" in "node_modu
les/@mui/icons-materi
al/esm/Sort.js" was 
ignored.
node_modules/@mui/ico
ns-material/esm/Solar
PowerTwoTone.js 
(1:0): Module level 
directives cause 
errors when bundled, 
"use client" in "node
_modules/@mui/icons-m
aterial/esm/SolarPowe
rTwoTone.js" was 
ignored.
node_modules/@mui/ico
ns-material/esm/SortB
yAlpha.js (1:0): 
Module level 
directives cause 
errors when bundled, 
"use client" in "node
_modules/@mui/icons-m
aterial/esm/SortByAlp
ha.js" was ignored.
node_modules/@mui/ico
ns-material/esm/SortB
yAlphaOutlined.js 
(1:0): Module level 
directives cause 
errors when bundled, 
"use client" in "node
_modules/@mui/icons-m
aterial/esm/SortByAlp
haOutlined.js" was 
ignored.
node_modules/@mui/ico
ns-material/esm/SortB
yAlphaRounded.js 
(1:0): Module level 
directives cause 
errors when bundled, 
"use client" in "node
_modules/@mui/icons-m
aterial/esm/SortByAlp
haRounded.js" was 
ignored.
node_modules/@mui/ico
ns-material/esm/SortB
yAlphaSharp.js 
(1:0): Module level 
directives cause 
errors when bundled, 
"use client" in "node
_modules/@mui/icons-m
aterial/esm/SortByAlp
haSharp.js" was 
ignored.
node_modules/@mui/ico
ns-material/esm/SortB
yAlphaTwoTone.js 
(1:0): Module level 
directives cause 
errors when bundled, 
"use client" in "node
_modules/@mui/icons-m
aterial/esm/SortByAlp
haTwoTone.js" was 
ignored.
node_modules/@mui/ico
ns-material/esm/SortO
utlined.js (1:0): 
Module level 
directives cause 
errors when bundled, 
"use client" in "node
_modules/@mui/icons-m
aterial/esm/SortOutli
ned.js" was ignored.
node_modules/@mui/ico
ns-material/esm/SortR
ounded.js (1:0): 
Module level 
directives cause 
errors when bundled, 
"use client" in "node
_modules/@mui/icons-m
aterial/esm/SortRound
ed.js" was ignored.
node_modules/@mui/ico
ns-material/esm/SortS
harp.js (1:0): 
Module level 
directives cause 
errors when bundled, 
"use client" in "node
_modules/@mui/icons-m
aterial/esm/SortSharp
.js" was ignored.
node_modules/@mui/ico
ns-material/esm/SortT
woTone.js (1:0): 
Module level 
directives cause 
errors when bundled, 
"use client" in "node
_modules/@mui/icons-m
aterial/esm/SortTwoTo
ne.js" was ignored.
node_modules/@mui/ico
ns-material/esm/SosOu
tlined.js (1:0): 
Module level 
directives cause 
errors when bundled, 
"use client" in "node
_modules/@mui/icons-m
aterial/esm/SosOutlin
ed.js" was ignored.
node_modules/@mui/ico
ns-material/esm/Sos.j
s (1:0): Module 
level directives 
cause errors when 
bundled, "use 
client" in "node_modu
les/@mui/icons-materi
al/esm/Sos.js" was 
ignored.
node_modules/@mui/ico
ns-material/esm/SosRo
unded.js (1:0): 
Module level 
directives cause 
errors when bundled, 
"use client" in "node
_modules/@mui/icons-m
aterial/esm/SosRounde
d.js" was ignored.
node_modules/@mui/ico
ns-material/esm/SosSh
arp.js (1:0): Module 
level directives 
cause errors when 
bundled, "use 
client" in "node_modu
les/@mui/icons-materi
al/esm/SosSharp.js" 
was ignored.
node_modules/@mui/ico
ns-material/esm/SosTw
oTone.js (1:0): 
Module level 
directives cause 
errors when bundled, 
"use client" in "node
_modules/@mui/icons-m
aterial/esm/SosTwoTon
e.js" was ignored.
node_modules/@mui/ico
ns-material/esm/SoupK
itchen.js (1:0): 
Module level 
directives cause 
errors when bundled, 
"use client" in "node
_modules/@mui/icons-m
aterial/esm/SoupKitch
en.js" was ignored.
node_modules/@mui/ico
ns-material/esm/SoupK
itchenOutlined.js 
(1:0): Module level 
directives cause 
errors when bundled, 
"use client" in "node
_modules/@mui/icons-m
aterial/esm/SoupKitch
enOutlined.js" was 
ignored.
node_modules/@mui/ico
ns-material/esm/SoupK
itchenRounded.js 
(1:0): Module level 
directives cause 
errors when bundled, 
"use client" in "node
_modules/@mui/icons-m
aterial/esm/SoupKitch
enRounded.js" was 
ignored.
node_modules/@mui/ico
ns-material/esm/SoupK
itchenSharp.js 
(1:0): Module level 
directives cause 
errors when bundled, 
"use client" in "node
_modules/@mui/icons-m
aterial/esm/SoupKitch
enSharp.js" was 
ignored.
node_modules/@mui/ico
ns-material/esm/SoupK
itchenTwoTone.js 
(1:0): Module level 
directives cause 
errors when bundled, 
"use client" in "node
_modules/@mui/icons-m
aterial/esm/SoupKitch
enTwoTone.js" was 
ignored.
node_modules/@mui/ico
ns-material/esm/Sourc
e.js (1:0): Module 
level directives 
cause errors when 
bundled, "use 
client" in "node_modu
les/@mui/icons-materi
al/esm/Source.js" 
was ignored.
node_modules/@mui/ico
ns-material/esm/Sourc
eOutlined.js (1:0): 
Module level 
directives cause 
errors when bundled, 
"use client" in "node
_modules/@mui/icons-m
aterial/esm/SourceOut
lined.js" was 
ignored.
node_modules/@mui/ico
ns-material/esm/Sourc
eRounded.js (1:0): 
Module level 
directives cause 
errors when bundled, 
"use client" in "node
_modules/@mui/icons-m
aterial/esm/SourceRou
nded.js" was ignored.
node_modules/@mui/ico
ns-material/esm/Sourc
eSharp.js (1:0): 
Module level 
directives cause 
errors when bundled, 
"use client" in "node
_modules/@mui/icons-m
aterial/esm/SourceSha
rp.js" was ignored.
node_modules/@mui/ico
ns-material/esm/Sourc
eTwoTone.js (1:0): 
Module level 
directives cause 
errors when bundled, 
"use client" in "node
_modules/@mui/icons-m
aterial/esm/SourceTwo
Tone.js" was ignored.
node_modules/@mui/ico
ns-material/esm/South
.js (1:0): Module 
level directives 
cause errors when 
bundled, "use 
client" in "node_modu
les/@mui/icons-materi
al/esm/South.js" was 
ignored.
node_modules/@mui/ico
ns-material/esm/South
America.js (1:0): 
Module level 
directives cause 
errors when bundled, 
"use client" in "node
_modules/@mui/icons-m
aterial/esm/SouthAmer
ica.js" was ignored.
node_modules/@mui/ico
ns-material/esm/South
AmericaOutlined.js 
(1:0): Module level 
directives cause 
errors when bundled, 
"use client" in "node
_modules/@mui/icons-m
aterial/esm/SouthAmer
icaOutlined.js" was 
ignored.
node_modules/@mui/ico
ns-material/esm/South
AmericaRounded.js 
(1:0): Module level 
directives cause 
errors when bundled, 
"use client" in "node
_modules/@mui/icons-m
aterial/esm/SouthAmer
icaRounded.js" was 
ignored.
node_modules/@mui/ico
ns-material/esm/South
AmericaSharp.js 
(1:0): Module level 
directives cause 
errors when bundled, 
"use client" in "node
_modules/@mui/icons-m
aterial/esm/SouthAmer
icaSharp.js" was 
ignored.
node_modules/@mui/ico
ns-material/esm/South
AmericaTwoTone.js 
(1:0): Module level 
directives cause 
errors when bundled, 
"use client" in "node
_modules/@mui/icons-m
aterial/esm/SouthAmer
icaTwoTone.js" was 
ignored.
node_modules/@mui/ico
ns-material/esm/South
East.js (1:0): 
Module level 
directives cause 
errors when bundled, 
"use client" in "node
_modules/@mui/icons-m
aterial/esm/SouthEast
.js" was ignored.
node_modules/@mui/ico
ns-material/esm/South
EastOutlined.js 
(1:0): Module level 
directives cause 
errors when bundled, 
"use client" in "node
_modules/@mui/icons-m
aterial/esm/SouthEast
Outlined.js" was 
ignored.
node_modules/@mui/ico
ns-material/esm/South
EastRounded.js 
(1:0): Module level 
directives cause 
errors when bundled, 
"use client" in "node
_modules/@mui/icons-m
aterial/esm/SouthEast
Rounded.js" was 
ignored.
node_modules/@mui/ico
ns-material/esm/South
EastSharp.js (1:0): 
Module level 
directives cause 
errors when bundled, 
"use client" in "node
_modules/@mui/icons-m
aterial/esm/SouthEast
Sharp.js" was 
ignored.
node_modules/@mui/ico
ns-material/esm/South
Outlined.js (1:0): 
Module level 
directives cause 
errors when bundled, 
"use client" in "node
_modules/@mui/icons-m
aterial/esm/SouthOutl
ined.js" was ignored.
node_modules/@mui/ico
ns-material/esm/South
EastTwoTone.js 
(1:0): Module level 
directives cause 
errors when bundled, 
"use client" in "node
_modules/@mui/icons-m
aterial/esm/SouthEast
TwoTone.js" was 
ignored.
node_modules/@mui/ico
ns-material/esm/South
Rounded.js (1:0): 
Module level 
directives cause 
errors when bundled, 
"use client" in "node
_modules/@mui/icons-m
aterial/esm/SouthRoun
ded.js" was ignored.
node_modules/@mui/ico
ns-material/esm/South
Sharp.js (1:0): 
Module level 
directives cause 
errors when bundled, 
"use client" in "node
_modules/@mui/icons-m
aterial/esm/SouthShar
p.js" was ignored.
node_modules/@mui/ico
ns-material/esm/South
TwoTone.js (1:0): 
Module level 
directives cause 
errors when bundled, 
"use client" in "node
_modules/@mui/icons-m
aterial/esm/SouthTwoT
one.js" was ignored.
node_modules/@mui/ico
ns-material/esm/South
West.js (1:0): 
Module level 
directives cause 
errors when bundled, 
"use client" in "node
_modules/@mui/icons-m
aterial/esm/SouthWest
.js" was ignored.
node_modules/@mui/ico
ns-material/esm/South
WestOutlined.js 
(1:0): Module level 
directives cause 
errors when bundled, 
"use client" in "node
_modules/@mui/icons-m
aterial/esm/SouthWest
Outlined.js" was 
ignored.
node_modules/@mui/ico
ns-material/esm/South
WestRounded.js 
(1:0): Module level 
directives cause 
errors when bundled, 
"use client" in "node
_modules/@mui/icons-m
aterial/esm/SouthWest
Rounded.js" was 
ignored.
node_modules/@mui/ico
ns-material/esm/South
WestSharp.js (1:0): 
Module level 
directives cause 
errors when bundled, 
"use client" in "node
_modules/@mui/icons-m
aterial/esm/SouthWest
Sharp.js" was 
ignored.
node_modules/@mui/ico
ns-material/esm/Spa.j
s (1:0): Module 
level directives 
cause errors when 
bundled, "use 
client" in "node_modu
les/@mui/icons-materi
al/esm/Spa.js" was 
ignored.
node_modules/@mui/ico
ns-material/esm/South
WestTwoTone.js 
(1:0): Module level 
directives cause 
errors when bundled, 
"use client" in "node
_modules/@mui/icons-m
aterial/esm/SouthWest
TwoTone.js" was 
ignored.
node_modules/@mui/ico
ns-material/esm/SpaOu
tlined.js (1:0): 
Module level 
directives cause 
errors when bundled, 
"use client" in "node
_modules/@mui/icons-m
aterial/esm/SpaOutlin
ed.js" was ignored.
node_modules/@mui/ico
ns-material/esm/SpaRo
unded.js (1:0): 
Module level 
directives cause 
errors when bundled, 
"use client" in "node
_modules/@mui/icons-m
aterial/esm/SpaRounde
d.js" was ignored.
node_modules/@mui/ico
ns-material/esm/SpaSh
arp.js (1:0): Module 
level directives 
cause errors when 
bundled, "use 
client" in "node_modu
les/@mui/icons-materi
al/esm/SpaSharp.js" 
was ignored.
node_modules/@mui/ico
ns-material/esm/SpaTw
oTone.js (1:0): 
Module level 
directives cause 
errors when bundled, 
"use client" in "node
_modules/@mui/icons-m
aterial/esm/SpaTwoTon
e.js" was ignored.
node_modules/@mui/ico
ns-material/esm/Space
Bar.js (1:0): Module 
level directives 
cause errors when 
bundled, "use 
client" in "node_modu
les/@mui/icons-materi
al/esm/SpaceBar.js" 
was ignored.
node_modules/@mui/ico
ns-material/esm/Space
BarOutlined.js 
(1:0): Module level 
directives cause 
errors when bundled, 
"use client" in "node
_modules/@mui/icons-m
aterial/esm/SpaceBarO
utlined.js" was 
ignored.
node_modules/@mui/ico
ns-material/esm/Space
BarRounded.js (1:0): 
Module level 
directives cause 
errors when bundled, 
"use client" in "node
_modules/@mui/icons-m
aterial/esm/SpaceBarR
ounded.js" was 
ignored.
node_modules/@mui/ico
ns-material/esm/Space
BarSharp.js (1:0): 
Module level 
directives cause 
errors when bundled, 
"use client" in "node
_modules/@mui/icons-m
aterial/esm/SpaceBarS
harp.js" was ignored.
node_modules/@mui/ico
ns-material/esm/Space
BarTwoTone.js (1:0): 
Module level 
directives cause 
errors when bundled, 
"use client" in "node
_modules/@mui/icons-m
aterial/esm/SpaceBarT
woTone.js" was 
ignored.
node_modules/@mui/ico
ns-material/esm/Space
Dashboard.js (1:0): 
Module level 
directives cause 
errors when bundled, 
"use client" in "node
_modules/@mui/icons-m
aterial/esm/SpaceDash
board.js" was 
ignored.
node_modules/@mui/ico
ns-material/esm/Space
DashboardOutlined.js 
(1:0): Module level 
directives cause 
errors when bundled, 
"use client" in "node
_modules/@mui/icons-m
aterial/esm/SpaceDash
boardOutlined.js" 
was ignored.
node_modules/@mui/ico
ns-material/esm/Space
DashboardRounded.js 
(1:0): Module level 
directives cause 
errors when bundled, 
"use client" in "node
_modules/@mui/icons-m
aterial/esm/SpaceDash
boardRounded.js" was 
ignored.
node_modules/@mui/ico
ns-material/esm/Space
DashboardSharp.js 
(1:0): Module level 
directives cause 
errors when bundled, 
"use client" in "node
_modules/@mui/icons-m
aterial/esm/SpaceDash
boardSharp.js" was 
ignored.
node_modules/@mui/ico
ns-material/esm/Space
DashboardTwoTone.js 
(1:0): Module level 
directives cause 
errors when bundled, 
"use client" in "node
_modules/@mui/icons-m
aterial/esm/SpaceDash
boardTwoTone.js" was 
ignored.
node_modules/@mui/ico
ns-material/esm/Spati
alAudio.js (1:0): 
Module level 
directives cause 
errors when bundled, 
"use client" in "node
_modules/@mui/icons-m
aterial/esm/SpatialAu
dio.js" was ignored.
node_modules/@mui/ico
ns-material/esm/Spati
alAudioOff.js (1:0): 
Module level 
directives cause 
errors when bundled, 
"use client" in "node
_modules/@mui/icons-m
aterial/esm/SpatialAu
dioOff.js" was 
ignored.
node_modules/@mui/ico
ns-material/esm/Spati
alAudioOffRounded.js 
(1:0): Module level 
directives cause 
errors when bundled, 
"use client" in "node
_modules/@mui/icons-m
aterial/esm/SpatialAu
dioOffRounded.js" 
was ignored.
node_modules/@mui/ico
ns-material/esm/Spati
alAudioOffSharp.js 
(1:0): Module level 
directives cause 
errors when bundled, 
"use client" in "node
_modules/@mui/icons-m
aterial/esm/SpatialAu
dioOffSharp.js" was 
ignored.
node_modules/@mui/ico
ns-material/esm/Spati
alAudioOutlined.js 
(1:0): Module level 
directives cause 
errors when bundled, 
"use client" in "node
_modules/@mui/icons-m
aterial/esm/SpatialAu
dioOutlined.js" was 
ignored.
node_modules/@mui/ico
ns-material/esm/Spati
alAudioOffTwoTone.js 
(1:0): Module level 
directives cause 
errors when bundled, 
"use client" in "node
_modules/@mui/icons-m
aterial/esm/SpatialAu
dioOffTwoTone.js" 
was ignored.
node_modules/@mui/ico
ns-material/esm/Spati
alAudioRounded.js 
(1:0): Module level 
directives cause 
errors when bundled, 
"use client" in "node
_modules/@mui/icons-m
aterial/esm/SpatialAu
dioRounded.js" was 
ignored.
node_modules/@mui/ico
ns-material/esm/Spati
alAudioTwoTone.js 
(1:0): Module level 
directives cause 
errors when bundled, 
"use client" in "node
_modules/@mui/icons-m
aterial/esm/SpatialAu
dioTwoTone.js" was 
ignored.
node_modules/@mui/ico
ns-material/esm/Spati
alAudioSharp.js 
(1:0): Module level 
directives cause 
errors when bundled, 
"use client" in "node
_modules/@mui/icons-m
aterial/esm/SpatialAu
dioSharp.js" was 
ignored.
node_modules/@mui/ico
ns-material/esm/Spati
alTrackingOutlined.js
 (1:0): Module level 
directives cause 
errors when bundled, 
"use client" in "node
_modules/@mui/icons-m
aterial/esm/SpatialTr
ackingOutlined.js" 
was ignored.
node_modules/@mui/ico
ns-material/esm/Spati
alTracking.js (1:0): 
Module level 
directives cause 
errors when bundled, 
"use client" in "node
_modules/@mui/icons-m
aterial/esm/SpatialTr
acking.js" was 
ignored.
node_modules/@mui/ico
ns-material/esm/Spati
alTrackingSharp.js 
(1:0): Module level 
directives cause 
errors when bundled, 
"use client" in "node
_modules/@mui/icons-m
aterial/esm/SpatialTr
ackingSharp.js" was 
ignored.
node_modules/@mui/ico
ns-material/esm/Spati
alTrackingRounded.js 
(1:0): Module level 
directives cause 
errors when bundled, 
"use client" in "node
_modules/@mui/icons-m
aterial/esm/SpatialTr
ackingRounded.js" 
was ignored.
node_modules/@mui/ico
ns-material/esm/Spati
alTrackingTwoTone.js 
(1:0): Module level 
directives cause 
errors when bundled, 
"use client" in "node
_modules/@mui/icons-m
aterial/esm/SpatialTr
ackingTwoTone.js" 
was ignored.
node_modules/@mui/ico
ns-material/esm/Speak
er.js (1:0): Module 
level directives 
cause errors when 
bundled, "use 
client" in "node_modu
les/@mui/icons-materi
al/esm/Speaker.js" 
was ignored.
node_modules/@mui/ico
ns-material/esm/Spati
alAudioOffOutlined.js
 (1:0): Module level 
directives cause 
errors when bundled, 
"use client" in "node
_modules/@mui/icons-m
aterial/esm/SpatialAu
dioOffOutlined.js" 
was ignored.
node_modules/@mui/ico
ns-material/esm/Speak
erGroup.js (1:0): 
Module level 
directives cause 
errors when bundled, 
"use client" in "node
_modules/@mui/icons-m
aterial/esm/SpeakerGr
oup.js" was ignored.
node_modules/@mui/ico
ns-material/esm/Speak
erGroupOutlined.js 
(1:0): Module level 
directives cause 
errors when bundled, 
"use client" in "node
_modules/@mui/icons-m
aterial/esm/SpeakerGr
oupOutlined.js" was 
ignored.
node_modules/@mui/ico
ns-material/esm/Speak
erGroupRounded.js 
(1:0): Module level 
directives cause 
errors when bundled, 
"use client" in "node
_modules/@mui/icons-m
aterial/esm/SpeakerGr
oupRounded.js" was 
ignored.
node_modules/@mui/ico
ns-material/esm/Speak
erGroupSharp.js 
(1:0): Module level 
directives cause 
errors when bundled, 
"use client" in "node
_modules/@mui/icons-m
aterial/esm/SpeakerGr
oupSharp.js" was 
ignored.
node_modules/@mui/ico
ns-material/esm/Speak
erNotes.js (1:0): 
Module level 
directives cause 
errors when bundled, 
"use client" in "node
_modules/@mui/icons-m
aterial/esm/SpeakerNo
tes.js" was ignored.
node_modules/@mui/ico
ns-material/esm/Speak
erGroupTwoTone.js 
(1:0): Module level 
directives cause 
errors when bundled, 
"use client" in "node
_modules/@mui/icons-m
aterial/esm/SpeakerGr
oupTwoTone.js" was 
ignored.
node_modules/@mui/ico
ns-material/esm/Speak
erNotesOff.js (1:0): 
Module level 
directives cause 
errors when bundled, 
"use client" in "node
_modules/@mui/icons-m
aterial/esm/SpeakerNo
tesOff.js" was 
ignored.
node_modules/@mui/ico
ns-material/esm/Speak
erNotesOffOutlined.js
 (1:0): Module level 
directives cause 
errors when bundled, 
"use client" in "node
_modules/@mui/icons-m
aterial/esm/SpeakerNo
tesOffOutlined.js" 
was ignored.
node_modules/@mui/ico
ns-material/esm/Speak
erNotesOffRounded.js 
(1:0): Module level 
directives cause 
errors when bundled, 
"use client" in "node
_modules/@mui/icons-m
aterial/esm/SpeakerNo
tesOffRounded.js" 
was ignored.
node_modules/@mui/ico
ns-material/esm/Speak
erNotesOffSharp.js 
(1:0): Module level 
directives cause 
errors when bundled, 
"use client" in "node
_modules/@mui/icons-m
aterial/esm/SpeakerNo
tesOffSharp.js" was 
ignored.
node_modules/@mui/ico
ns-material/esm/Speak
erNotesOffTwoTone.js 
(1:0): Module level 
directives cause 
errors when bundled, 
"use client" in "node
_modules/@mui/icons-m
aterial/esm/SpeakerNo
tesOffTwoTone.js" 
was ignored.
node_modules/@mui/ico
ns-material/esm/Speak
erNotesOutlined.js 
(1:0): Module level 
directives cause 
errors when bundled, 
"use client" in "node
_modules/@mui/icons-m
aterial/esm/SpeakerNo
tesOutlined.js" was 
ignored.
node_modules/@mui/ico
ns-material/esm/Speak
erNotesRounded.js 
(1:0): Module level 
directives cause 
errors when bundled, 
"use client" in "node
_modules/@mui/icons-m
aterial/esm/SpeakerNo
tesRounded.js" was 
ignored.
node_modules/@mui/ico
ns-material/esm/Speak
erNotesSharp.js 
(1:0): Module level 
directives cause 
errors when bundled, 
"use client" in "node
_modules/@mui/icons-m
aterial/esm/SpeakerNo
tesSharp.js" was 
ignored.
node_modules/@mui/ico
ns-material/esm/Speak
erNotesTwoTone.js 
(1:0): Module level 
directives cause 
errors when bundled, 
"use client" in "node
_modules/@mui/icons-m
aterial/esm/SpeakerNo
tesTwoTone.js" was 
ignored.
node_modules/@mui/ico
ns-material/esm/Speak
erOutlined.js (1:0): 
Module level 
directives cause 
errors when bundled, 
"use client" in "node
_modules/@mui/icons-m
aterial/esm/SpeakerOu
tlined.js" was 
ignored.
node_modules/@mui/ico
ns-material/esm/Speak
erPhoneRounded.js 
(1:0): Module level 
directives cause 
errors when bundled, 
"use client" in "node
_modules/@mui/icons-m
aterial/esm/SpeakerPh
oneRounded.js" was 
ignored.
node_modules/@mui/ico
ns-material/esm/Speak
erPhoneOutlined.js 
(1:0): Module level 
directives cause 
errors when bundled, 
"use client" in "node
_modules/@mui/icons-m
aterial/esm/SpeakerPh
oneOutlined.js" was 
ignored.
node_modules/@mui/ico
ns-material/esm/Speak
erPhone.js (1:0): 
Module level 
directives cause 
errors when bundled, 
"use client" in "node
_modules/@mui/icons-m
aterial/esm/SpeakerPh
one.js" was ignored.
node_modules/@mui/ico
ns-material/esm/Speak
erPhoneSharp.js 
(1:0): Module level 
directives cause 
errors when bundled, 
"use client" in "node
_modules/@mui/icons-m
aterial/esm/SpeakerPh
oneSharp.js" was 
ignored.
node_modules/@mui/ico
ns-material/esm/Speak
erPhoneTwoTone.js 
(1:0): Module level 
directives cause 
errors when bundled, 
"use client" in "node
_modules/@mui/icons-m
aterial/esm/SpeakerPh
oneTwoTone.js" was 
ignored.
node_modules/@mui/ico
ns-material/esm/Speak
erRounded.js (1:0): 
Module level 
directives cause 
errors when bundled, 
"use client" in "node
_modules/@mui/icons-m
aterial/esm/SpeakerRo
unded.js" was 
ignored.
node_modules/@mui/ico
ns-material/esm/Speak
erTwoTone.js (1:0): 
Module level 
directives cause 
errors when bundled, 
"use client" in "node
_modules/@mui/icons-m
aterial/esm/SpeakerTw
oTone.js" was 
ignored.
node_modules/@mui/ico
ns-material/esm/Speak
erSharp.js (1:0): 
Module level 
directives cause 
errors when bundled, 
"use client" in "node
_modules/@mui/icons-m
aterial/esm/SpeakerSh
arp.js" was ignored.
node_modules/@mui/ico
ns-material/esm/Speed
.js (1:0): Module 
level directives 
cause errors when 
bundled, "use 
client" in "node_modu
les/@mui/icons-materi
al/esm/Speed.js" was 
ignored.
node_modules/@mui/ico
ns-material/esm/Speed
Outlined.js (1:0): 
Module level 
directives cause 
errors when bundled, 
"use client" in "node
_modules/@mui/icons-m
aterial/esm/SpeedOutl
ined.js" was ignored.
node_modules/@mui/ico
ns-material/esm/Speed
Rounded.js (1:0): 
Module level 
directives cause 
errors when bundled, 
"use client" in "node
_modules/@mui/icons-m
aterial/esm/SpeedRoun
ded.js" was ignored.
node_modules/@mui/ico
ns-material/esm/Speed
TwoTone.js (1:0): 
Module level 
directives cause 
errors when bundled, 
"use client" in "node
_modules/@mui/icons-m
aterial/esm/SpeedTwoT
one.js" was ignored.
node_modules/@mui/ico
ns-material/esm/Speed
Sharp.js (1:0): 
Module level 
directives cause 
errors when bundled, 
"use client" in "node
_modules/@mui/icons-m
aterial/esm/SpeedShar
p.js" was ignored.
node_modules/@mui/ico
ns-material/esm/Spell
check.js (1:0): 
Module level 
directives cause 
errors when bundled, 
"use client" in "node
_modules/@mui/icons-m
aterial/esm/Spellchec
k.js" was ignored.
node_modules/@mui/ico
ns-material/esm/Spell
checkOutlined.js 
(1:0): Module level 
directives cause 
errors when bundled, 
"use client" in "node
_modules/@mui/icons-m
aterial/esm/Spellchec
kOutlined.js" was 
ignored.
node_modules/@mui/ico
ns-material/esm/Spell
checkRounded.js 
(1:0): Module level 
directives cause 
errors when bundled, 
"use client" in "node
_modules/@mui/icons-m
aterial/esm/Spellchec
kRounded.js" was 
ignored.
node_modules/@mui/ico
ns-material/esm/Spell
checkSharp.js (1:0): 
Module level 
directives cause 
errors when bundled, 
"use client" in "node
_modules/@mui/icons-m
aterial/esm/Spellchec
kSharp.js" was 
ignored.
node_modules/@mui/ico
ns-material/esm/Spell
checkTwoTone.js 
(1:0): Module level 
directives cause 
errors when bundled, 
"use client" in "node
_modules/@mui/icons-m
aterial/esm/Spellchec
kTwoTone.js" was 
ignored.
node_modules/@mui/ico
ns-material/esm/Split
screen.js (1:0): 
Module level 
directives cause 
errors when bundled, 
"use client" in "node
_modules/@mui/icons-m
aterial/esm/Splitscre
en.js" was ignored.
node_modules/@mui/ico
ns-material/esm/Split
screenOutlined.js 
(1:0): Module level 
directives cause 
errors when bundled, 
"use client" in "node
_modules/@mui/icons-m
aterial/esm/Splitscre
enOutlined.js" was 
ignored.
node_modules/@mui/ico
ns-material/esm/Split
screenSharp.js 
(1:0): Module level 
directives cause 
errors when bundled, 
"use client" in "node
_modules/@mui/icons-m
aterial/esm/Splitscre
enSharp.js" was 
ignored.
node_modules/@mui/ico
ns-material/esm/Split
screenRounded.js 
(1:0): Module level 
directives cause 
errors when bundled, 
"use client" in "node
_modules/@mui/icons-m
aterial/esm/Splitscre
enRounded.js" was 
ignored.
node_modules/@mui/ico
ns-material/esm/Split
screenTwoTone.js 
(1:0): Module level 
directives cause 
errors when bundled, 
"use client" in "node
_modules/@mui/icons-m
aterial/esm/Splitscre
enTwoTone.js" was 
ignored.
node_modules/@mui/ico
ns-material/esm/Spoke
.js (1:0): Module 
level directives 
cause errors when 
bundled, "use 
client" in "node_modu
les/@mui/icons-materi
al/esm/Spoke.js" was 
ignored.
node_modules/@mui/ico
ns-material/esm/Spoke
Outlined.js (1:0): 
Module level 
directives cause 
errors when bundled, 
"use client" in "node
_modules/@mui/icons-m
aterial/esm/SpokeOutl
ined.js" was ignored.
node_modules/@mui/ico
ns-material/esm/Spoke
Rounded.js (1:0): 
Module level 
directives cause 
errors when bundled, 
"use client" in "node
_modules/@mui/icons-m
aterial/esm/SpokeRoun
ded.js" was ignored.
node_modules/@mui/ico
ns-material/esm/Spoke
Sharp.js (1:0): 
Module level 
directives cause 
errors when bundled, 
"use client" in "node
_modules/@mui/icons-m
aterial/esm/SpokeShar
p.js" was ignored.
node_modules/@mui/ico
ns-material/esm/Spoke
TwoTone.js (1:0): 
Module level 
directives cause 
errors when bundled, 
"use client" in "node
_modules/@mui/icons-m
aterial/esm/SpokeTwoT
one.js" was ignored.
node_modules/@mui/ico
ns-material/esm/Sport
s.js (1:0): Module 
level directives 
cause errors when 
bundled, "use 
client" in "node_modu
les/@mui/icons-materi
al/esm/Sports.js" 
was ignored.
node_modules/@mui/ico
ns-material/esm/Sport
sBar.js (1:0): 
Module level 
directives cause 
errors when bundled, 
"use client" in "node
_modules/@mui/icons-m
aterial/esm/SportsBar
.js" was ignored.
node_modules/@mui/ico
ns-material/esm/Sport
sBarOutlined.js 
(1:0): Module level 
directives cause 
errors when bundled, 
"use client" in "node
_modules/@mui/icons-m
aterial/esm/SportsBar
Outlined.js" was 
ignored.
node_modules/@mui/ico
ns-material/esm/Sport
sBarRounded.js 
(1:0): Module level 
directives cause 
errors when bundled, 
"use client" in "node
_modules/@mui/icons-m
aterial/esm/SportsBar
Rounded.js" was 
ignored.
node_modules/@mui/ico
ns-material/esm/Sport
sBarTwoTone.js 
(1:0): Module level 
directives cause 
errors when bundled, 
"use client" in "node
_modules/@mui/icons-m
aterial/esm/SportsBar
TwoTone.js" was 
ignored.
node_modules/@mui/ico
ns-material/esm/Sport
sBarSharp.js (1:0): 
Module level 
directives cause 
errors when bundled, 
"use client" in "node
_modules/@mui/icons-m
aterial/esm/SportsBar
Sharp.js" was 
ignored.
node_modules/@mui/ico
ns-material/esm/Sport
sBaseballOutlined.js 
(1:0): Module level 
directives cause 
errors when bundled, 
"use client" in "node
_modules/@mui/icons-m
aterial/esm/SportsBas
eballOutlined.js" 
was ignored.
node_modules/@mui/ico
ns-material/esm/Sport
sBaseball.js (1:0): 
Module level 
directives cause 
errors when bundled, 
"use client" in "node
_modules/@mui/icons-m
aterial/esm/SportsBas
eball.js" was 
ignored.
node_modules/@mui/ico
ns-material/esm/Sport
sBaseballRounded.js 
(1:0): Module level 
directives cause 
errors when bundled, 
"use client" in "node
_modules/@mui/icons-m
aterial/esm/SportsBas
eballRounded.js" was 
ignored.
node_modules/@mui/ico
ns-material/esm/Sport
sBaseballTwoTone.js 
(1:0): Module level 
directives cause 
errors when bundled, 
"use client" in "node
_modules/@mui/icons-m
aterial/esm/SportsBas
eballTwoTone.js" was 
ignored.
node_modules/@mui/ico
ns-material/esm/Sport
sBaseballSharp.js 
(1:0): Module level 
directives cause 
errors when bundled, 
"use client" in "node
_modules/@mui/icons-m
aterial/esm/SportsBas
eballSharp.js" was 
ignored.
node_modules/@mui/ico
ns-material/esm/Sport
sBasketball.js 
(1:0): Module level 
directives cause 
errors when bundled, 
"use client" in "node
_modules/@mui/icons-m
aterial/esm/SportsBas
ketball.js" was 
ignored.
node_modules/@mui/ico
ns-material/esm/Sport
sBasketballOutlined.j
s (1:0): Module 
level directives 
cause errors when 
bundled, "use 
client" in "node_modu
les/@mui/icons-materi
al/esm/SportsBasketba
llOutlined.js" was 
ignored.
node_modules/@mui/ico
ns-material/esm/Sport
sBasketballRounded.js
 (1:0): Module level 
directives cause 
errors when bundled, 
"use client" in "node
_modules/@mui/icons-m
aterial/esm/SportsBas
ketballRounded.js" 
was ignored.
node_modules/@mui/ico
ns-material/esm/Sport
sBasketballSharp.js 
(1:0): Module level 
directives cause 
errors when bundled, 
"use client" in "node
_modules/@mui/icons-m
aterial/esm/SportsBas
ketballSharp.js" was 
ignored.
node_modules/@mui/ico
ns-material/esm/Sport
sBasketballTwoTone.js
 (1:0): Module level 
directives cause 
errors when bundled, 
"use client" in "node
_modules/@mui/icons-m
aterial/esm/SportsBas
ketballTwoTone.js" 
was ignored.
node_modules/@mui/ico
ns-material/esm/Sport
sCricket.js (1:0): 
Module level 
directives cause 
errors when bundled, 
"use client" in "node
_modules/@mui/icons-m
aterial/esm/SportsCri
cket.js" was ignored.
node_modules/@mui/ico
ns-material/esm/Sport
sCricketOutlined.js 
(1:0): Module level 
directives cause 
errors when bundled, 
"use client" in "node
_modules/@mui/icons-m
aterial/esm/SportsCri
cketOutlined.js" was 
ignored.
node_modules/@mui/ico
ns-material/esm/Sport
sCricketRounded.js 
(1:0): Module level 
directives cause 
errors when bundled, 
"use client" in "node
_modules/@mui/icons-m
aterial/esm/SportsCri
cketRounded.js" was 
ignored.
node_modules/@mui/ico
ns-material/esm/Sport
sCricketSharp.js 
(1:0): Module level 
directives cause 
errors when bundled, 
"use client" in "node
_modules/@mui/icons-m
aterial/esm/SportsCri
cketSharp.js" was 
ignored.
node_modules/@mui/ico
ns-material/esm/Sport
sCricketTwoTone.js 
(1:0): Module level 
directives cause 
errors when bundled, 
"use client" in "node
_modules/@mui/icons-m
aterial/esm/SportsCri
cketTwoTone.js" was 
ignored.
node_modules/@mui/ico
ns-material/esm/Sport
sEsportsOutlined.js 
(1:0): Module level 
directives cause 
errors when bundled, 
"use client" in "node
_modules/@mui/icons-m
aterial/esm/SportsEsp
ortsOutlined.js" was 
ignored.
node_modules/@mui/ico
ns-material/esm/Sport
sEsports.js (1:0): 
Module level 
directives cause 
errors when bundled, 
"use client" in "node
_modules/@mui/icons-m
aterial/esm/SportsEsp
orts.js" was ignored.
node_modules/@mui/ico
ns-material/esm/Sport
sEsportsSharp.js 
(1:0): Module level 
directives cause 
errors when bundled, 
"use client" in "node
_modules/@mui/icons-m
aterial/esm/SportsEsp
ortsSharp.js" was 
ignored.
node_modules/@mui/ico
ns-material/esm/Sport
sEsportsTwoTone.js 
(1:0): Module level 
directives cause 
errors when bundled, 
"use client" in "node
_modules/@mui/icons-m
aterial/esm/SportsEsp
ortsTwoTone.js" was 
ignored.
node_modules/@mui/ico
ns-material/esm/Sport
sEsportsRounded.js 
(1:0): Module level 
directives cause 
errors when bundled, 
"use client" in "node
_modules/@mui/icons-m
aterial/esm/SportsEsp
ortsRounded.js" was 
ignored.
node_modules/@mui/ico
ns-material/esm/Sport
sFootballOutlined.js 
(1:0): Module level 
directives cause 
errors when bundled, 
"use client" in "node
_modules/@mui/icons-m
aterial/esm/SportsFoo
tballOutlined.js" 
was ignored.
node_modules/@mui/ico
ns-material/esm/Sport
sFootball.js (1:0): 
Module level 
directives cause 
errors when bundled, 
"use client" in "node
_modules/@mui/icons-m
aterial/esm/SportsFoo
tball.js" was 
ignored.
node_modules/@mui/ico
ns-material/esm/Sport
sFootballRounded.js 
(1:0): Module level 
directives cause 
errors when bundled, 
"use client" in "node
_modules/@mui/icons-m
aterial/esm/SportsFoo
tballRounded.js" was 
ignored.
node_modules/@mui/ico
ns-material/esm/Sport
sFootballSharp.js 
(1:0): Module level 
directives cause 
errors when bundled, 
"use client" in "node
_modules/@mui/icons-m
aterial/esm/SportsFoo
tballSharp.js" was 
ignored.
node_modules/@mui/ico
ns-material/esm/Sport
sFootballTwoTone.js 
(1:0): Module level 
directives cause 
errors when bundled, 
"use client" in "node
_modules/@mui/icons-m
aterial/esm/SportsFoo
tballTwoTone.js" was 
ignored.
node_modules/@mui/ico
ns-material/esm/Sport
sGolf.js (1:0): 
Module level 
directives cause 
errors when bundled, 
"use client" in "node
_modules/@mui/icons-m
aterial/esm/SportsGol
f.js" was ignored.
node_modules/@mui/ico
ns-material/esm/Sport
sGolfOutlined.js 
(1:0): Module level 
directives cause 
errors when bundled, 
"use client" in "node
_modules/@mui/icons-m
aterial/esm/SportsGol
fOutlined.js" was 
ignored.
node_modules/@mui/ico
ns-material/esm/Sport
sGolfRounded.js 
(1:0): Module level 
directives cause 
errors when bundled, 
"use client" in "node
_modules/@mui/icons-m
aterial/esm/SportsGol
fRounded.js" was 
ignored.
node_modules/@mui/ico
ns-material/esm/Sport
sGolfSharp.js (1:0): 
Module level 
directives cause 
errors when bundled, 
"use client" in "node
_modules/@mui/icons-m
aterial/esm/SportsGol
fSharp.js" was 
ignored.
node_modules/@mui/ico
ns-material/esm/Sport
sGolfTwoTone.js 
(1:0): Module level 
directives cause 
errors when bundled, 
"use client" in "node
_modules/@mui/icons-m
aterial/esm/SportsGol
fTwoTone.js" was 
ignored.
node_modules/@mui/ico
ns-material/esm/Sport
sGymnastics.js 
(1:0): Module level 
directives cause 
errors when bundled, 
"use client" in "node
_modules/@mui/icons-m
aterial/esm/SportsGym
nastics.js" was 
ignored.
node_modules/@mui/ico
ns-material/esm/Sport
sGymnasticsOutlined.j
s (1:0): Module 
level directives 
cause errors when 
bundled, "use 
client" in "node_modu
les/@mui/icons-materi
al/esm/SportsGymnasti
csOutlined.js" was 
ignored.
node_modules/@mui/ico
ns-material/esm/Sport
sGymnasticsRounded.js
 (1:0): Module level 
directives cause 
errors when bundled, 
"use client" in "node
_modules/@mui/icons-m
aterial/esm/SportsGym
nasticsRounded.js" 
was ignored.
node_modules/@mui/ico
ns-material/esm/Sport
sGymnasticsSharp.js 
(1:0): Module level 
directives cause 
errors when bundled, 
"use client" in "node
_modules/@mui/icons-m
aterial/esm/SportsGym
nasticsSharp.js" was 
ignored.
node_modules/@mui/ico
ns-material/esm/Sport
sGymnasticsTwoTone.js
 (1:0): Module level 
directives cause 
errors when bundled, 
"use client" in "node
_modules/@mui/icons-m
aterial/esm/SportsGym
nasticsTwoTone.js" 
was ignored.
node_modules/@mui/ico
ns-material/esm/Sport
sHandball.js (1:0): 
Module level 
directives cause 
errors when bundled, 
"use client" in "node
_modules/@mui/icons-m
aterial/esm/SportsHan
dball.js" was 
ignored.
node_modules/@mui/ico
ns-material/esm/Sport
sHandballSharp.js 
(1:0): Module level 
directives cause 
errors when bundled, 
"use client" in "node
_modules/@mui/icons-m
aterial/esm/SportsHan
dballSharp.js" was 
ignored.
node_modules/@mui/ico
ns-material/esm/Sport
sHandballOutlined.js 
(1:0): Module level 
directives cause 
errors when bundled, 
"use client" in "node
_modules/@mui/icons-m
aterial/esm/SportsHan
dballOutlined.js" 
was ignored.
node_modules/@mui/ico
ns-material/esm/Sport
sHandballRounded.js 
(1:0): Module level 
directives cause 
errors when bundled, 
"use client" in "node
_modules/@mui/icons-m
aterial/esm/SportsHan
dballRounded.js" was 
ignored.
node_modules/@mui/ico
ns-material/esm/Sport
sHandballTwoTone.js 
(1:0): Module level 
directives cause 
errors when bundled, 
"use client" in "node
_modules/@mui/icons-m
aterial/esm/SportsHan
dballTwoTone.js" was 
ignored.
node_modules/@mui/ico
ns-material/esm/Sport
sHockey.js (1:0): 
Module level 
directives cause 
errors when bundled, 
"use client" in "node
_modules/@mui/icons-m
aterial/esm/SportsHoc
key.js" was ignored.
node_modules/@mui/ico
ns-material/esm/Sport
sHockeyRounded.js 
(1:0): Module level 
directives cause 
errors when bundled, 
"use client" in "node
_modules/@mui/icons-m
aterial/esm/SportsHoc
keyRounded.js" was 
ignored.
node_modules/@mui/ico
ns-material/esm/Sport
sHockeyOutlined.js 
(1:0): Module level 
directives cause 
errors when bundled, 
"use client" in "node
_modules/@mui/icons-m
aterial/esm/SportsHoc
keyOutlined.js" was 
ignored.
node_modules/@mui/ico
ns-material/esm/Sport
sHockeySharp.js 
(1:0): Module level 
directives cause 
errors when bundled, 
"use client" in "node
_modules/@mui/icons-m
aterial/esm/SportsHoc
keySharp.js" was 
ignored.
node_modules/@mui/ico
ns-material/esm/Sport
sHockeyTwoTone.js 
(1:0): Module level 
directives cause 
errors when bundled, 
"use client" in "node
_modules/@mui/icons-m
aterial/esm/SportsHoc
keyTwoTone.js" was 
ignored.
node_modules/@mui/ico
ns-material/esm/Sport
sKabaddi.js (1:0): 
Module level 
directives cause 
errors when bundled, 
"use client" in "node
_modules/@mui/icons-m
aterial/esm/SportsKab
addi.js" was ignored.
node_modules/@mui/ico
ns-material/esm/Sport
sKabaddiRounded.js 
(1:0): Module level 
directives cause 
errors when bundled, 
"use client" in "node
_modules/@mui/icons-m
aterial/esm/SportsKab
addiRounded.js" was 
ignored.
node_modules/@mui/ico
ns-material/esm/Sport
sKabaddiOutlined.js 
(1:0): Module level 
directives cause 
errors when bundled, 
"use client" in "node
_modules/@mui/icons-m
aterial/esm/SportsKab
addiOutlined.js" was 
ignored.
node_modules/@mui/ico
ns-material/esm/Sport
sKabaddiSharp.js 
(1:0): Module level 
directives cause 
errors when bundled, 
"use client" in "node
_modules/@mui/icons-m
aterial/esm/SportsKab
addiSharp.js" was 
ignored.
node_modules/@mui/ico
ns-material/esm/Sport
sKabaddiTwoTone.js 
(1:0): Module level 
directives cause 
errors when bundled, 
"use client" in "node
_modules/@mui/icons-m
aterial/esm/SportsKab
addiTwoTone.js" was 
ignored.
node_modules/@mui/ico
ns-material/esm/Sport
sMartialArts.js 
(1:0): Module level 
directives cause 
errors when bundled, 
"use client" in "node
_modules/@mui/icons-m
aterial/esm/SportsMar
tialArts.js" was 
ignored.
node_modules/@mui/ico
ns-material/esm/Sport
sMartialArtsSharp.js 
(1:0): Module level 
directives cause 
errors when bundled, 
"use client" in "node
_modules/@mui/icons-m
aterial/esm/SportsMar
tialArtsSharp.js" 
was ignored.
node_modules/@mui/ico
ns-material/esm/Sport
sMartialArtsRounded.j
s (1:0): Module 
level directives 
cause errors when 
bundled, "use 
client" in "node_modu
les/@mui/icons-materi
al/esm/SportsMartialA
rtsRounded.js" was 
ignored.
node_modules/@mui/ico
ns-material/esm/Sport
sMartialArtsOutlined.
js (1:0): Module 
level directives 
cause errors when 
bundled, "use 
client" in "node_modu
les/@mui/icons-materi
al/esm/SportsMartialA
rtsOutlined.js" was 
ignored.
node_modules/@mui/ico
ns-material/esm/Sport
sMartialArtsTwoTone.j
s (1:0): Module 
level directives 
cause errors when 
bundled, "use 
client" in "node_modu
les/@mui/icons-materi
al/esm/SportsMartialA
rtsTwoTone.js" was 
ignored.
node_modules/@mui/ico
ns-material/esm/Sport
sMmaOutlined.js 
(1:0): Module level 
directives cause 
errors when bundled, 
"use client" in "node
_modules/@mui/icons-m
aterial/esm/SportsMma
Outlined.js" was 
ignored.
node_modules/@mui/ico
ns-material/esm/Sport
sMmaRounded.js 
(1:0): Module level 
directives cause 
errors when bundled, 
"use client" in "node
_modules/@mui/icons-m
aterial/esm/SportsMma
Rounded.js" was 
ignored.
node_modules/@mui/ico
ns-material/esm/Sport
sMma.js (1:0): 
Module level 
directives cause 
errors when bundled, 
"use client" in "node
_modules/@mui/icons-m
aterial/esm/SportsMma
.js" was ignored.
node_modules/@mui/ico
ns-material/esm/Sport
sMmaSharp.js (1:0): 
Module level 
directives cause 
errors when bundled, 
"use client" in "node
_modules/@mui/icons-m
aterial/esm/SportsMma
Sharp.js" was 
ignored.
node_modules/@mui/ico
ns-material/esm/Sport
sMmaTwoTone.js 
(1:0): Module level 
directives cause 
errors when bundled, 
"use client" in "node
_modules/@mui/icons-m
aterial/esm/SportsMma
TwoTone.js" was 
ignored.
node_modules/@mui/ico
ns-material/esm/Sport
sMotorsports.js 
(1:0): Module level 
directives cause 
errors when bundled, 
"use client" in "node
_modules/@mui/icons-m
aterial/esm/SportsMot
orsports.js" was 
ignored.
node_modules/@mui/ico
ns-material/esm/Sport
sMotorsportsOutlined.
js (1:0): Module 
level directives 
cause errors when 
bundled, "use 
client" in "node_modu
les/@mui/icons-materi
al/esm/SportsMotorspo
rtsOutlined.js" was 
ignored.
node_modules/@mui/ico
ns-material/esm/Sport
sMotorsportsRounded.j
s (1:0): Module 
level directives 
cause errors when 
bundled, "use 
client" in "node_modu
les/@mui/icons-materi
al/esm/SportsMotorspo
rtsRounded.js" was 
ignored.
node_modules/@mui/ico
ns-material/esm/Sport
sMotorsportsSharp.js 
(1:0): Module level 
directives cause 
errors when bundled, 
"use client" in "node
_modules/@mui/icons-m
aterial/esm/SportsMot
orsportsSharp.js" 
was ignored.
node_modules/@mui/ico
ns-material/esm/Sport
sMotorsportsTwoTone.j
s (1:0): Module 
level directives 
cause errors when 
bundled, "use 
client" in "node_modu
les/@mui/icons-materi
al/esm/SportsMotorspo
rtsTwoTone.js" was 
ignored.
node_modules/@mui/ico
ns-material/esm/Sport
sOutlined.js (1:0): 
Module level 
directives cause 
errors when bundled, 
"use client" in "node
_modules/@mui/icons-m
aterial/esm/SportsOut
lined.js" was 
ignored.
node_modules/@mui/ico
ns-material/esm/Sport
sRounded.js (1:0): 
Module level 
directives cause 
errors when bundled, 
"use client" in "node
_modules/@mui/icons-m
aterial/esm/SportsRou
nded.js" was ignored.
node_modules/@mui/ico
ns-material/esm/Sport
sRugby.js (1:0): 
Module level 
directives cause 
errors when bundled, 
"use client" in "node
_modules/@mui/icons-m
aterial/esm/SportsRug
by.js" was ignored.
node_modules/@mui/ico
ns-material/esm/Sport
sRugbyRounded.js 
(1:0): Module level 
directives cause 
errors when bundled, 
"use client" in "node
_modules/@mui/icons-m
aterial/esm/SportsRug
byRounded.js" was 
ignored.
node_modules/@mui/ico
ns-material/esm/Sport
sRugbySharp.js 
(1:0): Module level 
directives cause 
errors when bundled, 
"use client" in "node
_modules/@mui/icons-m
aterial/esm/SportsRug
bySharp.js" was 
ignored.
node_modules/@mui/ico
ns-material/esm/Sport
sRugbyOutlined.js 
(1:0): Module level 
directives cause 
errors when bundled, 
"use client" in "node
_modules/@mui/icons-m
aterial/esm/SportsRug
byOutlined.js" was 
ignored.
node_modules/@mui/ico
ns-material/esm/Sport
sScore.js (1:0): 
Module level 
directives cause 
errors when bundled, 
"use client" in "node
_modules/@mui/icons-m
aterial/esm/SportsSco
re.js" was ignored.
node_modules/@mui/ico
ns-material/esm/Sport
sRugbyTwoTone.js 
(1:0): Module level 
directives cause 
errors when bundled, 
"use client" in "node
_modules/@mui/icons-m
aterial/esm/SportsRug
byTwoTone.js" was 
ignored.
node_modules/@mui/ico
ns-material/esm/Sport
sScoreOutlined.js 
(1:0): Module level 
directives cause 
errors when bundled, 
"use client" in "node
_modules/@mui/icons-m
aterial/esm/SportsSco
reOutlined.js" was 
ignored.
node_modules/@mui/ico
ns-material/esm/Sport
sScoreRounded.js 
(1:0): Module level 
directives cause 
errors when bundled, 
"use client" in "node
_modules/@mui/icons-m
aterial/esm/SportsSco
reRounded.js" was 
ignored.
node_modules/@mui/ico
ns-material/esm/Sport
sScoreSharp.js 
(1:0): Module level 
directives cause 
errors when bundled, 
"use client" in "node
_modules/@mui/icons-m
aterial/esm/SportsSco
reSharp.js" was 
ignored.
node_modules/@mui/ico
ns-material/esm/Sport
sScoreTwoTone.js 
(1:0): Module level 
directives cause 
errors when bundled, 
"use client" in "node
_modules/@mui/icons-m
aterial/esm/SportsSco
reTwoTone.js" was 
ignored.
node_modules/@mui/ico
ns-material/esm/Sport
sSoccerRounded.js 
(1:0): Module level 
directives cause 
errors when bundled, 
"use client" in "node
_modules/@mui/icons-m
aterial/esm/SportsSoc
cerRounded.js" was 
ignored.
node_modules/@mui/ico
ns-material/esm/Sport
sSoccerTwoTone.js 
(1:0): Module level 
directives cause 
errors when bundled, 
"use client" in "node
_modules/@mui/icons-m
aterial/esm/SportsSoc
cerTwoTone.js" was 
ignored.
node_modules/@mui/ico
ns-material/esm/Sport
sSoccerSharp.js 
(1:0): Module level 
directives cause 
errors when bundled, 
"use client" in "node
_modules/@mui/icons-m
aterial/esm/SportsSoc
cerSharp.js" was 
ignored.
node_modules/@mui/ico
ns-material/esm/Sport
sTennis.js (1:0): 
Module level 
directives cause 
errors when bundled, 
"use client" in "node
_modules/@mui/icons-m
aterial/esm/SportsTen
nis.js" was ignored.
node_modules/@mui/ico
ns-material/esm/Sport
sTennisOutlined.js 
(1:0): Module level 
directives cause 
errors when bundled, 
"use client" in "node
_modules/@mui/icons-m
aterial/esm/SportsTen
nisOutlined.js" was 
ignored.
node_modules/@mui/ico
ns-material/esm/Sport
sSoccerOutlined.js 
(1:0): Module level 
directives cause 
errors when bundled, 
"use client" in "node
_modules/@mui/icons-m
aterial/esm/SportsSoc
cerOutlined.js" was 
ignored.
node_modules/@mui/ico
ns-material/esm/Sport
sTennisRounded.js 
(1:0): Module level 
directives cause 
errors when bundled, 
"use client" in "node
_modules/@mui/icons-m
aterial/esm/SportsTen
nisRounded.js" was 
ignored.
node_modules/@mui/ico
ns-material/esm/Sport
sTennisTwoTone.js 
(1:0): Module level 
directives cause 
errors when bundled, 
"use client" in "node
_modules/@mui/icons-m
aterial/esm/SportsTen
nisTwoTone.js" was 
ignored.
node_modules/@mui/ico
ns-material/esm/Sport
sTennisSharp.js 
(1:0): Module level 
directives cause 
errors when bundled, 
"use client" in "node
_modules/@mui/icons-m
aterial/esm/SportsTen
nisSharp.js" was 
ignored.
node_modules/@mui/ico
ns-material/esm/Sport
sTwoTone.js (1:0): 
Module level 
directives cause 
errors when bundled, 
"use client" in "node
_modules/@mui/icons-m
aterial/esm/SportsTwo
Tone.js" was ignored.
node_modules/@mui/ico
ns-material/esm/Sport
sVolleyball.js 
(1:0): Module level 
directives cause 
errors when bundled, 
"use client" in "node
_modules/@mui/icons-m
aterial/esm/SportsVol
leyball.js" was 
ignored.
node_modules/@mui/ico
ns-material/esm/Sport
sVolleyballOutlined.j
s (1:0): Module 
level directives 
cause errors when 
bundled, "use 
client" in "node_modu
les/@mui/icons-materi
al/esm/SportsVolleyba
llOutlined.js" was 
ignored.
node_modules/@mui/ico
ns-material/esm/Sport
sSharp.js (1:0): 
Module level 
directives cause 
errors when bundled, 
"use client" in "node
_modules/@mui/icons-m
aterial/esm/SportsSha
rp.js" was ignored.
node_modules/@mui/ico
ns-material/esm/Sport
sVolleyballRounded.js
 (1:0): Module level 
directives cause 
errors when bundled, 
"use client" in "node
_modules/@mui/icons-m
aterial/esm/SportsVol
leyballRounded.js" 
was ignored.
node_modules/@mui/ico
ns-material/esm/Sport
sVolleyballSharp.js 
(1:0): Module level 
directives cause 
errors when bundled, 
"use client" in "node
_modules/@mui/icons-m
aterial/esm/SportsVol
leyballSharp.js" was 
ignored.
node_modules/@mui/ico
ns-material/esm/Sport
sVolleyballTwoTone.js
 (1:0): Module level 
directives cause 
errors when bundled, 
"use client" in "node
_modules/@mui/icons-m
aterial/esm/SportsVol
leyballTwoTone.js" 
was ignored.
node_modules/@mui/ico
ns-material/esm/Squar
e.js (1:0): Module 
level directives 
cause errors when 
bundled, "use 
client" in "node_modu
les/@mui/icons-materi
al/esm/Square.js" 
was ignored.
node_modules/@mui/ico
ns-material/esm/Squar
eFoot.js (1:0): 
Module level 
directives cause 
errors when bundled, 
"use client" in "node
_modules/@mui/icons-m
aterial/esm/SquareFoo
t.js" was ignored.
node_modules/@mui/ico
ns-material/esm/Sport
sSoccer.js (1:0): 
Module level 
directives cause 
errors when bundled, 
"use client" in "node
_modules/@mui/icons-m
aterial/esm/SportsSoc
cer.js" was ignored.
node_modules/@mui/ico
ns-material/esm/Squar
eFootOutlined.js 
(1:0): Module level 
directives cause 
errors when bundled, 
"use client" in "node
_modules/@mui/icons-m
aterial/esm/SquareFoo
tOutlined.js" was 
ignored.
node_modules/@mui/ico
ns-material/esm/Squar
eFootSharp.js (1:0): 
Module level 
directives cause 
errors when bundled, 
"use client" in "node
_modules/@mui/icons-m
aterial/esm/SquareFoo
tSharp.js" was 
ignored.
node_modules/@mui/ico
ns-material/esm/Squar
eFootRounded.js 
(1:0): Module level 
directives cause 
errors when bundled, 
"use client" in "node
_modules/@mui/icons-m
aterial/esm/SquareFoo
tRounded.js" was 
ignored.
node_modules/@mui/ico
ns-material/esm/Squar
eFootTwoTone.js 
(1:0): Module level 
directives cause 
errors when bundled, 
"use client" in "node
_modules/@mui/icons-m
aterial/esm/SquareFoo
tTwoTone.js" was 
ignored.
node_modules/@mui/ico
ns-material/esm/Squar
eOutlined.js (1:0): 
Module level 
directives cause 
errors when bundled, 
"use client" in "node
_modules/@mui/icons-m
aterial/esm/SquareOut
lined.js" was 
ignored.
node_modules/@mui/ico
ns-material/esm/Squar
eSharp.js (1:0): 
Module level 
directives cause 
errors when bundled, 
"use client" in "node
_modules/@mui/icons-m
aterial/esm/SquareSha
rp.js" was ignored.
node_modules/@mui/ico
ns-material/esm/Squar
eRounded.js (1:0): 
Module level 
directives cause 
errors when bundled, 
"use client" in "node
_modules/@mui/icons-m
aterial/esm/SquareRou
nded.js" was ignored.
node_modules/@mui/ico
ns-material/esm/SsidC
hart.js (1:0): 
Module level 
directives cause 
errors when bundled, 
"use client" in "node
_modules/@mui/icons-m
aterial/esm/SsidChart
.js" was ignored.
node_modules/@mui/ico
ns-material/esm/Squar
eTwoTone.js (1:0): 
Module level 
directives cause 
errors when bundled, 
"use client" in "node
_modules/@mui/icons-m
aterial/esm/SquareTwo
Tone.js" was ignored.
node_modules/@mui/ico
ns-material/esm/SsidC
hartOutlined.js 
(1:0): Module level 
directives cause 
errors when bundled, 
"use client" in "node
_modules/@mui/icons-m
aterial/esm/SsidChart
Outlined.js" was 
ignored.
node_modules/@mui/ico
ns-material/esm/SsidC
hartRounded.js 
(1:0): Module level 
directives cause 
errors when bundled, 
"use client" in "node
_modules/@mui/icons-m
aterial/esm/SsidChart
Rounded.js" was 
ignored.
node_modules/@mui/ico
ns-material/esm/SsidC
hartSharp.js (1:0): 
Module level 
directives cause 
errors when bundled, 
"use client" in "node
_modules/@mui/icons-m
aterial/esm/SsidChart
Sharp.js" was 
ignored.
node_modules/@mui/ico
ns-material/esm/Stack
edBarChart.js (1:0): 
Module level 
directives cause 
errors when bundled, 
"use client" in "node
_modules/@mui/icons-m
aterial/esm/StackedBa
rChart.js" was 
ignored.
node_modules/@mui/ico
ns-material/esm/SsidC
hartTwoTone.js 
(1:0): Module level 
directives cause 
errors when bundled, 
"use client" in "node
_modules/@mui/icons-m
aterial/esm/SsidChart
TwoTone.js" was 
ignored.
node_modules/@mui/ico
ns-material/esm/Stack
edBarChartOutlined.js
 (1:0): Module level 
directives cause 
errors when bundled, 
"use client" in "node
_modules/@mui/icons-m
aterial/esm/StackedBa
rChartOutlined.js" 
was ignored.
node_modules/@mui/ico
ns-material/esm/Stack
edBarChartRounded.js 
(1:0): Module level 
directives cause 
errors when bundled, 
"use client" in "node
_modules/@mui/icons-m
aterial/esm/StackedBa
rChartRounded.js" 
was ignored.
node_modules/@mui/ico
ns-material/esm/Stack
edBarChartTwoTone.js 
(1:0): Module level 
directives cause 
errors when bundled, 
"use client" in "node
_modules/@mui/icons-m
aterial/esm/StackedBa
rChartTwoTone.js" 
was ignored.
node_modules/@mui/ico
ns-material/esm/Stack
edLineChart.js 
(1:0): Module level 
directives cause 
errors when bundled, 
"use client" in "node
_modules/@mui/icons-m
aterial/esm/StackedLi
neChart.js" was 
ignored.
node_modules/@mui/ico
ns-material/esm/Stack
edBarChartSharp.js 
(1:0): Module level 
directives cause 
errors when bundled, 
"use client" in "node
_modules/@mui/icons-m
aterial/esm/StackedBa
rChartSharp.js" was 
ignored.
node_modules/@mui/ico
ns-material/esm/Stack
edLineChartOutlined.j
s (1:0): Module 
level directives 
cause errors when 
bundled, "use 
client" in "node_modu
les/@mui/icons-materi
al/esm/StackedLineCha
rtOutlined.js" was 
ignored.
node_modules/@mui/ico
ns-material/esm/Stack
edLineChartRounded.js
 (1:0): Module level 
directives cause 
errors when bundled, 
"use client" in "node
_modules/@mui/icons-m
aterial/esm/StackedLi
neChartRounded.js" 
was ignored.
node_modules/@mui/ico
ns-material/esm/Stack
edLineChartSharp.js 
(1:0): Module level 
directives cause 
errors when bundled, 
"use client" in "node
_modules/@mui/icons-m
aterial/esm/StackedLi
neChartSharp.js" was 
ignored.
node_modules/@mui/ico
ns-material/esm/Stack
edLineChartTwoTone.js
 (1:0): Module level 
directives cause 
errors when bundled, 
"use client" in "node
_modules/@mui/icons-m
aterial/esm/StackedLi
neChartTwoTone.js" 
was ignored.
node_modules/@mui/ico
ns-material/esm/Stadi
um.js (1:0): Module 
level directives 
cause errors when 
bundled, "use 
client" in "node_modu
les/@mui/icons-materi
al/esm/Stadium.js" 
was ignored.
node_modules/@mui/ico
ns-material/esm/Stadi
umRounded.js (1:0): 
Module level 
directives cause 
errors when bundled, 
"use client" in "node
_modules/@mui/icons-m
aterial/esm/StadiumRo
unded.js" was 
ignored.
node_modules/@mui/ico
ns-material/esm/Stadi
umOutlined.js (1:0): 
Module level 
directives cause 
errors when bundled, 
"use client" in "node
_modules/@mui/icons-m
aterial/esm/StadiumOu
tlined.js" was 
ignored.
node_modules/@mui/ico
ns-material/esm/Stadi
umSharp.js (1:0): 
Module level 
directives cause 
errors when bundled, 
"use client" in "node
_modules/@mui/icons-m
aterial/esm/StadiumSh
arp.js" was ignored.
node_modules/@mui/ico
ns-material/esm/Stadi
umTwoTone.js (1:0): 
Module level 
directives cause 
errors when bundled, 
"use client" in "node
_modules/@mui/icons-m
aterial/esm/StadiumTw
oTone.js" was 
ignored.
node_modules/@mui/ico
ns-material/esm/Stair
s.js (1:0): Module 
level directives 
cause errors when 
bundled, "use 
client" in "node_modu
les/@mui/icons-materi
al/esm/Stairs.js" 
was ignored.
node_modules/@mui/ico
ns-material/esm/Stair
sRounded.js (1:0): 
Module level 
directives cause 
errors when bundled, 
"use client" in "node
_modules/@mui/icons-m
aterial/esm/StairsRou
nded.js" was ignored.
node_modules/@mui/ico
ns-material/esm/Stair
sOutlined.js (1:0): 
Module level 
directives cause 
errors when bundled, 
"use client" in "node
_modules/@mui/icons-m
aterial/esm/StairsOut
lined.js" was 
ignored.
node_modules/@mui/ico
ns-material/esm/Stair
sTwoTone.js (1:0): 
Module level 
directives cause 
errors when bundled, 
"use client" in "node
_modules/@mui/icons-m
aterial/esm/StairsTwo
Tone.js" was ignored.
node_modules/@mui/ico
ns-material/esm/Stair
sSharp.js (1:0): 
Module level 
directives cause 
errors when bundled, 
"use client" in "node
_modules/@mui/icons-m
aterial/esm/StairsSha
rp.js" was ignored.
node_modules/@mui/ico
ns-material/esm/Star.
js (1:0): Module 
level directives 
cause errors when 
bundled, "use 
client" in "node_modu
les/@mui/icons-materi
al/esm/Star.js" was 
ignored.
node_modules/@mui/ico
ns-material/esm/StarB
order.js (1:0): 
Module level 
directives cause 
errors when bundled, 
"use client" in "node
_modules/@mui/icons-m
aterial/esm/StarBorde
r.js" was ignored.
node_modules/@mui/ico
ns-material/esm/StarB
orderOutlined.js 
(1:0): Module level 
directives cause 
errors when bundled, 
"use client" in "node
_modules/@mui/icons-m
aterial/esm/StarBorde
rOutlined.js" was 
ignored.
node_modules/@mui/ico
ns-material/esm/StarB
orderPurple500.js 
(1:0): Module level 
directives cause 
errors when bundled, 
"use client" in "node
_modules/@mui/icons-m
aterial/esm/StarBorde
rPurple500.js" was 
ignored.
node_modules/@mui/ico
ns-material/esm/StarB
orderPurple500Outline
d.js (1:0): Module 
level directives 
cause errors when 
bundled, "use 
client" in "node_modu
les/@mui/icons-materi
al/esm/StarBorderPurp
le500Outlined.js" 
was ignored.
node_modules/@mui/ico
ns-material/esm/StarB
orderPurple500TwoTone
.js (1:0): Module 
level directives 
cause errors when 
bundled, "use 
client" in "node_modu
les/@mui/icons-materi
al/esm/StarBorderPurp
le500TwoTone.js" was 
ignored.
node_modules/@mui/ico
ns-material/esm/StarB
orderPurple500Rounded
.js (1:0): Module 
level directives 
cause errors when 
bundled, "use 
client" in "node_modu
les/@mui/icons-materi
al/esm/StarBorderPurp
le500Rounded.js" was 
ignored.
node_modules/@mui/ico
ns-material/esm/StarB
orderRounded.js 
(1:0): Module level 
directives cause 
errors when bundled, 
"use client" in "node
_modules/@mui/icons-m
aterial/esm/StarBorde
rRounded.js" was 
ignored.
node_modules/@mui/ico
ns-material/esm/StarB
orderPurple500Sharp.j
s (1:0): Module 
level directives 
cause errors when 
bundled, "use 
client" in "node_modu
les/@mui/icons-materi
al/esm/StarBorderPurp
le500Sharp.js" was 
ignored.
node_modules/@mui/ico
ns-material/esm/StarB
orderTwoTone.js 
(1:0): Module level 
directives cause 
errors when bundled, 
"use client" in "node
_modules/@mui/icons-m
aterial/esm/StarBorde
rTwoTone.js" was 
ignored.
node_modules/@mui/ico
ns-material/esm/StarB
orderSharp.js (1:0): 
Module level 
directives cause 
errors when bundled, 
"use client" in "node
_modules/@mui/icons-m
aterial/esm/StarBorde
rSharp.js" was 
ignored.
node_modules/@mui/ico
ns-material/esm/StarH
alf.js (1:0): Module 
level directives 
cause errors when 
bundled, "use 
client" in "node_modu
les/@mui/icons-materi
al/esm/StarHalf.js" 
was ignored.
node_modules/@mui/ico
ns-material/esm/StarH
alfOutlined.js 
(1:0): Module level 
directives cause 
errors when bundled, 
"use client" in "node
_modules/@mui/icons-m
aterial/esm/StarHalfO
utlined.js" was 
ignored.
node_modules/@mui/ico
ns-material/esm/StarH
alfSharp.js (1:0): 
Module level 
directives cause 
errors when bundled, 
"use client" in "node
_modules/@mui/icons-m
aterial/esm/StarHalfS
harp.js" was ignored.
node_modules/@mui/ico
ns-material/esm/StarH
alfRounded.js (1:0): 
Module level 
directives cause 
errors when bundled, 
"use client" in "node
_modules/@mui/icons-m
aterial/esm/StarHalfR
ounded.js" was 
ignored.
node_modules/@mui/ico
ns-material/esm/StarH
alfTwoTone.js (1:0): 
Module level 
directives cause 
errors when bundled, 
"use client" in "node
_modules/@mui/icons-m
aterial/esm/StarHalfT
woTone.js" was 
ignored.
node_modules/@mui/ico
ns-material/esm/StarO
utline.js (1:0): 
Module level 
directives cause 
errors when bundled, 
"use client" in "node
_modules/@mui/icons-m
aterial/esm/StarOutli
ne.js" was ignored.
node_modules/@mui/ico
ns-material/esm/StarO
utlineRounded.js 
(1:0): Module level 
directives cause 
errors when bundled, 
"use client" in "node
_modules/@mui/icons-m
aterial/esm/StarOutli
neRounded.js" was 
ignored.
node_modules/@mui/ico
ns-material/esm/StarO
utlineOutlined.js 
(1:0): Module level 
directives cause 
errors when bundled, 
"use client" in "node
_modules/@mui/icons-m
aterial/esm/StarOutli
neOutlined.js" was 
ignored.
node_modules/@mui/ico
ns-material/esm/StarO
utlineSharp.js 
(1:0): Module level 
directives cause 
errors when bundled, 
"use client" in "node
_modules/@mui/icons-m
aterial/esm/StarOutli
neSharp.js" was 
ignored.
node_modules/@mui/ico
ns-material/esm/StarO
utlineTwoTone.js 
(1:0): Module level 
directives cause 
errors when bundled, 
"use client" in "node
_modules/@mui/icons-m
aterial/esm/StarOutli
neTwoTone.js" was 
ignored.
node_modules/@mui/ico
ns-material/esm/StarO
utlined.js (1:0): 
Module level 
directives cause 
errors when bundled, 
"use client" in "node
_modules/@mui/icons-m
aterial/esm/StarOutli
ned.js" was ignored.
node_modules/@mui/ico
ns-material/esm/StarP
urple500.js (1:0): 
Module level 
directives cause 
errors when bundled, 
"use client" in "node
_modules/@mui/icons-m
aterial/esm/StarPurpl
e500.js" was ignored.
node_modules/@mui/ico
ns-material/esm/StarP
urple500Outlined.js 
(1:0): Module level 
directives cause 
errors when bundled, 
"use client" in "node
_modules/@mui/icons-m
aterial/esm/StarPurpl
e500Outlined.js" was 
ignored.
node_modules/@mui/ico
ns-material/esm/StarP
urple500Rounded.js 
(1:0): Module level 
directives cause 
errors when bundled, 
"use client" in "node
_modules/@mui/icons-m
aterial/esm/StarPurpl
e500Rounded.js" was 
ignored.
node_modules/@mui/ico
ns-material/esm/StarP
urple500Sharp.js 
(1:0): Module level 
directives cause 
errors when bundled, 
"use client" in "node
_modules/@mui/icons-m
aterial/esm/StarPurpl
e500Sharp.js" was 
ignored.
node_modules/@mui/ico
ns-material/esm/StarP
urple500TwoTone.js 
(1:0): Module level 
directives cause 
errors when bundled, 
"use client" in "node
_modules/@mui/icons-m
aterial/esm/StarPurpl
e500TwoTone.js" was 
ignored.
node_modules/@mui/ico
ns-material/esm/StarR
ate.js (1:0): Module 
level directives 
cause errors when 
bundled, "use 
client" in "node_modu
les/@mui/icons-materi
al/esm/StarRate.js" 
was ignored.
node_modules/@mui/ico
ns-material/esm/StarR
ateOutlined.js 
(1:0): Module level 
directives cause 
errors when bundled, 
"use client" in "node
_modules/@mui/icons-m
aterial/esm/StarRateO
utlined.js" was 
ignored.
node_modules/@mui/ico
ns-material/esm/StarR
ateRounded.js (1:0): 
Module level 
directives cause 
errors when bundled, 
"use client" in "node
_modules/@mui/icons-m
aterial/esm/StarRateR
ounded.js" was 
ignored.
node_modules/@mui/ico
ns-material/esm/StarR
ateSharp.js (1:0): 
Module level 
directives cause 
errors when bundled, 
"use client" in "node
_modules/@mui/icons-m
aterial/esm/StarRateS
harp.js" was ignored.
node_modules/@mui/ico
ns-material/esm/StarR
ateTwoTone.js (1:0): 
Module level 
directives cause 
errors when bundled, 
"use client" in "node
_modules/@mui/icons-m
aterial/esm/StarRateT
woTone.js" was 
ignored.
node_modules/@mui/ico
ns-material/esm/StarR
ounded.js (1:0): 
Module level 
directives cause 
errors when bundled, 
"use client" in "node
_modules/@mui/icons-m
aterial/esm/StarRound
ed.js" was ignored.
node_modules/@mui/ico
ns-material/esm/StarS
harp.js (1:0): 
Module level 
directives cause 
errors when bundled, 
"use client" in "node
_modules/@mui/icons-m
aterial/esm/StarSharp
.js" was ignored.
node_modules/@mui/ico
ns-material/esm/StarT
woTone.js (1:0): 
Module level 
directives cause 
errors when bundled, 
"use client" in "node
_modules/@mui/icons-m
aterial/esm/StarTwoTo
ne.js" was ignored.
node_modules/@mui/ico
ns-material/esm/Stars
.js (1:0): Module 
level directives 
cause errors when 
bundled, "use 
client" in "node_modu
les/@mui/icons-materi
al/esm/Stars.js" was 
ignored.
node_modules/@mui/ico
ns-material/esm/Stars
Outlined.js (1:0): 
Module level 
directives cause 
errors when bundled, 
"use client" in "node
_modules/@mui/icons-m
aterial/esm/StarsOutl
ined.js" was ignored.
node_modules/@mui/ico
ns-material/esm/Stars
Rounded.js (1:0): 
Module level 
directives cause 
errors when bundled, 
"use client" in "node
_modules/@mui/icons-m
aterial/esm/StarsRoun
ded.js" was ignored.
node_modules/@mui/ico
ns-material/esm/Stars
Sharp.js (1:0): 
Module level 
directives cause 
errors when bundled, 
"use client" in "node
_modules/@mui/icons-m
aterial/esm/StarsShar
p.js" was ignored.
node_modules/@mui/ico
ns-material/esm/Start
.js (1:0): Module 
level directives 
cause errors when 
bundled, "use 
client" in "node_modu
les/@mui/icons-materi
al/esm/Start.js" was 
ignored.
node_modules/@mui/ico
ns-material/esm/Stars
TwoTone.js (1:0): 
Module level 
directives cause 
errors when bundled, 
"use client" in "node
_modules/@mui/icons-m
aterial/esm/StarsTwoT
one.js" was ignored.
node_modules/@mui/ico
ns-material/esm/Start
Outlined.js (1:0): 
Module level 
directives cause 
errors when bundled, 
"use client" in "node
_modules/@mui/icons-m
aterial/esm/StartOutl
ined.js" was ignored.
node_modules/@mui/ico
ns-material/esm/Start
Sharp.js (1:0): 
Module level 
directives cause 
errors when bundled, 
"use client" in "node
_modules/@mui/icons-m
aterial/esm/StartShar
p.js" was ignored.
node_modules/@mui/ico
ns-material/esm/Start
Rounded.js (1:0): 
Module level 
directives cause 
errors when bundled, 
"use client" in "node
_modules/@mui/icons-m
aterial/esm/StartRoun
ded.js" was ignored.
node_modules/@mui/ico
ns-material/esm/Start
TwoTone.js (1:0): 
Module level 
directives cause 
errors when bundled, 
"use client" in "node
_modules/@mui/icons-m
aterial/esm/StartTwoT
one.js" was ignored.
node_modules/@mui/ico
ns-material/esm/StayC
urrentLandscape.js 
(1:0): Module level 
directives cause 
errors when bundled, 
"use client" in "node
_modules/@mui/icons-m
aterial/esm/StayCurre
ntLandscape.js" was 
ignored.
node_modules/@mui/ico
ns-material/esm/StayC
urrentLandscapeOutlin
ed.js (1:0): Module 
level directives 
cause errors when 
bundled, "use 
client" in "node_modu
les/@mui/icons-materi
al/esm/StayCurrentLan
dscapeOutlined.js" 
was ignored.
node_modules/@mui/ico
ns-material/esm/StayC
urrentLandscapeRounde
d.js (1:0): Module 
level directives 
cause errors when 
bundled, "use 
client" in "node_modu
les/@mui/icons-materi
al/esm/StayCurrentLan
dscapeRounded.js" 
was ignored.
node_modules/@mui/ico
ns-material/esm/StayC
urrentLandscapeSharp.
js (1:0): Module 
level directives 
cause errors when 
bundled, "use 
client" in "node_modu
les/@mui/icons-materi
al/esm/StayCurrentLan
dscapeSharp.js" was 
ignored.
node_modules/@mui/ico
ns-material/esm/StayC
urrentLandscapeTwoTon
e.js (1:0): Module 
level directives 
cause errors when 
bundled, "use 
client" in "node_modu
les/@mui/icons-materi
al/esm/StayCurrentLan
dscapeTwoTone.js" 
was ignored.
node_modules/@mui/ico
ns-material/esm/StayC
urrentPortrait.js 
(1:0): Module level 
directives cause 
errors when bundled, 
"use client" in "node
_modules/@mui/icons-m
aterial/esm/StayCurre
ntPortrait.js" was 
ignored.
node_modules/@mui/ico
ns-material/esm/StayC
urrentPortraitOutline
d.js (1:0): Module 
level directives 
cause errors when 
bundled, "use 
client" in "node_modu
les/@mui/icons-materi
al/esm/StayCurrentPor
traitOutlined.js" 
was ignored.
node_modules/@mui/ico
ns-material/esm/StayC
urrentPortraitRounded
.js (1:0): Module 
level directives 
cause errors when 
bundled, "use 
client" in "node_modu
les/@mui/icons-materi
al/esm/StayCurrentPor
traitRounded.js" was 
ignored.
node_modules/@mui/ico
ns-material/esm/StayC
urrentPortraitSharp.j
s (1:0): Module 
level directives 
cause errors when 
bundled, "use 
client" in "node_modu
les/@mui/icons-materi
al/esm/StayCurrentPor
traitSharp.js" was 
ignored.
node_modules/@mui/ico
ns-material/esm/StayC
urrentPortraitTwoTone
.js (1:0): Module 
level directives 
cause errors when 
bundled, "use 
client" in "node_modu
les/@mui/icons-materi
al/esm/StayCurrentPor
traitTwoTone.js" was 
ignored.
node_modules/@mui/ico
ns-material/esm/StayP
rimaryLandscape.js 
(1:0): Module level 
directives cause 
errors when bundled, 
"use client" in "node
_modules/@mui/icons-m
aterial/esm/StayPrima
ryLandscape.js" was 
ignored.
node_modules/@mui/ico
ns-material/esm/StayP
rimaryLandscapeOutlin
ed.js (1:0): Module 
level directives 
cause errors when 
bundled, "use 
client" in "node_modu
les/@mui/icons-materi
al/esm/StayPrimaryLan
dscapeOutlined.js" 
was ignored.
node_modules/@mui/ico
ns-material/esm/StayP
rimaryLandscapeRounde
d.js (1:0): Module 
level directives 
cause errors when 
bundled, "use 
client" in "node_modu
les/@mui/icons-materi
al/esm/StayPrimaryLan
dscapeRounded.js" 
was ignored.
node_modules/@mui/ico
ns-material/esm/StayP
rimaryPortrait.js 
(1:0): Module level 
directives cause 
errors when bundled, 
"use client" in "node
_modules/@mui/icons-m
aterial/esm/StayPrima
ryPortrait.js" was 
ignored.
node_modules/@mui/ico
ns-material/esm/StayP
rimaryLandscapeSharp.
js (1:0): Module 
level directives 
cause errors when 
bundled, "use 
client" in "node_modu
les/@mui/icons-materi
al/esm/StayPrimaryLan
dscapeSharp.js" was 
ignored.
node_modules/@mui/ico
ns-material/esm/StayP
rimaryPortraitOutline
d.js (1:0): Module 
level directives 
cause errors when 
bundled, "use 
client" in "node_modu
les/@mui/icons-materi
al/esm/StayPrimaryPor
traitOutlined.js" 
was ignored.
node_modules/@mui/ico
ns-material/esm/StayP
rimaryPortraitRounded
.js (1:0): Module 
level directives 
cause errors when 
bundled, "use 
client" in "node_modu
les/@mui/icons-materi
al/esm/StayPrimaryPor
traitRounded.js" was 
ignored.
node_modules/@mui/ico
ns-material/esm/StayP
rimaryPortraitTwoTone
.js (1:0): Module 
level directives 
cause errors when 
bundled, "use 
client" in "node_modu
les/@mui/icons-materi
al/esm/StayPrimaryPor
traitTwoTone.js" was 
ignored.
node_modules/@mui/ico
ns-material/esm/StayP
rimaryLandscapeTwoTon
e.js (1:0): Module 
level directives 
cause errors when 
bundled, "use 
client" in "node_modu
les/@mui/icons-materi
al/esm/StayPrimaryLan
dscapeTwoTone.js" 
was ignored.
node_modules/@mui/ico
ns-material/esm/StayP
rimaryPortraitSharp.j
s (1:0): Module 
level directives 
cause errors when 
bundled, "use 
client" in "node_modu
les/@mui/icons-materi
al/esm/StayPrimaryPor
traitSharp.js" was 
ignored.
node_modules/@mui/ico
ns-material/esm/Stick
yNote2.js (1:0): 
Module level 
directives cause 
errors when bundled, 
"use client" in "node
_modules/@mui/icons-m
aterial/esm/StickyNot
e2.js" was ignored.
node_modules/@mui/ico
ns-material/esm/Stick
yNote2Outlined.js 
(1:0): Module level 
directives cause 
errors when bundled, 
"use client" in "node
_modules/@mui/icons-m
aterial/esm/StickyNot
e2Outlined.js" was 
ignored.
node_modules/@mui/ico
ns-material/esm/Stick
yNote2Rounded.js 
(1:0): Module level 
directives cause 
errors when bundled, 
"use client" in "node
_modules/@mui/icons-m
aterial/esm/StickyNot
e2Rounded.js" was 
ignored.
node_modules/@mui/ico
ns-material/esm/Stick
yNote2Sharp.js 
(1:0): Module level 
directives cause 
errors when bundled, 
"use client" in "node
_modules/@mui/icons-m
aterial/esm/StickyNot
e2Sharp.js" was 
ignored.
node_modules/@mui/ico
ns-material/esm/Stick
yNote2TwoTone.js 
(1:0): Module level 
directives cause 
errors when bundled, 
"use client" in "node
_modules/@mui/icons-m
aterial/esm/StickyNot
e2TwoTone.js" was 
ignored.
node_modules/@mui/ico
ns-material/esm/StopC
ircle.js (1:0): 
Module level 
directives cause 
errors when bundled, 
"use client" in "node
_modules/@mui/icons-m
aterial/esm/StopCircl
e.js" was ignored.
node_modules/@mui/ico
ns-material/esm/Stop.
js (1:0): Module 
level directives 
cause errors when 
bundled, "use 
client" in "node_modu
les/@mui/icons-materi
al/esm/Stop.js" was 
ignored.
node_modules/@mui/ico
ns-material/esm/StopC
ircleOutlined.js 
(1:0): Module level 
directives cause 
errors when bundled, 
"use client" in "node
_modules/@mui/icons-m
aterial/esm/StopCircl
eOutlined.js" was 
ignored.
node_modules/@mui/ico
ns-material/esm/StopC
ircleRounded.js 
(1:0): Module level 
directives cause 
errors when bundled, 
"use client" in "node
_modules/@mui/icons-m
aterial/esm/StopCircl
eRounded.js" was 
ignored.
node_modules/@mui/ico
ns-material/esm/StopC
ircleSharp.js (1:0): 
Module level 
directives cause 
errors when bundled, 
"use client" in "node
_modules/@mui/icons-m
aterial/esm/StopCircl
eSharp.js" was 
ignored.
node_modules/@mui/ico
ns-material/esm/StopC
ircleTwoTone.js 
(1:0): Module level 
directives cause 
errors when bundled, 
"use client" in "node
_modules/@mui/icons-m
aterial/esm/StopCircl
eTwoTone.js" was 
ignored.
node_modules/@mui/ico
ns-material/esm/StopO
utlined.js (1:0): 
Module level 
directives cause 
errors when bundled, 
"use client" in "node
_modules/@mui/icons-m
aterial/esm/StopOutli
ned.js" was ignored.
node_modules/@mui/ico
ns-material/esm/StopR
ounded.js (1:0): 
Module level 
directives cause 
errors when bundled, 
"use client" in "node
_modules/@mui/icons-m
aterial/esm/StopRound
ed.js" was ignored.
node_modules/@mui/ico
ns-material/esm/StopS
creenShare.js (1:0): 
Module level 
directives cause 
errors when bundled, 
"use client" in "node
_modules/@mui/icons-m
aterial/esm/StopScree
nShare.js" was 
ignored.
node_modules/@mui/ico
ns-material/esm/StopS
creenShareOutlined.js
 (1:0): Module level 
directives cause 
errors when bundled, 
"use client" in "node
_modules/@mui/icons-m
aterial/esm/StopScree
nShareOutlined.js" 
was ignored.
node_modules/@mui/ico
ns-material/esm/StopS
creenShareSharp.js 
(1:0): Module level 
directives cause 
errors when bundled, 
"use client" in "node
_modules/@mui/icons-m
aterial/esm/StopScree
nShareSharp.js" was 
ignored.
node_modules/@mui/ico
ns-material/esm/StopS
creenShareRounded.js 
(1:0): Module level 
directives cause 
errors when bundled, 
"use client" in "node
_modules/@mui/icons-m
aterial/esm/StopScree
nShareRounded.js" 
was ignored.
node_modules/@mui/ico
ns-material/esm/StopS
creenShareTwoTone.js 
(1:0): Module level 
directives cause 
errors when bundled, 
"use client" in "node
_modules/@mui/icons-m
aterial/esm/StopScree
nShareTwoTone.js" 
was ignored.
node_modules/@mui/ico
ns-material/esm/StopS
harp.js (1:0): 
Module level 
directives cause 
errors when bundled, 
"use client" in "node
_modules/@mui/icons-m
aterial/esm/StopSharp
.js" was ignored.
node_modules/@mui/ico
ns-material/esm/StopT
woTone.js (1:0): 
Module level 
directives cause 
errors when bundled, 
"use client" in "node
_modules/@mui/icons-m
aterial/esm/StopTwoTo
ne.js" was ignored.
node_modules/@mui/ico
ns-material/esm/Stora
ge.js (1:0): Module 
level directives 
cause errors when 
bundled, "use 
client" in "node_modu
les/@mui/icons-materi
al/esm/Storage.js" 
was ignored.
node_modules/@mui/ico
ns-material/esm/Stora
geRounded.js (1:0): 
Module level 
directives cause 
errors when bundled, 
"use client" in "node
_modules/@mui/icons-m
aterial/esm/StorageRo
unded.js" was 
ignored.
node_modules/@mui/ico
ns-material/esm/Stora
geOutlined.js (1:0): 
Module level 
directives cause 
errors when bundled, 
"use client" in "node
_modules/@mui/icons-m
aterial/esm/StorageOu
tlined.js" was 
ignored.
node_modules/@mui/ico
ns-material/esm/Stora
geSharp.js (1:0): 
Module level 
directives cause 
errors when bundled, 
"use client" in "node
_modules/@mui/icons-m
aterial/esm/StorageSh
arp.js" was ignored.
node_modules/@mui/ico
ns-material/esm/Stora
geTwoTone.js (1:0): 
Module level 
directives cause 
errors when bundled, 
"use client" in "node
_modules/@mui/icons-m
aterial/esm/StorageTw
oTone.js" was 
ignored.
node_modules/@mui/ico
ns-material/esm/Store
.js (1:0): Module 
level directives 
cause errors when 
bundled, "use 
client" in "node_modu
les/@mui/icons-materi
al/esm/Store.js" was 
ignored.
node_modules/@mui/ico
ns-material/esm/Store
MallDirectory.js 
(1:0): Module level 
directives cause 
errors when bundled, 
"use client" in "node
_modules/@mui/icons-m
aterial/esm/StoreMall
Directory.js" was 
ignored.
node_modules/@mui/ico
ns-material/esm/Store
MallDirectoryOutlined
.js (1:0): Module 
level directives 
cause errors when 
bundled, "use 
client" in "node_modu
les/@mui/icons-materi
al/esm/StoreMallDirec
toryOutlined.js" was 
ignored.
node_modules/@mui/ico
ns-material/esm/Store
MallDirectoryRounded.
js (1:0): Module 
level directives 
cause errors when 
bundled, "use 
client" in "node_modu
les/@mui/icons-materi
al/esm/StoreMallDirec
toryRounded.js" was 
ignored.
node_modules/@mui/ico
ns-material/esm/Store
MallDirectorySharp.js
 (1:0): Module level 
directives cause 
errors when bundled, 
"use client" in "node
_modules/@mui/icons-m
aterial/esm/StoreMall
DirectorySharp.js" 
was ignored.
node_modules/@mui/ico
ns-material/esm/Store
MallDirectoryTwoTone.
js (1:0): Module 
level directives 
cause errors when 
bundled, "use 
client" in "node_modu
les/@mui/icons-materi
al/esm/StoreMallDirec
toryTwoTone.js" was 
ignored.
node_modules/@mui/ico
ns-material/esm/Store
Rounded.js (1:0): 
Module level 
directives cause 
errors when bundled, 
"use client" in "node
_modules/@mui/icons-m
aterial/esm/StoreRoun
ded.js" was ignored.
node_modules/@mui/ico
ns-material/esm/Store
Outlined.js (1:0): 
Module level 
directives cause 
errors when bundled, 
"use client" in "node
_modules/@mui/icons-m
aterial/esm/StoreOutl
ined.js" was ignored.
node_modules/@mui/ico
ns-material/esm/Store
TwoTone.js (1:0): 
Module level 
directives cause 
errors when bundled, 
"use client" in "node
_modules/@mui/icons-m
aterial/esm/StoreTwoT
one.js" was ignored.
node_modules/@mui/ico
ns-material/esm/Store
Sharp.js (1:0): 
Module level 
directives cause 
errors when bundled, 
"use client" in "node
_modules/@mui/icons-m
aterial/esm/StoreShar
p.js" was ignored.
node_modules/@mui/ico
ns-material/esm/Store
frontOutlined.js 
(1:0): Module level 
directives cause 
errors when bundled, 
"use client" in "node
_modules/@mui/icons-m
aterial/esm/Storefron
tOutlined.js" was 
ignored.
node_modules/@mui/ico
ns-material/esm/Store
front.js (1:0): 
Module level 
directives cause 
errors when bundled, 
"use client" in "node
_modules/@mui/icons-m
aterial/esm/Storefron
t.js" was ignored.
node_modules/@mui/ico
ns-material/esm/Store
frontRounded.js 
(1:0): Module level 
directives cause 
errors when bundled, 
"use client" in "node
_modules/@mui/icons-m
aterial/esm/Storefron
tRounded.js" was 
ignored.
node_modules/@mui/ico
ns-material/esm/Store
frontSharp.js (1:0): 
Module level 
directives cause 
errors when bundled, 
"use client" in "node
_modules/@mui/icons-m
aterial/esm/Storefron
tSharp.js" was 
ignored.
node_modules/@mui/ico
ns-material/esm/Storm
.js (1:0): Module 
level directives 
cause errors when 
bundled, "use 
client" in "node_modu
les/@mui/icons-materi
al/esm/Storm.js" was 
ignored.
node_modules/@mui/ico
ns-material/esm/Store
frontTwoTone.js 
(1:0): Module level 
directives cause 
errors when bundled, 
"use client" in "node
_modules/@mui/icons-m
aterial/esm/Storefron
tTwoTone.js" was 
ignored.
node_modules/@mui/ico
ns-material/esm/Storm
Outlined.js (1:0): 
Module level 
directives cause 
errors when bundled, 
"use client" in "node
_modules/@mui/icons-m
aterial/esm/StormOutl
ined.js" was ignored.
node_modules/@mui/ico
ns-material/esm/Storm
Rounded.js (1:0): 
Module level 
directives cause 
errors when bundled, 
"use client" in "node
_modules/@mui/icons-m
aterial/esm/StormRoun
ded.js" was ignored.
node_modules/@mui/ico
ns-material/esm/Storm
Sharp.js (1:0): 
Module level 
directives cause 
errors when bundled, 
"use client" in "node
_modules/@mui/icons-m
aterial/esm/StormShar
p.js" was ignored.
node_modules/@mui/ico
ns-material/esm/Storm
TwoTone.js (1:0): 
Module level 
directives cause 
errors when bundled, 
"use client" in "node
_modules/@mui/icons-m
aterial/esm/StormTwoT
one.js" was ignored.
node_modules/@mui/ico
ns-material/esm/Strai
ght.js (1:0): Module 
level directives 
cause errors when 
bundled, "use 
client" in "node_modu
les/@mui/icons-materi
al/esm/Straight.js" 
was ignored.
node_modules/@mui/ico
ns-material/esm/Strai
ghtOutlined.js 
(1:0): Module level 
directives cause 
errors when bundled, 
"use client" in "node
_modules/@mui/icons-m
aterial/esm/StraightO
utlined.js" was 
ignored.
node_modules/@mui/ico
ns-material/esm/Strai
ghtSharp.js (1:0): 
Module level 
directives cause 
errors when bundled, 
"use client" in "node
_modules/@mui/icons-m
aterial/esm/StraightS
harp.js" was ignored.
node_modules/@mui/ico
ns-material/esm/Strai
ghtTwoTone.js (1:0): 
Module level 
directives cause 
errors when bundled, 
"use client" in "node
_modules/@mui/icons-m
aterial/esm/StraightT
woTone.js" was 
ignored.
node_modules/@mui/ico
ns-material/esm/Strai
ghtRounded.js (1:0): 
Module level 
directives cause 
errors when bundled, 
"use client" in "node
_modules/@mui/icons-m
aterial/esm/StraightR
ounded.js" was 
ignored.
node_modules/@mui/ico
ns-material/esm/Strai
ghtenRounded.js 
(1:0): Module level 
directives cause 
errors when bundled, 
"use client" in "node
_modules/@mui/icons-m
aterial/esm/Straighte
nRounded.js" was 
ignored.
node_modules/@mui/ico
ns-material/esm/Strai
ghtenOutlined.js 
(1:0): Module level 
directives cause 
errors when bundled, 
"use client" in "node
_modules/@mui/icons-m
aterial/esm/Straighte
nOutlined.js" was 
ignored.
node_modules/@mui/ico
ns-material/esm/Strai
ghtenSharp.js (1:0): 
Module level 
directives cause 
errors when bundled, 
"use client" in "node
_modules/@mui/icons-m
aterial/esm/Straighte
nSharp.js" was 
ignored.
node_modules/@mui/ico
ns-material/esm/Strai
ghten.js (1:0): 
Module level 
directives cause 
errors when bundled, 
"use client" in "node
_modules/@mui/icons-m
aterial/esm/Straighte
n.js" was ignored.
node_modules/@mui/ico
ns-material/esm/Strai
ghtenTwoTone.js 
(1:0): Module level 
directives cause 
errors when bundled, 
"use client" in "node
_modules/@mui/icons-m
aterial/esm/Straighte
nTwoTone.js" was 
ignored.
node_modules/@mui/ico
ns-material/esm/Strea
m.js (1:0): Module 
level directives 
cause errors when 
bundled, "use 
client" in "node_modu
les/@mui/icons-materi
al/esm/Stream.js" 
was ignored.
node_modules/@mui/ico
ns-material/esm/Strea
mOutlined.js (1:0): 
Module level 
directives cause 
errors when bundled, 
"use client" in "node
_modules/@mui/icons-m
aterial/esm/StreamOut
lined.js" was 
ignored.
node_modules/@mui/ico
ns-material/esm/Strea
mRounded.js (1:0): 
Module level 
directives cause 
errors when bundled, 
"use client" in "node
_modules/@mui/icons-m
aterial/esm/StreamRou
nded.js" was ignored.
node_modules/@mui/ico
ns-material/esm/Strea
mTwoTone.js (1:0): 
Module level 
directives cause 
errors when bundled, 
"use client" in "node
_modules/@mui/icons-m
aterial/esm/StreamTwo
Tone.js" was ignored.
node_modules/@mui/ico
ns-material/esm/Strea
mSharp.js (1:0): 
Module level 
directives cause 
errors when bundled, 
"use client" in "node
_modules/@mui/icons-m
aterial/esm/StreamSha
rp.js" was ignored.
node_modules/@mui/ico
ns-material/esm/Stree
tview.js (1:0): 
Module level 
directives cause 
errors when bundled, 
"use client" in "node
_modules/@mui/icons-m
aterial/esm/Streetvie
w.js" was ignored.
node_modules/@mui/ico
ns-material/esm/Stree
tviewOutlined.js 
(1:0): Module level 
directives cause 
errors when bundled, 
"use client" in "node
_modules/@mui/icons-m
aterial/esm/Streetvie
wOutlined.js" was 
ignored.
node_modules/@mui/ico
ns-material/esm/Stree
tviewRounded.js 
(1:0): Module level 
directives cause 
errors when bundled, 
"use client" in "node
_modules/@mui/icons-m
aterial/esm/Streetvie
wRounded.js" was 
ignored.
node_modules/@mui/ico
ns-material/esm/Stree
tviewSharp.js (1:0): 
Module level 
directives cause 
errors when bundled, 
"use client" in "node
_modules/@mui/icons-m
aterial/esm/Streetvie
wSharp.js" was 
ignored.
node_modules/@mui/ico
ns-material/esm/Stree
tviewTwoTone.js 
(1:0): Module level 
directives cause 
errors when bundled, 
"use client" in "node
_modules/@mui/icons-m
aterial/esm/Streetvie
wTwoTone.js" was 
ignored.
node_modules/@mui/ico
ns-material/esm/Strik
ethroughS.js (1:0): 
Module level 
directives cause 
errors when bundled, 
"use client" in "node
_modules/@mui/icons-m
aterial/esm/Strikethr
oughS.js" was 
ignored.
node_modules/@mui/ico
ns-material/esm/Strik
ethroughSRounded.js 
(1:0): Module level 
directives cause 
errors when bundled, 
"use client" in "node
_modules/@mui/icons-m
aterial/esm/Strikethr
oughSRounded.js" was 
ignored.
node_modules/@mui/ico
ns-material/esm/Strik
ethroughSOutlined.js 
(1:0): Module level 
directives cause 
errors when bundled, 
"use client" in "node
_modules/@mui/icons-m
aterial/esm/Strikethr
oughSOutlined.js" 
was ignored.
node_modules/@mui/ico
ns-material/esm/Strik
ethroughSSharp.js 
(1:0): Module level 
directives cause 
errors when bundled, 
"use client" in "node
_modules/@mui/icons-m
aterial/esm/Strikethr
oughSSharp.js" was 
ignored.
node_modules/@mui/ico
ns-material/esm/Strik
ethroughSTwoTone.js 
(1:0): Module level 
directives cause 
errors when bundled, 
"use client" in "node
_modules/@mui/icons-m
aterial/esm/Strikethr
oughSTwoTone.js" was 
ignored.
node_modules/@mui/ico
ns-material/esm/Strol
ler.js (1:0): Module 
level directives 
cause errors when 
bundled, "use 
client" in "node_modu
les/@mui/icons-materi
al/esm/Stroller.js" 
was ignored.
node_modules/@mui/ico
ns-material/esm/Strol
lerRounded.js (1:0): 
Module level 
directives cause 
errors when bundled, 
"use client" in "node
_modules/@mui/icons-m
aterial/esm/StrollerR
ounded.js" was 
ignored.
node_modules/@mui/ico
ns-material/esm/Strol
lerOutlined.js 
(1:0): Module level 
directives cause 
errors when bundled, 
"use client" in "node
_modules/@mui/icons-m
aterial/esm/StrollerO
utlined.js" was 
ignored.
node_modules/@mui/ico
ns-material/esm/Strol
lerSharp.js (1:0): 
Module level 
directives cause 
errors when bundled, 
"use client" in "node
_modules/@mui/icons-m
aterial/esm/StrollerS
harp.js" was ignored.
node_modules/@mui/ico
ns-material/esm/Strol
lerTwoTone.js (1:0): 
Module level 
directives cause 
errors when bundled, 
"use client" in "node
_modules/@mui/icons-m
aterial/esm/StrollerT
woTone.js" was 
ignored.
node_modules/@mui/ico
ns-material/esm/Style
Outlined.js (1:0): 
Module level 
directives cause 
errors when bundled, 
"use client" in "node
_modules/@mui/icons-m
aterial/esm/StyleOutl
ined.js" was ignored.
node_modules/@mui/ico
ns-material/esm/Style
Rounded.js (1:0): 
Module level 
directives cause 
errors when bundled, 
"use client" in "node
_modules/@mui/icons-m
aterial/esm/StyleRoun
ded.js" was ignored.
node_modules/@mui/ico
ns-material/esm/Style
Sharp.js (1:0): 
Module level 
directives cause 
errors when bundled, 
"use client" in "node
_modules/@mui/icons-m
aterial/esm/StyleShar
p.js" was ignored.
node_modules/@mui/ico
ns-material/esm/Subdi
rectoryArrowLeft.js 
(1:0): Module level 
directives cause 
errors when bundled, 
"use client" in "node
_modules/@mui/icons-m
aterial/esm/Subdirect
oryArrowLeft.js" was 
ignored.
node_modules/@mui/ico
ns-material/esm/Style
TwoTone.js (1:0): 
Module level 
directives cause 
errors when bundled, 
"use client" in "node
_modules/@mui/icons-m
aterial/esm/StyleTwoT
one.js" was ignored.
node_modules/@mui/ico
ns-material/esm/Subdi
rectoryArrowLeftOutli
ned.js (1:0): Module 
level directives 
cause errors when 
bundled, "use 
client" in "node_modu
les/@mui/icons-materi
al/esm/SubdirectoryAr
rowLeftOutlined.js" 
was ignored.
node_modules/@mui/ico
ns-material/esm/Subdi
rectoryArrowLeftRound
ed.js (1:0): Module 
level directives 
cause errors when 
bundled, "use 
client" in "node_modu
les/@mui/icons-materi
al/esm/SubdirectoryAr
rowLeftRounded.js" 
was ignored.
node_modules/@mui/ico
ns-material/esm/Style
.js (1:0): Module 
level directives 
cause errors when 
bundled, "use 
client" in "node_modu
les/@mui/icons-materi
al/esm/Style.js" was 
ignored.
node_modules/@mui/ico
ns-material/esm/Subdi
rectoryArrowLeftSharp
.js (1:0): Module 
level directives 
cause errors when 
bundled, "use 
client" in "node_modu
les/@mui/icons-materi
al/esm/SubdirectoryAr
rowLeftSharp.js" was 
ignored.
node_modules/@mui/ico
ns-material/esm/Subdi
rectoryArrowRight.js 
(1:0): Module level 
directives cause 
errors when bundled, 
"use client" in "node
_modules/@mui/icons-m
aterial/esm/Subdirect
oryArrowRight.js" 
was ignored.
node_modules/@mui/ico
ns-material/esm/Subdi
rectoryArrowLeftTwoTo
ne.js (1:0): Module 
level directives 
cause errors when 
bundled, "use 
client" in "node_modu
les/@mui/icons-materi
al/esm/SubdirectoryAr
rowLeftTwoTone.js" 
was ignored.
node_modules/@mui/ico
ns-material/esm/Subdi
rectoryArrowRightOutl
ined.js (1:0): 
Module level 
directives cause 
errors when bundled, 
"use client" in "node
_modules/@mui/icons-m
aterial/esm/Subdirect
oryArrowRightOutlined
.js" was ignored.
node_modules/@mui/ico
ns-material/esm/Subdi
rectoryArrowRightRoun
ded.js (1:0): Module 
level directives 
cause errors when 
bundled, "use 
client" in "node_modu
les/@mui/icons-materi
al/esm/SubdirectoryAr
rowRightRounded.js" 
was ignored.
node_modules/@mui/ico
ns-material/esm/Subdi
rectoryArrowRightShar
p.js (1:0): Module 
level directives 
cause errors when 
bundled, "use 
client" in "node_modu
les/@mui/icons-materi
al/esm/SubdirectoryAr
rowRightSharp.js" 
was ignored.
node_modules/@mui/ico
ns-material/esm/Subdi
rectoryArrowRightTwoT
one.js (1:0): Module 
level directives 
cause errors when 
bundled, "use 
client" in "node_modu
les/@mui/icons-materi
al/esm/SubdirectoryAr
rowRightTwoTone.js" 
was ignored.
node_modules/@mui/ico
ns-material/esm/Subje
ct.js (1:0): Module 
level directives 
cause errors when 
bundled, "use 
client" in "node_modu
les/@mui/icons-materi
al/esm/Subject.js" 
was ignored.
node_modules/@mui/ico
ns-material/esm/Subje
ctOutlined.js (1:0): 
Module level 
directives cause 
errors when bundled, 
"use client" in "node
_modules/@mui/icons-m
aterial/esm/SubjectOu
tlined.js" was 
ignored.
node_modules/@mui/ico
ns-material/esm/Subje
ctRounded.js (1:0): 
Module level 
directives cause 
errors when bundled, 
"use client" in "node
_modules/@mui/icons-m
aterial/esm/SubjectRo
unded.js" was 
ignored.
node_modules/@mui/ico
ns-material/esm/Subje
ctTwoTone.js (1:0): 
Module level 
directives cause 
errors when bundled, 
"use client" in "node
_modules/@mui/icons-m
aterial/esm/SubjectTw
oTone.js" was 
ignored.
node_modules/@mui/ico
ns-material/esm/Subsc
ript.js (1:0): 
Module level 
directives cause 
errors when bundled, 
"use client" in "node
_modules/@mui/icons-m
aterial/esm/Subscript
.js" was ignored.
node_modules/@mui/ico
ns-material/esm/Subje
ctSharp.js (1:0): 
Module level 
directives cause 
errors when bundled, 
"use client" in "node
_modules/@mui/icons-m
aterial/esm/SubjectSh
arp.js" was ignored.
node_modules/@mui/ico
ns-material/esm/Subsc
riptOutlined.js 
(1:0): Module level 
directives cause 
errors when bundled, 
"use client" in "node
_modules/@mui/icons-m
aterial/esm/Subscript
Outlined.js" was 
ignored.
node_modules/@mui/ico
ns-material/esm/Subsc
riptRounded.js 
(1:0): Module level 
directives cause 
errors when bundled, 
"use client" in "node
_modules/@mui/icons-m
aterial/esm/Subscript
Rounded.js" was 
ignored.
node_modules/@mui/ico
ns-material/esm/Subsc
riptTwoTone.js 
(1:0): Module level 
directives cause 
errors when bundled, 
"use client" in "node
_modules/@mui/icons-m
aterial/esm/Subscript
TwoTone.js" was 
ignored.
node_modules/@mui/ico
ns-material/esm/Subsc
riptions.js (1:0): 
Module level 
directives cause 
errors when bundled, 
"use client" in "node
_modules/@mui/icons-m
aterial/esm/Subscript
ions.js" was ignored.
node_modules/@mui/ico
ns-material/esm/Subsc
riptionsOutlined.js 
(1:0): Module level 
directives cause 
errors when bundled, 
"use client" in "node
_modules/@mui/icons-m
aterial/esm/Subscript
ionsOutlined.js" was 
ignored.
node_modules/@mui/ico
ns-material/esm/Subsc
riptionsRounded.js 
(1:0): Module level 
directives cause 
errors when bundled, 
"use client" in "node
_modules/@mui/icons-m
aterial/esm/Subscript
ionsRounded.js" was 
ignored.
node_modules/@mui/ico
ns-material/esm/Subsc
riptSharp.js (1:0): 
Module level 
directives cause 
errors when bundled, 
"use client" in "node
_modules/@mui/icons-m
aterial/esm/Subscript
Sharp.js" was 
ignored.
node_modules/@mui/ico
ns-material/esm/Subsc
riptionsSharp.js 
(1:0): Module level 
directives cause 
errors when bundled, 
"use client" in "node
_modules/@mui/icons-m
aterial/esm/Subscript
ionsSharp.js" was 
ignored.
node_modules/@mui/ico
ns-material/esm/Subsc
riptionsTwoTone.js 
(1:0): Module level 
directives cause 
errors when bundled, 
"use client" in "node
_modules/@mui/icons-m
aterial/esm/Subscript
ionsTwoTone.js" was 
ignored.
node_modules/@mui/ico
ns-material/esm/Subti
tles.js (1:0): 
Module level 
directives cause 
errors when bundled, 
"use client" in "node
_modules/@mui/icons-m
aterial/esm/Subtitles
.js" was ignored.
node_modules/@mui/ico
ns-material/esm/Subti
tlesOff.js (1:0): 
Module level 
directives cause 
errors when bundled, 
"use client" in "node
_modules/@mui/icons-m
aterial/esm/Subtitles
Off.js" was ignored.
node_modules/@mui/ico
ns-material/esm/Subti
tlesOffOutlined.js 
(1:0): Module level 
directives cause 
errors when bundled, 
"use client" in "node
_modules/@mui/icons-m
aterial/esm/Subtitles
OffOutlined.js" was 
ignored.
node_modules/@mui/ico
ns-material/esm/Subti
tlesOffTwoTone.js 
(1:0): Module level 
directives cause 
errors when bundled, 
"use client" in "node
_modules/@mui/icons-m
aterial/esm/Subtitles
OffTwoTone.js" was 
ignored.
node_modules/@mui/ico
ns-material/esm/Subti
tlesOffSharp.js 
(1:0): Module level 
directives cause 
errors when bundled, 
"use client" in "node
_modules/@mui/icons-m
aterial/esm/Subtitles
OffSharp.js" was 
ignored.
node_modules/@mui/ico
ns-material/esm/Subti
tlesRounded.js 
(1:0): Module level 
directives cause 
errors when bundled, 
"use client" in "node
_modules/@mui/icons-m
aterial/esm/Subtitles
Rounded.js" was 
ignored.
node_modules/@mui/ico
ns-material/esm/Subti
tlesSharp.js (1:0): 
Module level 
directives cause 
errors when bundled, 
"use client" in "node
_modules/@mui/icons-m
aterial/esm/Subtitles
Sharp.js" was 
ignored.
node_modules/@mui/ico
ns-material/esm/Subwa
yRounded.js (1:0): 
Module level 
directives cause 
errors when bundled, 
"use client" in "node
_modules/@mui/icons-m
aterial/esm/SubwayRou
nded.js" was ignored.
node_modules/@mui/ico
ns-material/esm/Subwa
y.js (1:0): Module 
level directives 
cause errors when 
bundled, "use 
client" in "node_modu
les/@mui/icons-materi
al/esm/Subway.js" 
was ignored.
node_modules/@mui/ico
ns-material/esm/Subti
tlesOffRounded.js 
(1:0): Module level 
directives cause 
errors when bundled, 
"use client" in "node
_modules/@mui/icons-m
aterial/esm/Subtitles
OffRounded.js" was 
ignored.
node_modules/@mui/ico
ns-material/esm/Subwa
ySharp.js (1:0): 
Module level 
directives cause 
errors when bundled, 
"use client" in "node
_modules/@mui/icons-m
aterial/esm/SubwaySha
rp.js" was ignored.
node_modules/@mui/ico
ns-material/esm/Summa
rize.js (1:0): 
Module level 
directives cause 
errors when bundled, 
"use client" in "node
_modules/@mui/icons-m
aterial/esm/Summarize
.js" was ignored.
node_modules/@mui/ico
ns-material/esm/Subti
tlesTwoTone.js 
(1:0): Module level 
directives cause 
errors when bundled, 
"use client" in "node
_modules/@mui/icons-m
aterial/esm/Subtitles
TwoTone.js" was 
ignored.
node_modules/@mui/ico
ns-material/esm/Summa
rizeOutlined.js 
(1:0): Module level 
directives cause 
errors when bundled, 
"use client" in "node
_modules/@mui/icons-m
aterial/esm/Summarize
Outlined.js" was 
ignored.
node_modules/@mui/ico
ns-material/esm/Summa
rizeRounded.js 
(1:0): Module level 
directives cause 
errors when bundled, 
"use client" in "node
_modules/@mui/icons-m
aterial/esm/Summarize
Rounded.js" was 
ignored.
node_modules/@mui/ico
ns-material/esm/Summa
rizeTwoTone.js 
(1:0): Module level 
directives cause 
errors when bundled, 
"use client" in "node
_modules/@mui/icons-m
aterial/esm/Summarize
TwoTone.js" was 
ignored.
node_modules/@mui/ico
ns-material/esm/Subwa
yTwoTone.js (1:0): 
Module level 
directives cause 
errors when bundled, 
"use client" in "node
_modules/@mui/icons-m
aterial/esm/SubwayTwo
Tone.js" was ignored.
node_modules/@mui/ico
ns-material/esm/Super
scriptOutlined.js 
(1:0): Module level 
directives cause 
errors when bundled, 
"use client" in "node
_modules/@mui/icons-m
aterial/esm/Superscri
ptOutlined.js" was 
ignored.
node_modules/@mui/ico
ns-material/esm/Summa
rizeSharp.js (1:0): 
Module level 
directives cause 
errors when bundled, 
"use client" in "node
_modules/@mui/icons-m
aterial/esm/Summarize
Sharp.js" was 
ignored.
node_modules/@mui/ico
ns-material/esm/Super
scriptSharp.js 
(1:0): Module level 
directives cause 
errors when bundled, 
"use client" in "node
_modules/@mui/icons-m
aterial/esm/Superscri
ptSharp.js" was 
ignored.
node_modules/@mui/ico
ns-material/esm/Subti
tlesOutlined.js 
(1:0): Module level 
directives cause 
errors when bundled, 
"use client" in "node
_modules/@mui/icons-m
aterial/esm/Subtitles
Outlined.js" was 
ignored.
node_modules/@mui/ico
ns-material/esm/Super
visedUserCircle.js 
(1:0): Module level 
directives cause 
errors when bundled, 
"use client" in "node
_modules/@mui/icons-m
aterial/esm/Supervise
dUserCircle.js" was 
ignored.
node_modules/@mui/ico
ns-material/esm/Super
scriptRounded.js 
(1:0): Module level 
directives cause 
errors when bundled, 
"use client" in "node
_modules/@mui/icons-m
aterial/esm/Superscri
ptRounded.js" was 
ignored.
node_modules/@mui/ico
ns-material/esm/Super
scriptTwoTone.js 
(1:0): Module level 
directives cause 
errors when bundled, 
"use client" in "node
_modules/@mui/icons-m
aterial/esm/Superscri
ptTwoTone.js" was 
ignored.
node_modules/@mui/ico
ns-material/esm/Super
visedUserCircleOutlin
ed.js (1:0): Module 
level directives 
cause errors when 
bundled, "use 
client" in "node_modu
les/@mui/icons-materi
al/esm/SupervisedUser
CircleOutlined.js" 
was ignored.
node_modules/@mui/ico
ns-material/esm/Super
script.js (1:0): 
Module level 
directives cause 
errors when bundled, 
"use client" in "node
_modules/@mui/icons-m
aterial/esm/Superscri
pt.js" was ignored.
node_modules/@mui/ico
ns-material/esm/Subwa
yOutlined.js (1:0): 
Module level 
directives cause 
errors when bundled, 
"use client" in "node
_modules/@mui/icons-m
aterial/esm/SubwayOut
lined.js" was 
ignored.
node_modules/@mui/ico
ns-material/esm/Super
visedUserCircleRounde
d.js (1:0): Module 
level directives 
cause errors when 
bundled, "use 
client" in "node_modu
les/@mui/icons-materi
al/esm/SupervisedUser
CircleRounded.js" 
was ignored.
node_modules/@mui/ico
ns-material/esm/Super
visedUserCircleTwoTon
e.js (1:0): Module 
level directives 
cause errors when 
bundled, "use 
client" in "node_modu
les/@mui/icons-materi
al/esm/SupervisedUser
CircleTwoTone.js" 
was ignored.
node_modules/@mui/ico
ns-material/esm/Super
visorAccount.js 
(1:0): Module level 
directives cause 
errors when bundled, 
"use client" in "node
_modules/@mui/icons-m
aterial/esm/Superviso
rAccount.js" was 
ignored.
node_modules/@mui/ico
ns-material/esm/Super
visedUserCircleSharp.
js (1:0): Module 
level directives 
cause errors when 
bundled, "use 
client" in "node_modu
les/@mui/icons-materi
al/esm/SupervisedUser
CircleSharp.js" was 
ignored.
node_modules/@mui/ico
ns-material/esm/Super
visorAccountRounded.j
s (1:0): Module 
level directives 
cause errors when 
bundled, "use 
client" in "node_modu
les/@mui/icons-materi
al/esm/SupervisorAcco
untRounded.js" was 
ignored.
node_modules/@mui/ico
ns-material/esm/Super
visorAccountOutlined.
js (1:0): Module 
level directives 
cause errors when 
bundled, "use 
client" in "node_modu
les/@mui/icons-materi
al/esm/SupervisorAcco
untOutlined.js" was 
ignored.
node_modules/@mui/ico
ns-material/esm/Super
visorAccountSharp.js 
(1:0): Module level 
directives cause 
errors when bundled, 
"use client" in "node
_modules/@mui/icons-m
aterial/esm/Superviso
rAccountSharp.js" 
was ignored.
node_modules/@mui/ico
ns-material/esm/Super
visorAccountTwoTone.j
s (1:0): Module 
level directives 
cause errors when 
bundled, "use 
client" in "node_modu
les/@mui/icons-materi
al/esm/SupervisorAcco
untTwoTone.js" was 
ignored.
node_modules/@mui/ico
ns-material/esm/Suppo
rt.js (1:0): Module 
level directives 
cause errors when 
bundled, "use 
client" in "node_modu
les/@mui/icons-materi
al/esm/Support.js" 
was ignored.
node_modules/@mui/ico
ns-material/esm/Suppo
rtAgent.js (1:0): 
Module level 
directives cause 
errors when bundled, 
"use client" in "node
_modules/@mui/icons-m
aterial/esm/SupportAg
ent.js" was ignored.
node_modules/@mui/ico
ns-material/esm/Suppo
rtAgentOutlined.js 
(1:0): Module level 
directives cause 
errors when bundled, 
"use client" in "node
_modules/@mui/icons-m
aterial/esm/SupportAg
entOutlined.js" was 
ignored.
node_modules/@mui/ico
ns-material/esm/Suppo
rtAgentRounded.js 
(1:0): Module level 
directives cause 
errors when bundled, 
"use client" in "node
_modules/@mui/icons-m
aterial/esm/SupportAg
entRounded.js" was 
ignored.
node_modules/@mui/ico
ns-material/esm/Suppo
rtAgentTwoTone.js 
(1:0): Module level 
directives cause 
errors when bundled, 
"use client" in "node
_modules/@mui/icons-m
aterial/esm/SupportAg
entTwoTone.js" was 
ignored.
node_modules/@mui/ico
ns-material/esm/Suppo
rtRounded.js (1:0): 
Module level 
directives cause 
errors when bundled, 
"use client" in "node
_modules/@mui/icons-m
aterial/esm/SupportRo
unded.js" was 
ignored.
node_modules/@mui/ico
ns-material/esm/Suppo
rtOutlined.js (1:0): 
Module level 
directives cause 
errors when bundled, 
"use client" in "node
_modules/@mui/icons-m
aterial/esm/SupportOu
tlined.js" was 
ignored.
node_modules/@mui/ico
ns-material/esm/Suppo
rtAgentSharp.js 
(1:0): Module level 
directives cause 
errors when bundled, 
"use client" in "node
_modules/@mui/icons-m
aterial/esm/SupportAg
entSharp.js" was 
ignored.
node_modules/@mui/ico
ns-material/esm/Suppo
rtTwoTone.js (1:0): 
Module level 
directives cause 
errors when bundled, 
"use client" in "node
_modules/@mui/icons-m
aterial/esm/SupportTw
oTone.js" was 
ignored.
node_modules/@mui/ico
ns-material/esm/Suppo
rtSharp.js (1:0): 
Module level 
directives cause 
errors when bundled, 
"use client" in "node
_modules/@mui/icons-m
aterial/esm/SupportSh
arp.js" was ignored.
node_modules/@mui/ico
ns-material/esm/Surfi
ng.js (1:0): Module 
level directives 
cause errors when 
bundled, "use 
client" in "node_modu
les/@mui/icons-materi
al/esm/Surfing.js" 
was ignored.
node_modules/@mui/ico
ns-material/esm/Surfi
ngRounded.js (1:0): 
Module level 
directives cause 
errors when bundled, 
"use client" in "node
_modules/@mui/icons-m
aterial/esm/SurfingRo
unded.js" was 
ignored.
node_modules/@mui/ico
ns-material/esm/Surro
undSound.js (1:0): 
Module level 
directives cause 
errors when bundled, 
"use client" in "node
_modules/@mui/icons-m
aterial/esm/SurroundS
ound.js" was ignored.
node_modules/@mui/ico
ns-material/esm/Surfi
ngSharp.js (1:0): 
Module level 
directives cause 
errors when bundled, 
"use client" in "node
_modules/@mui/icons-m
aterial/esm/SurfingSh
arp.js" was ignored.
node_modules/@mui/ico
ns-material/esm/Surfi
ngTwoTone.js (1:0): 
Module level 
directives cause 
errors when bundled, 
"use client" in "node
_modules/@mui/icons-m
aterial/esm/SurfingTw
oTone.js" was 
ignored.
node_modules/@mui/ico
ns-material/esm/Surro
undSoundRounded.js 
(1:0): Module level 
directives cause 
errors when bundled, 
"use client" in "node
_modules/@mui/icons-m
aterial/esm/SurroundS
oundRounded.js" was 
ignored.
node_modules/@mui/ico
ns-material/esm/Surro
undSoundSharp.js 
(1:0): Module level 
directives cause 
errors when bundled, 
"use client" in "node
_modules/@mui/icons-m
aterial/esm/SurroundS
oundSharp.js" was 
ignored.
node_modules/@mui/ico
ns-material/esm/Surro
undSoundOutlined.js 
(1:0): Module level 
directives cause 
errors when bundled, 
"use client" in "node
_modules/@mui/icons-m
aterial/esm/SurroundS
oundOutlined.js" was 
ignored.
node_modules/@mui/ico
ns-material/esm/Surro
undSoundTwoTone.js 
(1:0): Module level 
directives cause 
errors when bundled, 
"use client" in "node
_modules/@mui/icons-m
aterial/esm/SurroundS
oundTwoTone.js" was 
ignored.
node_modules/@mui/ico
ns-material/esm/SwapC
allsOutlined.js 
(1:0): Module level 
directives cause 
errors when bundled, 
"use client" in "node
_modules/@mui/icons-m
aterial/esm/SwapCalls
Outlined.js" was 
ignored.
node_modules/@mui/ico
ns-material/esm/SwapC
alls.js (1:0): 
Module level 
directives cause 
errors when bundled, 
"use client" in "node
_modules/@mui/icons-m
aterial/esm/SwapCalls
.js" was ignored.
node_modules/@mui/ico
ns-material/esm/SwapC
allsRounded.js 
(1:0): Module level 
directives cause 
errors when bundled, 
"use client" in "node
_modules/@mui/icons-m
aterial/esm/SwapCalls
Rounded.js" was 
ignored.
node_modules/@mui/ico
ns-material/esm/SwapC
allsTwoTone.js 
(1:0): Module level 
directives cause 
errors when bundled, 
"use client" in "node
_modules/@mui/icons-m
aterial/esm/SwapCalls
TwoTone.js" was 
ignored.
node_modules/@mui/ico
ns-material/esm/Surfi
ngOutlined.js (1:0): 
Module level 
directives cause 
errors when bundled, 
"use client" in "node
_modules/@mui/icons-m
aterial/esm/SurfingOu
tlined.js" was 
ignored.
node_modules/@mui/ico
ns-material/esm/SwapC
allsSharp.js (1:0): 
Module level 
directives cause 
errors when bundled, 
"use client" in "node
_modules/@mui/icons-m
aterial/esm/SwapCalls
Sharp.js" was 
ignored.
node_modules/@mui/ico
ns-material/esm/SwapH
oriz.js (1:0): 
Module level 
directives cause 
errors when bundled, 
"use client" in "node
_modules/@mui/icons-m
aterial/esm/SwapHoriz
.js" was ignored.
node_modules/@mui/ico
ns-material/esm/SwapH
orizRounded.js 
(1:0): Module level 
directives cause 
errors when bundled, 
"use client" in "node
_modules/@mui/icons-m
aterial/esm/SwapHoriz
Rounded.js" was 
ignored.
node_modules/@mui/ico
ns-material/esm/SwapH
orizSharp.js (1:0): 
Module level 
directives cause 
errors when bundled, 
"use client" in "node
_modules/@mui/icons-m
aterial/esm/SwapHoriz
Sharp.js" was 
ignored.
node_modules/@mui/ico
ns-material/esm/SwapH
orizTwoTone.js 
(1:0): Module level 
directives cause 
errors when bundled, 
"use client" in "node
_modules/@mui/icons-m
aterial/esm/SwapHoriz
TwoTone.js" was 
ignored.
node_modules/@mui/ico
ns-material/esm/SwapH
orizontalCircle.js 
(1:0): Module level 
directives cause 
errors when bundled, 
"use client" in "node
_modules/@mui/icons-m
aterial/esm/SwapHoriz
ontalCircle.js" was 
ignored.
node_modules/@mui/ico
ns-material/esm/SwapH
orizontalCircleRounde
d.js (1:0): Module 
level directives 
cause errors when 
bundled, "use 
client" in "node_modu
les/@mui/icons-materi
al/esm/SwapHorizontal
CircleRounded.js" 
was ignored.
node_modules/@mui/ico
ns-material/esm/SwapH
orizontalCircleOutlin
ed.js (1:0): Module 
level directives 
cause errors when 
bundled, "use 
client" in "node_modu
les/@mui/icons-materi
al/esm/SwapHorizontal
CircleOutlined.js" 
was ignored.
node_modules/@mui/ico
ns-material/esm/SwapH
orizOutlined.js 
(1:0): Module level 
directives cause 
errors when bundled, 
"use client" in "node
_modules/@mui/icons-m
aterial/esm/SwapHoriz
Outlined.js" was 
ignored.
node_modules/@mui/ico
ns-material/esm/SwapH
orizontalCircleTwoTon
e.js (1:0): Module 
level directives 
cause errors when 
bundled, "use 
client" in "node_modu
les/@mui/icons-materi
al/esm/SwapHorizontal
CircleTwoTone.js" 
was ignored.
node_modules/@mui/ico
ns-material/esm/SwapH
orizontalCircleSharp.
js (1:0): Module 
level directives 
cause errors when 
bundled, "use 
client" in "node_modu
les/@mui/icons-materi
al/esm/SwapHorizontal
CircleSharp.js" was 
ignored.
node_modules/@mui/ico
ns-material/esm/SwapV
ert.js (1:0): Module 
level directives 
cause errors when 
bundled, "use 
client" in "node_modu
les/@mui/icons-materi
al/esm/SwapVert.js" 
was ignored.
node_modules/@mui/ico
ns-material/esm/SwapV
ertSharp.js (1:0): 
Module level 
directives cause 
errors when bundled, 
"use client" in "node
_modules/@mui/icons-m
aterial/esm/SwapVertS
harp.js" was ignored.
node_modules/@mui/ico
ns-material/esm/SwapV
ertOutlined.js 
(1:0): Module level 
directives cause 
errors when bundled, 
"use client" in "node
_modules/@mui/icons-m
aterial/esm/SwapVertO
utlined.js" was 
ignored.
node_modules/@mui/ico
ns-material/esm/SwapV
ertTwoTone.js (1:0): 
Module level 
directives cause 
errors when bundled, 
"use client" in "node
_modules/@mui/icons-m
aterial/esm/SwapVertT
woTone.js" was 
ignored.
node_modules/@mui/ico
ns-material/esm/SwapV
ertRounded.js (1:0): 
Module level 
directives cause 
errors when bundled, 
"use client" in "node
_modules/@mui/icons-m
aterial/esm/SwapVertR
ounded.js" was 
ignored.
node_modules/@mui/ico
ns-material/esm/SwapV
erticalCircle.js 
(1:0): Module level 
directives cause 
errors when bundled, 
"use client" in "node
_modules/@mui/icons-m
aterial/esm/SwapVerti
calCircle.js" was 
ignored.
node_modules/@mui/ico
ns-material/esm/SwapV
erticalCircleRounded.
js (1:0): Module 
level directives 
cause errors when 
bundled, "use 
client" in "node_modu
les/@mui/icons-materi
al/esm/SwapVerticalCi
rcleRounded.js" was 
ignored.
node_modules/@mui/ico
ns-material/esm/SwapV
erticalCircleSharp.js
 (1:0): Module level 
directives cause 
errors when bundled, 
"use client" in "node
_modules/@mui/icons-m
aterial/esm/SwapVerti
calCircleSharp.js" 
was ignored.
node_modules/@mui/ico
ns-material/esm/SwapV
erticalCircleTwoTone.
js (1:0): Module 
level directives 
cause errors when 
bundled, "use 
client" in "node_modu
les/@mui/icons-materi
al/esm/SwapVerticalCi
rcleTwoTone.js" was 
ignored.
node_modules/@mui/ico
ns-material/esm/Swipe
.js (1:0): Module 
level directives 
cause errors when 
bundled, "use 
client" in "node_modu
les/@mui/icons-materi
al/esm/Swipe.js" was 
ignored.
node_modules/@mui/ico
ns-material/esm/SwapV
erticalCircleOutlined
.js (1:0): Module 
level directives 
cause errors when 
bundled, "use 
client" in "node_modu
les/@mui/icons-materi
al/esm/SwapVerticalCi
rcleOutlined.js" was 
ignored.
node_modules/@mui/ico
ns-material/esm/Swipe
DownAlt.js (1:0): 
Module level 
directives cause 
errors when bundled, 
"use client" in "node
_modules/@mui/icons-m
aterial/esm/SwipeDown
Alt.js" was ignored.
node_modules/@mui/ico
ns-material/esm/Swipe
Down.js (1:0): 
Module level 
directives cause 
errors when bundled, 
"use client" in "node
_modules/@mui/icons-m
aterial/esm/SwipeDown
.js" was ignored.
node_modules/@mui/ico
ns-material/esm/Swipe
DownAltSharp.js 
(1:0): Module level 
directives cause 
errors when bundled, 
"use client" in "node
_modules/@mui/icons-m
aterial/esm/SwipeDown
AltSharp.js" was 
ignored.
node_modules/@mui/ico
ns-material/esm/Swipe
DownAltRounded.js 
(1:0): Module level 
directives cause 
errors when bundled, 
"use client" in "node
_modules/@mui/icons-m
aterial/esm/SwipeDown
AltRounded.js" was 
ignored.
node_modules/@mui/ico
ns-material/esm/Swipe
DownAltTwoTone.js 
(1:0): Module level 
directives cause 
errors when bundled, 
"use client" in "node
_modules/@mui/icons-m
aterial/esm/SwipeDown
AltTwoTone.js" was 
ignored.
node_modules/@mui/ico
ns-material/esm/Swipe
DownAltOutlined.js 
(1:0): Module level 
directives cause 
errors when bundled, 
"use client" in "node
_modules/@mui/icons-m
aterial/esm/SwipeDown
AltOutlined.js" was 
ignored.
node_modules/@mui/ico
ns-material/esm/Swipe
DownOutlined.js 
(1:0): Module level 
directives cause 
errors when bundled, 
"use client" in "node
_modules/@mui/icons-m
aterial/esm/SwipeDown
Outlined.js" was 
ignored.
node_modules/@mui/ico
ns-material/esm/Swipe
DownRounded.js 
(1:0): Module level 
directives cause 
errors when bundled, 
"use client" in "node
_modules/@mui/icons-m
aterial/esm/SwipeDown
Rounded.js" was 
ignored.
node_modules/@mui/ico
ns-material/esm/Swipe
DownSharp.js (1:0): 
Module level 
directives cause 
errors when bundled, 
"use client" in "node
_modules/@mui/icons-m
aterial/esm/SwipeDown
Sharp.js" was 
ignored.
node_modules/@mui/ico
ns-material/esm/Swipe
DownTwoTone.js 
(1:0): Module level 
directives cause 
errors when bundled, 
"use client" in "node
_modules/@mui/icons-m
aterial/esm/SwipeDown
TwoTone.js" was 
ignored.
node_modules/@mui/ico
ns-material/esm/Swipe
LeftAltOutlined.js 
(1:0): Module level 
directives cause 
errors when bundled, 
"use client" in "node
_modules/@mui/icons-m
aterial/esm/SwipeLeft
AltOutlined.js" was 
ignored.
node_modules/@mui/ico
ns-material/esm/Swipe
LeftAltRounded.js 
(1:0): Module level 
directives cause 
errors when bundled, 
"use client" in "node
_modules/@mui/icons-m
aterial/esm/SwipeLeft
AltRounded.js" was 
ignored.
node_modules/@mui/ico
ns-material/esm/Swipe
Left.js (1:0): 
Module level 
directives cause 
errors when bundled, 
"use client" in "node
_modules/@mui/icons-m
aterial/esm/SwipeLeft
.js" was ignored.
node_modules/@mui/ico
ns-material/esm/Swipe
LeftAltSharp.js 
(1:0): Module level 
directives cause 
errors when bundled, 
"use client" in "node
_modules/@mui/icons-m
aterial/esm/SwipeLeft
AltSharp.js" was 
ignored.
node_modules/@mui/ico
ns-material/esm/Swipe
LeftAltTwoTone.js 
(1:0): Module level 
directives cause 
errors when bundled, 
"use client" in "node
_modules/@mui/icons-m
aterial/esm/SwipeLeft
AltTwoTone.js" was 
ignored.
node_modules/@mui/ico
ns-material/esm/Swipe
LeftRounded.js 
(1:0): Module level 
directives cause 
errors when bundled, 
"use client" in "node
_modules/@mui/icons-m
aterial/esm/SwipeLeft
Rounded.js" was 
ignored.
node_modules/@mui/ico
ns-material/esm/Swipe
LeftSharp.js (1:0): 
Module level 
directives cause 
errors when bundled, 
"use client" in "node
_modules/@mui/icons-m
aterial/esm/SwipeLeft
Sharp.js" was 
ignored.
node_modules/@mui/ico
ns-material/esm/Swipe
LeftOutlined.js 
(1:0): Module level 
directives cause 
errors when bundled, 
"use client" in "node
_modules/@mui/icons-m
aterial/esm/SwipeLeft
Outlined.js" was 
ignored.
node_modules/@mui/ico
ns-material/esm/Swipe
LeftTwoTone.js 
(1:0): Module level 
directives cause 
errors when bundled, 
"use client" in "node
_modules/@mui/icons-m
aterial/esm/SwipeLeft
TwoTone.js" was 
ignored.
node_modules/@mui/ico
ns-material/esm/Swipe
Outlined.js (1:0): 
Module level 
directives cause 
errors when bundled, 
"use client" in "node
_modules/@mui/icons-m
aterial/esm/SwipeOutl
ined.js" was ignored.
node_modules/@mui/ico
ns-material/esm/Swipe
LeftAlt.js (1:0): 
Module level 
directives cause 
errors when bundled, 
"use client" in "node
_modules/@mui/icons-m
aterial/esm/SwipeLeft
Alt.js" was ignored.
node_modules/@mui/ico
ns-material/esm/Swipe
RightAlt.js (1:0): 
Module level 
directives cause 
errors when bundled, 
"use client" in "node
_modules/@mui/icons-m
aterial/esm/SwipeRigh
tAlt.js" was ignored.
node_modules/@mui/ico
ns-material/esm/Swipe
Right.js (1:0): 
Module level 
directives cause 
errors when bundled, 
"use client" in "node
_modules/@mui/icons-m
aterial/esm/SwipeRigh
t.js" was ignored.
node_modules/@mui/ico
ns-material/esm/Swipe
RightAltOutlined.js 
(1:0): Module level 
directives cause 
errors when bundled, 
"use client" in "node
_modules/@mui/icons-m
aterial/esm/SwipeRigh
tAltOutlined.js" was 
ignored.
node_modules/@mui/ico
ns-material/esm/Swipe
RightAltRounded.js 
(1:0): Module level 
directives cause 
errors when bundled, 
"use client" in "node
_modules/@mui/icons-m
aterial/esm/SwipeRigh
tAltRounded.js" was 
ignored.
node_modules/@mui/ico
ns-material/esm/Swipe
RightAltSharp.js 
(1:0): Module level 
directives cause 
errors when bundled, 
"use client" in "node
_modules/@mui/icons-m
aterial/esm/SwipeRigh
tAltSharp.js" was 
ignored.
node_modules/@mui/ico
ns-material/esm/Swipe
RightOutlined.js 
(1:0): Module level 
directives cause 
errors when bundled, 
"use client" in "node
_modules/@mui/icons-m
aterial/esm/SwipeRigh
tOutlined.js" was 
ignored.
node_modules/@mui/ico
ns-material/esm/Swipe
RightAltTwoTone.js 
(1:0): Module level 
directives cause 
errors when bundled, 
"use client" in "node
_modules/@mui/icons-m
aterial/esm/SwipeRigh
tAltTwoTone.js" was 
ignored.
node_modules/@mui/ico
ns-material/esm/Swipe
RightSharp.js (1:0): 
Module level 
directives cause 
errors when bundled, 
"use client" in "node
_modules/@mui/icons-m
aterial/esm/SwipeRigh
tSharp.js" was 
ignored.
node_modules/@mui/ico
ns-material/esm/Swipe
RightTwoTone.js 
(1:0): Module level 
directives cause 
errors when bundled, 
"use client" in "node
_modules/@mui/icons-m
aterial/esm/SwipeRigh
tTwoTone.js" was 
ignored.
node_modules/@mui/ico
ns-material/esm/Swipe
RightRounded.js 
(1:0): Module level 
directives cause 
errors when bundled, 
"use client" in "node
_modules/@mui/icons-m
aterial/esm/SwipeRigh
tRounded.js" was 
ignored.
node_modules/@mui/ico
ns-material/esm/Swipe
Sharp.js (1:0): 
Module level 
directives cause 
errors when bundled, 
"use client" in "node
_modules/@mui/icons-m
aterial/esm/SwipeShar
p.js" was ignored.
node_modules/@mui/ico
ns-material/esm/Swipe
TwoTone.js (1:0): 
Module level 
directives cause 
errors when bundled, 
"use client" in "node
_modules/@mui/icons-m
aterial/esm/SwipeTwoT
one.js" was ignored.
node_modules/@mui/ico
ns-material/esm/Swipe
Up.js (1:0): Module 
level directives 
cause errors when 
bundled, "use 
client" in "node_modu
les/@mui/icons-materi
al/esm/SwipeUp.js" 
was ignored.
node_modules/@mui/ico
ns-material/esm/Swipe
Rounded.js (1:0): 
Module level 
directives cause 
errors when bundled, 
"use client" in "node
_modules/@mui/icons-m
aterial/esm/SwipeRoun
ded.js" was ignored.
node_modules/@mui/ico
ns-material/esm/Swipe
UpAlt.js (1:0): 
Module level 
directives cause 
errors when bundled, 
"use client" in "node
_modules/@mui/icons-m
aterial/esm/SwipeUpAl
t.js" was ignored.
node_modules/@mui/ico
ns-material/esm/Swipe
UpAltOutlined.js 
(1:0): Module level 
directives cause 
errors when bundled, 
"use client" in "node
_modules/@mui/icons-m
aterial/esm/SwipeUpAl
tOutlined.js" was 
ignored.
node_modules/@mui/ico
ns-material/esm/Swipe
UpAltRounded.js 
(1:0): Module level 
directives cause 
errors when bundled, 
"use client" in "node
_modules/@mui/icons-m
aterial/esm/SwipeUpAl
tRounded.js" was 
ignored.
node_modules/@mui/ico
ns-material/esm/Swipe
UpAltTwoTone.js 
(1:0): Module level 
directives cause 
errors when bundled, 
"use client" in "node
_modules/@mui/icons-m
aterial/esm/SwipeUpAl
tTwoTone.js" was 
ignored.
node_modules/@mui/ico
ns-material/esm/Swipe
UpOutlined.js (1:0): 
Module level 
directives cause 
errors when bundled, 
"use client" in "node
_modules/@mui/icons-m
aterial/esm/SwipeUpOu
tlined.js" was 
ignored.
node_modules/@mui/ico
ns-material/esm/Swipe
UpRounded.js (1:0): 
Module level 
directives cause 
errors when bundled, 
"use client" in "node
_modules/@mui/icons-m
aterial/esm/SwipeUpRo
unded.js" was 
ignored.
node_modules/@mui/ico
ns-material/esm/Swipe
UpAltSharp.js (1:0): 
Module level 
directives cause 
errors when bundled, 
"use client" in "node
_modules/@mui/icons-m
aterial/esm/SwipeUpAl
tSharp.js" was 
ignored.
node_modules/@mui/ico
ns-material/esm/Swipe
UpSharp.js (1:0): 
Module level 
directives cause 
errors when bundled, 
"use client" in "node
_modules/@mui/icons-m
aterial/esm/SwipeUpSh
arp.js" was ignored.
node_modules/@mui/ico
ns-material/esm/Swipe
UpTwoTone.js (1:0): 
Module level 
directives cause 
errors when bundled, 
"use client" in "node
_modules/@mui/icons-m
aterial/esm/SwipeUpTw
oTone.js" was 
ignored.
node_modules/@mui/ico
ns-material/esm/Swipe
Vertical.js (1:0): 
Module level 
directives cause 
errors when bundled, 
"use client" in "node
_modules/@mui/icons-m
aterial/esm/SwipeVert
ical.js" was ignored.
node_modules/@mui/ico
ns-material/esm/Swipe
VerticalOutlined.js 
(1:0): Module level 
directives cause 
errors when bundled, 
"use client" in "node
_modules/@mui/icons-m
aterial/esm/SwipeVert
icalOutlined.js" was 
ignored.
node_modules/@mui/ico
ns-material/esm/Swipe
VerticalRounded.js 
(1:0): Module level 
directives cause 
errors when bundled, 
"use client" in "node
_modules/@mui/icons-m
aterial/esm/SwipeVert
icalRounded.js" was 
ignored.
node_modules/@mui/ico
ns-material/esm/Switc
hAccessShortcut.js 
(1:0): Module level 
directives cause 
errors when bundled, 
"use client" in "node
_modules/@mui/icons-m
aterial/esm/SwitchAcc
essShortcut.js" was 
ignored.
node_modules/@mui/ico
ns-material/esm/Swipe
VerticalTwoTone.js 
(1:0): Module level 
directives cause 
errors when bundled, 
"use client" in "node
_modules/@mui/icons-m
aterial/esm/SwipeVert
icalTwoTone.js" was 
ignored.
node_modules/@mui/ico
ns-material/esm/Swipe
VerticalSharp.js 
(1:0): Module level 
directives cause 
errors when bundled, 
"use client" in "node
_modules/@mui/icons-m
aterial/esm/SwipeVert
icalSharp.js" was 
ignored.
node_modules/@mui/ico
ns-material/esm/Switc
hAccessShortcutAdd.js
 (1:0): Module level 
directives cause 
errors when bundled, 
"use client" in "node
_modules/@mui/icons-m
aterial/esm/SwitchAcc
essShortcutAdd.js" 
was ignored.
node_modules/@mui/ico
ns-material/esm/Switc
hAccessShortcutAddRou
nded.js (1:0): 
Module level 
directives cause 
errors when bundled, 
"use client" in "node
_modules/@mui/icons-m
aterial/esm/SwitchAcc
essShortcutAddRounded
.js" was ignored.
node_modules/@mui/ico
ns-material/esm/Switc
hAccessShortcutAddSha
rp.js (1:0): Module 
level directives 
cause errors when 
bundled, "use 
client" in "node_modu
les/@mui/icons-materi
al/esm/SwitchAccessSh
ortcutAddSharp.js" 
was ignored.
node_modules/@mui/ico
ns-material/esm/Switc
hAccessShortcutAddOut
lined.js (1:0): 
Module level 
directives cause 
errors when bundled, 
"use client" in "node
_modules/@mui/icons-m
aterial/esm/SwitchAcc
essShortcutAddOutline
d.js" was ignored.
node_modules/@mui/ico
ns-material/esm/Switc
hAccessShortcutAddTwo
Tone.js (1:0): 
Module level 
directives cause 
errors when bundled, 
"use client" in "node
_modules/@mui/icons-m
aterial/esm/SwitchAcc
essShortcutAddTwoTone
.js" was ignored.
node_modules/@mui/ico
ns-material/esm/Switc
hAccessShortcutOutlin
ed.js (1:0): Module 
level directives 
cause errors when 
bundled, "use 
client" in "node_modu
les/@mui/icons-materi
al/esm/SwitchAccessSh
ortcutOutlined.js" 
was ignored.
node_modules/@mui/ico
ns-material/esm/Switc
hAccessShortcutRounde
d.js (1:0): Module 
level directives 
cause errors when 
bundled, "use 
client" in "node_modu
les/@mui/icons-materi
al/esm/SwitchAccessSh
ortcutRounded.js" 
was ignored.
node_modules/@mui/ico
ns-material/esm/Switc
hAccessShortcutTwoTon
e.js (1:0): Module 
level directives 
cause errors when 
bundled, "use 
client" in "node_modu
les/@mui/icons-materi
al/esm/SwitchAccessSh
ortcutTwoTone.js" 
was ignored.
node_modules/@mui/ico
ns-material/esm/Switc
hAccount.js (1:0): 
Module level 
directives cause 
errors when bundled, 
"use client" in "node
_modules/@mui/icons-m
aterial/esm/SwitchAcc
ount.js" was ignored.
node_modules/@mui/ico
ns-material/esm/Switc
hAccessShortcutSharp.
js (1:0): Module 
level directives 
cause errors when 
bundled, "use 
client" in "node_modu
les/@mui/icons-materi
al/esm/SwitchAccessSh
ortcutSharp.js" was 
ignored.
node_modules/@mui/ico
ns-material/esm/Switc
hAccountSharp.js 
(1:0): Module level 
directives cause 
errors when bundled, 
"use client" in "node
_modules/@mui/icons-m
aterial/esm/SwitchAcc
ountSharp.js" was 
ignored.
node_modules/@mui/ico
ns-material/esm/Switc
hAccountOutlined.js 
(1:0): Module level 
directives cause 
errors when bundled, 
"use client" in "node
_modules/@mui/icons-m
aterial/esm/SwitchAcc
ountOutlined.js" was 
ignored.
node_modules/@mui/ico
ns-material/esm/Switc
hAccountTwoTone.js 
(1:0): Module level 
directives cause 
errors when bundled, 
"use client" in "node
_modules/@mui/icons-m
aterial/esm/SwitchAcc
ountTwoTone.js" was 
ignored.
node_modules/@mui/ico
ns-material/esm/Switc
hCameraOutlined.js 
(1:0): Module level 
directives cause 
errors when bundled, 
"use client" in "node
_modules/@mui/icons-m
aterial/esm/SwitchCam
eraOutlined.js" was 
ignored.
node_modules/@mui/ico
ns-material/esm/Switc
hCamera.js (1:0): 
Module level 
directives cause 
errors when bundled, 
"use client" in "node
_modules/@mui/icons-m
aterial/esm/SwitchCam
era.js" was ignored.
node_modules/@mui/ico
ns-material/esm/Switc
hCameraRounded.js 
(1:0): Module level 
directives cause 
errors when bundled, 
"use client" in "node
_modules/@mui/icons-m
aterial/esm/SwitchCam
eraRounded.js" was 
ignored.
node_modules/@mui/ico
ns-material/esm/Switc
hAccountRounded.js 
(1:0): Module level 
directives cause 
errors when bundled, 
"use client" in "node
_modules/@mui/icons-m
aterial/esm/SwitchAcc
ountRounded.js" was 
ignored.
node_modules/@mui/ico
ns-material/esm/Switc
hCameraSharp.js 
(1:0): Module level 
directives cause 
errors when bundled, 
"use client" in "node
_modules/@mui/icons-m
aterial/esm/SwitchCam
eraSharp.js" was 
ignored.
node_modules/@mui/ico
ns-material/esm/Switc
hLeft.js (1:0): 
Module level 
directives cause 
errors when bundled, 
"use client" in "node
_modules/@mui/icons-m
aterial/esm/SwitchLef
t.js" was ignored.
node_modules/@mui/ico
ns-material/esm/Switc
hLeftRounded.js 
(1:0): Module level 
directives cause 
errors when bundled, 
"use client" in "node
_modules/@mui/icons-m
aterial/esm/SwitchLef
tRounded.js" was 
ignored.
node_modules/@mui/ico
ns-material/esm/Switc
hLeftSharp.js (1:0): 
Module level 
directives cause 
errors when bundled, 
"use client" in "node
_modules/@mui/icons-m
aterial/esm/SwitchLef
tSharp.js" was 
ignored.
node_modules/@mui/ico
ns-material/esm/Switc
hCameraTwoTone.js 
(1:0): Module level 
directives cause 
errors when bundled, 
"use client" in "node
_modules/@mui/icons-m
aterial/esm/SwitchCam
eraTwoTone.js" was 
ignored.
node_modules/@mui/ico
ns-material/esm/Switc
hLeftTwoTone.js 
(1:0): Module level 
directives cause 
errors when bundled, 
"use client" in "node
_modules/@mui/icons-m
aterial/esm/SwitchLef
tTwoTone.js" was 
ignored.
node_modules/@mui/ico
ns-material/esm/Switc
hLeftOutlined.js 
(1:0): Module level 
directives cause 
errors when bundled, 
"use client" in "node
_modules/@mui/icons-m
aterial/esm/SwitchLef
tOutlined.js" was 
ignored.
node_modules/@mui/ico
ns-material/esm/Switc
hRight.js (1:0): 
Module level 
directives cause 
errors when bundled, 
"use client" in "node
_modules/@mui/icons-m
aterial/esm/SwitchRig
ht.js" was ignored.
node_modules/@mui/ico
ns-material/esm/Switc
hRightRounded.js 
(1:0): Module level 
directives cause 
errors when bundled, 
"use client" in "node
_modules/@mui/icons-m
aterial/esm/SwitchRig
htRounded.js" was 
ignored.
node_modules/@mui/ico
ns-material/esm/Switc
hRightSharp.js 
(1:0): Module level 
directives cause 
errors when bundled, 
"use client" in "node
_modules/@mui/icons-m
aterial/esm/SwitchRig
htSharp.js" was 
ignored.
node_modules/@mui/ico
ns-material/esm/Switc
hRightTwoTone.js 
(1:0): Module level 
directives cause 
errors when bundled, 
"use client" in "node
_modules/@mui/icons-m
aterial/esm/SwitchRig
htTwoTone.js" was 
ignored.
node_modules/@mui/ico
ns-material/esm/Switc
hRightOutlined.js 
(1:0): Module level 
directives cause 
errors when bundled, 
"use client" in "node
_modules/@mui/icons-m
aterial/esm/SwitchRig
htOutlined.js" was 
ignored.
node_modules/@mui/ico
ns-material/esm/Switc
hVideo.js (1:0): 
Module level 
directives cause 
errors when bundled, 
"use client" in "node
_modules/@mui/icons-m
aterial/esm/SwitchVid
eo.js" was ignored.
node_modules/@mui/ico
ns-material/esm/Switc
hVideoOutlined.js 
(1:0): Module level 
directives cause 
errors when bundled, 
"use client" in "node
_modules/@mui/icons-m
aterial/esm/SwitchVid
eoOutlined.js" was 
ignored.
node_modules/@mui/ico
ns-material/esm/Switc
hVideoRounded.js 
(1:0): Module level 
directives cause 
errors when bundled, 
"use client" in "node
_modules/@mui/icons-m
aterial/esm/SwitchVid
eoRounded.js" was 
ignored.
node_modules/@mui/ico
ns-material/esm/Synag
ogueOutlined.js 
(1:0): Module level 
directives cause 
errors when bundled, 
"use client" in "node
_modules/@mui/icons-m
aterial/esm/Synagogue
Outlined.js" was 
ignored.
node_modules/@mui/ico
ns-material/esm/Switc
hVideoTwoTone.js 
(1:0): Module level 
directives cause 
errors when bundled, 
"use client" in "node
_modules/@mui/icons-m
aterial/esm/SwitchVid
eoTwoTone.js" was 
ignored.
node_modules/@mui/ico
ns-material/esm/Synag
ogue.js (1:0): 
Module level 
directives cause 
errors when bundled, 
"use client" in "node
_modules/@mui/icons-m
aterial/esm/Synagogue
.js" was ignored.
node_modules/@mui/ico
ns-material/esm/Synag
ogueRounded.js 
(1:0): Module level 
directives cause 
errors when bundled, 
"use client" in "node
_modules/@mui/icons-m
aterial/esm/Synagogue
Rounded.js" was 
ignored.
node_modules/@mui/ico
ns-material/esm/Synag
ogueSharp.js (1:0): 
Module level 
directives cause 
errors when bundled, 
"use client" in "node
_modules/@mui/icons-m
aterial/esm/Synagogue
Sharp.js" was 
ignored.
node_modules/@mui/ico
ns-material/esm/Sync.
js (1:0): Module 
level directives 
cause errors when 
bundled, "use 
client" in "node_modu
les/@mui/icons-materi
al/esm/Sync.js" was 
ignored.
node_modules/@mui/ico
ns-material/esm/Switc
hVideoSharp.js 
(1:0): Module level 
directives cause 
errors when bundled, 
"use client" in "node
_modules/@mui/icons-m
aterial/esm/SwitchVid
eoSharp.js" was 
ignored.
node_modules/@mui/ico
ns-material/esm/SyncA
ltOutlined.js (1:0): 
Module level 
directives cause 
errors when bundled, 
"use client" in "node
_modules/@mui/icons-m
aterial/esm/SyncAltOu
tlined.js" was 
ignored.
node_modules/@mui/ico
ns-material/esm/Synag
ogueTwoTone.js 
(1:0): Module level 
directives cause 
errors when bundled, 
"use client" in "node
_modules/@mui/icons-m
aterial/esm/Synagogue
TwoTone.js" was 
ignored.
node_modules/@mui/ico
ns-material/esm/SyncA
lt.js (1:0): Module 
level directives 
cause errors when 
bundled, "use 
client" in "node_modu
les/@mui/icons-materi
al/esm/SyncAlt.js" 
was ignored.
node_modules/@mui/ico
ns-material/esm/SyncA
ltSharp.js (1:0): 
Module level 
directives cause 
errors when bundled, 
"use client" in "node
_modules/@mui/icons-m
aterial/esm/SyncAltSh
arp.js" was ignored.
node_modules/@mui/ico
ns-material/esm/SyncA
ltTwoTone.js (1:0): 
Module level 
directives cause 
errors when bundled, 
"use client" in "node
_modules/@mui/icons-m
aterial/esm/SyncAltTw
oTone.js" was 
ignored.
node_modules/@mui/ico
ns-material/esm/SyncA
ltRounded.js (1:0): 
Module level 
directives cause 
errors when bundled, 
"use client" in "node
_modules/@mui/icons-m
aterial/esm/SyncAltRo
unded.js" was 
ignored.
node_modules/@mui/ico
ns-material/esm/SyncD
isabledOutlined.js 
(1:0): Module level 
directives cause 
errors when bundled, 
"use client" in "node
_modules/@mui/icons-m
aterial/esm/SyncDisab
ledOutlined.js" was 
ignored.
node_modules/@mui/ico
ns-material/esm/SyncD
isabledTwoTone.js 
(1:0): Module level 
directives cause 
errors when bundled, 
"use client" in "node
_modules/@mui/icons-m
aterial/esm/SyncDisab
ledTwoTone.js" was 
ignored.
node_modules/@mui/ico
ns-material/esm/SyncD
isabled.js (1:0): 
Module level 
directives cause 
errors when bundled, 
"use client" in "node
_modules/@mui/icons-m
aterial/esm/SyncDisab
led.js" was ignored.
node_modules/@mui/ico
ns-material/esm/SyncD
isabledSharp.js 
(1:0): Module level 
directives cause 
errors when bundled, 
"use client" in "node
_modules/@mui/icons-m
aterial/esm/SyncDisab
ledSharp.js" was 
ignored.
node_modules/@mui/ico
ns-material/esm/SyncL
ock.js (1:0): Module 
level directives 
cause errors when 
bundled, "use 
client" in "node_modu
les/@mui/icons-materi
al/esm/SyncLock.js" 
was ignored.
node_modules/@mui/ico
ns-material/esm/SyncL
ockOutlined.js 
(1:0): Module level 
directives cause 
errors when bundled, 
"use client" in "node
_modules/@mui/icons-m
aterial/esm/SyncLockO
utlined.js" was 
ignored.
node_modules/@mui/ico
ns-material/esm/SyncL
ockSharp.js (1:0): 
Module level 
directives cause 
errors when bundled, 
"use client" in "node
_modules/@mui/icons-m
aterial/esm/SyncLockS
harp.js" was ignored.
node_modules/@mui/ico
ns-material/esm/SyncL
ockTwoTone.js (1:0): 
Module level 
directives cause 
errors when bundled, 
"use client" in "node
_modules/@mui/icons-m
aterial/esm/SyncLockT
woTone.js" was 
ignored.
node_modules/@mui/ico
ns-material/esm/SyncP
roblem.js (1:0): 
Module level 
directives cause 
errors when bundled, 
"use client" in "node
_modules/@mui/icons-m
aterial/esm/SyncProbl
em.js" was ignored.
node_modules/@mui/ico
ns-material/esm/SyncD
isabledRounded.js 
(1:0): Module level 
directives cause 
errors when bundled, 
"use client" in "node
_modules/@mui/icons-m
aterial/esm/SyncDisab
ledRounded.js" was 
ignored.
node_modules/@mui/ico
ns-material/esm/SyncO
utlined.js (1:0): 
Module level 
directives cause 
errors when bundled, 
"use client" in "node
_modules/@mui/icons-m
aterial/esm/SyncOutli
ned.js" was ignored.
node_modules/@mui/ico
ns-material/esm/SyncL
ockRounded.js (1:0): 
Module level 
directives cause 
errors when bundled, 
"use client" in "node
_modules/@mui/icons-m
aterial/esm/SyncLockR
ounded.js" was 
ignored.
node_modules/@mui/ico
ns-material/esm/SyncP
roblemRounded.js 
(1:0): Module level 
directives cause 
errors when bundled, 
"use client" in "node
_modules/@mui/icons-m
aterial/esm/SyncProbl
emRounded.js" was 
ignored.
node_modules/@mui/ico
ns-material/esm/SyncP
roblemOutlined.js 
(1:0): Module level 
directives cause 
errors when bundled, 
"use client" in "node
_modules/@mui/icons-m
aterial/esm/SyncProbl
emOutlined.js" was 
ignored.
node_modules/@mui/ico
ns-material/esm/SyncP
roblemSharp.js 
(1:0): Module level 
directives cause 
errors when bundled, 
"use client" in "node
_modules/@mui/icons-m
aterial/esm/SyncProbl
emSharp.js" was 
ignored.
node_modules/@mui/ico
ns-material/esm/SyncP
roblemTwoTone.js 
(1:0): Module level 
directives cause 
errors when bundled, 
"use client" in "node
_modules/@mui/icons-m
aterial/esm/SyncProbl
emTwoTone.js" was 
ignored.
node_modules/@mui/ico
ns-material/esm/SyncS
harp.js (1:0): 
Module level 
directives cause 
errors when bundled, 
"use client" in "node
_modules/@mui/icons-m
aterial/esm/SyncSharp
.js" was ignored.
node_modules/@mui/ico
ns-material/esm/SyncR
ounded.js (1:0): 
Module level 
directives cause 
errors when bundled, 
"use client" in "node
_modules/@mui/icons-m
aterial/esm/SyncRound
ed.js" was ignored.
node_modules/@mui/ico
ns-material/esm/Syste
mSecurityUpdateGood.j
s (1:0): Module 
level directives 
cause errors when 
bundled, "use 
client" in "node_modu
les/@mui/icons-materi
al/esm/SystemSecurity
UpdateGood.js" was 
ignored.
node_modules/@mui/ico
ns-material/esm/Syste
mSecurityUpdateGoodRo
unded.js (1:0): 
Module level 
directives cause 
errors when bundled, 
"use client" in "node
_modules/@mui/icons-m
aterial/esm/SystemSec
urityUpdateGoodRounde
d.js" was ignored.
node_modules/@mui/ico
ns-material/esm/Syste
mSecurityUpdate.js 
(1:0): Module level 
directives cause 
errors when bundled, 
"use client" in "node
_modules/@mui/icons-m
aterial/esm/SystemSec
urityUpdate.js" was 
ignored.
node_modules/@mui/ico
ns-material/esm/Syste
mSecurityUpdateGoodTw
oTone.js (1:0): 
Module level 
directives cause 
errors when bundled, 
"use client" in "node
_modules/@mui/icons-m
aterial/esm/SystemSec
urityUpdateGoodTwoTon
e.js" was ignored.
node_modules/@mui/ico
ns-material/esm/Syste
mSecurityUpdateGoodOu
tlined.js (1:0): 
Module level 
directives cause 
errors when bundled, 
"use client" in "node
_modules/@mui/icons-m
aterial/esm/SystemSec
urityUpdateGoodOutlin
ed.js" was ignored.
node_modules/@mui/ico
ns-material/esm/SyncT
woTone.js (1:0): 
Module level 
directives cause 
errors when bundled, 
"use client" in "node
_modules/@mui/icons-m
aterial/esm/SyncTwoTo
ne.js" was ignored.
node_modules/@mui/ico
ns-material/esm/Syste
mSecurityUpdateOutlin
ed.js (1:0): Module 
level directives 
cause errors when 
bundled, "use 
client" in "node_modu
les/@mui/icons-materi
al/esm/SystemSecurity
UpdateOutlined.js" 
was ignored.
node_modules/@mui/ico
ns-material/esm/Syste
mSecurityUpdateGoodSh
arp.js (1:0): Module 
level directives 
cause errors when 
bundled, "use 
client" in "node_modu
les/@mui/icons-materi
al/esm/SystemSecurity
UpdateGoodSharp.js" 
was ignored.
node_modules/@mui/ico
ns-material/esm/Syste
mSecurityUpdateSharp.
js (1:0): Module 
level directives 
cause errors when 
bundled, "use 
client" in "node_modu
les/@mui/icons-materi
al/esm/SystemSecurity
UpdateSharp.js" was 
ignored.
node_modules/@mui/ico
ns-material/esm/Syste
mSecurityUpdateTwoTon
e.js (1:0): Module 
level directives 
cause errors when 
bundled, "use 
client" in "node_modu
les/@mui/icons-materi
al/esm/SystemSecurity
UpdateTwoTone.js" 
was ignored.
node_modules/@mui/ico
ns-material/esm/Syste
mSecurityUpdateRounde
d.js (1:0): Module 
level directives 
cause errors when 
bundled, "use 
client" in "node_modu
les/@mui/icons-materi
al/esm/SystemSecurity
UpdateRounded.js" 
was ignored.
node_modules/@mui/ico
ns-material/esm/Syste
mSecurityUpdateWarnin
g.js (1:0): Module 
level directives 
cause errors when 
bundled, "use 
client" in "node_modu
les/@mui/icons-materi
al/esm/SystemSecurity
UpdateWarning.js" 
was ignored.
node_modules/@mui/ico
ns-material/esm/Syste
mSecurityUpdateWarnin
gRounded.js (1:0): 
Module level 
directives cause 
errors when bundled, 
"use client" in "node
_modules/@mui/icons-m
aterial/esm/SystemSec
urityUpdateWarningRou
nded.js" was ignored.
node_modules/@mui/ico
ns-material/esm/Syste
mSecurityUpdateWarnin
gSharp.js (1:0): 
Module level 
directives cause 
errors when bundled, 
"use client" in "node
_modules/@mui/icons-m
aterial/esm/SystemSec
urityUpdateWarningSha
rp.js" was ignored.
node_modules/@mui/ico
ns-material/esm/Syste
mSecurityUpdateWarnin
gOutlined.js (1:0): 
Module level 
directives cause 
errors when bundled, 
"use client" in "node
_modules/@mui/icons-m
aterial/esm/SystemSec
urityUpdateWarningOut
lined.js" was 
ignored.
node_modules/@mui/ico
ns-material/esm/Syste
mSecurityUpdateWarnin
gTwoTone.js (1:0): 
Module level 
directives cause 
errors when bundled, 
"use client" in "node
_modules/@mui/icons-m
aterial/esm/SystemSec
urityUpdateWarningTwo
Tone.js" was ignored.
node_modules/@mui/ico
ns-material/esm/Syste
mUpdateAlt.js (1:0): 
Module level 
directives cause 
errors when bundled, 
"use client" in "node
_modules/@mui/icons-m
aterial/esm/SystemUpd
ateAlt.js" was 
ignored.
node_modules/@mui/ico
ns-material/esm/Syste
mUpdateAltSharp.js 
(1:0): Module level 
directives cause 
errors when bundled, 
"use client" in "node
_modules/@mui/icons-m
aterial/esm/SystemUpd
ateAltSharp.js" was 
ignored.
node_modules/@mui/ico
ns-material/esm/Syste
mUpdateAltRounded.js 
(1:0): Module level 
directives cause 
errors when bundled, 
"use client" in "node
_modules/@mui/icons-m
aterial/esm/SystemUpd
ateAltRounded.js" 
was ignored.
node_modules/@mui/ico
ns-material/esm/Syste
mUpdateAltTwoTone.js 
(1:0): Module level 
directives cause 
errors when bundled, 
"use client" in "node
_modules/@mui/icons-m
aterial/esm/SystemUpd
ateAltTwoTone.js" 
was ignored.
node_modules/@mui/ico
ns-material/esm/Syste
mUpdateAltOutlined.js
 (1:0): Module level 
directives cause 
errors when bundled, 
"use client" in "node
_modules/@mui/icons-m
aterial/esm/SystemUpd
ateAltOutlined.js" 
was ignored.
node_modules/@mui/ico
ns-material/esm/Syste
mUpdate.js (1:0): 
Module level 
directives cause 
errors when bundled, 
"use client" in "node
_modules/@mui/icons-m
aterial/esm/SystemUpd
ate.js" was ignored.
node_modules/@mui/ico
ns-material/esm/Syste
mUpdateRounded.js 
(1:0): Module level 
directives cause 
errors when bundled, 
"use client" in "node
_modules/@mui/icons-m
aterial/esm/SystemUpd
ateRounded.js" was 
ignored.
node_modules/@mui/ico
ns-material/esm/Syste
mUpdateOutlined.js 
(1:0): Module level 
directives cause 
errors when bundled, 
"use client" in "node
_modules/@mui/icons-m
aterial/esm/SystemUpd
ateOutlined.js" was 
ignored.
node_modules/@mui/ico
ns-material/esm/Syste
mUpdateSharp.js 
(1:0): Module level 
directives cause 
errors when bundled, 
"use client" in "node
_modules/@mui/icons-m
aterial/esm/SystemUpd
ateSharp.js" was 
ignored.
node_modules/@mui/ico
ns-material/esm/Syste
mUpdateTwoTone.js 
(1:0): Module level 
directives cause 
errors when bundled, 
"use client" in "node
_modules/@mui/icons-m
aterial/esm/SystemUpd
ateTwoTone.js" was 
ignored.
node_modules/@mui/ico
ns-material/esm/Tab.j
s (1:0): Module 
level directives 
cause errors when 
bundled, "use 
client" in "node_modu
les/@mui/icons-materi
al/esm/Tab.js" was 
ignored.
node_modules/@mui/ico
ns-material/esm/TabOu
tlined.js (1:0): 
Module level 
directives cause 
errors when bundled, 
"use client" in "node
_modules/@mui/icons-m
aterial/esm/TabOutlin
ed.js" was ignored.
node_modules/@mui/ico
ns-material/esm/TabRo
unded.js (1:0): 
Module level 
directives cause 
errors when bundled, 
"use client" in "node
_modules/@mui/icons-m
aterial/esm/TabRounde
d.js" was ignored.
node_modules/@mui/ico
ns-material/esm/TabTw
oTone.js (1:0): 
Module level 
directives cause 
errors when bundled, 
"use client" in "node
_modules/@mui/icons-m
aterial/esm/TabTwoTon
e.js" was ignored.
node_modules/@mui/ico
ns-material/esm/TabUn
selectedOutlined.js 
(1:0): Module level 
directives cause 
errors when bundled, 
"use client" in "node
_modules/@mui/icons-m
aterial/esm/TabUnsele
ctedOutlined.js" was 
ignored.
node_modules/@mui/ico
ns-material/esm/TabUn
selected.js (1:0): 
Module level 
directives cause 
errors when bundled, 
"use client" in "node
_modules/@mui/icons-m
aterial/esm/TabUnsele
cted.js" was ignored.
node_modules/@mui/ico
ns-material/esm/TabUn
selectedSharp.js 
(1:0): Module level 
directives cause 
errors when bundled, 
"use client" in "node
_modules/@mui/icons-m
aterial/esm/TabUnsele
ctedSharp.js" was 
ignored.
node_modules/@mui/ico
ns-material/esm/TabSh
arp.js (1:0): Module 
level directives 
cause errors when 
bundled, "use 
client" in "node_modu
les/@mui/icons-materi
al/esm/TabSharp.js" 
was ignored.
node_modules/@mui/ico
ns-material/esm/TabUn
selectedRounded.js 
(1:0): Module level 
directives cause 
errors when bundled, 
"use client" in "node
_modules/@mui/icons-m
aterial/esm/TabUnsele
ctedRounded.js" was 
ignored.
node_modules/@mui/ico
ns-material/esm/Table
Bar.js (1:0): Module 
level directives 
cause errors when 
bundled, "use 
client" in "node_modu
les/@mui/icons-materi
al/esm/TableBar.js" 
was ignored.
node_modules/@mui/ico
ns-material/esm/TabUn
selectedTwoTone.js 
(1:0): Module level 
directives cause 
errors when bundled, 
"use client" in "node
_modules/@mui/icons-m
aterial/esm/TabUnsele
ctedTwoTone.js" was 
ignored.
node_modules/@mui/ico
ns-material/esm/Table
BarOutlined.js 
(1:0): Module level 
directives cause 
errors when bundled, 
"use client" in "node
_modules/@mui/icons-m
aterial/esm/TableBarO
utlined.js" was 
ignored.
node_modules/@mui/ico
ns-material/esm/Table
BarRounded.js (1:0): 
Module level 
directives cause 
errors when bundled, 
"use client" in "node
_modules/@mui/icons-m
aterial/esm/TableBarR
ounded.js" was 
ignored.
node_modules/@mui/ico
ns-material/esm/Table
BarSharp.js (1:0): 
Module level 
directives cause 
errors when bundled, 
"use client" in "node
_modules/@mui/icons-m
aterial/esm/TableBarS
harp.js" was ignored.
node_modules/@mui/ico
ns-material/esm/Table
Chart.js (1:0): 
Module level 
directives cause 
errors when bundled, 
"use client" in "node
_modules/@mui/icons-m
aterial/esm/TableChar
t.js" was ignored.
node_modules/@mui/ico
ns-material/esm/Table
BarTwoTone.js (1:0): 
Module level 
directives cause 
errors when bundled, 
"use client" in "node
_modules/@mui/icons-m
aterial/esm/TableBarT
woTone.js" was 
ignored.
node_modules/@mui/ico
ns-material/esm/Table
ChartRounded.js 
(1:0): Module level 
directives cause 
errors when bundled, 
"use client" in "node
_modules/@mui/icons-m
aterial/esm/TableChar
tRounded.js" was 
ignored.
node_modules/@mui/ico
ns-material/esm/Table
ChartOutlined.js 
(1:0): Module level 
directives cause 
errors when bundled, 
"use client" in "node
_modules/@mui/icons-m
aterial/esm/TableChar
tOutlined.js" was 
ignored.
node_modules/@mui/ico
ns-material/esm/Table
ChartTwoTone.js 
(1:0): Module level 
directives cause 
errors when bundled, 
"use client" in "node
_modules/@mui/icons-m
aterial/esm/TableChar
tTwoTone.js" was 
ignored.
node_modules/@mui/ico
ns-material/esm/Table
ChartSharp.js (1:0): 
Module level 
directives cause 
errors when bundled, 
"use client" in "node
_modules/@mui/icons-m
aterial/esm/TableChar
tSharp.js" was 
ignored.
node_modules/@mui/ico
ns-material/esm/Table
RestaurantOutlined.js
 (1:0): Module level 
directives cause 
errors when bundled, 
"use client" in "node
_modules/@mui/icons-m
aterial/esm/TableRest
aurantOutlined.js" 
was ignored.
node_modules/@mui/ico
ns-material/esm/Table
Restaurant.js (1:0): 
Module level 
directives cause 
errors when bundled, 
"use client" in "node
_modules/@mui/icons-m
aterial/esm/TableRest
aurant.js" was 
ignored.
node_modules/@mui/ico
ns-material/esm/Table
RestaurantSharp.js 
(1:0): Module level 
directives cause 
errors when bundled, 
"use client" in "node
_modules/@mui/icons-m
aterial/esm/TableRest
aurantSharp.js" was 
ignored.
node_modules/@mui/ico
ns-material/esm/Table
RestaurantRounded.js 
(1:0): Module level 
directives cause 
errors when bundled, 
"use client" in "node
_modules/@mui/icons-m
aterial/esm/TableRest
aurantRounded.js" 
was ignored.
node_modules/@mui/ico
ns-material/esm/Table
Rows.js (1:0): 
Module level 
directives cause 
errors when bundled, 
"use client" in "node
_modules/@mui/icons-m
aterial/esm/TableRows
.js" was ignored.
node_modules/@mui/ico
ns-material/esm/Table
RestaurantTwoTone.js 
(1:0): Module level 
directives cause 
errors when bundled, 
"use client" in "node
_modules/@mui/icons-m
aterial/esm/TableRest
aurantTwoTone.js" 
was ignored.
node_modules/@mui/ico
ns-material/esm/Table
RowsRounded.js 
(1:0): Module level 
directives cause 
errors when bundled, 
"use client" in "node
_modules/@mui/icons-m
aterial/esm/TableRows
Rounded.js" was 
ignored.
node_modules/@mui/ico
ns-material/esm/Table
RowsOutlined.js 
(1:0): Module level 
directives cause 
errors when bundled, 
"use client" in "node
_modules/@mui/icons-m
aterial/esm/TableRows
Outlined.js" was 
ignored.
node_modules/@mui/ico
ns-material/esm/Table
RowsTwoTone.js 
(1:0): Module level 
directives cause 
errors when bundled, 
"use client" in "node
_modules/@mui/icons-m
aterial/esm/TableRows
TwoTone.js" was 
ignored.
node_modules/@mui/ico
ns-material/esm/Table
RowsSharp.js (1:0): 
Module level 
directives cause 
errors when bundled, 
"use client" in "node
_modules/@mui/icons-m
aterial/esm/TableRows
Sharp.js" was 
ignored.
node_modules/@mui/ico
ns-material/esm/Table
ViewOutlined.js 
(1:0): Module level 
directives cause 
errors when bundled, 
"use client" in "node
_modules/@mui/icons-m
aterial/esm/TableView
Outlined.js" was 
ignored.
node_modules/@mui/ico
ns-material/esm/Table
View.js (1:0): 
Module level 
directives cause 
errors when bundled, 
"use client" in "node
_modules/@mui/icons-m
aterial/esm/TableView
.js" was ignored.
node_modules/@mui/ico
ns-material/esm/Table
ViewRounded.js 
(1:0): Module level 
directives cause 
errors when bundled, 
"use client" in "node
_modules/@mui/icons-m
aterial/esm/TableView
Rounded.js" was 
ignored.
node_modules/@mui/ico
ns-material/esm/Table
ViewSharp.js (1:0): 
Module level 
directives cause 
errors when bundled, 
"use client" in "node
_modules/@mui/icons-m
aterial/esm/TableView
Sharp.js" was 
ignored.
node_modules/@mui/ico
ns-material/esm/Table
ViewTwoTone.js 
(1:0): Module level 
directives cause 
errors when bundled, 
"use client" in "node
_modules/@mui/icons-m
aterial/esm/TableView
TwoTone.js" was 
ignored.
node_modules/@mui/ico
ns-material/esm/Table
tAndroid.js (1:0): 
Module level 
directives cause 
errors when bundled, 
"use client" in "node
_modules/@mui/icons-m
aterial/esm/TabletAnd
roid.js" was ignored.
node_modules/@mui/ico
ns-material/esm/Table
tAndroidOutlined.js 
(1:0): Module level 
directives cause 
errors when bundled, 
"use client" in "node
_modules/@mui/icons-m
aterial/esm/TabletAnd
roidOutlined.js" was 
ignored.
node_modules/@mui/ico
ns-material/esm/Table
tAndroidRounded.js 
(1:0): Module level 
directives cause 
errors when bundled, 
"use client" in "node
_modules/@mui/icons-m
aterial/esm/TabletAnd
roidRounded.js" was 
ignored.
node_modules/@mui/ico
ns-material/esm/Table
tAndroidTwoTone.js 
(1:0): Module level 
directives cause 
errors when bundled, 
"use client" in "node
_modules/@mui/icons-m
aterial/esm/TabletAnd
roidTwoTone.js" was 
ignored.
node_modules/@mui/ico
ns-material/esm/Table
tMacSharp.js (1:0): 
Module level 
directives cause 
errors when bundled, 
"use client" in "node
_modules/@mui/icons-m
aterial/esm/TabletMac
Sharp.js" was 
ignored.
node_modules/@mui/ico
ns-material/esm/Table
tMacRounded.js 
(1:0): Module level 
directives cause 
errors when bundled, 
"use client" in "node
_modules/@mui/icons-m
aterial/esm/TabletMac
Rounded.js" was 
ignored.
node_modules/@mui/ico
ns-material/esm/Table
tAndroidSharp.js 
(1:0): Module level 
directives cause 
errors when bundled, 
"use client" in "node
_modules/@mui/icons-m
aterial/esm/TabletAnd
roidSharp.js" was 
ignored.
node_modules/@mui/ico
ns-material/esm/Table
tMacTwoTone.js 
(1:0): Module level 
directives cause 
errors when bundled, 
"use client" in "node
_modules/@mui/icons-m
aterial/esm/TabletMac
TwoTone.js" was 
ignored.
node_modules/@mui/ico
ns-material/esm/Table
tMacOutlined.js 
(1:0): Module level 
directives cause 
errors when bundled, 
"use client" in "node
_modules/@mui/icons-m
aterial/esm/TabletMac
Outlined.js" was 
ignored.
node_modules/@mui/ico
ns-material/esm/Table
t.js (1:0): Module 
level directives 
cause errors when 
bundled, "use 
client" in "node_modu
les/@mui/icons-materi
al/esm/Tablet.js" 
was ignored.
node_modules/@mui/ico
ns-material/esm/Table
tRounded.js (1:0): 
Module level 
directives cause 
errors when bundled, 
"use client" in "node
_modules/@mui/icons-m
aterial/esm/TabletRou
nded.js" was ignored.
node_modules/@mui/ico
ns-material/esm/Table
tOutlined.js (1:0): 
Module level 
directives cause 
errors when bundled, 
"use client" in "node
_modules/@mui/icons-m
aterial/esm/TabletOut
lined.js" was 
ignored.
node_modules/@mui/ico
ns-material/esm/Table
tTwoTone.js (1:0): 
Module level 
directives cause 
errors when bundled, 
"use client" in "node
_modules/@mui/icons-m
aterial/esm/TabletTwo
Tone.js" was ignored.
node_modules/@mui/ico
ns-material/esm/Table
tMac.js (1:0): 
Module level 
directives cause 
errors when bundled, 
"use client" in "node
_modules/@mui/icons-m
aterial/esm/TabletMac
.js" was ignored.
node_modules/@mui/ico
ns-material/esm/Table
tSharp.js (1:0): 
Module level 
directives cause 
errors when bundled, 
"use client" in "node
_modules/@mui/icons-m
aterial/esm/TabletSha
rp.js" was ignored.
node_modules/@mui/ico
ns-material/esm/TagFa
ces.js (1:0): Module 
level directives 
cause errors when 
bundled, "use 
client" in "node_modu
les/@mui/icons-materi
al/esm/TagFaces.js" 
was ignored.
node_modules/@mui/ico
ns-material/esm/Tag.j
s (1:0): Module 
level directives 
cause errors when 
bundled, "use 
client" in "node_modu
les/@mui/icons-materi
al/esm/Tag.js" was 
ignored.
node_modules/@mui/ico
ns-material/esm/TagFa
cesOutlined.js 
(1:0): Module level 
directives cause 
errors when bundled, 
"use client" in "node
_modules/@mui/icons-m
aterial/esm/TagFacesO
utlined.js" was 
ignored.
node_modules/@mui/ico
ns-material/esm/TagFa
cesSharp.js (1:0): 
Module level 
directives cause 
errors when bundled, 
"use client" in "node
_modules/@mui/icons-m
aterial/esm/TagFacesS
harp.js" was ignored.
node_modules/@mui/ico
ns-material/esm/TagFa
cesRounded.js (1:0): 
Module level 
directives cause 
errors when bundled, 
"use client" in "node
_modules/@mui/icons-m
aterial/esm/TagFacesR
ounded.js" was 
ignored.
node_modules/@mui/ico
ns-material/esm/TagOu
tlined.js (1:0): 
Module level 
directives cause 
errors when bundled, 
"use client" in "node
_modules/@mui/icons-m
aterial/esm/TagOutlin
ed.js" was ignored.
node_modules/@mui/ico
ns-material/esm/TagFa
cesTwoTone.js (1:0): 
Module level 
directives cause 
errors when bundled, 
"use client" in "node
_modules/@mui/icons-m
aterial/esm/TagFacesT
woTone.js" was 
ignored.
node_modules/@mui/ico
ns-material/esm/TagRo
unded.js (1:0): 
Module level 
directives cause 
errors when bundled, 
"use client" in "node
_modules/@mui/icons-m
aterial/esm/TagRounde
d.js" was ignored.
node_modules/@mui/ico
ns-material/esm/TagSh
arp.js (1:0): Module 
level directives 
cause errors when 
bundled, "use 
client" in "node_modu
les/@mui/icons-materi
al/esm/TagSharp.js" 
was ignored.
node_modules/@mui/ico
ns-material/esm/TagTw
oTone.js (1:0): 
Module level 
directives cause 
errors when bundled, 
"use client" in "node
_modules/@mui/icons-m
aterial/esm/TagTwoTon
e.js" was ignored.
node_modules/@mui/ico
ns-material/esm/Takeo
utDiningRounded.js 
(1:0): Module level 
directives cause 
errors when bundled, 
"use client" in "node
_modules/@mui/icons-m
aterial/esm/TakeoutDi
ningRounded.js" was 
ignored.
node_modules/@mui/ico
ns-material/esm/Takeo
utDining.js (1:0): 
Module level 
directives cause 
errors when bundled, 
"use client" in "node
_modules/@mui/icons-m
aterial/esm/TakeoutDi
ning.js" was ignored.
node_modules/@mui/ico
ns-material/esm/Takeo
utDiningTwoTone.js 
(1:0): Module level 
directives cause 
errors when bundled, 
"use client" in "node
_modules/@mui/icons-m
aterial/esm/TakeoutDi
ningTwoTone.js" was 
ignored.
node_modules/@mui/ico
ns-material/esm/Takeo
utDiningSharp.js 
(1:0): Module level 
directives cause 
errors when bundled, 
"use client" in "node
_modules/@mui/icons-m
aterial/esm/TakeoutDi
ningSharp.js" was 
ignored.
node_modules/@mui/ico
ns-material/esm/TapAn
dPlayOutlined.js 
(1:0): Module level 
directives cause 
errors when bundled, 
"use client" in "node
_modules/@mui/icons-m
aterial/esm/TapAndPla
yOutlined.js" was 
ignored.
node_modules/@mui/ico
ns-material/esm/TapAn
dPlay.js (1:0): 
Module level 
directives cause 
errors when bundled, 
"use client" in "node
_modules/@mui/icons-m
aterial/esm/TapAndPla
y.js" was ignored.
node_modules/@mui/ico
ns-material/esm/TapAn
dPlaySharp.js (1:0): 
Module level 
directives cause 
errors when bundled, 
"use client" in "node
_modules/@mui/icons-m
aterial/esm/TapAndPla
ySharp.js" was 
ignored.
node_modules/@mui/ico
ns-material/esm/TapAn
dPlayRounded.js 
(1:0): Module level 
directives cause 
errors when bundled, 
"use client" in "node
_modules/@mui/icons-m
aterial/esm/TapAndPla
yRounded.js" was 
ignored.
node_modules/@mui/ico
ns-material/esm/TapAn
dPlayTwoTone.js 
(1:0): Module level 
directives cause 
errors when bundled, 
"use client" in "node
_modules/@mui/icons-m
aterial/esm/TapAndPla
yTwoTone.js" was 
ignored.
node_modules/@mui/ico
ns-material/esm/Takeo
utDiningOutlined.js 
(1:0): Module level 
directives cause 
errors when bundled, 
"use client" in "node
_modules/@mui/icons-m
aterial/esm/TakeoutDi
ningOutlined.js" was 
ignored.
node_modules/@mui/ico
ns-material/esm/Tapas
Outlined.js (1:0): 
Module level 
directives cause 
errors when bundled, 
"use client" in "node
_modules/@mui/icons-m
aterial/esm/TapasOutl
ined.js" was ignored.
node_modules/@mui/ico
ns-material/esm/Tapas
.js (1:0): Module 
level directives 
cause errors when 
bundled, "use 
client" in "node_modu
les/@mui/icons-materi
al/esm/Tapas.js" was 
ignored.
node_modules/@mui/ico
ns-material/esm/Tapas
Rounded.js (1:0): 
Module level 
directives cause 
errors when bundled, 
"use client" in "node
_modules/@mui/icons-m
aterial/esm/TapasRoun
ded.js" was ignored.
node_modules/@mui/ico
ns-material/esm/Tapas
Sharp.js (1:0): 
Module level 
directives cause 
errors when bundled, 
"use client" in "node
_modules/@mui/icons-m
aterial/esm/TapasShar
p.js" was ignored.
node_modules/@mui/ico
ns-material/esm/Task.
js (1:0): Module 
level directives 
cause errors when 
bundled, "use 
client" in "node_modu
les/@mui/icons-materi
al/esm/Task.js" was 
ignored.
node_modules/@mui/ico
ns-material/esm/Tapas
TwoTone.js (1:0): 
Module level 
directives cause 
errors when bundled, 
"use client" in "node
_modules/@mui/icons-m
aterial/esm/TapasTwoT
one.js" was ignored.
node_modules/@mui/ico
ns-material/esm/TaskA
lt.js (1:0): Module 
level directives 
cause errors when 
bundled, "use 
client" in "node_modu
les/@mui/icons-materi
al/esm/TaskAlt.js" 
was ignored.
node_modules/@mui/ico
ns-material/esm/TaskA
ltOutlined.js (1:0): 
Module level 
directives cause 
errors when bundled, 
"use client" in "node
_modules/@mui/icons-m
aterial/esm/TaskAltOu
tlined.js" was 
ignored.
node_modules/@mui/ico
ns-material/esm/TaskA
ltTwoTone.js (1:0): 
Module level 
directives cause 
errors when bundled, 
"use client" in "node
_modules/@mui/icons-m
aterial/esm/TaskAltTw
oTone.js" was 
ignored.
node_modules/@mui/ico
ns-material/esm/TaskA
ltRounded.js (1:0): 
Module level 
directives cause 
errors when bundled, 
"use client" in "node
_modules/@mui/icons-m
aterial/esm/TaskAltRo
unded.js" was 
ignored.
node_modules/@mui/ico
ns-material/esm/TaskA
ltSharp.js (1:0): 
Module level 
directives cause 
errors when bundled, 
"use client" in "node
_modules/@mui/icons-m
aterial/esm/TaskAltSh
arp.js" was ignored.
node_modules/@mui/ico
ns-material/esm/TaskO
utlined.js (1:0): 
Module level 
directives cause 
errors when bundled, 
"use client" in "node
_modules/@mui/icons-m
aterial/esm/TaskOutli
ned.js" was ignored.
node_modules/@mui/ico
ns-material/esm/TaskR
ounded.js (1:0): 
Module level 
directives cause 
errors when bundled, 
"use client" in "node
_modules/@mui/icons-m
aterial/esm/TaskRound
ed.js" was ignored.
node_modules/@mui/ico
ns-material/esm/TaskS
harp.js (1:0): 
Module level 
directives cause 
errors when bundled, 
"use client" in "node
_modules/@mui/icons-m
aterial/esm/TaskSharp
.js" was ignored.
node_modules/@mui/ico
ns-material/esm/TaskT
woTone.js (1:0): 
Module level 
directives cause 
errors when bundled, 
"use client" in "node
_modules/@mui/icons-m
aterial/esm/TaskTwoTo
ne.js" was ignored.
node_modules/@mui/ico
ns-material/esm/TaxiA
lert.js (1:0): 
Module level 
directives cause 
errors when bundled, 
"use client" in "node
_modules/@mui/icons-m
aterial/esm/TaxiAlert
.js" was ignored.
node_modules/@mui/ico
ns-material/esm/TaxiA
lertRounded.js 
(1:0): Module level 
directives cause 
errors when bundled, 
"use client" in "node
_modules/@mui/icons-m
aterial/esm/TaxiAlert
Rounded.js" was 
ignored.
node_modules/@mui/ico
ns-material/esm/TaxiA
lertOutlined.js 
(1:0): Module level 
directives cause 
errors when bundled, 
"use client" in "node
_modules/@mui/icons-m
aterial/esm/TaxiAlert
Outlined.js" was 
ignored.
node_modules/@mui/ico
ns-material/esm/Teleg
ram.js (1:0): Module 
level directives 
cause errors when 
bundled, "use 
client" in "node_modu
les/@mui/icons-materi
al/esm/Telegram.js" 
was ignored.
node_modules/@mui/ico
ns-material/esm/TaxiA
lertTwoTone.js 
(1:0): Module level 
directives cause 
errors when bundled, 
"use client" in "node
_modules/@mui/icons-m
aterial/esm/TaxiAlert
TwoTone.js" was 
ignored.
node_modules/@mui/ico
ns-material/esm/Templ
eBuddhistOutlined.js 
(1:0): Module level 
directives cause 
errors when bundled, 
"use client" in "node
_modules/@mui/icons-m
aterial/esm/TempleBud
dhistOutlined.js" 
was ignored.
node_modules/@mui/ico
ns-material/esm/Templ
eBuddhist.js (1:0): 
Module level 
directives cause 
errors when bundled, 
"use client" in "node
_modules/@mui/icons-m
aterial/esm/TempleBud
dhist.js" was 
ignored.
node_modules/@mui/ico
ns-material/esm/TaxiA
lertSharp.js (1:0): 
Module level 
directives cause 
errors when bundled, 
"use client" in "node
_modules/@mui/icons-m
aterial/esm/TaxiAlert
Sharp.js" was 
ignored.
node_modules/@mui/ico
ns-material/esm/Templ
eBuddhistSharp.js 
(1:0): Module level 
directives cause 
errors when bundled, 
"use client" in "node
_modules/@mui/icons-m
aterial/esm/TempleBud
dhistSharp.js" was 
ignored.
node_modules/@mui/ico
ns-material/esm/Templ
eBuddhistRounded.js 
(1:0): Module level 
directives cause 
errors when bundled, 
"use client" in "node
_modules/@mui/icons-m
aterial/esm/TempleBud
dhistRounded.js" was 
ignored.
node_modules/@mui/ico
ns-material/esm/Templ
eBuddhistTwoTone.js 
(1:0): Module level 
directives cause 
errors when bundled, 
"use client" in "node
_modules/@mui/icons-m
aterial/esm/TempleBud
dhistTwoTone.js" was 
ignored.
node_modules/@mui/ico
ns-material/esm/Templ
eHinduOutlined.js 
(1:0): Module level 
directives cause 
errors when bundled, 
"use client" in "node
_modules/@mui/icons-m
aterial/esm/TempleHin
duOutlined.js" was 
ignored.
node_modules/@mui/ico
ns-material/esm/Templ
eHindu.js (1:0): 
Module level 
directives cause 
errors when bundled, 
"use client" in "node
_modules/@mui/icons-m
aterial/esm/TempleHin
du.js" was ignored.
node_modules/@mui/ico
ns-material/esm/Templ
eHinduRounded.js 
(1:0): Module level 
directives cause 
errors when bundled, 
"use client" in "node
_modules/@mui/icons-m
aterial/esm/TempleHin
duRounded.js" was 
ignored.
node_modules/@mui/ico
ns-material/esm/Templ
eHinduSharp.js 
(1:0): Module level 
directives cause 
errors when bundled, 
"use client" in "node
_modules/@mui/icons-m
aterial/esm/TempleHin
duSharp.js" was 
ignored.
node_modules/@mui/ico
ns-material/esm/Templ
eHinduTwoTone.js 
(1:0): Module level 
directives cause 
errors when bundled, 
"use client" in "node
_modules/@mui/icons-m
aterial/esm/TempleHin
duTwoTone.js" was 
ignored.
node_modules/@mui/ico
ns-material/esm/TenMp
Rounded.js (1:0): 
Module level 
directives cause 
errors when bundled, 
"use client" in "node
_modules/@mui/icons-m
aterial/esm/TenMpRoun
ded.js" was ignored.
node_modules/@mui/ico
ns-material/esm/TenMp
.js (1:0): Module 
level directives 
cause errors when 
bundled, "use 
client" in "node_modu
les/@mui/icons-materi
al/esm/TenMp.js" was 
ignored.
node_modules/@mui/ico
ns-material/esm/TenMp
Outlined.js (1:0): 
Module level 
directives cause 
errors when bundled, 
"use client" in "node
_modules/@mui/icons-m
aterial/esm/TenMpOutl
ined.js" was ignored.
node_modules/@mui/ico
ns-material/esm/TenMp
TwoTone.js (1:0): 
Module level 
directives cause 
errors when bundled, 
"use client" in "node
_modules/@mui/icons-m
aterial/esm/TenMpTwoT
one.js" was ignored.
node_modules/@mui/ico
ns-material/esm/TenMp
Sharp.js (1:0): 
Module level 
directives cause 
errors when bundled, 
"use client" in "node
_modules/@mui/icons-m
aterial/esm/TenMpShar
p.js" was ignored.
node_modules/@mui/ico
ns-material/esm/Termi
nalOutlined.js 
(1:0): Module level 
directives cause 
errors when bundled, 
"use client" in "node
_modules/@mui/icons-m
aterial/esm/TerminalO
utlined.js" was 
ignored.
node_modules/@mui/ico
ns-material/esm/Termi
nal.js (1:0): Module 
level directives 
cause errors when 
bundled, "use 
client" in "node_modu
les/@mui/icons-materi
al/esm/Terminal.js" 
was ignored.
node_modules/@mui/ico
ns-material/esm/Termi
nalSharp.js (1:0): 
Module level 
directives cause 
errors when bundled, 
"use client" in "node
_modules/@mui/icons-m
aterial/esm/TerminalS
harp.js" was ignored.
node_modules/@mui/ico
ns-material/esm/Termi
nalRounded.js (1:0): 
Module level 
directives cause 
errors when bundled, 
"use client" in "node
_modules/@mui/icons-m
aterial/esm/TerminalR
ounded.js" was 
ignored.
node_modules/@mui/ico
ns-material/esm/Termi
nalTwoTone.js (1:0): 
Module level 
directives cause 
errors when bundled, 
"use client" in "node
_modules/@mui/icons-m
aterial/esm/TerminalT
woTone.js" was 
ignored.
node_modules/@mui/ico
ns-material/esm/Terra
inOutlined.js (1:0): 
Module level 
directives cause 
errors when bundled, 
"use client" in "node
_modules/@mui/icons-m
aterial/esm/TerrainOu
tlined.js" was 
ignored.
node_modules/@mui/ico
ns-material/esm/Terra
in.js (1:0): Module 
level directives 
cause errors when 
bundled, "use 
client" in "node_modu
les/@mui/icons-materi
al/esm/Terrain.js" 
was ignored.
node_modules/@mui/ico
ns-material/esm/Terra
inSharp.js (1:0): 
Module level 
directives cause 
errors when bundled, 
"use client" in "node
_modules/@mui/icons-m
aterial/esm/TerrainSh
arp.js" was ignored.
node_modules/@mui/ico
ns-material/esm/Terra
inRounded.js (1:0): 
Module level 
directives cause 
errors when bundled, 
"use client" in "node
_modules/@mui/icons-m
aterial/esm/TerrainRo
unded.js" was 
ignored.
node_modules/@mui/ico
ns-material/esm/TextD
ecreaseRounded.js 
(1:0): Module level 
directives cause 
errors when bundled, 
"use client" in "node
_modules/@mui/icons-m
aterial/esm/TextDecre
aseRounded.js" was 
ignored.
node_modules/@mui/ico
ns-material/esm/Terra
inTwoTone.js (1:0): 
Module level 
directives cause 
errors when bundled, 
"use client" in "node
_modules/@mui/icons-m
aterial/esm/TerrainTw
oTone.js" was 
ignored.
node_modules/@mui/ico
ns-material/esm/TextD
ecreaseTwoTone.js 
(1:0): Module level 
directives cause 
errors when bundled, 
"use client" in "node
_modules/@mui/icons-m
aterial/esm/TextDecre
aseTwoTone.js" was 
ignored.
node_modules/@mui/ico
ns-material/esm/TextD
ecreaseOutlined.js 
(1:0): Module level 
directives cause 
errors when bundled, 
"use client" in "node
_modules/@mui/icons-m
aterial/esm/TextDecre
aseOutlined.js" was 
ignored.
node_modules/@mui/ico
ns-material/esm/TextD
ecrease.js (1:0): 
Module level 
directives cause 
errors when bundled, 
"use client" in "node
_modules/@mui/icons-m
aterial/esm/TextDecre
ase.js" was ignored.
node_modules/@mui/ico
ns-material/esm/TextD
ecreaseSharp.js 
(1:0): Module level 
directives cause 
errors when bundled, 
"use client" in "node
_modules/@mui/icons-m
aterial/esm/TextDecre
aseSharp.js" was 
ignored.
node_modules/@mui/ico
ns-material/esm/TextF
ields.js (1:0): 
Module level 
directives cause 
errors when bundled, 
"use client" in "node
_modules/@mui/icons-m
aterial/esm/TextField
s.js" was ignored.
node_modules/@mui/ico
ns-material/esm/TextF
ieldsRounded.js 
(1:0): Module level 
directives cause 
errors when bundled, 
"use client" in "node
_modules/@mui/icons-m
aterial/esm/TextField
sRounded.js" was 
ignored.
node_modules/@mui/ico
ns-material/esm/TextF
ieldsOutlined.js 
(1:0): Module level 
directives cause 
errors when bundled, 
"use client" in "node
_modules/@mui/icons-m
aterial/esm/TextField
sOutlined.js" was 
ignored.
node_modules/@mui/ico
ns-material/esm/TextF
ieldsSharp.js (1:0): 
Module level 
directives cause 
errors when bundled, 
"use client" in "node
_modules/@mui/icons-m
aterial/esm/TextField
sSharp.js" was 
ignored.
node_modules/@mui/ico
ns-material/esm/TextF
ormatOutlined.js 
(1:0): Module level 
directives cause 
errors when bundled, 
"use client" in "node
_modules/@mui/icons-m
aterial/esm/TextForma
tOutlined.js" was 
ignored.
node_modules/@mui/ico
ns-material/esm/TextF
ieldsTwoTone.js 
(1:0): Module level 
directives cause 
errors when bundled, 
"use client" in "node
_modules/@mui/icons-m
aterial/esm/TextField
sTwoTone.js" was 
ignored.
node_modules/@mui/ico
ns-material/esm/TextF
ormat.js (1:0): 
Module level 
directives cause 
errors when bundled, 
"use client" in "node
_modules/@mui/icons-m
aterial/esm/TextForma
t.js" was ignored.
node_modules/@mui/ico
ns-material/esm/TextF
ormatRounded.js 
(1:0): Module level 
directives cause 
errors when bundled, 
"use client" in "node
_modules/@mui/icons-m
aterial/esm/TextForma
tRounded.js" was 
ignored.
node_modules/@mui/ico
ns-material/esm/TextI
ncrease.js (1:0): 
Module level 
directives cause 
errors when bundled, 
"use client" in "node
_modules/@mui/icons-m
aterial/esm/TextIncre
ase.js" was ignored.
node_modules/@mui/ico
ns-material/esm/TextF
ormatSharp.js (1:0): 
Module level 
directives cause 
errors when bundled, 
"use client" in "node
_modules/@mui/icons-m
aterial/esm/TextForma
tSharp.js" was 
ignored.
node_modules/@mui/ico
ns-material/esm/TextF
ormatTwoTone.js 
(1:0): Module level 
directives cause 
errors when bundled, 
"use client" in "node
_modules/@mui/icons-m
aterial/esm/TextForma
tTwoTone.js" was 
ignored.
node_modules/@mui/ico
ns-material/esm/TextI
ncreaseSharp.js 
(1:0): Module level 
directives cause 
errors when bundled, 
"use client" in "node
_modules/@mui/icons-m
aterial/esm/TextIncre
aseSharp.js" was 
ignored.
node_modules/@mui/ico
ns-material/esm/TextI
ncreaseOutlined.js 
(1:0): Module level 
directives cause 
errors when bundled, 
"use client" in "node
_modules/@mui/icons-m
aterial/esm/TextIncre
aseOutlined.js" was 
ignored.
node_modules/@mui/ico
ns-material/esm/TextI
ncreaseRounded.js 
(1:0): Module level 
directives cause 
errors when bundled, 
"use client" in "node
_modules/@mui/icons-m
aterial/esm/TextIncre
aseRounded.js" was 
ignored.
node_modules/@mui/ico
ns-material/esm/TextR
otateUpOutlined.js 
(1:0): Module level 
directives cause 
errors when bundled, 
"use client" in "node
_modules/@mui/icons-m
aterial/esm/TextRotat
eUpOutlined.js" was 
ignored.
node_modules/@mui/ico
ns-material/esm/TextR
otateUp.js (1:0): 
Module level 
directives cause 
errors when bundled, 
"use client" in "node
_modules/@mui/icons-m
aterial/esm/TextRotat
eUp.js" was ignored.
node_modules/@mui/ico
ns-material/esm/TextR
otateUpSharp.js 
(1:0): Module level 
directives cause 
errors when bundled, 
"use client" in "node
_modules/@mui/icons-m
aterial/esm/TextRotat
eUpSharp.js" was 
ignored.
node_modules/@mui/ico
ns-material/esm/TextR
otateUpRounded.js 
(1:0): Module level 
directives cause 
errors when bundled, 
"use client" in "node
_modules/@mui/icons-m
aterial/esm/TextRotat
eUpRounded.js" was 
ignored.
node_modules/@mui/ico
ns-material/esm/TextI
ncreaseTwoTone.js 
(1:0): Module level 
directives cause 
errors when bundled, 
"use client" in "node
_modules/@mui/icons-m
aterial/esm/TextIncre
aseTwoTone.js" was 
ignored.
node_modules/@mui/ico
ns-material/esm/TextR
otateUpTwoTone.js 
(1:0): Module level 
directives cause 
errors when bundled, 
"use client" in "node
_modules/@mui/icons-m
aterial/esm/TextRotat
eUpTwoTone.js" was 
ignored.
node_modules/@mui/ico
ns-material/esm/TextR
otateVerticalOutlined
.js (1:0): Module 
level directives 
cause errors when 
bundled, "use 
client" in "node_modu
les/@mui/icons-materi
al/esm/TextRotateVert
icalOutlined.js" was 
ignored.
node_modules/@mui/ico
ns-material/esm/TextR
otateVerticalRounded.
js (1:0): Module 
level directives 
cause errors when 
bundled, "use 
client" in "node_modu
les/@mui/icons-materi
al/esm/TextRotateVert
icalRounded.js" was 
ignored.
node_modules/@mui/ico
ns-material/esm/TextR
otateVertical.js 
(1:0): Module level 
directives cause 
errors when bundled, 
"use client" in "node
_modules/@mui/icons-m
aterial/esm/TextRotat
eVertical.js" was 
ignored.
node_modules/@mui/ico
ns-material/esm/TextR
otateVerticalSharp.js
 (1:0): Module level 
directives cause 
errors when bundled, 
"use client" in "node
_modules/@mui/icons-m
aterial/esm/TextRotat
eVerticalSharp.js" 
was ignored.
node_modules/@mui/ico
ns-material/esm/TextR
otateVerticalTwoTone.
js (1:0): Module 
level directives 
cause errors when 
bundled, "use 
client" in "node_modu
les/@mui/icons-materi
al/esm/TextRotateVert
icalTwoTone.js" was 
ignored.
node_modules/@mui/ico
ns-material/esm/TextR
otationAngledown.js 
(1:0): Module level 
directives cause 
errors when bundled, 
"use client" in "node
_modules/@mui/icons-m
aterial/esm/TextRotat
ionAngledown.js" was 
ignored.
node_modules/@mui/ico
ns-material/esm/TextR
otationAngledownRound
ed.js (1:0): Module 
level directives 
cause errors when 
bundled, "use 
client" in "node_modu
les/@mui/icons-materi
al/esm/TextRotationAn
gledownRounded.js" 
was ignored.
node_modules/@mui/ico
ns-material/esm/TextR
otationAngledownOutli
ned.js (1:0): Module 
level directives 
cause errors when 
bundled, "use 
client" in "node_modu
les/@mui/icons-materi
al/esm/TextRotationAn
gledownOutlined.js" 
was ignored.
node_modules/@mui/ico
ns-material/esm/TextR
otationAngledownSharp
.js (1:0): Module 
level directives 
cause errors when 
bundled, "use 
client" in "node_modu
les/@mui/icons-materi
al/esm/TextRotationAn
gledownSharp.js" was 
ignored.
node_modules/@mui/ico
ns-material/esm/TextR
otationAngledownTwoTo
ne.js (1:0): Module 
level directives 
cause errors when 
bundled, "use 
client" in "node_modu
les/@mui/icons-materi
al/esm/TextRotationAn
gledownTwoTone.js" 
was ignored.
node_modules/@mui/ico
ns-material/esm/TextR
otationAngleup.js 
(1:0): Module level 
directives cause 
errors when bundled, 
"use client" in "node
_modules/@mui/icons-m
aterial/esm/TextRotat
ionAngleup.js" was 
ignored.
node_modules/@mui/ico
ns-material/esm/TextR
otationAngleupOutline
d.js (1:0): Module 
level directives 
cause errors when 
bundled, "use 
client" in "node_modu
les/@mui/icons-materi
al/esm/TextRotationAn
gleupOutlined.js" 
was ignored.
node_modules/@mui/ico
ns-material/esm/TextR
otationAngleupRounded
.js (1:0): Module 
level directives 
cause errors when 
bundled, "use 
client" in "node_modu
les/@mui/icons-materi
al/esm/TextRotationAn
gleupRounded.js" was 
ignored.
node_modules/@mui/ico
ns-material/esm/TextR
otationAngleupTwoTone
.js (1:0): Module 
level directives 
cause errors when 
bundled, "use 
client" in "node_modu
les/@mui/icons-materi
al/esm/TextRotationAn
gleupTwoTone.js" was 
ignored.
node_modules/@mui/ico
ns-material/esm/TextR
otationAngleupSharp.j
s (1:0): Module 
level directives 
cause errors when 
bundled, "use 
client" in "node_modu
les/@mui/icons-materi
al/esm/TextRotationAn
gleupSharp.js" was 
ignored.
node_modules/@mui/ico
ns-material/esm/TextR
otationDown.js 
(1:0): Module level 
directives cause 
errors when bundled, 
"use client" in "node
_modules/@mui/icons-m
aterial/esm/TextRotat
ionDown.js" was 
ignored.
node_modules/@mui/ico
ns-material/esm/TextR
otationDownRounded.js
 (1:0): Module level 
directives cause 
errors when bundled, 
"use client" in "node
_modules/@mui/icons-m
aterial/esm/TextRotat
ionDownRounded.js" 
was ignored.
node_modules/@mui/ico
ns-material/esm/TextR
otationDownOutlined.j
s (1:0): Module 
level directives 
cause errors when 
bundled, "use 
client" in "node_modu
les/@mui/icons-materi
al/esm/TextRotationDo
wnOutlined.js" was 
ignored.
node_modules/@mui/ico
ns-material/esm/TextR
otationDownSharp.js 
(1:0): Module level 
directives cause 
errors when bundled, 
"use client" in "node
_modules/@mui/icons-m
aterial/esm/TextRotat
ionDownSharp.js" was 
ignored.
node_modules/@mui/ico
ns-material/esm/TextR
otationNoneOutlined.j
s (1:0): Module 
level directives 
cause errors when 
bundled, "use 
client" in "node_modu
les/@mui/icons-materi
al/esm/TextRotationNo
neOutlined.js" was 
ignored.
node_modules/@mui/ico
ns-material/esm/TextR
otationDownTwoTone.js
 (1:0): Module level 
directives cause 
errors when bundled, 
"use client" in "node
_modules/@mui/icons-m
aterial/esm/TextRotat
ionDownTwoTone.js" 
was ignored.
node_modules/@mui/ico
ns-material/esm/TextR
otationNone.js 
(1:0): Module level 
directives cause 
errors when bundled, 
"use client" in "node
_modules/@mui/icons-m
aterial/esm/TextRotat
ionNone.js" was 
ignored.
node_modules/@mui/ico
ns-material/esm/TextR
otationNoneSharp.js 
(1:0): Module level 
directives cause 
errors when bundled, 
"use client" in "node
_modules/@mui/icons-m
aterial/esm/TextRotat
ionNoneSharp.js" was 
ignored.
node_modules/@mui/ico
ns-material/esm/TextR
otationNoneRounded.js
 (1:0): Module level 
directives cause 
errors when bundled, 
"use client" in "node
_modules/@mui/icons-m
aterial/esm/TextRotat
ionNoneRounded.js" 
was ignored.
node_modules/@mui/ico
ns-material/esm/TextS
nippet.js (1:0): 
Module level 
directives cause 
errors when bundled, 
"use client" in "node
_modules/@mui/icons-m
aterial/esm/TextSnipp
et.js" was ignored.
node_modules/@mui/ico
ns-material/esm/TextR
otationNoneTwoTone.js
 (1:0): Module level 
directives cause 
errors when bundled, 
"use client" in "node
_modules/@mui/icons-m
aterial/esm/TextRotat
ionNoneTwoTone.js" 
was ignored.
node_modules/@mui/ico
ns-material/esm/Texts
ms.js (1:0): Module 
level directives 
cause errors when 
bundled, "use 
client" in "node_modu
les/@mui/icons-materi
al/esm/Textsms.js" 
was ignored.
node_modules/@mui/ico
ns-material/esm/TextS
nippetTwoTone.js 
(1:0): Module level 
directives cause 
errors when bundled, 
"use client" in "node
_modules/@mui/icons-m
aterial/esm/TextSnipp
etTwoTone.js" was 
ignored.
node_modules/@mui/ico
ns-material/esm/Texts
msOutlined.js (1:0): 
Module level 
directives cause 
errors when bundled, 
"use client" in "node
_modules/@mui/icons-m
aterial/esm/TextsmsOu
tlined.js" was 
ignored.
node_modules/@mui/ico
ns-material/esm/Texts
msRounded.js (1:0): 
Module level 
directives cause 
errors when bundled, 
"use client" in "node
_modules/@mui/icons-m
aterial/esm/TextsmsRo
unded.js" was 
ignored.
node_modules/@mui/ico
ns-material/esm/TextS
nippetSharp.js 
(1:0): Module level 
directives cause 
errors when bundled, 
"use client" in "node
_modules/@mui/icons-m
aterial/esm/TextSnipp
etSharp.js" was 
ignored.
node_modules/@mui/ico
ns-material/esm/Texts
msTwoTone.js (1:0): 
Module level 
directives cause 
errors when bundled, 
"use client" in "node
_modules/@mui/icons-m
aterial/esm/TextsmsTw
oTone.js" was 
ignored.
node_modules/@mui/ico
ns-material/esm/Textu
re.js (1:0): Module 
level directives 
cause errors when 
bundled, "use 
client" in "node_modu
les/@mui/icons-materi
al/esm/Texture.js" 
was ignored.
node_modules/@mui/ico
ns-material/esm/Textu
reOutlined.js (1:0): 
Module level 
directives cause 
errors when bundled, 
"use client" in "node
_modules/@mui/icons-m
aterial/esm/TextureOu
tlined.js" was 
ignored.
node_modules/@mui/ico
ns-material/esm/Textu
reRounded.js (1:0): 
Module level 
directives cause 
errors when bundled, 
"use client" in "node
_modules/@mui/icons-m
aterial/esm/TextureRo
unded.js" was 
ignored.
node_modules/@mui/ico
ns-material/esm/Texts
msSharp.js (1:0): 
Module level 
directives cause 
errors when bundled, 
"use client" in "node
_modules/@mui/icons-m
aterial/esm/TextsmsSh
arp.js" was ignored.
node_modules/@mui/ico
ns-material/esm/TextS
nippetOutlined.js 
(1:0): Module level 
directives cause 
errors when bundled, 
"use client" in "node
_modules/@mui/icons-m
aterial/esm/TextSnipp
etOutlined.js" was 
ignored.
node_modules/@mui/ico
ns-material/esm/Textu
reSharp.js (1:0): 
Module level 
directives cause 
errors when bundled, 
"use client" in "node
_modules/@mui/icons-m
aterial/esm/TextureSh
arp.js" was ignored.
node_modules/@mui/ico
ns-material/esm/Textu
reTwoTone.js (1:0): 
Module level 
directives cause 
errors when bundled, 
"use client" in "node
_modules/@mui/icons-m
aterial/esm/TextureTw
oTone.js" was 
ignored.
node_modules/@mui/ico
ns-material/esm/Theat
erComedy.js (1:0): 
Module level 
directives cause 
errors when bundled, 
"use client" in "node
_modules/@mui/icons-m
aterial/esm/TheaterCo
medy.js" was ignored.
node_modules/@mui/ico
ns-material/esm/Theat
erComedyOutlined.js 
(1:0): Module level 
directives cause 
errors when bundled, 
"use client" in "node
_modules/@mui/icons-m
aterial/esm/TheaterCo
medyOutlined.js" was 
ignored.
node_modules/@mui/ico
ns-material/esm/Theat
erComedyRounded.js 
(1:0): Module level 
directives cause 
errors when bundled, 
"use client" in "node
_modules/@mui/icons-m
aterial/esm/TheaterCo
medyRounded.js" was 
ignored.
node_modules/@mui/ico
ns-material/esm/Theat
ers.js (1:0): Module 
level directives 
cause errors when 
bundled, "use 
client" in "node_modu
les/@mui/icons-materi
al/esm/Theaters.js" 
was ignored.
node_modules/@mui/ico
ns-material/esm/Theat
erComedySharp.js 
(1:0): Module level 
directives cause 
errors when bundled, 
"use client" in "node
_modules/@mui/icons-m
aterial/esm/TheaterCo
medySharp.js" was 
ignored.
node_modules/@mui/ico
ns-material/esm/TextS
nippetRounded.js 
(1:0): Module level 
directives cause 
errors when bundled, 
"use client" in "node
_modules/@mui/icons-m
aterial/esm/TextSnipp
etRounded.js" was 
ignored.
node_modules/@mui/ico
ns-material/esm/Theat
ersOutlined.js 
(1:0): Module level 
directives cause 
errors when bundled, 
"use client" in "node
_modules/@mui/icons-m
aterial/esm/TheatersO
utlined.js" was 
ignored.
node_modules/@mui/ico
ns-material/esm/Theat
erComedyTwoTone.js 
(1:0): Module level 
directives cause 
errors when bundled, 
"use client" in "node
_modules/@mui/icons-m
aterial/esm/TheaterCo
medyTwoTone.js" was 
ignored.
node_modules/@mui/ico
ns-material/esm/Theat
ersSharp.js (1:0): 
Module level 
directives cause 
errors when bundled, 
"use client" in "node
_modules/@mui/icons-m
aterial/esm/TheatersS
harp.js" was ignored.
node_modules/@mui/ico
ns-material/esm/Theat
ersRounded.js (1:0): 
Module level 
directives cause 
errors when bundled, 
"use client" in "node
_modules/@mui/icons-m
aterial/esm/TheatersR
ounded.js" was 
ignored.
node_modules/@mui/ico
ns-material/esm/Theat
ersTwoTone.js (1:0): 
Module level 
directives cause 
errors when bundled, 
"use client" in "node
_modules/@mui/icons-m
aterial/esm/TheatersT
woTone.js" was 
ignored.
node_modules/@mui/ico
ns-material/esm/Therm
ostat.js (1:0): 
Module level 
directives cause 
errors when bundled, 
"use client" in "node
_modules/@mui/icons-m
aterial/esm/Thermosta
t.js" was ignored.
node_modules/@mui/ico
ns-material/esm/Therm
ostatAuto.js (1:0): 
Module level 
directives cause 
errors when bundled, 
"use client" in "node
_modules/@mui/icons-m
aterial/esm/Thermosta
tAuto.js" was 
ignored.
node_modules/@mui/ico
ns-material/esm/Therm
ostatAutoRounded.js 
(1:0): Module level 
directives cause 
errors when bundled, 
"use client" in "node
_modules/@mui/icons-m
aterial/esm/Thermosta
tAutoRounded.js" was 
ignored.
node_modules/@mui/ico
ns-material/esm/Therm
ostatAutoOutlined.js 
(1:0): Module level 
directives cause 
errors when bundled, 
"use client" in "node
_modules/@mui/icons-m
aterial/esm/Thermosta
tAutoOutlined.js" 
was ignored.
node_modules/@mui/ico
ns-material/esm/Therm
ostatAutoTwoTone.js 
(1:0): Module level 
directives cause 
errors when bundled, 
"use client" in "node
_modules/@mui/icons-m
aterial/esm/Thermosta
tAutoTwoTone.js" was 
ignored.
node_modules/@mui/ico
ns-material/esm/Therm
ostatAutoSharp.js 
(1:0): Module level 
directives cause 
errors when bundled, 
"use client" in "node
_modules/@mui/icons-m
aterial/esm/Thermosta
tAutoSharp.js" was 
ignored.
node_modules/@mui/ico
ns-material/esm/Therm
ostatSharp.js (1:0): 
Module level 
directives cause 
errors when bundled, 
"use client" in "node
_modules/@mui/icons-m
aterial/esm/Thermosta
tSharp.js" was 
ignored.
node_modules/@mui/ico
ns-material/esm/Therm
ostatRounded.js 
(1:0): Module level 
directives cause 
errors when bundled, 
"use client" in "node
_modules/@mui/icons-m
aterial/esm/Thermosta
tRounded.js" was 
ignored.
node_modules/@mui/ico
ns-material/esm/Therm
ostatOutlined.js 
(1:0): Module level 
directives cause 
errors when bundled, 
"use client" in "node
_modules/@mui/icons-m
aterial/esm/Thermosta
tOutlined.js" was 
ignored.
node_modules/@mui/ico
ns-material/esm/Thirt
eenMp.js (1:0): 
Module level 
directives cause 
errors when bundled, 
"use client" in "node
_modules/@mui/icons-m
aterial/esm/ThirteenM
p.js" was ignored.
node_modules/@mui/ico
ns-material/esm/Therm
ostatTwoTone.js 
(1:0): Module level 
directives cause 
errors when bundled, 
"use client" in "node
_modules/@mui/icons-m
aterial/esm/Thermosta
tTwoTone.js" was 
ignored.
node_modules/@mui/ico
ns-material/esm/Thirt
eenMpOutlined.js 
(1:0): Module level 
directives cause 
errors when bundled, 
"use client" in "node
_modules/@mui/icons-m
aterial/esm/ThirteenM
pOutlined.js" was 
ignored.
node_modules/@mui/ico
ns-material/esm/Thirt
eenMpSharp.js (1:0): 
Module level 
directives cause 
errors when bundled, 
"use client" in "node
_modules/@mui/icons-m
aterial/esm/ThirteenM
pSharp.js" was 
ignored.
node_modules/@mui/ico
ns-material/esm/Thirt
eenMpRounded.js 
(1:0): Module level 
directives cause 
errors when bundled, 
"use client" in "node
_modules/@mui/icons-m
aterial/esm/ThirteenM
pRounded.js" was 
ignored.
node_modules/@mui/ico
ns-material/esm/Thirt
yFps.js (1:0): 
Module level 
directives cause 
errors when bundled, 
"use client" in "node
_modules/@mui/icons-m
aterial/esm/ThirtyFps
.js" was ignored.
node_modules/@mui/ico
ns-material/esm/Thirt
eenMpTwoTone.js 
(1:0): Module level 
directives cause 
errors when bundled, 
"use client" in "node
_modules/@mui/icons-m
aterial/esm/ThirteenM
pTwoTone.js" was 
ignored.
node_modules/@mui/ico
ns-material/esm/Thirt
yFpsOutlined.js 
(1:0): Module level 
directives cause 
errors when bundled, 
"use client" in "node
_modules/@mui/icons-m
aterial/esm/ThirtyFps
Outlined.js" was 
ignored.
node_modules/@mui/ico
ns-material/esm/Thirt
yFpsRounded.js 
(1:0): Module level 
directives cause 
errors when bundled, 
"use client" in "node
_modules/@mui/icons-m
aterial/esm/ThirtyFps
Rounded.js" was 
ignored.
node_modules/@mui/ico
ns-material/esm/Thirt
yFpsSelect.js (1:0): 
Module level 
directives cause 
errors when bundled, 
"use client" in "node
_modules/@mui/icons-m
aterial/esm/ThirtyFps
Select.js" was 
ignored.
node_modules/@mui/ico
ns-material/esm/Thirt
yFpsSelectOutlined.js
 (1:0): Module level 
directives cause 
errors when bundled, 
"use client" in "node
_modules/@mui/icons-m
aterial/esm/ThirtyFps
SelectOutlined.js" 
was ignored.
node_modules/@mui/ico
ns-material/esm/Thirt
yFpsSelectTwoTone.js 
(1:0): Module level 
directives cause 
errors when bundled, 
"use client" in "node
_modules/@mui/icons-m
aterial/esm/ThirtyFps
SelectTwoTone.js" 
was ignored.
node_modules/@mui/ico
ns-material/esm/Thirt
yFpsSelectRounded.js 
(1:0): Module level 
directives cause 
errors when bundled, 
"use client" in "node
_modules/@mui/icons-m
aterial/esm/ThirtyFps
SelectRounded.js" 
was ignored.
node_modules/@mui/ico
ns-material/esm/Thirt
yFpsTwoTone.js 
(1:0): Module level 
directives cause 
errors when bundled, 
"use client" in "node
_modules/@mui/icons-m
aterial/esm/ThirtyFps
TwoTone.js" was 
ignored.
node_modules/@mui/ico
ns-material/esm/Thirt
yFpsSelectSharp.js 
(1:0): Module level 
directives cause 
errors when bundled, 
"use client" in "node
_modules/@mui/icons-m
aterial/esm/ThirtyFps
SelectSharp.js" was 
ignored.
node_modules/@mui/ico
ns-material/esm/Three
DRotation.js (1:0): 
Module level 
directives cause 
errors when bundled, 
"use client" in "node
_modules/@mui/icons-m
aterial/esm/ThreeDRot
ation.js" was 
ignored.
node_modules/@mui/ico
ns-material/esm/Thirt
yFpsSharp.js (1:0): 
Module level 
directives cause 
errors when bundled, 
"use client" in "node
_modules/@mui/icons-m
aterial/esm/ThirtyFps
Sharp.js" was 
ignored.
node_modules/@mui/ico
ns-material/esm/Three
DRotationOutlined.js 
(1:0): Module level 
directives cause 
errors when bundled, 
"use client" in "node
_modules/@mui/icons-m
aterial/esm/ThreeDRot
ationOutlined.js" 
was ignored.
node_modules/@mui/ico
ns-material/esm/Three
DRotationRounded.js 
(1:0): Module level 
directives cause 
errors when bundled, 
"use client" in "node
_modules/@mui/icons-m
aterial/esm/ThreeDRot
ationRounded.js" was 
ignored.
node_modules/@mui/ico
ns-material/esm/Three
DRotationSharp.js 
(1:0): Module level 
directives cause 
errors when bundled, 
"use client" in "node
_modules/@mui/icons-m
aterial/esm/ThreeDRot
ationSharp.js" was 
ignored.
node_modules/@mui/ico
ns-material/esm/Three
DRotationTwoTone.js 
(1:0): Module level 
directives cause 
errors when bundled, 
"use client" in "node
_modules/@mui/icons-m
aterial/esm/ThreeDRot
ationTwoTone.js" was 
ignored.
node_modules/@mui/ico
ns-material/esm/Three
GMobiledataOutlined.j
s (1:0): Module 
level directives 
cause errors when 
bundled, "use 
client" in "node_modu
les/@mui/icons-materi
al/esm/ThreeGMobileda
taOutlined.js" was 
ignored.
node_modules/@mui/ico
ns-material/esm/Three
GMobiledataRounded.js
 (1:0): Module level 
directives cause 
errors when bundled, 
"use client" in "node
_modules/@mui/icons-m
aterial/esm/ThreeGMob
iledataRounded.js" 
was ignored.
node_modules/@mui/ico
ns-material/esm/Three
GMobiledata.js 
(1:0): Module level 
directives cause 
errors when bundled, 
"use client" in "node
_modules/@mui/icons-m
aterial/esm/ThreeGMob
iledata.js" was 
ignored.
node_modules/@mui/ico
ns-material/esm/Three
K.js (1:0): Module 
level directives 
cause errors when 
bundled, "use 
client" in "node_modu
les/@mui/icons-materi
al/esm/ThreeK.js" 
was ignored.
node_modules/@mui/ico
ns-material/esm/Three
GMobiledataTwoTone.js
 (1:0): Module level 
directives cause 
errors when bundled, 
"use client" in "node
_modules/@mui/icons-m
aterial/esm/ThreeGMob
iledataTwoTone.js" 
was ignored.
node_modules/@mui/ico
ns-material/esm/Three
KOutlined.js (1:0): 
Module level 
directives cause 
errors when bundled, 
"use client" in "node
_modules/@mui/icons-m
aterial/esm/ThreeKOut
lined.js" was 
ignored.
node_modules/@mui/ico
ns-material/esm/Three
KPlus.js (1:0): 
Module level 
directives cause 
errors when bundled, 
"use client" in "node
_modules/@mui/icons-m
aterial/esm/ThreeKPlu
s.js" was ignored.
node_modules/@mui/ico
ns-material/esm/Three
GMobiledataSharp.js 
(1:0): Module level 
directives cause 
errors when bundled, 
"use client" in "node
_modules/@mui/icons-m
aterial/esm/ThreeGMob
iledataSharp.js" was 
ignored.
node_modules/@mui/ico
ns-material/esm/Three
KPlusRounded.js 
(1:0): Module level 
directives cause 
errors when bundled, 
"use client" in "node
_modules/@mui/icons-m
aterial/esm/ThreeKPlu
sRounded.js" was 
ignored.
node_modules/@mui/ico
ns-material/esm/Three
KPlusSharp.js (1:0): 
Module level 
directives cause 
errors when bundled, 
"use client" in "node
_modules/@mui/icons-m
aterial/esm/ThreeKPlu
sSharp.js" was 
ignored.
node_modules/@mui/ico
ns-material/esm/Three
KPlusOutlined.js 
(1:0): Module level 
directives cause 
errors when bundled, 
"use client" in "node
_modules/@mui/icons-m
aterial/esm/ThreeKPlu
sOutlined.js" was 
ignored.
node_modules/@mui/ico
ns-material/esm/Three
KPlusTwoTone.js 
(1:0): Module level 
directives cause 
errors when bundled, 
"use client" in "node
_modules/@mui/icons-m
aterial/esm/ThreeKPlu
sTwoTone.js" was 
ignored.
node_modules/@mui/ico
ns-material/esm/Three
KRounded.js (1:0): 
Module level 
directives cause 
errors when bundled, 
"use client" in "node
_modules/@mui/icons-m
aterial/esm/ThreeKRou
nded.js" was ignored.
node_modules/@mui/ico
ns-material/esm/Three
KSharp.js (1:0): 
Module level 
directives cause 
errors when bundled, 
"use client" in "node
_modules/@mui/icons-m
aterial/esm/ThreeKSha
rp.js" was ignored.
node_modules/@mui/ico
ns-material/esm/Three
Mp.js (1:0): Module 
level directives 
cause errors when 
bundled, "use 
client" in "node_modu
les/@mui/icons-materi
al/esm/ThreeMp.js" 
was ignored.
node_modules/@mui/ico
ns-material/esm/Three
KTwoTone.js (1:0): 
Module level 
directives cause 
errors when bundled, 
"use client" in "node
_modules/@mui/icons-m
aterial/esm/ThreeKTwo
Tone.js" was ignored.
node_modules/@mui/ico
ns-material/esm/Three
MpOutlined.js (1:0): 
Module level 
directives cause 
errors when bundled, 
"use client" in "node
_modules/@mui/icons-m
aterial/esm/ThreeMpOu
tlined.js" was 
ignored.
node_modules/@mui/ico
ns-material/esm/Three
MpSharp.js (1:0): 
Module level 
directives cause 
errors when bundled, 
"use client" in "node
_modules/@mui/icons-m
aterial/esm/ThreeMpSh
arp.js" was ignored.
node_modules/@mui/ico
ns-material/esm/Three
MpRounded.js (1:0): 
Module level 
directives cause 
errors when bundled, 
"use client" in "node
_modules/@mui/icons-m
aterial/esm/ThreeMpRo
unded.js" was 
ignored.
node_modules/@mui/ico
ns-material/esm/Three
MpTwoTone.js (1:0): 
Module level 
directives cause 
errors when bundled, 
"use client" in "node
_modules/@mui/icons-m
aterial/esm/ThreeMpTw
oTone.js" was 
ignored.
node_modules/@mui/ico
ns-material/esm/Three
P.js (1:0): Module 
level directives 
cause errors when 
bundled, "use 
client" in "node_modu
les/@mui/icons-materi
al/esm/ThreeP.js" 
was ignored.
node_modules/@mui/ico
ns-material/esm/Three
POutlined.js (1:0): 
Module level 
directives cause 
errors when bundled, 
"use client" in "node
_modules/@mui/icons-m
aterial/esm/ThreePOut
lined.js" was 
ignored.
node_modules/@mui/ico
ns-material/esm/Three
PRounded.js (1:0): 
Module level 
directives cause 
errors when bundled, 
"use client" in "node
_modules/@mui/icons-m
aterial/esm/ThreePRou
nded.js" was ignored.
node_modules/@mui/ico
ns-material/esm/Three
PTwoTone.js (1:0): 
Module level 
directives cause 
errors when bundled, 
"use client" in "node
_modules/@mui/icons-m
aterial/esm/ThreePTwo
Tone.js" was ignored.
node_modules/@mui/ico
ns-material/esm/Three
SixtyOutlined.js 
(1:0): Module level 
directives cause 
errors when bundled, 
"use client" in "node
_modules/@mui/icons-m
aterial/esm/ThreeSixt
yOutlined.js" was 
ignored.
node_modules/@mui/ico
ns-material/esm/Three
PSharp.js (1:0): 
Module level 
directives cause 
errors when bundled, 
"use client" in "node
_modules/@mui/icons-m
aterial/esm/ThreePSha
rp.js" was ignored.
node_modules/@mui/ico
ns-material/esm/Three
Sixty.js (1:0): 
Module level 
directives cause 
errors when bundled, 
"use client" in "node
_modules/@mui/icons-m
aterial/esm/ThreeSixt
y.js" was ignored.
node_modules/@mui/ico
ns-material/esm/Three
SixtySharp.js (1:0): 
Module level 
directives cause 
errors when bundled, 
"use client" in "node
_modules/@mui/icons-m
aterial/esm/ThreeSixt
ySharp.js" was 
ignored.
node_modules/@mui/ico
ns-material/esm/Three
SixtyRounded.js 
(1:0): Module level 
directives cause 
errors when bundled, 
"use client" in "node
_modules/@mui/icons-m
aterial/esm/ThreeSixt
yRounded.js" was 
ignored.
node_modules/@mui/ico
ns-material/esm/Three
SixtyTwoTone.js 
(1:0): Module level 
directives cause 
errors when bundled, 
"use client" in "node
_modules/@mui/icons-m
aterial/esm/ThreeSixt
yTwoTone.js" was 
ignored.
node_modules/@mui/ico
ns-material/esm/Thumb
Down.js (1:0): 
Module level 
directives cause 
errors when bundled, 
"use client" in "node
_modules/@mui/icons-m
aterial/esm/ThumbDown
.js" was ignored.
node_modules/@mui/ico
ns-material/esm/Thumb
DownAltRounded.js 
(1:0): Module level 
directives cause 
errors when bundled, 
"use client" in "node
_modules/@mui/icons-m
aterial/esm/ThumbDown
AltRounded.js" was 
ignored.
node_modules/@mui/ico
ns-material/esm/Thumb
DownAlt.js (1:0): 
Module level 
directives cause 
errors when bundled, 
"use client" in "node
_modules/@mui/icons-m
aterial/esm/ThumbDown
Alt.js" was ignored.
node_modules/@mui/ico
ns-material/esm/Thumb
DownAltOutlined.js 
(1:0): Module level 
directives cause 
errors when bundled, 
"use client" in "node
_modules/@mui/icons-m
aterial/esm/ThumbDown
AltOutlined.js" was 
ignored.
node_modules/@mui/ico
ns-material/esm/Thumb
DownAltSharp.js 
(1:0): Module level 
directives cause 
errors when bundled, 
"use client" in "node
_modules/@mui/icons-m
aterial/esm/ThumbDown
AltSharp.js" was 
ignored.
node_modules/@mui/ico
ns-material/esm/Thumb
DownOffAlt.js (1:0): 
Module level 
directives cause 
errors when bundled, 
"use client" in "node
_modules/@mui/icons-m
aterial/esm/ThumbDown
OffAlt.js" was 
ignored.
node_modules/@mui/ico
ns-material/esm/Thumb
DownOffAltOutlined.js
 (1:0): Module level 
directives cause 
errors when bundled, 
"use client" in "node
_modules/@mui/icons-m
aterial/esm/ThumbDown
OffAltOutlined.js" 
was ignored.
node_modules/@mui/ico
ns-material/esm/Thumb
DownAltTwoTone.js 
(1:0): Module level 
directives cause 
errors when bundled, 
"use client" in "node
_modules/@mui/icons-m
aterial/esm/ThumbDown
AltTwoTone.js" was 
ignored.
node_modules/@mui/ico
ns-material/esm/Thumb
DownOffAltSharp.js 
(1:0): Module level 
directives cause 
errors when bundled, 
"use client" in "node
_modules/@mui/icons-m
aterial/esm/ThumbDown
OffAltSharp.js" was 
ignored.
node_modules/@mui/ico
ns-material/esm/Thumb
DownOffAltRounded.js 
(1:0): Module level 
directives cause 
errors when bundled, 
"use client" in "node
_modules/@mui/icons-m
aterial/esm/ThumbDown
OffAltRounded.js" 
was ignored.
node_modules/@mui/ico
ns-material/esm/Thumb
DownOffAltTwoTone.js 
(1:0): Module level 
directives cause 
errors when bundled, 
"use client" in "node
_modules/@mui/icons-m
aterial/esm/ThumbDown
OffAltTwoTone.js" 
was ignored.
node_modules/@mui/ico
ns-material/esm/Thumb
DownRounded.js 
(1:0): Module level 
directives cause 
errors when bundled, 
"use client" in "node
_modules/@mui/icons-m
aterial/esm/ThumbDown
Rounded.js" was 
ignored.
node_modules/@mui/ico
ns-material/esm/Thumb
DownOutlined.js 
(1:0): Module level 
directives cause 
errors when bundled, 
"use client" in "node
_modules/@mui/icons-m
aterial/esm/ThumbDown
Outlined.js" was 
ignored.
node_modules/@mui/ico
ns-material/esm/Thumb
DownTwoTone.js 
(1:0): Module level 
directives cause 
errors when bundled, 
"use client" in "node
_modules/@mui/icons-m
aterial/esm/ThumbDown
TwoTone.js" was 
ignored.
node_modules/@mui/ico
ns-material/esm/Thumb
DownSharp.js (1:0): 
Module level 
directives cause 
errors when bundled, 
"use client" in "node
_modules/@mui/icons-m
aterial/esm/ThumbDown
Sharp.js" was 
ignored.
node_modules/@mui/ico
ns-material/esm/Thumb
UpAlt.js (1:0): 
Module level 
directives cause 
errors when bundled, 
"use client" in "node
_modules/@mui/icons-m
aterial/esm/ThumbUpAl
t.js" was ignored.
node_modules/@mui/ico
ns-material/esm/Thumb
Up.js (1:0): Module 
level directives 
cause errors when 
bundled, "use 
client" in "node_modu
les/@mui/icons-materi
al/esm/ThumbUp.js" 
was ignored.
node_modules/@mui/ico
ns-material/esm/Thumb
UpAltSharp.js (1:0): 
Module level 
directives cause 
errors when bundled, 
"use client" in "node
_modules/@mui/icons-m
aterial/esm/ThumbUpAl
tSharp.js" was 
ignored.
node_modules/@mui/ico
ns-material/esm/Thumb
UpAltOutlined.js 
(1:0): Module level 
directives cause 
errors when bundled, 
"use client" in "node
_modules/@mui/icons-m
aterial/esm/ThumbUpAl
tOutlined.js" was 
ignored.
node_modules/@mui/ico
ns-material/esm/Thumb
UpOffAlt.js (1:0): 
Module level 
directives cause 
errors when bundled, 
"use client" in "node
_modules/@mui/icons-m
aterial/esm/ThumbUpOf
fAlt.js" was ignored.
node_modules/@mui/ico
ns-material/esm/Thumb
UpAltTwoTone.js 
(1:0): Module level 
directives cause 
errors when bundled, 
"use client" in "node
_modules/@mui/icons-m
aterial/esm/ThumbUpAl
tTwoTone.js" was 
ignored.
node_modules/@mui/ico
ns-material/esm/Thumb
UpAltRounded.js 
(1:0): Module level 
directives cause 
errors when bundled, 
"use client" in "node
_modules/@mui/icons-m
aterial/esm/ThumbUpAl
tRounded.js" was 
ignored.
node_modules/@mui/ico
ns-material/esm/Thumb
UpOffAltOutlined.js 
(1:0): Module level 
directives cause 
errors when bundled, 
"use client" in "node
_modules/@mui/icons-m
aterial/esm/ThumbUpOf
fAltOutlined.js" was 
ignored.
node_modules/@mui/ico
ns-material/esm/Thumb
UpOffAltSharp.js 
(1:0): Module level 
directives cause 
errors when bundled, 
"use client" in "node
_modules/@mui/icons-m
aterial/esm/ThumbUpOf
fAltSharp.js" was 
ignored.
node_modules/@mui/ico
ns-material/esm/Thumb
UpOffAltRounded.js 
(1:0): Module level 
directives cause 
errors when bundled, 
"use client" in "node
_modules/@mui/icons-m
aterial/esm/ThumbUpOf
fAltRounded.js" was 
ignored.
node_modules/@mui/ico
ns-material/esm/Thumb
UpOffAltTwoTone.js 
(1:0): Module level 
directives cause 
errors when bundled, 
"use client" in "node
_modules/@mui/icons-m
aterial/esm/ThumbUpOf
fAltTwoTone.js" was 
ignored.
node_modules/@mui/ico
ns-material/esm/Thumb
UpRounded.js (1:0): 
Module level 
directives cause 
errors when bundled, 
"use client" in "node
_modules/@mui/icons-m
aterial/esm/ThumbUpRo
unded.js" was 
ignored.
node_modules/@mui/ico
ns-material/esm/Thumb
UpOutlined.js (1:0): 
Module level 
directives cause 
errors when bundled, 
"use client" in "node
_modules/@mui/icons-m
aterial/esm/ThumbUpOu
tlined.js" was 
ignored.
node_modules/@mui/ico
ns-material/esm/Thumb
UpTwoTone.js (1:0): 
Module level 
directives cause 
errors when bundled, 
"use client" in "node
_modules/@mui/icons-m
aterial/esm/ThumbUpTw
oTone.js" was 
ignored.
node_modules/@mui/ico
ns-material/esm/Thumb
UpSharp.js (1:0): 
Module level 
directives cause 
errors when bundled, 
"use client" in "node
_modules/@mui/icons-m
aterial/esm/ThumbUpSh
arp.js" was ignored.
node_modules/@mui/ico
ns-material/esm/Thumb
sUpDownOutlined.js 
(1:0): Module level 
directives cause 
errors when bundled, 
"use client" in "node
_modules/@mui/icons-m
aterial/esm/ThumbsUpD
ownOutlined.js" was 
ignored.
node_modules/@mui/ico
ns-material/esm/Thumb
sUpDown.js (1:0): 
Module level 
directives cause 
errors when bundled, 
"use client" in "node
_modules/@mui/icons-m
aterial/esm/ThumbsUpD
own.js" was ignored.
node_modules/@mui/ico
ns-material/esm/Thumb
sUpDownSharp.js 
(1:0): Module level 
directives cause 
errors when bundled, 
"use client" in "node
_modules/@mui/icons-m
aterial/esm/ThumbsUpD
ownSharp.js" was 
ignored.
node_modules/@mui/ico
ns-material/esm/Thumb
sUpDownRounded.js 
(1:0): Module level 
directives cause 
errors when bundled, 
"use client" in "node
_modules/@mui/icons-m
aterial/esm/ThumbsUpD
ownRounded.js" was 
ignored.
node_modules/@mui/ico
ns-material/esm/Thund
erstorm.js (1:0): 
Module level 
directives cause 
errors when bundled, 
"use client" in "node
_modules/@mui/icons-m
aterial/esm/Thunderst
orm.js" was ignored.
node_modules/@mui/ico
ns-material/esm/Thumb
sUpDownTwoTone.js 
(1:0): Module level 
directives cause 
errors when bundled, 
"use client" in "node
_modules/@mui/icons-m
aterial/esm/ThumbsUpD
ownTwoTone.js" was 
ignored.
node_modules/@mui/ico
ns-material/esm/Thund
erstormRounded.js 
(1:0): Module level 
directives cause 
errors when bundled, 
"use client" in "node
_modules/@mui/icons-m
aterial/esm/Thunderst
ormRounded.js" was 
ignored.
node_modules/@mui/ico
ns-material/esm/Thund
erstormOutlined.js 
(1:0): Module level 
directives cause 
errors when bundled, 
"use client" in "node
_modules/@mui/icons-m
aterial/esm/Thunderst
ormOutlined.js" was 
ignored.
node_modules/@mui/ico
ns-material/esm/Thund
erstormTwoTone.js 
(1:0): Module level 
directives cause 
errors when bundled, 
"use client" in "node
_modules/@mui/icons-m
aterial/esm/Thunderst
ormTwoTone.js" was 
ignored.
node_modules/@mui/ico
ns-material/esm/Thund
erstormSharp.js 
(1:0): Module level 
directives cause 
errors when bundled, 
"use client" in "node
_modules/@mui/icons-m
aterial/esm/Thunderst
ormSharp.js" was 
ignored.
node_modules/@mui/ico
ns-material/esm/TimeT
oLeaveOutlined.js 
(1:0): Module level 
directives cause 
errors when bundled, 
"use client" in "node
_modules/@mui/icons-m
aterial/esm/TimeToLea
veOutlined.js" was 
ignored.
node_modules/@mui/ico
ns-material/esm/TimeT
oLeave.js (1:0): 
Module level 
directives cause 
errors when bundled, 
"use client" in "node
_modules/@mui/icons-m
aterial/esm/TimeToLea
ve.js" was ignored.
node_modules/@mui/ico
ns-material/esm/TimeT
oLeaveSharp.js 
(1:0): Module level 
directives cause 
errors when bundled, 
"use client" in "node
_modules/@mui/icons-m
aterial/esm/TimeToLea
veSharp.js" was 
ignored.
node_modules/@mui/ico
ns-material/esm/TimeT
oLeaveRounded.js 
(1:0): Module level 
directives cause 
errors when bundled, 
"use client" in "node
_modules/@mui/icons-m
aterial/esm/TimeToLea
veRounded.js" was 
ignored.
node_modules/@mui/ico
ns-material/esm/TimeT
oLeaveTwoTone.js 
(1:0): Module level 
directives cause 
errors when bundled, 
"use client" in "node
_modules/@mui/icons-m
aterial/esm/TimeToLea
veTwoTone.js" was 
ignored.
node_modules/@mui/ico
ns-material/esm/Timel
apseRounded.js 
(1:0): Module level 
directives cause 
errors when bundled, 
"use client" in "node
_modules/@mui/icons-m
aterial/esm/Timelapse
Rounded.js" was 
ignored.
node_modules/@mui/ico
ns-material/esm/Timel
apseSharp.js (1:0): 
Module level 
directives cause 
errors when bundled, 
"use client" in "node
_modules/@mui/icons-m
aterial/esm/Timelapse
Sharp.js" was 
ignored.
node_modules/@mui/ico
ns-material/esm/Timel
apseOutlined.js 
(1:0): Module level 
directives cause 
errors when bundled, 
"use client" in "node
_modules/@mui/icons-m
aterial/esm/Timelapse
Outlined.js" was 
ignored.
node_modules/@mui/ico
ns-material/esm/Timel
ine.js (1:0): Module 
level directives 
cause errors when 
bundled, "use 
client" in "node_modu
les/@mui/icons-materi
al/esm/Timeline.js" 
was ignored.
node_modules/@mui/ico
ns-material/esm/Timel
apse.js (1:0): 
Module level 
directives cause 
errors when bundled, 
"use client" in "node
_modules/@mui/icons-m
aterial/esm/Timelapse
.js" was ignored.
node_modules/@mui/ico
ns-material/esm/Timel
ineRounded.js (1:0): 
Module level 
directives cause 
errors when bundled, 
"use client" in "node
_modules/@mui/icons-m
aterial/esm/TimelineR
ounded.js" was 
ignored.
node_modules/@mui/ico
ns-material/esm/Timel
apseTwoTone.js 
(1:0): Module level 
directives cause 
errors when bundled, 
"use client" in "node
_modules/@mui/icons-m
aterial/esm/Timelapse
TwoTone.js" was 
ignored.
node_modules/@mui/ico
ns-material/esm/Timel
ineTwoTone.js (1:0): 
Module level 
directives cause 
errors when bundled, 
"use client" in "node
_modules/@mui/icons-m
aterial/esm/TimelineT
woTone.js" was 
ignored.
node_modules/@mui/ico
ns-material/esm/Timel
ineOutlined.js 
(1:0): Module level 
directives cause 
errors when bundled, 
"use client" in "node
_modules/@mui/icons-m
aterial/esm/TimelineO
utlined.js" was 
ignored.
node_modules/@mui/ico
ns-material/esm/Timel
ineSharp.js (1:0): 
Module level 
directives cause 
errors when bundled, 
"use client" in "node
_modules/@mui/icons-m
aterial/esm/TimelineS
harp.js" was ignored.
node_modules/@mui/ico
ns-material/esm/Timer
.js (1:0): Module 
level directives 
cause errors when 
bundled, "use 
client" in "node_modu
les/@mui/icons-materi
al/esm/Timer.js" was 
ignored.
node_modules/@mui/ico
ns-material/esm/Timer
10.js (1:0): Module 
level directives 
cause errors when 
bundled, "use 
client" in "node_modu
les/@mui/icons-materi
al/esm/Timer10.js" 
was ignored.
node_modules/@mui/ico
ns-material/esm/Timer
10SelectOutlined.js 
(1:0): Module level 
directives cause 
errors when bundled, 
"use client" in "node
_modules/@mui/icons-m
aterial/esm/Timer10Se
lectOutlined.js" was 
ignored.
node_modules/@mui/ico
ns-material/esm/Timer
10Select.js (1:0): 
Module level 
directives cause 
errors when bundled, 
"use client" in "node
_modules/@mui/icons-m
aterial/esm/Timer10Se
lect.js" was ignored.
node_modules/@mui/ico
ns-material/esm/Timer
10Outlined.js (1:0): 
Module level 
directives cause 
errors when bundled, 
"use client" in "node
_modules/@mui/icons-m
aterial/esm/Timer10Ou
tlined.js" was 
ignored.
node_modules/@mui/ico
ns-material/esm/Timer
10Rounded.js (1:0): 
Module level 
directives cause 
errors when bundled, 
"use client" in "node
_modules/@mui/icons-m
aterial/esm/Timer10Ro
unded.js" was 
ignored.
node_modules/@mui/ico
ns-material/esm/Timer
10SelectRounded.js 
(1:0): Module level 
directives cause 
errors when bundled, 
"use client" in "node
_modules/@mui/icons-m
aterial/esm/Timer10Se
lectRounded.js" was 
ignored.
node_modules/@mui/ico
ns-material/esm/Timer
10SelectTwoTone.js 
(1:0): Module level 
directives cause 
errors when bundled, 
"use client" in "node
_modules/@mui/icons-m
aterial/esm/Timer10Se
lectTwoTone.js" was 
ignored.
node_modules/@mui/ico
ns-material/esm/Timer
10SelectSharp.js 
(1:0): Module level 
directives cause 
errors when bundled, 
"use client" in "node
_modules/@mui/icons-m
aterial/esm/Timer10Se
lectSharp.js" was 
ignored.
node_modules/@mui/ico
ns-material/esm/Timer
10Sharp.js (1:0): 
Module level 
directives cause 
errors when bundled, 
"use client" in "node
_modules/@mui/icons-m
aterial/esm/Timer10Sh
arp.js" was ignored.
node_modules/@mui/ico
ns-material/esm/Timer
10TwoTone.js (1:0): 
Module level 
directives cause 
errors when bundled, 
"use client" in "node
_modules/@mui/icons-m
aterial/esm/Timer10Tw
oTone.js" was 
ignored.
node_modules/@mui/ico
ns-material/esm/Timer
3.js (1:0): Module 
level directives 
cause errors when 
bundled, "use 
client" in "node_modu
les/@mui/icons-materi
al/esm/Timer3.js" 
was ignored.
node_modules/@mui/ico
ns-material/esm/Timer
3Outlined.js (1:0): 
Module level 
directives cause 
errors when bundled, 
"use client" in "node
_modules/@mui/icons-m
aterial/esm/Timer3Out
lined.js" was 
ignored.
node_modules/@mui/ico
ns-material/esm/Timer
3Rounded.js (1:0): 
Module level 
directives cause 
errors when bundled, 
"use client" in "node
_modules/@mui/icons-m
aterial/esm/Timer3Rou
nded.js" was ignored.
node_modules/@mui/ico
ns-material/esm/Timer
3Select.js (1:0): 
Module level 
directives cause 
errors when bundled, 
"use client" in "node
_modules/@mui/icons-m
aterial/esm/Timer3Sel
ect.js" was ignored.
node_modules/@mui/ico
ns-material/esm/Timer
3SelectOutlined.js 
(1:0): Module level 
directives cause 
errors when bundled, 
"use client" in "node
_modules/@mui/icons-m
aterial/esm/Timer3Sel
ectOutlined.js" was 
ignored.
node_modules/@mui/ico
ns-material/esm/Timer
3SelectTwoTone.js 
(1:0): Module level 
directives cause 
errors when bundled, 
"use client" in "node
_modules/@mui/icons-m
aterial/esm/Timer3Sel
ectTwoTone.js" was 
ignored.
node_modules/@mui/ico
ns-material/esm/Timer
3SelectRounded.js 
(1:0): Module level 
directives cause 
errors when bundled, 
"use client" in "node
_modules/@mui/icons-m
aterial/esm/Timer3Sel
ectRounded.js" was 
ignored.
node_modules/@mui/ico
ns-material/esm/Timer
3SelectSharp.js 
(1:0): Module level 
directives cause 
errors when bundled, 
"use client" in "node
_modules/@mui/icons-m
aterial/esm/Timer3Sel
ectSharp.js" was 
ignored.
node_modules/@mui/ico
ns-material/esm/Timer
3TwoTone.js (1:0): 
Module level 
directives cause 
errors when bundled, 
"use client" in "node
_modules/@mui/icons-m
aterial/esm/Timer3Two
Tone.js" was ignored.
node_modules/@mui/ico
ns-material/esm/Timer
3Sharp.js (1:0): 
Module level 
directives cause 
errors when bundled, 
"use client" in "node
_modules/@mui/icons-m
aterial/esm/Timer3Sha
rp.js" was ignored.
node_modules/@mui/ico
ns-material/esm/Timer
Off.js (1:0): Module 
level directives 
cause errors when 
bundled, "use 
client" in "node_modu
les/@mui/icons-materi
al/esm/TimerOff.js" 
was ignored.
node_modules/@mui/ico
ns-material/esm/Timer
OffOutlined.js 
(1:0): Module level 
directives cause 
errors when bundled, 
"use client" in "node
_modules/@mui/icons-m
aterial/esm/TimerOffO
utlined.js" was 
ignored.
node_modules/@mui/ico
ns-material/esm/Timer
OffTwoTone.js (1:0): 
Module level 
directives cause 
errors when bundled, 
"use client" in "node
_modules/@mui/icons-m
aterial/esm/TimerOffT
woTone.js" was 
ignored.
node_modules/@mui/ico
ns-material/esm/Timer
OffSharp.js (1:0): 
Module level 
directives cause 
errors when bundled, 
"use client" in "node
_modules/@mui/icons-m
aterial/esm/TimerOffS
harp.js" was ignored.
node_modules/@mui/ico
ns-material/esm/Timer
OffRounded.js (1:0): 
Module level 
directives cause 
errors when bundled, 
"use client" in "node
_modules/@mui/icons-m
aterial/esm/TimerOffR
ounded.js" was 
ignored.
node_modules/@mui/ico
ns-material/esm/Timer
Rounded.js (1:0): 
Module level 
directives cause 
errors when bundled, 
"use client" in "node
_modules/@mui/icons-m
aterial/esm/TimerRoun
ded.js" was ignored.
node_modules/@mui/ico
ns-material/esm/Timer
Sharp.js (1:0): 
Module level 
directives cause 
errors when bundled, 
"use client" in "node
_modules/@mui/icons-m
aterial/esm/TimerShar
p.js" was ignored.
node_modules/@mui/ico
ns-material/esm/Timer
Outlined.js (1:0): 
Module level 
directives cause 
errors when bundled, 
"use client" in "node
_modules/@mui/icons-m
aterial/esm/TimerOutl
ined.js" was ignored.
node_modules/@mui/ico
ns-material/esm/Times
OneMobiledata.js 
(1:0): Module level 
directives cause 
errors when bundled, 
"use client" in "node
_modules/@mui/icons-m
aterial/esm/TimesOneM
obiledata.js" was 
ignored.
node_modules/@mui/ico
ns-material/esm/Times
OneMobiledataRounded.
js (1:0): Module 
level directives 
cause errors when 
bundled, "use 
client" in "node_modu
les/@mui/icons-materi
al/esm/TimesOneMobile
dataRounded.js" was 
ignored.
node_modules/@mui/ico
ns-material/esm/Timer
TwoTone.js (1:0): 
Module level 
directives cause 
errors when bundled, 
"use client" in "node
_modules/@mui/icons-m
aterial/esm/TimerTwoT
one.js" was ignored.
node_modules/@mui/ico
ns-material/esm/Times
OneMobiledataOutlined
.js (1:0): Module 
level directives 
cause errors when 
bundled, "use 
client" in "node_modu
les/@mui/icons-materi
al/esm/TimesOneMobile
dataOutlined.js" was 
ignored.
node_modules/@mui/ico
ns-material/esm/TipsA
ndUpdates.js (1:0): 
Module level 
directives cause 
errors when bundled, 
"use client" in "node
_modules/@mui/icons-m
aterial/esm/TipsAndUp
dates.js" was 
ignored.
node_modules/@mui/ico
ns-material/esm/Times
OneMobiledataSharp.js
 (1:0): Module level 
directives cause 
errors when bundled, 
"use client" in "node
_modules/@mui/icons-m
aterial/esm/TimesOneM
obiledataSharp.js" 
was ignored.
node_modules/@mui/ico
ns-material/esm/TipsA
ndUpdatesRounded.js 
(1:0): Module level 
directives cause 
errors when bundled, 
"use client" in "node
_modules/@mui/icons-m
aterial/esm/TipsAndUp
datesRounded.js" was 
ignored.
node_modules/@mui/ico
ns-material/esm/Times
OneMobiledataTwoTone.
js (1:0): Module 
level directives 
cause errors when 
bundled, "use 
client" in "node_modu
les/@mui/icons-materi
al/esm/TimesOneMobile
dataTwoTone.js" was 
ignored.
node_modules/@mui/ico
ns-material/esm/TipsA
ndUpdatesOutlined.js 
(1:0): Module level 
directives cause 
errors when bundled, 
"use client" in "node
_modules/@mui/icons-m
aterial/esm/TipsAndUp
datesOutlined.js" 
was ignored.
node_modules/@mui/ico
ns-material/esm/TireR
epair.js (1:0): 
Module level 
directives cause 
errors when bundled, 
"use client" in "node
_modules/@mui/icons-m
aterial/esm/TireRepai
r.js" was ignored.
node_modules/@mui/ico
ns-material/esm/TipsA
ndUpdatesSharp.js 
(1:0): Module level 
directives cause 
errors when bundled, 
"use client" in "node
_modules/@mui/icons-m
aterial/esm/TipsAndUp
datesSharp.js" was 
ignored.
node_modules/@mui/ico
ns-material/esm/TipsA
ndUpdatesTwoTone.js 
(1:0): Module level 
directives cause 
errors when bundled, 
"use client" in "node
_modules/@mui/icons-m
aterial/esm/TipsAndUp
datesTwoTone.js" was 
ignored.
node_modules/@mui/ico
ns-material/esm/TireR
epairRounded.js 
(1:0): Module level 
directives cause 
errors when bundled, 
"use client" in "node
_modules/@mui/icons-m
aterial/esm/TireRepai
rRounded.js" was 
ignored.
node_modules/@mui/ico
ns-material/esm/TireR
epairSharp.js (1:0): 
Module level 
directives cause 
errors when bundled, 
"use client" in "node
_modules/@mui/icons-m
aterial/esm/TireRepai
rSharp.js" was 
ignored.
node_modules/@mui/ico
ns-material/esm/TireR
epairTwoTone.js 
(1:0): Module level 
directives cause 
errors when bundled, 
"use client" in "node
_modules/@mui/icons-m
aterial/esm/TireRepai
rTwoTone.js" was 
ignored.
node_modules/@mui/ico
ns-material/esm/Title
.js (1:0): Module 
level directives 
cause errors when 
bundled, "use 
client" in "node_modu
les/@mui/icons-materi
al/esm/Title.js" was 
ignored.
node_modules/@mui/ico
ns-material/esm/Title
Outlined.js (1:0): 
Module level 
directives cause 
errors when bundled, 
"use client" in "node
_modules/@mui/icons-m
aterial/esm/TitleOutl
ined.js" was ignored.
node_modules/@mui/ico
ns-material/esm/TireR
epairOutlined.js 
(1:0): Module level 
directives cause 
errors when bundled, 
"use client" in "node
_modules/@mui/icons-m
aterial/esm/TireRepai
rOutlined.js" was 
ignored.
node_modules/@mui/ico
ns-material/esm/Title
TwoTone.js (1:0): 
Module level 
directives cause 
errors when bundled, 
"use client" in "node
_modules/@mui/icons-m
aterial/esm/TitleTwoT
one.js" was ignored.
node_modules/@mui/ico
ns-material/esm/Title
Rounded.js (1:0): 
Module level 
directives cause 
errors when bundled, 
"use client" in "node
_modules/@mui/icons-m
aterial/esm/TitleRoun
ded.js" was ignored.
node_modules/@mui/ico
ns-material/esm/Title
Sharp.js (1:0): 
Module level 
directives cause 
errors when bundled, 
"use client" in "node
_modules/@mui/icons-m
aterial/esm/TitleShar
p.js" was ignored.
node_modules/@mui/ico
ns-material/esm/Toc.j
s (1:0): Module 
level directives 
cause errors when 
bundled, "use 
client" in "node_modu
les/@mui/icons-materi
al/esm/Toc.js" was 
ignored.
node_modules/@mui/ico
ns-material/esm/TocOu
tlined.js (1:0): 
Module level 
directives cause 
errors when bundled, 
"use client" in "node
_modules/@mui/icons-m
aterial/esm/TocOutlin
ed.js" was ignored.
node_modules/@mui/ico
ns-material/esm/TocRo
unded.js (1:0): 
Module level 
directives cause 
errors when bundled, 
"use client" in "node
_modules/@mui/icons-m
aterial/esm/TocRounde
d.js" was ignored.
node_modules/@mui/ico
ns-material/esm/TocSh
arp.js (1:0): Module 
level directives 
cause errors when 
bundled, "use 
client" in "node_modu
les/@mui/icons-materi
al/esm/TocSharp.js" 
was ignored.
node_modules/@mui/ico
ns-material/esm/Today
.js (1:0): Module 
level directives 
cause errors when 
bundled, "use 
client" in "node_modu
les/@mui/icons-materi
al/esm/Today.js" was 
ignored.
node_modules/@mui/ico
ns-material/esm/TocTw
oTone.js (1:0): 
Module level 
directives cause 
errors when bundled, 
"use client" in "node
_modules/@mui/icons-m
aterial/esm/TocTwoTon
e.js" was ignored.
node_modules/@mui/ico
ns-material/esm/Today
Sharp.js (1:0): 
Module level 
directives cause 
errors when bundled, 
"use client" in "node
_modules/@mui/icons-m
aterial/esm/TodayShar
p.js" was ignored.
node_modules/@mui/ico
ns-material/esm/Today
Outlined.js (1:0): 
Module level 
directives cause 
errors when bundled, 
"use client" in "node
_modules/@mui/icons-m
aterial/esm/TodayOutl
ined.js" was ignored.
node_modules/@mui/ico
ns-material/esm/Today
Rounded.js (1:0): 
Module level 
directives cause 
errors when bundled, 
"use client" in "node
_modules/@mui/icons-m
aterial/esm/TodayRoun
ded.js" was ignored.
node_modules/@mui/ico
ns-material/esm/Today
TwoTone.js (1:0): 
Module level 
directives cause 
errors when bundled, 
"use client" in "node
_modules/@mui/icons-m
aterial/esm/TodayTwoT
one.js" was ignored.
node_modules/@mui/ico
ns-material/esm/Toggl
eOffOutlined.js 
(1:0): Module level 
directives cause 
errors when bundled, 
"use client" in "node
_modules/@mui/icons-m
aterial/esm/ToggleOff
Outlined.js" was 
ignored.
node_modules/@mui/ico
ns-material/esm/Toggl
eOff.js (1:0): 
Module level 
directives cause 
errors when bundled, 
"use client" in "node
_modules/@mui/icons-m
aterial/esm/ToggleOff
.js" was ignored.
node_modules/@mui/ico
ns-material/esm/Toggl
eOffTwoTone.js 
(1:0): Module level 
directives cause 
errors when bundled, 
"use client" in "node
_modules/@mui/icons-m
aterial/esm/ToggleOff
TwoTone.js" was 
ignored.
node_modules/@mui/ico
ns-material/esm/Toggl
eOffRounded.js 
(1:0): Module level 
directives cause 
errors when bundled, 
"use client" in "node
_modules/@mui/icons-m
aterial/esm/ToggleOff
Rounded.js" was 
ignored.
node_modules/@mui/ico
ns-material/esm/Toggl
eOffSharp.js (1:0): 
Module level 
directives cause 
errors when bundled, 
"use client" in "node
_modules/@mui/icons-m
aterial/esm/ToggleOff
Sharp.js" was 
ignored.
node_modules/@mui/ico
ns-material/esm/Toggl
eOnOutlined.js 
(1:0): Module level 
directives cause 
errors when bundled, 
"use client" in "node
_modules/@mui/icons-m
aterial/esm/ToggleOnO
utlined.js" was 
ignored.
node_modules/@mui/ico
ns-material/esm/Toggl
eOn.js (1:0): Module 
level directives 
cause errors when 
bundled, "use 
client" in "node_modu
les/@mui/icons-materi
al/esm/ToggleOn.js" 
was ignored.
node_modules/@mui/ico
ns-material/esm/Toggl
eOnRounded.js (1:0): 
Module level 
directives cause 
errors when bundled, 
"use client" in "node
_modules/@mui/icons-m
aterial/esm/ToggleOnR
ounded.js" was 
ignored.
node_modules/@mui/ico
ns-material/esm/Toggl
eOnSharp.js (1:0): 
Module level 
directives cause 
errors when bundled, 
"use client" in "node
_modules/@mui/icons-m
aterial/esm/ToggleOnS
harp.js" was ignored.
node_modules/@mui/ico
ns-material/esm/Toggl
eOnTwoTone.js (1:0): 
Module level 
directives cause 
errors when bundled, 
"use client" in "node
_modules/@mui/icons-m
aterial/esm/ToggleOnT
woTone.js" was 
ignored.
node_modules/@mui/ico
ns-material/esm/Token
Sharp.js (1:0): 
Module level 
directives cause 
errors when bundled, 
"use client" in "node
_modules/@mui/icons-m
aterial/esm/TokenShar
p.js" was ignored.
node_modules/@mui/ico
ns-material/esm/Token
.js (1:0): Module 
level directives 
cause errors when 
bundled, "use 
client" in "node_modu
les/@mui/icons-materi
al/esm/Token.js" was 
ignored.
node_modules/@mui/ico
ns-material/esm/Token
Outlined.js (1:0): 
Module level 
directives cause 
errors when bundled, 
"use client" in "node
_modules/@mui/icons-m
aterial/esm/TokenOutl
ined.js" was ignored.
node_modules/@mui/ico
ns-material/esm/Token
TwoTone.js (1:0): 
Module level 
directives cause 
errors when bundled, 
"use client" in "node
_modules/@mui/icons-m
aterial/esm/TokenTwoT
one.js" was ignored.
node_modules/@mui/ico
ns-material/esm/Token
Rounded.js (1:0): 
Module level 
directives cause 
errors when bundled, 
"use client" in "node
_modules/@mui/icons-m
aterial/esm/TokenRoun
ded.js" was ignored.
node_modules/@mui/ico
ns-material/esm/Toll.
js (1:0): Module 
level directives 
cause errors when 
bundled, "use 
client" in "node_modu
les/@mui/icons-materi
al/esm/Toll.js" was 
ignored.
node_modules/@mui/ico
ns-material/esm/TollO
utlined.js (1:0): 
Module level 
directives cause 
errors when bundled, 
"use client" in "node
_modules/@mui/icons-m
aterial/esm/TollOutli
ned.js" was ignored.
node_modules/@mui/ico
ns-material/esm/TollR
ounded.js (1:0): 
Module level 
directives cause 
errors when bundled, 
"use client" in "node
_modules/@mui/icons-m
aterial/esm/TollRound
ed.js" was ignored.
node_modules/@mui/ico
ns-material/esm/TollT
woTone.js (1:0): 
Module level 
directives cause 
errors when bundled, 
"use client" in "node
_modules/@mui/icons-m
aterial/esm/TollTwoTo
ne.js" was ignored.
node_modules/@mui/ico
ns-material/esm/TollS
harp.js (1:0): 
Module level 
directives cause 
errors when bundled, 
"use client" in "node
_modules/@mui/icons-m
aterial/esm/TollSharp
.js" was ignored.
node_modules/@mui/ico
ns-material/esm/Tonal
ity.js (1:0): Module 
level directives 
cause errors when 
bundled, "use 
client" in "node_modu
les/@mui/icons-materi
al/esm/Tonality.js" 
was ignored.
node_modules/@mui/ico
ns-material/esm/Tonal
ityOutlined.js 
(1:0): Module level 
directives cause 
errors when bundled, 
"use client" in "node
_modules/@mui/icons-m
aterial/esm/TonalityO
utlined.js" was 
ignored.
node_modules/@mui/ico
ns-material/esm/Tonal
itySharp.js (1:0): 
Module level 
directives cause 
errors when bundled, 
"use client" in "node
_modules/@mui/icons-m
aterial/esm/TonalityS
harp.js" was ignored.
node_modules/@mui/ico
ns-material/esm/Tonal
ityTwoTone.js (1:0): 
Module level 
directives cause 
errors when bundled, 
"use client" in "node
_modules/@mui/icons-m
aterial/esm/TonalityT
woTone.js" was 
ignored.
node_modules/@mui/ico
ns-material/esm/Topic
.js (1:0): Module 
level directives 
cause errors when 
bundled, "use 
client" in "node_modu
les/@mui/icons-materi
al/esm/Topic.js" was 
ignored.
node_modules/@mui/ico
ns-material/esm/Topic
Outlined.js (1:0): 
Module level 
directives cause 
errors when bundled, 
"use client" in "node
_modules/@mui/icons-m
aterial/esm/TopicOutl
ined.js" was ignored.
node_modules/@mui/ico
ns-material/esm/Tonal
ityRounded.js (1:0): 
Module level 
directives cause 
errors when bundled, 
"use client" in "node
_modules/@mui/icons-m
aterial/esm/TonalityR
ounded.js" was 
ignored.
node_modules/@mui/ico
ns-material/esm/Topic
Sharp.js (1:0): 
Module level 
directives cause 
errors when bundled, 
"use client" in "node
_modules/@mui/icons-m
aterial/esm/TopicShar
p.js" was ignored.
node_modules/@mui/ico
ns-material/esm/Topic
Rounded.js (1:0): 
Module level 
directives cause 
errors when bundled, 
"use client" in "node
_modules/@mui/icons-m
aterial/esm/TopicRoun
ded.js" was ignored.
node_modules/@mui/ico
ns-material/esm/Torna
do.js (1:0): Module 
level directives 
cause errors when 
bundled, "use 
client" in "node_modu
les/@mui/icons-materi
al/esm/Tornado.js" 
was ignored.
node_modules/@mui/ico
ns-material/esm/Topic
TwoTone.js (1:0): 
Module level 
directives cause 
errors when bundled, 
"use client" in "node
_modules/@mui/icons-m
aterial/esm/TopicTwoT
one.js" was ignored.
node_modules/@mui/ico
ns-material/esm/Torna
doOutlined.js (1:0): 
Module level 
directives cause 
errors when bundled, 
"use client" in "node
_modules/@mui/icons-m
aterial/esm/TornadoOu
tlined.js" was 
ignored.
node_modules/@mui/ico
ns-material/esm/Torna
doSharp.js (1:0): 
Module level 
directives cause 
errors when bundled, 
"use client" in "node
_modules/@mui/icons-m
aterial/esm/TornadoSh
arp.js" was ignored.
node_modules/@mui/ico
ns-material/esm/Torna
doRounded.js (1:0): 
Module level 
directives cause 
errors when bundled, 
"use client" in "node
_modules/@mui/icons-m
aterial/esm/TornadoRo
unded.js" was 
ignored.
node_modules/@mui/ico
ns-material/esm/Touch
App.js (1:0): Module 
level directives 
cause errors when 
bundled, "use 
client" in "node_modu
les/@mui/icons-materi
al/esm/TouchApp.js" 
was ignored.
node_modules/@mui/ico
ns-material/esm/Torna
doTwoTone.js (1:0): 
Module level 
directives cause 
errors when bundled, 
"use client" in "node
_modules/@mui/icons-m
aterial/esm/TornadoTw
oTone.js" was 
ignored.
node_modules/@mui/ico
ns-material/esm/Touch
AppRounded.js (1:0): 
Module level 
directives cause 
errors when bundled, 
"use client" in "node
_modules/@mui/icons-m
aterial/esm/TouchAppR
ounded.js" was 
ignored.
node_modules/@mui/ico
ns-material/esm/Touch
AppOutlined.js 
(1:0): Module level 
directives cause 
errors when bundled, 
"use client" in "node
_modules/@mui/icons-m
aterial/esm/TouchAppO
utlined.js" was 
ignored.
node_modules/@mui/ico
ns-material/esm/Touch
AppSharp.js (1:0): 
Module level 
directives cause 
errors when bundled, 
"use client" in "node
_modules/@mui/icons-m
aterial/esm/TouchAppS
harp.js" was ignored.
node_modules/@mui/ico
ns-material/esm/Tour.
js (1:0): Module 
level directives 
cause errors when 
bundled, "use 
client" in "node_modu
les/@mui/icons-materi
al/esm/Tour.js" was 
ignored.
node_modules/@mui/ico
ns-material/esm/Touch
AppTwoTone.js (1:0): 
Module level 
directives cause 
errors when bundled, 
"use client" in "node
_modules/@mui/icons-m
aterial/esm/TouchAppT
woTone.js" was 
ignored.
node_modules/@mui/ico
ns-material/esm/TourR
ounded.js (1:0): 
Module level 
directives cause 
errors when bundled, 
"use client" in "node
_modules/@mui/icons-m
aterial/esm/TourRound
ed.js" was ignored.
node_modules/@mui/ico
ns-material/esm/TourO
utlined.js (1:0): 
Module level 
directives cause 
errors when bundled, 
"use client" in "node
_modules/@mui/icons-m
aterial/esm/TourOutli
ned.js" was ignored.
node_modules/@mui/ico
ns-material/esm/TourT
woTone.js (1:0): 
Module level 
directives cause 
errors when bundled, 
"use client" in "node
_modules/@mui/icons-m
aterial/esm/TourTwoTo
ne.js" was ignored.
node_modules/@mui/ico
ns-material/esm/TourS
harp.js (1:0): 
Module level 
directives cause 
errors when bundled, 
"use client" in "node
_modules/@mui/icons-m
aterial/esm/TourSharp
.js" was ignored.
node_modules/@mui/ico
ns-material/esm/ToysR
ounded.js (1:0): 
Module level 
directives cause 
errors when bundled, 
"use client" in "node
_modules/@mui/icons-m
aterial/esm/ToysRound
ed.js" was ignored.
node_modules/@mui/ico
ns-material/esm/Toys.
js (1:0): Module 
level directives 
cause errors when 
bundled, "use 
client" in "node_modu
les/@mui/icons-materi
al/esm/Toys.js" was 
ignored.
node_modules/@mui/ico
ns-material/esm/ToysO
utlined.js (1:0): 
Module level 
directives cause 
errors when bundled, 
"use client" in "node
_modules/@mui/icons-m
aterial/esm/ToysOutli
ned.js" was ignored.
node_modules/@mui/ico
ns-material/esm/ToysT
woTone.js (1:0): 
Module level 
directives cause 
errors when bundled, 
"use client" in "node
_modules/@mui/icons-m
aterial/esm/ToysTwoTo
ne.js" was ignored.
node_modules/@mui/ico
ns-material/esm/Track
ChangesOutlined.js 
(1:0): Module level 
directives cause 
errors when bundled, 
"use client" in "node
_modules/@mui/icons-m
aterial/esm/TrackChan
gesOutlined.js" was 
ignored.
node_modules/@mui/ico
ns-material/esm/ToysS
harp.js (1:0): 
Module level 
directives cause 
errors when bundled, 
"use client" in "node
_modules/@mui/icons-m
aterial/esm/ToysSharp
.js" was ignored.
node_modules/@mui/ico
ns-material/esm/Track
Changes.js (1:0): 
Module level 
directives cause 
errors when bundled, 
"use client" in "node
_modules/@mui/icons-m
aterial/esm/TrackChan
ges.js" was ignored.
node_modules/@mui/ico
ns-material/esm/Track
ChangesSharp.js 
(1:0): Module level 
directives cause 
errors when bundled, 
"use client" in "node
_modules/@mui/icons-m
aterial/esm/TrackChan
gesSharp.js" was 
ignored.
node_modules/@mui/ico
ns-material/esm/Track
ChangesRounded.js 
(1:0): Module level 
directives cause 
errors when bundled, 
"use client" in "node
_modules/@mui/icons-m
aterial/esm/TrackChan
gesRounded.js" was 
ignored.
node_modules/@mui/ico
ns-material/esm/Track
ChangesTwoTone.js 
(1:0): Module level 
directives cause 
errors when bundled, 
"use client" in "node
_modules/@mui/icons-m
aterial/esm/TrackChan
gesTwoTone.js" was 
ignored.
node_modules/@mui/ico
ns-material/esm/Traff
ic.js (1:0): Module 
level directives 
cause errors when 
bundled, "use 
client" in "node_modu
les/@mui/icons-materi
al/esm/Traffic.js" 
was ignored.
node_modules/@mui/ico
ns-material/esm/Traff
icRounded.js (1:0): 
Module level 
directives cause 
errors when bundled, 
"use client" in "node
_modules/@mui/icons-m
aterial/esm/TrafficRo
unded.js" was 
ignored.
node_modules/@mui/ico
ns-material/esm/Traff
icSharp.js (1:0): 
Module level 
directives cause 
errors when bundled, 
"use client" in "node
_modules/@mui/icons-m
aterial/esm/TrafficSh
arp.js" was ignored.
node_modules/@mui/ico
ns-material/esm/Traff
icOutlined.js (1:0): 
Module level 
directives cause 
errors when bundled, 
"use client" in "node
_modules/@mui/icons-m
aterial/esm/TrafficOu
tlined.js" was 
ignored.
node_modules/@mui/ico
ns-material/esm/Train
.js (1:0): Module 
level directives 
cause errors when 
bundled, "use 
client" in "node_modu
les/@mui/icons-materi
al/esm/Train.js" was 
ignored.
node_modules/@mui/ico
ns-material/esm/Train
Rounded.js (1:0): 
Module level 
directives cause 
errors when bundled, 
"use client" in "node
_modules/@mui/icons-m
aterial/esm/TrainRoun
ded.js" was ignored.
node_modules/@mui/ico
ns-material/esm/Train
Outlined.js (1:0): 
Module level 
directives cause 
errors when bundled, 
"use client" in "node
_modules/@mui/icons-m
aterial/esm/TrainOutl
ined.js" was ignored.
node_modules/@mui/ico
ns-material/esm/Train
Sharp.js (1:0): 
Module level 
directives cause 
errors when bundled, 
"use client" in "node
_modules/@mui/icons-m
aterial/esm/TrainShar
p.js" was ignored.
node_modules/@mui/ico
ns-material/esm/Train
TwoTone.js (1:0): 
Module level 
directives cause 
errors when bundled, 
"use client" in "node
_modules/@mui/icons-m
aterial/esm/TrainTwoT
one.js" was ignored.
node_modules/@mui/ico
ns-material/esm/Traff
icTwoTone.js (1:0): 
Module level 
directives cause 
errors when bundled, 
"use client" in "node
_modules/@mui/icons-m
aterial/esm/TrafficTw
oTone.js" was 
ignored.
node_modules/@mui/ico
ns-material/esm/Tram.
js (1:0): Module 
level directives 
cause errors when 
bundled, "use 
client" in "node_modu
les/@mui/icons-materi
al/esm/Tram.js" was 
ignored.
node_modules/@mui/ico
ns-material/esm/TramO
utlined.js (1:0): 
Module level 
directives cause 
errors when bundled, 
"use client" in "node
_modules/@mui/icons-m
aterial/esm/TramOutli
ned.js" was ignored.
node_modules/@mui/ico
ns-material/esm/TramR
ounded.js (1:0): 
Module level 
directives cause 
errors when bundled, 
"use client" in "node
_modules/@mui/icons-m
aterial/esm/TramRound
ed.js" was ignored.
node_modules/@mui/ico
ns-material/esm/Trans
cribe.js (1:0): 
Module level 
directives cause 
errors when bundled, 
"use client" in "node
_modules/@mui/icons-m
aterial/esm/Transcrib
e.js" was ignored.
node_modules/@mui/ico
ns-material/esm/TramT
woTone.js (1:0): 
Module level 
directives cause 
errors when bundled, 
"use client" in "node
_modules/@mui/icons-m
aterial/esm/TramTwoTo
ne.js" was ignored.
node_modules/@mui/ico
ns-material/esm/Trans
cribeRounded.js 
(1:0): Module level 
directives cause 
errors when bundled, 
"use client" in "node
_modules/@mui/icons-m
aterial/esm/Transcrib
eRounded.js" was 
ignored.
node_modules/@mui/ico
ns-material/esm/Trans
cribeOutlined.js 
(1:0): Module level 
directives cause 
errors when bundled, 
"use client" in "node
_modules/@mui/icons-m
aterial/esm/Transcrib
eOutlined.js" was 
ignored.
node_modules/@mui/ico
ns-material/esm/TramS
harp.js (1:0): 
Module level 
directives cause 
errors when bundled, 
"use client" in "node
_modules/@mui/icons-m
aterial/esm/TramSharp
.js" was ignored.
node_modules/@mui/ico
ns-material/esm/Trans
ferWithinAStation.js 
(1:0): Module level 
directives cause 
errors when bundled, 
"use client" in "node
_modules/@mui/icons-m
aterial/esm/TransferW
ithinAStation.js" 
was ignored.
node_modules/@mui/ico
ns-material/esm/Trans
cribeSharp.js (1:0): 
Module level 
directives cause 
errors when bundled, 
"use client" in "node
_modules/@mui/icons-m
aterial/esm/Transcrib
eSharp.js" was 
ignored.
node_modules/@mui/ico
ns-material/esm/Trans
cribeTwoTone.js 
(1:0): Module level 
directives cause 
errors when bundled, 
"use client" in "node
_modules/@mui/icons-m
aterial/esm/Transcrib
eTwoTone.js" was 
ignored.
node_modules/@mui/ico
ns-material/esm/Trans
ferWithinAStationOutl
ined.js (1:0): 
Module level 
directives cause 
errors when bundled, 
"use client" in "node
_modules/@mui/icons-m
aterial/esm/TransferW
ithinAStationOutlined
.js" was ignored.
node_modules/@mui/ico
ns-material/esm/Trans
ferWithinAStationShar
p.js (1:0): Module 
level directives 
cause errors when 
bundled, "use 
client" in "node_modu
les/@mui/icons-materi
al/esm/TransferWithin
AStationSharp.js" 
was ignored.
node_modules/@mui/ico
ns-material/esm/Trans
ferWithinAStationRoun
ded.js (1:0): Module 
level directives 
cause errors when 
bundled, "use 
client" in "node_modu
les/@mui/icons-materi
al/esm/TransferWithin
AStationRounded.js" 
was ignored.
node_modules/@mui/ico
ns-material/esm/Trans
ferWithinAStationTwoT
one.js (1:0): Module 
level directives 
cause errors when 
bundled, "use 
client" in "node_modu
les/@mui/icons-materi
al/esm/TransferWithin
AStationTwoTone.js" 
was ignored.
node_modules/@mui/ico
ns-material/esm/Trans
formRounded.js 
(1:0): Module level 
directives cause 
errors when bundled, 
"use client" in "node
_modules/@mui/icons-m
aterial/esm/Transform
Rounded.js" was 
ignored.
node_modules/@mui/ico
ns-material/esm/Trans
form.js (1:0): 
Module level 
directives cause 
errors when bundled, 
"use client" in "node
_modules/@mui/icons-m
aterial/esm/Transform
.js" was ignored.
node_modules/@mui/ico
ns-material/esm/Trans
formOutlined.js 
(1:0): Module level 
directives cause 
errors when bundled, 
"use client" in "node
_modules/@mui/icons-m
aterial/esm/Transform
Outlined.js" was 
ignored.
node_modules/@mui/ico
ns-material/esm/Trans
formSharp.js (1:0): 
Module level 
directives cause 
errors when bundled, 
"use client" in "node
_modules/@mui/icons-m
aterial/esm/Transform
Sharp.js" was 
ignored.
node_modules/@mui/ico
ns-material/esm/Trans
formTwoTone.js 
(1:0): Module level 
directives cause 
errors when bundled, 
"use client" in "node
_modules/@mui/icons-m
aterial/esm/Transform
TwoTone.js" was 
ignored.
node_modules/@mui/ico
ns-material/esm/Trans
genderRounded.js 
(1:0): Module level 
directives cause 
errors when bundled, 
"use client" in "node
_modules/@mui/icons-m
aterial/esm/Transgend
erRounded.js" was 
ignored.
node_modules/@mui/ico
ns-material/esm/Trans
gender.js (1:0): 
Module level 
directives cause 
errors when bundled, 
"use client" in "node
_modules/@mui/icons-m
aterial/esm/Transgend
er.js" was ignored.
node_modules/@mui/ico
ns-material/esm/Trans
genderOutlined.js 
(1:0): Module level 
directives cause 
errors when bundled, 
"use client" in "node
_modules/@mui/icons-m
aterial/esm/Transgend
erOutlined.js" was 
ignored.
node_modules/@mui/ico
ns-material/esm/Trans
genderSharp.js 
(1:0): Module level 
directives cause 
errors when bundled, 
"use client" in "node
_modules/@mui/icons-m
aterial/esm/Transgend
erSharp.js" was 
ignored.
node_modules/@mui/ico
ns-material/esm/Trans
genderTwoTone.js 
(1:0): Module level 
directives cause 
errors when bundled, 
"use client" in "node
_modules/@mui/icons-m
aterial/esm/Transgend
erTwoTone.js" was 
ignored.
node_modules/@mui/ico
ns-material/esm/Trans
itEnterexitRounded.js
 (1:0): Module level 
directives cause 
errors when bundled, 
"use client" in "node
_modules/@mui/icons-m
aterial/esm/TransitEn
terexitRounded.js" 
was ignored.
node_modules/@mui/ico
ns-material/esm/Trans
itEnterexit.js 
(1:0): Module level 
directives cause 
errors when bundled, 
"use client" in "node
_modules/@mui/icons-m
aterial/esm/TransitEn
terexit.js" was 
ignored.
node_modules/@mui/ico
ns-material/esm/Trans
itEnterexitOutlined.j
s (1:0): Module 
level directives 
cause errors when 
bundled, "use 
client" in "node_modu
les/@mui/icons-materi
al/esm/TransitEnterex
itOutlined.js" was 
ignored.
node_modules/@mui/ico
ns-material/esm/Trans
itEnterexitTwoTone.js
 (1:0): Module level 
directives cause 
errors when bundled, 
"use client" in "node
_modules/@mui/icons-m
aterial/esm/TransitEn
terexitTwoTone.js" 
was ignored.
node_modules/@mui/ico
ns-material/esm/Trans
itEnterexitSharp.js 
(1:0): Module level 
directives cause 
errors when bundled, 
"use client" in "node
_modules/@mui/icons-m
aterial/esm/TransitEn
terexitSharp.js" was 
ignored.
node_modules/@mui/ico
ns-material/esm/Trans
lateOutlined.js 
(1:0): Module level 
directives cause 
errors when bundled, 
"use client" in "node
_modules/@mui/icons-m
aterial/esm/Translate
Outlined.js" was 
ignored.
node_modules/@mui/ico
ns-material/esm/Trans
late.js (1:0): 
Module level 
directives cause 
errors when bundled, 
"use client" in "node
_modules/@mui/icons-m
aterial/esm/Translate
.js" was ignored.
node_modules/@mui/ico
ns-material/esm/Trans
lateTwoTone.js 
(1:0): Module level 
directives cause 
errors when bundled, 
"use client" in "node
_modules/@mui/icons-m
aterial/esm/Translate
TwoTone.js" was 
ignored.
node_modules/@mui/ico
ns-material/esm/Trans
lateSharp.js (1:0): 
Module level 
directives cause 
errors when bundled, 
"use client" in "node
_modules/@mui/icons-m
aterial/esm/Translate
Sharp.js" was 
ignored.
node_modules/@mui/ico
ns-material/esm/Trans
lateRounded.js 
(1:0): Module level 
directives cause 
errors when bundled, 
"use client" in "node
_modules/@mui/icons-m
aterial/esm/Translate
Rounded.js" was 
ignored.
node_modules/@mui/ico
ns-material/esm/Trave
lExploreOutlined.js 
(1:0): Module level 
directives cause 
errors when bundled, 
"use client" in "node
_modules/@mui/icons-m
aterial/esm/TravelExp
loreOutlined.js" was 
ignored.
node_modules/@mui/ico
ns-material/esm/Trave
lExplore.js (1:0): 
Module level 
directives cause 
errors when bundled, 
"use client" in "node
_modules/@mui/icons-m
aterial/esm/TravelExp
lore.js" was ignored.
node_modules/@mui/ico
ns-material/esm/Trave
lExploreRounded.js 
(1:0): Module level 
directives cause 
errors when bundled, 
"use client" in "node
_modules/@mui/icons-m
aterial/esm/TravelExp
loreRounded.js" was 
ignored.
node_modules/@mui/ico
ns-material/esm/Trave
lExploreSharp.js 
(1:0): Module level 
directives cause 
errors when bundled, 
"use client" in "node
_modules/@mui/icons-m
aterial/esm/TravelExp
loreSharp.js" was 
ignored.
node_modules/@mui/ico
ns-material/esm/Trave
lExploreTwoTone.js 
(1:0): Module level 
directives cause 
errors when bundled, 
"use client" in "node
_modules/@mui/icons-m
aterial/esm/TravelExp
loreTwoTone.js" was 
ignored.
node_modules/@mui/ico
ns-material/esm/Trend
ingDownOutlined.js 
(1:0): Module level 
directives cause 
errors when bundled, 
"use client" in "node
_modules/@mui/icons-m
aterial/esm/TrendingD
ownOutlined.js" was 
ignored.
node_modules/@mui/ico
ns-material/esm/Trend
ingDown.js (1:0): 
Module level 
directives cause 
errors when bundled, 
"use client" in "node
_modules/@mui/icons-m
aterial/esm/TrendingD
own.js" was ignored.
node_modules/@mui/ico
ns-material/esm/Trend
ingDownRounded.js 
(1:0): Module level 
directives cause 
errors when bundled, 
"use client" in "node
_modules/@mui/icons-m
aterial/esm/TrendingD
ownRounded.js" was 
ignored.
node_modules/@mui/ico
ns-material/esm/Trend
ingDownTwoTone.js 
(1:0): Module level 
directives cause 
errors when bundled, 
"use client" in "node
_modules/@mui/icons-m
aterial/esm/TrendingD
ownTwoTone.js" was 
ignored.
node_modules/@mui/ico
ns-material/esm/Trend
ingDownSharp.js 
(1:0): Module level 
directives cause 
errors when bundled, 
"use client" in "node
_modules/@mui/icons-m
aterial/esm/TrendingD
ownSharp.js" was 
ignored.
node_modules/@mui/ico
ns-material/esm/Trend
ingFlat.js (1:0): 
Module level 
directives cause 
errors when bundled, 
"use client" in "node
_modules/@mui/icons-m
aterial/esm/TrendingF
lat.js" was ignored.
node_modules/@mui/ico
ns-material/esm/Trend
ingFlatRounded.js 
(1:0): Module level 
directives cause 
errors when bundled, 
"use client" in "node
_modules/@mui/icons-m
aterial/esm/TrendingF
latRounded.js" was 
ignored.
node_modules/@mui/ico
ns-material/esm/Trend
ingFlatSharp.js 
(1:0): Module level 
directives cause 
errors when bundled, 
"use client" in "node
_modules/@mui/icons-m
aterial/esm/TrendingF
latSharp.js" was 
ignored.
node_modules/@mui/ico
ns-material/esm/Trend
ingFlatTwoTone.js 
(1:0): Module level 
directives cause 
errors when bundled, 
"use client" in "node
_modules/@mui/icons-m
aterial/esm/TrendingF
latTwoTone.js" was 
ignored.
node_modules/@mui/ico
ns-material/esm/Trend
ingUp.js (1:0): 
Module level 
directives cause 
errors when bundled, 
"use client" in "node
_modules/@mui/icons-m
aterial/esm/TrendingU
p.js" was ignored.
node_modules/@mui/ico
ns-material/esm/Trend
ingUpSharp.js (1:0): 
Module level 
directives cause 
errors when bundled, 
"use client" in "node
_modules/@mui/icons-m
aterial/esm/TrendingU
pSharp.js" was 
ignored.
node_modules/@mui/ico
ns-material/esm/Trend
ingUpOutlined.js 
(1:0): Module level 
directives cause 
errors when bundled, 
"use client" in "node
_modules/@mui/icons-m
aterial/esm/TrendingU
pOutlined.js" was 
ignored.
node_modules/@mui/ico
ns-material/esm/Trend
ingUpRounded.js 
(1:0): Module level 
directives cause 
errors when bundled, 
"use client" in "node
_modules/@mui/icons-m
aterial/esm/TrendingU
pRounded.js" was 
ignored.
node_modules/@mui/ico
ns-material/esm/Trend
ingFlatOutlined.js 
(1:0): Module level 
directives cause 
errors when bundled, 
"use client" in "node
_modules/@mui/icons-m
aterial/esm/TrendingF
latOutlined.js" was 
ignored.
node_modules/@mui/ico
ns-material/esm/Trend
ingUpTwoTone.js 
(1:0): Module level 
directives cause 
errors when bundled, 
"use client" in "node
_modules/@mui/icons-m
aterial/esm/TrendingU
pTwoTone.js" was 
ignored.
node_modules/@mui/ico
ns-material/esm/TripO
riginRounded.js 
(1:0): Module level 
directives cause 
errors when bundled, 
"use client" in "node
_modules/@mui/icons-m
aterial/esm/TripOrigi
nRounded.js" was 
ignored.
node_modules/@mui/ico
ns-material/esm/TripO
rigin.js (1:0): 
Module level 
directives cause 
errors when bundled, 
"use client" in "node
_modules/@mui/icons-m
aterial/esm/TripOrigi
n.js" was ignored.
node_modules/@mui/ico
ns-material/esm/TripO
riginSharp.js (1:0): 
Module level 
directives cause 
errors when bundled, 
"use client" in "node
_modules/@mui/icons-m
aterial/esm/TripOrigi
nSharp.js" was 
ignored.
node_modules/@mui/ico
ns-material/esm/TripO
riginTwoTone.js 
(1:0): Module level 
directives cause 
errors when bundled, 
"use client" in "node
_modules/@mui/icons-m
aterial/esm/TripOrigi
nTwoTone.js" was 
ignored.
node_modules/@mui/ico
ns-material/esm/Troub
leshoot.js (1:0): 
Module level 
directives cause 
errors when bundled, 
"use client" in "node
_modules/@mui/icons-m
aterial/esm/Troublesh
oot.js" was ignored.
node_modules/@mui/ico
ns-material/esm/TripO
riginOutlined.js 
(1:0): Module level 
directives cause 
errors when bundled, 
"use client" in "node
_modules/@mui/icons-m
aterial/esm/TripOrigi
nOutlined.js" was 
ignored.
node_modules/@mui/ico
ns-material/esm/Troub
leshootRounded.js 
(1:0): Module level 
directives cause 
errors when bundled, 
"use client" in "node
_modules/@mui/icons-m
aterial/esm/Troublesh
ootRounded.js" was 
ignored.
node_modules/@mui/ico
ns-material/esm/Troub
leshootOutlined.js 
(1:0): Module level 
directives cause 
errors when bundled, 
"use client" in "node
_modules/@mui/icons-m
aterial/esm/Troublesh
ootOutlined.js" was 
ignored.
node_modules/@mui/ico
ns-material/esm/Troub
leshootTwoTone.js 
(1:0): Module level 
directives cause 
errors when bundled, 
"use client" in "node
_modules/@mui/icons-m
aterial/esm/Troublesh
ootTwoTone.js" was 
ignored.
node_modules/@mui/ico
ns-material/esm/Troub
leshootSharp.js 
(1:0): Module level 
directives cause 
errors when bundled, 
"use client" in "node
_modules/@mui/icons-m
aterial/esm/Troublesh
ootSharp.js" was 
ignored.
node_modules/@mui/ico
ns-material/esm/TryRo
unded.js (1:0): 
Module level 
directives cause 
errors when bundled, 
"use client" in "node
_modules/@mui/icons-m
aterial/esm/TryRounde
d.js" was ignored.
node_modules/@mui/ico
ns-material/esm/TryOu
tlined.js (1:0): 
Module level 
directives cause 
errors when bundled, 
"use client" in "node
_modules/@mui/icons-m
aterial/esm/TryOutlin
ed.js" was ignored.
node_modules/@mui/ico
ns-material/esm/TrySh
arp.js (1:0): Module 
level directives 
cause errors when 
bundled, "use 
client" in "node_modu
les/@mui/icons-materi
al/esm/TrySharp.js" 
was ignored.
node_modules/@mui/ico
ns-material/esm/TryTw
oTone.js (1:0): 
Module level 
directives cause 
errors when bundled, 
"use client" in "node
_modules/@mui/icons-m
aterial/esm/TryTwoTon
e.js" was ignored.
node_modules/@mui/ico
ns-material/esm/Try.j
s (1:0): Module 
level directives 
cause errors when 
bundled, "use 
client" in "node_modu
les/@mui/icons-materi
al/esm/Try.js" was 
ignored.
node_modules/@mui/ico
ns-material/esm/Tsuna
mi.js (1:0): Module 
level directives 
cause errors when 
bundled, "use 
client" in "node_modu
les/@mui/icons-materi
al/esm/Tsunami.js" 
was ignored.
node_modules/@mui/ico
ns-material/esm/Tsuna
miRounded.js (1:0): 
Module level 
directives cause 
errors when bundled, 
"use client" in "node
_modules/@mui/icons-m
aterial/esm/TsunamiRo
unded.js" was 
ignored.
node_modules/@mui/ico
ns-material/esm/Tsuna
miOutlined.js (1:0): 
Module level 
directives cause 
errors when bundled, 
"use client" in "node
_modules/@mui/icons-m
aterial/esm/TsunamiOu
tlined.js" was 
ignored.
node_modules/@mui/ico
ns-material/esm/Tsuna
miTwoTone.js (1:0): 
Module level 
directives cause 
errors when bundled, 
"use client" in "node
_modules/@mui/icons-m
aterial/esm/TsunamiTw
oTone.js" was 
ignored.
node_modules/@mui/ico
ns-material/esm/Tsuna
miSharp.js (1:0): 
Module level 
directives cause 
errors when bundled, 
"use client" in "node
_modules/@mui/icons-m
aterial/esm/TsunamiSh
arp.js" was ignored.
node_modules/@mui/ico
ns-material/esm/TtyRo
unded.js (1:0): 
Module level 
directives cause 
errors when bundled, 
"use client" in "node
_modules/@mui/icons-m
aterial/esm/TtyRounde
d.js" was ignored.
node_modules/@mui/ico
ns-material/esm/Tty.j
s (1:0): Module 
level directives 
cause errors when 
bundled, "use 
client" in "node_modu
les/@mui/icons-materi
al/esm/Tty.js" was 
ignored.
node_modules/@mui/ico
ns-material/esm/TtyOu
tlined.js (1:0): 
Module level 
directives cause 
errors when bundled, 
"use client" in "node
_modules/@mui/icons-m
aterial/esm/TtyOutlin
ed.js" was ignored.
node_modules/@mui/ico
ns-material/esm/TtyTw
oTone.js (1:0): 
Module level 
directives cause 
errors when bundled, 
"use client" in "node
_modules/@mui/icons-m
aterial/esm/TtyTwoTon
e.js" was ignored.
node_modules/@mui/ico
ns-material/esm/TtySh
arp.js (1:0): Module 
level directives 
cause errors when 
bundled, "use 
client" in "node_modu
les/@mui/icons-materi
al/esm/TtySharp.js" 
was ignored.
node_modules/@mui/ico
ns-material/esm/TuneO
utlined.js (1:0): 
Module level 
directives cause 
errors when bundled, 
"use client" in "node
_modules/@mui/icons-m
aterial/esm/TuneOutli
ned.js" was ignored.
node_modules/@mui/ico
ns-material/esm/Tune.
js (1:0): Module 
level directives 
cause errors when 
bundled, "use 
client" in "node_modu
les/@mui/icons-materi
al/esm/Tune.js" was 
ignored.
node_modules/@mui/ico
ns-material/esm/TuneR
ounded.js (1:0): 
Module level 
directives cause 
errors when bundled, 
"use client" in "node
_modules/@mui/icons-m
aterial/esm/TuneRound
ed.js" was ignored.
node_modules/@mui/ico
ns-material/esm/TuneS
harp.js (1:0): 
Module level 
directives cause 
errors when bundled, 
"use client" in "node
_modules/@mui/icons-m
aterial/esm/TuneSharp
.js" was ignored.
node_modules/@mui/ico
ns-material/esm/TuneT
woTone.js (1:0): 
Module level 
directives cause 
errors when bundled, 
"use client" in "node
_modules/@mui/icons-m
aterial/esm/TuneTwoTo
ne.js" was ignored.
node_modules/@mui/ico
ns-material/esm/Tungs
ten.js (1:0): Module 
level directives 
cause errors when 
bundled, "use 
client" in "node_modu
les/@mui/icons-materi
al/esm/Tungsten.js" 
was ignored.
node_modules/@mui/ico
ns-material/esm/Tungs
tenOutlined.js 
(1:0): Module level 
directives cause 
errors when bundled, 
"use client" in "node
_modules/@mui/icons-m
aterial/esm/TungstenO
utlined.js" was 
ignored.
node_modules/@mui/ico
ns-material/esm/Tungs
tenRounded.js (1:0): 
Module level 
directives cause 
errors when bundled, 
"use client" in "node
_modules/@mui/icons-m
aterial/esm/TungstenR
ounded.js" was 
ignored.
node_modules/@mui/ico
ns-material/esm/Tungs
tenTwoTone.js (1:0): 
Module level 
directives cause 
errors when bundled, 
"use client" in "node
_modules/@mui/icons-m
aterial/esm/TungstenT
woTone.js" was 
ignored.
node_modules/@mui/ico
ns-material/esm/Tungs
tenSharp.js (1:0): 
Module level 
directives cause 
errors when bundled, 
"use client" in "node
_modules/@mui/icons-m
aterial/esm/TungstenS
harp.js" was ignored.
node_modules/@mui/ico
ns-material/esm/TurnL
eft.js (1:0): Module 
level directives 
cause errors when 
bundled, "use 
client" in "node_modu
les/@mui/icons-materi
al/esm/TurnLeft.js" 
was ignored.
node_modules/@mui/ico
ns-material/esm/TurnL
eftRounded.js (1:0): 
Module level 
directives cause 
errors when bundled, 
"use client" in "node
_modules/@mui/icons-m
aterial/esm/TurnLeftR
ounded.js" was 
ignored.
node_modules/@mui/ico
ns-material/esm/TurnL
eftSharp.js (1:0): 
Module level 
directives cause 
errors when bundled, 
"use client" in "node
_modules/@mui/icons-m
aterial/esm/TurnLeftS
harp.js" was ignored.
node_modules/@mui/ico
ns-material/esm/TurnL
eftTwoTone.js (1:0): 
Module level 
directives cause 
errors when bundled, 
"use client" in "node
_modules/@mui/icons-m
aterial/esm/TurnLeftT
woTone.js" was 
ignored.
node_modules/@mui/ico
ns-material/esm/TurnR
ight.js (1:0): 
Module level 
directives cause 
errors when bundled, 
"use client" in "node
_modules/@mui/icons-m
aterial/esm/TurnRight
.js" was ignored.
node_modules/@mui/ico
ns-material/esm/TurnL
eftOutlined.js 
(1:0): Module level 
directives cause 
errors when bundled, 
"use client" in "node
_modules/@mui/icons-m
aterial/esm/TurnLeftO
utlined.js" was 
ignored.
node_modules/@mui/ico
ns-material/esm/TurnR
ightOutlined.js 
(1:0): Module level 
directives cause 
errors when bundled, 
"use client" in "node
_modules/@mui/icons-m
aterial/esm/TurnRight
Outlined.js" was 
ignored.
node_modules/@mui/ico
ns-material/esm/TurnR
ightRounded.js 
(1:0): Module level 
directives cause 
errors when bundled, 
"use client" in "node
_modules/@mui/icons-m
aterial/esm/TurnRight
Rounded.js" was 
ignored.
node_modules/@mui/ico
ns-material/esm/TurnR
ightSharp.js (1:0): 
Module level 
directives cause 
errors when bundled, 
"use client" in "node
_modules/@mui/icons-m
aterial/esm/TurnRight
Sharp.js" was 
ignored.
node_modules/@mui/ico
ns-material/esm/TurnS
harpLeft.js (1:0): 
Module level 
directives cause 
errors when bundled, 
"use client" in "node
_modules/@mui/icons-m
aterial/esm/TurnSharp
Left.js" was ignored.
node_modules/@mui/ico
ns-material/esm/TurnR
ightTwoTone.js 
(1:0): Module level 
directives cause 
errors when bundled, 
"use client" in "node
_modules/@mui/icons-m
aterial/esm/TurnRight
TwoTone.js" was 
ignored.
node_modules/@mui/ico
ns-material/esm/TurnS
harpLeftOutlined.js 
(1:0): Module level 
directives cause 
errors when bundled, 
"use client" in "node
_modules/@mui/icons-m
aterial/esm/TurnSharp
LeftOutlined.js" was 
ignored.
node_modules/@mui/ico
ns-material/esm/TurnS
harpLeftRounded.js 
(1:0): Module level 
directives cause 
errors when bundled, 
"use client" in "node
_modules/@mui/icons-m
aterial/esm/TurnSharp
LeftRounded.js" was 
ignored.
node_modules/@mui/ico
ns-material/esm/TurnS
harpLeftSharp.js 
(1:0): Module level 
directives cause 
errors when bundled, 
"use client" in "node
_modules/@mui/icons-m
aterial/esm/TurnSharp
LeftSharp.js" was 
ignored.
node_modules/@mui/ico
ns-material/esm/TurnS
harpRight.js (1:0): 
Module level 
directives cause 
errors when bundled, 
"use client" in "node
_modules/@mui/icons-m
aterial/esm/TurnSharp
Right.js" was 
ignored.
node_modules/@mui/ico
ns-material/esm/TurnS
harpLeftTwoTone.js 
(1:0): Module level 
directives cause 
errors when bundled, 
"use client" in "node
_modules/@mui/icons-m
aterial/esm/TurnSharp
LeftTwoTone.js" was 
ignored.
node_modules/@mui/ico
ns-material/esm/TurnS
harpRightOutlined.js 
(1:0): Module level 
directives cause 
errors when bundled, 
"use client" in "node
_modules/@mui/icons-m
aterial/esm/TurnSharp
RightOutlined.js" 
was ignored.
node_modules/@mui/ico
ns-material/esm/TurnS
harpRightSharp.js 
(1:0): Module level 
directives cause 
errors when bundled, 
"use client" in "node
_modules/@mui/icons-m
aterial/esm/TurnSharp
RightSharp.js" was 
ignored.
node_modules/@mui/ico
ns-material/esm/TurnS
harpRightRounded.js 
(1:0): Module level 
directives cause 
errors when bundled, 
"use client" in "node
_modules/@mui/icons-m
aterial/esm/TurnSharp
RightRounded.js" was 
ignored.
node_modules/@mui/ico
ns-material/esm/TurnS
harpRightTwoTone.js 
(1:0): Module level 
directives cause 
errors when bundled, 
"use client" in "node
_modules/@mui/icons-m
aterial/esm/TurnSharp
RightTwoTone.js" was 
ignored.
node_modules/@mui/ico
ns-material/esm/TurnS
lightLeft.js (1:0): 
Module level 
directives cause 
errors when bundled, 
"use client" in "node
_modules/@mui/icons-m
aterial/esm/TurnSligh
tLeft.js" was 
ignored.
node_modules/@mui/ico
ns-material/esm/TurnS
lightLeftOutlined.js 
(1:0): Module level 
directives cause 
errors when bundled, 
"use client" in "node
_modules/@mui/icons-m
aterial/esm/TurnSligh
tLeftOutlined.js" 
was ignored.
node_modules/@mui/ico
ns-material/esm/TurnS
lightLeftSharp.js 
(1:0): Module level 
directives cause 
errors when bundled, 
"use client" in "node
_modules/@mui/icons-m
aterial/esm/TurnSligh
tLeftSharp.js" was 
ignored.
node_modules/@mui/ico
ns-material/esm/TurnS
lightLeftTwoTone.js 
(1:0): Module level 
directives cause 
errors when bundled, 
"use client" in "node
_modules/@mui/icons-m
aterial/esm/TurnSligh
tLeftTwoTone.js" was 
ignored.
node_modules/@mui/ico
ns-material/esm/TurnS
lightLeftRounded.js 
(1:0): Module level 
directives cause 
errors when bundled, 
"use client" in "node
_modules/@mui/icons-m
aterial/esm/TurnSligh
tLeftRounded.js" was 
ignored.
node_modules/@mui/ico
ns-material/esm/TurnS
lightRight.js (1:0): 
Module level 
directives cause 
errors when bundled, 
"use client" in "node
_modules/@mui/icons-m
aterial/esm/TurnSligh
tRight.js" was 
ignored.
node_modules/@mui/ico
ns-material/esm/TurnS
lightRightOutlined.js
 (1:0): Module level 
directives cause 
errors when bundled, 
"use client" in "node
_modules/@mui/icons-m
aterial/esm/TurnSligh
tRightOutlined.js" 
was ignored.
node_modules/@mui/ico
ns-material/esm/TurnS
lightRightRounded.js 
(1:0): Module level 
directives cause 
errors when bundled, 
"use client" in "node
_modules/@mui/icons-m
aterial/esm/TurnSligh
tRightRounded.js" 
was ignored.
node_modules/@mui/ico
ns-material/esm/TurnS
lightRightSharp.js 
(1:0): Module level 
directives cause 
errors when bundled, 
"use client" in "node
_modules/@mui/icons-m
aterial/esm/TurnSligh
tRightSharp.js" was 
ignored.
node_modules/@mui/ico
ns-material/esm/Turne
dIn.js (1:0): Module 
level directives 
cause errors when 
bundled, "use 
client" in "node_modu
les/@mui/icons-materi
al/esm/TurnedIn.js" 
was ignored.
node_modules/@mui/ico
ns-material/esm/TurnS
lightRightTwoTone.js 
(1:0): Module level 
directives cause 
errors when bundled, 
"use client" in "node
_modules/@mui/icons-m
aterial/esm/TurnSligh
tRightTwoTone.js" 
was ignored.
node_modules/@mui/ico
ns-material/esm/Turne
dInNot.js (1:0): 
Module level 
directives cause 
errors when bundled, 
"use client" in "node
_modules/@mui/icons-m
aterial/esm/TurnedInN
ot.js" was ignored.
node_modules/@mui/ico
ns-material/esm/Turne
dInNotOutlined.js 
(1:0): Module level 
directives cause 
errors when bundled, 
"use client" in "node
_modules/@mui/icons-m
aterial/esm/TurnedInN
otOutlined.js" was 
ignored.
node_modules/@mui/ico
ns-material/esm/Turne
dInNotRounded.js 
(1:0): Module level 
directives cause 
errors when bundled, 
"use client" in "node
_modules/@mui/icons-m
aterial/esm/TurnedInN
otRounded.js" was 
ignored.
node_modules/@mui/ico
ns-material/esm/Turne
dInNotSharp.js 
(1:0): Module level 
directives cause 
errors when bundled, 
"use client" in "node
_modules/@mui/icons-m
aterial/esm/TurnedInN
otSharp.js" was 
ignored.
node_modules/@mui/ico
ns-material/esm/Turne
dInNotTwoTone.js 
(1:0): Module level 
directives cause 
errors when bundled, 
"use client" in "node
_modules/@mui/icons-m
aterial/esm/TurnedInN
otTwoTone.js" was 
ignored.
node_modules/@mui/ico
ns-material/esm/Turne
dInOutlined.js 
(1:0): Module level 
directives cause 
errors when bundled, 
"use client" in "node
_modules/@mui/icons-m
aterial/esm/TurnedInO
utlined.js" was 
ignored.
node_modules/@mui/ico
ns-material/esm/Turne
dInRounded.js (1:0): 
Module level 
directives cause 
errors when bundled, 
"use client" in "node
_modules/@mui/icons-m
aterial/esm/TurnedInR
ounded.js" was 
ignored.
node_modules/@mui/ico
ns-material/esm/Turne
dInSharp.js (1:0): 
Module level 
directives cause 
errors when bundled, 
"use client" in "node
_modules/@mui/icons-m
aterial/esm/TurnedInS
harp.js" was ignored.
node_modules/@mui/ico
ns-material/esm/Turne
dInTwoTone.js (1:0): 
Module level 
directives cause 
errors when bundled, 
"use client" in "node
_modules/@mui/icons-m
aterial/esm/TurnedInT
woTone.js" was 
ignored.
node_modules/@mui/ico
ns-material/esm/Tv.js
 (1:0): Module level 
directives cause 
errors when bundled, 
"use client" in "node
_modules/@mui/icons-m
aterial/esm/Tv.js" 
was ignored.
node_modules/@mui/ico
ns-material/esm/TvOff
.js (1:0): Module 
level directives 
cause errors when 
bundled, "use 
client" in "node_modu
les/@mui/icons-materi
al/esm/TvOff.js" was 
ignored.
node_modules/@mui/ico
ns-material/esm/TvOff
Outlined.js (1:0): 
Module level 
directives cause 
errors when bundled, 
"use client" in "node
_modules/@mui/icons-m
aterial/esm/TvOffOutl
ined.js" was ignored.
node_modules/@mui/ico
ns-material/esm/TvOff
Rounded.js (1:0): 
Module level 
directives cause 
errors when bundled, 
"use client" in "node
_modules/@mui/icons-m
aterial/esm/TvOffRoun
ded.js" was ignored.
node_modules/@mui/ico
ns-material/esm/TvOff
TwoTone.js (1:0): 
Module level 
directives cause 
errors when bundled, 
"use client" in "node
_modules/@mui/icons-m
aterial/esm/TvOffTwoT
one.js" was ignored.
node_modules/@mui/ico
ns-material/esm/TvOff
Sharp.js (1:0): 
Module level 
directives cause 
errors when bundled, 
"use client" in "node
_modules/@mui/icons-m
aterial/esm/TvOffShar
p.js" was ignored.
node_modules/@mui/ico
ns-material/esm/TvSha
rp.js (1:0): Module 
level directives 
cause errors when 
bundled, "use 
client" in "node_modu
les/@mui/icons-materi
al/esm/TvSharp.js" 
was ignored.
node_modules/@mui/ico
ns-material/esm/TvRou
nded.js (1:0): 
Module level 
directives cause 
errors when bundled, 
"use client" in "node
_modules/@mui/icons-m
aterial/esm/TvRounded
.js" was ignored.
node_modules/@mui/ico
ns-material/esm/TvOut
lined.js (1:0): 
Module level 
directives cause 
errors when bundled, 
"use client" in "node
_modules/@mui/icons-m
aterial/esm/TvOutline
d.js" was ignored.
node_modules/@mui/ico
ns-material/esm/TvTwo
Tone.js (1:0): 
Module level 
directives cause 
errors when bundled, 
"use client" in "node
_modules/@mui/icons-m
aterial/esm/TvTwoTone
.js" was ignored.
node_modules/@mui/ico
ns-material/esm/Twelv
eMp.js (1:0): Module 
level directives 
cause errors when 
bundled, "use 
client" in "node_modu
les/@mui/icons-materi
al/esm/TwelveMp.js" 
was ignored.
node_modules/@mui/ico
ns-material/esm/Twelv
eMpOutlined.js 
(1:0): Module level 
directives cause 
errors when bundled, 
"use client" in "node
_modules/@mui/icons-m
aterial/esm/TwelveMpO
utlined.js" was 
ignored.
node_modules/@mui/ico
ns-material/esm/Twelv
eMpTwoTone.js (1:0): 
Module level 
directives cause 
errors when bundled, 
"use client" in "node
_modules/@mui/icons-m
aterial/esm/TwelveMpT
woTone.js" was 
ignored.
node_modules/@mui/ico
ns-material/esm/Twelv
eMpSharp.js (1:0): 
Module level 
directives cause 
errors when bundled, 
"use client" in "node
_modules/@mui/icons-m
aterial/esm/TwelveMpS
harp.js" was ignored.
node_modules/@mui/ico
ns-material/esm/Twent
yFourMpOutlined.js 
(1:0): Module level 
directives cause 
errors when bundled, 
"use client" in "node
_modules/@mui/icons-m
aterial/esm/TwentyFou
rMpOutlined.js" was 
ignored.
node_modules/@mui/ico
ns-material/esm/Twelv
eMpRounded.js (1:0): 
Module level 
directives cause 
errors when bundled, 
"use client" in "node
_modules/@mui/icons-m
aterial/esm/TwelveMpR
ounded.js" was 
ignored.
node_modules/@mui/ico
ns-material/esm/Twent
yFourMp.js (1:0): 
Module level 
directives cause 
errors when bundled, 
"use client" in "node
_modules/@mui/icons-m
aterial/esm/TwentyFou
rMp.js" was ignored.
node_modules/@mui/ico
ns-material/esm/Twent
yOneMpOutlined.js 
(1:0): Module level 
directives cause 
errors when bundled, 
"use client" in "node
_modules/@mui/icons-m
aterial/esm/TwentyOne
MpOutlined.js" was 
ignored.
node_modules/@mui/ico
ns-material/esm/Twent
yOneMp.js (1:0): 
Module level 
directives cause 
errors when bundled, 
"use client" in "node
_modules/@mui/icons-m
aterial/esm/TwentyOne
Mp.js" was ignored.
node_modules/@mui/ico
ns-material/esm/Twent
yOneMpRounded.js 
(1:0): Module level 
directives cause 
errors when bundled, 
"use client" in "node
_modules/@mui/icons-m
aterial/esm/TwentyOne
MpRounded.js" was 
ignored.
node_modules/@mui/ico
ns-material/esm/Twent
yFourMpSharp.js 
(1:0): Module level 
directives cause 
errors when bundled, 
"use client" in "node
_modules/@mui/icons-m
aterial/esm/TwentyFou
rMpSharp.js" was 
ignored.
node_modules/@mui/ico
ns-material/esm/Twent
yOneMpSharp.js 
(1:0): Module level 
directives cause 
errors when bundled, 
"use client" in "node
_modules/@mui/icons-m
aterial/esm/TwentyOne
MpSharp.js" was 
ignored.
node_modules/@mui/ico
ns-material/esm/Twent
yOneMpTwoTone.js 
(1:0): Module level 
directives cause 
errors when bundled, 
"use client" in "node
_modules/@mui/icons-m
aterial/esm/TwentyOne
MpTwoTone.js" was 
ignored.
node_modules/@mui/ico
ns-material/esm/Twent
yThreeMp.js (1:0): 
Module level 
directives cause 
errors when bundled, 
"use client" in "node
_modules/@mui/icons-m
aterial/esm/TwentyThr
eeMp.js" was ignored.
node_modules/@mui/ico
ns-material/esm/Twent
yThreeMpOutlined.js 
(1:0): Module level 
directives cause 
errors when bundled, 
"use client" in "node
_modules/@mui/icons-m
aterial/esm/TwentyThr
eeMpOutlined.js" was 
ignored.
node_modules/@mui/ico
ns-material/esm/Twent
yThreeMpRounded.js 
(1:0): Module level 
directives cause 
errors when bundled, 
"use client" in "node
_modules/@mui/icons-m
aterial/esm/TwentyThr
eeMpRounded.js" was 
ignored.
node_modules/@mui/ico
ns-material/esm/Twent
yThreeMpSharp.js 
(1:0): Module level 
directives cause 
errors when bundled, 
"use client" in "node
_modules/@mui/icons-m
aterial/esm/TwentyThr
eeMpSharp.js" was 
ignored.
node_modules/@mui/ico
ns-material/esm/Twent
yThreeMpTwoTone.js 
(1:0): Module level 
directives cause 
errors when bundled, 
"use client" in "node
_modules/@mui/icons-m
aterial/esm/TwentyThr
eeMpTwoTone.js" was 
ignored.
node_modules/@mui/ico
ns-material/esm/Twent
yTwoMp.js (1:0): 
Module level 
directives cause 
errors when bundled, 
"use client" in "node
_modules/@mui/icons-m
aterial/esm/TwentyTwo
Mp.js" was ignored.
node_modules/@mui/ico
ns-material/esm/Twent
yTwoMpOutlined.js 
(1:0): Module level 
directives cause 
errors when bundled, 
"use client" in "node
_modules/@mui/icons-m
aterial/esm/TwentyTwo
MpOutlined.js" was 
ignored.
node_modules/@mui/ico
ns-material/esm/Twent
yTwoMpRounded.js 
(1:0): Module level 
directives cause 
errors when bundled, 
"use client" in "node
_modules/@mui/icons-m
aterial/esm/TwentyTwo
MpRounded.js" was 
ignored.
node_modules/@mui/ico
ns-material/esm/Twent
yTwoMpSharp.js 
(1:0): Module level 
directives cause 
errors when bundled, 
"use client" in "node
_modules/@mui/icons-m
aterial/esm/TwentyTwo
MpSharp.js" was 
ignored.
node_modules/@mui/ico
ns-material/esm/Twent
yFourMpRounded.js 
(1:0): Module level 
directives cause 
errors when bundled, 
"use client" in "node
_modules/@mui/icons-m
aterial/esm/TwentyFou
rMpRounded.js" was 
ignored.
node_modules/@mui/ico
ns-material/esm/Twent
yZeroMp.js (1:0): 
Module level 
directives cause 
errors when bundled, 
"use client" in "node
_modules/@mui/icons-m
aterial/esm/TwentyZer
oMp.js" was ignored.
node_modules/@mui/ico
ns-material/esm/Twent
yTwoMpTwoTone.js 
(1:0): Module level 
directives cause 
errors when bundled, 
"use client" in "node
_modules/@mui/icons-m
aterial/esm/TwentyTwo
MpTwoTone.js" was 
ignored.
node_modules/@mui/ico
ns-material/esm/Twent
yZeroMpRounded.js 
(1:0): Module level 
directives cause 
errors when bundled, 
"use client" in "node
_modules/@mui/icons-m
aterial/esm/TwentyZer
oMpRounded.js" was 
ignored.
node_modules/@mui/ico
ns-material/esm/Twent
yZeroMpOutlined.js 
(1:0): Module level 
directives cause 
errors when bundled, 
"use client" in "node
_modules/@mui/icons-m
aterial/esm/TwentyZer
oMpOutlined.js" was 
ignored.
node_modules/@mui/ico
ns-material/esm/Twitt
er.js (1:0): Module 
level directives 
cause errors when 
bundled, "use 
client" in "node_modu
les/@mui/icons-materi
al/esm/Twitter.js" 
was ignored.
node_modules/@mui/ico
ns-material/esm/Twent
yZeroMpSharp.js 
(1:0): Module level 
directives cause 
errors when bundled, 
"use client" in "node
_modules/@mui/icons-m
aterial/esm/TwentyZer
oMpSharp.js" was 
ignored.
node_modules/@mui/ico
ns-material/esm/TwoK.
js (1:0): Module 
level directives 
cause errors when 
bundled, "use 
client" in "node_modu
les/@mui/icons-materi
al/esm/TwoK.js" was 
ignored.
node_modules/@mui/ico
ns-material/esm/TwoKO
utlined.js (1:0): 
Module level 
directives cause 
errors when bundled, 
"use client" in "node
_modules/@mui/icons-m
aterial/esm/TwoKOutli
ned.js" was ignored.
node_modules/@mui/ico
ns-material/esm/Twent
yFourMpTwoTone.js 
(1:0): Module level 
directives cause 
errors when bundled, 
"use client" in "node
_modules/@mui/icons-m
aterial/esm/TwentyFou
rMpTwoTone.js" was 
ignored.
node_modules/@mui/ico
ns-material/esm/TwoKP
lus.js (1:0): Module 
level directives 
cause errors when 
bundled, "use 
client" in "node_modu
les/@mui/icons-materi
al/esm/TwoKPlus.js" 
was ignored.
node_modules/@mui/ico
ns-material/esm/TwoKP
lusOutlined.js 
(1:0): Module level 
directives cause 
errors when bundled, 
"use client" in "node
_modules/@mui/icons-m
aterial/esm/TwoKPlusO
utlined.js" was 
ignored.
node_modules/@mui/ico
ns-material/esm/TwoKP
lusRounded.js (1:0): 
Module level 
directives cause 
errors when bundled, 
"use client" in "node
_modules/@mui/icons-m
aterial/esm/TwoKPlusR
ounded.js" was 
ignored.
node_modules/@mui/ico
ns-material/esm/Twent
yZeroMpTwoTone.js 
(1:0): Module level 
directives cause 
errors when bundled, 
"use client" in "node
_modules/@mui/icons-m
aterial/esm/TwentyZer
oMpTwoTone.js" was 
ignored.
node_modules/@mui/ico
ns-material/esm/TwoKP
lusTwoTone.js (1:0): 
Module level 
directives cause 
errors when bundled, 
"use client" in "node
_modules/@mui/icons-m
aterial/esm/TwoKPlusT
woTone.js" was 
ignored.
node_modules/@mui/ico
ns-material/esm/TwoKP
lusSharp.js (1:0): 
Module level 
directives cause 
errors when bundled, 
"use client" in "node
_modules/@mui/icons-m
aterial/esm/TwoKPlusS
harp.js" was ignored.
node_modules/@mui/ico
ns-material/esm/TwoKR
ounded.js (1:0): 
Module level 
directives cause 
errors when bundled, 
"use client" in "node
_modules/@mui/icons-m
aterial/esm/TwoKRound
ed.js" was ignored.
node_modules/@mui/ico
ns-material/esm/TwoKT
woTone.js (1:0): 
Module level 
directives cause 
errors when bundled, 
"use client" in "node
_modules/@mui/icons-m
aterial/esm/TwoKTwoTo
ne.js" was ignored.
node_modules/@mui/ico
ns-material/esm/TwoMp
.js (1:0): Module 
level directives 
cause errors when 
bundled, "use 
client" in "node_modu
les/@mui/icons-materi
al/esm/TwoMp.js" was 
ignored.
node_modules/@mui/ico
ns-material/esm/TwoKS
harp.js (1:0): 
Module level 
directives cause 
errors when bundled, 
"use client" in "node
_modules/@mui/icons-m
aterial/esm/TwoKSharp
.js" was ignored.
node_modules/@mui/ico
ns-material/esm/TwoMp
Outlined.js (1:0): 
Module level 
directives cause 
errors when bundled, 
"use client" in "node
_modules/@mui/icons-m
aterial/esm/TwoMpOutl
ined.js" was ignored.
node_modules/@mui/ico
ns-material/esm/TwoMp
Rounded.js (1:0): 
Module level 
directives cause 
errors when bundled, 
"use client" in "node
_modules/@mui/icons-m
aterial/esm/TwoMpRoun
ded.js" was ignored.
node_modules/@mui/ico
ns-material/esm/TwoMp
Sharp.js (1:0): 
Module level 
directives cause 
errors when bundled, 
"use client" in "node
_modules/@mui/icons-m
aterial/esm/TwoMpShar
p.js" was ignored.
node_modules/@mui/ico
ns-material/esm/TwoWh
eeler.js (1:0): 
Module level 
directives cause 
errors when bundled, 
"use client" in "node
_modules/@mui/icons-m
aterial/esm/TwoWheele
r.js" was ignored.
node_modules/@mui/ico
ns-material/esm/TwoMp
TwoTone.js (1:0): 
Module level 
directives cause 
errors when bundled, 
"use client" in "node
_modules/@mui/icons-m
aterial/esm/TwoMpTwoT
one.js" was ignored.
node_modules/@mui/ico
ns-material/esm/TwoWh
eelerOutlined.js 
(1:0): Module level 
directives cause 
errors when bundled, 
"use client" in "node
_modules/@mui/icons-m
aterial/esm/TwoWheele
rOutlined.js" was 
ignored.
node_modules/@mui/ico
ns-material/esm/TwoWh
eelerRounded.js 
(1:0): Module level 
directives cause 
errors when bundled, 
"use client" in "node
_modules/@mui/icons-m
aterial/esm/TwoWheele
rRounded.js" was 
ignored.
node_modules/@mui/ico
ns-material/esm/TwoWh
eelerSharp.js (1:0): 
Module level 
directives cause 
errors when bundled, 
"use client" in "node
_modules/@mui/icons-m
aterial/esm/TwoWheele
rSharp.js" was 
ignored.
node_modules/@mui/ico
ns-material/esm/TwoWh
eelerTwoTone.js 
(1:0): Module level 
directives cause 
errors when bundled, 
"use client" in "node
_modules/@mui/icons-m
aterial/esm/TwoWheele
rTwoTone.js" was 
ignored.
node_modules/@mui/ico
ns-material/esm/TypeS
pecimenOutlined.js 
(1:0): Module level 
directives cause 
errors when bundled, 
"use client" in "node
_modules/@mui/icons-m
aterial/esm/TypeSpeci
menOutlined.js" was 
ignored.
node_modules/@mui/ico
ns-material/esm/TypeS
pecimen.js (1:0): 
Module level 
directives cause 
errors when bundled, 
"use client" in "node
_modules/@mui/icons-m
aterial/esm/TypeSpeci
men.js" was ignored.
node_modules/@mui/ico
ns-material/esm/TypeS
pecimenRounded.js 
(1:0): Module level 
directives cause 
errors when bundled, 
"use client" in "node
_modules/@mui/icons-m
aterial/esm/TypeSpeci
menRounded.js" was 
ignored.
node_modules/@mui/ico
ns-material/esm/TypeS
pecimenSharp.js 
(1:0): Module level 
directives cause 
errors when bundled, 
"use client" in "node
_modules/@mui/icons-m
aterial/esm/TypeSpeci
menSharp.js" was 
ignored.
node_modules/@mui/ico
ns-material/esm/UTurn
Left.js (1:0): 
Module level 
directives cause 
errors when bundled, 
"use client" in "node
_modules/@mui/icons-m
aterial/esm/UTurnLeft
.js" was ignored.
node_modules/@mui/ico
ns-material/esm/TypeS
pecimenTwoTone.js 
(1:0): Module level 
directives cause 
errors when bundled, 
"use client" in "node
_modules/@mui/icons-m
aterial/esm/TypeSpeci
menTwoTone.js" was 
ignored.
node_modules/@mui/ico
ns-material/esm/UTurn
LeftOutlined.js 
(1:0): Module level 
directives cause 
errors when bundled, 
"use client" in "node
_modules/@mui/icons-m
aterial/esm/UTurnLeft
Outlined.js" was 
ignored.
node_modules/@mui/ico
ns-material/esm/UTurn
LeftRounded.js 
(1:0): Module level 
directives cause 
errors when bundled, 
"use client" in "node
_modules/@mui/icons-m
aterial/esm/UTurnLeft
Rounded.js" was 
ignored.
node_modules/@mui/ico
ns-material/esm/UTurn
LeftSharp.js (1:0): 
Module level 
directives cause 
errors when bundled, 
"use client" in "node
_modules/@mui/icons-m
aterial/esm/UTurnLeft
Sharp.js" was 
ignored.
node_modules/@mui/ico
ns-material/esm/UTurn
LeftTwoTone.js 
(1:0): Module level 
directives cause 
errors when bundled, 
"use client" in "node
_modules/@mui/icons-m
aterial/esm/UTurnLeft
TwoTone.js" was 
ignored.
node_modules/@mui/ico
ns-material/esm/UTurn
Right.js (1:0): 
Module level 
directives cause 
errors when bundled, 
"use client" in "node
_modules/@mui/icons-m
aterial/esm/UTurnRigh
t.js" was ignored.
node_modules/@mui/ico
ns-material/esm/UTurn
RightOutlined.js 
(1:0): Module level 
directives cause 
errors when bundled, 
"use client" in "node
_modules/@mui/icons-m
aterial/esm/UTurnRigh
tOutlined.js" was 
ignored.
node_modules/@mui/ico
ns-material/esm/UTurn
RightSharp.js (1:0): 
Module level 
directives cause 
errors when bundled, 
"use client" in "node
_modules/@mui/icons-m
aterial/esm/UTurnRigh
tSharp.js" was 
ignored.
node_modules/@mui/ico
ns-material/esm/UTurn
RightRounded.js 
(1:0): Module level 
directives cause 
errors when bundled, 
"use client" in "node
_modules/@mui/icons-m
aterial/esm/UTurnRigh
tRounded.js" was 
ignored.
node_modules/@mui/ico
ns-material/esm/UTurn
RightTwoTone.js 
(1:0): Module level 
directives cause 
errors when bundled, 
"use client" in "node
_modules/@mui/icons-m
aterial/esm/UTurnRigh
tTwoTone.js" was 
ignored.
node_modules/@mui/ico
ns-material/esm/Umbre
lla.js (1:0): Module 
level directives 
cause errors when 
bundled, "use 
client" in "node_modu
les/@mui/icons-materi
al/esm/Umbrella.js" 
was ignored.
node_modules/@mui/ico
ns-material/esm/Umbre
llaRounded.js (1:0): 
Module level 
directives cause 
errors when bundled, 
"use client" in "node
_modules/@mui/icons-m
aterial/esm/UmbrellaR
ounded.js" was 
ignored.
node_modules/@mui/ico
ns-material/esm/Umbre
llaOutlined.js 
(1:0): Module level 
directives cause 
errors when bundled, 
"use client" in "node
_modules/@mui/icons-m
aterial/esm/UmbrellaO
utlined.js" was 
ignored.
node_modules/@mui/ico
ns-material/esm/Unarc
hive.js (1:0): 
Module level 
directives cause 
errors when bundled, 
"use client" in "node
_modules/@mui/icons-m
aterial/esm/Unarchive
.js" was ignored.
node_modules/@mui/ico
ns-material/esm/Umbre
llaSharp.js (1:0): 
Module level 
directives cause 
errors when bundled, 
"use client" in "node
_modules/@mui/icons-m
aterial/esm/UmbrellaS
harp.js" was ignored.
node_modules/@mui/ico
ns-material/esm/Unarc
hiveRounded.js 
(1:0): Module level 
directives cause 
errors when bundled, 
"use client" in "node
_modules/@mui/icons-m
aterial/esm/Unarchive
Rounded.js" was 
ignored.
node_modules/@mui/ico
ns-material/esm/Umbre
llaTwoTone.js (1:0): 
Module level 
directives cause 
errors when bundled, 
"use client" in "node
_modules/@mui/icons-m
aterial/esm/UmbrellaT
woTone.js" was 
ignored.
node_modules/@mui/ico
ns-material/esm/Unarc
hiveOutlined.js 
(1:0): Module level 
directives cause 
errors when bundled, 
"use client" in "node
_modules/@mui/icons-m
aterial/esm/Unarchive
Outlined.js" was 
ignored.
node_modules/@mui/ico
ns-material/esm/Unarc
hiveSharp.js (1:0): 
Module level 
directives cause 
errors when bundled, 
"use client" in "node
_modules/@mui/icons-m
aterial/esm/Unarchive
Sharp.js" was 
ignored.
node_modules/@mui/ico
ns-material/esm/Unarc
hiveTwoTone.js 
(1:0): Module level 
directives cause 
errors when bundled, 
"use client" in "node
_modules/@mui/icons-m
aterial/esm/Unarchive
TwoTone.js" was 
ignored.
node_modules/@mui/ico
ns-material/esm/Undo.
js (1:0): Module 
level directives 
cause errors when 
bundled, "use 
client" in "node_modu
les/@mui/icons-materi
al/esm/Undo.js" was 
ignored.
node_modules/@mui/ico
ns-material/esm/UndoR
ounded.js (1:0): 
Module level 
directives cause 
errors when bundled, 
"use client" in "node
_modules/@mui/icons-m
aterial/esm/UndoRound
ed.js" was ignored.
node_modules/@mui/ico
ns-material/esm/UndoO
utlined.js (1:0): 
Module level 
directives cause 
errors when bundled, 
"use client" in "node
_modules/@mui/icons-m
aterial/esm/UndoOutli
ned.js" was ignored.
node_modules/@mui/ico
ns-material/esm/UndoT
woTone.js (1:0): 
Module level 
directives cause 
errors when bundled, 
"use client" in "node
_modules/@mui/icons-m
aterial/esm/UndoTwoTo
ne.js" was ignored.
node_modules/@mui/ico
ns-material/esm/UndoS
harp.js (1:0): 
Module level 
directives cause 
errors when bundled, 
"use client" in "node
_modules/@mui/icons-m
aterial/esm/UndoSharp
.js" was ignored.
node_modules/@mui/ico
ns-material/esm/Unfol
dLess.js (1:0): 
Module level 
directives cause 
errors when bundled, 
"use client" in "node
_modules/@mui/icons-m
aterial/esm/UnfoldLes
s.js" was ignored.
node_modules/@mui/ico
ns-material/esm/Unfol
dLessDouble.js 
(1:0): Module level 
directives cause 
errors when bundled, 
"use client" in "node
_modules/@mui/icons-m
aterial/esm/UnfoldLes
sDouble.js" was 
ignored.
node_modules/@mui/ico
ns-material/esm/Unfol
dLessDoubleOutlined.j
s (1:0): Module 
level directives 
cause errors when 
bundled, "use 
client" in "node_modu
les/@mui/icons-materi
al/esm/UnfoldLessDoub
leOutlined.js" was 
ignored.
node_modules/@mui/ico
ns-material/esm/Unfol
dLessDoubleSharp.js 
(1:0): Module level 
directives cause 
errors when bundled, 
"use client" in "node
_modules/@mui/icons-m
aterial/esm/UnfoldLes
sDoubleSharp.js" was 
ignored.
node_modules/@mui/ico
ns-material/esm/Unfol
dLessDoubleRounded.js
 (1:0): Module level 
directives cause 
errors when bundled, 
"use client" in "node
_modules/@mui/icons-m
aterial/esm/UnfoldLes
sDoubleRounded.js" 
was ignored.
node_modules/@mui/ico
ns-material/esm/Unfol
dLessDoubleTwoTone.js
 (1:0): Module level 
directives cause 
errors when bundled, 
"use client" in "node
_modules/@mui/icons-m
aterial/esm/UnfoldLes
sDoubleTwoTone.js" 
was ignored.
node_modules/@mui/ico
ns-material/esm/Unfol
dLessOutlined.js 
(1:0): Module level 
directives cause 
errors when bundled, 
"use client" in "node
_modules/@mui/icons-m
aterial/esm/UnfoldLes
sOutlined.js" was 
ignored.
node_modules/@mui/ico
ns-material/esm/Unfol
dLessSharp.js (1:0): 
Module level 
directives cause 
errors when bundled, 
"use client" in "node
_modules/@mui/icons-m
aterial/esm/UnfoldLes
sSharp.js" was 
ignored.
node_modules/@mui/ico
ns-material/esm/Unfol
dLessTwoTone.js 
(1:0): Module level 
directives cause 
errors when bundled, 
"use client" in "node
_modules/@mui/icons-m
aterial/esm/UnfoldLes
sTwoTone.js" was 
ignored.
node_modules/@mui/ico
ns-material/esm/Unfol
dLessRounded.js 
(1:0): Module level 
directives cause 
errors when bundled, 
"use client" in "node
_modules/@mui/icons-m
aterial/esm/UnfoldLes
sRounded.js" was 
ignored.
node_modules/@mui/ico
ns-material/esm/Unfol
dMore.js (1:0): 
Module level 
directives cause 
errors when bundled, 
"use client" in "node
_modules/@mui/icons-m
aterial/esm/UnfoldMor
e.js" was ignored.
node_modules/@mui/ico
ns-material/esm/Unfol
dMoreDouble.js 
(1:0): Module level 
directives cause 
errors when bundled, 
"use client" in "node
_modules/@mui/icons-m
aterial/esm/UnfoldMor
eDouble.js" was 
ignored.
node_modules/@mui/ico
ns-material/esm/Unfol
dMoreDoubleOutlined.j
s (1:0): Module 
level directives 
cause errors when 
bundled, "use 
client" in "node_modu
les/@mui/icons-materi
al/esm/UnfoldMoreDoub
leOutlined.js" was 
ignored.
node_modules/@mui/ico
ns-material/esm/Unfol
dMoreDoubleRounded.js
 (1:0): Module level 
directives cause 
errors when bundled, 
"use client" in "node
_modules/@mui/icons-m
aterial/esm/UnfoldMor
eDoubleRounded.js" 
was ignored.
node_modules/@mui/ico
ns-material/esm/Unfol
dMoreDoubleSharp.js 
(1:0): Module level 
directives cause 
errors when bundled, 
"use client" in "node
_modules/@mui/icons-m
aterial/esm/UnfoldMor
eDoubleSharp.js" was 
ignored.
node_modules/@mui/ico
ns-material/esm/Unfol
dMoreDoubleTwoTone.js
 (1:0): Module level 
directives cause 
errors when bundled, 
"use client" in "node
_modules/@mui/icons-m
aterial/esm/UnfoldMor
eDoubleTwoTone.js" 
was ignored.
node_modules/@mui/ico
ns-material/esm/Unfol
dMoreOutlined.js 
(1:0): Module level 
directives cause 
errors when bundled, 
"use client" in "node
_modules/@mui/icons-m
aterial/esm/UnfoldMor
eOutlined.js" was 
ignored.
node_modules/@mui/ico
ns-material/esm/Unfol
dMoreSharp.js (1:0): 
Module level 
directives cause 
errors when bundled, 
"use client" in "node
_modules/@mui/icons-m
aterial/esm/UnfoldMor
eSharp.js" was 
ignored.
node_modules/@mui/ico
ns-material/esm/Unpub
lished.js (1:0): 
Module level 
directives cause 
errors when bundled, 
"use client" in "node
_modules/@mui/icons-m
aterial/esm/Unpublish
ed.js" was ignored.
node_modules/@mui/ico
ns-material/esm/Unfol
dMoreTwoTone.js 
(1:0): Module level 
directives cause 
errors when bundled, 
"use client" in "node
_modules/@mui/icons-m
aterial/esm/UnfoldMor
eTwoTone.js" was 
ignored.
node_modules/@mui/ico
ns-material/esm/Unfol
dMoreRounded.js 
(1:0): Module level 
directives cause 
errors when bundled, 
"use client" in "node
_modules/@mui/icons-m
aterial/esm/UnfoldMor
eRounded.js" was 
ignored.
node_modules/@mui/ico
ns-material/esm/Unpub
lishedOutlined.js 
(1:0): Module level 
directives cause 
errors when bundled, 
"use client" in "node
_modules/@mui/icons-m
aterial/esm/Unpublish
edOutlined.js" was 
ignored.
node_modules/@mui/ico
ns-material/esm/Unpub
lishedRounded.js 
(1:0): Module level 
directives cause 
errors when bundled, 
"use client" in "node
_modules/@mui/icons-m
aterial/esm/Unpublish
edRounded.js" was 
ignored.
node_modules/@mui/ico
ns-material/esm/Unpub
lishedTwoTone.js 
(1:0): Module level 
directives cause 
errors when bundled, 
"use client" in "node
_modules/@mui/icons-m
aterial/esm/Unpublish
edTwoTone.js" was 
ignored.
node_modules/@mui/ico
ns-material/esm/Unpub
lishedSharp.js 
(1:0): Module level 
directives cause 
errors when bundled, 
"use client" in "node
_modules/@mui/icons-m
aterial/esm/Unpublish
edSharp.js" was 
ignored.
node_modules/@mui/ico
ns-material/esm/Unsub
scribeOutlined.js 
(1:0): Module level 
directives cause 
errors when bundled, 
"use client" in "node
_modules/@mui/icons-m
aterial/esm/Unsubscri
beOutlined.js" was 
ignored.
node_modules/@mui/ico
ns-material/esm/Unsub
scribeRounded.js 
(1:0): Module level 
directives cause 
errors when bundled, 
"use client" in "node
_modules/@mui/icons-m
aterial/esm/Unsubscri
beRounded.js" was 
ignored.
node_modules/@mui/ico
ns-material/esm/Unsub
scribe.js (1:0): 
Module level 
directives cause 
errors when bundled, 
"use client" in "node
_modules/@mui/icons-m
aterial/esm/Unsubscri
be.js" was ignored.
node_modules/@mui/ico
ns-material/esm/Unsub
scribeSharp.js 
(1:0): Module level 
directives cause 
errors when bundled, 
"use client" in "node
_modules/@mui/icons-m
aterial/esm/Unsubscri
beSharp.js" was 
ignored.
node_modules/@mui/ico
ns-material/esm/Unsub
scribeTwoTone.js 
(1:0): Module level 
directives cause 
errors when bundled, 
"use client" in "node
_modules/@mui/icons-m
aterial/esm/Unsubscri
beTwoTone.js" was 
ignored.
node_modules/@mui/ico
ns-material/esm/Upcom
ing.js (1:0): Module 
level directives 
cause errors when 
bundled, "use 
client" in "node_modu
les/@mui/icons-materi
al/esm/Upcoming.js" 
was ignored.
node_modules/@mui/ico
ns-material/esm/Upcom
ingOutlined.js 
(1:0): Module level 
directives cause 
errors when bundled, 
"use client" in "node
_modules/@mui/icons-m
aterial/esm/UpcomingO
utlined.js" was 
ignored.
node_modules/@mui/ico
ns-material/esm/Upcom
ingRounded.js (1:0): 
Module level 
directives cause 
errors when bundled, 
"use client" in "node
_modules/@mui/icons-m
aterial/esm/UpcomingR
ounded.js" was 
ignored.
node_modules/@mui/ico
ns-material/esm/Upcom
ingSharp.js (1:0): 
Module level 
directives cause 
errors when bundled, 
"use client" in "node
_modules/@mui/icons-m
aterial/esm/UpcomingS
harp.js" was ignored.
node_modules/@mui/ico
ns-material/esm/Upcom
ingTwoTone.js (1:0): 
Module level 
directives cause 
errors when bundled, 
"use client" in "node
_modules/@mui/icons-m
aterial/esm/UpcomingT
woTone.js" was 
ignored.
node_modules/@mui/ico
ns-material/esm/Updat
e.js (1:0): Module 
level directives 
cause errors when 
bundled, "use 
client" in "node_modu
les/@mui/icons-materi
al/esm/Update.js" 
was ignored.
node_modules/@mui/ico
ns-material/esm/Updat
eDisabled.js (1:0): 
Module level 
directives cause 
errors when bundled, 
"use client" in "node
_modules/@mui/icons-m
aterial/esm/UpdateDis
abled.js" was 
ignored.
node_modules/@mui/ico
ns-material/esm/Updat
eDisabledOutlined.js 
(1:0): Module level 
directives cause 
errors when bundled, 
"use client" in "node
_modules/@mui/icons-m
aterial/esm/UpdateDis
abledOutlined.js" 
was ignored.
node_modules/@mui/ico
ns-material/esm/Updat
eDisabledRounded.js 
(1:0): Module level 
directives cause 
errors when bundled, 
"use client" in "node
_modules/@mui/icons-m
aterial/esm/UpdateDis
abledRounded.js" was 
ignored.
node_modules/@mui/ico
ns-material/esm/Updat
eDisabledSharp.js 
(1:0): Module level 
directives cause 
errors when bundled, 
"use client" in "node
_modules/@mui/icons-m
aterial/esm/UpdateDis
abledSharp.js" was 
ignored.
node_modules/@mui/ico
ns-material/esm/Updat
eOutlined.js (1:0): 
Module level 
directives cause 
errors when bundled, 
"use client" in "node
_modules/@mui/icons-m
aterial/esm/UpdateOut
lined.js" was 
ignored.
node_modules/@mui/ico
ns-material/esm/Updat
eDisabledTwoTone.js 
(1:0): Module level 
directives cause 
errors when bundled, 
"use client" in "node
_modules/@mui/icons-m
aterial/esm/UpdateDis
abledTwoTone.js" was 
ignored.
node_modules/@mui/ico
ns-material/esm/Updat
eRounded.js (1:0): 
Module level 
directives cause 
errors when bundled, 
"use client" in "node
_modules/@mui/icons-m
aterial/esm/UpdateRou
nded.js" was ignored.
node_modules/@mui/ico
ns-material/esm/Updat
eSharp.js (1:0): 
Module level 
directives cause 
errors when bundled, 
"use client" in "node
_modules/@mui/icons-m
aterial/esm/UpdateSha
rp.js" was ignored.
node_modules/@mui/ico
ns-material/esm/Updat
eTwoTone.js (1:0): 
Module level 
directives cause 
errors when bundled, 
"use client" in "node
_modules/@mui/icons-m
aterial/esm/UpdateTwo
Tone.js" was ignored.
node_modules/@mui/ico
ns-material/esm/Upgra
deOutlined.js (1:0): 
Module level 
directives cause 
errors when bundled, 
"use client" in "node
_modules/@mui/icons-m
aterial/esm/UpgradeOu
tlined.js" was 
ignored.
node_modules/@mui/ico
ns-material/esm/Upgra
deRounded.js (1:0): 
Module level 
directives cause 
errors when bundled, 
"use client" in "node
_modules/@mui/icons-m
aterial/esm/UpgradeRo
unded.js" was 
ignored.
node_modules/@mui/ico
ns-material/esm/Upgra
de.js (1:0): Module 
level directives 
cause errors when 
bundled, "use 
client" in "node_modu
les/@mui/icons-materi
al/esm/Upgrade.js" 
was ignored.
node_modules/@mui/ico
ns-material/esm/Uploa
d.js (1:0): Module 
level directives 
cause errors when 
bundled, "use 
client" in "node_modu
les/@mui/icons-materi
al/esm/Upload.js" 
was ignored.
node_modules/@mui/ico
ns-material/esm/Upgra
deSharp.js (1:0): 
Module level 
directives cause 
errors when bundled, 
"use client" in "node
_modules/@mui/icons-m
aterial/esm/UpgradeSh
arp.js" was ignored.
node_modules/@mui/ico
ns-material/esm/Upgra
deTwoTone.js (1:0): 
Module level 
directives cause 
errors when bundled, 
"use client" in "node
_modules/@mui/icons-m
aterial/esm/UpgradeTw
oTone.js" was 
ignored.
node_modules/@mui/ico
ns-material/esm/Uploa
dFile.js (1:0): 
Module level 
directives cause 
errors when bundled, 
"use client" in "node
_modules/@mui/icons-m
aterial/esm/UploadFil
e.js" was ignored.
node_modules/@mui/ico
ns-material/esm/Uploa
dFileRounded.js 
(1:0): Module level 
directives cause 
errors when bundled, 
"use client" in "node
_modules/@mui/icons-m
aterial/esm/UploadFil
eRounded.js" was 
ignored.
node_modules/@mui/ico
ns-material/esm/Uploa
dFileOutlined.js 
(1:0): Module level 
directives cause 
errors when bundled, 
"use client" in "node
_modules/@mui/icons-m
aterial/esm/UploadFil
eOutlined.js" was 
ignored.
node_modules/@mui/ico
ns-material/esm/Uploa
dFileSharp.js (1:0): 
Module level 
directives cause 
errors when bundled, 
"use client" in "node
_modules/@mui/icons-m
aterial/esm/UploadFil
eSharp.js" was 
ignored.
node_modules/@mui/ico
ns-material/esm/Uploa
dOutlined.js (1:0): 
Module level 
directives cause 
errors when bundled, 
"use client" in "node
_modules/@mui/icons-m
aterial/esm/UploadOut
lined.js" was 
ignored.
node_modules/@mui/ico
ns-material/esm/Uploa
dFileTwoTone.js 
(1:0): Module level 
directives cause 
errors when bundled, 
"use client" in "node
_modules/@mui/icons-m
aterial/esm/UploadFil
eTwoTone.js" was 
ignored.
node_modules/@mui/ico
ns-material/esm/Uploa
dSharp.js (1:0): 
Module level 
directives cause 
errors when bundled, 
"use client" in "node
_modules/@mui/icons-m
aterial/esm/UploadSha
rp.js" was ignored.
node_modules/@mui/ico
ns-material/esm/Uploa
dRounded.js (1:0): 
Module level 
directives cause 
errors when bundled, 
"use client" in "node
_modules/@mui/icons-m
aterial/esm/UploadRou
nded.js" was ignored.
node_modules/@mui/ico
ns-material/esm/Uploa
dTwoTone.js (1:0): 
Module level 
directives cause 
errors when bundled, 
"use client" in "node
_modules/@mui/icons-m
aterial/esm/UploadTwo
Tone.js" was ignored.
node_modules/@mui/ico
ns-material/esm/Usb.j
s (1:0): Module 
level directives 
cause errors when 
bundled, "use 
client" in "node_modu
les/@mui/icons-materi
al/esm/Usb.js" was 
ignored.
node_modules/@mui/ico
ns-material/esm/UsbOf
fRounded.js (1:0): 
Module level 
directives cause 
errors when bundled, 
"use client" in "node
_modules/@mui/icons-m
aterial/esm/UsbOffRou
nded.js" was ignored.
node_modules/@mui/ico
ns-material/esm/UsbOf
f.js (1:0): Module 
level directives 
cause errors when 
bundled, "use 
client" in "node_modu
les/@mui/icons-materi
al/esm/UsbOff.js" 
was ignored.
node_modules/@mui/ico
ns-material/esm/UsbOf
fOutlined.js (1:0): 
Module level 
directives cause 
errors when bundled, 
"use client" in "node
_modules/@mui/icons-m
aterial/esm/UsbOffOut
lined.js" was 
ignored.
node_modules/@mui/ico
ns-material/esm/UsbOf
fSharp.js (1:0): 
Module level 
directives cause 
errors when bundled, 
"use client" in "node
_modules/@mui/icons-m
aterial/esm/UsbOffSha
rp.js" was ignored.
node_modules/@mui/ico
ns-material/esm/UsbOf
fTwoTone.js (1:0): 
Module level 
directives cause 
errors when bundled, 
"use client" in "node
_modules/@mui/icons-m
aterial/esm/UsbOffTwo
Tone.js" was ignored.
node_modules/@mui/ico
ns-material/esm/UsbOu
tlined.js (1:0): 
Module level 
directives cause 
errors when bundled, 
"use client" in "node
_modules/@mui/icons-m
aterial/esm/UsbOutlin
ed.js" was ignored.
node_modules/@mui/ico
ns-material/esm/UsbSh
arp.js (1:0): Module 
level directives 
cause errors when 
bundled, "use 
client" in "node_modu
les/@mui/icons-materi
al/esm/UsbSharp.js" 
was ignored.
node_modules/@mui/ico
ns-material/esm/UsbTw
oTone.js (1:0): 
Module level 
directives cause 
errors when bundled, 
"use client" in "node
_modules/@mui/icons-m
aterial/esm/UsbTwoTon
e.js" was ignored.
node_modules/@mui/ico
ns-material/esm/Vacci
nes.js (1:0): Module 
level directives 
cause errors when 
bundled, "use 
client" in "node_modu
les/@mui/icons-materi
al/esm/Vaccines.js" 
was ignored.
node_modules/@mui/ico
ns-material/esm/UsbRo
unded.js (1:0): 
Module level 
directives cause 
errors when bundled, 
"use client" in "node
_modules/@mui/icons-m
aterial/esm/UsbRounde
d.js" was ignored.
node_modules/@mui/ico
ns-material/esm/Vacci
nesOutlined.js 
(1:0): Module level 
directives cause 
errors when bundled, 
"use client" in "node
_modules/@mui/icons-m
aterial/esm/VaccinesO
utlined.js" was 
ignored.
node_modules/@mui/ico
ns-material/esm/Vacci
nesRounded.js (1:0): 
Module level 
directives cause 
errors when bundled, 
"use client" in "node
_modules/@mui/icons-m
aterial/esm/VaccinesR
ounded.js" was 
ignored.
node_modules/@mui/ico
ns-material/esm/Vacci
nesSharp.js (1:0): 
Module level 
directives cause 
errors when bundled, 
"use client" in "node
_modules/@mui/icons-m
aterial/esm/VaccinesS
harp.js" was ignored.
node_modules/@mui/ico
ns-material/esm/Vacci
nesTwoTone.js (1:0): 
Module level 
directives cause 
errors when bundled, 
"use client" in "node
_modules/@mui/icons-m
aterial/esm/VaccinesT
woTone.js" was 
ignored.
node_modules/@mui/ico
ns-material/esm/VapeF
ree.js (1:0): Module 
level directives 
cause errors when 
bundled, "use 
client" in "node_modu
les/@mui/icons-materi
al/esm/VapeFree.js" 
was ignored.
node_modules/@mui/ico
ns-material/esm/VapeF
reeRounded.js (1:0): 
Module level 
directives cause 
errors when bundled, 
"use client" in "node
_modules/@mui/icons-m
aterial/esm/VapeFreeR
ounded.js" was 
ignored.
node_modules/@mui/ico
ns-material/esm/VapeF
reeOutlined.js 
(1:0): Module level 
directives cause 
errors when bundled, 
"use client" in "node
_modules/@mui/icons-m
aterial/esm/VapeFreeO
utlined.js" was 
ignored.
node_modules/@mui/ico
ns-material/esm/VapeF
reeSharp.js (1:0): 
Module level 
directives cause 
errors when bundled, 
"use client" in "node
_modules/@mui/icons-m
aterial/esm/VapeFreeS
harp.js" was ignored.
node_modules/@mui/ico
ns-material/esm/VapeF
reeTwoTone.js (1:0): 
Module level 
directives cause 
errors when bundled, 
"use client" in "node
_modules/@mui/icons-m
aterial/esm/VapeFreeT
woTone.js" was 
ignored.
node_modules/@mui/ico
ns-material/esm/Vapin
gRoomsOutlined.js 
(1:0): Module level 
directives cause 
errors when bundled, 
"use client" in "node
_modules/@mui/icons-m
aterial/esm/VapingRoo
msOutlined.js" was 
ignored.
node_modules/@mui/ico
ns-material/esm/Vapin
gRooms.js (1:0): 
Module level 
directives cause 
errors when bundled, 
"use client" in "node
_modules/@mui/icons-m
aterial/esm/VapingRoo
ms.js" was ignored.
node_modules/@mui/ico
ns-material/esm/Vapin
gRoomsRounded.js 
(1:0): Module level 
directives cause 
errors when bundled, 
"use client" in "node
_modules/@mui/icons-m
aterial/esm/VapingRoo
msRounded.js" was 
ignored.
node_modules/@mui/ico
ns-material/esm/Vapin
gRoomsTwoTone.js 
(1:0): Module level 
directives cause 
errors when bundled, 
"use client" in "node
_modules/@mui/icons-m
aterial/esm/VapingRoo
msTwoTone.js" was 
ignored.
node_modules/@mui/ico
ns-material/esm/Vapin
gRoomsSharp.js 
(1:0): Module level 
directives cause 
errors when bundled, 
"use client" in "node
_modules/@mui/icons-m
aterial/esm/VapingRoo
msSharp.js" was 
ignored.
node_modules/@mui/ico
ns-material/esm/Verif
ied.js (1:0): Module 
level directives 
cause errors when 
bundled, "use 
client" in "node_modu
les/@mui/icons-materi
al/esm/Verified.js" 
was ignored.
node_modules/@mui/ico
ns-material/esm/Verif
iedRounded.js (1:0): 
Module level 
directives cause 
errors when bundled, 
"use client" in "node
_modules/@mui/icons-m
aterial/esm/VerifiedR
ounded.js" was 
ignored.
node_modules/@mui/ico
ns-material/esm/Verif
iedTwoTone.js (1:0): 
Module level 
directives cause 
errors when bundled, 
"use client" in "node
_modules/@mui/icons-m
aterial/esm/VerifiedT
woTone.js" was 
ignored.
node_modules/@mui/ico
ns-material/esm/Verif
iedSharp.js (1:0): 
Module level 
directives cause 
errors when bundled, 
"use client" in "node
_modules/@mui/icons-m
aterial/esm/VerifiedS
harp.js" was ignored.
node_modules/@mui/ico
ns-material/esm/Verif
iedOutlined.js 
(1:0): Module level 
directives cause 
errors when bundled, 
"use client" in "node
_modules/@mui/icons-m
aterial/esm/VerifiedO
utlined.js" was 
ignored.
node_modules/@mui/ico
ns-material/esm/Verif
iedUserOutlined.js 
(1:0): Module level 
directives cause 
errors when bundled, 
"use client" in "node
_modules/@mui/icons-m
aterial/esm/VerifiedU
serOutlined.js" was 
ignored.
node_modules/@mui/ico
ns-material/esm/Verif
iedUserRounded.js 
(1:0): Module level 
directives cause 
errors when bundled, 
"use client" in "node
_modules/@mui/icons-m
aterial/esm/VerifiedU
serRounded.js" was 
ignored.
node_modules/@mui/ico
ns-material/esm/Verif
iedUserTwoTone.js 
(1:0): Module level 
directives cause 
errors when bundled, 
"use client" in "node
_modules/@mui/icons-m
aterial/esm/VerifiedU
serTwoTone.js" was 
ignored.
node_modules/@mui/ico
ns-material/esm/Verif
iedUserSharp.js 
(1:0): Module level 
directives cause 
errors when bundled, 
"use client" in "node
_modules/@mui/icons-m
aterial/esm/VerifiedU
serSharp.js" was 
ignored.
node_modules/@mui/ico
ns-material/esm/Verti
calAlignBottomOutline
d.js (1:0): Module 
level directives 
cause errors when 
bundled, "use 
client" in "node_modu
les/@mui/icons-materi
al/esm/VerticalAlignB
ottomOutlined.js" 
was ignored.
node_modules/@mui/ico
ns-material/esm/Verti
calAlignBottom.js 
(1:0): Module level 
directives cause 
errors when bundled, 
"use client" in "node
_modules/@mui/icons-m
aterial/esm/VerticalA
lignBottom.js" was 
ignored.
node_modules/@mui/ico
ns-material/esm/Verti
calAlignBottomRounded
.js (1:0): Module 
level directives 
cause errors when 
bundled, "use 
client" in "node_modu
les/@mui/icons-materi
al/esm/VerticalAlignB
ottomRounded.js" was 
ignored.
node_modules/@mui/ico
ns-material/esm/Verti
calAlignBottomSharp.j
s (1:0): Module 
level directives 
cause errors when 
bundled, "use 
client" in "node_modu
les/@mui/icons-materi
al/esm/VerticalAlignB
ottomSharp.js" was 
ignored.
node_modules/@mui/ico
ns-material/esm/Verti
calAlignBottomTwoTone
.js (1:0): Module 
level directives 
cause errors when 
bundled, "use 
client" in "node_modu
les/@mui/icons-materi
al/esm/VerticalAlignB
ottomTwoTone.js" was 
ignored.
node_modules/@mui/ico
ns-material/esm/Verti
calAlignCenter.js 
(1:0): Module level 
directives cause 
errors when bundled, 
"use client" in "node
_modules/@mui/icons-m
aterial/esm/VerticalA
lignCenter.js" was 
ignored.
node_modules/@mui/ico
ns-material/esm/Verti
calAlignCenterOutline
d.js (1:0): Module 
level directives 
cause errors when 
bundled, "use 
client" in "node_modu
les/@mui/icons-materi
al/esm/VerticalAlignC
enterOutlined.js" 
was ignored.
node_modules/@mui/ico
ns-material/esm/Verti
calAlignCenterRounded
.js (1:0): Module 
level directives 
cause errors when 
bundled, "use 
client" in "node_modu
les/@mui/icons-materi
al/esm/VerticalAlignC
enterRounded.js" was 
ignored.
node_modules/@mui/ico
ns-material/esm/Verti
calAlignCenterSharp.j
s (1:0): Module 
level directives 
cause errors when 
bundled, "use 
client" in "node_modu
les/@mui/icons-materi
al/esm/VerticalAlignC
enterSharp.js" was 
ignored.
node_modules/@mui/ico
ns-material/esm/Verif
iedUser.js (1:0): 
Module level 
directives cause 
errors when bundled, 
"use client" in "node
_modules/@mui/icons-m
aterial/esm/VerifiedU
ser.js" was ignored.
node_modules/@mui/ico
ns-material/esm/Verti
calAlignCenterTwoTone
.js (1:0): Module 
level directives 
cause errors when 
bundled, "use 
client" in "node_modu
les/@mui/icons-materi
al/esm/VerticalAlignC
enterTwoTone.js" was 
ignored.
node_modules/@mui/ico
ns-material/esm/Verti
calAlignTop.js 
(1:0): Module level 
directives cause 
errors when bundled, 
"use client" in "node
_modules/@mui/icons-m
aterial/esm/VerticalA
lignTop.js" was 
ignored.
node_modules/@mui/ico
ns-material/esm/Verti
calAlignTopOutlined.j
s (1:0): Module 
level directives 
cause errors when 
bundled, "use 
client" in "node_modu
les/@mui/icons-materi
al/esm/VerticalAlignT
opOutlined.js" was 
ignored.
node_modules/@mui/ico
ns-material/esm/Verti
calAlignTopSharp.js 
(1:0): Module level 
directives cause 
errors when bundled, 
"use client" in "node
_modules/@mui/icons-m
aterial/esm/VerticalA
lignTopSharp.js" was 
ignored.
node_modules/@mui/ico
ns-material/esm/Verti
calAlignTopTwoTone.js
 (1:0): Module level 
directives cause 
errors when bundled, 
"use client" in "node
_modules/@mui/icons-m
aterial/esm/VerticalA
lignTopTwoTone.js" 
was ignored.
node_modules/@mui/ico
ns-material/esm/Verti
calAlignTopRounded.js
 (1:0): Module level 
directives cause 
errors when bundled, 
"use client" in "node
_modules/@mui/icons-m
aterial/esm/VerticalA
lignTopRounded.js" 
was ignored.
node_modules/@mui/ico
ns-material/esm/Verti
calShades.js (1:0): 
Module level 
directives cause 
errors when bundled, 
"use client" in "node
_modules/@mui/icons-m
aterial/esm/VerticalS
hades.js" was 
ignored.
node_modules/@mui/ico
ns-material/esm/Verti
calShadesClosed.js 
(1:0): Module level 
directives cause 
errors when bundled, 
"use client" in "node
_modules/@mui/icons-m
aterial/esm/VerticalS
hadesClosed.js" was 
ignored.
node_modules/@mui/ico
ns-material/esm/Verti
calShadesClosedOutlin
ed.js (1:0): Module 
level directives 
cause errors when 
bundled, "use 
client" in "node_modu
les/@mui/icons-materi
al/esm/VerticalShades
ClosedOutlined.js" 
was ignored.
node_modules/@mui/ico
ns-material/esm/Verti
calShadesClosedSharp.
js (1:0): Module 
level directives 
cause errors when 
bundled, "use 
client" in "node_modu
les/@mui/icons-materi
al/esm/VerticalShades
ClosedSharp.js" was 
ignored.
node_modules/@mui/ico
ns-material/esm/Verti
calShadesClosedTwoTon
e.js (1:0): Module 
level directives 
cause errors when 
bundled, "use 
client" in "node_modu
les/@mui/icons-materi
al/esm/VerticalShades
ClosedTwoTone.js" 
was ignored.
node_modules/@mui/ico
ns-material/esm/Verti
calShadesClosedRounde
d.js (1:0): Module 
level directives 
cause errors when 
bundled, "use 
client" in "node_modu
les/@mui/icons-materi
al/esm/VerticalShades
ClosedRounded.js" 
was ignored.
node_modules/@mui/ico
ns-material/esm/Verti
calShadesOutlined.js 
(1:0): Module level 
directives cause 
errors when bundled, 
"use client" in "node
_modules/@mui/icons-m
aterial/esm/VerticalS
hadesOutlined.js" 
was ignored.
node_modules/@mui/ico
ns-material/esm/Verti
calShadesRounded.js 
(1:0): Module level 
directives cause 
errors when bundled, 
"use client" in "node
_modules/@mui/icons-m
aterial/esm/VerticalS
hadesRounded.js" was 
ignored.
node_modules/@mui/ico
ns-material/esm/Verti
calShadesSharp.js 
(1:0): Module level 
directives cause 
errors when bundled, 
"use client" in "node
_modules/@mui/icons-m
aterial/esm/VerticalS
hadesSharp.js" was 
ignored.
node_modules/@mui/ico
ns-material/esm/Verti
calShadesTwoTone.js 
(1:0): Module level 
directives cause 
errors when bundled, 
"use client" in "node
_modules/@mui/icons-m
aterial/esm/VerticalS
hadesTwoTone.js" was 
ignored.
node_modules/@mui/ico
ns-material/esm/Verti
calSplit.js (1:0): 
Module level 
directives cause 
errors when bundled, 
"use client" in "node
_modules/@mui/icons-m
aterial/esm/VerticalS
plit.js" was ignored.
node_modules/@mui/ico
ns-material/esm/Verti
calSplitOutlined.js 
(1:0): Module level 
directives cause 
errors when bundled, 
"use client" in "node
_modules/@mui/icons-m
aterial/esm/VerticalS
plitOutlined.js" was 
ignored.
node_modules/@mui/ico
ns-material/esm/Verti
calSplitRounded.js 
(1:0): Module level 
directives cause 
errors when bundled, 
"use client" in "node
_modules/@mui/icons-m
aterial/esm/VerticalS
plitRounded.js" was 
ignored.
node_modules/@mui/ico
ns-material/esm/Verti
calSplitSharp.js 
(1:0): Module level 
directives cause 
errors when bundled, 
"use client" in "node
_modules/@mui/icons-m
aterial/esm/VerticalS
plitSharp.js" was 
ignored.
node_modules/@mui/ico
ns-material/esm/Verti
calSplitTwoTone.js 
(1:0): Module level 
directives cause 
errors when bundled, 
"use client" in "node
_modules/@mui/icons-m
aterial/esm/VerticalS
plitTwoTone.js" was 
ignored.
node_modules/@mui/ico
ns-material/esm/Vibra
tion.js (1:0): 
Module level 
directives cause 
errors when bundled, 
"use client" in "node
_modules/@mui/icons-m
aterial/esm/Vibration
.js" was ignored.
node_modules/@mui/ico
ns-material/esm/Vibra
tionOutlined.js 
(1:0): Module level 
directives cause 
errors when bundled, 
"use client" in "node
_modules/@mui/icons-m
aterial/esm/Vibration
Outlined.js" was 
ignored.
node_modules/@mui/ico
ns-material/esm/Vibra
tionRounded.js 
(1:0): Module level 
directives cause 
errors when bundled, 
"use client" in "node
_modules/@mui/icons-m
aterial/esm/Vibration
Rounded.js" was 
ignored.
node_modules/@mui/ico
ns-material/esm/Vibra
tionTwoTone.js 
(1:0): Module level 
directives cause 
errors when bundled, 
"use client" in "node
_modules/@mui/icons-m
aterial/esm/Vibration
TwoTone.js" was 
ignored.
node_modules/@mui/ico
ns-material/esm/Vibra
tionSharp.js (1:0): 
Module level 
directives cause 
errors when bundled, 
"use client" in "node
_modules/@mui/icons-m
aterial/esm/Vibration
Sharp.js" was 
ignored.
node_modules/@mui/ico
ns-material/esm/Video
Call.js (1:0): 
Module level 
directives cause 
errors when bundled, 
"use client" in "node
_modules/@mui/icons-m
aterial/esm/VideoCall
.js" was ignored.
node_modules/@mui/ico
ns-material/esm/Video
CallRounded.js 
(1:0): Module level 
directives cause 
errors when bundled, 
"use client" in "node
_modules/@mui/icons-m
aterial/esm/VideoCall
Rounded.js" was 
ignored.
node_modules/@mui/ico
ns-material/esm/Video
CallOutlined.js 
(1:0): Module level 
directives cause 
errors when bundled, 
"use client" in "node
_modules/@mui/icons-m
aterial/esm/VideoCall
Outlined.js" was 
ignored.
node_modules/@mui/ico
ns-material/esm/Video
CallSharp.js (1:0): 
Module level 
directives cause 
errors when bundled, 
"use client" in "node
_modules/@mui/icons-m
aterial/esm/VideoCall
Sharp.js" was 
ignored.
node_modules/@mui/ico
ns-material/esm/Video
CameraBackRounded.js 
(1:0): Module level 
directives cause 
errors when bundled, 
"use client" in "node
_modules/@mui/icons-m
aterial/esm/VideoCame
raBackRounded.js" 
was ignored.
node_modules/@mui/ico
ns-material/esm/Video
CameraBackSharp.js 
(1:0): Module level 
directives cause 
errors when bundled, 
"use client" in "node
_modules/@mui/icons-m
aterial/esm/VideoCame
raBackSharp.js" was 
ignored.
node_modules/@mui/ico
ns-material/esm/Video
CameraBackTwoTone.js 
(1:0): Module level 
directives cause 
errors when bundled, 
"use client" in "node
_modules/@mui/icons-m
aterial/esm/VideoCame
raBackTwoTone.js" 
was ignored.
node_modules/@mui/ico
ns-material/esm/Video
CameraFrontOutlined.j
s (1:0): Module 
level directives 
cause errors when 
bundled, "use 
client" in "node_modu
les/@mui/icons-materi
al/esm/VideoCameraFro
ntOutlined.js" was 
ignored.
node_modules/@mui/ico
ns-material/esm/Video
CameraFront.js 
(1:0): Module level 
directives cause 
errors when bundled, 
"use client" in "node
_modules/@mui/icons-m
aterial/esm/VideoCame
raFront.js" was 
ignored.
node_modules/@mui/ico
ns-material/esm/Video
CameraBack.js (1:0): 
Module level 
directives cause 
errors when bundled, 
"use client" in "node
_modules/@mui/icons-m
aterial/esm/VideoCame
raBack.js" was 
ignored.
node_modules/@mui/ico
ns-material/esm/Video
CallTwoTone.js 
(1:0): Module level 
directives cause 
errors when bundled, 
"use client" in "node
_modules/@mui/icons-m
aterial/esm/VideoCall
TwoTone.js" was 
ignored.
node_modules/@mui/ico
ns-material/esm/Video
CameraFrontSharp.js 
(1:0): Module level 
directives cause 
errors when bundled, 
"use client" in "node
_modules/@mui/icons-m
aterial/esm/VideoCame
raFrontSharp.js" was 
ignored.
node_modules/@mui/ico
ns-material/esm/Video
ChatOutlined.js 
(1:0): Module level 
directives cause 
errors when bundled, 
"use client" in "node
_modules/@mui/icons-m
aterial/esm/VideoChat
Outlined.js" was 
ignored.
node_modules/@mui/ico
ns-material/esm/Video
CameraBackOutlined.js
 (1:0): Module level 
directives cause 
errors when bundled, 
"use client" in "node
_modules/@mui/icons-m
aterial/esm/VideoCame
raBackOutlined.js" 
was ignored.
node_modules/@mui/ico
ns-material/esm/Video
Chat.js (1:0): 
Module level 
directives cause 
errors when bundled, 
"use client" in "node
_modules/@mui/icons-m
aterial/esm/VideoChat
.js" was ignored.
node_modules/@mui/ico
ns-material/esm/Video
ChatSharp.js (1:0): 
Module level 
directives cause 
errors when bundled, 
"use client" in "node
_modules/@mui/icons-m
aterial/esm/VideoChat
Sharp.js" was 
ignored.
node_modules/@mui/ico
ns-material/esm/Video
ChatRounded.js 
(1:0): Module level 
directives cause 
errors when bundled, 
"use client" in "node
_modules/@mui/icons-m
aterial/esm/VideoChat
Rounded.js" was 
ignored.
node_modules/@mui/ico
ns-material/esm/Video
CameraFrontTwoTone.js
 (1:0): Module level 
directives cause 
errors when bundled, 
"use client" in "node
_modules/@mui/icons-m
aterial/esm/VideoCame
raFrontTwoTone.js" 
was ignored.
node_modules/@mui/ico
ns-material/esm/Video
ChatTwoTone.js 
(1:0): Module level 
directives cause 
errors when bundled, 
"use client" in "node
_modules/@mui/icons-m
aterial/esm/VideoChat
TwoTone.js" was 
ignored.
node_modules/@mui/ico
ns-material/esm/Video
FileRounded.js 
(1:0): Module level 
directives cause 
errors when bundled, 
"use client" in "node
_modules/@mui/icons-m
aterial/esm/VideoFile
Rounded.js" was 
ignored.
node_modules/@mui/ico
ns-material/esm/Video
FileOutlined.js 
(1:0): Module level 
directives cause 
errors when bundled, 
"use client" in "node
_modules/@mui/icons-m
aterial/esm/VideoFile
Outlined.js" was 
ignored.
node_modules/@mui/ico
ns-material/esm/Video
File.js (1:0): 
Module level 
directives cause 
errors when bundled, 
"use client" in "node
_modules/@mui/icons-m
aterial/esm/VideoFile
.js" was ignored.
node_modules/@mui/ico
ns-material/esm/Video
FileTwoTone.js 
(1:0): Module level 
directives cause 
errors when bundled, 
"use client" in "node
_modules/@mui/icons-m
aterial/esm/VideoFile
TwoTone.js" was 
ignored.
node_modules/@mui/ico
ns-material/esm/Video
LabelOutlined.js 
(1:0): Module level 
directives cause 
errors when bundled, 
"use client" in "node
_modules/@mui/icons-m
aterial/esm/VideoLabe
lOutlined.js" was 
ignored.
node_modules/@mui/ico
ns-material/esm/Video
Label.js (1:0): 
Module level 
directives cause 
errors when bundled, 
"use client" in "node
_modules/@mui/icons-m
aterial/esm/VideoLabe
l.js" was ignored.
node_modules/@mui/ico
ns-material/esm/Video
FileSharp.js (1:0): 
Module level 
directives cause 
errors when bundled, 
"use client" in "node
_modules/@mui/icons-m
aterial/esm/VideoFile
Sharp.js" was 
ignored.
node_modules/@mui/ico
ns-material/esm/Video
LabelRounded.js 
(1:0): Module level 
directives cause 
errors when bundled, 
"use client" in "node
_modules/@mui/icons-m
aterial/esm/VideoLabe
lRounded.js" was 
ignored.
node_modules/@mui/ico
ns-material/esm/Video
LabelSharp.js (1:0): 
Module level 
directives cause 
errors when bundled, 
"use client" in "node
_modules/@mui/icons-m
aterial/esm/VideoLabe
lSharp.js" was 
ignored.
node_modules/@mui/ico
ns-material/esm/Video
LibraryOutlined.js 
(1:0): Module level 
directives cause 
errors when bundled, 
"use client" in "node
_modules/@mui/icons-m
aterial/esm/VideoLibr
aryOutlined.js" was 
ignored.
node_modules/@mui/ico
ns-material/esm/Video
LabelTwoTone.js 
(1:0): Module level 
directives cause 
errors when bundled, 
"use client" in "node
_modules/@mui/icons-m
aterial/esm/VideoLabe
lTwoTone.js" was 
ignored.
node_modules/@mui/ico
ns-material/esm/Video
LibraryRounded.js 
(1:0): Module level 
directives cause 
errors when bundled, 
"use client" in "node
_modules/@mui/icons-m
aterial/esm/VideoLibr
aryRounded.js" was 
ignored.
node_modules/@mui/ico
ns-material/esm/Video
Library.js (1:0): 
Module level 
directives cause 
errors when bundled, 
"use client" in "node
_modules/@mui/icons-m
aterial/esm/VideoLibr
ary.js" was ignored.
node_modules/@mui/ico
ns-material/esm/Video
CameraFrontRounded.js
 (1:0): Module level 
directives cause 
errors when bundled, 
"use client" in "node
_modules/@mui/icons-m
aterial/esm/VideoCame
raFrontRounded.js" 
was ignored.
node_modules/@mui/ico
ns-material/esm/Video
LibraryTwoTone.js 
(1:0): Module level 
directives cause 
errors when bundled, 
"use client" in "node
_modules/@mui/icons-m
aterial/esm/VideoLibr
aryTwoTone.js" was 
ignored.
node_modules/@mui/ico
ns-material/esm/Video
LibrarySharp.js 
(1:0): Module level 
directives cause 
errors when bundled, 
"use client" in "node
_modules/@mui/icons-m
aterial/esm/VideoLibr
arySharp.js" was 
ignored.
node_modules/@mui/ico
ns-material/esm/Video
Settings.js (1:0): 
Module level 
directives cause 
errors when bundled, 
"use client" in "node
_modules/@mui/icons-m
aterial/esm/VideoSett
ings.js" was ignored.
node_modules/@mui/ico
ns-material/esm/Video
SettingsRounded.js 
(1:0): Module level 
directives cause 
errors when bundled, 
"use client" in "node
_modules/@mui/icons-m
aterial/esm/VideoSett
ingsRounded.js" was 
ignored.
node_modules/@mui/ico
ns-material/esm/Video
SettingsTwoTone.js 
(1:0): Module level 
directives cause 
errors when bundled, 
"use client" in "node
_modules/@mui/icons-m
aterial/esm/VideoSett
ingsTwoTone.js" was 
ignored.
node_modules/@mui/ico
ns-material/esm/Video
SettingsOutlined.js 
(1:0): Module level 
directives cause 
errors when bundled, 
"use client" in "node
_modules/@mui/icons-m
aterial/esm/VideoSett
ingsOutlined.js" was 
ignored.
node_modules/@mui/ico
ns-material/esm/Video
SettingsSharp.js 
(1:0): Module level 
directives cause 
errors when bundled, 
"use client" in "node
_modules/@mui/icons-m
aterial/esm/VideoSett
ingsSharp.js" was 
ignored.
node_modules/@mui/ico
ns-material/esm/Video
StableOutlined.js 
(1:0): Module level 
directives cause 
errors when bundled, 
"use client" in "node
_modules/@mui/icons-m
aterial/esm/VideoStab
leOutlined.js" was 
ignored.
node_modules/@mui/ico
ns-material/esm/Video
StableRounded.js 
(1:0): Module level 
directives cause 
errors when bundled, 
"use client" in "node
_modules/@mui/icons-m
aterial/esm/VideoStab
leRounded.js" was 
ignored.
node_modules/@mui/ico
ns-material/esm/Video
StableSharp.js 
(1:0): Module level 
directives cause 
errors when bundled, 
"use client" in "node
_modules/@mui/icons-m
aterial/esm/VideoStab
leSharp.js" was 
ignored.
node_modules/@mui/ico
ns-material/esm/Video
Stable.js (1:0): 
Module level 
directives cause 
errors when bundled, 
"use client" in "node
_modules/@mui/icons-m
aterial/esm/VideoStab
le.js" was ignored.
node_modules/@mui/ico
ns-material/esm/Video
cam.js (1:0): Module 
level directives 
cause errors when 
bundled, "use 
client" in "node_modu
les/@mui/icons-materi
al/esm/Videocam.js" 
was ignored.
node_modules/@mui/ico
ns-material/esm/Video
StableTwoTone.js 
(1:0): Module level 
directives cause 
errors when bundled, 
"use client" in "node
_modules/@mui/icons-m
aterial/esm/VideoStab
leTwoTone.js" was 
ignored.
node_modules/@mui/ico
ns-material/esm/Video
camOutlined.js 
(1:0): Module level 
directives cause 
errors when bundled, 
"use client" in "node
_modules/@mui/icons-m
aterial/esm/VideocamO
utlined.js" was 
ignored.
node_modules/@mui/ico
ns-material/esm/Video
camSharp.js (1:0): 
Module level 
directives cause 
errors when bundled, 
"use client" in "node
_modules/@mui/icons-m
aterial/esm/VideocamS
harp.js" was ignored.
node_modules/@mui/ico
ns-material/esm/Video
camRounded.js (1:0): 
Module level 
directives cause 
errors when bundled, 
"use client" in "node
_modules/@mui/icons-m
aterial/esm/VideocamR
ounded.js" was 
ignored.
node_modules/@mui/ico
ns-material/esm/Video
camTwoTone.js (1:0): 
Module level 
directives cause 
errors when bundled, 
"use client" in "node
_modules/@mui/icons-m
aterial/esm/VideocamT
woTone.js" was 
ignored.
node_modules/@mui/ico
ns-material/esm/Video
camOff.js (1:0): 
Module level 
directives cause 
errors when bundled, 
"use client" in "node
_modules/@mui/icons-m
aterial/esm/VideocamO
ff.js" was ignored.
node_modules/@mui/ico
ns-material/esm/Video
camOffTwoTone.js 
(1:0): Module level 
directives cause 
errors when bundled, 
"use client" in "node
_modules/@mui/icons-m
aterial/esm/VideocamO
ffTwoTone.js" was 
ignored.
node_modules/@mui/ico
ns-material/esm/Video
gameAssetOff.js 
(1:0): Module level 
directives cause 
errors when bundled, 
"use client" in "node
_modules/@mui/icons-m
aterial/esm/Videogame
AssetOff.js" was 
ignored.
node_modules/@mui/ico
ns-material/esm/Video
gameAssetOffRounded.j
s (1:0): Module 
level directives 
cause errors when 
bundled, "use 
client" in "node_modu
les/@mui/icons-materi
al/esm/VideogameAsset
OffRounded.js" was 
ignored.
node_modules/@mui/ico
ns-material/esm/Video
gameAsset.js (1:0): 
Module level 
directives cause 
errors when bundled, 
"use client" in "node
_modules/@mui/icons-m
aterial/esm/Videogame
Asset.js" was 
ignored.
node_modules/@mui/ico
ns-material/esm/Video
gameAssetOffTwoTone.j
s (1:0): Module 
level directives 
cause errors when 
bundled, "use 
client" in "node_modu
les/@mui/icons-materi
al/esm/VideogameAsset
OffTwoTone.js" was 
ignored.
node_modules/@mui/ico
ns-material/esm/Video
gameAssetOffOutlined.
js (1:0): Module 
level directives 
cause errors when 
bundled, "use 
client" in "node_modu
les/@mui/icons-materi
al/esm/VideogameAsset
OffOutlined.js" was 
ignored.
node_modules/@mui/ico
ns-material/esm/Video
camOffRounded.js 
(1:0): Module level 
directives cause 
errors when bundled, 
"use client" in "node
_modules/@mui/icons-m
aterial/esm/VideocamO
ffRounded.js" was 
ignored.
node_modules/@mui/ico
ns-material/esm/Video
gameAssetOffSharp.js 
(1:0): Module level 
directives cause 
errors when bundled, 
"use client" in "node
_modules/@mui/icons-m
aterial/esm/Videogame
AssetOffSharp.js" 
was ignored.
node_modules/@mui/ico
ns-material/esm/Video
gameAssetOutlined.js 
(1:0): Module level 
directives cause 
errors when bundled, 
"use client" in "node
_modules/@mui/icons-m
aterial/esm/Videogame
AssetOutlined.js" 
was ignored.
node_modules/@mui/ico
ns-material/esm/Video
gameAssetRounded.js 
(1:0): Module level 
directives cause 
errors when bundled, 
"use client" in "node
_modules/@mui/icons-m
aterial/esm/Videogame
AssetRounded.js" was 
ignored.
node_modules/@mui/ico
ns-material/esm/Video
gameAssetTwoTone.js 
(1:0): Module level 
directives cause 
errors when bundled, 
"use client" in "node
_modules/@mui/icons-m
aterial/esm/Videogame
AssetTwoTone.js" was 
ignored.
node_modules/@mui/ico
ns-material/esm/Video
gameAssetSharp.js 
(1:0): Module level 
directives cause 
errors when bundled, 
"use client" in "node
_modules/@mui/icons-m
aterial/esm/Videogame
AssetSharp.js" was 
ignored.
node_modules/@mui/ico
ns-material/esm/ViewA
gendaOutlined.js 
(1:0): Module level 
directives cause 
errors when bundled, 
"use client" in "node
_modules/@mui/icons-m
aterial/esm/ViewAgend
aOutlined.js" was 
ignored.
node_modules/@mui/ico
ns-material/esm/ViewA
genda.js (1:0): 
Module level 
directives cause 
errors when bundled, 
"use client" in "node
_modules/@mui/icons-m
aterial/esm/ViewAgend
a.js" was ignored.
node_modules/@mui/ico
ns-material/esm/Video
camOffOutlined.js 
(1:0): Module level 
directives cause 
errors when bundled, 
"use client" in "node
_modules/@mui/icons-m
aterial/esm/VideocamO
ffOutlined.js" was 
ignored.
node_modules/@mui/ico
ns-material/esm/ViewA
gendaSharp.js (1:0): 
Module level 
directives cause 
errors when bundled, 
"use client" in "node
_modules/@mui/icons-m
aterial/esm/ViewAgend
aSharp.js" was 
ignored.
node_modules/@mui/ico
ns-material/esm/ViewA
gendaRounded.js 
(1:0): Module level 
directives cause 
errors when bundled, 
"use client" in "node
_modules/@mui/icons-m
aterial/esm/ViewAgend
aRounded.js" was 
ignored.
node_modules/@mui/ico
ns-material/esm/ViewA
rray.js (1:0): 
Module level 
directives cause 
errors when bundled, 
"use client" in "node
_modules/@mui/icons-m
aterial/esm/ViewArray
.js" was ignored.
node_modules/@mui/ico
ns-material/esm/ViewA
gendaTwoTone.js 
(1:0): Module level 
directives cause 
errors when bundled, 
"use client" in "node
_modules/@mui/icons-m
aterial/esm/ViewAgend
aTwoTone.js" was 
ignored.
node_modules/@mui/ico
ns-material/esm/ViewA
rrayRounded.js 
(1:0): Module level 
directives cause 
errors when bundled, 
"use client" in "node
_modules/@mui/icons-m
aterial/esm/ViewArray
Rounded.js" was 
ignored.
node_modules/@mui/ico
ns-material/esm/ViewA
rrayOutlined.js 
(1:0): Module level 
directives cause 
errors when bundled, 
"use client" in "node
_modules/@mui/icons-m
aterial/esm/ViewArray
Outlined.js" was 
ignored.
node_modules/@mui/ico
ns-material/esm/ViewA
rrayTwoTone.js 
(1:0): Module level 
directives cause 
errors when bundled, 
"use client" in "node
_modules/@mui/icons-m
aterial/esm/ViewArray
TwoTone.js" was 
ignored.
node_modules/@mui/ico
ns-material/esm/ViewC
arouselOutlined.js 
(1:0): Module level 
directives cause 
errors when bundled, 
"use client" in "node
_modules/@mui/icons-m
aterial/esm/ViewCarou
selOutlined.js" was 
ignored.
node_modules/@mui/ico
ns-material/esm/ViewC
arouselSharp.js 
(1:0): Module level 
directives cause 
errors when bundled, 
"use client" in "node
_modules/@mui/icons-m
aterial/esm/ViewCarou
selSharp.js" was 
ignored.
node_modules/@mui/ico
ns-material/esm/ViewC
arousel.js (1:0): 
Module level 
directives cause 
errors when bundled, 
"use client" in "node
_modules/@mui/icons-m
aterial/esm/ViewCarou
sel.js" was ignored.
node_modules/@mui/ico
ns-material/esm/ViewA
rraySharp.js (1:0): 
Module level 
directives cause 
errors when bundled, 
"use client" in "node
_modules/@mui/icons-m
aterial/esm/ViewArray
Sharp.js" was 
ignored.
node_modules/@mui/ico
ns-material/esm/Video
camOffSharp.js 
(1:0): Module level 
directives cause 
errors when bundled, 
"use client" in "node
_modules/@mui/icons-m
aterial/esm/VideocamO
ffSharp.js" was 
ignored.
node_modules/@mui/ico
ns-material/esm/ViewC
olumn.js (1:0): 
Module level 
directives cause 
errors when bundled, 
"use client" in "node
_modules/@mui/icons-m
aterial/esm/ViewColum
n.js" was ignored.
node_modules/@mui/ico
ns-material/esm/ViewC
arouselRounded.js 
(1:0): Module level 
directives cause 
errors when bundled, 
"use client" in "node
_modules/@mui/icons-m
aterial/esm/ViewCarou
selRounded.js" was 
ignored.
node_modules/@mui/ico
ns-material/esm/ViewC
arouselTwoTone.js 
(1:0): Module level 
directives cause 
errors when bundled, 
"use client" in "node
_modules/@mui/icons-m
aterial/esm/ViewCarou
selTwoTone.js" was 
ignored.
node_modules/@mui/ico
ns-material/esm/ViewC
olumnOutlined.js 
(1:0): Module level 
directives cause 
errors when bundled, 
"use client" in "node
_modules/@mui/icons-m
aterial/esm/ViewColum
nOutlined.js" was 
ignored.
node_modules/@mui/ico
ns-material/esm/ViewC
olumnTwoTone.js 
(1:0): Module level 
directives cause 
errors when bundled, 
"use client" in "node
_modules/@mui/icons-m
aterial/esm/ViewColum
nTwoTone.js" was 
ignored.
node_modules/@mui/ico
ns-material/esm/ViewC
olumnRounded.js 
(1:0): Module level 
directives cause 
errors when bundled, 
"use client" in "node
_modules/@mui/icons-m
aterial/esm/ViewColum
nRounded.js" was 
ignored.
node_modules/@mui/ico
ns-material/esm/ViewC
olumnSharp.js (1:0): 
Module level 
directives cause 
errors when bundled, 
"use client" in "node
_modules/@mui/icons-m
aterial/esm/ViewColum
nSharp.js" was 
ignored.
node_modules/@mui/ico
ns-material/esm/ViewC
omfy.js (1:0): 
Module level 
directives cause 
errors when bundled, 
"use client" in "node
_modules/@mui/icons-m
aterial/esm/ViewComfy
.js" was ignored.
node_modules/@mui/ico
ns-material/esm/ViewC
omfyAlt.js (1:0): 
Module level 
directives cause 
errors when bundled, 
"use client" in "node
_modules/@mui/icons-m
aterial/esm/ViewComfy
Alt.js" was ignored.
node_modules/@mui/ico
ns-material/esm/ViewC
omfyAltRounded.js 
(1:0): Module level 
directives cause 
errors when bundled, 
"use client" in "node
_modules/@mui/icons-m
aterial/esm/ViewComfy
AltRounded.js" was 
ignored.
node_modules/@mui/ico
ns-material/esm/ViewC
omfyOutlined.js 
(1:0): Module level 
directives cause 
errors when bundled, 
"use client" in "node
_modules/@mui/icons-m
aterial/esm/ViewComfy
Outlined.js" was 
ignored.
node_modules/@mui/ico
ns-material/esm/ViewC
omfyAltTwoTone.js 
(1:0): Module level 
directives cause 
errors when bundled, 
"use client" in "node
_modules/@mui/icons-m
aterial/esm/ViewComfy
AltTwoTone.js" was 
ignored.
node_modules/@mui/ico
ns-material/esm/ViewC
omfyAltSharp.js 
(1:0): Module level 
directives cause 
errors when bundled, 
"use client" in "node
_modules/@mui/icons-m
aterial/esm/ViewComfy
AltSharp.js" was 
ignored.
node_modules/@mui/ico
ns-material/esm/ViewC
omfyRounded.js 
(1:0): Module level 
directives cause 
errors when bundled, 
"use client" in "node
_modules/@mui/icons-m
aterial/esm/ViewComfy
Rounded.js" was 
ignored.
node_modules/@mui/ico
ns-material/esm/ViewC
ompact.js (1:0): 
Module level 
directives cause 
errors when bundled, 
"use client" in "node
_modules/@mui/icons-m
aterial/esm/ViewCompa
ct.js" was ignored.
node_modules/@mui/ico
ns-material/esm/ViewC
omfySharp.js (1:0): 
Module level 
directives cause 
errors when bundled, 
"use client" in "node
_modules/@mui/icons-m
aterial/esm/ViewComfy
Sharp.js" was 
ignored.
node_modules/@mui/ico
ns-material/esm/ViewC
ompactAlt.js (1:0): 
Module level 
directives cause 
errors when bundled, 
"use client" in "node
_modules/@mui/icons-m
aterial/esm/ViewCompa
ctAlt.js" was 
ignored.
node_modules/@mui/ico
ns-material/esm/ViewC
omfyAltOutlined.js 
(1:0): Module level 
directives cause 
errors when bundled, 
"use client" in "node
_modules/@mui/icons-m
aterial/esm/ViewComfy
AltOutlined.js" was 
ignored.
node_modules/@mui/ico
ns-material/esm/ViewC
omfyTwoTone.js 
(1:0): Module level 
directives cause 
errors when bundled, 
"use client" in "node
_modules/@mui/icons-m
aterial/esm/ViewComfy
TwoTone.js" was 
ignored.
node_modules/@mui/ico
ns-material/esm/ViewC
ompactAltRounded.js 
(1:0): Module level 
directives cause 
errors when bundled, 
"use client" in "node
_modules/@mui/icons-m
aterial/esm/ViewCompa
ctAltRounded.js" was 
ignored.
node_modules/@mui/ico
ns-material/esm/ViewC
ompactAltOutlined.js 
(1:0): Module level 
directives cause 
errors when bundled, 
"use client" in "node
_modules/@mui/icons-m
aterial/esm/ViewCompa
ctAltOutlined.js" 
was ignored.
node_modules/@mui/ico
ns-material/esm/ViewC
ompactOutlined.js 
(1:0): Module level 
directives cause 
errors when bundled, 
"use client" in "node
_modules/@mui/icons-m
aterial/esm/ViewCompa
ctOutlined.js" was 
ignored.
node_modules/@mui/ico
ns-material/esm/ViewC
ompactAltSharp.js 
(1:0): Module level 
directives cause 
errors when bundled, 
"use client" in "node
_modules/@mui/icons-m
aterial/esm/ViewCompa
ctAltSharp.js" was 
ignored.
node_modules/@mui/ico
ns-material/esm/ViewC
ompactSharp.js 
(1:0): Module level 
directives cause 
errors when bundled, 
"use client" in "node
_modules/@mui/icons-m
aterial/esm/ViewCompa
ctSharp.js" was 
ignored.
node_modules/@mui/ico
ns-material/esm/ViewC
ompactRounded.js 
(1:0): Module level 
directives cause 
errors when bundled, 
"use client" in "node
_modules/@mui/icons-m
aterial/esm/ViewCompa
ctRounded.js" was 
ignored.
node_modules/@mui/ico
ns-material/esm/ViewC
ompactAltTwoTone.js 
(1:0): Module level 
directives cause 
errors when bundled, 
"use client" in "node
_modules/@mui/icons-m
aterial/esm/ViewCompa
ctAltTwoTone.js" was 
ignored.
node_modules/@mui/ico
ns-material/esm/ViewC
ozy.js (1:0): Module 
level directives 
cause errors when 
bundled, "use 
client" in "node_modu
les/@mui/icons-materi
al/esm/ViewCozy.js" 
was ignored.
node_modules/@mui/ico
ns-material/esm/ViewC
ompactTwoTone.js 
(1:0): Module level 
directives cause 
errors when bundled, 
"use client" in "node
_modules/@mui/icons-m
aterial/esm/ViewCompa
ctTwoTone.js" was 
ignored.
node_modules/@mui/ico
ns-material/esm/ViewC
ozyTwoTone.js (1:0): 
Module level 
directives cause 
errors when bundled, 
"use client" in "node
_modules/@mui/icons-m
aterial/esm/ViewCozyT
woTone.js" was 
ignored.
node_modules/@mui/ico
ns-material/esm/ViewC
ozyOutlined.js 
(1:0): Module level 
directives cause 
errors when bundled, 
"use client" in "node
_modules/@mui/icons-m
aterial/esm/ViewCozyO
utlined.js" was 
ignored.
node_modules/@mui/ico
ns-material/esm/ViewD
ay.js (1:0): Module 
level directives 
cause errors when 
bundled, "use 
client" in "node_modu
les/@mui/icons-materi
al/esm/ViewDay.js" 
was ignored.
node_modules/@mui/ico
ns-material/esm/ViewC
ozyRounded.js (1:0): 
Module level 
directives cause 
errors when bundled, 
"use client" in "node
_modules/@mui/icons-m
aterial/esm/ViewCozyR
ounded.js" was 
ignored.
node_modules/@mui/ico
ns-material/esm/ViewC
ozySharp.js (1:0): 
Module level 
directives cause 
errors when bundled, 
"use client" in "node
_modules/@mui/icons-m
aterial/esm/ViewCozyS
harp.js" was ignored.
node_modules/@mui/ico
ns-material/esm/ViewD
ayRounded.js (1:0): 
Module level 
directives cause 
errors when bundled, 
"use client" in "node
_modules/@mui/icons-m
aterial/esm/ViewDayRo
unded.js" was 
ignored.
node_modules/@mui/ico
ns-material/esm/ViewD
ayOutlined.js (1:0): 
Module level 
directives cause 
errors when bundled, 
"use client" in "node
_modules/@mui/icons-m
aterial/esm/ViewDayOu
tlined.js" was 
ignored.
node_modules/@mui/ico
ns-material/esm/ViewD
ayTwoTone.js (1:0): 
Module level 
directives cause 
errors when bundled, 
"use client" in "node
_modules/@mui/icons-m
aterial/esm/ViewDayTw
oTone.js" was 
ignored.
node_modules/@mui/ico
ns-material/esm/ViewH
eadline.js (1:0): 
Module level 
directives cause 
errors when bundled, 
"use client" in "node
_modules/@mui/icons-m
aterial/esm/ViewHeadl
ine.js" was ignored.
node_modules/@mui/ico
ns-material/esm/ViewD
aySharp.js (1:0): 
Module level 
directives cause 
errors when bundled, 
"use client" in "node
_modules/@mui/icons-m
aterial/esm/ViewDaySh
arp.js" was ignored.
node_modules/@mui/ico
ns-material/esm/ViewH
eadlineOutlined.js 
(1:0): Module level 
directives cause 
errors when bundled, 
"use client" in "node
_modules/@mui/icons-m
aterial/esm/ViewHeadl
ineOutlined.js" was 
ignored.
node_modules/@mui/ico
ns-material/esm/ViewH
eadlineRounded.js 
(1:0): Module level 
directives cause 
errors when bundled, 
"use client" in "node
_modules/@mui/icons-m
aterial/esm/ViewHeadl
ineRounded.js" was 
ignored.
node_modules/@mui/ico
ns-material/esm/ViewH
eadlineSharp.js 
(1:0): Module level 
directives cause 
errors when bundled, 
"use client" in "node
_modules/@mui/icons-m
aterial/esm/ViewHeadl
ineSharp.js" was 
ignored.
node_modules/@mui/ico
ns-material/esm/ViewI
nAr.js (1:0): Module 
level directives 
cause errors when 
bundled, "use 
client" in "node_modu
les/@mui/icons-materi
al/esm/ViewInAr.js" 
was ignored.
node_modules/@mui/ico
ns-material/esm/ViewI
nArRounded.js (1:0): 
Module level 
directives cause 
errors when bundled, 
"use client" in "node
_modules/@mui/icons-m
aterial/esm/ViewInArR
ounded.js" was 
ignored.
node_modules/@mui/ico
ns-material/esm/ViewH
eadlineTwoTone.js 
(1:0): Module level 
directives cause 
errors when bundled, 
"use client" in "node
_modules/@mui/icons-m
aterial/esm/ViewHeadl
ineTwoTone.js" was 
ignored.
node_modules/@mui/ico
ns-material/esm/ViewI
nArSharp.js (1:0): 
Module level 
directives cause 
errors when bundled, 
"use client" in "node
_modules/@mui/icons-m
aterial/esm/ViewInArS
harp.js" was ignored.
node_modules/@mui/ico
ns-material/esm/ViewI
nArOutlined.js 
(1:0): Module level 
directives cause 
errors when bundled, 
"use client" in "node
_modules/@mui/icons-m
aterial/esm/ViewInArO
utlined.js" was 
ignored.
node_modules/@mui/ico
ns-material/esm/ViewK
anban.js (1:0): 
Module level 
directives cause 
errors when bundled, 
"use client" in "node
_modules/@mui/icons-m
aterial/esm/ViewKanba
n.js" was ignored.
node_modules/@mui/ico
ns-material/esm/ViewI
nArTwoTone.js (1:0): 
Module level 
directives cause 
errors when bundled, 
"use client" in "node
_modules/@mui/icons-m
aterial/esm/ViewInArT
woTone.js" was 
ignored.
node_modules/@mui/ico
ns-material/esm/ViewK
anbanOutlined.js 
(1:0): Module level 
directives cause 
errors when bundled, 
"use client" in "node
_modules/@mui/icons-m
aterial/esm/ViewKanba
nOutlined.js" was 
ignored.
node_modules/@mui/ico
ns-material/esm/ViewK
anbanTwoTone.js 
(1:0): Module level 
directives cause 
errors when bundled, 
"use client" in "node
_modules/@mui/icons-m
aterial/esm/ViewKanba
nTwoTone.js" was 
ignored.
node_modules/@mui/ico
ns-material/esm/ViewK
anbanRounded.js 
(1:0): Module level 
directives cause 
errors when bundled, 
"use client" in "node
_modules/@mui/icons-m
aterial/esm/ViewKanba
nRounded.js" was 
ignored.
node_modules/@mui/ico
ns-material/esm/ViewK
anbanSharp.js (1:0): 
Module level 
directives cause 
errors when bundled, 
"use client" in "node
_modules/@mui/icons-m
aterial/esm/ViewKanba
nSharp.js" was 
ignored.
node_modules/@mui/ico
ns-material/esm/ViewL
ist.js (1:0): Module 
level directives 
cause errors when 
bundled, "use 
client" in "node_modu
les/@mui/icons-materi
al/esm/ViewList.js" 
was ignored.
node_modules/@mui/ico
ns-material/esm/ViewL
istSharp.js (1:0): 
Module level 
directives cause 
errors when bundled, 
"use client" in "node
_modules/@mui/icons-m
aterial/esm/ViewListS
harp.js" was ignored.
node_modules/@mui/ico
ns-material/esm/ViewL
istRounded.js (1:0): 
Module level 
directives cause 
errors when bundled, 
"use client" in "node
_modules/@mui/icons-m
aterial/esm/ViewListR
ounded.js" was 
ignored.
node_modules/@mui/ico
ns-material/esm/ViewL
istOutlined.js 
(1:0): Module level 
directives cause 
errors when bundled, 
"use client" in "node
_modules/@mui/icons-m
aterial/esm/ViewListO
utlined.js" was 
ignored.
node_modules/@mui/ico
ns-material/esm/ViewL
istTwoTone.js (1:0): 
Module level 
directives cause 
errors when bundled, 
"use client" in "node
_modules/@mui/icons-m
aterial/esm/ViewListT
woTone.js" was 
ignored.
node_modules/@mui/ico
ns-material/esm/ViewM
odule.js (1:0): 
Module level 
directives cause 
errors when bundled, 
"use client" in "node
_modules/@mui/icons-m
aterial/esm/ViewModul
e.js" was ignored.
node_modules/@mui/ico
ns-material/esm/ViewM
oduleRounded.js 
(1:0): Module level 
directives cause 
errors when bundled, 
"use client" in "node
_modules/@mui/icons-m
aterial/esm/ViewModul
eRounded.js" was 
ignored.
node_modules/@mui/ico
ns-material/esm/ViewM
oduleOutlined.js 
(1:0): Module level 
directives cause 
errors when bundled, 
"use client" in "node
_modules/@mui/icons-m
aterial/esm/ViewModul
eOutlined.js" was 
ignored.
node_modules/@mui/ico
ns-material/esm/ViewQ
uilt.js (1:0): 
Module level 
directives cause 
errors when bundled, 
"use client" in "node
_modules/@mui/icons-m
aterial/esm/ViewQuilt
.js" was ignored.
node_modules/@mui/ico
ns-material/esm/ViewM
oduleSharp.js (1:0): 
Module level 
directives cause 
errors when bundled, 
"use client" in "node
_modules/@mui/icons-m
aterial/esm/ViewModul
eSharp.js" was 
ignored.
node_modules/@mui/ico
ns-material/esm/ViewM
oduleTwoTone.js 
(1:0): Module level 
directives cause 
errors when bundled, 
"use client" in "node
_modules/@mui/icons-m
aterial/esm/ViewModul
eTwoTone.js" was 
ignored.
node_modules/@mui/ico
ns-material/esm/ViewQ
uiltRounded.js 
(1:0): Module level 
directives cause 
errors when bundled, 
"use client" in "node
_modules/@mui/icons-m
aterial/esm/ViewQuilt
Rounded.js" was 
ignored.
node_modules/@mui/ico
ns-material/esm/ViewQ
uiltSharp.js (1:0): 
Module level 
directives cause 
errors when bundled, 
"use client" in "node
_modules/@mui/icons-m
aterial/esm/ViewQuilt
Sharp.js" was 
ignored.
node_modules/@mui/ico
ns-material/esm/ViewQ
uiltOutlined.js 
(1:0): Module level 
directives cause 
errors when bundled, 
"use client" in "node
_modules/@mui/icons-m
aterial/esm/ViewQuilt
Outlined.js" was 
ignored.
node_modules/@mui/ico
ns-material/esm/ViewS
idebarOutlined.js 
(1:0): Module level 
directives cause 
errors when bundled, 
"use client" in "node
_modules/@mui/icons-m
aterial/esm/ViewSideb
arOutlined.js" was 
ignored.
node_modules/@mui/ico
ns-material/esm/ViewQ
uiltTwoTone.js 
(1:0): Module level 
directives cause 
errors when bundled, 
"use client" in "node
_modules/@mui/icons-m
aterial/esm/ViewQuilt
TwoTone.js" was 
ignored.
node_modules/@mui/ico
ns-material/esm/ViewS
idebarSharp.js 
(1:0): Module level 
directives cause 
errors when bundled, 
"use client" in "node
_modules/@mui/icons-m
aterial/esm/ViewSideb
arSharp.js" was 
ignored.
node_modules/@mui/ico
ns-material/esm/ViewS
idebarRounded.js 
(1:0): Module level 
directives cause 
errors when bundled, 
"use client" in "node
_modules/@mui/icons-m
aterial/esm/ViewSideb
arRounded.js" was 
ignored.
node_modules/@mui/ico
ns-material/esm/ViewS
tream.js (1:0): 
Module level 
directives cause 
errors when bundled, 
"use client" in "node
_modules/@mui/icons-m
aterial/esm/ViewStrea
m.js" was ignored.
node_modules/@mui/ico
ns-material/esm/ViewS
idebarTwoTone.js 
(1:0): Module level 
directives cause 
errors when bundled, 
"use client" in "node
_modules/@mui/icons-m
aterial/esm/ViewSideb
arTwoTone.js" was 
ignored.
node_modules/@mui/ico
ns-material/esm/ViewS
idebar.js (1:0): 
Module level 
directives cause 
errors when bundled, 
"use client" in "node
_modules/@mui/icons-m
aterial/esm/ViewSideb
ar.js" was ignored.
node_modules/@mui/ico
ns-material/esm/ViewS
treamSharp.js (1:0): 
Module level 
directives cause 
errors when bundled, 
"use client" in "node
_modules/@mui/icons-m
aterial/esm/ViewStrea
mSharp.js" was 
ignored.
node_modules/@mui/ico
ns-material/esm/ViewS
treamRounded.js 
(1:0): Module level 
directives cause 
errors when bundled, 
"use client" in "node
_modules/@mui/icons-m
aterial/esm/ViewStrea
mRounded.js" was 
ignored.
node_modules/@mui/ico
ns-material/esm/ViewS
treamOutlined.js 
(1:0): Module level 
directives cause 
errors when bundled, 
"use client" in "node
_modules/@mui/icons-m
aterial/esm/ViewStrea
mOutlined.js" was 
ignored.
node_modules/@mui/ico
ns-material/esm/ViewS
treamTwoTone.js 
(1:0): Module level 
directives cause 
errors when bundled, 
"use client" in "node
_modules/@mui/icons-m
aterial/esm/ViewStrea
mTwoTone.js" was 
ignored.
node_modules/@mui/ico
ns-material/esm/ViewT
imelineRounded.js 
(1:0): Module level 
directives cause 
errors when bundled, 
"use client" in "node
_modules/@mui/icons-m
aterial/esm/ViewTimel
ineRounded.js" was 
ignored.
node_modules/@mui/ico
ns-material/esm/ViewT
imeline.js (1:0): 
Module level 
directives cause 
errors when bundled, 
"use client" in "node
_modules/@mui/icons-m
aterial/esm/ViewTimel
ine.js" was ignored.
node_modules/@mui/ico
ns-material/esm/ViewT
imelineSharp.js 
(1:0): Module level 
directives cause 
errors when bundled, 
"use client" in "node
_modules/@mui/icons-m
aterial/esm/ViewTimel
ineSharp.js" was 
ignored.
node_modules/@mui/ico
ns-material/esm/ViewT
imelineOutlined.js 
(1:0): Module level 
directives cause 
errors when bundled, 
"use client" in "node
_modules/@mui/icons-m
aterial/esm/ViewTimel
ineOutlined.js" was 
ignored.
node_modules/@mui/ico
ns-material/esm/ViewW
eek.js (1:0): Module 
level directives 
cause errors when 
bundled, "use 
client" in "node_modu
les/@mui/icons-materi
al/esm/ViewWeek.js" 
was ignored.
node_modules/@mui/ico
ns-material/esm/ViewT
imelineTwoTone.js 
(1:0): Module level 
directives cause 
errors when bundled, 
"use client" in "node
_modules/@mui/icons-m
aterial/esm/ViewTimel
ineTwoTone.js" was 
ignored.
node_modules/@mui/ico
ns-material/esm/ViewW
eekOutlined.js 
(1:0): Module level 
directives cause 
errors when bundled, 
"use client" in "node
_modules/@mui/icons-m
aterial/esm/ViewWeekO
utlined.js" was 
ignored.
node_modules/@mui/ico
ns-material/esm/ViewW
eekRounded.js (1:0): 
Module level 
directives cause 
errors when bundled, 
"use client" in "node
_modules/@mui/icons-m
aterial/esm/ViewWeekR
ounded.js" was 
ignored.
node_modules/@mui/ico
ns-material/esm/ViewW
eekSharp.js (1:0): 
Module level 
directives cause 
errors when bundled, 
"use client" in "node
_modules/@mui/icons-m
aterial/esm/ViewWeekS
harp.js" was ignored.
node_modules/@mui/ico
ns-material/esm/Vigne
tte.js (1:0): Module 
level directives 
cause errors when 
bundled, "use 
client" in "node_modu
les/@mui/icons-materi
al/esm/Vignette.js" 
was ignored.
node_modules/@mui/ico
ns-material/esm/ViewW
eekTwoTone.js (1:0): 
Module level 
directives cause 
errors when bundled, 
"use client" in "node
_modules/@mui/icons-m
aterial/esm/ViewWeekT
woTone.js" was 
ignored.
node_modules/@mui/ico
ns-material/esm/Vigne
tteOutlined.js 
(1:0): Module level 
directives cause 
errors when bundled, 
"use client" in "node
_modules/@mui/icons-m
aterial/esm/VignetteO
utlined.js" was 
ignored.
node_modules/@mui/ico
ns-material/esm/Vigne
tteSharp.js (1:0): 
Module level 
directives cause 
errors when bundled, 
"use client" in "node
_modules/@mui/icons-m
aterial/esm/VignetteS
harp.js" was ignored.
node_modules/@mui/ico
ns-material/esm/Vigne
tteRounded.js (1:0): 
Module level 
directives cause 
errors when bundled, 
"use client" in "node
_modules/@mui/icons-m
aterial/esm/VignetteR
ounded.js" was 
ignored.
node_modules/@mui/ico
ns-material/esm/Vigne
tteTwoTone.js (1:0): 
Module level 
directives cause 
errors when bundled, 
"use client" in "node
_modules/@mui/icons-m
aterial/esm/VignetteT
woTone.js" was 
ignored.
node_modules/@mui/ico
ns-material/esm/Villa
Outlined.js (1:0): 
Module level 
directives cause 
errors when bundled, 
"use client" in "node
_modules/@mui/icons-m
aterial/esm/VillaOutl
ined.js" was ignored.
node_modules/@mui/ico
ns-material/esm/Villa
.js (1:0): Module 
level directives 
cause errors when 
bundled, "use 
client" in "node_modu
les/@mui/icons-materi
al/esm/Villa.js" was 
ignored.
node_modules/@mui/ico
ns-material/esm/Villa
Rounded.js (1:0): 
Module level 
directives cause 
errors when bundled, 
"use client" in "node
_modules/@mui/icons-m
aterial/esm/VillaRoun
ded.js" was ignored.
node_modules/@mui/ico
ns-material/esm/Villa
TwoTone.js (1:0): 
Module level 
directives cause 
errors when bundled, 
"use client" in "node
_modules/@mui/icons-m
aterial/esm/VillaTwoT
one.js" was ignored.
node_modules/@mui/ico
ns-material/esm/Villa
Sharp.js (1:0): 
Module level 
directives cause 
errors when bundled, 
"use client" in "node
_modules/@mui/icons-m
aterial/esm/VillaShar
p.js" was ignored.
node_modules/@mui/ico
ns-material/esm/Visib
ility.js (1:0): 
Module level 
directives cause 
errors when bundled, 
"use client" in "node
_modules/@mui/icons-m
aterial/esm/Visibilit
y.js" was ignored.
node_modules/@mui/ico
ns-material/esm/Visib
ilityOffOutlined.js 
(1:0): Module level 
directives cause 
errors when bundled, 
"use client" in "node
_modules/@mui/icons-m
aterial/esm/Visibilit
yOffOutlined.js" was 
ignored.
node_modules/@mui/ico
ns-material/esm/Visib
ilityOff.js (1:0): 
Module level 
directives cause 
errors when bundled, 
"use client" in "node
_modules/@mui/icons-m
aterial/esm/Visibilit
yOff.js" was ignored.
node_modules/@mui/ico
ns-material/esm/Visib
ilityOffSharp.js 
(1:0): Module level 
directives cause 
errors when bundled, 
"use client" in "node
_modules/@mui/icons-m
aterial/esm/Visibilit
yOffSharp.js" was 
ignored.
node_modules/@mui/ico
ns-material/esm/Visib
ilityOffTwoTone.js 
(1:0): Module level 
directives cause 
errors when bundled, 
"use client" in "node
_modules/@mui/icons-m
aterial/esm/Visibilit
yOffTwoTone.js" was 
ignored.
node_modules/@mui/ico
ns-material/esm/Visib
ilityOffRounded.js 
(1:0): Module level 
directives cause 
errors when bundled, 
"use client" in "node
_modules/@mui/icons-m
aterial/esm/Visibilit
yOffRounded.js" was 
ignored.
node_modules/@mui/ico
ns-material/esm/Visib
ilityOutlined.js 
(1:0): Module level 
directives cause 
errors when bundled, 
"use client" in "node
_modules/@mui/icons-m
aterial/esm/Visibilit
yOutlined.js" was 
ignored.
node_modules/@mui/ico
ns-material/esm/Visib
ilityRounded.js 
(1:0): Module level 
directives cause 
errors when bundled, 
"use client" in "node
_modules/@mui/icons-m
aterial/esm/Visibilit
yRounded.js" was 
ignored.
node_modules/@mui/ico
ns-material/esm/Visib
ilityTwoTone.js 
(1:0): Module level 
directives cause 
errors when bundled, 
"use client" in "node
_modules/@mui/icons-m
aterial/esm/Visibilit
yTwoTone.js" was 
ignored.
node_modules/@mui/ico
ns-material/esm/Voice
Chat.js (1:0): 
Module level 
directives cause 
errors when bundled, 
"use client" in "node
_modules/@mui/icons-m
aterial/esm/VoiceChat
.js" was ignored.
node_modules/@mui/ico
ns-material/esm/Visib
ilitySharp.js (1:0): 
Module level 
directives cause 
errors when bundled, 
"use client" in "node
_modules/@mui/icons-m
aterial/esm/Visibilit
ySharp.js" was 
ignored.
node_modules/@mui/ico
ns-material/esm/Voice
ChatOutlined.js 
(1:0): Module level 
directives cause 
errors when bundled, 
"use client" in "node
_modules/@mui/icons-m
aterial/esm/VoiceChat
Outlined.js" was 
ignored.
node_modules/@mui/ico
ns-material/esm/Voice
ChatTwoTone.js 
(1:0): Module level 
directives cause 
errors when bundled, 
"use client" in "node
_modules/@mui/icons-m
aterial/esm/VoiceChat
TwoTone.js" was 
ignored.
node_modules/@mui/ico
ns-material/esm/Voice
ChatSharp.js (1:0): 
Module level 
directives cause 
errors when bundled, 
"use client" in "node
_modules/@mui/icons-m
aterial/esm/VoiceChat
Sharp.js" was 
ignored.
node_modules/@mui/ico
ns-material/esm/Voice
OverOff.js (1:0): 
Module level 
directives cause 
errors when bundled, 
"use client" in "node
_modules/@mui/icons-m
aterial/esm/VoiceOver
Off.js" was ignored.
node_modules/@mui/ico
ns-material/esm/Voice
OverOffRounded.js 
(1:0): Module level 
directives cause 
errors when bundled, 
"use client" in "node
_modules/@mui/icons-m
aterial/esm/VoiceOver
OffRounded.js" was 
ignored.
node_modules/@mui/ico
ns-material/esm/Voice
OverOffOutlined.js 
(1:0): Module level 
directives cause 
errors when bundled, 
"use client" in "node
_modules/@mui/icons-m
aterial/esm/VoiceOver
OffOutlined.js" was 
ignored.
node_modules/@mui/ico
ns-material/esm/Voice
ChatRounded.js 
(1:0): Module level 
directives cause 
errors when bundled, 
"use client" in "node
_modules/@mui/icons-m
aterial/esm/VoiceChat
Rounded.js" was 
ignored.
node_modules/@mui/ico
ns-material/esm/Voice
OverOffSharp.js 
(1:0): Module level 
directives cause 
errors when bundled, 
"use client" in "node
_modules/@mui/icons-m
aterial/esm/VoiceOver
OffSharp.js" was 
ignored.
node_modules/@mui/ico
ns-material/esm/Voice
mailOutlined.js 
(1:0): Module level 
directives cause 
errors when bundled, 
"use client" in "node
_modules/@mui/icons-m
aterial/esm/Voicemail
Outlined.js" was 
ignored.
node_modules/@mui/ico
ns-material/esm/Voice
OverOffTwoTone.js 
(1:0): Module level 
directives cause 
errors when bundled, 
"use client" in "node
_modules/@mui/icons-m
aterial/esm/VoiceOver
OffTwoTone.js" was 
ignored.
node_modules/@mui/ico
ns-material/esm/Voice
mail.js (1:0): 
Module level 
directives cause 
errors when bundled, 
"use client" in "node
_modules/@mui/icons-m
aterial/esm/Voicemail
.js" was ignored.
node_modules/@mui/ico
ns-material/esm/Voice
mailRounded.js 
(1:0): Module level 
directives cause 
errors when bundled, 
"use client" in "node
_modules/@mui/icons-m
aterial/esm/Voicemail
Rounded.js" was 
ignored.
node_modules/@mui/ico
ns-material/esm/Voice
mailSharp.js (1:0): 
Module level 
directives cause 
errors when bundled, 
"use client" in "node
_modules/@mui/icons-m
aterial/esm/Voicemail
Sharp.js" was 
ignored.
node_modules/@mui/ico
ns-material/esm/Volca
no.js (1:0): Module 
level directives 
cause errors when 
bundled, "use 
client" in "node_modu
les/@mui/icons-materi
al/esm/Volcano.js" 
was ignored.
node_modules/@mui/ico
ns-material/esm/Voice
mailTwoTone.js 
(1:0): Module level 
directives cause 
errors when bundled, 
"use client" in "node
_modules/@mui/icons-m
aterial/esm/Voicemail
TwoTone.js" was 
ignored.
node_modules/@mui/ico
ns-material/esm/Volca
noSharp.js (1:0): 
Module level 
directives cause 
errors when bundled, 
"use client" in "node
_modules/@mui/icons-m
aterial/esm/VolcanoSh
arp.js" was ignored.
node_modules/@mui/ico
ns-material/esm/Volca
noOutlined.js (1:0): 
Module level 
directives cause 
errors when bundled, 
"use client" in "node
_modules/@mui/icons-m
aterial/esm/VolcanoOu
tlined.js" was 
ignored.
node_modules/@mui/ico
ns-material/esm/Volca
noTwoTone.js (1:0): 
Module level 
directives cause 
errors when bundled, 
"use client" in "node
_modules/@mui/icons-m
aterial/esm/VolcanoTw
oTone.js" was 
ignored.
node_modules/@mui/ico
ns-material/esm/Volum
eDown.js (1:0): 
Module level 
directives cause 
errors when bundled, 
"use client" in "node
_modules/@mui/icons-m
aterial/esm/VolumeDow
n.js" was ignored.
node_modules/@mui/ico
ns-material/esm/Volum
eDownOutlined.js 
(1:0): Module level 
directives cause 
errors when bundled, 
"use client" in "node
_modules/@mui/icons-m
aterial/esm/VolumeDow
nOutlined.js" was 
ignored.
node_modules/@mui/ico
ns-material/esm/Volum
eDownRounded.js 
(1:0): Module level 
directives cause 
errors when bundled, 
"use client" in "node
_modules/@mui/icons-m
aterial/esm/VolumeDow
nRounded.js" was 
ignored.
node_modules/@mui/ico
ns-material/esm/Volum
eDownTwoTone.js 
(1:0): Module level 
directives cause 
errors when bundled, 
"use client" in "node
_modules/@mui/icons-m
aterial/esm/VolumeDow
nTwoTone.js" was 
ignored.
node_modules/@mui/ico
ns-material/esm/Volca
noRounded.js (1:0): 
Module level 
directives cause 
errors when bundled, 
"use client" in "node
_modules/@mui/icons-m
aterial/esm/VolcanoRo
unded.js" was 
ignored.
node_modules/@mui/ico
ns-material/esm/Volum
eMute.js (1:0): 
Module level 
directives cause 
errors when bundled, 
"use client" in "node
_modules/@mui/icons-m
aterial/esm/VolumeMut
e.js" was ignored.
node_modules/@mui/ico
ns-material/esm/Volum
eDownSharp.js (1:0): 
Module level 
directives cause 
errors when bundled, 
"use client" in "node
_modules/@mui/icons-m
aterial/esm/VolumeDow
nSharp.js" was 
ignored.
node_modules/@mui/ico
ns-material/esm/Volum
eMuteRounded.js 
(1:0): Module level 
directives cause 
errors when bundled, 
"use client" in "node
_modules/@mui/icons-m
aterial/esm/VolumeMut
eRounded.js" was 
ignored.
node_modules/@mui/ico
ns-material/esm/Volum
eMuteOutlined.js 
(1:0): Module level 
directives cause 
errors when bundled, 
"use client" in "node
_modules/@mui/icons-m
aterial/esm/VolumeMut
eOutlined.js" was 
ignored.
node_modules/@mui/ico
ns-material/esm/Volum
eMuteSharp.js (1:0): 
Module level 
directives cause 
errors when bundled, 
"use client" in "node
_modules/@mui/icons-m
aterial/esm/VolumeMut
eSharp.js" was 
ignored.
node_modules/@mui/ico
ns-material/esm/Volum
eMuteTwoTone.js 
(1:0): Module level 
directives cause 
errors when bundled, 
"use client" in "node
_modules/@mui/icons-m
aterial/esm/VolumeMut
eTwoTone.js" was 
ignored.
node_modules/@mui/ico
ns-material/esm/Volum
eOffRounded.js 
(1:0): Module level 
directives cause 
errors when bundled, 
"use client" in "node
_modules/@mui/icons-m
aterial/esm/VolumeOff
Rounded.js" was 
ignored.
node_modules/@mui/ico
ns-material/esm/Volum
eOff.js (1:0): 
Module level 
directives cause 
errors when bundled, 
"use client" in "node
_modules/@mui/icons-m
aterial/esm/VolumeOff
.js" was ignored.
node_modules/@mui/ico
ns-material/esm/Volum
eOffOutlined.js 
(1:0): Module level 
directives cause 
errors when bundled, 
"use client" in "node
_modules/@mui/icons-m
aterial/esm/VolumeOff
Outlined.js" was 
ignored.
node_modules/@mui/ico
ns-material/esm/Volum
eOffSharp.js (1:0): 
Module level 
directives cause 
errors when bundled, 
"use client" in "node
_modules/@mui/icons-m
aterial/esm/VolumeOff
Sharp.js" was 
ignored.
node_modules/@mui/ico
ns-material/esm/Volum
eUpOutlined.js 
(1:0): Module level 
directives cause 
errors when bundled, 
"use client" in "node
_modules/@mui/icons-m
aterial/esm/VolumeUpO
utlined.js" was 
ignored.
node_modules/@mui/ico
ns-material/esm/Volum
eUpRounded.js (1:0): 
Module level 
directives cause 
errors when bundled, 
"use client" in "node
_modules/@mui/icons-m
aterial/esm/VolumeUpR
ounded.js" was 
ignored.
node_modules/@mui/ico
ns-material/esm/Volum
eOffTwoTone.js 
(1:0): Module level 
directives cause 
errors when bundled, 
"use client" in "node
_modules/@mui/icons-m
aterial/esm/VolumeOff
TwoTone.js" was 
ignored.
node_modules/@mui/ico
ns-material/esm/Volum
eUp.js (1:0): Module 
level directives 
cause errors when 
bundled, "use 
client" in "node_modu
les/@mui/icons-materi
al/esm/VolumeUp.js" 
was ignored.
node_modules/@mui/ico
ns-material/esm/Volum
eUpTwoTone.js (1:0): 
Module level 
directives cause 
errors when bundled, 
"use client" in "node
_modules/@mui/icons-m
aterial/esm/VolumeUpT
woTone.js" was 
ignored.
node_modules/@mui/ico
ns-material/esm/Volun
teerActivism.js 
(1:0): Module level 
directives cause 
errors when bundled, 
"use client" in "node
_modules/@mui/icons-m
aterial/esm/Volunteer
Activism.js" was 
ignored.
node_modules/@mui/ico
ns-material/esm/Volun
teerActivismRounded.j
s (1:0): Module 
level directives 
cause errors when 
bundled, "use 
client" in "node_modu
les/@mui/icons-materi
al/esm/VolunteerActiv
ismRounded.js" was 
ignored.
node_modules/@mui/ico
ns-material/esm/Volum
eUpSharp.js (1:0): 
Module level 
directives cause 
errors when bundled, 
"use client" in "node
_modules/@mui/icons-m
aterial/esm/VolumeUpS
harp.js" was ignored.
node_modules/@mui/ico
ns-material/esm/Volun
teerActivismOutlined.
js (1:0): Module 
level directives 
cause errors when 
bundled, "use 
client" in "node_modu
les/@mui/icons-materi
al/esm/VolunteerActiv
ismOutlined.js" was 
ignored.
node_modules/@mui/ico
ns-material/esm/Volun
teerActivismTwoTone.j
s (1:0): Module 
level directives 
cause errors when 
bundled, "use 
client" in "node_modu
les/@mui/icons-materi
al/esm/VolunteerActiv
ismTwoTone.js" was 
ignored.
node_modules/@mui/ico
ns-material/esm/Volun
teerActivismSharp.js 
(1:0): Module level 
directives cause 
errors when bundled, 
"use client" in "node
_modules/@mui/icons-m
aterial/esm/Volunteer
ActivismSharp.js" 
was ignored.
node_modules/@mui/ico
ns-material/esm/VpnKe
yOffOutlined.js 
(1:0): Module level 
directives cause 
errors when bundled, 
"use client" in "node
_modules/@mui/icons-m
aterial/esm/VpnKeyOff
Outlined.js" was 
ignored.
node_modules/@mui/ico
ns-material/esm/VpnKe
yOff.js (1:0): 
Module level 
directives cause 
errors when bundled, 
"use client" in "node
_modules/@mui/icons-m
aterial/esm/VpnKeyOff
.js" was ignored.
node_modules/@mui/ico
ns-material/esm/VpnKe
y.js (1:0): Module 
level directives 
cause errors when 
bundled, "use 
client" in "node_modu
les/@mui/icons-materi
al/esm/VpnKey.js" 
was ignored.
node_modules/@mui/ico
ns-material/esm/VpnKe
yOffRounded.js 
(1:0): Module level 
directives cause 
errors when bundled, 
"use client" in "node
_modules/@mui/icons-m
aterial/esm/VpnKeyOff
Rounded.js" was 
ignored.
node_modules/@mui/ico
ns-material/esm/VpnKe
yOffSharp.js (1:0): 
Module level 
directives cause 
errors when bundled, 
"use client" in "node
_modules/@mui/icons-m
aterial/esm/VpnKeyOff
Sharp.js" was 
ignored.
node_modules/@mui/ico
ns-material/esm/VpnKe
yOutlined.js (1:0): 
Module level 
directives cause 
errors when bundled, 
"use client" in "node
_modules/@mui/icons-m
aterial/esm/VpnKeyOut
lined.js" was 
ignored.
node_modules/@mui/ico
ns-material/esm/VpnKe
yOffTwoTone.js 
(1:0): Module level 
directives cause 
errors when bundled, 
"use client" in "node
_modules/@mui/icons-m
aterial/esm/VpnKeyOff
TwoTone.js" was 
ignored.
node_modules/@mui/ico
ns-material/esm/VpnKe
yRounded.js (1:0): 
Module level 
directives cause 
errors when bundled, 
"use client" in "node
_modules/@mui/icons-m
aterial/esm/VpnKeyRou
nded.js" was ignored.
node_modules/@mui/ico
ns-material/esm/VpnKe
yTwoTone.js (1:0): 
Module level 
directives cause 
errors when bundled, 
"use client" in "node
_modules/@mui/icons-m
aterial/esm/VpnKeyTwo
Tone.js" was ignored.
node_modules/@mui/ico
ns-material/esm/VpnKe
ySharp.js (1:0): 
Module level 
directives cause 
errors when bundled, 
"use client" in "node
_modules/@mui/icons-m
aterial/esm/VpnKeySha
rp.js" was ignored.
node_modules/@mui/ico
ns-material/esm/VpnLo
ckOutlined.js (1:0): 
Module level 
directives cause 
errors when bundled, 
"use client" in "node
_modules/@mui/icons-m
aterial/esm/VpnLockOu
tlined.js" was 
ignored.
node_modules/@mui/ico
ns-material/esm/VpnLo
ckRounded.js (1:0): 
Module level 
directives cause 
errors when bundled, 
"use client" in "node
_modules/@mui/icons-m
aterial/esm/VpnLockRo
unded.js" was 
ignored.
node_modules/@mui/ico
ns-material/esm/VpnLo
ck.js (1:0): Module 
level directives 
cause errors when 
bundled, "use 
client" in "node_modu
les/@mui/icons-materi
al/esm/VpnLock.js" 
was ignored.
node_modules/@mui/ico
ns-material/esm/Vrpan
o.js (1:0): Module 
level directives 
cause errors when 
bundled, "use 
client" in "node_modu
les/@mui/icons-materi
al/esm/Vrpano.js" 
was ignored.
node_modules/@mui/ico
ns-material/esm/VpnLo
ckTwoTone.js (1:0): 
Module level 
directives cause 
errors when bundled, 
"use client" in "node
_modules/@mui/icons-m
aterial/esm/VpnLockTw
oTone.js" was 
ignored.
node_modules/@mui/ico
ns-material/esm/VpnLo
ckSharp.js (1:0): 
Module level 
directives cause 
errors when bundled, 
"use client" in "node
_modules/@mui/icons-m
aterial/esm/VpnLockSh
arp.js" was ignored.
node_modules/@mui/ico
ns-material/esm/Vrpan
oSharp.js (1:0): 
Module level 
directives cause 
errors when bundled, 
"use client" in "node
_modules/@mui/icons-m
aterial/esm/VrpanoSha
rp.js" was ignored.
node_modules/@mui/ico
ns-material/esm/Vrpan
oRounded.js (1:0): 
Module level 
directives cause 
errors when bundled, 
"use client" in "node
_modules/@mui/icons-m
aterial/esm/VrpanoRou
nded.js" was ignored.
node_modules/@mui/ico
ns-material/esm/Vrpan
oOutlined.js (1:0): 
Module level 
directives cause 
errors when bundled, 
"use client" in "node
_modules/@mui/icons-m
aterial/esm/VrpanoOut
lined.js" was 
ignored.
node_modules/@mui/ico
ns-material/esm/Vrpan
oTwoTone.js (1:0): 
Module level 
directives cause 
errors when bundled, 
"use client" in "node
_modules/@mui/icons-m
aterial/esm/VrpanoTwo
Tone.js" was ignored.
node_modules/@mui/ico
ns-material/esm/Walle
t.js (1:0): Module 
level directives 
cause errors when 
bundled, "use 
client" in "node_modu
les/@mui/icons-materi
al/esm/Wallet.js" 
was ignored.
node_modules/@mui/ico
ns-material/esm/Walle
tOutlined.js (1:0): 
Module level 
directives cause 
errors when bundled, 
"use client" in "node
_modules/@mui/icons-m
aterial/esm/WalletOut
lined.js" was 
ignored.
node_modules/@mui/ico
ns-material/esm/Walle
tRounded.js (1:0): 
Module level 
directives cause 
errors when bundled, 
"use client" in "node
_modules/@mui/icons-m
aterial/esm/WalletRou
nded.js" was ignored.
node_modules/@mui/ico
ns-material/esm/Walle
tSharp.js (1:0): 
Module level 
directives cause 
errors when bundled, 
"use client" in "node
_modules/@mui/icons-m
aterial/esm/WalletSha
rp.js" was ignored.
node_modules/@mui/ico
ns-material/esm/Walle
tTwoTone.js (1:0): 
Module level 
directives cause 
errors when bundled, 
"use client" in "node
_modules/@mui/icons-m
aterial/esm/WalletTwo
Tone.js" was ignored.
node_modules/@mui/ico
ns-material/esm/Wallp
aper.js (1:0): 
Module level 
directives cause 
errors when bundled, 
"use client" in "node
_modules/@mui/icons-m
aterial/esm/Wallpaper
.js" was ignored.
node_modules/@mui/ico
ns-material/esm/Wallp
aperOutlined.js 
(1:0): Module level 
directives cause 
errors when bundled, 
"use client" in "node
_modules/@mui/icons-m
aterial/esm/Wallpaper
Outlined.js" was 
ignored.
node_modules/@mui/ico
ns-material/esm/Wallp
aperSharp.js (1:0): 
Module level 
directives cause 
errors when bundled, 
"use client" in "node
_modules/@mui/icons-m
aterial/esm/Wallpaper
Sharp.js" was 
ignored.
node_modules/@mui/ico
ns-material/esm/Wallp
aperRounded.js 
(1:0): Module level 
directives cause 
errors when bundled, 
"use client" in "node
_modules/@mui/icons-m
aterial/esm/Wallpaper
Rounded.js" was 
ignored.
node_modules/@mui/ico
ns-material/esm/Wareh
ouseOutlined.js 
(1:0): Module level 
directives cause 
errors when bundled, 
"use client" in "node
_modules/@mui/icons-m
aterial/esm/Warehouse
Outlined.js" was 
ignored.
node_modules/@mui/ico
ns-material/esm/Wallp
aperTwoTone.js 
(1:0): Module level 
directives cause 
errors when bundled, 
"use client" in "node
_modules/@mui/icons-m
aterial/esm/Wallpaper
TwoTone.js" was 
ignored.
node_modules/@mui/ico
ns-material/esm/Wareh
ouse.js (1:0): 
Module level 
directives cause 
errors when bundled, 
"use client" in "node
_modules/@mui/icons-m
aterial/esm/Warehouse
.js" was ignored.
node_modules/@mui/ico
ns-material/esm/Wareh
ouseRounded.js 
(1:0): Module level 
directives cause 
errors when bundled, 
"use client" in "node
_modules/@mui/icons-m
aterial/esm/Warehouse
Rounded.js" was 
ignored.
node_modules/@mui/ico
ns-material/esm/Wareh
ouseSharp.js (1:0): 
Module level 
directives cause 
errors when bundled, 
"use client" in "node
_modules/@mui/icons-m
aterial/esm/Warehouse
Sharp.js" was 
ignored.
node_modules/@mui/ico
ns-material/esm/Warni
ngAmber.js (1:0): 
Module level 
directives cause 
errors when bundled, 
"use client" in "node
_modules/@mui/icons-m
aterial/esm/WarningAm
ber.js" was ignored.
node_modules/@mui/ico
ns-material/esm/Warni
ngAmberOutlined.js 
(1:0): Module level 
directives cause 
errors when bundled, 
"use client" in "node
_modules/@mui/icons-m
aterial/esm/WarningAm
berOutlined.js" was 
ignored.
node_modules/@mui/ico
ns-material/esm/Warni
ng.js (1:0): Module 
level directives 
cause errors when 
bundled, "use 
client" in "node_modu
les/@mui/icons-materi
al/esm/Warning.js" 
was ignored.
node_modules/@mui/ico
ns-material/esm/Warni
ngAmberRounded.js 
(1:0): Module level 
directives cause 
errors when bundled, 
"use client" in "node
_modules/@mui/icons-m
aterial/esm/WarningAm
berRounded.js" was 
ignored.
node_modules/@mui/ico
ns-material/esm/Wareh
ouseTwoTone.js 
(1:0): Module level 
directives cause 
errors when bundled, 
"use client" in "node
_modules/@mui/icons-m
aterial/esm/Warehouse
TwoTone.js" was 
ignored.
node_modules/@mui/ico
ns-material/esm/Warni
ngAmberSharp.js 
(1:0): Module level 
directives cause 
errors when bundled, 
"use client" in "node
_modules/@mui/icons-m
aterial/esm/WarningAm
berSharp.js" was 
ignored.
node_modules/@mui/ico
ns-material/esm/Warni
ngOutlined.js (1:0): 
Module level 
directives cause 
errors when bundled, 
"use client" in "node
_modules/@mui/icons-m
aterial/esm/WarningOu
tlined.js" was 
ignored.
node_modules/@mui/ico
ns-material/esm/Warni
ngSharp.js (1:0): 
Module level 
directives cause 
errors when bundled, 
"use client" in "node
_modules/@mui/icons-m
aterial/esm/WarningSh
arp.js" was ignored.
node_modules/@mui/ico
ns-material/esm/Warni
ngAmberTwoTone.js 
(1:0): Module level 
directives cause 
errors when bundled, 
"use client" in "node
_modules/@mui/icons-m
aterial/esm/WarningAm
berTwoTone.js" was 
ignored.
node_modules/@mui/ico
ns-material/esm/Warni
ngTwoTone.js (1:0): 
Module level 
directives cause 
errors when bundled, 
"use client" in "node
_modules/@mui/icons-m
aterial/esm/WarningTw
oTone.js" was 
ignored.
node_modules/@mui/ico
ns-material/esm/Warni
ngRounded.js (1:0): 
Module level 
directives cause 
errors when bundled, 
"use client" in "node
_modules/@mui/icons-m
aterial/esm/WarningRo
unded.js" was 
ignored.
node_modules/@mui/ico
ns-material/esm/WashO
utlined.js (1:0): 
Module level 
directives cause 
errors when bundled, 
"use client" in "node
_modules/@mui/icons-m
aterial/esm/WashOutli
ned.js" was ignored.
node_modules/@mui/ico
ns-material/esm/Wash.
js (1:0): Module 
level directives 
cause errors when 
bundled, "use 
client" in "node_modu
les/@mui/icons-materi
al/esm/Wash.js" was 
ignored.
node_modules/@mui/ico
ns-material/esm/WashT
woTone.js (1:0): 
Module level 
directives cause 
errors when bundled, 
"use client" in "node
_modules/@mui/icons-m
aterial/esm/WashTwoTo
ne.js" was ignored.
node_modules/@mui/ico
ns-material/esm/WashS
harp.js (1:0): 
Module level 
directives cause 
errors when bundled, 
"use client" in "node
_modules/@mui/icons-m
aterial/esm/WashSharp
.js" was ignored.
node_modules/@mui/ico
ns-material/esm/Watch
Later.js (1:0): 
Module level 
directives cause 
errors when bundled, 
"use client" in "node
_modules/@mui/icons-m
aterial/esm/WatchLate
r.js" was ignored.
node_modules/@mui/ico
ns-material/esm/Watch
.js (1:0): Module 
level directives 
cause errors when 
bundled, "use 
client" in "node_modu
les/@mui/icons-materi
al/esm/Watch.js" was 
ignored.
node_modules/@mui/ico
ns-material/esm/Watch
LaterTwoTone.js 
(1:0): Module level 
directives cause 
errors when bundled, 
"use client" in "node
_modules/@mui/icons-m
aterial/esm/WatchLate
rTwoTone.js" was 
ignored.
node_modules/@mui/ico
ns-material/esm/WashR
ounded.js (1:0): 
Module level 
directives cause 
errors when bundled, 
"use client" in "node
_modules/@mui/icons-m
aterial/esm/WashRound
ed.js" was ignored.
node_modules/@mui/ico
ns-material/esm/Watch
LaterSharp.js (1:0): 
Module level 
directives cause 
errors when bundled, 
"use client" in "node
_modules/@mui/icons-m
aterial/esm/WatchLate
rSharp.js" was 
ignored.
node_modules/@mui/ico
ns-material/esm/Watch
OffOutlined.js 
(1:0): Module level 
directives cause 
errors when bundled, 
"use client" in "node
_modules/@mui/icons-m
aterial/esm/WatchOffO
utlined.js" was 
ignored.
node_modules/@mui/ico
ns-material/esm/Watch
Off.js (1:0): Module 
level directives 
cause errors when 
bundled, "use 
client" in "node_modu
les/@mui/icons-materi
al/esm/WatchOff.js" 
was ignored.
node_modules/@mui/ico
ns-material/esm/Watch
LaterOutlined.js 
(1:0): Module level 
directives cause 
errors when bundled, 
"use client" in "node
_modules/@mui/icons-m
aterial/esm/WatchLate
rOutlined.js" was 
ignored.
node_modules/@mui/ico
ns-material/esm/Watch
LaterRounded.js 
(1:0): Module level 
directives cause 
errors when bundled, 
"use client" in "node
_modules/@mui/icons-m
aterial/esm/WatchLate
rRounded.js" was 
ignored.
node_modules/@mui/ico
ns-material/esm/Watch
OffSharp.js (1:0): 
Module level 
directives cause 
errors when bundled, 
"use client" in "node
_modules/@mui/icons-m
aterial/esm/WatchOffS
harp.js" was ignored.
node_modules/@mui/ico
ns-material/esm/Watch
OffRounded.js (1:0): 
Module level 
directives cause 
errors when bundled, 
"use client" in "node
_modules/@mui/icons-m
aterial/esm/WatchOffR
ounded.js" was 
ignored.
node_modules/@mui/ico
ns-material/esm/Watch
Rounded.js (1:0): 
Module level 
directives cause 
errors when bundled, 
"use client" in "node
_modules/@mui/icons-m
aterial/esm/WatchRoun
ded.js" was ignored.
node_modules/@mui/ico
ns-material/esm/Watch
OffTwoTone.js (1:0): 
Module level 
directives cause 
errors when bundled, 
"use client" in "node
_modules/@mui/icons-m
aterial/esm/WatchOffT
woTone.js" was 
ignored.
node_modules/@mui/ico
ns-material/esm/Watch
Sharp.js (1:0): 
Module level 
directives cause 
errors when bundled, 
"use client" in "node
_modules/@mui/icons-m
aterial/esm/WatchShar
p.js" was ignored.
node_modules/@mui/ico
ns-material/esm/Watch
TwoTone.js (1:0): 
Module level 
directives cause 
errors when bundled, 
"use client" in "node
_modules/@mui/icons-m
aterial/esm/WatchTwoT
one.js" was ignored.
node_modules/@mui/ico
ns-material/esm/Watch
Outlined.js (1:0): 
Module level 
directives cause 
errors when bundled, 
"use client" in "node
_modules/@mui/icons-m
aterial/esm/WatchOutl
ined.js" was ignored.
node_modules/@mui/ico
ns-material/esm/Water
Damage.js (1:0): 
Module level 
directives cause 
errors when bundled, 
"use client" in "node
_modules/@mui/icons-m
aterial/esm/WaterDama
ge.js" was ignored.
node_modules/@mui/ico
ns-material/esm/Water
DamageOutlined.js 
(1:0): Module level 
directives cause 
errors when bundled, 
"use client" in "node
_modules/@mui/icons-m
aterial/esm/WaterDama
geOutlined.js" was 
ignored.
node_modules/@mui/ico
ns-material/esm/Water
.js (1:0): Module 
level directives 
cause errors when 
bundled, "use 
client" in "node_modu
les/@mui/icons-materi
al/esm/Water.js" was 
ignored.
node_modules/@mui/ico
ns-material/esm/Water
DropOutlined.js 
(1:0): Module level 
directives cause 
errors when bundled, 
"use client" in "node
_modules/@mui/icons-m
aterial/esm/WaterDrop
Outlined.js" was 
ignored.
node_modules/@mui/ico
ns-material/esm/Water
DamageRounded.js 
(1:0): Module level 
directives cause 
errors when bundled, 
"use client" in "node
_modules/@mui/icons-m
aterial/esm/WaterDama
geRounded.js" was 
ignored.
node_modules/@mui/ico
ns-material/esm/Water
DropSharp.js (1:0): 
Module level 
directives cause 
errors when bundled, 
"use client" in "node
_modules/@mui/icons-m
aterial/esm/WaterDrop
Sharp.js" was 
ignored.
node_modules/@mui/ico
ns-material/esm/Water
DropRounded.js 
(1:0): Module level 
directives cause 
errors when bundled, 
"use client" in "node
_modules/@mui/icons-m
aterial/esm/WaterDrop
Rounded.js" was 
ignored.
node_modules/@mui/ico
ns-material/esm/Water
DropTwoTone.js 
(1:0): Module level 
directives cause 
errors when bundled, 
"use client" in "node
_modules/@mui/icons-m
aterial/esm/WaterDrop
TwoTone.js" was 
ignored.
node_modules/@mui/ico
ns-material/esm/Water
DamageSharp.js 
(1:0): Module level 
directives cause 
errors when bundled, 
"use client" in "node
_modules/@mui/icons-m
aterial/esm/WaterDama
geSharp.js" was 
ignored.
node_modules/@mui/ico
ns-material/esm/Water
Outlined.js (1:0): 
Module level 
directives cause 
errors when bundled, 
"use client" in "node
_modules/@mui/icons-m
aterial/esm/WaterOutl
ined.js" was ignored.
node_modules/@mui/ico
ns-material/esm/Water
Rounded.js (1:0): 
Module level 
directives cause 
errors when bundled, 
"use client" in "node
_modules/@mui/icons-m
aterial/esm/WaterRoun
ded.js" was ignored.
node_modules/@mui/ico
ns-material/esm/Water
Sharp.js (1:0): 
Module level 
directives cause 
errors when bundled, 
"use client" in "node
_modules/@mui/icons-m
aterial/esm/WaterShar
p.js" was ignored.
node_modules/@mui/ico
ns-material/esm/Water
TwoTone.js (1:0): 
Module level 
directives cause 
errors when bundled, 
"use client" in "node
_modules/@mui/icons-m
aterial/esm/WaterTwoT
one.js" was ignored.
node_modules/@mui/ico
ns-material/esm/Water
fallChartOutlined.js 
(1:0): Module level 
directives cause 
errors when bundled, 
"use client" in "node
_modules/@mui/icons-m
aterial/esm/Waterfall
ChartOutlined.js" 
was ignored.
node_modules/@mui/ico
ns-material/esm/Water
fallChart.js (1:0): 
Module level 
directives cause 
errors when bundled, 
"use client" in "node
_modules/@mui/icons-m
aterial/esm/Waterfall
Chart.js" was 
ignored.
node_modules/@mui/ico
ns-material/esm/Water
fallChartSharp.js 
(1:0): Module level 
directives cause 
errors when bundled, 
"use client" in "node
_modules/@mui/icons-m
aterial/esm/Waterfall
ChartSharp.js" was 
ignored.
node_modules/@mui/ico
ns-material/esm/Water
fallChartRounded.js 
(1:0): Module level 
directives cause 
errors when bundled, 
"use client" in "node
_modules/@mui/icons-m
aterial/esm/Waterfall
ChartRounded.js" was 
ignored.
node_modules/@mui/ico
ns-material/esm/Waves
.js (1:0): Module 
level directives 
cause errors when 
bundled, "use 
client" in "node_modu
les/@mui/icons-materi
al/esm/Waves.js" was 
ignored.
node_modules/@mui/ico
ns-material/esm/Water
fallChartTwoTone.js 
(1:0): Module level 
directives cause 
errors when bundled, 
"use client" in "node
_modules/@mui/icons-m
aterial/esm/Waterfall
ChartTwoTone.js" was 
ignored.
node_modules/@mui/ico
ns-material/esm/Waves
Outlined.js (1:0): 
Module level 
directives cause 
errors when bundled, 
"use client" in "node
_modules/@mui/icons-m
aterial/esm/WavesOutl
ined.js" was ignored.
node_modules/@mui/ico
ns-material/esm/Water
Drop.js (1:0): 
Module level 
directives cause 
errors when bundled, 
"use client" in "node
_modules/@mui/icons-m
aterial/esm/WaterDrop
.js" was ignored.
node_modules/@mui/ico
ns-material/esm/Waves
TwoTone.js (1:0): 
Module level 
directives cause 
errors when bundled, 
"use client" in "node
_modules/@mui/icons-m
aterial/esm/WavesTwoT
one.js" was ignored.
node_modules/@mui/ico
ns-material/esm/Waves
Rounded.js (1:0): 
Module level 
directives cause 
errors when bundled, 
"use client" in "node
_modules/@mui/icons-m
aterial/esm/WavesRoun
ded.js" was ignored.
node_modules/@mui/ico
ns-material/esm/Wavin
gHand.js (1:0): 
Module level 
directives cause 
errors when bundled, 
"use client" in "node
_modules/@mui/icons-m
aterial/esm/WavingHan
d.js" was ignored.
node_modules/@mui/ico
ns-material/esm/Waves
Sharp.js (1:0): 
Module level 
directives cause 
errors when bundled, 
"use client" in "node
_modules/@mui/icons-m
aterial/esm/WavesShar
p.js" was ignored.
node_modules/@mui/ico
ns-material/esm/Wavin
gHandOutlined.js 
(1:0): Module level 
directives cause 
errors when bundled, 
"use client" in "node
_modules/@mui/icons-m
aterial/esm/WavingHan
dOutlined.js" was 
ignored.
node_modules/@mui/ico
ns-material/esm/Wavin
gHandRounded.js 
(1:0): Module level 
directives cause 
errors when bundled, 
"use client" in "node
_modules/@mui/icons-m
aterial/esm/WavingHan
dRounded.js" was 
ignored.
node_modules/@mui/ico
ns-material/esm/Wavin
gHandSharp.js (1:0): 
Module level 
directives cause 
errors when bundled, 
"use client" in "node
_modules/@mui/icons-m
aterial/esm/WavingHan
dSharp.js" was 
ignored.
node_modules/@mui/ico
ns-material/esm/Wavin
gHandTwoTone.js 
(1:0): Module level 
directives cause 
errors when bundled, 
"use client" in "node
_modules/@mui/icons-m
aterial/esm/WavingHan
dTwoTone.js" was 
ignored.
node_modules/@mui/ico
ns-material/esm/WbAut
oOutlined.js (1:0): 
Module level 
directives cause 
errors when bundled, 
"use client" in "node
_modules/@mui/icons-m
aterial/esm/WbAutoOut
lined.js" was 
ignored.
node_modules/@mui/ico
ns-material/esm/WbAut
o.js (1:0): Module 
level directives 
cause errors when 
bundled, "use 
client" in "node_modu
les/@mui/icons-materi
al/esm/WbAuto.js" 
was ignored.
node_modules/@mui/ico
ns-material/esm/Water
DamageTwoTone.js 
(1:0): Module level 
directives cause 
errors when bundled, 
"use client" in "node
_modules/@mui/icons-m
aterial/esm/WaterDama
geTwoTone.js" was 
ignored.
node_modules/@mui/ico
ns-material/esm/WbAut
oRounded.js (1:0): 
Module level 
directives cause 
errors when bundled, 
"use client" in "node
_modules/@mui/icons-m
aterial/esm/WbAutoRou
nded.js" was ignored.
node_modules/@mui/ico
ns-material/esm/WbAut
oSharp.js (1:0): 
Module level 
directives cause 
errors when bundled, 
"use client" in "node
_modules/@mui/icons-m
aterial/esm/WbAutoSha
rp.js" was ignored.
node_modules/@mui/ico
ns-material/esm/WbAut
oTwoTone.js (1:0): 
Module level 
directives cause 
errors when bundled, 
"use client" in "node
_modules/@mui/icons-m
aterial/esm/WbAutoTwo
Tone.js" was ignored.
node_modules/@mui/ico
ns-material/esm/WbClo
udy.js (1:0): Module 
level directives 
cause errors when 
bundled, "use 
client" in "node_modu
les/@mui/icons-materi
al/esm/WbCloudy.js" 
was ignored.
node_modules/@mui/ico
ns-material/esm/WbClo
udyRounded.js (1:0): 
Module level 
directives cause 
errors when bundled, 
"use client" in "node
_modules/@mui/icons-m
aterial/esm/WbCloudyR
ounded.js" was 
ignored.
node_modules/@mui/ico
ns-material/esm/WbClo
udyOutlined.js 
(1:0): Module level 
directives cause 
errors when bundled, 
"use client" in "node
_modules/@mui/icons-m
aterial/esm/WbCloudyO
utlined.js" was 
ignored.
node_modules/@mui/ico
ns-material/esm/WbClo
udyTwoTone.js (1:0): 
Module level 
directives cause 
errors when bundled, 
"use client" in "node
_modules/@mui/icons-m
aterial/esm/WbCloudyT
woTone.js" was 
ignored.
node_modules/@mui/ico
ns-material/esm/WbInc
andescent.js (1:0): 
Module level 
directives cause 
errors when bundled, 
"use client" in "node
_modules/@mui/icons-m
aterial/esm/WbIncande
scent.js" was 
ignored.
node_modules/@mui/ico
ns-material/esm/WbClo
udySharp.js (1:0): 
Module level 
directives cause 
errors when bundled, 
"use client" in "node
_modules/@mui/icons-m
aterial/esm/WbCloudyS
harp.js" was ignored.
node_modules/@mui/ico
ns-material/esm/WbInc
andescentOutlined.js 
(1:0): Module level 
directives cause 
errors when bundled, 
"use client" in "node
_modules/@mui/icons-m
aterial/esm/WbIncande
scentOutlined.js" 
was ignored.
node_modules/@mui/ico
ns-material/esm/WbInc
andescentSharp.js 
(1:0): Module level 
directives cause 
errors when bundled, 
"use client" in "node
_modules/@mui/icons-m
aterial/esm/WbIncande
scentSharp.js" was 
ignored.
node_modules/@mui/ico
ns-material/esm/WbInc
andescentRounded.js 
(1:0): Module level 
directives cause 
errors when bundled, 
"use client" in "node
_modules/@mui/icons-m
aterial/esm/WbIncande
scentRounded.js" was 
ignored.
node_modules/@mui/ico
ns-material/esm/WbInc
andescentTwoTone.js 
(1:0): Module level 
directives cause 
errors when bundled, 
"use client" in "node
_modules/@mui/icons-m
aterial/esm/WbIncande
scentTwoTone.js" was 
ignored.
node_modules/@mui/ico
ns-material/esm/WbIri
descentOutlined.js 
(1:0): Module level 
directives cause 
errors when bundled, 
"use client" in "node
_modules/@mui/icons-m
aterial/esm/WbIridesc
entOutlined.js" was 
ignored.
node_modules/@mui/ico
ns-material/esm/WbIri
descent.js (1:0): 
Module level 
directives cause 
errors when bundled, 
"use client" in "node
_modules/@mui/icons-m
aterial/esm/WbIridesc
ent.js" was ignored.
node_modules/@mui/ico
ns-material/esm/WbIri
descentRounded.js 
(1:0): Module level 
directives cause 
errors when bundled, 
"use client" in "node
_modules/@mui/icons-m
aterial/esm/WbIridesc
entRounded.js" was 
ignored.
node_modules/@mui/ico
ns-material/esm/WbIri
descentSharp.js 
(1:0): Module level 
directives cause 
errors when bundled, 
"use client" in "node
_modules/@mui/icons-m
aterial/esm/WbIridesc
entSharp.js" was 
ignored.
node_modules/@mui/ico
ns-material/esm/WbSha
de.js (1:0): Module 
level directives 
cause errors when 
bundled, "use 
client" in "node_modu
les/@mui/icons-materi
al/esm/WbShade.js" 
was ignored.
node_modules/@mui/ico
ns-material/esm/WbIri
descentTwoTone.js 
(1:0): Module level 
directives cause 
errors when bundled, 
"use client" in "node
_modules/@mui/icons-m
aterial/esm/WbIridesc
entTwoTone.js" was 
ignored.
node_modules/@mui/ico
ns-material/esm/WbSha
deOutlined.js (1:0): 
Module level 
directives cause 
errors when bundled, 
"use client" in "node
_modules/@mui/icons-m
aterial/esm/WbShadeOu
tlined.js" was 
ignored.
node_modules/@mui/ico
ns-material/esm/WbSha
deRounded.js (1:0): 
Module level 
directives cause 
errors when bundled, 
"use client" in "node
_modules/@mui/icons-m
aterial/esm/WbShadeRo
unded.js" was 
ignored.
node_modules/@mui/ico
ns-material/esm/WbSha
deTwoTone.js (1:0): 
Module level 
directives cause 
errors when bundled, 
"use client" in "node
_modules/@mui/icons-m
aterial/esm/WbShadeTw
oTone.js" was 
ignored.
node_modules/@mui/ico
ns-material/esm/WbSha
deSharp.js (1:0): 
Module level 
directives cause 
errors when bundled, 
"use client" in "node
_modules/@mui/icons-m
aterial/esm/WbShadeSh
arp.js" was ignored.
node_modules/@mui/ico
ns-material/esm/WbSun
nyOutlined.js (1:0): 
Module level 
directives cause 
errors when bundled, 
"use client" in "node
_modules/@mui/icons-m
aterial/esm/WbSunnyOu
tlined.js" was 
ignored.
node_modules/@mui/ico
ns-material/esm/WbSun
nySharp.js (1:0): 
Module level 
directives cause 
errors when bundled, 
"use client" in "node
_modules/@mui/icons-m
aterial/esm/WbSunnySh
arp.js" was ignored.
node_modules/@mui/ico
ns-material/esm/WbSun
nyRounded.js (1:0): 
Module level 
directives cause 
errors when bundled, 
"use client" in "node
_modules/@mui/icons-m
aterial/esm/WbSunnyRo
unded.js" was 
ignored.
node_modules/@mui/ico
ns-material/esm/WbSun
nyTwoTone.js (1:0): 
Module level 
directives cause 
errors when bundled, 
"use client" in "node
_modules/@mui/icons-m
aterial/esm/WbSunnyTw
oTone.js" was 
ignored.
node_modules/@mui/ico
ns-material/esm/WbTwi
lightOutlined.js 
(1:0): Module level 
directives cause 
errors when bundled, 
"use client" in "node
_modules/@mui/icons-m
aterial/esm/WbTwiligh
tOutlined.js" was 
ignored.
node_modules/@mui/ico
ns-material/esm/WbTwi
light.js (1:0): 
Module level 
directives cause 
errors when bundled, 
"use client" in "node
_modules/@mui/icons-m
aterial/esm/WbTwiligh
t.js" was ignored.
node_modules/@mui/ico
ns-material/esm/Wc.js
 (1:0): Module level 
directives cause 
errors when bundled, 
"use client" in "node
_modules/@mui/icons-m
aterial/esm/Wc.js" 
was ignored.
node_modules/@mui/ico
ns-material/esm/WbTwi
lightTwoTone.js 
(1:0): Module level 
directives cause 
errors when bundled, 
"use client" in "node
_modules/@mui/icons-m
aterial/esm/WbTwiligh
tTwoTone.js" was 
ignored.
node_modules/@mui/ico
ns-material/esm/WcOut
lined.js (1:0): 
Module level 
directives cause 
errors when bundled, 
"use client" in "node
_modules/@mui/icons-m
aterial/esm/WcOutline
d.js" was ignored.
node_modules/@mui/ico
ns-material/esm/WbTwi
lightSharp.js (1:0): 
Module level 
directives cause 
errors when bundled, 
"use client" in "node
_modules/@mui/icons-m
aterial/esm/WbTwiligh
tSharp.js" was 
ignored.
node_modules/@mui/ico
ns-material/esm/WcTwo
Tone.js (1:0): 
Module level 
directives cause 
errors when bundled, 
"use client" in "node
_modules/@mui/icons-m
aterial/esm/WcTwoTone
.js" was ignored.
node_modules/@mui/ico
ns-material/esm/WcSha
rp.js (1:0): Module 
level directives 
cause errors when 
bundled, "use 
client" in "node_modu
les/@mui/icons-materi
al/esm/WcSharp.js" 
was ignored.
node_modules/@mui/ico
ns-material/esm/WbSun
ny.js (1:0): Module 
level directives 
cause errors when 
bundled, "use 
client" in "node_modu
les/@mui/icons-materi
al/esm/WbSunny.js" 
was ignored.
node_modules/@mui/ico
ns-material/esm/WcRou
nded.js (1:0): 
Module level 
directives cause 
errors when bundled, 
"use client" in "node
_modules/@mui/icons-m
aterial/esm/WcRounded
.js" was ignored.
node_modules/@mui/ico
ns-material/esm/WbTwi
lightRounded.js 
(1:0): Module level 
directives cause 
errors when bundled, 
"use client" in "node
_modules/@mui/icons-m
aterial/esm/WbTwiligh
tRounded.js" was 
ignored.
node_modules/@mui/ico
ns-material/esm/WebAs
setOffOutlined.js 
(1:0): Module level 
directives cause 
errors when bundled, 
"use client" in "node
_modules/@mui/icons-m
aterial/esm/WebAssetO
ffOutlined.js" was 
ignored.
node_modules/@mui/ico
ns-material/esm/Web.j
s (1:0): Module 
level directives 
cause errors when 
bundled, "use 
client" in "node_modu
les/@mui/icons-materi
al/esm/Web.js" was 
ignored.
node_modules/@mui/ico
ns-material/esm/WebAs
set.js (1:0): Module 
level directives 
cause errors when 
bundled, "use 
client" in "node_modu
les/@mui/icons-materi
al/esm/WebAsset.js" 
was ignored.
node_modules/@mui/ico
ns-material/esm/WebAs
setOffRounded.js 
(1:0): Module level 
directives cause 
errors when bundled, 
"use client" in "node
_modules/@mui/icons-m
aterial/esm/WebAssetO
ffRounded.js" was 
ignored.
node_modules/@mui/ico
ns-material/esm/WebAs
setOff.js (1:0): 
Module level 
directives cause 
errors when bundled, 
"use client" in "node
_modules/@mui/icons-m
aterial/esm/WebAssetO
ff.js" was ignored.
node_modules/@mui/ico
ns-material/esm/WebAs
setOffSharp.js 
(1:0): Module level 
directives cause 
errors when bundled, 
"use client" in "node
_modules/@mui/icons-m
aterial/esm/WebAssetO
ffSharp.js" was 
ignored.
node_modules/@mui/ico
ns-material/esm/WebAs
setOutlined.js 
(1:0): Module level 
directives cause 
errors when bundled, 
"use client" in "node
_modules/@mui/icons-m
aterial/esm/WebAssetO
utlined.js" was 
ignored.
node_modules/@mui/ico
ns-material/esm/WebAs
setOffTwoTone.js 
(1:0): Module level 
directives cause 
errors when bundled, 
"use client" in "node
_modules/@mui/icons-m
aterial/esm/WebAssetO
ffTwoTone.js" was 
ignored.
node_modules/@mui/ico
ns-material/esm/WebAs
setTwoTone.js (1:0): 
Module level 
directives cause 
errors when bundled, 
"use client" in "node
_modules/@mui/icons-m
aterial/esm/WebAssetT
woTone.js" was 
ignored.
node_modules/@mui/ico
ns-material/esm/WebAs
setRounded.js (1:0): 
Module level 
directives cause 
errors when bundled, 
"use client" in "node
_modules/@mui/icons-m
aterial/esm/WebAssetR
ounded.js" was 
ignored.
node_modules/@mui/ico
ns-material/esm/WebAs
setSharp.js (1:0): 
Module level 
directives cause 
errors when bundled, 
"use client" in "node
_modules/@mui/icons-m
aterial/esm/WebAssetS
harp.js" was ignored.
node_modules/@mui/ico
ns-material/esm/WebRo
unded.js (1:0): 
Module level 
directives cause 
errors when bundled, 
"use client" in "node
_modules/@mui/icons-m
aterial/esm/WebRounde
d.js" was ignored.
node_modules/@mui/ico
ns-material/esm/WebOu
tlined.js (1:0): 
Module level 
directives cause 
errors when bundled, 
"use client" in "node
_modules/@mui/icons-m
aterial/esm/WebOutlin
ed.js" was ignored.
node_modules/@mui/ico
ns-material/esm/WebSt
ories.js (1:0): 
Module level 
directives cause 
errors when bundled, 
"use client" in "node
_modules/@mui/icons-m
aterial/esm/WebStorie
s.js" was ignored.
node_modules/@mui/ico
ns-material/esm/WebSh
arp.js (1:0): Module 
level directives 
cause errors when 
bundled, "use 
client" in "node_modu
les/@mui/icons-materi
al/esm/WebSharp.js" 
was ignored.
node_modules/@mui/ico
ns-material/esm/WebSt
oriesOutlined.js 
(1:0): Module level 
directives cause 
errors when bundled, 
"use client" in "node
_modules/@mui/icons-m
aterial/esm/WebStorie
sOutlined.js" was 
ignored.
node_modules/@mui/ico
ns-material/esm/WebSt
oriesSharp.js (1:0): 
Module level 
directives cause 
errors when bundled, 
"use client" in "node
_modules/@mui/icons-m
aterial/esm/WebStorie
sSharp.js" was 
ignored.
node_modules/@mui/ico
ns-material/esm/WebSt
oriesRounded.js 
(1:0): Module level 
directives cause 
errors when bundled, 
"use client" in "node
_modules/@mui/icons-m
aterial/esm/WebStorie
sRounded.js" was 
ignored.
node_modules/@mui/ico
ns-material/esm/WebSt
oriesTwoTone.js 
(1:0): Module level 
directives cause 
errors when bundled, 
"use client" in "node
_modules/@mui/icons-m
aterial/esm/WebStorie
sTwoTone.js" was 
ignored.
node_modules/@mui/ico
ns-material/esm/WebTw
oTone.js (1:0): 
Module level 
directives cause 
errors when bundled, 
"use client" in "node
_modules/@mui/icons-m
aterial/esm/WebTwoTon
e.js" was ignored.
node_modules/@mui/ico
ns-material/esm/Webho
okOutlined.js (1:0): 
Module level 
directives cause 
errors when bundled, 
"use client" in "node
_modules/@mui/icons-m
aterial/esm/WebhookOu
tlined.js" was 
ignored.
node_modules/@mui/ico
ns-material/esm/Webho
ok.js (1:0): Module 
level directives 
cause errors when 
bundled, "use 
client" in "node_modu
les/@mui/icons-materi
al/esm/Webhook.js" 
was ignored.
node_modules/@mui/ico
ns-material/esm/Webho
okRounded.js (1:0): 
Module level 
directives cause 
errors when bundled, 
"use client" in "node
_modules/@mui/icons-m
aterial/esm/WebhookRo
unded.js" was 
ignored.
node_modules/@mui/ico
ns-material/esm/Weeke
nd.js (1:0): Module 
level directives 
cause errors when 
bundled, "use 
client" in "node_modu
les/@mui/icons-materi
al/esm/Weekend.js" 
was ignored.
node_modules/@mui/ico
ns-material/esm/Webho
okTwoTone.js (1:0): 
Module level 
directives cause 
errors when bundled, 
"use client" in "node
_modules/@mui/icons-m
aterial/esm/WebhookTw
oTone.js" was 
ignored.
node_modules/@mui/ico
ns-material/esm/Webho
okSharp.js (1:0): 
Module level 
directives cause 
errors when bundled, 
"use client" in "node
_modules/@mui/icons-m
aterial/esm/WebhookSh
arp.js" was ignored.
node_modules/@mui/ico
ns-material/esm/Weeke
ndRounded.js (1:0): 
Module level 
directives cause 
errors when bundled, 
"use client" in "node
_modules/@mui/icons-m
aterial/esm/WeekendRo
unded.js" was 
ignored.
node_modules/@mui/ico
ns-material/esm/Weeke
ndOutlined.js (1:0): 
Module level 
directives cause 
errors when bundled, 
"use client" in "node
_modules/@mui/icons-m
aterial/esm/WeekendOu
tlined.js" was 
ignored.
node_modules/@mui/ico
ns-material/esm/Weeke
ndSharp.js (1:0): 
Module level 
directives cause 
errors when bundled, 
"use client" in "node
_modules/@mui/icons-m
aterial/esm/WeekendSh
arp.js" was ignored.
node_modules/@mui/ico
ns-material/esm/Weeke
ndTwoTone.js (1:0): 
Module level 
directives cause 
errors when bundled, 
"use client" in "node
_modules/@mui/icons-m
aterial/esm/WeekendTw
oTone.js" was 
ignored.
node_modules/@mui/ico
ns-material/esm/West.
js (1:0): Module 
level directives 
cause errors when 
bundled, "use 
client" in "node_modu
les/@mui/icons-materi
al/esm/West.js" was 
ignored.
node_modules/@mui/ico
ns-material/esm/WestO
utlined.js (1:0): 
Module level 
directives cause 
errors when bundled, 
"use client" in "node
_modules/@mui/icons-m
aterial/esm/WestOutli
ned.js" was ignored.
node_modules/@mui/ico
ns-material/esm/WestT
woTone.js (1:0): 
Module level 
directives cause 
errors when bundled, 
"use client" in "node
_modules/@mui/icons-m
aterial/esm/WestTwoTo
ne.js" was ignored.
node_modules/@mui/ico
ns-material/esm/WestR
ounded.js (1:0): 
Module level 
directives cause 
errors when bundled, 
"use client" in "node
_modules/@mui/icons-m
aterial/esm/WestRound
ed.js" was ignored.
node_modules/@mui/ico
ns-material/esm/WestS
harp.js (1:0): 
Module level 
directives cause 
errors when bundled, 
"use client" in "node
_modules/@mui/icons-m
aterial/esm/WestSharp
.js" was ignored.
node_modules/@mui/ico
ns-material/esm/Whats
App.js (1:0): Module 
level directives 
cause errors when 
bundled, "use 
client" in "node_modu
les/@mui/icons-materi
al/esm/WhatsApp.js" 
was ignored.
node_modules/@mui/ico
ns-material/esm/Whats
hotOutlined.js 
(1:0): Module level 
directives cause 
errors when bundled, 
"use client" in "node
_modules/@mui/icons-m
aterial/esm/WhatshotO
utlined.js" was 
ignored.
node_modules/@mui/ico
ns-material/esm/Whats
hot.js (1:0): Module 
level directives 
cause errors when 
bundled, "use 
client" in "node_modu
les/@mui/icons-materi
al/esm/Whatshot.js" 
was ignored.
node_modules/@mui/ico
ns-material/esm/Whats
hotRounded.js (1:0): 
Module level 
directives cause 
errors when bundled, 
"use client" in "node
_modules/@mui/icons-m
aterial/esm/WhatshotR
ounded.js" was 
ignored.
node_modules/@mui/ico
ns-material/esm/Whats
hotTwoTone.js (1:0): 
Module level 
directives cause 
errors when bundled, 
"use client" in "node
_modules/@mui/icons-m
aterial/esm/WhatshotT
woTone.js" was 
ignored.
node_modules/@mui/ico
ns-material/esm/Whats
hotSharp.js (1:0): 
Module level 
directives cause 
errors when bundled, 
"use client" in "node
_modules/@mui/icons-m
aterial/esm/WhatshotS
harp.js" was ignored.
node_modules/@mui/ico
ns-material/esm/Wheel
chairPickupOutlined.j
s (1:0): Module 
level directives 
cause errors when 
bundled, "use 
client" in "node_modu
les/@mui/icons-materi
al/esm/WheelchairPick
upOutlined.js" was 
ignored.
node_modules/@mui/ico
ns-material/esm/Wheel
chairPickupSharp.js 
(1:0): Module level 
directives cause 
errors when bundled, 
"use client" in "node
_modules/@mui/icons-m
aterial/esm/Wheelchai
rPickupSharp.js" was 
ignored.
node_modules/@mui/ico
ns-material/esm/Wheel
chairPickupRounded.js
 (1:0): Module level 
directives cause 
errors when bundled, 
"use client" in "node
_modules/@mui/icons-m
aterial/esm/Wheelchai
rPickupRounded.js" 
was ignored.
node_modules/@mui/ico
ns-material/esm/Where
ToVote.js (1:0): 
Module level 
directives cause 
errors when bundled, 
"use client" in "node
_modules/@mui/icons-m
aterial/esm/WhereToVo
te.js" was ignored.
node_modules/@mui/ico
ns-material/esm/Where
ToVoteOutlined.js 
(1:0): Module level 
directives cause 
errors when bundled, 
"use client" in "node
_modules/@mui/icons-m
aterial/esm/WhereToVo
teOutlined.js" was 
ignored.
node_modules/@mui/ico
ns-material/esm/Wheel
chairPickup.js 
(1:0): Module level 
directives cause 
errors when bundled, 
"use client" in "node
_modules/@mui/icons-m
aterial/esm/Wheelchai
rPickup.js" was 
ignored.
node_modules/@mui/ico
ns-material/esm/Wheel
chairPickupTwoTone.js
 (1:0): Module level 
directives cause 
errors when bundled, 
"use client" in "node
_modules/@mui/icons-m
aterial/esm/Wheelchai
rPickupTwoTone.js" 
was ignored.
node_modules/@mui/ico
ns-material/esm/Where
ToVoteRounded.js 
(1:0): Module level 
directives cause 
errors when bundled, 
"use client" in "node
_modules/@mui/icons-m
aterial/esm/WhereToVo
teRounded.js" was 
ignored.
node_modules/@mui/ico
ns-material/esm/Widge
ts.js (1:0): Module 
level directives 
cause errors when 
bundled, "use 
client" in "node_modu
les/@mui/icons-materi
al/esm/Widgets.js" 
was ignored.
node_modules/@mui/ico
ns-material/esm/Where
ToVoteSharp.js 
(1:0): Module level 
directives cause 
errors when bundled, 
"use client" in "node
_modules/@mui/icons-m
aterial/esm/WhereToVo
teSharp.js" was 
ignored.
node_modules/@mui/ico
ns-material/esm/Widge
tsOutlined.js (1:0): 
Module level 
directives cause 
errors when bundled, 
"use client" in "node
_modules/@mui/icons-m
aterial/esm/WidgetsOu
tlined.js" was 
ignored.
node_modules/@mui/ico
ns-material/esm/Widge
tsSharp.js (1:0): 
Module level 
directives cause 
errors when bundled, 
"use client" in "node
_modules/@mui/icons-m
aterial/esm/WidgetsSh
arp.js" was ignored.
node_modules/@mui/ico
ns-material/esm/Widge
tsRounded.js (1:0): 
Module level 
directives cause 
errors when bundled, 
"use client" in "node
_modules/@mui/icons-m
aterial/esm/WidgetsRo
unded.js" was 
ignored.
node_modules/@mui/ico
ns-material/esm/Widge
tsTwoTone.js (1:0): 
Module level 
directives cause 
errors when bundled, 
"use client" in "node
_modules/@mui/icons-m
aterial/esm/WidgetsTw
oTone.js" was 
ignored.
node_modules/@mui/ico
ns-material/esm/Where
ToVoteTwoTone.js 
(1:0): Module level 
directives cause 
errors when bundled, 
"use client" in "node
_modules/@mui/icons-m
aterial/esm/WhereToVo
teTwoTone.js" was 
ignored.
node_modules/@mui/ico
ns-material/esm/Width
FullRounded.js 
(1:0): Module level 
directives cause 
errors when bundled, 
"use client" in "node
_modules/@mui/icons-m
aterial/esm/WidthFull
Rounded.js" was 
ignored.
node_modules/@mui/ico
ns-material/esm/Width
FullOutlined.js 
(1:0): Module level 
directives cause 
errors when bundled, 
"use client" in "node
_modules/@mui/icons-m
aterial/esm/WidthFull
Outlined.js" was 
ignored.
node_modules/@mui/ico
ns-material/esm/Width
Full.js (1:0): 
Module level 
directives cause 
errors when bundled, 
"use client" in "node
_modules/@mui/icons-m
aterial/esm/WidthFull
.js" was ignored.
node_modules/@mui/ico
ns-material/esm/Width
Normal.js (1:0): 
Module level 
directives cause 
errors when bundled, 
"use client" in "node
_modules/@mui/icons-m
aterial/esm/WidthNorm
al.js" was ignored.
node_modules/@mui/ico
ns-material/esm/Width
FullSharp.js (1:0): 
Module level 
directives cause 
errors when bundled, 
"use client" in "node
_modules/@mui/icons-m
aterial/esm/WidthFull
Sharp.js" was 
ignored.
node_modules/@mui/ico
ns-material/esm/Width
FullTwoTone.js 
(1:0): Module level 
directives cause 
errors when bundled, 
"use client" in "node
_modules/@mui/icons-m
aterial/esm/WidthFull
TwoTone.js" was 
ignored.
node_modules/@mui/ico
ns-material/esm/Width
NormalRounded.js 
(1:0): Module level 
directives cause 
errors when bundled, 
"use client" in "node
_modules/@mui/icons-m
aterial/esm/WidthNorm
alRounded.js" was 
ignored.
node_modules/@mui/ico
ns-material/esm/Width
NormalOutlined.js 
(1:0): Module level 
directives cause 
errors when bundled, 
"use client" in "node
_modules/@mui/icons-m
aterial/esm/WidthNorm
alOutlined.js" was 
ignored.
node_modules/@mui/ico
ns-material/esm/Width
NormalTwoTone.js 
(1:0): Module level 
directives cause 
errors when bundled, 
"use client" in "node
_modules/@mui/icons-m
aterial/esm/WidthNorm
alTwoTone.js" was 
ignored.
node_modules/@mui/ico
ns-material/esm/Width
NormalSharp.js 
(1:0): Module level 
directives cause 
errors when bundled, 
"use client" in "node
_modules/@mui/icons-m
aterial/esm/WidthNorm
alSharp.js" was 
ignored.
node_modules/@mui/ico
ns-material/esm/Width
Wide.js (1:0): 
Module level 
directives cause 
errors when bundled, 
"use client" in "node
_modules/@mui/icons-m
aterial/esm/WidthWide
.js" was ignored.
node_modules/@mui/ico
ns-material/esm/Width
WideOutlined.js 
(1:0): Module level 
directives cause 
errors when bundled, 
"use client" in "node
_modules/@mui/icons-m
aterial/esm/WidthWide
Outlined.js" was 
ignored.
node_modules/@mui/ico
ns-material/esm/Width
WideRounded.js 
(1:0): Module level 
directives cause 
errors when bundled, 
"use client" in "node
_modules/@mui/icons-m
aterial/esm/WidthWide
Rounded.js" was 
ignored.
node_modules/@mui/ico
ns-material/esm/Width
WideSharp.js (1:0): 
Module level 
directives cause 
errors when bundled, 
"use client" in "node
_modules/@mui/icons-m
aterial/esm/WidthWide
Sharp.js" was 
ignored.
node_modules/@mui/ico
ns-material/esm/Width
WideTwoTone.js 
(1:0): Module level 
directives cause 
errors when bundled, 
"use client" in "node
_modules/@mui/icons-m
aterial/esm/WidthWide
TwoTone.js" was 
ignored.
node_modules/@mui/ico
ns-material/esm/Wifi.
js (1:0): Module 
level directives 
cause errors when 
bundled, "use 
client" in "node_modu
les/@mui/icons-materi
al/esm/Wifi.js" was 
ignored.
node_modules/@mui/ico
ns-material/esm/Wifi1
Bar.js (1:0): Module 
level directives 
cause errors when 
bundled, "use 
client" in "node_modu
les/@mui/icons-materi
al/esm/Wifi1Bar.js" 
was ignored.
node_modules/@mui/ico
ns-material/esm/Wifi1
BarSharp.js (1:0): 
Module level 
directives cause 
errors when bundled, 
"use client" in "node
_modules/@mui/icons-m
aterial/esm/Wifi1BarS
harp.js" was ignored.
node_modules/@mui/ico
ns-material/esm/Wifi1
BarRounded.js (1:0): 
Module level 
directives cause 
errors when bundled, 
"use client" in "node
_modules/@mui/icons-m
aterial/esm/Wifi1BarR
ounded.js" was 
ignored.
node_modules/@mui/ico
ns-material/esm/Wifi1
BarTwoTone.js (1:0): 
Module level 
directives cause 
errors when bundled, 
"use client" in "node
_modules/@mui/icons-m
aterial/esm/Wifi1BarT
woTone.js" was 
ignored.
node_modules/@mui/ico
ns-material/esm/Wifi1
BarOutlined.js 
(1:0): Module level 
directives cause 
errors when bundled, 
"use client" in "node
_modules/@mui/icons-m
aterial/esm/Wifi1BarO
utlined.js" was 
ignored.
node_modules/@mui/ico
ns-material/esm/Wifi2
BarOutlined.js 
(1:0): Module level 
directives cause 
errors when bundled, 
"use client" in "node
_modules/@mui/icons-m
aterial/esm/Wifi2BarO
utlined.js" was 
ignored.
node_modules/@mui/ico
ns-material/esm/Wifi2
Bar.js (1:0): Module 
level directives 
cause errors when 
bundled, "use 
client" in "node_modu
les/@mui/icons-materi
al/esm/Wifi2Bar.js" 
was ignored.
node_modules/@mui/ico
ns-material/esm/Wifi2
BarSharp.js (1:0): 
Module level 
directives cause 
errors when bundled, 
"use client" in "node
_modules/@mui/icons-m
aterial/esm/Wifi2BarS
harp.js" was ignored.
node_modules/@mui/ico
ns-material/esm/Wifi2
BarRounded.js (1:0): 
Module level 
directives cause 
errors when bundled, 
"use client" in "node
_modules/@mui/icons-m
aterial/esm/Wifi2BarR
ounded.js" was 
ignored.
node_modules/@mui/ico
ns-material/esm/Wifi2
BarTwoTone.js (1:0): 
Module level 
directives cause 
errors when bundled, 
"use client" in "node
_modules/@mui/icons-m
aterial/esm/Wifi2BarT
woTone.js" was 
ignored.
node_modules/@mui/ico
ns-material/esm/WifiC
alling.js (1:0): 
Module level 
directives cause 
errors when bundled, 
"use client" in "node
_modules/@mui/icons-m
aterial/esm/WifiCalli
ng.js" was ignored.
node_modules/@mui/ico
ns-material/esm/WifiC
alling3.js (1:0): 
Module level 
directives cause 
errors when bundled, 
"use client" in "node
_modules/@mui/icons-m
aterial/esm/WifiCalli
ng3.js" was ignored.
node_modules/@mui/ico
ns-material/esm/WifiC
alling3Rounded.js 
(1:0): Module level 
directives cause 
errors when bundled, 
"use client" in "node
_modules/@mui/icons-m
aterial/esm/WifiCalli
ng3Rounded.js" was 
ignored.
node_modules/@mui/ico
ns-material/esm/WifiC
alling3Outlined.js 
(1:0): Module level 
directives cause 
errors when bundled, 
"use client" in "node
_modules/@mui/icons-m
aterial/esm/WifiCalli
ng3Outlined.js" was 
ignored.
node_modules/@mui/ico
ns-material/esm/WifiC
alling3TwoTone.js 
(1:0): Module level 
directives cause 
errors when bundled, 
"use client" in "node
_modules/@mui/icons-m
aterial/esm/WifiCalli
ng3TwoTone.js" was 
ignored.
node_modules/@mui/ico
ns-material/esm/WifiC
alling3Sharp.js 
(1:0): Module level 
directives cause 
errors when bundled, 
"use client" in "node
_modules/@mui/icons-m
aterial/esm/WifiCalli
ng3Sharp.js" was 
ignored.
node_modules/@mui/ico
ns-material/esm/WifiC
allingRounded.js 
(1:0): Module level 
directives cause 
errors when bundled, 
"use client" in "node
_modules/@mui/icons-m
aterial/esm/WifiCalli
ngRounded.js" was 
ignored.
node_modules/@mui/ico
ns-material/esm/WifiC
allingOutlined.js 
(1:0): Module level 
directives cause 
errors when bundled, 
"use client" in "node
_modules/@mui/icons-m
aterial/esm/WifiCalli
ngOutlined.js" was 
ignored.
node_modules/@mui/ico
ns-material/esm/WifiC
allingTwoTone.js 
(1:0): Module level 
directives cause 
errors when bundled, 
"use client" in "node
_modules/@mui/icons-m
aterial/esm/WifiCalli
ngTwoTone.js" was 
ignored.
node_modules/@mui/ico
ns-material/esm/WifiC
allingSharp.js 
(1:0): Module level 
directives cause 
errors when bundled, 
"use client" in "node
_modules/@mui/icons-m
aterial/esm/WifiCalli
ngSharp.js" was 
ignored.
node_modules/@mui/ico
ns-material/esm/WifiC
hannel.js (1:0): 
Module level 
directives cause 
errors when bundled, 
"use client" in "node
_modules/@mui/icons-m
aterial/esm/WifiChann
el.js" was ignored.
node_modules/@mui/ico
ns-material/esm/WifiC
hannelOutlined.js 
(1:0): Module level 
directives cause 
errors when bundled, 
"use client" in "node
_modules/@mui/icons-m
aterial/esm/WifiChann
elOutlined.js" was 
ignored.
node_modules/@mui/ico
ns-material/esm/WifiC
hannelSharp.js 
(1:0): Module level 
directives cause 
errors when bundled, 
"use client" in "node
_modules/@mui/icons-m
aterial/esm/WifiChann
elSharp.js" was 
ignored.
node_modules/@mui/ico
ns-material/esm/WifiC
hannelRounded.js 
(1:0): Module level 
directives cause 
errors when bundled, 
"use client" in "node
_modules/@mui/icons-m
aterial/esm/WifiChann
elRounded.js" was 
ignored.
node_modules/@mui/ico
ns-material/esm/WifiF
ind.js (1:0): Module 
level directives 
cause errors when 
bundled, "use 
client" in "node_modu
les/@mui/icons-materi
al/esm/WifiFind.js" 
was ignored.
node_modules/@mui/ico
ns-material/esm/WifiC
hannelTwoTone.js 
(1:0): Module level 
directives cause 
errors when bundled, 
"use client" in "node
_modules/@mui/icons-m
aterial/esm/WifiChann
elTwoTone.js" was 
ignored.
node_modules/@mui/ico
ns-material/esm/WifiF
indRounded.js (1:0): 
Module level 
directives cause 
errors when bundled, 
"use client" in "node
_modules/@mui/icons-m
aterial/esm/WifiFindR
ounded.js" was 
ignored.
node_modules/@mui/ico
ns-material/esm/WifiF
indOutlined.js 
(1:0): Module level 
directives cause 
errors when bundled, 
"use client" in "node
_modules/@mui/icons-m
aterial/esm/WifiFindO
utlined.js" was 
ignored.
node_modules/@mui/ico
ns-material/esm/WifiF
indTwoTone.js (1:0): 
Module level 
directives cause 
errors when bundled, 
"use client" in "node
_modules/@mui/icons-m
aterial/esm/WifiFindT
woTone.js" was 
ignored.
node_modules/@mui/ico
ns-material/esm/WifiF
indSharp.js (1:0): 
Module level 
directives cause 
errors when bundled, 
"use client" in "node
_modules/@mui/icons-m
aterial/esm/WifiFindS
harp.js" was ignored.
node_modules/@mui/ico
ns-material/esm/WifiL
ockOutlined.js 
(1:0): Module level 
directives cause 
errors when bundled, 
"use client" in "node
_modules/@mui/icons-m
aterial/esm/WifiLockO
utlined.js" was 
ignored.
node_modules/@mui/ico
ns-material/esm/WifiL
ock.js (1:0): Module 
level directives 
cause errors when 
bundled, "use 
client" in "node_modu
les/@mui/icons-materi
al/esm/WifiLock.js" 
was ignored.
node_modules/@mui/ico
ns-material/esm/WifiL
ockRounded.js (1:0): 
Module level 
directives cause 
errors when bundled, 
"use client" in "node
_modules/@mui/icons-m
aterial/esm/WifiLockR
ounded.js" was 
ignored.
node_modules/@mui/ico
ns-material/esm/WifiL
ockSharp.js (1:0): 
Module level 
directives cause 
errors when bundled, 
"use client" in "node
_modules/@mui/icons-m
aterial/esm/WifiLockS
harp.js" was ignored.
node_modules/@mui/ico
ns-material/esm/WifiL
ockTwoTone.js (1:0): 
Module level 
directives cause 
errors when bundled, 
"use client" in "node
_modules/@mui/icons-m
aterial/esm/WifiLockT
woTone.js" was 
ignored.
node_modules/@mui/ico
ns-material/esm/WifiO
ffSharp.js (1:0): 
Module level 
directives cause 
errors when bundled, 
"use client" in "node
_modules/@mui/icons-m
aterial/esm/WifiOffSh
arp.js" was ignored.
node_modules/@mui/ico
ns-material/esm/WifiO
ffOutlined.js (1:0): 
Module level 
directives cause 
errors when bundled, 
"use client" in "node
_modules/@mui/icons-m
aterial/esm/WifiOffOu
tlined.js" was 
ignored.
node_modules/@mui/ico
ns-material/esm/WifiO
ffRounded.js (1:0): 
Module level 
directives cause 
errors when bundled, 
"use client" in "node
_modules/@mui/icons-m
aterial/esm/WifiOffRo
unded.js" was 
ignored.
node_modules/@mui/ico
ns-material/esm/WifiP
asswordOutlined.js 
(1:0): Module level 
directives cause 
errors when bundled, 
"use client" in "node
_modules/@mui/icons-m
aterial/esm/WifiPassw
ordOutlined.js" was 
ignored.
node_modules/@mui/ico
ns-material/esm/WifiO
ffTwoTone.js (1:0): 
Module level 
directives cause 
errors when bundled, 
"use client" in "node
_modules/@mui/icons-m
aterial/esm/WifiOffTw
oTone.js" was 
ignored.
node_modules/@mui/ico
ns-material/esm/WifiO
utlined.js (1:0): 
Module level 
directives cause 
errors when bundled, 
"use client" in "node
_modules/@mui/icons-m
aterial/esm/WifiOutli
ned.js" was ignored.
node_modules/@mui/ico
ns-material/esm/WifiP
assword.js (1:0): 
Module level 
directives cause 
errors when bundled, 
"use client" in "node
_modules/@mui/icons-m
aterial/esm/WifiPassw
ord.js" was ignored.
node_modules/@mui/ico
ns-material/esm/WifiP
asswordSharp.js 
(1:0): Module level 
directives cause 
errors when bundled, 
"use client" in "node
_modules/@mui/icons-m
aterial/esm/WifiPassw
ordSharp.js" was 
ignored.
node_modules/@mui/ico
ns-material/esm/WifiP
asswordTwoTone.js 
(1:0): Module level 
directives cause 
errors when bundled, 
"use client" in "node
_modules/@mui/icons-m
aterial/esm/WifiPassw
ordTwoTone.js" was 
ignored.
node_modules/@mui/ico
ns-material/esm/WifiP
asswordRounded.js 
(1:0): Module level 
directives cause 
errors when bundled, 
"use client" in "node
_modules/@mui/icons-m
aterial/esm/WifiPassw
ordRounded.js" was 
ignored.
node_modules/@mui/ico
ns-material/esm/WifiP
rotectedSetupOutlined
.js (1:0): Module 
level directives 
cause errors when 
bundled, "use 
client" in "node_modu
les/@mui/icons-materi
al/esm/WifiProtectedS
etupOutlined.js" was 
ignored.
node_modules/@mui/ico
ns-material/esm/WifiP
rotectedSetup.js 
(1:0): Module level 
directives cause 
errors when bundled, 
"use client" in "node
_modules/@mui/icons-m
aterial/esm/WifiProte
ctedSetup.js" was 
ignored.
node_modules/@mui/ico
ns-material/esm/WifiP
rotectedSetupSharp.js
 (1:0): Module level 
directives cause 
errors when bundled, 
"use client" in "node
_modules/@mui/icons-m
aterial/esm/WifiProte
ctedSetupSharp.js" 
was ignored.
node_modules/@mui/ico
ns-material/esm/WifiP
rotectedSetupRounded.
js (1:0): Module 
level directives 
cause errors when 
bundled, "use 
client" in "node_modu
les/@mui/icons-materi
al/esm/WifiProtectedS
etupRounded.js" was 
ignored.
node_modules/@mui/ico
ns-material/esm/WifiR
ounded.js (1:0): 
Module level 
directives cause 
errors when bundled, 
"use client" in "node
_modules/@mui/icons-m
aterial/esm/WifiRound
ed.js" was ignored.
node_modules/@mui/ico
ns-material/esm/WifiP
rotectedSetupTwoTone.
js (1:0): Module 
level directives 
cause errors when 
bundled, "use 
client" in "node_modu
les/@mui/icons-materi
al/esm/WifiProtectedS
etupTwoTone.js" was 
ignored.
node_modules/@mui/ico
ns-material/esm/WifiO
ff.js (1:0): Module 
level directives 
cause errors when 
bundled, "use 
client" in "node_modu
les/@mui/icons-materi
al/esm/WifiOff.js" 
was ignored.
node_modules/@mui/ico
ns-material/esm/WifiS
harp.js (1:0): 
Module level 
directives cause 
errors when bundled, 
"use client" in "node
_modules/@mui/icons-m
aterial/esm/WifiSharp
.js" was ignored.
node_modules/@mui/ico
ns-material/esm/WifiT
etheringError.js 
(1:0): Module level 
directives cause 
errors when bundled, 
"use client" in "node
_modules/@mui/icons-m
aterial/esm/WifiTethe
ringError.js" was 
ignored.
node_modules/@mui/ico
ns-material/esm/WifiT
etheringErrorOutlined
.js (1:0): Module 
level directives 
cause errors when 
bundled, "use 
client" in "node_modu
les/@mui/icons-materi
al/esm/WifiTetheringE
rrorOutlined.js" was 
ignored.
node_modules/@mui/ico
ns-material/esm/WifiT
ethering.js (1:0): 
Module level 
directives cause 
errors when bundled, 
"use client" in "node
_modules/@mui/icons-m
aterial/esm/WifiTethe
ring.js" was ignored.
node_modules/@mui/ico
ns-material/esm/WifiT
etheringErrorRounded.
js (1:0): Module 
level directives 
cause errors when 
bundled, "use 
client" in "node_modu
les/@mui/icons-materi
al/esm/WifiTetheringE
rrorRounded.js" was 
ignored.
node_modules/@mui/ico
ns-material/esm/WifiT
etheringErrorSharp.js
 (1:0): Module level 
directives cause 
errors when bundled, 
"use client" in "node
_modules/@mui/icons-m
aterial/esm/WifiTethe
ringErrorSharp.js" 
was ignored.
node_modules/@mui/ico
ns-material/esm/WifiT
etheringOff.js 
(1:0): Module level 
directives cause 
errors when bundled, 
"use client" in "node
_modules/@mui/icons-m
aterial/esm/WifiTethe
ringOff.js" was 
ignored.
node_modules/@mui/ico
ns-material/esm/WifiT
etheringOffSharp.js 
(1:0): Module level 
directives cause 
errors when bundled, 
"use client" in "node
_modules/@mui/icons-m
aterial/esm/WifiTethe
ringOffSharp.js" was 
ignored.
node_modules/@mui/ico
ns-material/esm/WifiT
etheringOffOutlined.j
s (1:0): Module 
level directives 
cause errors when 
bundled, "use 
client" in "node_modu
les/@mui/icons-materi
al/esm/WifiTetheringO
ffOutlined.js" was 
ignored.
node_modules/@mui/ico
ns-material/esm/WifiT
etheringErrorTwoTone.
js (1:0): Module 
level directives 
cause errors when 
bundled, "use 
client" in "node_modu
les/@mui/icons-materi
al/esm/WifiTetheringE
rrorTwoTone.js" was 
ignored.
node_modules/@mui/ico
ns-material/esm/WifiT
etheringOffRounded.js
 (1:0): Module level 
directives cause 
errors when bundled, 
"use client" in "node
_modules/@mui/icons-m
aterial/esm/WifiTethe
ringOffRounded.js" 
was ignored.
node_modules/@mui/ico
ns-material/esm/WifiT
etheringOffTwoTone.js
 (1:0): Module level 
directives cause 
errors when bundled, 
"use client" in "node
_modules/@mui/icons-m
aterial/esm/WifiTethe
ringOffTwoTone.js" 
was ignored.
node_modules/@mui/ico
ns-material/esm/WifiT
etheringOutlined.js 
(1:0): Module level 
directives cause 
errors when bundled, 
"use client" in "node
_modules/@mui/icons-m
aterial/esm/WifiTethe
ringOutlined.js" was 
ignored.
node_modules/@mui/ico
ns-material/esm/WifiT
etheringSharp.js 
(1:0): Module level 
directives cause 
errors when bundled, 
"use client" in "node
_modules/@mui/icons-m
aterial/esm/WifiTethe
ringSharp.js" was 
ignored.
node_modules/@mui/ico
ns-material/esm/WifiT
etheringRounded.js 
(1:0): Module level 
directives cause 
errors when bundled, 
"use client" in "node
_modules/@mui/icons-m
aterial/esm/WifiTethe
ringRounded.js" was 
ignored.
node_modules/@mui/ico
ns-material/esm/WifiT
woTone.js (1:0): 
Module level 
directives cause 
errors when bundled, 
"use client" in "node
_modules/@mui/icons-m
aterial/esm/WifiTwoTo
ne.js" was ignored.
node_modules/@mui/ico
ns-material/esm/WindP
ower.js (1:0): 
Module level 
directives cause 
errors when bundled, 
"use client" in "node
_modules/@mui/icons-m
aterial/esm/WindPower
.js" was ignored.
node_modules/@mui/ico
ns-material/esm/WifiT
etheringTwoTone.js 
(1:0): Module level 
directives cause 
errors when bundled, 
"use client" in "node
_modules/@mui/icons-m
aterial/esm/WifiTethe
ringTwoTone.js" was 
ignored.
node_modules/@mui/ico
ns-material/esm/WindP
owerOutlined.js 
(1:0): Module level 
directives cause 
errors when bundled, 
"use client" in "node
_modules/@mui/icons-m
aterial/esm/WindPower
Outlined.js" was 
ignored.
node_modules/@mui/ico
ns-material/esm/Windo
w.js (1:0): Module 
level directives 
cause errors when 
bundled, "use 
client" in "node_modu
les/@mui/icons-materi
al/esm/Window.js" 
was ignored.
node_modules/@mui/ico
ns-material/esm/WindP
owerRounded.js 
(1:0): Module level 
directives cause 
errors when bundled, 
"use client" in "node
_modules/@mui/icons-m
aterial/esm/WindPower
Rounded.js" was 
ignored.
node_modules/@mui/ico
ns-material/esm/WindP
owerTwoTone.js 
(1:0): Module level 
directives cause 
errors when bundled, 
"use client" in "node
_modules/@mui/icons-m
aterial/esm/WindPower
TwoTone.js" was 
ignored.
node_modules/@mui/ico
ns-material/esm/Windo
wRounded.js (1:0): 
Module level 
directives cause 
errors when bundled, 
"use client" in "node
_modules/@mui/icons-m
aterial/esm/WindowRou
nded.js" was ignored.
node_modules/@mui/ico
ns-material/esm/WindP
owerSharp.js (1:0): 
Module level 
directives cause 
errors when bundled, 
"use client" in "node
_modules/@mui/icons-m
aterial/esm/WindPower
Sharp.js" was 
ignored.
node_modules/@mui/ico
ns-material/esm/WineB
ar.js (1:0): Module 
level directives 
cause errors when 
bundled, "use 
client" in "node_modu
les/@mui/icons-materi
al/esm/WineBar.js" 
was ignored.
node_modules/@mui/ico
ns-material/esm/Windo
wSharp.js (1:0): 
Module level 
directives cause 
errors when bundled, 
"use client" in "node
_modules/@mui/icons-m
aterial/esm/WindowSha
rp.js" was ignored.
node_modules/@mui/ico
ns-material/esm/Windo
wTwoTone.js (1:0): 
Module level 
directives cause 
errors when bundled, 
"use client" in "node
_modules/@mui/icons-m
aterial/esm/WindowTwo
Tone.js" was ignored.
node_modules/@mui/ico
ns-material/esm/Windo
wOutlined.js (1:0): 
Module level 
directives cause 
errors when bundled, 
"use client" in "node
_modules/@mui/icons-m
aterial/esm/WindowOut
lined.js" was 
ignored.
node_modules/@mui/ico
ns-material/esm/WineB
arSharp.js (1:0): 
Module level 
directives cause 
errors when bundled, 
"use client" in "node
_modules/@mui/icons-m
aterial/esm/WineBarSh
arp.js" was ignored.
node_modules/@mui/ico
ns-material/esm/WineB
arRounded.js (1:0): 
Module level 
directives cause 
errors when bundled, 
"use client" in "node
_modules/@mui/icons-m
aterial/esm/WineBarRo
unded.js" was 
ignored.
node_modules/@mui/ico
ns-material/esm/WineB
arOutlined.js (1:0): 
Module level 
directives cause 
errors when bundled, 
"use client" in "node
_modules/@mui/icons-m
aterial/esm/WineBarOu
tlined.js" was 
ignored.
node_modules/@mui/ico
ns-material/esm/Woman
.js (1:0): Module 
level directives 
cause errors when 
bundled, "use 
client" in "node_modu
les/@mui/icons-materi
al/esm/Woman.js" was 
ignored.
node_modules/@mui/ico
ns-material/esm/Woman
2.js (1:0): Module 
level directives 
cause errors when 
bundled, "use 
client" in "node_modu
les/@mui/icons-materi
al/esm/Woman2.js" 
was ignored.
node_modules/@mui/ico
ns-material/esm/WineB
arTwoTone.js (1:0): 
Module level 
directives cause 
errors when bundled, 
"use client" in "node
_modules/@mui/icons-m
aterial/esm/WineBarTw
oTone.js" was 
ignored.
node_modules/@mui/ico
ns-material/esm/Woman
2Outlined.js (1:0): 
Module level 
directives cause 
errors when bundled, 
"use client" in "node
_modules/@mui/icons-m
aterial/esm/Woman2Out
lined.js" was 
ignored.
node_modules/@mui/ico
ns-material/esm/Woman
2Rounded.js (1:0): 
Module level 
directives cause 
errors when bundled, 
"use client" in "node
_modules/@mui/icons-m
aterial/esm/Woman2Rou
nded.js" was ignored.
node_modules/@mui/ico
ns-material/esm/Woman
2Sharp.js (1:0): 
Module level 
directives cause 
errors when bundled, 
"use client" in "node
_modules/@mui/icons-m
aterial/esm/Woman2Sha
rp.js" was ignored.
node_modules/@mui/ico
ns-material/esm/Woman
2TwoTone.js (1:0): 
Module level 
directives cause 
errors when bundled, 
"use client" in "node
_modules/@mui/icons-m
aterial/esm/Woman2Two
Tone.js" was ignored.
node_modules/@mui/ico
ns-material/esm/Woman
Outlined.js (1:0): 
Module level 
directives cause 
errors when bundled, 
"use client" in "node
_modules/@mui/icons-m
aterial/esm/WomanOutl
ined.js" was ignored.
node_modules/@mui/ico
ns-material/esm/Woman
Sharp.js (1:0): 
Module level 
directives cause 
errors when bundled, 
"use client" in "node
_modules/@mui/icons-m
aterial/esm/WomanShar
p.js" was ignored.
node_modules/@mui/ico
ns-material/esm/WorkH
istory.js (1:0): 
Module level 
directives cause 
errors when bundled, 
"use client" in "node
_modules/@mui/icons-m
aterial/esm/WorkHisto
ry.js" was ignored.
node_modules/@mui/ico
ns-material/esm/Work.
js (1:0): Module 
level directives 
cause errors when 
bundled, "use 
client" in "node_modu
les/@mui/icons-materi
al/esm/Work.js" was 
ignored.
node_modules/@mui/ico
ns-material/esm/Woman
Rounded.js (1:0): 
Module level 
directives cause 
errors when bundled, 
"use client" in "node
_modules/@mui/icons-m
aterial/esm/WomanRoun
ded.js" was ignored.
node_modules/@mui/ico
ns-material/esm/Woman
TwoTone.js (1:0): 
Module level 
directives cause 
errors when bundled, 
"use client" in "node
_modules/@mui/icons-m
aterial/esm/WomanTwoT
one.js" was ignored.
node_modules/@mui/ico
ns-material/esm/WorkH
istoryOutlined.js 
(1:0): Module level 
directives cause 
errors when bundled, 
"use client" in "node
_modules/@mui/icons-m
aterial/esm/WorkHisto
ryOutlined.js" was 
ignored.
node_modules/@mui/ico
ns-material/esm/WorkH
istorySharp.js 
(1:0): Module level 
directives cause 
errors when bundled, 
"use client" in "node
_modules/@mui/icons-m
aterial/esm/WorkHisto
rySharp.js" was 
ignored.
node_modules/@mui/ico
ns-material/esm/WorkH
istoryTwoTone.js 
(1:0): Module level 
directives cause 
errors when bundled, 
"use client" in "node
_modules/@mui/icons-m
aterial/esm/WorkHisto
ryTwoTone.js" was 
ignored.
node_modules/@mui/ico
ns-material/esm/WorkH
istoryRounded.js 
(1:0): Module level 
directives cause 
errors when bundled, 
"use client" in "node
_modules/@mui/icons-m
aterial/esm/WorkHisto
ryRounded.js" was 
ignored.
node_modules/@mui/ico
ns-material/esm/WorkO
ff.js (1:0): Module 
level directives 
cause errors when 
bundled, "use 
client" in "node_modu
les/@mui/icons-materi
al/esm/WorkOff.js" 
was ignored.
node_modules/@mui/ico
ns-material/esm/WorkO
ffOutlined.js (1:0): 
Module level 
directives cause 
errors when bundled, 
"use client" in "node
_modules/@mui/icons-m
aterial/esm/WorkOffOu
tlined.js" was 
ignored.
node_modules/@mui/ico
ns-material/esm/WorkO
ffRounded.js (1:0): 
Module level 
directives cause 
errors when bundled, 
"use client" in "node
_modules/@mui/icons-m
aterial/esm/WorkOffRo
unded.js" was 
ignored.
node_modules/@mui/ico
ns-material/esm/WorkO
ffSharp.js (1:0): 
Module level 
directives cause 
errors when bundled, 
"use client" in "node
_modules/@mui/icons-m
aterial/esm/WorkOffSh
arp.js" was ignored.
node_modules/@mui/ico
ns-material/esm/WorkO
ffTwoTone.js (1:0): 
Module level 
directives cause 
errors when bundled, 
"use client" in "node
_modules/@mui/icons-m
aterial/esm/WorkOffTw
oTone.js" was 
ignored.
node_modules/@mui/ico
ns-material/esm/WorkO
utline.js (1:0): 
Module level 
directives cause 
errors when bundled, 
"use client" in "node
_modules/@mui/icons-m
aterial/esm/WorkOutli
ne.js" was ignored.
node_modules/@mui/ico
ns-material/esm/WorkO
utlineOutlined.js 
(1:0): Module level 
directives cause 
errors when bundled, 
"use client" in "node
_modules/@mui/icons-m
aterial/esm/WorkOutli
neOutlined.js" was 
ignored.
node_modules/@mui/ico
ns-material/esm/WorkO
utlineSharp.js 
(1:0): Module level 
directives cause 
errors when bundled, 
"use client" in "node
_modules/@mui/icons-m
aterial/esm/WorkOutli
neSharp.js" was 
ignored.
node_modules/@mui/ico
ns-material/esm/WorkO
utlined.js (1:0): 
Module level 
directives cause 
errors when bundled, 
"use client" in "node
_modules/@mui/icons-m
aterial/esm/WorkOutli
ned.js" was ignored.
node_modules/@mui/ico
ns-material/esm/WorkO
utlineTwoTone.js 
(1:0): Module level 
directives cause 
errors when bundled, 
"use client" in "node
_modules/@mui/icons-m
aterial/esm/WorkOutli
neTwoTone.js" was 
ignored.
node_modules/@mui/ico
ns-material/esm/WorkO
utlineRounded.js 
(1:0): Module level 
directives cause 
errors when bundled, 
"use client" in "node
_modules/@mui/icons-m
aterial/esm/WorkOutli
neRounded.js" was 
ignored.
node_modules/@mui/ico
ns-material/esm/WorkR
ounded.js (1:0): 
Module level 
directives cause 
errors when bundled, 
"use client" in "node
_modules/@mui/icons-m
aterial/esm/WorkRound
ed.js" was ignored.
node_modules/@mui/ico
ns-material/esm/WorkS
harp.js (1:0): 
Module level 
directives cause 
errors when bundled, 
"use client" in "node
_modules/@mui/icons-m
aterial/esm/WorkSharp
.js" was ignored.
node_modules/@mui/ico
ns-material/esm/WorkT
woTone.js (1:0): 
Module level 
directives cause 
errors when bundled, 
"use client" in "node
_modules/@mui/icons-m
aterial/esm/WorkTwoTo
ne.js" was ignored.
node_modules/@mui/ico
ns-material/esm/Works
pacePremiumTwoTone.js
 (1:0): Module level 
directives cause 
errors when bundled, 
"use client" in "node
_modules/@mui/icons-m
aterial/esm/Workspace
PremiumTwoTone.js" 
was ignored.
node_modules/@mui/ico
ns-material/esm/Works
paces.js (1:0): 
Module level 
directives cause 
errors when bundled, 
"use client" in "node
_modules/@mui/icons-m
aterial/esm/Workspace
s.js" was ignored.
node_modules/@mui/ico
ns-material/esm/Works
pacePremiumSharp.js 
(1:0): Module level 
directives cause 
errors when bundled, 
"use client" in "node
_modules/@mui/icons-m
aterial/esm/Workspace
PremiumSharp.js" was 
ignored.
node_modules/@mui/ico
ns-material/esm/Works
pacePremiumRounded.js
 (1:0): Module level 
directives cause 
errors when bundled, 
"use client" in "node
_modules/@mui/icons-m
aterial/esm/Workspace
PremiumRounded.js" 
was ignored.
node_modules/@mui/ico
ns-material/esm/Works
pacesOutlined.js 
(1:0): Module level 
directives cause 
errors when bundled, 
"use client" in "node
_modules/@mui/icons-m
aterial/esm/Workspace
sOutlined.js" was 
ignored.
node_modules/@mui/ico
ns-material/esm/Works
pacesRounded.js 
(1:0): Module level 
directives cause 
errors when bundled, 
"use client" in "node
_modules/@mui/icons-m
aterial/esm/Workspace
sRounded.js" was 
ignored.
node_modules/@mui/ico
ns-material/esm/Works
pacesSharp.js (1:0): 
Module level 
directives cause 
errors when bundled, 
"use client" in "node
_modules/@mui/icons-m
aterial/esm/Workspace
sSharp.js" was 
ignored.
node_modules/@mui/ico
ns-material/esm/Works
pacePremiumOutlined.j
s (1:0): Module 
level directives 
cause errors when 
bundled, "use 
client" in "node_modu
les/@mui/icons-materi
al/esm/WorkspacePremi
umOutlined.js" was 
ignored.
node_modules/@mui/ico
ns-material/esm/Works
pacesTwoTone.js 
(1:0): Module level 
directives cause 
errors when bundled, 
"use client" in "node
_modules/@mui/icons-m
aterial/esm/Workspace
sTwoTone.js" was 
ignored.
node_modules/@mui/ico
ns-material/esm/WrapT
ext.js (1:0): Module 
level directives 
cause errors when 
bundled, "use 
client" in "node_modu
les/@mui/icons-materi
al/esm/WrapText.js" 
was ignored.
node_modules/@mui/ico
ns-material/esm/WrapT
extSharp.js (1:0): 
Module level 
directives cause 
errors when bundled, 
"use client" in "node
_modules/@mui/icons-m
aterial/esm/WrapTextS
harp.js" was ignored.
node_modules/@mui/ico
ns-material/esm/WrapT
extTwoTone.js (1:0): 
Module level 
directives cause 
errors when bundled, 
"use client" in "node
_modules/@mui/icons-m
aterial/esm/WrapTextT
woTone.js" was 
ignored.
node_modules/@mui/ico
ns-material/esm/WrapT
extRounded.js (1:0): 
Module level 
directives cause 
errors when bundled, 
"use client" in "node
_modules/@mui/icons-m
aterial/esm/WrapTextR
ounded.js" was 
ignored.
node_modules/@mui/ico
ns-material/esm/Wrong
Location.js (1:0): 
Module level 
directives cause 
errors when bundled, 
"use client" in "node
_modules/@mui/icons-m
aterial/esm/WrongLoca
tion.js" was ignored.
node_modules/@mui/ico
ns-material/esm/WrapT
extOutlined.js 
(1:0): Module level 
directives cause 
errors when bundled, 
"use client" in "node
_modules/@mui/icons-m
aterial/esm/WrapTextO
utlined.js" was 
ignored.
node_modules/@mui/ico
ns-material/esm/Wrong
LocationOutlined.js 
(1:0): Module level 
directives cause 
errors when bundled, 
"use client" in "node
_modules/@mui/icons-m
aterial/esm/WrongLoca
tionOutlined.js" was 
ignored.
node_modules/@mui/ico
ns-material/esm/Wrong
LocationRounded.js 
(1:0): Module level 
directives cause 
errors when bundled, 
"use client" in "node
_modules/@mui/icons-m
aterial/esm/WrongLoca
tionRounded.js" was 
ignored.
node_modules/@mui/ico
ns-material/esm/Wrong
LocationSharp.js 
(1:0): Module level 
directives cause 
errors when bundled, 
"use client" in "node
_modules/@mui/icons-m
aterial/esm/WrongLoca
tionSharp.js" was 
ignored.
node_modules/@mui/ico
ns-material/esm/Works
pacePremium.js 
(1:0): Module level 
directives cause 
errors when bundled, 
"use client" in "node
_modules/@mui/icons-m
aterial/esm/Workspace
Premium.js" was 
ignored.
node_modules/@mui/ico
ns-material/esm/Wysiw
yg.js (1:0): Module 
level directives 
cause errors when 
bundled, "use 
client" in "node_modu
les/@mui/icons-materi
al/esm/Wysiwyg.js" 
was ignored.
node_modules/@mui/ico
ns-material/esm/Wrong
LocationTwoTone.js 
(1:0): Module level 
directives cause 
errors when bundled, 
"use client" in "node
_modules/@mui/icons-m
aterial/esm/WrongLoca
tionTwoTone.js" was 
ignored.
node_modules/@mui/ico
ns-material/esm/Wysiw
ygOutlined.js (1:0): 
Module level 
directives cause 
errors when bundled, 
"use client" in "node
_modules/@mui/icons-m
aterial/esm/WysiwygOu
tlined.js" was 
ignored.
node_modules/@mui/ico
ns-material/esm/Wysiw
ygSharp.js (1:0): 
Module level 
directives cause 
errors when bundled, 
"use client" in "node
_modules/@mui/icons-m
aterial/esm/WysiwygSh
arp.js" was ignored.
node_modules/@mui/ico
ns-material/esm/Wysiw
ygRounded.js (1:0): 
Module level 
directives cause 
errors when bundled, 
"use client" in "node
_modules/@mui/icons-m
aterial/esm/WysiwygRo
unded.js" was 
ignored.
node_modules/@mui/ico
ns-material/esm/Wysiw
ygTwoTone.js (1:0): 
Module level 
directives cause 
errors when bundled, 
"use client" in "node
_modules/@mui/icons-m
aterial/esm/WysiwygTw
oTone.js" was 
ignored.
node_modules/@mui/ico
ns-material/esm/Yard.
js (1:0): Module 
level directives 
cause errors when 
bundled, "use 
client" in "node_modu
les/@mui/icons-materi
al/esm/Yard.js" was 
ignored.
node_modules/@mui/ico
ns-material/esm/X.js 
(1:0): Module level 
directives cause 
errors when bundled, 
"use client" in "node
_modules/@mui/icons-m
aterial/esm/X.js" 
was ignored.
node_modules/@mui/ico
ns-material/esm/YardO
utlined.js (1:0): 
Module level 
directives cause 
errors when bundled, 
"use client" in "node
_modules/@mui/icons-m
aterial/esm/YardOutli
ned.js" was ignored.
node_modules/@mui/ico
ns-material/esm/YardS
harp.js (1:0): 
Module level 
directives cause 
errors when bundled, 
"use client" in "node
_modules/@mui/icons-m
aterial/esm/YardSharp
.js" was ignored.
node_modules/@mui/ico
ns-material/esm/YardR
ounded.js (1:0): 
Module level 
directives cause 
errors when bundled, 
"use client" in "node
_modules/@mui/icons-m
aterial/esm/YardRound
ed.js" was ignored.
node_modules/@mui/ico
ns-material/esm/Youtu
beSearchedFor.js 
(1:0): Module level 
directives cause 
errors when bundled, 
"use client" in "node
_modules/@mui/icons-m
aterial/esm/YoutubeSe
archedFor.js" was 
ignored.
node_modules/@mui/ico
ns-material/esm/YouTu
be.js (1:0): Module 
level directives 
cause errors when 
bundled, "use 
client" in "node_modu
les/@mui/icons-materi
al/esm/YouTube.js" 
was ignored.
node_modules/@mui/ico
ns-material/esm/YardT
woTone.js (1:0): 
Module level 
directives cause 
errors when bundled, 
"use client" in "node
_modules/@mui/icons-m
aterial/esm/YardTwoTo
ne.js" was ignored.
node_modules/@mui/ico
ns-material/esm/Youtu
beSearchedForOutlined
.js (1:0): Module 
level directives 
cause errors when 
bundled, "use 
client" in "node_modu
les/@mui/icons-materi
al/esm/YoutubeSearche
dForOutlined.js" was 
ignored.
node_modules/@mui/ico
ns-material/esm/Youtu
beSearchedForSharp.js
 (1:0): Module level 
directives cause 
errors when bundled, 
"use client" in "node
_modules/@mui/icons-m
aterial/esm/YoutubeSe
archedForSharp.js" 
was ignored.
node_modules/@mui/ico
ns-material/esm/Youtu
beSearchedForRounded.
js (1:0): Module 
level directives 
cause errors when 
bundled, "use 
client" in "node_modu
les/@mui/icons-materi
al/esm/YoutubeSearche
dForRounded.js" was 
ignored.
node_modules/@mui/ico
ns-material/esm/ZoomI
nMap.js (1:0): 
Module level 
directives cause 
errors when bundled, 
"use client" in "node
_modules/@mui/icons-m
aterial/esm/ZoomInMap
.js" was ignored.
node_modules/@mui/ico
ns-material/esm/ZoomI
n.js (1:0): Module 
level directives 
cause errors when 
bundled, "use 
client" in "node_modu
les/@mui/icons-materi
al/esm/ZoomIn.js" 
was ignored.
node_modules/@mui/ico
ns-material/esm/ZoomI
nMapRounded.js 
(1:0): Module level 
directives cause 
errors when bundled, 
"use client" in "node
_modules/@mui/icons-m
aterial/esm/ZoomInMap
Rounded.js" was 
ignored.
node_modules/@mui/ico
ns-material/esm/ZoomI
nMapOutlined.js 
(1:0): Module level 
directives cause 
errors when bundled, 
"use client" in "node
_modules/@mui/icons-m
aterial/esm/ZoomInMap
Outlined.js" was 
ignored.
node_modules/@mui/ico
ns-material/esm/ZoomI
nMapSharp.js (1:0): 
Module level 
directives cause 
errors when bundled, 
"use client" in "node
_modules/@mui/icons-m
aterial/esm/ZoomInMap
Sharp.js" was 
ignored.
node_modules/@mui/ico
ns-material/esm/ZoomI
nMapTwoTone.js 
(1:0): Module level 
directives cause 
errors when bundled, 
"use client" in "node
_modules/@mui/icons-m
aterial/esm/ZoomInMap
TwoTone.js" was 
ignored.
node_modules/@mui/ico
ns-material/esm/ZoomI
nRounded.js (1:0): 
Module level 
directives cause 
errors when bundled, 
"use client" in "node
_modules/@mui/icons-m
aterial/esm/ZoomInRou
nded.js" was ignored.
node_modules/@mui/ico
ns-material/esm/ZoomI
nOutlined.js (1:0): 
Module level 
directives cause 
errors when bundled, 
"use client" in "node
_modules/@mui/icons-m
aterial/esm/ZoomInOut
lined.js" was 
ignored.
node_modules/@mui/ico
ns-material/esm/ZoomI
nSharp.js (1:0): 
Module level 
directives cause 
errors when bundled, 
"use client" in "node
_modules/@mui/icons-m
aterial/esm/ZoomInSha
rp.js" was ignored.
node_modules/@mui/ico
ns-material/esm/ZoomI
nTwoTone.js (1:0): 
Module level 
directives cause 
errors when bundled, 
"use client" in "node
_modules/@mui/icons-m
aterial/esm/ZoomInTwo
Tone.js" was ignored.
node_modules/@mui/ico
ns-material/esm/ZoomO
ut.js (1:0): Module 
level directives 
cause errors when 
bundled, "use 
client" in "node_modu
les/@mui/icons-materi
al/esm/ZoomOut.js" 
was ignored.
node_modules/@mui/ico
ns-material/esm/ZoomO
utMap.js (1:0): 
Module level 
directives cause 
errors when bundled, 
"use client" in "node
_modules/@mui/icons-m
aterial/esm/ZoomOutMa
p.js" was ignored.
node_modules/@mui/ico
ns-material/esm/ZoomO
utMapOutlined.js 
(1:0): Module level 
directives cause 
errors when bundled, 
"use client" in "node
_modules/@mui/icons-m
aterial/esm/ZoomOutMa
pOutlined.js" was 
ignored.
node_modules/@mui/ico
ns-material/esm/ZoomO
utMapRounded.js 
(1:0): Module level 
directives cause 
errors when bundled, 
"use client" in "node
_modules/@mui/icons-m
aterial/esm/ZoomOutMa
pRounded.js" was 
ignored.
node_modules/@mui/ico
ns-material/esm/Youtu
beSearchedForTwoTone.
js (1:0): Module 
level directives 
cause errors when 
bundled, "use 
client" in "node_modu
les/@mui/icons-materi
al/esm/YoutubeSearche
dForTwoTone.js" was 
ignored.
node_modules/@mui/ico
ns-material/esm/ZoomO
utMapTwoTone.js 
(1:0): Module level 
directives cause 
errors when bundled, 
"use client" in "node
_modules/@mui/icons-m
aterial/esm/ZoomOutMa
pTwoTone.js" was 
ignored.
node_modules/@mui/ico
ns-material/esm/ZoomO
utMapSharp.js (1:0): 
Module level 
directives cause 
errors when bundled, 
"use client" in "node
_modules/@mui/icons-m
aterial/esm/ZoomOutMa
pSharp.js" was 
ignored.
node_modules/@mui/ico
ns-material/esm/ZoomO
utOutlined.js (1:0): 
Module level 
directives cause 
errors when bundled, 
"use client" in "node
_modules/@mui/icons-m
aterial/esm/ZoomOutOu
tlined.js" was 
ignored.
node_modules/@mui/ico
ns-material/esm/ZoomO
utRounded.js (1:0): 
Module level 
directives cause 
errors when bundled, 
"use client" in "node
_modules/@mui/icons-m
aterial/esm/ZoomOutRo
unded.js" was 
ignored.
node_modules/@mui/ico
ns-material/esm/ZoomO
utSharp.js (1:0): 
Module level 
directives cause 
errors when bundled, 
"use client" in "node
_modules/@mui/icons-m
aterial/esm/ZoomOutSh
arp.js" was ignored.
node_modules/@mui/ico
ns-material/esm/ZoomO
utTwoTone.js (1:0): 
Module level 
directives cause 
errors when bundled, 
"use client" in "node
_modules/@mui/icons-m
aterial/esm/ZoomOutTw
oTone.js" was 
ignored.
node_modules/@mui/mat
erial/FormControl/use
FormControl.js 
(1:0): Module level 
directives cause 
errors when bundled, 
"use client" in "node
_modules/@mui/materia
l/FormControl/useForm
Control.js" was 
ignored.
node_modules/@mui/ico
ns-material/esm/utils
/createSvgIcon.js 
(1:0): Module level 
directives cause 
errors when bundled, 
"use client" in "node
_modules/@mui/icons-m
aterial/esm/utils/cre
ateSvgIcon.js" was 
ignored.
node_modules/@mui/mat
erial/RadioGroup/useR
adioGroup.js (1:0): 
Module level 
directives cause 
errors when bundled, 
"use client" in "node
_modules/@mui/materia
l/RadioGroup/useRadio
Group.js" was 
ignored.
node_modules/@mui/mat
erial/usePagination/u
sePagination.js 
(1:0): Module level 
directives cause 
errors when bundled, 
"use client" in "node
_modules/@mui/materia
l/usePagination/usePa
gination.js" was 
ignored.
node_modules/@mui/mat
erial/useScrollTrigge
r/useScrollTrigger.js
 (1:0): Module level 
directives cause 
errors when bundled, 
"use client" in "node
_modules/@mui/materia
l/useScrollTrigger/us
eScrollTrigger.js" 
was ignored.
node_modules/@mui/mat
erial/utils/useId.js 
(1:0): Module level 
directives cause 
errors when bundled, 
"use client" in "node
_modules/@mui/materia
l/utils/useId.js" 
was ignored.
node_modules/@mui/mat
erial/utils/useEnhanc
edEffect.js (1:0): 
Module level 
directives cause 
errors when bundled, 
"use client" in "node
_modules/@mui/materia
l/utils/useEnhancedEf
fect.js" was ignored.
node_modules/@mui/mat
erial/utils/useForkRe
f.js (1:0): Module 
level directives 
cause errors when 
bundled, "use 
client" in "node_modu
les/@mui/material/uti
ls/useForkRef.js" 
was ignored.
node_modules/@mui/mat
erial/utils/useEventC
allback.js (1:0): 
Module level 
directives cause 
errors when bundled, 
"use client" in "node
_modules/@mui/materia
l/utils/useEventCallb
ack.js" was ignored.
node_modules/@mui/mat
erial/utils/useContro
lled.js (1:0): 
Module level 
directives cause 
errors when bundled, 
"use client" in "node
_modules/@mui/materia
l/utils/useControlled
.js" was ignored.
node_modules/@mui/mat
erial/styles/styled.j
s (1:0): Module 
level directives 
cause errors when 
bundled, "use 
client" in "node_modu
les/@mui/material/sty
les/styled.js" was 
ignored.
node_modules/@mui/mat
erial/styles/useTheme
Props.js (1:0): 
Module level 
directives cause 
errors when bundled, 
"use client" in "node
_modules/@mui/materia
l/styles/useThemeProp
s.js" was ignored.
node_modules/@mui/mat
erial/styles/ThemePro
vider.js (1:0): 
Module level 
directives cause 
errors when bundled, 
"use client" in "node
_modules/@mui/materia
l/styles/ThemeProvide
r.js" was ignored.
node_modules/@mui/mat
erial/Table/Table.js 
(1:0): Module level 
directives cause 
errors when bundled, 
"use client" in "node
_modules/@mui/materia
l/Table/Table.js" 
was ignored.
node_modules/@mui/mat
erial/FormHelperText/
FormHelperText.js 
(1:0): Module level 
directives cause 
errors when bundled, 
"use client" in "node
_modules/@mui/materia
l/FormHelperText/Form
HelperText.js" was 
ignored.
node_modules/@mui/mat
erial/DialogContent/D
ialogContent.js 
(1:0): Module level 
directives cause 
errors when bundled, 
"use client" in "node
_modules/@mui/materia
l/DialogContent/Dialo
gContent.js" was 
ignored.
node_modules/@mui/mat
erial/InputLabel/Inpu
tLabel.js (1:0): 
Module level 
directives cause 
errors when bundled, 
"use client" in "node
_modules/@mui/materia
l/InputLabel/InputLab
el.js" was ignored.
node_modules/@mui/mat
erial/FormControl/For
mControl.js (1:0): 
Module level 
directives cause 
errors when bundled, 
"use client" in "node
_modules/@mui/materia
l/FormControl/FormCon
trol.js" was ignored.
node_modules/@mui/mat
erial/Select/Select.j
s (1:0): Module 
level directives 
cause errors when 
bundled, "use 
client" in "node_modu
les/@mui/material/Sel
ect/Select.js" was 
ignored.
node_modules/@mui/mat
erial/Button/Button.j
s (1:0): Module 
level directives 
cause errors when 
bundled, "use 
client" in "node_modu
les/@mui/material/But
ton/Button.js" was 
ignored.
node_modules/@mui/mat
erial/Grow/Grow.js 
(1:0): Module level 
directives cause 
errors when bundled, 
"use client" in "node
_modules/@mui/materia
l/Grow/Grow.js" was 
ignored.
node_modules/@mui/x-d
ate-pickers/Localizat
ionProvider/Localizat
ionProvider.js 
(1:0): Module level 
directives cause 
errors when bundled, 
"use client" in "node
_modules/@mui/x-date-
pickers/LocalizationP
rovider/LocalizationP
rovider.js" was 
ignored.
node_modules/@mui/mat
erial/ButtonGroup/But
tonGroupContext.js 
(1:0): Module level 
directives cause 
errors when bundled, 
"use client" in "node
_modules/@mui/materia
l/ButtonGroup/ButtonG
roupContext.js" was 
ignored.
node_modules/@mui/mat
erial/Avatar/Avatar.j
s (1:0): Module 
level directives 
cause errors when 
bundled, "use 
client" in "node_modu
les/@mui/material/Ava
tar/Avatar.js" was 
ignored.
node_modules/@mui/mat
erial/Breadcrumbs/Bre
adcrumbs.js (1:0): 
Module level 
directives cause 
errors when bundled, 
"use client" in "node
_modules/@mui/materia
l/Breadcrumbs/Breadcr
umbs.js" was ignored.
node_modules/@mui/mat
erial/Typography/Typo
graphy.js (1:0): 
Module level 
directives cause 
errors when bundled, 
"use client" in "node
_modules/@mui/materia
l/Typography/Typograp
hy.js" was ignored.
node_modules/@mui/mat
erial/TextField/TextF
ield.js (1:0): 
Module level 
directives cause 
errors when bundled, 
"use client" in "node
_modules/@mui/materia
l/TextField/TextField
.js" was ignored.
node_modules/@mui/mat
erial/DialogActions/D
ialogActions.js 
(1:0): Module level 
directives cause 
errors when bundled, 
"use client" in "node
_modules/@mui/materia
l/DialogActions/Dialo
gActions.js" was 
ignored.
node_modules/@mui/mat
erial/TableBody/Table
Body.js (1:0): 
Module level 
directives cause 
errors when bundled, 
"use client" in "node
_modules/@mui/materia
l/TableBody/TableBody
.js" was ignored.
node_modules/@mui/mat
erial/Paper/Paper.js 
(1:0): Module level 
directives cause 
errors when bundled, 
"use client" in "node
_modules/@mui/materia
l/Paper/Paper.js" 
was ignored.
node_modules/@mui/mat
erial/Portal/Portal.j
s (1:0): Module 
level directives 
cause errors when 
bundled, "use 
client" in "node_modu
les/@mui/material/Por
tal/Portal.js" was 
ignored.
node_modules/@mui/mat
erial/Chip/Chip.js 
(1:0): Module level 
directives cause 
errors when bundled, 
"use client" in "node
_modules/@mui/materia
l/Chip/Chip.js" was 
ignored.
node_modules/@mui/mat
erial/Drawer/Drawer.j
s (1:0): Module 
level directives 
cause errors when 
bundled, "use 
client" in "node_modu
les/@mui/material/Dra
wer/Drawer.js" was 
ignored.
node_modules/@mui/mat
erial/AvatarGroup/Ava
tarGroup.js (1:0): 
Module level 
directives cause 
errors when bundled, 
"use client" in "node
_modules/@mui/materia
l/AvatarGroup/AvatarG
roup.js" was ignored.
node_modules/@mui/mat
erial/IconButton/Icon
Button.js (1:0): 
Module level 
directives cause 
errors when bundled, 
"use client" in "node
_modules/@mui/materia
l/IconButton/IconButt
on.js" was ignored.
node_modules/@mui/mat
erial/FilledInput/Fil
ledInput.js (1:0): 
Module level 
directives cause 
errors when bundled, 
"use client" in "node
_modules/@mui/materia
l/FilledInput/FilledI
nput.js" was ignored.
node_modules/@mui/mat
erial/Popper/Popper.j
s (1:0): Module 
level directives 
cause errors when 
bundled, "use 
client" in "node_modu
les/@mui/material/Pop
per/Popper.js" was 
ignored.
node_modules/@mui/mat
erial/TableRow/TableR
ow.js (1:0): Module 
level directives 
cause errors when 
bundled, "use 
client" in "node_modu
les/@mui/material/Tab
leRow/TableRow.js" 
was ignored.
node_modules/@mui/mat
erial/TableContainer/
TableContainer.js 
(1:0): Module level 
directives cause 
errors when bundled, 
"use client" in "node
_modules/@mui/materia
l/TableContainer/Tabl
eContainer.js" was 
ignored.
node_modules/@mui/x-d
ate-pickers/DatePicke
r/DatePickerToolbar.j
s (1:0): Module 
level directives 
cause errors when 
bundled, "use 
client" in "node_modu
les/@mui/x-date-picke
rs/DatePicker/DatePic
kerToolbar.js" was 
ignored.
node_modules/@mui/mat
erial/Container/Conta
iner.js (1:0): 
Module level 
directives cause 
errors when bundled, 
"use client" in "node
_modules/@mui/materia
l/Container/Container
.js" was ignored.
node_modules/@mui/mat
erial/ButtonGroup/But
tonGroup.js (1:0): 
Module level 
directives cause 
errors when bundled, 
"use client" in "node
_modules/@mui/materia
l/ButtonGroup/ButtonG
roup.js" was ignored.
node_modules/@mui/mat
erial/Alert/Alert.js 
(1:0): Module level 
directives cause 
errors when bundled, 
"use client" in "node
_modules/@mui/materia
l/Alert/Alert.js" 
was ignored.
node_modules/@mui/mat
erial/ListItem/ListIt
em.js (1:0): Module 
level directives 
cause errors when 
bundled, "use 
client" in "node_modu
les/@mui/material/Lis
tItem/ListItem.js" 
was ignored.
node_modules/@mui/mat
erial/NoSsr/NoSsr.js 
(1:0): Module level 
directives cause 
errors when bundled, 
"use client" in "node
_modules/@mui/materia
l/NoSsr/NoSsr.js" 
was ignored.
node_modules/@mui/mat
erial/Zoom/Zoom.js 
(1:0): Module level 
directives cause 
errors when bundled, 
"use client" in "node
_modules/@mui/materia
l/Zoom/Zoom.js" was 
ignored.
node_modules/@mui/mat
erial/Tab/Tab.js 
(1:0): Module level 
directives cause 
errors when bundled, 
"use client" in "node
_modules/@mui/materia
l/Tab/Tab.js" was 
ignored.
node_modules/@mui/mat
erial/ButtonBase/Butt
onBase.js (1:0): 
Module level 
directives cause 
errors when bundled, 
"use client" in "node
_modules/@mui/materia
l/ButtonBase/ButtonBa
se.js" was ignored.
node_modules/@mui/mat
erial/Badge/Badge.js 
(1:0): Module level 
directives cause 
errors when bundled, 
"use client" in "node
_modules/@mui/materia
l/Badge/Badge.js" 
was ignored.
node_modules/@mui/mat
erial/Tabs/Tabs.js 
(1:0): Module level 
directives cause 
errors when bundled, 
"use client" in "node
_modules/@mui/materia
l/Tabs/Tabs.js" was 
ignored.
node_modules/@mui/mat
erial/BottomNavigatio
n/BottomNavigation.js
 (1:0): Module level 
directives cause 
errors when bundled, 
"use client" in "node
_modules/@mui/materia
l/BottomNavigation/Bo
ttomNavigation.js" 
was ignored.
node_modules/@mui/mat
erial/Pagination/Pagi
nation.js (1:0): 
Module level 
directives cause 
errors when bundled, 
"use client" in "node
_modules/@mui/materia
l/Pagination/Paginati
on.js" was ignored.
node_modules/@mui/mat
erial/Toolbar/Toolbar
.js (1:0): Module 
level directives 
cause errors when 
bundled, "use 
client" in "node_modu
les/@mui/material/Too
lbar/Toolbar.js" was 
ignored.
node_modules/@mui/x-d
ate-pickers/DatePicke
r/DatePicker.js 
(1:0): Module level 
directives cause 
errors when bundled, 
"use client" in "node
_modules/@mui/x-date-
pickers/DatePicker/Da
tePicker.js" was 
ignored.
node_modules/@mui/mat
erial/Modal/Modal.js 
(1:0): Module level 
directives cause 
errors when bundled, 
"use client" in "node
_modules/@mui/materia
l/Modal/Modal.js" 
was ignored.
node_modules/@mui/mat
erial/Grid/Grid.js 
(1:0): Module level 
directives cause 
errors when bundled, 
"use client" in "node
_modules/@mui/materia
l/Grid/Grid.js" was 
ignored.
node_modules/@mui/mat
erial/DialogContentTe
xt/DialogContentText.
js (1:0): Module 
level directives 
cause errors when 
bundled, "use 
client" in "node_modu
les/@mui/material/Dia
logContentText/Dialog
ContentText.js" was 
ignored.
node_modules/@mui/mat
erial/CardHeader/Card
Header.js (1:0): 
Module level 
directives cause 
errors when bundled, 
"use client" in "node
_modules/@mui/materia
l/CardHeader/CardHead
er.js" was ignored.
node_modules/@mui/mat
erial/RadioGroup/Radi
oGroup.js (1:0): 
Module level 
directives cause 
errors when bundled, 
"use client" in "node
_modules/@mui/materia
l/RadioGroup/RadioGro
up.js" was ignored.
node_modules/@mui/mat
erial/SpeedDialIcon/S
peedDialIcon.js 
(1:0): Module level 
directives cause 
errors when bundled, 
"use client" in "node
_modules/@mui/materia
l/SpeedDialIcon/Speed
DialIcon.js" was 
ignored.
node_modules/@mui/mat
erial/Card/Card.js 
(1:0): Module level 
directives cause 
errors when bundled, 
"use client" in "node
_modules/@mui/materia
l/Card/Card.js" was 
ignored.
node_modules/@mui/mat
erial/InputAdornment/
InputAdornment.js 
(1:0): Module level 
directives cause 
errors when bundled, 
"use client" in "node
_modules/@mui/materia
l/InputAdornment/Inpu
tAdornment.js" was 
ignored.
node_modules/@mui/mat
erial/Fab/Fab.js 
(1:0): Module level 
directives cause 
errors when bundled, 
"use client" in "node
_modules/@mui/materia
l/Fab/Fab.js" was 
ignored.
node_modules/@mui/mat
erial/ListItemSeconda
ryAction/ListItemSeco
ndaryAction.js 
(1:0): Module level 
directives cause 
errors when bundled, 
"use client" in "node
_modules/@mui/materia
l/ListItemSecondaryAc
tion/ListItemSecondar
yAction.js" was 
ignored.
node_modules/@mui/mat
erial/ButtonGroup/But
tonGroupButtonContext
.js (1:0): Module 
level directives 
cause errors when 
bundled, "use 
client" in "node_modu
les/@mui/material/But
tonGroup/ButtonGroupB
uttonContext.js" was 
ignored.
node_modules/@mui/mat
erial/MobileStepper/M
obileStepper.js 
(1:0): Module level 
directives cause 
errors when bundled, 
"use client" in "node
_modules/@mui/materia
l/MobileStepper/Mobil
eStepper.js" was 
ignored.
node_modules/@mui/mat
erial/NativeSelect/Na
tiveSelect.js (1:0): 
Module level 
directives cause 
errors when bundled, 
"use client" in "node
_modules/@mui/materia
l/NativeSelect/Native
Select.js" was 
ignored.
node_modules/@mui/mat
erial/Radio/Radio.js 
(1:0): Module level 
directives cause 
errors when bundled, 
"use client" in "node
_modules/@mui/materia
l/Radio/Radio.js" 
was ignored.
node_modules/@mui/mat
erial/Box/Box.js 
(1:0): Module level 
directives cause 
errors when bundled, 
"use client" in "node
_modules/@mui/materia
l/Box/Box.js" was 
ignored.
node_modules/@mui/mat
erial/Stepper/Stepper
Context.js (1:0): 
Module level 
directives cause 
errors when bundled, 
"use client" in "node
_modules/@mui/materia
l/Stepper/StepperCont
ext.js" was ignored.
node_modules/@mui/mat
erial/CardMedia/CardM
edia.js (1:0): 
Module level 
directives cause 
errors when bundled, 
"use client" in "node
_modules/@mui/materia
l/CardMedia/CardMedia
.js" was ignored.
node_modules/@mui/mat
erial/StepLabel/StepL
abel.js (1:0): 
Module level 
directives cause 
errors when bundled, 
"use client" in "node
_modules/@mui/materia
l/StepLabel/StepLabel
.js" was ignored.
node_modules/@mui/mat
erial/StepButton/Step
Button.js (1:0): 
Module level 
directives cause 
errors when bundled, 
"use client" in "node
_modules/@mui/materia
l/StepButton/StepButt
on.js" was ignored.
node_modules/@mui/mat
erial/List/List.js 
(1:0): Module level 
directives cause 
errors when bundled, 
"use client" in "node
_modules/@mui/materia
l/List/List.js" was 
ignored.
node_modules/@mui/mat
erial/Grid2/Grid2.js 
(1:0): Module level 
directives cause 
errors when bundled, 
"use client" in "node
_modules/@mui/materia
l/Grid2/Grid2.js" 
was ignored.
node_modules/@mui/mat
erial/Tooltip/Tooltip
.js (1:0): Module 
level directives 
cause errors when 
bundled, "use 
client" in "node_modu
les/@mui/material/Too
ltip/Tooltip.js" was 
ignored.
node_modules/@mui/mat
erial/Dialog/Dialog.j
s (1:0): Module 
level directives 
cause errors when 
bundled, "use 
client" in "node_modu
les/@mui/material/Dia
log/Dialog.js" was 
ignored.
node_modules/@mui/mat
erial/ListItemButton/
ListItemButton.js 
(1:0): Module level 
directives cause 
errors when bundled, 
"use client" in "node
_modules/@mui/materia
l/ListItemButton/List
ItemButton.js" was 
ignored.
node_modules/@mui/mat
erial/TableCell/Table
Cell.js (1:0): 
Module level 
directives cause 
errors when bundled, 
"use client" in "node
_modules/@mui/materia
l/TableCell/TableCell
.js" was ignored.
node_modules/@mui/mat
erial/InputBase/Input
Base.js (1:0): 
Module level 
directives cause 
errors when bundled, 
"use client" in "node
_modules/@mui/materia
l/InputBase/InputBase
.js" was ignored.
node_modules/@mui/mat
erial/TableHead/Table
Head.js (1:0): 
Module level 
directives cause 
errors when bundled, 
"use client" in "node
_modules/@mui/materia
l/TableHead/TableHead
.js" was ignored.
node_modules/@mui/mat
erial/MenuList/MenuLi
st.js (1:0): Module 
level directives 
cause errors when 
bundled, "use 
client" in "node_modu
les/@mui/material/Men
uList/MenuList.js" 
was ignored.
node_modules/@mui/mat
erial/SpeedDialAction
/SpeedDialAction.js 
(1:0): Module level 
directives cause 
errors when bundled, 
"use client" in "node
_modules/@mui/materia
l/SpeedDialAction/Spe
edDialAction.js" was 
ignored.
node_modules/@mui/mat
erial/Autocomplete/Au
tocomplete.js (1:0): 
Module level 
directives cause 
errors when bundled, 
"use client" in "node
_modules/@mui/materia
l/Autocomplete/Autoco
mplete.js" was 
ignored.
node_modules/@mui/mat
erial/ScopedCssBaseli
ne/ScopedCssBaseline.
js (1:0): Module 
level directives 
cause errors when 
bundled, "use 
client" in "node_modu
les/@mui/material/Sco
pedCssBaseline/Scoped
CssBaseline.js" was 
ignored.
node_modules/@mui/mat
erial/Skeleton/Skelet
on.js (1:0): Module 
level directives 
cause errors when 
bundled, "use 
client" in "node_modu
les/@mui/material/Ske
leton/Skeleton.js" 
was ignored.
node_modules/@mui/mat
erial/AppBar/AppBar.j
s (1:0): Module 
level directives 
cause errors when 
bundled, "use 
client" in "node_modu
les/@mui/material/App
Bar/AppBar.js" was 
ignored.
node_modules/@mui/mat
erial/FormControlLabe
l/FormControlLabel.js
 (1:0): Module level 
directives cause 
errors when bundled, 
"use client" in "node
_modules/@mui/materia
l/FormControlLabel/Fo
rmControlLabel.js" 
was ignored.
node_modules/@mui/mat
erial/GlobalStyles/Gl
obalStyles.js (1:0): 
Module level 
directives cause 
errors when bundled, 
"use client" in "node
_modules/@mui/materia
l/GlobalStyles/Global
Styles.js" was 
ignored.
node_modules/@mui/mat
erial/CardActionArea/
CardActionArea.js 
(1:0): Module level 
directives cause 
errors when bundled, 
"use client" in "node
_modules/@mui/materia
l/CardActionArea/Card
ActionArea.js" was 
ignored.
node_modules/@mui/mat
erial/StepContent/Ste
pContent.js (1:0): 
Module level 
directives cause 
errors when bundled, 
"use client" in "node
_modules/@mui/materia
l/StepContent/StepCon
tent.js" was ignored.
node_modules/@mui/mat
erial/TextareaAutosiz
e/TextareaAutosize.js
 (1:0): Module level 
directives cause 
errors when bundled, 
"use client" in "node
_modules/@mui/materia
l/TextareaAutosize/Te
xtareaAutosize.js" 
was ignored.
node_modules/@mui/mat
erial/ClickAwayListen
er/ClickAwayListener.
js (1:0): Module 
level directives 
cause errors when 
bundled, "use 
client" in "node_modu
les/@mui/material/Cli
ckAwayListener/ClickA
wayListener.js" was 
ignored.
node_modules/@mui/mat
erial/Snackbar/Snackb
ar.js (1:0): Module 
level directives 
cause errors when 
bundled, "use 
client" in "node_modu
les/@mui/material/Sna
ckbar/Snackbar.js" 
was ignored.
node_modules/@mui/mat
erial/Menu/Menu.js 
(1:0): Module level 
directives cause 
errors when bundled, 
"use client" in "node
_modules/@mui/materia
l/Menu/Menu.js" was 
ignored.
node_modules/@mui/mat
erial/DialogTitle/Dia
logTitle.js (1:0): 
Module level 
directives cause 
errors when bundled, 
"use client" in "node
_modules/@mui/materia
l/DialogTitle/DialogT
itle.js" was ignored.
node_modules/@mui/mat
erial/ListSubheader/L
istSubheader.js 
(1:0): Module level 
directives cause 
errors when bundled, 
"use client" in "node
_modules/@mui/materia
l/ListSubheader/ListS
ubheader.js" was 
ignored.
node_modules/@mui/mat
erial/Checkbox/Checkb
ox.js (1:0): Module 
level directives 
cause errors when 
bundled, "use 
client" in "node_modu
les/@mui/material/Che
ckbox/Checkbox.js" 
was ignored.
node_modules/@mui/mat
erial/AccordionSummar
y/AccordionSummary.js
 (1:0): Module level 
directives cause 
errors when bundled, 
"use client" in "node
_modules/@mui/materia
l/AccordionSummary/Ac
cordionSummary.js" 
was ignored.
node_modules/@mui/mat
erial/ToggleButtonGro
up/ToggleButtonGroup.
js (1:0): Module 
level directives 
cause errors when 
bundled, "use 
client" in "node_modu
les/@mui/material/Tog
gleButtonGroup/Toggle
ButtonGroup.js" was 
ignored.
node_modules/@mui/mat
erial/Slider/Slider.j
s (1:0): Module 
level directives 
cause errors when 
bundled, "use 
client" in "node_modu
les/@mui/material/Sli
der/Slider.js" was 
ignored.
node_modules/@mui/mat
erial/Link/Link.js 
(1:0): Module level 
directives cause 
errors when bundled, 
"use client" in "node
_modules/@mui/materia
l/Link/Link.js" was 
ignored.
node_modules/@mui/mat
erial/ListItemAvatar/
ListItemAvatar.js 
(1:0): Module level 
directives cause 
errors when bundled, 
"use client" in "node
_modules/@mui/materia
l/ListItemAvatar/List
ItemAvatar.js" was 
ignored.
node_modules/@mui/mat
erial/FormGroup/FormG
roup.js (1:0): 
Module level 
directives cause 
errors when bundled, 
"use client" in "node
_modules/@mui/materia
l/FormGroup/FormGroup
.js" was ignored.
node_modules/@mui/mat
erial/Fade/Fade.js 
(1:0): Module level 
directives cause 
errors when bundled, 
"use client" in "node
_modules/@mui/materia
l/Fade/Fade.js" was 
ignored.
node_modules/@mui/mat
erial/MenuItem/MenuIt
em.js (1:0): Module 
level directives 
cause errors when 
bundled, "use 
client" in "node_modu
les/@mui/material/Men
uItem/MenuItem.js" 
was ignored.
node_modules/@mui/mat
erial/TableSortLabel/
TableSortLabel.js 
(1:0): Module level 
directives cause 
errors when bundled, 
"use client" in "node
_modules/@mui/materia
l/TableSortLabel/Tabl
eSortLabel.js" was 
ignored.
node_modules/@mui/mat
erial/PaginationItem/
PaginationItem.js 
(1:0): Module level 
directives cause 
errors when bundled, 
"use client" in "node
_modules/@mui/materia
l/PaginationItem/Pagi
nationItem.js" was 
ignored.
node_modules/@mui/mat
erial/Collapse/Collap
se.js (1:0): Module 
level directives 
cause errors when 
bundled, "use 
client" in "node_modu
les/@mui/material/Col
lapse/Collapse.js" 
was ignored.
node_modules/@mui/mat
erial/ListItemIcon/Li
stItemIcon.js (1:0): 
Module level 
directives cause 
errors when bundled, 
"use client" in "node
_modules/@mui/materia
l/ListItemIcon/ListIt
emIcon.js" was 
ignored.
node_modules/@mui/mat
erial/Step/Step.js 
(1:0): Module level 
directives cause 
errors when bundled, 
"use client" in "node
_modules/@mui/materia
l/Step/Step.js" was 
ignored.
node_modules/@mui/mat
erial/TablePagination
/TablePagination.js 
(1:0): Module level 
directives cause 
errors when bundled, 
"use client" in "node
_modules/@mui/materia
l/TablePagination/Tab
lePagination.js" was 
ignored.
node_modules/@mui/mat
erial/useAutocomplete
/useAutocomplete.js 
(1:0): Module level 
directives cause 
errors when bundled, 
"use client" in "node
_modules/@mui/materia
l/useAutocomplete/use
Autocomplete.js" was 
ignored.
node_modules/@mui/mat
erial/SpeedDial/Speed
Dial.js (1:0): 
Module level 
directives cause 
errors when bundled, 
"use client" in "node
_modules/@mui/materia
l/SpeedDial/SpeedDial
.js" was ignored.
node_modules/@mui/mat
erial/AccordionAction
s/AccordionActions.js
 (1:0): Module level 
directives cause 
errors when bundled, 
"use client" in "node
_modules/@mui/materia
l/AccordionActions/Ac
cordionActions.js" 
was ignored.
node_modules/@mui/mat
erial/CssBaseline/Css
Baseline.js (1:0): 
Module level 
directives cause 
errors when bundled, 
"use client" in "node
_modules/@mui/materia
l/CssBaseline/CssBase
line.js" was ignored.
node_modules/@mui/mat
erial/Icon/Icon.js 
(1:0): Module level 
directives cause 
errors when bundled, 
"use client" in "node
_modules/@mui/materia
l/Icon/Icon.js" was 
ignored.
node_modules/@mui/mat
erial/CircularProgres
s/CircularProgress.js
 (1:0): Module level 
directives cause 
errors when bundled, 
"use client" in "node
_modules/@mui/materia
l/CircularProgress/Ci
rcularProgress.js" 
was ignored.
node_modules/@mui/mat
erial/Accordion/Accor
dion.js (1:0): 
Module level 
directives cause 
errors when bundled, 
"use client" in "node
_modules/@mui/materia
l/Accordion/Accordion
.js" was ignored.
node_modules/@mui/mat
erial/SvgIcon/SvgIcon
.js (1:0): Module 
level directives 
cause errors when 
bundled, "use 
client" in "node_modu
les/@mui/material/Svg
Icon/SvgIcon.js" was 
ignored.
node_modules/@mui/mat
erial/Popover/Popover
.js (1:0): Module 
level directives 
cause errors when 
bundled, "use 
client" in "node_modu
les/@mui/material/Pop
over/Popover.js" was 
ignored.
node_modules/@mui/mat
erial/CardActions/Car
dActions.js (1:0): 
Module level 
directives cause 
errors when bundled, 
"use client" in "node
_modules/@mui/materia
l/CardActions/CardAct
ions.js" was ignored.
node_modules/@mui/mat
erial/SnackbarContent
/SnackbarContent.js 
(1:0): Module level 
directives cause 
errors when bundled, 
"use client" in "node
_modules/@mui/materia
l/SnackbarContent/Sna
ckbarContent.js" was 
ignored.
node_modules/@mui/mat
erial/FormLabel/FormL
abel.js (1:0): 
Module level 
directives cause 
errors when bundled, 
"use client" in "node
_modules/@mui/materia
l/FormLabel/FormLabel
.js" was ignored.
node_modules/@mui/mat
erial/SwipeableDrawer
/SwipeableDrawer.js 
(1:0): Module level 
directives cause 
errors when bundled, 
"use client" in "node
_modules/@mui/materia
l/SwipeableDrawer/Swi
peableDrawer.js" was 
ignored.
node_modules/@mui/mat
erial/Slide/Slide.js 
(1:0): Module level 
directives cause 
errors when bundled, 
"use client" in "node
_modules/@mui/materia
l/Slide/Slide.js" 
was ignored.
node_modules/@mui/mat
erial/Hidden/Hidden.j
s (1:0): Module 
level directives 
cause errors when 
bundled, "use 
client" in "node_modu
les/@mui/material/Hid
den/Hidden.js" was 
ignored.
node_modules/@mui/mat
erial/Switch/Switch.j
s (1:0): Module 
level directives 
cause errors when 
bundled, "use 
client" in "node_modu
les/@mui/material/Swi
tch/Switch.js" was 
ignored.
node_modules/@mui/mat
erial/Step/StepContex
t.js (1:0): Module 
level directives 
cause errors when 
bundled, "use 
client" in "node_modu
les/@mui/material/Ste
p/StepContext.js" 
was ignored.
node_modules/@mui/mat
erial/TabScrollButton
/TabScrollButton.js 
(1:0): Module level 
directives cause 
errors when bundled, 
"use client" in "node
_modules/@mui/materia
l/TabScrollButton/Tab
ScrollButton.js" was 
ignored.
node_modules/@mui/mat
erial/TableFooter/Tab
leFooter.js (1:0): 
Module level 
directives cause 
errors when bundled, 
"use client" in "node
_modules/@mui/materia
l/TableFooter/TableFo
oter.js" was ignored.
node_modules/@mui/mat
erial/CardContent/Car
dContent.js (1:0): 
Module level 
directives cause 
errors when bundled, 
"use client" in "node
_modules/@mui/materia
l/CardContent/CardCon
tent.js" was ignored.
node_modules/@mui/mat
erial/Backdrop/Backdr
op.js (1:0): Module 
level directives 
cause errors when 
bundled, "use 
client" in "node_modu
les/@mui/material/Bac
kdrop/Backdrop.js" 
was ignored.
node_modules/@mui/mat
erial/AlertTitle/Aler
tTitle.js (1:0): 
Module level 
directives cause 
errors when bundled, 
"use client" in "node
_modules/@mui/materia
l/AlertTitle/AlertTit
le.js" was ignored.
node_modules/@mui/mat
erial/ImageList/Image
List.js (1:0): 
Module level 
directives cause 
errors when bundled, 
"use client" in "node
_modules/@mui/materia
l/ImageList/ImageList
.js" was ignored.
node_modules/@mui/mat
erial/StepIcon/StepIc
on.js (1:0): Module 
level directives 
cause errors when 
bundled, "use 
client" in "node_modu
les/@mui/material/Ste
pIcon/StepIcon.js" 
was ignored.
node_modules/@mui/mat
erial/Stepper/Stepper
.js (1:0): Module 
level directives 
cause errors when 
bundled, "use 
client" in "node_modu
les/@mui/material/Ste
pper/Stepper.js" was 
ignored.
node_modules/@mui/mat
erial/ToggleButton/To
ggleButton.js (1:0): 
Module level 
directives cause 
errors when bundled, 
"use client" in "node
_modules/@mui/materia
l/ToggleButton/Toggle
Button.js" was 
ignored.
node_modules/@mui/mat
erial/Divider/Divider
.js (1:0): Module 
level directives 
cause errors when 
bundled, "use 
client" in "node_modu
les/@mui/material/Div
ider/Divider.js" was 
ignored.
node_modules/@mui/mat
erial/LinearProgress/
LinearProgress.js 
(1:0): Module level 
directives cause 
errors when bundled, 
"use client" in "node
_modules/@mui/materia
l/LinearProgress/Line
arProgress.js" was 
ignored.
node_modules/@mui/mat
erial/BottomNavigatio
nAction/BottomNavigat
ionAction.js (1:0): 
Module level 
directives cause 
errors when bundled, 
"use client" in "node
_modules/@mui/materia
l/BottomNavigationAct
ion/BottomNavigationA
ction.js" was 
ignored.
node_modules/@mui/mat
erial/Stack/Stack.js 
(1:0): Module level 
directives cause 
errors when bundled, 
"use client" in "node
_modules/@mui/materia
l/Stack/Stack.js" 
was ignored.
node_modules/@mui/mat
erial/AccordionDetail
s/AccordionDetails.js
 (1:0): Module level 
directives cause 
errors when bundled, 
"use client" in "node
_modules/@mui/materia
l/AccordionDetails/Ac
cordionDetails.js" 
was ignored.
node_modules/@mui/mat
erial/ImageListItemBa
r/ImageListItemBar.js
 (1:0): Module level 
directives cause 
errors when bundled, 
"use client" in "node
_modules/@mui/materia
l/ImageListItemBar/Im
ageListItemBar.js" 
was ignored.
node_modules/@mui/mat
erial/Unstable_TrapFo
cus/FocusTrap.js 
(1:0): Module level 
directives cause 
errors when bundled, 
"use client" in "node
_modules/@mui/materia
l/Unstable_TrapFocus/
FocusTrap.js" was 
ignored.
node_modules/@mui/mat
erial/ListItemText/Li
stItemText.js (1:0): 
Module level 
directives cause 
errors when bundled, 
"use client" in "node
_modules/@mui/materia
l/ListItemText/ListIt
emText.js" was 
ignored.
node_modules/@mui/mat
erial/StepConnector/S
tepConnector.js 
(1:0): Module level 
directives cause 
errors when bundled, 
"use client" in "node
_modules/@mui/materia
l/StepConnector/StepC
onnector.js" was 
ignored.
node_modules/@mui/mat
erial/ImageListItem/I
mageListItem.js 
(1:0): Module level 
directives cause 
errors when bundled, 
"use client" in "node
_modules/@mui/materia
l/ImageListItem/Image
ListItem.js" was 
ignored.
node_modules/@mui/mat
erial/Input/Input.js 
(1:0): Module level 
directives cause 
errors when bundled, 
"use client" in "node
_modules/@mui/materia
l/Input/Input.js" 
was ignored.
node_modules/@mui/mat
erial/OutlinedInput/O
utlinedInput.js 
(1:0): Module level 
directives cause 
errors when bundled, 
"use client" in "node
_modules/@mui/materia
l/OutlinedInput/Outli
nedInput.js" was 
ignored.
node_modules/@mui/mat
erial/Rating/Rating.j
s (1:0): Module 
level directives 
cause errors when 
bundled, "use 
client" in "node_modu
les/@mui/material/Rat
ing/Rating.js" was 
ignored.
node_modules/@mui/uti
ls/esm/useEnhancedEff
ect/useEnhancedEffect
.js (1:0): Module 
level directives 
cause errors when 
bundled, "use 
client" in "node_modu
les/@mui/utils/esm/us
eEnhancedEffect/useEn
hancedEffect.js" was 
ignored.
node_modules/@mui/uti
ls/esm/useId/useId.js
 (1:0): Module level 
directives cause 
errors when bundled, 
"use client" in "node
_modules/@mui/utils/e
sm/useId/useId.js" 
was ignored.
node_modules/@mui/uti
ls/esm/useForkRef/use
ForkRef.js (1:0): 
Module level 
directives cause 
errors when bundled, 
"use client" in "node
_modules/@mui/utils/e
sm/useForkRef/useFork
Ref.js" was ignored.
node_modules/@mui/uti
ls/esm/useIsFocusVisi
ble/useIsFocusVisible
.js (1:0): Module 
level directives 
cause errors when 
bundled, "use 
client" in "node_modu
les/@mui/utils/esm/us
eIsFocusVisible/useIs
FocusVisible.js" was 
ignored.
node_modules/@mui/uti
ls/esm/useEventCallba
ck/useEventCallback.j
s (1:0): Module 
level directives 
cause errors when 
bundled, "use 
client" in "node_modu
les/@mui/utils/esm/us
eEventCallback/useEve
ntCallback.js" was 
ignored.
node_modules/@mui/uti
ls/esm/useOnMount/use
OnMount.js (1:0): 
Module level 
directives cause 
errors when bundled, 
"use client" in "node
_modules/@mui/utils/e
sm/useOnMount/useOnMo
unt.js" was ignored.
node_modules/@mui/uti
ls/esm/useTimeout/use
Timeout.js (1:0): 
Module level 
directives cause 
errors when bundled, 
"use client" in "node
_modules/@mui/utils/e
sm/useTimeout/useTime
out.js" was ignored.
node_modules/@mui/uti
ls/esm/useLazyRef/use
LazyRef.js (1:0): 
Module level 
directives cause 
errors when bundled, 
"use client" in "node
_modules/@mui/utils/e
sm/useLazyRef/useLazy
Ref.js" was ignored.
node_modules/@mui/uti
ls/esm/usePreviousPro
ps/usePreviousProps.j
s (1:0): Module 
level directives 
cause errors when 
bundled, "use 
client" in "node_modu
les/@mui/utils/esm/us
ePreviousProps/usePre
viousProps.js" was 
ignored.
node_modules/@mui/uti
ls/esm/useSlotProps/u
seSlotProps.js 
(1:0): Module level 
directives cause 
errors when bundled, 
"use client" in "node
_modules/@mui/utils/e
sm/useSlotProps/useSl
otProps.js" was 
ignored.
node_modules/@mui/mat
erial/utils/createSvg
Icon.js (1:0): 
Module level 
directives cause 
errors when bundled, 
"use client" in "node
_modules/@mui/materia
l/utils/createSvgIcon
.js" was ignored.
node_modules/@mui/mat
erial/styles/ThemePro
viderWithVars.js 
(1:0): Module level 
directives cause 
errors when bundled, 
"use client" in "node
_modules/@mui/materia
l/styles/ThemeProvide
rWithVars.js" was 
ignored.
node_modules/@mui/mat
erial/styles/useTheme
.js (1:0): Module 
level directives 
cause errors when 
bundled, "use 
client" in "node_modu
les/@mui/material/sty
les/useTheme.js" was 
ignored.
node_modules/@mui/x-d
ata-grid/components/G
ridApiContext.js 
(1:0): Module level 
directives cause 
errors when bundled, 
"use client" in "node
_modules/@mui/x-data-
grid/components/GridA
piContext.js" was 
ignored.
node_modules/@mui/mat
erial/styles/defaultT
heme.js (1:0): 
Module level 
directives cause 
errors when bundled, 
"use client" in "node
_modules/@mui/materia
l/styles/defaultTheme
.js" was ignored.
node_modules/@mui/mat
erial/styles/ThemePro
viderNoVars.js 
(1:0): Module level 
directives cause 
errors when bundled, 
"use client" in "node
_modules/@mui/materia
l/styles/ThemeProvide
rNoVars.js" was 
ignored.
node_modules/@mui/mat
erial/FormControl/For
mControlContext.js 
(1:0): Module level 
directives cause 
errors when bundled, 
"use client" in "node
_modules/@mui/materia
l/FormControl/FormCon
trolContext.js" was 
ignored.
node_modules/@mui/uti
ls/esm/useControlled/
useControlled.js 
(1:0): Module level 
directives cause 
errors when bundled, 
"use client" in "node
_modules/@mui/utils/e
sm/useControlled/useC
ontrolled.js" was 
ignored.
node_modules/@mui/x-d
ata-grid/context/Grid
RootPropsContext.js 
(1:0): Module level 
directives cause 
errors when bundled, 
"use client" in "node
_modules/@mui/x-data-
grid/context/GridRoot
PropsContext.js" was 
ignored.
node_modules/@mui/sys
tem/esm/useMediaQuery
/useMediaQuery.js 
(1:0): Module level 
directives cause 
errors when bundled, 
"use client" in "node
_modules/@mui/system/
esm/useMediaQuery/use
MediaQuery.js" was 
ignored.
node_modules/@mui/x-d
ata-grid/components/G
ridRow.js (1:0): 
Module level 
directives cause 
errors when bundled, 
"use client" in "node
_modules/@mui/x-data-
grid/components/GridR
ow.js" was ignored.
node_modules/@mui/mat
erial/RadioGroup/Radi
oGroupContext.js 
(1:0): Module level 
directives cause 
errors when bundled, 
"use client" in "node
_modules/@mui/materia
l/RadioGroup/RadioGro
upContext.js" was 
ignored.
node_modules/@mui/x-d
ata-grid/DataGrid/Dat
aGrid.js (1:0): 
Module level 
directives cause 
errors when bundled, 
"use client" in "node
_modules/@mui/x-data-
grid/DataGrid/DataGri
d.js" was ignored.
node_modules/@mui/mat
erial/internal/svg-ic
ons/ArrowDropDown.js 
(1:0): Module level 
directives cause 
errors when bundled, 
"use client" in "node
_modules/@mui/materia
l/internal/svg-icons/
ArrowDropDown.js" 
was ignored.
node_modules/@mui/mat
erial/internal/svg-ic
ons/Person.js (1:0): 
Module level 
directives cause 
errors when bundled, 
"use client" in "node
_modules/@mui/materia
l/internal/svg-icons/
Person.js" was 
ignored.
node_modules/@mui/mat
erial/utils/useSlot.j
s (1:0): Module 
level directives 
cause errors when 
bundled, "use 
client" in "node_modu
les/@mui/material/uti
ls/useSlot.js" was 
ignored.
node_modules/@mui/mat
erial/internal/svg-ic
ons/Cancel.js (1:0): 
Module level 
directives cause 
errors when bundled, 
"use client" in "node
_modules/@mui/materia
l/internal/svg-icons/
Cancel.js" was 
ignored.
node_modules/@mui/x-d
ate-pickers/hooks/use
PickersTranslations.j
s (1:0): Module 
level directives 
cause errors when 
bundled, "use 
client" in "node_modu
les/@mui/x-date-picke
rs/hooks/usePickersTr
anslations.js" was 
ignored.
node_modules/@mui/mat
erial/internal/svg-ic
ons/ReportProblemOutl
ined.js (1:0): 
Module level 
directives cause 
errors when bundled, 
"use client" in "node
_modules/@mui/materia
l/internal/svg-icons/
ReportProblemOutlined
.js" was ignored.
node_modules/@mui/mat
erial/internal/svg-ic
ons/SuccessOutlined.j
s (1:0): Module 
level directives 
cause errors when 
bundled, "use 
client" in "node_modu
les/@mui/material/int
ernal/svg-icons/Succe
ssOutlined.js" was 
ignored.
node_modules/@mui/mat
erial/internal/svg-ic
ons/ErrorOutline.js 
(1:0): Module level 
directives cause 
errors when bundled, 
"use client" in "node
_modules/@mui/materia
l/internal/svg-icons/
ErrorOutline.js" was 
ignored.
node_modules/@mui/mat
erial/internal/svg-ic
ons/InfoOutlined.js 
(1:0): Module level 
directives cause 
errors when bundled, 
"use client" in "node
_modules/@mui/materia
l/internal/svg-icons/
InfoOutlined.js" was 
ignored.
node_modules/@mui/mat
erial/internal/svg-ic
ons/Close.js (1:0): 
Module level 
directives cause 
errors when bundled, 
"use client" in "node
_modules/@mui/materia
l/internal/svg-icons/
Close.js" was 
ignored.
node_modules/@mui/mat
erial/useLazyRipple/i
ndex.js (1:0): 
Module level 
directives cause 
errors when bundled, 
"use client" in "node
_modules/@mui/materia
l/useLazyRipple/index
.js" was ignored.
node_modules/@mui/mat
erial/Badge/useBadge.
js (1:0): Module 
level directives 
cause errors when 
bundled, "use 
client" in "node_modu
les/@mui/material/Bad
ge/useBadge.js" was 
ignored.
node_modules/@mui/mat
erial/Modal/useModal.
js (1:0): Module 
level directives 
cause errors when 
bundled, "use 
client" in "node_modu
les/@mui/material/Mod
al/useModal.js" was 
ignored.
node_modules/@mui/mat
erial/internal/svg-ic
ons/Add.js (1:0): 
Module level 
directives cause 
errors when bundled, 
"use client" in "node
_modules/@mui/materia
l/internal/svg-icons/
Add.js" was ignored.
node_modules/@mui/mat
erial/Snackbar/useSna
ckbar.js (1:0): 
Module level 
directives cause 
errors when bundled, 
"use client" in "node
_modules/@mui/materia
l/Snackbar/useSnackba
r.js" was ignored.
node_modules/@mui/mat
erial/internal/svg-ic
ons/CheckBox.js 
(1:0): Module level 
directives cause 
errors when bundled, 
"use client" in "node
_modules/@mui/materia
l/internal/svg-icons/
CheckBox.js" was 
ignored.
node_modules/@mui/mat
erial/internal/svg-ic
ons/CheckBoxOutlineBl
ank.js (1:0): Module 
level directives 
cause errors when 
bundled, "use 
client" in "node_modu
les/@mui/material/int
ernal/svg-icons/Check
BoxOutlineBlank.js" 
was ignored.
node_modules/@mui/mat
erial/internal/svg-ic
ons/IndeterminateChec
kBox.js (1:0): 
Module level 
directives cause 
errors when bundled, 
"use client" in "node
_modules/@mui/materia
l/internal/svg-icons/
IndeterminateCheckBox
.js" was ignored.
node_modules/@mui/mat
erial/internal/svg-ic
ons/ArrowDownward.js 
(1:0): Module level 
directives cause 
errors when bundled, 
"use client" in "node
_modules/@mui/materia
l/internal/svg-icons/
ArrowDownward.js" 
was ignored.
node_modules/@mui/mat
erial/Slider/useSlide
r.js (1:0): Module 
level directives 
cause errors when 
bundled, "use 
client" in "node_modu
les/@mui/material/Sli
der/useSlider.js" 
was ignored.
node_modules/@mui/mat
erial/internal/svg-ic
ons/FirstPage.js 
(1:0): Module level 
directives cause 
errors when bundled, 
"use client" in "node
_modules/@mui/materia
l/internal/svg-icons/
FirstPage.js" was 
ignored.
node_modules/@mui/mat
erial/internal/svg-ic
ons/NavigateBefore.js
 (1:0): Module level 
directives cause 
errors when bundled, 
"use client" in "node
_modules/@mui/materia
l/internal/svg-icons/
NavigateBefore.js" 
was ignored.
node_modules/@mui/mat
erial/internal/svg-ic
ons/NavigateNext.js 
(1:0): Module level 
directives cause 
errors when bundled, 
"use client" in "node
_modules/@mui/materia
l/internal/svg-icons/
NavigateNext.js" was 
ignored.
node_modules/@mui/mat
erial/internal/svg-ic
ons/LastPage.js 
(1:0): Module level 
directives cause 
errors when bundled, 
"use client" in "node
_modules/@mui/materia
l/internal/svg-icons/
LastPage.js" was 
ignored.
node_modules/@mui/mat
erial/internal/svg-ic
ons/KeyboardArrowLeft
.js (1:0): Module 
level directives 
cause errors when 
bundled, "use 
client" in "node_modu
les/@mui/material/int
ernal/svg-icons/Keybo
ardArrowLeft.js" was 
ignored.
node_modules/@mui/mat
erial/internal/svg-ic
ons/KeyboardArrowRigh
t.js (1:0): Module 
level directives 
cause errors when 
bundled, "use 
client" in "node_modu
les/@mui/material/int
ernal/svg-icons/Keybo
ardArrowRight.js" 
was ignored.
node_modules/@mui/mat
erial/internal/svg-ic
ons/CheckCircle.js 
(1:0): Module level 
directives cause 
errors when bundled, 
"use client" in "node
_modules/@mui/materia
l/internal/svg-icons/
CheckCircle.js" was 
ignored.
node_modules/@mui/mat
erial/internal/svg-ic
ons/Warning.js 
(1:0): Module level 
directives cause 
errors when bundled, 
"use client" in "node
_modules/@mui/materia
l/internal/svg-icons/
Warning.js" was 
ignored.
node_modules/@mui/mat
erial/internal/svg-ic
ons/StarBorder.js 
(1:0): Module level 
directives cause 
errors when bundled, 
"use client" in "node
_modules/@mui/materia
l/internal/svg-icons/
StarBorder.js" was 
ignored.
node_modules/@mui/mat
erial/internal/svg-ic
ons/Star.js (1:0): 
Module level 
directives cause 
errors when bundled, 
"use client" in "node
_modules/@mui/materia
l/internal/svg-icons/
Star.js" was ignored.
node_modules/@mui/mat
erial/Dialog/DialogCo
ntext.js (1:0): 
Module level 
directives cause 
errors when bundled, 
"use client" in "node
_modules/@mui/materia
l/Dialog/DialogContex
t.js" was ignored.
node_modules/@mui/mat
erial/Grid/GridContex
t.js (1:0): Module 
level directives 
cause errors when 
bundled, "use 
client" in "node_modu
les/@mui/material/Gri
d/GridContext.js" 
was ignored.
node_modules/@mui/mat
erial/Breadcrumbs/Bre
adcrumbCollapsed.js 
(1:0): Module level 
directives cause 
errors when bundled, 
"use client" in "node
_modules/@mui/materia
l/Breadcrumbs/Breadcr
umbCollapsed.js" was 
ignored.
node_modules/@mui/mat
erial/ToggleButtonGro
up/ToggleButtonGroupC
ontext.js (1:0): 
Module level 
directives cause 
errors when bundled, 
"use client" in "node
_modules/@mui/materia
l/ToggleButtonGroup/T
oggleButtonGroupConte
xt.js" was ignored.
node_modules/@mui/mat
erial/Table/Tablelvl2
Context.js (1:0): 
Module level 
directives cause 
errors when bundled, 
"use client" in "node
_modules/@mui/materia
l/Table/Tablelvl2Cont
ext.js" was ignored.
node_modules/@mui/mat
erial/Accordion/Accor
dionContext.js 
(1:0): Module level 
directives cause 
errors when bundled, 
"use client" in "node
_modules/@mui/materia
l/Accordion/Accordion
Context.js" was 
ignored.
node_modules/@mui/mat
erial/List/ListContex
t.js (1:0): Module 
level directives 
cause errors when 
bundled, "use 
client" in "node_modu
les/@mui/material/Lis
t/ListContext.js" 
was ignored.
node_modules/@mui/mat
erial/ImageList/Image
ListContext.js 
(1:0): Module level 
directives cause 
errors when bundled, 
"use client" in "node
_modules/@mui/materia
l/ImageList/ImageList
Context.js" was 
ignored.
node_modules/@mui/mat
erial/ToggleButtonGro
up/ToggleButtonGroupB
uttonContext.js 
(1:0): Module level 
directives cause 
errors when bundled, 
"use client" in "node
_modules/@mui/materia
l/ToggleButtonGroup/T
oggleButtonGroupButto
nContext.js" was 
ignored.
node_modules/@mui/mat
erial/Table/TableCont
ext.js (1:0): Module 
level directives 
cause errors when 
bundled, "use 
client" in "node_modu
les/@mui/material/Tab
le/TableContext.js" 
was ignored.
node_modules/@mui/mat
erial/Tabs/ScrollbarS
ize.js (1:0): Module 
level directives 
cause errors when 
bundled, "use 
client" in "node_modu
les/@mui/material/Tab
s/ScrollbarSize.js" 
was ignored.
node_modules/@mui/mat
erial/Radio/RadioButt
onIcon.js (1:0): 
Module level 
directives cause 
errors when bundled, 
"use client" in "node
_modules/@mui/materia
l/Radio/RadioButtonIc
on.js" was ignored.
node_modules/@mui/mat
erial/SwipeableDrawer
/SwipeArea.js (1:0): 
Module level 
directives cause 
errors when bundled, 
"use client" in "node
_modules/@mui/materia
l/SwipeableDrawer/Swi
peArea.js" was 
ignored.
node_modules/@mui/sys
tem/esm/RtlProvider/i
ndex.js (1:0): 
Module level 
directives cause 
errors when bundled, 
"use client" in "node
_modules/@mui/system/
esm/RtlProvider/index
.js" was ignored.
node_modules/@mui/mat
erial/Hidden/HiddenCs
s.js (1:0): Module 
level directives 
cause errors when 
bundled, "use 
client" in "node_modu
les/@mui/material/Hid
den/HiddenCss.js" 
was ignored.
node_modules/@mui/mat
erial/Slider/SliderVa
lueLabel.js (1:0): 
Module level 
directives cause 
errors when bundled, 
"use client" in "node
_modules/@mui/materia
l/Slider/SliderValueL
abel.js" was ignored.
node_modules/@mui/mat
erial/Hidden/HiddenJs
.js (1:0): Module 
level directives 
cause errors when 
bundled, "use 
client" in "node_modu
les/@mui/material/Hid
den/HiddenJs.js" was 
ignored.
node_modules/@mui/mat
erial/internal/Switch
Base.js (1:0): 
Module level 
directives cause 
errors when bundled, 
"use client" in "node
_modules/@mui/materia
l/internal/SwitchBase
.js" was ignored.
node_modules/@mui/mat
erial/NativeSelect/Na
tiveSelectInput.js 
(1:0): Module level 
directives cause 
errors when bundled, 
"use client" in "node
_modules/@mui/materia
l/NativeSelect/Native
SelectInput.js" was 
ignored.
node_modules/@mui/mat
erial/ButtonBase/Touc
hRipple.js (1:0): 
Module level 
directives cause 
errors when bundled, 
"use client" in "node
_modules/@mui/materia
l/ButtonBase/TouchRip
ple.js" was ignored.
node_modules/@mui/mat
erial/TablePagination
/TablePaginationActio
ns.js (1:0): Module 
level directives 
cause errors when 
bundled, "use 
client" in "node_modu
les/@mui/material/Tab
lePagination/TablePag
inationActions.js" 
was ignored.
node_modules/@mui/mat
erial/Popper/BasePopp
er.js (1:0): Module 
level directives 
cause errors when 
bundled, "use 
client" in "node_modu
les/@mui/material/Pop
per/BasePopper.js" 
was ignored.
node_modules/@mui/mat
erial/Select/SelectIn
put.js (1:0): Module 
level directives 
cause errors when 
bundled, "use 
client" in "node_modu
les/@mui/material/Sel
ect/SelectInput.js" 
was ignored.
node_modules/@mui/mat
erial/OutlinedInput/N
otchedOutline.js 
(1:0): Module level 
directives cause 
errors when bundled, 
"use client" in "node
_modules/@mui/materia
l/OutlinedInput/Notch
edOutline.js" was 
ignored.
node_modules/@mui/x-d
ata-grid/components/G
ridConfigurationConte
xt.js (1:0): Module 
level directives 
cause errors when 
bundled, "use 
client" in "node_modu
les/@mui/x-data-grid/
components/GridConfig
urationContext.js" 
was ignored.
node_modules/@mui/sys
tem/esm/useThemeProps
/useThemeProps.js 
(1:0): Module level 
directives cause 
errors when bundled, 
"use client" in "node
_modules/@mui/system/
esm/useThemeProps/use
ThemeProps.js" was 
ignored.
node_modules/@mui/x-d
ate-pickers/MobileDat
ePicker/MobileDatePic
ker.js (1:0): Module 
level directives 
cause errors when 
bundled, "use 
client" in "node_modu
les/@mui/x-date-picke
rs/MobileDatePicker/M
obileDatePicker.js" 
was ignored.
node_modules/@mui/mat
erial/useLazyRipple/u
seLazyRipple.js 
(1:0): Module level 
directives cause 
errors when bundled, 
"use client" in "node
_modules/@mui/materia
l/useLazyRipple/useLa
zyRipple.js" was 
ignored.
node_modules/@mui/x-d
ate-pickers/DesktopDa
tePicker/DesktopDateP
icker.js (1:0): 
Module level 
directives cause 
errors when bundled, 
"use client" in "node
_modules/@mui/x-date-
pickers/DesktopDatePi
cker/DesktopDatePicke
r.js" was ignored.
node_modules/@mui/mat
erial/internal/svg-ic
ons/RadioButtonUnchec
ked.js (1:0): Module 
level directives 
cause errors when 
bundled, "use 
client" in "node_modu
les/@mui/material/int
ernal/svg-icons/Radio
ButtonUnchecked.js" 
was ignored.
node_modules/@mui/mat
erial/internal/svg-ic
ons/RadioButtonChecke
d.js (1:0): Module 
level directives 
cause errors when 
bundled, "use 
client" in "node_modu
les/@mui/material/int
ernal/svg-icons/Radio
ButtonChecked.js" 
was ignored.
node_modules/@mui/mat
erial/internal/svg-ic
ons/MoreHoriz.js 
(1:0): Module level 
directives cause 
errors when bundled, 
"use client" in "node
_modules/@mui/materia
l/internal/svg-icons/
MoreHoriz.js" was 
ignored.
node_modules/@mui/sys
tem/esm/Grid/Grid.js 
(1:0): Module level 
directives cause 
errors when bundled, 
"use client" in "node
_modules/@mui/system/
esm/Grid/Grid.js" 
was ignored.
node_modules/@mui/sys
tem/esm/Stack/Stack.j
s (1:0): Module 
level directives 
cause errors when 
bundled, "use 
client" in "node_modu
les/@mui/system/esm/S
tack/Stack.js" was 
ignored.
node_modules/@mui/mat
erial/DefaultPropsPro
vider/DefaultPropsPro
vider.js (1:0): 
Module level 
directives cause 
errors when bundled, 
"use client" in "node
_modules/@mui/materia
l/DefaultPropsProvide
r/DefaultPropsProvide
r.js" was ignored.
node_modules/@mui/sys
tem/esm/cssVars/creat
eCssVarsProvider.js 
(1:0): Module level 
directives cause 
errors when bundled, 
"use client" in "node
_modules/@mui/system/
esm/cssVars/createCss
VarsProvider.js" was 
ignored.
node_modules/@mui/sys
tem/esm/createBox/cre
ateBox.js (1:0): 
Module level 
directives cause 
errors when bundled, 
"use client" in "node
_modules/@mui/system/
esm/createBox/createB
ox.js" was ignored.
node_modules/@mui/sys
tem/esm/useTheme/useT
heme.js (1:0): 
Module level 
directives cause 
errors when bundled, 
"use client" in "node
_modules/@mui/system/
esm/useTheme/useTheme
.js" was ignored.
node_modules/@mui/sys
tem/esm/useThemeWitho
utDefault/useThemeWit
houtDefault.js 
(1:0): Module level 
directives cause 
errors when bundled, 
"use client" in "node
_modules/@mui/system/
esm/useThemeWithoutDe
fault/useThemeWithout
Default.js" was 
ignored.
node_modules/@mui/mat
erial/ButtonBase/Ripp
le.js (1:0): Module 
level directives 
cause errors when 
bundled, "use 
client" in "node_modu
les/@mui/material/But
tonBase/Ripple.js" 
was ignored.
node_modules/@mui/mat
erial/Hidden/withWidt
h.js (1:0): Module 
level directives 
cause errors when 
bundled, "use 
client" in "node_modu
les/@mui/material/Hid
den/withWidth.js" 
was ignored.
node_modules/@mui/sys
tem/esm/Container/Con
tainer.js (1:0): 
Module level 
directives cause 
errors when bundled, 
"use client" in "node
_modules/@mui/system/
esm/Container/Contain
er.js" was ignored.
node_modules/@mui/sys
tem/esm/ThemeProvider
/ThemeProvider.js 
(1:0): Module level 
directives cause 
errors when bundled, 
"use client" in "node
_modules/@mui/system/
esm/ThemeProvider/The
meProvider.js" was 
ignored.
node_modules/@mui/sys
tem/esm/Box/Box.js 
(1:0): Module level 
directives cause 
errors when bundled, 
"use client" in "node
_modules/@mui/system/
esm/Box/Box.js" was 
ignored.
node_modules/@mui/sys
tem/esm/GlobalStyles/
GlobalStyles.js 
(1:0): Module level 
directives cause 
errors when bundled, 
"use client" in "node
_modules/@mui/system/
esm/GlobalStyles/Glob
alStyles.js" was 
ignored.
node_modules/@mui/sys
tem/esm/cssVars/useCu
rrentColorScheme.js 
(1:0): Module level 
directives cause 
errors when bundled, 
"use client" in "node
_modules/@mui/system/
esm/cssVars/useCurren
tColorScheme.js" was 
ignored.
node_modules/@mui/x-d
ata-grid/components/G
ridScrollArea.js 
(1:0): Module level 
directives cause 
errors when bundled, 
"use client" in "node
_modules/@mui/x-data-
grid/components/GridS
crollArea.js" was 
ignored.
node_modules/@mui/x-d
ate-pickers/DateField
/useDateField.js 
(1:0): Module level 
directives cause 
errors when bundled, 
"use client" in "node
_modules/@mui/x-date-
pickers/DateField/use
DateField.js" was 
ignored.
node_modules/@mui/x-d
ate-pickers/validatio
n/useValidation.js 
(1:0): Module level 
directives cause 
errors when bundled, 
"use client" in "node
_modules/@mui/x-date-
pickers/validation/us
eValidation.js" was 
ignored.
node_modules/@mui/sys
tem/esm/DefaultPropsP
rovider/DefaultPropsP
rovider.js (1:0): 
Module level 
directives cause 
errors when bundled, 
"use client" in "node
_modules/@mui/system/
esm/DefaultPropsProvi
der/DefaultPropsProvi
der.js" was ignored.
node_modules/@mui/sty
led-engine/GlobalStyl
es/GlobalStyles.js 
(1:0): Module level 
directives cause 
errors when bundled, 
"use client" in "node
_modules/@mui/styled-
engine/GlobalStyles/G
lobalStyles.js" was 
ignored.
node_modules/@mui/sty
led-engine/StyledEngi
neProvider/StyledEngi
neProvider.js (1:0): 
Module level 
directives cause 
errors when bundled, 
"use client" in "node
_modules/@mui/styled-
engine/StyledEnginePr
ovider/StyledEnginePr
ovider.js" was 
ignored.
node_modules/@mui/x-d
ate-pickers/DateField
/DateField.js (1:0): 
Module level 
directives cause 
errors when bundled, 
"use client" in "node
_modules/@mui/x-date-
pickers/DateField/Dat
eField.js" was 
ignored.
node_modules/@mui/x-d
ate-pickers/hooks/use
SplitFieldProps.js 
(1:0): Module level 
directives cause 
errors when bundled, 
"use client" in "node
_modules/@mui/x-date-
pickers/hooks/useSpli
tFieldProps.js" was 
ignored.
node_modules/@mui/x-d
ate-pickers/hooks/use
PickersContext.js 
(1:0): Module level 
directives cause 
errors when bundled, 
"use client" in "node
_modules/@mui/x-date-
pickers/hooks/usePick
ersContext.js" was 
ignored.
node_modules/@mui/x-d
ate-pickers/hooks/use
ClearableField.js 
(1:0): Module level 
directives cause 
errors when bundled, 
"use client" in "node
_modules/@mui/x-date-
pickers/hooks/useClea
rableField.js" was 
ignored.
node_modules/@mui/x-d
ate-pickers/hooks/use
ParsedFormat.js 
(1:0): Module level 
directives cause 
errors when bundled, 
"use client" in "node
_modules/@mui/x-date-
pickers/hooks/usePars
edFormat.js" was 
ignored.
node_modules/@mui/x-d
ate-pickers/PickersLa
yout/usePickerLayout.
js (1:0): Module 
level directives 
cause errors when 
bundled, "use 
client" in "node_modu
les/@mui/x-date-picke
rs/PickersLayout/useP
ickerLayout.js" was 
ignored.
node_modules/@mui/pri
vate-theming/useTheme
/ThemeContext.js 
(1:0): Module level 
directives cause 
errors when bundled, 
"use client" in "node
_modules/@mui/private
-theming/useTheme/The
meContext.js" was 
ignored.
node_modules/@mui/x-d
ate-pickers/PickersLa
yout/PickersLayout.js
 (1:0): Module level 
directives cause 
errors when bundled, 
"use client" in "node
_modules/@mui/x-date-
pickers/PickersLayout
/PickersLayout.js" 
was ignored.
node_modules/@mui/x-d
ate-pickers/DateCalen
dar/DateCalendar.js 
(1:0): Module level 
directives cause 
errors when bundled, 
"use client" in "node
_modules/@mui/x-date-
pickers/DateCalendar/
DateCalendar.js" was 
ignored.
node_modules/@mui/x-d
ate-pickers/PickersTe
xtField/PickersTextFi
eld.js (1:0): Module 
level directives 
cause errors when 
bundled, "use 
client" in "node_modu
les/@mui/x-date-picke
rs/PickersTextField/P
ickersTextField.js" 
was ignored.
node_modules/@mui/x-d
ate-pickers/DateCalen
dar/useCalendarState.
js (1:0): Module 
level directives 
cause errors when 
bundled, "use 
client" in "node_modu
les/@mui/x-date-picke
rs/DateCalendar/useCa
lendarState.js" was 
ignored.
node_modules/@mui/x-d
ate-pickers/DateCalen
dar/DayCalendar.js 
(1:0): Module level 
directives cause 
errors when bundled, 
"use client" in "node
_modules/@mui/x-date-
pickers/DateCalendar/
DayCalendar.js" was 
ignored.
node_modules/@mui/x-d
ate-pickers/PickersSh
ortcuts/PickersShortc
uts.js (1:0): Module 
level directives 
cause errors when 
bundled, "use 
client" in "node_modu
les/@mui/x-date-picke
rs/PickersShortcuts/P
ickersShortcuts.js" 
was ignored.
node_modules/@mui/x-d
ate-pickers/PickersAc
tionBar/PickersAction
Bar.js (1:0): Module 
level directives 
cause errors when 
bundled, "use 
client" in "node_modu
les/@mui/x-date-picke
rs/PickersActionBar/P
ickersActionBar.js" 
was ignored.
node_modules/@mui/x-d
ate-pickers/DateCalen
dar/useIsDateDisabled
.js (1:0): Module 
level directives 
cause errors when 
bundled, "use 
client" in "node_modu
les/@mui/x-date-picke
rs/DateCalendar/useIs
DateDisabled.js" was 
ignored.
node_modules/@mui/x-d
ate-pickers/YearCalen
dar/YearCalendar.js 
(1:0): Module level 
directives cause 
errors when bundled, 
"use client" in "node
_modules/@mui/x-date-
pickers/YearCalendar/
YearCalendar.js" was 
ignored.
node_modules/@mui/x-d
ate-pickers/MonthCale
ndar/MonthCalendar.js
 (1:0): Module level 
directives cause 
errors when bundled, 
"use client" in "node
_modules/@mui/x-date-
pickers/MonthCalendar
/MonthCalendar.js" 
was ignored.
node_modules/@mui/x-d
ate-pickers/PickersCa
lendarHeader/PickersC
alendarHeader.js 
(1:0): Module level 
directives cause 
errors when bundled, 
"use client" in "node
_modules/@mui/x-date-
pickers/PickersCalend
arHeader/PickersCalen
darHeader.js" was 
ignored.
node_modules/@mui/x-d
ate-pickers/PickersDa
y/PickersDay.js 
(1:0): Module level 
directives cause 
errors when bundled, 
"use client" in "node
_modules/@mui/x-date-
pickers/PickersDay/Pi
ckersDay.js" was 
ignored.
node_modules/@mui/x-d
ate-pickers/PickersSe
ctionList/PickersSect
ionList.js (1:0): 
Module level 
directives cause 
errors when bundled, 
"use client" in "node
_modules/@mui/x-date-
pickers/PickersSectio
nList/PickersSectionL
ist.js" was ignored.
[32mÔ£ô[39m 14672 modules transformed.
rendering chunks...
computing gzip size...
[2mdist/[22m[32mregisterSW.js                 [39m[1m[2m    0.14 kB[22m[1m[22m
[2mdist/[22m[32mmanifest.webmanifest          [39m[1m[2m    0.31 kB[22m[1m[22m
[2mdist/[22m[32mindex.html                    [39m[1m[2m    0.69 kB[22m[1m[22m[2m Ôöé gzip:     0.42 kB[22m
[2mdist/[22m[35massets/index-DVuKNZOx.css     [39m[1m[2m   44.61 kB[22m[1m[22m[2m Ôöé gzip:     8.46 kB[22m
[2mdist/[22m[36massets/purify.es-aGzT-_H7.js  [39m[1m[2m   22.15 kB[22m[1m[22m[2m Ôöé gzip:     8.67 kB[22m
[2mdist/[22m[36massets/vendor-DfZXRQEr.js     [39m[1m[2m  141.91 kB[22m[1m[22m[2m Ôöé gzip:    45.62 kB[22m
[2mdist/[22m[36massets/index.es-fGpC9gii.js   [39m[1m[2m  150.01 kB[22m[1m[22m[2m Ôöé gzip:    51.29 kB[22m
[2mdist/[22m[36massets/index-bCtV479L.js      [39m[1m[33m3,569.32 kB[39m[22m[2m Ôöé gzip: 1,042.23 kB[22m
[33m
(!) Some chunks are 
larger than 500 kB 
after minification. 
Consider:
- Using dynamic 
import() to 
code-split the 
application
- Use build.rollupOpt
ions.output.manualChu
nks to improve 
chunking: https://rol
lupjs.org/configurati
on-options/#output-ma
nualchunks
- Adjust chunk size 
limit for this 
warning via build.chu
nkSizeWarningLimit.[
39m
[32mÔ£ô built in 17.59s[39m
[31merror during 
build:
Error: 
  Configure "workbox.
maximumFileSizeToCach
eInBytes" to change 
the limit: the 
default value is 2 
MiB.
  Check https://vite-
pwa-org.netlify.app/g
uide/faq.html#missing
-assets-from-sw-preca
che-manifest for 
more information.
  Assets exceeding 
the limit:
  - assets/index-bCtV
479L.js is 3.6 MB, 
and won't be 
precached.

    at 
logWorkboxResult 
(C:\perso\suivie 
online 130425\suivie2
9092025\hyper-V\suivi
e\suivie\node_modules
\vite-plugin-pwa\dist
\index.cjs:353:13)
    at generateServic
eWorker 
(C:\perso\suivie 
online 130425\suivie2
9092025\hyper-V\suivi
e\suivie\node_modules
\vite-plugin-pwa\dist
\index.cjs:1083:3)
    at async 
_generateSW 
(C:\perso\suivie 
online 130425\suivie2
9092025\hyper-V\suivi
e\suivie\node_modules
\vite-plugin-pwa\dist
\index.cjs:1108:5)
    at async 
Object.handler 
(C:\perso\suivie 
online 130425\suivie2
9092025\hyper-V\suivi
e\suivie\node_modules
\vite-plugin-pwa\dist
\index.cjs:1303:13)
    at async PluginDr
iver.hookParallel (fi
le:///C:/perso/suivie
%20online%20130425/su
ivie29092025/hyper-V/
suivie/suivie/node_mo
dules/rollup/dist/es/
shared/node-entry.js:
22329:17)
    at async 
Object.close (file://
/C:/perso/suivie%20on
line%20130425/suivie2
9092025/hyper-V/suivi
e/suivie/node_modules
/rollup/dist/es/share
d/node-entry.js:23346
:13)
    at async build (f
ile:///C:/perso/suivi
e%20online%20130425/s
uivie29092025/hyper-V
/suivie/suivie/node_m
odules/vite/dist/node
/chunks/dep-BK3b2jBa.
js:65732:17)
    at async 
CAC.<anonymous> (file
:///C:/perso/suivie%2
0online%20130425/suiv
ie29092025/hyper-V/su
ivie/suivie/node_modu
les/vite/dist/node/cl
i.js:829:5)[39m
